[2026-09-10T14:28:07.491+0000] {taskinstance.py:1979} INFO - Dependencies all met for dep_context=non-requeueable deps ti=<TaskInstance: pipeline_vertex_batch.carga_analitica manual__2026-09-10T14:28:01.200573+00:00 [queued]>
[2026-09-10T14:28:07.503+0000] {taskinstance.py:1979} INFO - Dependencies all met for dep_context=requeueable deps ti=<TaskInstance: pipeline_vertex_batch.carga_analitica manual__2026-09-10T14:28:01.200573+00:00 [queued]>
[2026-09-10T14:28:07.504+0000] {taskinstance.py:2193} INFO - Starting attempt 1 of 1
[2026-09-10T14:28:07.519+0000] {taskinstance.py:2214} INFO - Executing <Task(PythonOperator): carga_analitica> on 2026-09-10 14:28:01.200573+00:00
[2026-09-10T14:28:07.527+0000] {standard_task_runner.py:60} INFO - Started process 122 to run task
[2026-09-10T14:28:07.533+0000] {standard_task_runner.py:87} INFO - Running: ['***', 'tasks', 'run', 'pipeline_vertex_batch', 'carga_analitica', 'manual__2026-09-10T14:28:01.200573+00:00', '--job-id', '91', '--raw', '--subdir', 'DAGS_FOLDER/dag_vertex_batch.py', '--cfg-path', '/tmp/tmpe_hb9_ul']
[2026-09-10T14:28:07.535+0000] {standard_task_runner.py:88} INFO - Job 91: Subtask carga_analitica
[2026-09-10T14:28:07.601+0000] {task_command.py:423} INFO - Running <TaskInstance: pipeline_vertex_batch.carga_analitica manual__2026-09-10T14:28:01.200573+00:00 [running]> on host dbc10f61da2b
[2026-09-10T14:28:07.706+0000] {taskinstance.py:2510} INFO - Exporting env vars: AIRFLOW_CTX_DAG_OWNER='equipe_vertex' AIRFLOW_CTX_DAG_ID='pipeline_vertex_batch' AIRFLOW_CTX_TASK_ID='carga_analitica' AIRFLOW_CTX_EXECUTION_DATE='2026-09-10T14:28:01.200573+00:00' AIRFLOW_CTX_TRY_NUMBER='1' AIRFLOW_CTX_DAG_RUN_ID='manual__2026-09-10T14:28:01.200573+00:00'
[2026-09-10T14:28:07.708+0000] {logging_mixin.py:188} INFO - Iniciando Carga Analítica (Camada Serving)...
[2026-09-10T14:28:07.752+0000] {logging_mixin.py:188} INFO -   Indicadores anuais (EPC/PPC) calculados: 2580 linhas.
[2026-09-10T14:28:08.094+0000] {logging_mixin.py:188} INFO -   [Oracle] Iniciando carga em SERVING_INDICADORES_ANUAIS...
[2026-09-10T14:28:08.262+0000] {logging_mixin.py:188} INFO -   [Oracle] Carga real concluída: 2580 linhas em SERVING_INDICADORES_ANUAIS.
[2026-09-10T14:28:08.299+0000] {logging_mixin.py:188} INFO -   Indicador APC calculado: 643 municípios.
[2026-09-10T14:28:08.503+0000] {logging_mixin.py:188} INFO -   [Oracle] Iniciando carga em SERVING_INDICADOR_APC...
[2026-09-10T14:28:08.642+0000] {logging_mixin.py:188} INFO -   [Oracle] Carga real concluída: 643 linhas em SERVING_INDICADOR_APC.
[2026-09-10T14:28:08.658+0000] {logging_mixin.py:188} INFO - Carga Analítica concluída. Dados persistidos no Oracle.
[2026-09-10T14:28:08.659+0000] {python.py:202} INFO - Done. Returned value was: None
[2026-09-10T14:28:08.671+0000] {taskinstance.py:1149} INFO - Marking task as SUCCESS. dag_id=pipeline_vertex_batch, task_id=carga_analitica, execution_date=20260910T142801, start_date=20260910T142807, end_date=20260910T142808
[2026-09-10T14:28:08.711+0000] {local_task_job_runner.py:234} INFO - Task exited with return code 0
[2026-09-10T14:28:08.734+0000] {taskinstance.py:3309} INFO - 1 downstream tasks scheduled from follow-on schedule check
