[2026-09-10T14:28:10.826+0000] {taskinstance.py:1979} INFO - Dependencies all met for dep_context=non-requeueable deps ti=<TaskInstance: pipeline_vertex_batch.indice_final_subutilizacao manual__2026-09-10T14:28:01.200573+00:00 [queued]>
[2026-09-10T14:28:10.843+0000] {taskinstance.py:1979} INFO - Dependencies all met for dep_context=requeueable deps ti=<TaskInstance: pipeline_vertex_batch.indice_final_subutilizacao manual__2026-09-10T14:28:01.200573+00:00 [queued]>
[2026-09-10T14:28:10.844+0000] {taskinstance.py:2193} INFO - Starting attempt 1 of 1
[2026-09-10T14:28:10.866+0000] {taskinstance.py:2214} INFO - Executing <Task(PythonOperator): indice_final_subutilizacao> on 2026-09-10 14:28:01.200573+00:00
[2026-09-10T14:28:10.879+0000] {standard_task_runner.py:60} INFO - Started process 125 to run task
[2026-09-10T14:28:10.883+0000] {standard_task_runner.py:87} INFO - Running: ['***', 'tasks', 'run', 'pipeline_vertex_batch', 'indice_final_subutilizacao', 'manual__2026-09-10T14:28:01.200573+00:00', '--job-id', '92', '--raw', '--subdir', 'DAGS_FOLDER/dag_vertex_batch.py', '--cfg-path', '/tmp/tmp3daevkvj']
[2026-09-10T14:28:10.887+0000] {standard_task_runner.py:88} INFO - Job 92: Subtask indice_final_subutilizacao
[2026-09-10T14:28:10.979+0000] {task_command.py:423} INFO - Running <TaskInstance: pipeline_vertex_batch.indice_final_subutilizacao manual__2026-09-10T14:28:01.200573+00:00 [running]> on host dbc10f61da2b
[2026-09-10T14:28:11.110+0000] {taskinstance.py:2510} INFO - Exporting env vars: AIRFLOW_CTX_DAG_OWNER='equipe_vertex' AIRFLOW_CTX_DAG_ID='pipeline_vertex_batch' AIRFLOW_CTX_TASK_ID='indice_final_subutilizacao' AIRFLOW_CTX_EXECUTION_DATE='2026-09-10T14:28:01.200573+00:00' AIRFLOW_CTX_TRY_NUMBER='1' AIRFLOW_CTX_DAG_RUN_ID='manual__2026-09-10T14:28:01.200573+00:00'
[2026-09-10T14:28:11.114+0000] {logging_mixin.py:188} INFO - Iniciando cálculo do Índice Final de Subutilização...
[2026-09-10T14:28:11.180+0000] {logging_mixin.py:188} INFO -   Índice final calculado para 643 municípios.
[2026-09-10T14:28:11.181+0000] {logging_mixin.py:188} INFO -   Top 5 municípios com maior indício de subutilização:
[2026-09-10T14:28:11.189+0000] {logging_mixin.py:188} INFO - nome_municipio  indice_subutilizacao
          LINS              0.580105
       POMPEIA              0.495616
 FERNANDOPOLIS              0.480847
     ITUVERAVA              0.444492
      ORLANDIA              0.425763
[2026-09-10T14:28:11.438+0000] {logging_mixin.py:188} INFO -   [Oracle] Iniciando carga em INDICE_SUBUTILIZACAO...
[2026-09-10T14:28:11.533+0000] {logging_mixin.py:188} INFO -   [Oracle] Carga real concluída: 643 linhas em INDICE_SUBUTILIZACAO.
[2026-09-10T14:28:11.547+0000] {logging_mixin.py:188} INFO - Cálculo do índice final concluído. Dados disponíveis para o Dashboard VERTEX (APEX).
[2026-09-10T14:28:11.549+0000] {python.py:202} INFO - Done. Returned value was: None
[2026-09-10T14:28:11.566+0000] {taskinstance.py:1149} INFO - Marking task as SUCCESS. dag_id=pipeline_vertex_batch, task_id=indice_final_subutilizacao, execution_date=20260910T142801, start_date=20260910T142810, end_date=20260910T142811
[2026-09-10T14:28:11.619+0000] {local_task_job_runner.py:234} INFO - Task exited with return code 0
[2026-09-10T14:28:11.647+0000] {taskinstance.py:3309} INFO - 0 downstream tasks scheduled from follow-on schedule check
