[2026-09-10T14:13:06.033+0000] {taskinstance.py:1979} INFO - Dependencies all met for dep_context=non-requeueable deps ti=<TaskInstance: pipeline_vertex_batch.indice_final_subutilizacao manual__2026-09-10T14:12:56.390922+00:00 [queued]>
[2026-09-10T14:13:06.052+0000] {taskinstance.py:1979} INFO - Dependencies all met for dep_context=requeueable deps ti=<TaskInstance: pipeline_vertex_batch.indice_final_subutilizacao manual__2026-09-10T14:12:56.390922+00:00 [queued]>
[2026-09-10T14:13:06.055+0000] {taskinstance.py:2193} INFO - Starting attempt 1 of 1
[2026-09-10T14:13:06.086+0000] {taskinstance.py:2214} INFO - Executing <Task(PythonOperator): indice_final_subutilizacao> on 2026-09-10 14:12:56.390922+00:00
[2026-09-10T14:13:06.097+0000] {standard_task_runner.py:60} INFO - Started process 111 to run task
[2026-09-10T14:13:06.103+0000] {standard_task_runner.py:87} INFO - Running: ['***', 'tasks', 'run', 'pipeline_vertex_batch', 'indice_final_subutilizacao', 'manual__2026-09-10T14:12:56.390922+00:00', '--job-id', '70', '--raw', '--subdir', 'DAGS_FOLDER/dag_vertex_batch.py', '--cfg-path', '/tmp/tmpku41u8ao']
[2026-09-10T14:13:06.105+0000] {standard_task_runner.py:88} INFO - Job 70: Subtask indice_final_subutilizacao
[2026-09-10T14:13:06.179+0000] {task_command.py:423} INFO - Running <TaskInstance: pipeline_vertex_batch.indice_final_subutilizacao manual__2026-09-10T14:12:56.390922+00:00 [running]> on host dbc10f61da2b
[2026-09-10T14:13:06.263+0000] {taskinstance.py:2510} INFO - Exporting env vars: AIRFLOW_CTX_DAG_OWNER='equipe_vertex' AIRFLOW_CTX_DAG_ID='pipeline_vertex_batch' AIRFLOW_CTX_TASK_ID='indice_final_subutilizacao' AIRFLOW_CTX_EXECUTION_DATE='2026-09-10T14:12:56.390922+00:00' AIRFLOW_CTX_TRY_NUMBER='1' AIRFLOW_CTX_DAG_RUN_ID='manual__2026-09-10T14:12:56.390922+00:00'
[2026-09-10T14:13:06.266+0000] {logging_mixin.py:188} INFO - Iniciando cálculo do Índice Final de Subutilização...
[2026-09-10T14:13:06.309+0000] {logging_mixin.py:188} INFO -   Índice final calculado para 643 municípios.
[2026-09-10T14:13:06.310+0000] {logging_mixin.py:188} INFO -   Top 5 municípios com maior indício de subutilização:
[2026-09-10T14:13:06.320+0000] {logging_mixin.py:188} INFO - nome_municipio  indice_subutilizacao
          LINS              0.580105
       POMPEIA              0.495616
 FERNANDOPOLIS              0.480847
     ITUVERAVA              0.444492
      ORLANDIA              0.425763
[2026-09-10T14:13:06.661+0000] {logging_mixin.py:188} INFO -   [Oracle] Carga real concluída: 643 linhas em INDICE_SUBUTILIZACAO.
[2026-09-10T14:13:06.663+0000] {logging_mixin.py:188} INFO - Cálculo do índice final concluído. Pronto para consumo pelo Dashboard VERTEX (APEX).
[2026-09-10T14:13:06.664+0000] {python.py:202} INFO - Done. Returned value was: None
[2026-09-10T14:13:06.679+0000] {taskinstance.py:1149} INFO - Marking task as SUCCESS. dag_id=pipeline_vertex_batch, task_id=indice_final_subutilizacao, execution_date=20260910T141256, start_date=20260910T141306, end_date=20260910T141306
[2026-09-10T14:13:06.719+0000] {local_task_job_runner.py:234} INFO - Task exited with return code 0
[2026-09-10T14:13:06.739+0000] {taskinstance.py:3309} INFO - 0 downstream tasks scheduled from follow-on schedule check
