[2026-09-08T13:44:40.925+0000] {processor.py:161} INFO - Started process (PID=70) to work on /opt/airflow/dags/dag_vertex_pipeline.py
[2026-09-08T13:44:40.928+0000] {processor.py:830} INFO - Processing file /opt/airflow/dags/dag_vertex_pipeline.py for tasks to queue
[2026-09-08T13:44:40.933+0000] {logging_mixin.py:188} INFO - [2026-09-08T13:44:40.933+0000] {dagbag.py:540} INFO - Filling up the DagBag from /opt/airflow/dags/dag_vertex_pipeline.py
[2026-09-08T13:44:41.899+0000] {processor.py:840} INFO - DAG(s) 'pipeline_vertex_etl' retrieved from /opt/airflow/dags/dag_vertex_pipeline.py
[2026-09-08T13:44:42.382+0000] {logging_mixin.py:188} INFO - [2026-09-08T13:44:42.382+0000] {dag.py:3047} INFO - Sync 1 DAGs
[2026-09-08T13:44:42.425+0000] {logging_mixin.py:188} INFO - [2026-09-08T13:44:42.425+0000] {dag.py:3834} INFO - Setting next_dagrun for pipeline_vertex_etl to 2026-09-01 00:00:00+00:00, run_after=2026-10-01 00:00:00+00:00
[2026-09-08T13:44:42.495+0000] {processor.py:183} INFO - Processing /opt/airflow/dags/dag_vertex_pipeline.py took 1.578 seconds
[2026-09-08T13:45:12.719+0000] {processor.py:161} INFO - Started process (PID=133) to work on /opt/airflow/dags/dag_vertex_pipeline.py
[2026-09-08T13:45:12.721+0000] {processor.py:830} INFO - Processing file /opt/airflow/dags/dag_vertex_pipeline.py for tasks to queue
[2026-09-08T13:45:12.724+0000] {logging_mixin.py:188} INFO - [2026-09-08T13:45:12.723+0000] {dagbag.py:540} INFO - Filling up the DagBag from /opt/airflow/dags/dag_vertex_pipeline.py
[2026-09-08T13:45:13.492+0000] {processor.py:840} INFO - DAG(s) 'pipeline_vertex_etl' retrieved from /opt/airflow/dags/dag_vertex_pipeline.py
[2026-09-08T13:45:13.532+0000] {logging_mixin.py:188} INFO - [2026-09-08T13:45:13.531+0000] {dag.py:3047} INFO - Sync 1 DAGs
[2026-09-08T13:45:13.570+0000] {logging_mixin.py:188} INFO - [2026-09-08T13:45:13.570+0000] {dag.py:3834} INFO - Setting next_dagrun for pipeline_vertex_etl to 2026-09-01 00:00:00+00:00, run_after=2026-10-01 00:00:00+00:00
[2026-09-08T13:45:13.606+0000] {processor.py:183} INFO - Processing /opt/airflow/dags/dag_vertex_pipeline.py took 0.892 seconds
[2026-09-08T13:45:44.369+0000] {processor.py:161} INFO - Started process (PID=191) to work on /opt/airflow/dags/dag_vertex_pipeline.py
[2026-09-08T13:45:44.371+0000] {processor.py:830} INFO - Processing file /opt/airflow/dags/dag_vertex_pipeline.py for tasks to queue
[2026-09-08T13:45:44.383+0000] {logging_mixin.py:188} INFO - [2026-09-08T13:45:44.383+0000] {dagbag.py:540} INFO - Filling up the DagBag from /opt/airflow/dags/dag_vertex_pipeline.py
[2026-09-08T13:45:45.561+0000] {processor.py:840} INFO - DAG(s) 'pipeline_vertex_etl' retrieved from /opt/airflow/dags/dag_vertex_pipeline.py
[2026-09-08T13:45:45.628+0000] {logging_mixin.py:188} INFO - [2026-09-08T13:45:45.627+0000] {dag.py:3047} INFO - Sync 1 DAGs
[2026-09-08T13:45:45.717+0000] {logging_mixin.py:188} INFO - [2026-09-08T13:45:45.716+0000] {dag.py:3834} INFO - Setting next_dagrun for pipeline_vertex_etl to 2026-09-01 00:00:00+00:00, run_after=2026-10-01 00:00:00+00:00
[2026-09-08T13:45:45.778+0000] {processor.py:183} INFO - Processing /opt/airflow/dags/dag_vertex_pipeline.py took 1.415 seconds
[2026-09-08T13:46:15.984+0000] {processor.py:161} INFO - Started process (PID=254) to work on /opt/airflow/dags/dag_vertex_pipeline.py
[2026-09-08T13:46:15.986+0000] {processor.py:830} INFO - Processing file /opt/airflow/dags/dag_vertex_pipeline.py for tasks to queue
[2026-09-08T13:46:15.990+0000] {logging_mixin.py:188} INFO - [2026-09-08T13:46:15.990+0000] {dagbag.py:540} INFO - Filling up the DagBag from /opt/airflow/dags/dag_vertex_pipeline.py
[2026-09-08T13:46:16.360+0000] {processor.py:840} INFO - DAG(s) 'pipeline_vertex_etl' retrieved from /opt/airflow/dags/dag_vertex_pipeline.py
[2026-09-08T13:46:16.389+0000] {logging_mixin.py:188} INFO - [2026-09-08T13:46:16.388+0000] {dag.py:3047} INFO - Sync 1 DAGs
[2026-09-08T13:46:16.422+0000] {logging_mixin.py:188} INFO - [2026-09-08T13:46:16.422+0000] {dag.py:3834} INFO - Setting next_dagrun for pipeline_vertex_etl to 2026-09-01 00:00:00+00:00, run_after=2026-10-01 00:00:00+00:00
[2026-09-08T13:46:16.448+0000] {processor.py:183} INFO - Processing /opt/airflow/dags/dag_vertex_pipeline.py took 0.470 seconds
[2026-09-08T13:46:46.995+0000] {processor.py:161} INFO - Started process (PID=311) to work on /opt/airflow/dags/dag_vertex_pipeline.py
[2026-09-08T13:46:47.005+0000] {processor.py:830} INFO - Processing file /opt/airflow/dags/dag_vertex_pipeline.py for tasks to queue
[2026-09-08T13:46:47.008+0000] {logging_mixin.py:188} INFO - [2026-09-08T13:46:47.008+0000] {dagbag.py:540} INFO - Filling up the DagBag from /opt/airflow/dags/dag_vertex_pipeline.py
[2026-09-08T13:46:47.364+0000] {processor.py:840} INFO - DAG(s) 'pipeline_vertex_etl' retrieved from /opt/airflow/dags/dag_vertex_pipeline.py
[2026-09-08T13:46:47.395+0000] {logging_mixin.py:188} INFO - [2026-09-08T13:46:47.394+0000] {dag.py:3047} INFO - Sync 1 DAGs
[2026-09-08T13:46:47.426+0000] {logging_mixin.py:188} INFO - [2026-09-08T13:46:47.425+0000] {dag.py:3834} INFO - Setting next_dagrun for pipeline_vertex_etl to 2026-09-01 00:00:00+00:00, run_after=2026-10-01 00:00:00+00:00
[2026-09-08T13:46:47.450+0000] {processor.py:183} INFO - Processing /opt/airflow/dags/dag_vertex_pipeline.py took 0.460 seconds
[2026-09-08T13:47:17.687+0000] {processor.py:161} INFO - Started process (PID=374) to work on /opt/airflow/dags/dag_vertex_pipeline.py
[2026-09-08T13:47:17.688+0000] {processor.py:830} INFO - Processing file /opt/airflow/dags/dag_vertex_pipeline.py for tasks to queue
[2026-09-08T13:47:17.692+0000] {logging_mixin.py:188} INFO - [2026-09-08T13:47:17.691+0000] {dagbag.py:540} INFO - Filling up the DagBag from /opt/airflow/dags/dag_vertex_pipeline.py
[2026-09-08T13:47:18.076+0000] {processor.py:840} INFO - DAG(s) 'pipeline_vertex_etl' retrieved from /opt/airflow/dags/dag_vertex_pipeline.py
[2026-09-08T13:47:18.102+0000] {logging_mixin.py:188} INFO - [2026-09-08T13:47:18.102+0000] {dag.py:3047} INFO - Sync 1 DAGs
[2026-09-08T13:47:18.298+0000] {logging_mixin.py:188} INFO - [2026-09-08T13:47:18.297+0000] {dag.py:3834} INFO - Setting next_dagrun for pipeline_vertex_etl to 2026-09-01 00:00:00+00:00, run_after=2026-10-01 00:00:00+00:00
[2026-09-08T13:47:18.317+0000] {processor.py:183} INFO - Processing /opt/airflow/dags/dag_vertex_pipeline.py took 0.635 seconds
[2026-09-08T13:47:48.915+0000] {processor.py:161} INFO - Started process (PID=431) to work on /opt/airflow/dags/dag_vertex_pipeline.py
[2026-09-08T13:47:48.917+0000] {processor.py:830} INFO - Processing file /opt/airflow/dags/dag_vertex_pipeline.py for tasks to queue
[2026-09-08T13:47:48.920+0000] {logging_mixin.py:188} INFO - [2026-09-08T13:47:48.919+0000] {dagbag.py:540} INFO - Filling up the DagBag from /opt/airflow/dags/dag_vertex_pipeline.py
[2026-09-08T13:47:49.312+0000] {processor.py:840} INFO - DAG(s) 'pipeline_vertex_etl' retrieved from /opt/airflow/dags/dag_vertex_pipeline.py
[2026-09-08T13:47:49.342+0000] {logging_mixin.py:188} INFO - [2026-09-08T13:47:49.342+0000] {dag.py:3047} INFO - Sync 1 DAGs
[2026-09-08T13:47:49.569+0000] {logging_mixin.py:188} INFO - [2026-09-08T13:47:49.569+0000] {dag.py:3834} INFO - Setting next_dagrun for pipeline_vertex_etl to 2026-09-01 00:00:00+00:00, run_after=2026-10-01 00:00:00+00:00
[2026-09-08T13:47:49.591+0000] {processor.py:183} INFO - Processing /opt/airflow/dags/dag_vertex_pipeline.py took 0.681 seconds
[2026-09-08T13:48:19.649+0000] {processor.py:161} INFO - Started process (PID=491) to work on /opt/airflow/dags/dag_vertex_pipeline.py
[2026-09-08T13:48:19.651+0000] {processor.py:830} INFO - Processing file /opt/airflow/dags/dag_vertex_pipeline.py for tasks to queue
[2026-09-08T13:48:19.654+0000] {logging_mixin.py:188} INFO - [2026-09-08T13:48:19.654+0000] {dagbag.py:540} INFO - Filling up the DagBag from /opt/airflow/dags/dag_vertex_pipeline.py
[2026-09-08T13:48:20.149+0000] {processor.py:840} INFO - DAG(s) 'pipeline_vertex_etl' retrieved from /opt/airflow/dags/dag_vertex_pipeline.py
[2026-09-08T13:48:20.505+0000] {logging_mixin.py:188} INFO - [2026-09-08T13:48:20.504+0000] {dag.py:3047} INFO - Sync 1 DAGs
[2026-09-08T13:48:20.546+0000] {logging_mixin.py:188} INFO - [2026-09-08T13:48:20.545+0000] {dag.py:3834} INFO - Setting next_dagrun for pipeline_vertex_etl to 2026-09-01 00:00:00+00:00, run_after=2026-10-01 00:00:00+00:00
[2026-09-08T13:48:20.600+0000] {processor.py:183} INFO - Processing /opt/airflow/dags/dag_vertex_pipeline.py took 0.956 seconds
[2026-09-08T13:48:50.790+0000] {processor.py:161} INFO - Started process (PID=548) to work on /opt/airflow/dags/dag_vertex_pipeline.py
[2026-09-08T13:48:50.793+0000] {processor.py:830} INFO - Processing file /opt/airflow/dags/dag_vertex_pipeline.py for tasks to queue
[2026-09-08T13:48:50.797+0000] {logging_mixin.py:188} INFO - [2026-09-08T13:48:50.797+0000] {dagbag.py:540} INFO - Filling up the DagBag from /opt/airflow/dags/dag_vertex_pipeline.py
[2026-09-08T13:48:51.157+0000] {processor.py:840} INFO - DAG(s) 'pipeline_vertex_etl' retrieved from /opt/airflow/dags/dag_vertex_pipeline.py
[2026-09-08T13:48:51.183+0000] {logging_mixin.py:188} INFO - [2026-09-08T13:48:51.183+0000] {dag.py:3047} INFO - Sync 1 DAGs
[2026-09-08T13:48:51.395+0000] {logging_mixin.py:188} INFO - [2026-09-08T13:48:51.395+0000] {dag.py:3834} INFO - Setting next_dagrun for pipeline_vertex_etl to 2026-09-01 00:00:00+00:00, run_after=2026-10-01 00:00:00+00:00
[2026-09-08T13:48:51.419+0000] {processor.py:183} INFO - Processing /opt/airflow/dags/dag_vertex_pipeline.py took 0.636 seconds
[2026-09-08T13:49:21.932+0000] {processor.py:161} INFO - Started process (PID=608) to work on /opt/airflow/dags/dag_vertex_pipeline.py
[2026-09-08T13:49:21.933+0000] {processor.py:830} INFO - Processing file /opt/airflow/dags/dag_vertex_pipeline.py for tasks to queue
[2026-09-08T13:49:21.936+0000] {logging_mixin.py:188} INFO - [2026-09-08T13:49:21.936+0000] {dagbag.py:540} INFO - Filling up the DagBag from /opt/airflow/dags/dag_vertex_pipeline.py
[2026-09-08T13:49:22.272+0000] {processor.py:840} INFO - DAG(s) 'pipeline_vertex_etl' retrieved from /opt/airflow/dags/dag_vertex_pipeline.py
[2026-09-08T13:49:22.302+0000] {logging_mixin.py:188} INFO - [2026-09-08T13:49:22.301+0000] {dag.py:3047} INFO - Sync 1 DAGs
[2026-09-08T13:49:22.501+0000] {logging_mixin.py:188} INFO - [2026-09-08T13:49:22.501+0000] {dag.py:3834} INFO - Setting next_dagrun for pipeline_vertex_etl to 2026-09-01 00:00:00+00:00, run_after=2026-10-01 00:00:00+00:00
[2026-09-08T13:49:22.523+0000] {processor.py:183} INFO - Processing /opt/airflow/dags/dag_vertex_pipeline.py took 0.595 seconds
[2026-09-08T13:49:53.116+0000] {processor.py:161} INFO - Started process (PID=666) to work on /opt/airflow/dags/dag_vertex_pipeline.py
[2026-09-08T13:49:53.118+0000] {processor.py:830} INFO - Processing file /opt/airflow/dags/dag_vertex_pipeline.py for tasks to queue
[2026-09-08T13:49:53.121+0000] {logging_mixin.py:188} INFO - [2026-09-08T13:49:53.120+0000] {dagbag.py:540} INFO - Filling up the DagBag from /opt/airflow/dags/dag_vertex_pipeline.py
[2026-09-08T13:49:53.653+0000] {processor.py:840} INFO - DAG(s) 'pipeline_vertex_etl' retrieved from /opt/airflow/dags/dag_vertex_pipeline.py
[2026-09-08T13:49:53.684+0000] {logging_mixin.py:188} INFO - [2026-09-08T13:49:53.675+0000] {dag.py:3047} INFO - Sync 1 DAGs
[2026-09-08T13:49:53.823+0000] {logging_mixin.py:188} INFO - [2026-09-08T13:49:53.823+0000] {dag.py:3834} INFO - Setting next_dagrun for pipeline_vertex_etl to 2026-09-01 00:00:00+00:00, run_after=2026-10-01 00:00:00+00:00
[2026-09-08T13:49:53.913+0000] {processor.py:183} INFO - Processing /opt/airflow/dags/dag_vertex_pipeline.py took 0.804 seconds
[2026-09-08T13:50:24.713+0000] {processor.py:161} INFO - Started process (PID=727) to work on /opt/airflow/dags/dag_vertex_pipeline.py
[2026-09-08T13:50:24.716+0000] {processor.py:830} INFO - Processing file /opt/airflow/dags/dag_vertex_pipeline.py for tasks to queue
[2026-09-08T13:50:24.719+0000] {logging_mixin.py:188} INFO - [2026-09-08T13:50:24.718+0000] {dagbag.py:540} INFO - Filling up the DagBag from /opt/airflow/dags/dag_vertex_pipeline.py
[2026-09-08T13:50:25.287+0000] {processor.py:840} INFO - DAG(s) 'pipeline_vertex_etl' retrieved from /opt/airflow/dags/dag_vertex_pipeline.py
[2026-09-08T13:50:25.309+0000] {logging_mixin.py:188} INFO - [2026-09-08T13:50:25.309+0000] {dag.py:3047} INFO - Sync 1 DAGs
[2026-09-08T13:50:25.350+0000] {logging_mixin.py:188} INFO - [2026-09-08T13:50:25.350+0000] {dag.py:3834} INFO - Setting next_dagrun for pipeline_vertex_etl to 2026-09-01 00:00:00+00:00, run_after=2026-10-01 00:00:00+00:00
[2026-09-08T13:50:25.373+0000] {processor.py:183} INFO - Processing /opt/airflow/dags/dag_vertex_pipeline.py took 0.665 seconds
[2026-09-08T13:50:55.546+0000] {processor.py:161} INFO - Started process (PID=788) to work on /opt/airflow/dags/dag_vertex_pipeline.py
[2026-09-08T13:50:55.549+0000] {processor.py:830} INFO - Processing file /opt/airflow/dags/dag_vertex_pipeline.py for tasks to queue
[2026-09-08T13:50:55.551+0000] {logging_mixin.py:188} INFO - [2026-09-08T13:50:55.551+0000] {dagbag.py:540} INFO - Filling up the DagBag from /opt/airflow/dags/dag_vertex_pipeline.py
[2026-09-08T13:50:56.029+0000] {processor.py:840} INFO - DAG(s) 'pipeline_vertex_etl' retrieved from /opt/airflow/dags/dag_vertex_pipeline.py
[2026-09-08T13:50:56.053+0000] {logging_mixin.py:188} INFO - [2026-09-08T13:50:56.053+0000] {dag.py:3047} INFO - Sync 1 DAGs
[2026-09-08T13:50:56.078+0000] {logging_mixin.py:188} INFO - [2026-09-08T13:50:56.078+0000] {dag.py:3834} INFO - Setting next_dagrun for pipeline_vertex_etl to 2026-09-01 00:00:00+00:00, run_after=2026-10-01 00:00:00+00:00
[2026-09-08T13:50:56.102+0000] {processor.py:183} INFO - Processing /opt/airflow/dags/dag_vertex_pipeline.py took 0.560 seconds
[2026-09-08T13:51:26.262+0000] {processor.py:161} INFO - Started process (PID=849) to work on /opt/airflow/dags/dag_vertex_pipeline.py
[2026-09-08T13:51:26.264+0000] {processor.py:830} INFO - Processing file /opt/airflow/dags/dag_vertex_pipeline.py for tasks to queue
[2026-09-08T13:51:26.268+0000] {logging_mixin.py:188} INFO - [2026-09-08T13:51:26.267+0000] {dagbag.py:540} INFO - Filling up the DagBag from /opt/airflow/dags/dag_vertex_pipeline.py
[2026-09-08T13:51:26.836+0000] {processor.py:840} INFO - DAG(s) 'pipeline_vertex_etl' retrieved from /opt/airflow/dags/dag_vertex_pipeline.py
[2026-09-08T13:51:26.873+0000] {logging_mixin.py:188} INFO - [2026-09-08T13:51:26.872+0000] {dag.py:3047} INFO - Sync 1 DAGs
[2026-09-08T13:51:26.929+0000] {logging_mixin.py:188} INFO - [2026-09-08T13:51:26.929+0000] {dag.py:3834} INFO - Setting next_dagrun for pipeline_vertex_etl to 2026-09-01 00:00:00+00:00, run_after=2026-10-01 00:00:00+00:00
[2026-09-08T13:51:26.971+0000] {processor.py:183} INFO - Processing /opt/airflow/dags/dag_vertex_pipeline.py took 0.714 seconds
[2026-09-08T13:51:57.452+0000] {processor.py:161} INFO - Started process (PID=907) to work on /opt/airflow/dags/dag_vertex_pipeline.py
[2026-09-08T13:51:57.454+0000] {processor.py:830} INFO - Processing file /opt/airflow/dags/dag_vertex_pipeline.py for tasks to queue
[2026-09-08T13:51:57.457+0000] {logging_mixin.py:188} INFO - [2026-09-08T13:51:57.457+0000] {dagbag.py:540} INFO - Filling up the DagBag from /opt/airflow/dags/dag_vertex_pipeline.py
[2026-09-08T13:51:57.923+0000] {processor.py:840} INFO - DAG(s) 'pipeline_vertex_etl' retrieved from /opt/airflow/dags/dag_vertex_pipeline.py
[2026-09-08T13:51:57.941+0000] {logging_mixin.py:188} INFO - [2026-09-08T13:51:57.941+0000] {dag.py:3047} INFO - Sync 1 DAGs
[2026-09-08T13:51:57.963+0000] {logging_mixin.py:188} INFO - [2026-09-08T13:51:57.963+0000] {dag.py:3834} INFO - Setting next_dagrun for pipeline_vertex_etl to 2026-09-01 00:00:00+00:00, run_after=2026-10-01 00:00:00+00:00
[2026-09-08T13:51:57.991+0000] {processor.py:183} INFO - Processing /opt/airflow/dags/dag_vertex_pipeline.py took 0.542 seconds
[2026-09-08T13:52:28.107+0000] {processor.py:161} INFO - Started process (PID=967) to work on /opt/airflow/dags/dag_vertex_pipeline.py
[2026-09-08T13:52:28.108+0000] {processor.py:830} INFO - Processing file /opt/airflow/dags/dag_vertex_pipeline.py for tasks to queue
[2026-09-08T13:52:28.111+0000] {logging_mixin.py:188} INFO - [2026-09-08T13:52:28.110+0000] {dagbag.py:540} INFO - Filling up the DagBag from /opt/airflow/dags/dag_vertex_pipeline.py
[2026-09-08T13:52:28.572+0000] {processor.py:840} INFO - DAG(s) 'pipeline_vertex_etl' retrieved from /opt/airflow/dags/dag_vertex_pipeline.py
[2026-09-08T13:52:28.593+0000] {logging_mixin.py:188} INFO - [2026-09-08T13:52:28.592+0000] {dag.py:3047} INFO - Sync 1 DAGs
[2026-09-08T13:52:28.616+0000] {logging_mixin.py:188} INFO - [2026-09-08T13:52:28.616+0000] {dag.py:3834} INFO - Setting next_dagrun for pipeline_vertex_etl to 2026-09-01 00:00:00+00:00, run_after=2026-10-01 00:00:00+00:00
[2026-09-08T13:52:28.640+0000] {processor.py:183} INFO - Processing /opt/airflow/dags/dag_vertex_pipeline.py took 0.536 seconds
