[2026-09-08T13:44:50.710+0000] {processor.py:161} INFO - Started process (PID=115) to work on /home/airflow/.local/lib/python3.8/site-packages/airflow/example_dags/example_params_trigger_ui.py
[2026-09-08T13:44:50.712+0000] {processor.py:830} INFO - Processing file /home/airflow/.local/lib/python3.8/site-packages/airflow/example_dags/example_params_trigger_ui.py for tasks to queue
[2026-09-08T13:44:50.715+0000] {logging_mixin.py:188} INFO - [2026-09-08T13:44:50.715+0000] {dagbag.py:540} INFO - Filling up the DagBag from /home/airflow/.local/lib/python3.8/site-packages/airflow/example_dags/example_params_trigger_ui.py
[2026-09-08T13:44:50.741+0000] {processor.py:840} INFO - DAG(s) 'example_params_trigger_ui' retrieved from /home/airflow/.local/lib/python3.8/site-packages/airflow/example_dags/example_params_trigger_ui.py
[2026-09-08T13:44:50.764+0000] {logging_mixin.py:188} INFO - [2026-09-08T13:44:50.763+0000] {dag.py:3047} INFO - Sync 1 DAGs
[2026-09-08T13:44:50.787+0000] {logging_mixin.py:188} INFO - [2026-09-08T13:44:50.787+0000] {dag.py:3834} INFO - Setting next_dagrun for example_params_trigger_ui to None, run_after=None
[2026-09-08T13:44:51.215+0000] {processor.py:183} INFO - Processing /home/airflow/.local/lib/python3.8/site-packages/airflow/example_dags/example_params_trigger_ui.py took 0.510 seconds
[2026-09-08T13:45:25.430+0000] {processor.py:161} INFO - Started process (PID=172) to work on /home/airflow/.local/lib/python3.8/site-packages/airflow/example_dags/example_params_trigger_ui.py
[2026-09-08T13:45:25.431+0000] {processor.py:830} INFO - Processing file /home/airflow/.local/lib/python3.8/site-packages/airflow/example_dags/example_params_trigger_ui.py for tasks to queue
[2026-09-08T13:45:25.435+0000] {logging_mixin.py:188} INFO - [2026-09-08T13:45:25.435+0000] {dagbag.py:540} INFO - Filling up the DagBag from /home/airflow/.local/lib/python3.8/site-packages/airflow/example_dags/example_params_trigger_ui.py
[2026-09-08T13:45:25.456+0000] {processor.py:840} INFO - DAG(s) 'example_params_trigger_ui' retrieved from /home/airflow/.local/lib/python3.8/site-packages/airflow/example_dags/example_params_trigger_ui.py
[2026-09-08T13:45:25.698+0000] {logging_mixin.py:188} INFO - [2026-09-08T13:45:25.697+0000] {dag.py:3047} INFO - Sync 1 DAGs
[2026-09-08T13:45:25.895+0000] {logging_mixin.py:188} INFO - [2026-09-08T13:45:25.894+0000] {dag.py:3834} INFO - Setting next_dagrun for example_params_trigger_ui to None, run_after=None
[2026-09-08T13:45:25.926+0000] {processor.py:183} INFO - Processing /home/airflow/.local/lib/python3.8/site-packages/airflow/example_dags/example_params_trigger_ui.py took 0.501 seconds
[2026-09-08T13:45:56.533+0000] {processor.py:161} INFO - Started process (PID=233) to work on /home/airflow/.local/lib/python3.8/site-packages/airflow/example_dags/example_params_trigger_ui.py
[2026-09-08T13:45:56.536+0000] {processor.py:830} INFO - Processing file /home/airflow/.local/lib/python3.8/site-packages/airflow/example_dags/example_params_trigger_ui.py for tasks to queue
[2026-09-08T13:45:56.551+0000] {logging_mixin.py:188} INFO - [2026-09-08T13:45:56.550+0000] {dagbag.py:540} INFO - Filling up the DagBag from /home/airflow/.local/lib/python3.8/site-packages/airflow/example_dags/example_params_trigger_ui.py
[2026-09-08T13:45:56.609+0000] {processor.py:840} INFO - DAG(s) 'example_params_trigger_ui' retrieved from /home/airflow/.local/lib/python3.8/site-packages/airflow/example_dags/example_params_trigger_ui.py
[2026-09-08T13:45:56.832+0000] {logging_mixin.py:188} INFO - [2026-09-08T13:45:56.832+0000] {dag.py:3047} INFO - Sync 1 DAGs
[2026-09-08T13:45:56.877+0000] {logging_mixin.py:188} INFO - [2026-09-08T13:45:56.876+0000] {dag.py:3834} INFO - Setting next_dagrun for example_params_trigger_ui to None, run_after=None
[2026-09-08T13:45:56.942+0000] {processor.py:183} INFO - Processing /home/airflow/.local/lib/python3.8/site-packages/airflow/example_dags/example_params_trigger_ui.py took 0.426 seconds
[2026-09-08T13:46:27.487+0000] {processor.py:161} INFO - Started process (PID=291) to work on /home/airflow/.local/lib/python3.8/site-packages/airflow/example_dags/example_params_trigger_ui.py
[2026-09-08T13:46:27.489+0000] {processor.py:830} INFO - Processing file /home/airflow/.local/lib/python3.8/site-packages/airflow/example_dags/example_params_trigger_ui.py for tasks to queue
[2026-09-08T13:46:27.493+0000] {logging_mixin.py:188} INFO - [2026-09-08T13:46:27.492+0000] {dagbag.py:540} INFO - Filling up the DagBag from /home/airflow/.local/lib/python3.8/site-packages/airflow/example_dags/example_params_trigger_ui.py
[2026-09-08T13:46:27.510+0000] {processor.py:840} INFO - DAG(s) 'example_params_trigger_ui' retrieved from /home/airflow/.local/lib/python3.8/site-packages/airflow/example_dags/example_params_trigger_ui.py
[2026-09-08T13:46:27.582+0000] {logging_mixin.py:188} INFO - [2026-09-08T13:46:27.582+0000] {dag.py:3047} INFO - Sync 1 DAGs
[2026-09-08T13:46:27.599+0000] {logging_mixin.py:188} INFO - [2026-09-08T13:46:27.598+0000] {dag.py:3834} INFO - Setting next_dagrun for example_params_trigger_ui to None, run_after=None
[2026-09-08T13:46:27.633+0000] {processor.py:183} INFO - Processing /home/airflow/.local/lib/python3.8/site-packages/airflow/example_dags/example_params_trigger_ui.py took 0.152 seconds
[2026-09-08T13:46:57.780+0000] {processor.py:161} INFO - Started process (PID=348) to work on /home/airflow/.local/lib/python3.8/site-packages/airflow/example_dags/example_params_trigger_ui.py
[2026-09-08T13:46:57.782+0000] {processor.py:830} INFO - Processing file /home/airflow/.local/lib/python3.8/site-packages/airflow/example_dags/example_params_trigger_ui.py for tasks to queue
[2026-09-08T13:46:57.786+0000] {logging_mixin.py:188} INFO - [2026-09-08T13:46:57.785+0000] {dagbag.py:540} INFO - Filling up the DagBag from /home/airflow/.local/lib/python3.8/site-packages/airflow/example_dags/example_params_trigger_ui.py
[2026-09-08T13:46:57.804+0000] {processor.py:840} INFO - DAG(s) 'example_params_trigger_ui' retrieved from /home/airflow/.local/lib/python3.8/site-packages/airflow/example_dags/example_params_trigger_ui.py
[2026-09-08T13:46:57.867+0000] {logging_mixin.py:188} INFO - [2026-09-08T13:46:57.867+0000] {dag.py:3047} INFO - Sync 1 DAGs
[2026-09-08T13:46:57.883+0000] {logging_mixin.py:188} INFO - [2026-09-08T13:46:57.883+0000] {dag.py:3834} INFO - Setting next_dagrun for example_params_trigger_ui to None, run_after=None
[2026-09-08T13:46:57.909+0000] {processor.py:183} INFO - Processing /home/airflow/.local/lib/python3.8/site-packages/airflow/example_dags/example_params_trigger_ui.py took 0.133 seconds
[2026-09-08T13:47:28.672+0000] {processor.py:161} INFO - Started process (PID=409) to work on /home/airflow/.local/lib/python3.8/site-packages/airflow/example_dags/example_params_trigger_ui.py
[2026-09-08T13:47:28.676+0000] {processor.py:830} INFO - Processing file /home/airflow/.local/lib/python3.8/site-packages/airflow/example_dags/example_params_trigger_ui.py for tasks to queue
[2026-09-08T13:47:28.680+0000] {logging_mixin.py:188} INFO - [2026-09-08T13:47:28.679+0000] {dagbag.py:540} INFO - Filling up the DagBag from /home/airflow/.local/lib/python3.8/site-packages/airflow/example_dags/example_params_trigger_ui.py
[2026-09-08T13:47:28.701+0000] {processor.py:840} INFO - DAG(s) 'example_params_trigger_ui' retrieved from /home/airflow/.local/lib/python3.8/site-packages/airflow/example_dags/example_params_trigger_ui.py
[2026-09-08T13:47:28.807+0000] {logging_mixin.py:188} INFO - [2026-09-08T13:47:28.806+0000] {dag.py:3047} INFO - Sync 1 DAGs
[2026-09-08T13:47:28.826+0000] {logging_mixin.py:188} INFO - [2026-09-08T13:47:28.826+0000] {dag.py:3834} INFO - Setting next_dagrun for example_params_trigger_ui to None, run_after=None
[2026-09-08T13:47:28.857+0000] {processor.py:183} INFO - Processing /home/airflow/.local/lib/python3.8/site-packages/airflow/example_dags/example_params_trigger_ui.py took 0.193 seconds
[2026-09-08T13:47:59.224+0000] {processor.py:161} INFO - Started process (PID=466) to work on /home/airflow/.local/lib/python3.8/site-packages/airflow/example_dags/example_params_trigger_ui.py
[2026-09-08T13:47:59.225+0000] {processor.py:830} INFO - Processing file /home/airflow/.local/lib/python3.8/site-packages/airflow/example_dags/example_params_trigger_ui.py for tasks to queue
[2026-09-08T13:47:59.228+0000] {logging_mixin.py:188} INFO - [2026-09-08T13:47:59.228+0000] {dagbag.py:540} INFO - Filling up the DagBag from /home/airflow/.local/lib/python3.8/site-packages/airflow/example_dags/example_params_trigger_ui.py
[2026-09-08T13:47:59.246+0000] {processor.py:840} INFO - DAG(s) 'example_params_trigger_ui' retrieved from /home/airflow/.local/lib/python3.8/site-packages/airflow/example_dags/example_params_trigger_ui.py
[2026-09-08T13:47:59.263+0000] {logging_mixin.py:188} INFO - [2026-09-08T13:47:59.263+0000] {dag.py:3047} INFO - Sync 1 DAGs
[2026-09-08T13:47:59.280+0000] {logging_mixin.py:188} INFO - [2026-09-08T13:47:59.280+0000] {dag.py:3834} INFO - Setting next_dagrun for example_params_trigger_ui to None, run_after=None
[2026-09-08T13:47:59.310+0000] {processor.py:183} INFO - Processing /home/airflow/.local/lib/python3.8/site-packages/airflow/example_dags/example_params_trigger_ui.py took 0.090 seconds
[2026-09-08T13:48:30.128+0000] {processor.py:161} INFO - Started process (PID=523) to work on /home/airflow/.local/lib/python3.8/site-packages/airflow/example_dags/example_params_trigger_ui.py
[2026-09-08T13:48:30.131+0000] {processor.py:830} INFO - Processing file /home/airflow/.local/lib/python3.8/site-packages/airflow/example_dags/example_params_trigger_ui.py for tasks to queue
[2026-09-08T13:48:30.136+0000] {logging_mixin.py:188} INFO - [2026-09-08T13:48:30.136+0000] {dagbag.py:540} INFO - Filling up the DagBag from /home/airflow/.local/lib/python3.8/site-packages/airflow/example_dags/example_params_trigger_ui.py
[2026-09-08T13:48:30.163+0000] {processor.py:840} INFO - DAG(s) 'example_params_trigger_ui' retrieved from /home/airflow/.local/lib/python3.8/site-packages/airflow/example_dags/example_params_trigger_ui.py
[2026-09-08T13:48:30.627+0000] {logging_mixin.py:188} INFO - [2026-09-08T13:48:30.627+0000] {dag.py:3047} INFO - Sync 1 DAGs
[2026-09-08T13:48:30.644+0000] {logging_mixin.py:188} INFO - [2026-09-08T13:48:30.644+0000] {dag.py:3834} INFO - Setting next_dagrun for example_params_trigger_ui to None, run_after=None
[2026-09-08T13:48:30.676+0000] {processor.py:183} INFO - Processing /home/airflow/.local/lib/python3.8/site-packages/airflow/example_dags/example_params_trigger_ui.py took 0.556 seconds
[2026-09-08T13:49:01.643+0000] {processor.py:161} INFO - Started process (PID=582) to work on /home/airflow/.local/lib/python3.8/site-packages/airflow/example_dags/example_params_trigger_ui.py
[2026-09-08T13:49:01.645+0000] {processor.py:830} INFO - Processing file /home/airflow/.local/lib/python3.8/site-packages/airflow/example_dags/example_params_trigger_ui.py for tasks to queue
[2026-09-08T13:49:01.648+0000] {logging_mixin.py:188} INFO - [2026-09-08T13:49:01.647+0000] {dagbag.py:540} INFO - Filling up the DagBag from /home/airflow/.local/lib/python3.8/site-packages/airflow/example_dags/example_params_trigger_ui.py
[2026-09-08T13:49:01.661+0000] {processor.py:840} INFO - DAG(s) 'example_params_trigger_ui' retrieved from /home/airflow/.local/lib/python3.8/site-packages/airflow/example_dags/example_params_trigger_ui.py
[2026-09-08T13:49:01.722+0000] {logging_mixin.py:188} INFO - [2026-09-08T13:49:01.722+0000] {dag.py:3047} INFO - Sync 1 DAGs
[2026-09-08T13:49:01.737+0000] {logging_mixin.py:188} INFO - [2026-09-08T13:49:01.736+0000] {dag.py:3834} INFO - Setting next_dagrun for example_params_trigger_ui to None, run_after=None
[2026-09-08T13:49:01.761+0000] {processor.py:183} INFO - Processing /home/airflow/.local/lib/python3.8/site-packages/airflow/example_dags/example_params_trigger_ui.py took 0.124 seconds
[2026-09-08T13:49:32.328+0000] {processor.py:161} INFO - Started process (PID=639) to work on /home/airflow/.local/lib/python3.8/site-packages/airflow/example_dags/example_params_trigger_ui.py
[2026-09-08T13:49:32.330+0000] {processor.py:830} INFO - Processing file /home/airflow/.local/lib/python3.8/site-packages/airflow/example_dags/example_params_trigger_ui.py for tasks to queue
[2026-09-08T13:49:32.333+0000] {logging_mixin.py:188} INFO - [2026-09-08T13:49:32.332+0000] {dagbag.py:540} INFO - Filling up the DagBag from /home/airflow/.local/lib/python3.8/site-packages/airflow/example_dags/example_params_trigger_ui.py
[2026-09-08T13:49:32.350+0000] {processor.py:840} INFO - DAG(s) 'example_params_trigger_ui' retrieved from /home/airflow/.local/lib/python3.8/site-packages/airflow/example_dags/example_params_trigger_ui.py
[2026-09-08T13:49:32.421+0000] {logging_mixin.py:188} INFO - [2026-09-08T13:49:32.421+0000] {dag.py:3047} INFO - Sync 1 DAGs
[2026-09-08T13:49:32.447+0000] {logging_mixin.py:188} INFO - [2026-09-08T13:49:32.447+0000] {dag.py:3834} INFO - Setting next_dagrun for example_params_trigger_ui to None, run_after=None
[2026-09-08T13:49:32.472+0000] {processor.py:183} INFO - Processing /home/airflow/.local/lib/python3.8/site-packages/airflow/example_dags/example_params_trigger_ui.py took 0.147 seconds
[2026-09-08T13:50:02.979+0000] {processor.py:161} INFO - Started process (PID=696) to work on /home/airflow/.local/lib/python3.8/site-packages/airflow/example_dags/example_params_trigger_ui.py
[2026-09-08T13:50:02.981+0000] {processor.py:830} INFO - Processing file /home/airflow/.local/lib/python3.8/site-packages/airflow/example_dags/example_params_trigger_ui.py for tasks to queue
[2026-09-08T13:50:02.985+0000] {logging_mixin.py:188} INFO - [2026-09-08T13:50:02.984+0000] {dagbag.py:540} INFO - Filling up the DagBag from /home/airflow/.local/lib/python3.8/site-packages/airflow/example_dags/example_params_trigger_ui.py
[2026-09-08T13:50:03.011+0000] {processor.py:840} INFO - DAG(s) 'example_params_trigger_ui' retrieved from /home/airflow/.local/lib/python3.8/site-packages/airflow/example_dags/example_params_trigger_ui.py
[2026-09-08T13:50:03.112+0000] {logging_mixin.py:188} INFO - [2026-09-08T13:50:03.112+0000] {dag.py:3047} INFO - Sync 1 DAGs
[2026-09-08T13:50:03.132+0000] {logging_mixin.py:188} INFO - [2026-09-08T13:50:03.132+0000] {dag.py:3834} INFO - Setting next_dagrun for example_params_trigger_ui to None, run_after=None
[2026-09-08T13:50:03.164+0000] {processor.py:183} INFO - Processing /home/airflow/.local/lib/python3.8/site-packages/airflow/example_dags/example_params_trigger_ui.py took 0.190 seconds
[2026-09-08T13:50:34.033+0000] {processor.py:161} INFO - Started process (PID=753) to work on /home/airflow/.local/lib/python3.8/site-packages/airflow/example_dags/example_params_trigger_ui.py
[2026-09-08T13:50:34.035+0000] {processor.py:830} INFO - Processing file /home/airflow/.local/lib/python3.8/site-packages/airflow/example_dags/example_params_trigger_ui.py for tasks to queue
[2026-09-08T13:50:34.039+0000] {logging_mixin.py:188} INFO - [2026-09-08T13:50:34.038+0000] {dagbag.py:540} INFO - Filling up the DagBag from /home/airflow/.local/lib/python3.8/site-packages/airflow/example_dags/example_params_trigger_ui.py
[2026-09-08T13:50:34.054+0000] {processor.py:840} INFO - DAG(s) 'example_params_trigger_ui' retrieved from /home/airflow/.local/lib/python3.8/site-packages/airflow/example_dags/example_params_trigger_ui.py
[2026-09-08T13:50:34.107+0000] {logging_mixin.py:188} INFO - [2026-09-08T13:50:34.107+0000] {dag.py:3047} INFO - Sync 1 DAGs
[2026-09-08T13:50:34.120+0000] {logging_mixin.py:188} INFO - [2026-09-08T13:50:34.119+0000] {dag.py:3834} INFO - Setting next_dagrun for example_params_trigger_ui to None, run_after=None
[2026-09-08T13:50:34.145+0000] {processor.py:183} INFO - Processing /home/airflow/.local/lib/python3.8/site-packages/airflow/example_dags/example_params_trigger_ui.py took 0.115 seconds
[2026-09-08T13:51:04.343+0000] {processor.py:161} INFO - Started process (PID=810) to work on /home/airflow/.local/lib/python3.8/site-packages/airflow/example_dags/example_params_trigger_ui.py
[2026-09-08T13:51:04.345+0000] {processor.py:830} INFO - Processing file /home/airflow/.local/lib/python3.8/site-packages/airflow/example_dags/example_params_trigger_ui.py for tasks to queue
[2026-09-08T13:51:04.348+0000] {logging_mixin.py:188} INFO - [2026-09-08T13:51:04.348+0000] {dagbag.py:540} INFO - Filling up the DagBag from /home/airflow/.local/lib/python3.8/site-packages/airflow/example_dags/example_params_trigger_ui.py
[2026-09-08T13:51:04.371+0000] {processor.py:840} INFO - DAG(s) 'example_params_trigger_ui' retrieved from /home/airflow/.local/lib/python3.8/site-packages/airflow/example_dags/example_params_trigger_ui.py
[2026-09-08T13:51:04.434+0000] {logging_mixin.py:188} INFO - [2026-09-08T13:51:04.434+0000] {dag.py:3047} INFO - Sync 1 DAGs
[2026-09-08T13:51:04.447+0000] {logging_mixin.py:188} INFO - [2026-09-08T13:51:04.447+0000] {dag.py:3834} INFO - Setting next_dagrun for example_params_trigger_ui to None, run_after=None
[2026-09-08T13:51:04.470+0000] {processor.py:183} INFO - Processing /home/airflow/.local/lib/python3.8/site-packages/airflow/example_dags/example_params_trigger_ui.py took 0.131 seconds
[2026-09-08T13:51:34.739+0000] {processor.py:161} INFO - Started process (PID=867) to work on /home/airflow/.local/lib/python3.8/site-packages/airflow/example_dags/example_params_trigger_ui.py
[2026-09-08T13:51:34.741+0000] {processor.py:830} INFO - Processing file /home/airflow/.local/lib/python3.8/site-packages/airflow/example_dags/example_params_trigger_ui.py for tasks to queue
[2026-09-08T13:51:34.744+0000] {logging_mixin.py:188} INFO - [2026-09-08T13:51:34.744+0000] {dagbag.py:540} INFO - Filling up the DagBag from /home/airflow/.local/lib/python3.8/site-packages/airflow/example_dags/example_params_trigger_ui.py
[2026-09-08T13:51:34.761+0000] {processor.py:840} INFO - DAG(s) 'example_params_trigger_ui' retrieved from /home/airflow/.local/lib/python3.8/site-packages/airflow/example_dags/example_params_trigger_ui.py
[2026-09-08T13:51:34.818+0000] {logging_mixin.py:188} INFO - [2026-09-08T13:51:34.818+0000] {dag.py:3047} INFO - Sync 1 DAGs
[2026-09-08T13:51:34.831+0000] {logging_mixin.py:188} INFO - [2026-09-08T13:51:34.831+0000] {dag.py:3834} INFO - Setting next_dagrun for example_params_trigger_ui to None, run_after=None
[2026-09-08T13:51:34.854+0000] {processor.py:183} INFO - Processing /home/airflow/.local/lib/python3.8/site-packages/airflow/example_dags/example_params_trigger_ui.py took 0.118 seconds
[2026-09-08T13:52:05.698+0000] {processor.py:161} INFO - Started process (PID=924) to work on /home/airflow/.local/lib/python3.8/site-packages/airflow/example_dags/example_params_trigger_ui.py
[2026-09-08T13:52:05.700+0000] {processor.py:830} INFO - Processing file /home/airflow/.local/lib/python3.8/site-packages/airflow/example_dags/example_params_trigger_ui.py for tasks to queue
[2026-09-08T13:52:05.703+0000] {logging_mixin.py:188} INFO - [2026-09-08T13:52:05.703+0000] {dagbag.py:540} INFO - Filling up the DagBag from /home/airflow/.local/lib/python3.8/site-packages/airflow/example_dags/example_params_trigger_ui.py
[2026-09-08T13:52:05.721+0000] {processor.py:840} INFO - DAG(s) 'example_params_trigger_ui' retrieved from /home/airflow/.local/lib/python3.8/site-packages/airflow/example_dags/example_params_trigger_ui.py
[2026-09-08T13:52:05.784+0000] {logging_mixin.py:188} INFO - [2026-09-08T13:52:05.783+0000] {dag.py:3047} INFO - Sync 1 DAGs
[2026-09-08T13:52:05.799+0000] {logging_mixin.py:188} INFO - [2026-09-08T13:52:05.798+0000] {dag.py:3834} INFO - Setting next_dagrun for example_params_trigger_ui to None, run_after=None
[2026-09-08T13:52:05.822+0000] {processor.py:183} INFO - Processing /home/airflow/.local/lib/python3.8/site-packages/airflow/example_dags/example_params_trigger_ui.py took 0.128 seconds
[2026-09-08T13:52:36.012+0000] {processor.py:161} INFO - Started process (PID=981) to work on /home/airflow/.local/lib/python3.8/site-packages/airflow/example_dags/example_params_trigger_ui.py
[2026-09-08T13:52:36.014+0000] {processor.py:830} INFO - Processing file /home/airflow/.local/lib/python3.8/site-packages/airflow/example_dags/example_params_trigger_ui.py for tasks to queue
[2026-09-08T13:52:36.017+0000] {logging_mixin.py:188} INFO - [2026-09-08T13:52:36.017+0000] {dagbag.py:540} INFO - Filling up the DagBag from /home/airflow/.local/lib/python3.8/site-packages/airflow/example_dags/example_params_trigger_ui.py
[2026-09-08T13:52:36.034+0000] {processor.py:840} INFO - DAG(s) 'example_params_trigger_ui' retrieved from /home/airflow/.local/lib/python3.8/site-packages/airflow/example_dags/example_params_trigger_ui.py
[2026-09-08T13:52:36.091+0000] {logging_mixin.py:188} INFO - [2026-09-08T13:52:36.090+0000] {dag.py:3047} INFO - Sync 1 DAGs
[2026-09-08T13:52:36.104+0000] {logging_mixin.py:188} INFO - [2026-09-08T13:52:36.103+0000] {dag.py:3834} INFO - Setting next_dagrun for example_params_trigger_ui to None, run_after=None
[2026-09-08T13:52:36.126+0000] {processor.py:183} INFO - Processing /home/airflow/.local/lib/python3.8/site-packages/airflow/example_dags/example_params_trigger_ui.py took 0.119 seconds
