[2026-09-08T13:44:44.166+0000] {processor.py:161} INFO - Started process (PID=88) to work on /home/airflow/.local/lib/python3.8/site-packages/airflow/example_dags/example_external_task_marker_dag.py
[2026-09-08T13:44:44.170+0000] {processor.py:830} INFO - Processing file /home/airflow/.local/lib/python3.8/site-packages/airflow/example_dags/example_external_task_marker_dag.py for tasks to queue
[2026-09-08T13:44:44.176+0000] {logging_mixin.py:188} INFO - [2026-09-08T13:44:44.174+0000] {dagbag.py:540} INFO - Filling up the DagBag from /home/airflow/.local/lib/python3.8/site-packages/airflow/example_dags/example_external_task_marker_dag.py
[2026-09-08T13:44:44.196+0000] {processor.py:840} INFO - DAG(s) 'example_external_task_marker_child', 'example_external_task_marker_parent' retrieved from /home/airflow/.local/lib/python3.8/site-packages/airflow/example_dags/example_external_task_marker_dag.py
[2026-09-08T13:44:44.237+0000] {logging_mixin.py:188} INFO - [2026-09-08T13:44:44.236+0000] {dag.py:3047} INFO - Sync 2 DAGs
[2026-09-08T13:44:44.311+0000] {logging_mixin.py:188} INFO - [2026-09-08T13:44:44.310+0000] {dag.py:3834} INFO - Setting next_dagrun for example_external_task_marker_child to None, run_after=None
[2026-09-08T13:44:44.331+0000] {logging_mixin.py:188} INFO - [2026-09-08T13:44:44.330+0000] {dag.py:3834} INFO - Setting next_dagrun for example_external_task_marker_parent to None, run_after=None
[2026-09-08T13:44:44.381+0000] {processor.py:183} INFO - Processing /home/airflow/.local/lib/python3.8/site-packages/airflow/example_dags/example_external_task_marker_dag.py took 0.226 seconds
[2026-09-08T13:45:14.924+0000] {processor.py:161} INFO - Started process (PID=145) to work on /home/airflow/.local/lib/python3.8/site-packages/airflow/example_dags/example_external_task_marker_dag.py
[2026-09-08T13:45:14.926+0000] {processor.py:830} INFO - Processing file /home/airflow/.local/lib/python3.8/site-packages/airflow/example_dags/example_external_task_marker_dag.py for tasks to queue
[2026-09-08T13:45:14.929+0000] {logging_mixin.py:188} INFO - [2026-09-08T13:45:14.928+0000] {dagbag.py:540} INFO - Filling up the DagBag from /home/airflow/.local/lib/python3.8/site-packages/airflow/example_dags/example_external_task_marker_dag.py
[2026-09-08T13:45:14.939+0000] {processor.py:840} INFO - DAG(s) 'example_external_task_marker_parent', 'example_external_task_marker_child' retrieved from /home/airflow/.local/lib/python3.8/site-packages/airflow/example_dags/example_external_task_marker_dag.py
[2026-09-08T13:45:15.119+0000] {logging_mixin.py:188} INFO - [2026-09-08T13:45:15.118+0000] {dag.py:3047} INFO - Sync 2 DAGs
[2026-09-08T13:45:15.142+0000] {logging_mixin.py:188} INFO - [2026-09-08T13:45:15.142+0000] {dag.py:3834} INFO - Setting next_dagrun for example_external_task_marker_child to None, run_after=None
[2026-09-08T13:45:15.147+0000] {logging_mixin.py:188} INFO - [2026-09-08T13:45:15.147+0000] {dag.py:3834} INFO - Setting next_dagrun for example_external_task_marker_parent to None, run_after=None
[2026-09-08T13:45:15.176+0000] {processor.py:183} INFO - Processing /home/airflow/.local/lib/python3.8/site-packages/airflow/example_dags/example_external_task_marker_dag.py took 0.258 seconds
[2026-09-08T13:45:46.813+0000] {processor.py:161} INFO - Started process (PID=202) to work on /home/airflow/.local/lib/python3.8/site-packages/airflow/example_dags/example_external_task_marker_dag.py
[2026-09-08T13:45:46.816+0000] {processor.py:830} INFO - Processing file /home/airflow/.local/lib/python3.8/site-packages/airflow/example_dags/example_external_task_marker_dag.py for tasks to queue
[2026-09-08T13:45:46.832+0000] {logging_mixin.py:188} INFO - [2026-09-08T13:45:46.832+0000] {dagbag.py:540} INFO - Filling up the DagBag from /home/airflow/.local/lib/python3.8/site-packages/airflow/example_dags/example_external_task_marker_dag.py
[2026-09-08T13:45:46.861+0000] {processor.py:840} INFO - DAG(s) 'example_external_task_marker_parent', 'example_external_task_marker_child' retrieved from /home/airflow/.local/lib/python3.8/site-packages/airflow/example_dags/example_external_task_marker_dag.py
[2026-09-08T13:45:46.980+0000] {logging_mixin.py:188} INFO - [2026-09-08T13:45:46.980+0000] {dag.py:3047} INFO - Sync 2 DAGs
[2026-09-08T13:45:47.086+0000] {logging_mixin.py:188} INFO - [2026-09-08T13:45:47.086+0000] {dag.py:3834} INFO - Setting next_dagrun for example_external_task_marker_child to None, run_after=None
[2026-09-08T13:45:47.115+0000] {logging_mixin.py:188} INFO - [2026-09-08T13:45:47.114+0000] {dag.py:3834} INFO - Setting next_dagrun for example_external_task_marker_parent to None, run_after=None
[2026-09-08T13:45:47.199+0000] {processor.py:183} INFO - Processing /home/airflow/.local/lib/python3.8/site-packages/airflow/example_dags/example_external_task_marker_dag.py took 0.392 seconds
[2026-09-08T13:46:17.866+0000] {processor.py:161} INFO - Started process (PID=264) to work on /home/airflow/.local/lib/python3.8/site-packages/airflow/example_dags/example_external_task_marker_dag.py
[2026-09-08T13:46:17.868+0000] {processor.py:830} INFO - Processing file /home/airflow/.local/lib/python3.8/site-packages/airflow/example_dags/example_external_task_marker_dag.py for tasks to queue
[2026-09-08T13:46:17.872+0000] {logging_mixin.py:188} INFO - [2026-09-08T13:46:17.871+0000] {dagbag.py:540} INFO - Filling up the DagBag from /home/airflow/.local/lib/python3.8/site-packages/airflow/example_dags/example_external_task_marker_dag.py
[2026-09-08T13:46:17.885+0000] {processor.py:840} INFO - DAG(s) 'example_external_task_marker_child', 'example_external_task_marker_parent' retrieved from /home/airflow/.local/lib/python3.8/site-packages/airflow/example_dags/example_external_task_marker_dag.py
[2026-09-08T13:46:17.937+0000] {logging_mixin.py:188} INFO - [2026-09-08T13:46:17.937+0000] {dag.py:3047} INFO - Sync 2 DAGs
[2026-09-08T13:46:17.972+0000] {logging_mixin.py:188} INFO - [2026-09-08T13:46:17.971+0000] {dag.py:3834} INFO - Setting next_dagrun for example_external_task_marker_child to None, run_after=None
[2026-09-08T13:46:17.982+0000] {logging_mixin.py:188} INFO - [2026-09-08T13:46:17.980+0000] {dag.py:3834} INFO - Setting next_dagrun for example_external_task_marker_parent to None, run_after=None
[2026-09-08T13:46:18.017+0000] {processor.py:183} INFO - Processing /home/airflow/.local/lib/python3.8/site-packages/airflow/example_dags/example_external_task_marker_dag.py took 0.157 seconds
[2026-09-08T13:46:48.710+0000] {processor.py:161} INFO - Started process (PID=321) to work on /home/airflow/.local/lib/python3.8/site-packages/airflow/example_dags/example_external_task_marker_dag.py
[2026-09-08T13:46:48.745+0000] {processor.py:830} INFO - Processing file /home/airflow/.local/lib/python3.8/site-packages/airflow/example_dags/example_external_task_marker_dag.py for tasks to queue
[2026-09-08T13:46:48.751+0000] {logging_mixin.py:188} INFO - [2026-09-08T13:46:48.750+0000] {dagbag.py:540} INFO - Filling up the DagBag from /home/airflow/.local/lib/python3.8/site-packages/airflow/example_dags/example_external_task_marker_dag.py
[2026-09-08T13:46:48.761+0000] {processor.py:840} INFO - DAG(s) 'example_external_task_marker_parent', 'example_external_task_marker_child' retrieved from /home/airflow/.local/lib/python3.8/site-packages/airflow/example_dags/example_external_task_marker_dag.py
[2026-09-08T13:46:48.796+0000] {logging_mixin.py:188} INFO - [2026-09-08T13:46:48.796+0000] {dag.py:3047} INFO - Sync 2 DAGs
[2026-09-08T13:46:48.812+0000] {logging_mixin.py:188} INFO - [2026-09-08T13:46:48.812+0000] {dag.py:3834} INFO - Setting next_dagrun for example_external_task_marker_child to None, run_after=None
[2026-09-08T13:46:48.818+0000] {logging_mixin.py:188} INFO - [2026-09-08T13:46:48.817+0000] {dag.py:3834} INFO - Setting next_dagrun for example_external_task_marker_parent to None, run_after=None
[2026-09-08T13:46:48.847+0000] {processor.py:183} INFO - Processing /home/airflow/.local/lib/python3.8/site-packages/airflow/example_dags/example_external_task_marker_dag.py took 0.141 seconds
[2026-09-08T13:47:19.096+0000] {processor.py:161} INFO - Started process (PID=382) to work on /home/airflow/.local/lib/python3.8/site-packages/airflow/example_dags/example_external_task_marker_dag.py
[2026-09-08T13:47:19.098+0000] {processor.py:830} INFO - Processing file /home/airflow/.local/lib/python3.8/site-packages/airflow/example_dags/example_external_task_marker_dag.py for tasks to queue
[2026-09-08T13:47:19.101+0000] {logging_mixin.py:188} INFO - [2026-09-08T13:47:19.101+0000] {dagbag.py:540} INFO - Filling up the DagBag from /home/airflow/.local/lib/python3.8/site-packages/airflow/example_dags/example_external_task_marker_dag.py
[2026-09-08T13:47:19.111+0000] {processor.py:840} INFO - DAG(s) 'example_external_task_marker_child', 'example_external_task_marker_parent' retrieved from /home/airflow/.local/lib/python3.8/site-packages/airflow/example_dags/example_external_task_marker_dag.py
[2026-09-08T13:47:19.152+0000] {logging_mixin.py:188} INFO - [2026-09-08T13:47:19.152+0000] {dag.py:3047} INFO - Sync 2 DAGs
[2026-09-08T13:47:19.171+0000] {logging_mixin.py:188} INFO - [2026-09-08T13:47:19.171+0000] {dag.py:3834} INFO - Setting next_dagrun for example_external_task_marker_child to None, run_after=None
[2026-09-08T13:47:19.178+0000] {logging_mixin.py:188} INFO - [2026-09-08T13:47:19.177+0000] {dag.py:3834} INFO - Setting next_dagrun for example_external_task_marker_parent to None, run_after=None
[2026-09-08T13:47:19.203+0000] {processor.py:183} INFO - Processing /home/airflow/.local/lib/python3.8/site-packages/airflow/example_dags/example_external_task_marker_dag.py took 0.115 seconds
[2026-09-08T13:47:49.676+0000] {processor.py:161} INFO - Started process (PID=439) to work on /home/airflow/.local/lib/python3.8/site-packages/airflow/example_dags/example_external_task_marker_dag.py
[2026-09-08T13:47:49.678+0000] {processor.py:830} INFO - Processing file /home/airflow/.local/lib/python3.8/site-packages/airflow/example_dags/example_external_task_marker_dag.py for tasks to queue
[2026-09-08T13:47:49.680+0000] {logging_mixin.py:188} INFO - [2026-09-08T13:47:49.680+0000] {dagbag.py:540} INFO - Filling up the DagBag from /home/airflow/.local/lib/python3.8/site-packages/airflow/example_dags/example_external_task_marker_dag.py
[2026-09-08T13:47:49.689+0000] {processor.py:840} INFO - DAG(s) 'example_external_task_marker_parent', 'example_external_task_marker_child' retrieved from /home/airflow/.local/lib/python3.8/site-packages/airflow/example_dags/example_external_task_marker_dag.py
[2026-09-08T13:47:49.735+0000] {logging_mixin.py:188} INFO - [2026-09-08T13:47:49.734+0000] {dag.py:3047} INFO - Sync 2 DAGs
[2026-09-08T13:47:49.759+0000] {logging_mixin.py:188} INFO - [2026-09-08T13:47:49.758+0000] {dag.py:3834} INFO - Setting next_dagrun for example_external_task_marker_child to None, run_after=None
[2026-09-08T13:47:49.765+0000] {logging_mixin.py:188} INFO - [2026-09-08T13:47:49.764+0000] {dag.py:3834} INFO - Setting next_dagrun for example_external_task_marker_parent to None, run_after=None
[2026-09-08T13:47:49.794+0000] {processor.py:183} INFO - Processing /home/airflow/.local/lib/python3.8/site-packages/airflow/example_dags/example_external_task_marker_dag.py took 0.121 seconds
[2026-09-08T13:48:20.657+0000] {processor.py:161} INFO - Started process (PID=496) to work on /home/airflow/.local/lib/python3.8/site-packages/airflow/example_dags/example_external_task_marker_dag.py
[2026-09-08T13:48:20.659+0000] {processor.py:830} INFO - Processing file /home/airflow/.local/lib/python3.8/site-packages/airflow/example_dags/example_external_task_marker_dag.py for tasks to queue
[2026-09-08T13:48:20.663+0000] {logging_mixin.py:188} INFO - [2026-09-08T13:48:20.662+0000] {dagbag.py:540} INFO - Filling up the DagBag from /home/airflow/.local/lib/python3.8/site-packages/airflow/example_dags/example_external_task_marker_dag.py
[2026-09-08T13:48:20.674+0000] {processor.py:840} INFO - DAG(s) 'example_external_task_marker_child', 'example_external_task_marker_parent' retrieved from /home/airflow/.local/lib/python3.8/site-packages/airflow/example_dags/example_external_task_marker_dag.py
[2026-09-08T13:48:20.874+0000] {logging_mixin.py:188} INFO - [2026-09-08T13:48:20.874+0000] {dag.py:3047} INFO - Sync 2 DAGs
[2026-09-08T13:48:20.896+0000] {logging_mixin.py:188} INFO - [2026-09-08T13:48:20.896+0000] {dag.py:3834} INFO - Setting next_dagrun for example_external_task_marker_child to None, run_after=None
[2026-09-08T13:48:20.904+0000] {logging_mixin.py:188} INFO - [2026-09-08T13:48:20.903+0000] {dag.py:3834} INFO - Setting next_dagrun for example_external_task_marker_parent to None, run_after=None
[2026-09-08T13:48:21.036+0000] {processor.py:183} INFO - Processing /home/airflow/.local/lib/python3.8/site-packages/airflow/example_dags/example_external_task_marker_dag.py took 0.384 seconds
[2026-09-08T13:48:51.105+0000] {processor.py:161} INFO - Started process (PID=552) to work on /home/airflow/.local/lib/python3.8/site-packages/airflow/example_dags/example_external_task_marker_dag.py
[2026-09-08T13:48:51.107+0000] {processor.py:830} INFO - Processing file /home/airflow/.local/lib/python3.8/site-packages/airflow/example_dags/example_external_task_marker_dag.py for tasks to queue
[2026-09-08T13:48:51.109+0000] {logging_mixin.py:188} INFO - [2026-09-08T13:48:51.109+0000] {dagbag.py:540} INFO - Filling up the DagBag from /home/airflow/.local/lib/python3.8/site-packages/airflow/example_dags/example_external_task_marker_dag.py
[2026-09-08T13:48:51.119+0000] {processor.py:840} INFO - DAG(s) 'example_external_task_marker_parent', 'example_external_task_marker_child' retrieved from /home/airflow/.local/lib/python3.8/site-packages/airflow/example_dags/example_external_task_marker_dag.py
[2026-09-08T13:48:51.144+0000] {logging_mixin.py:188} INFO - [2026-09-08T13:48:51.144+0000] {dag.py:3047} INFO - Sync 2 DAGs
[2026-09-08T13:48:51.158+0000] {logging_mixin.py:188} INFO - [2026-09-08T13:48:51.158+0000] {dag.py:3834} INFO - Setting next_dagrun for example_external_task_marker_child to None, run_after=None
[2026-09-08T13:48:51.163+0000] {logging_mixin.py:188} INFO - [2026-09-08T13:48:51.163+0000] {dag.py:3834} INFO - Setting next_dagrun for example_external_task_marker_parent to None, run_after=None
[2026-09-08T13:48:51.186+0000] {processor.py:183} INFO - Processing /home/airflow/.local/lib/python3.8/site-packages/airflow/example_dags/example_external_task_marker_dag.py took 0.086 seconds
[2026-09-08T13:49:21.764+0000] {processor.py:161} INFO - Started process (PID=607) to work on /home/airflow/.local/lib/python3.8/site-packages/airflow/example_dags/example_external_task_marker_dag.py
[2026-09-08T13:49:21.768+0000] {processor.py:830} INFO - Processing file /home/airflow/.local/lib/python3.8/site-packages/airflow/example_dags/example_external_task_marker_dag.py for tasks to queue
[2026-09-08T13:49:21.775+0000] {logging_mixin.py:188} INFO - [2026-09-08T13:49:21.771+0000] {dagbag.py:540} INFO - Filling up the DagBag from /home/airflow/.local/lib/python3.8/site-packages/airflow/example_dags/example_external_task_marker_dag.py
[2026-09-08T13:49:21.792+0000] {processor.py:840} INFO - DAG(s) 'example_external_task_marker_child', 'example_external_task_marker_parent' retrieved from /home/airflow/.local/lib/python3.8/site-packages/airflow/example_dags/example_external_task_marker_dag.py
[2026-09-08T13:49:21.842+0000] {logging_mixin.py:188} INFO - [2026-09-08T13:49:21.841+0000] {dag.py:3047} INFO - Sync 2 DAGs
[2026-09-08T13:49:21.860+0000] {logging_mixin.py:188} INFO - [2026-09-08T13:49:21.859+0000] {dag.py:3834} INFO - Setting next_dagrun for example_external_task_marker_child to None, run_after=None
[2026-09-08T13:49:21.867+0000] {logging_mixin.py:188} INFO - [2026-09-08T13:49:21.867+0000] {dag.py:3834} INFO - Setting next_dagrun for example_external_task_marker_parent to None, run_after=None
[2026-09-08T13:49:21.888+0000] {processor.py:183} INFO - Processing /home/airflow/.local/lib/python3.8/site-packages/airflow/example_dags/example_external_task_marker_dag.py took 0.131 seconds
[2026-09-08T13:49:51.968+0000] {processor.py:161} INFO - Started process (PID=664) to work on /home/airflow/.local/lib/python3.8/site-packages/airflow/example_dags/example_external_task_marker_dag.py
[2026-09-08T13:49:51.970+0000] {processor.py:830} INFO - Processing file /home/airflow/.local/lib/python3.8/site-packages/airflow/example_dags/example_external_task_marker_dag.py for tasks to queue
[2026-09-08T13:49:51.973+0000] {logging_mixin.py:188} INFO - [2026-09-08T13:49:51.972+0000] {dagbag.py:540} INFO - Filling up the DagBag from /home/airflow/.local/lib/python3.8/site-packages/airflow/example_dags/example_external_task_marker_dag.py
[2026-09-08T13:49:51.983+0000] {processor.py:840} INFO - DAG(s) 'example_external_task_marker_child', 'example_external_task_marker_parent' retrieved from /home/airflow/.local/lib/python3.8/site-packages/airflow/example_dags/example_external_task_marker_dag.py
[2026-09-08T13:49:52.012+0000] {logging_mixin.py:188} INFO - [2026-09-08T13:49:52.011+0000] {dag.py:3047} INFO - Sync 2 DAGs
[2026-09-08T13:49:52.028+0000] {logging_mixin.py:188} INFO - [2026-09-08T13:49:52.027+0000] {dag.py:3834} INFO - Setting next_dagrun for example_external_task_marker_child to None, run_after=None
[2026-09-08T13:49:52.034+0000] {logging_mixin.py:188} INFO - [2026-09-08T13:49:52.034+0000] {dag.py:3834} INFO - Setting next_dagrun for example_external_task_marker_parent to None, run_after=None
[2026-09-08T13:49:52.053+0000] {processor.py:183} INFO - Processing /home/airflow/.local/lib/python3.8/site-packages/airflow/example_dags/example_external_task_marker_dag.py took 0.091 seconds
[2026-09-08T13:50:22.255+0000] {processor.py:161} INFO - Started process (PID=721) to work on /home/airflow/.local/lib/python3.8/site-packages/airflow/example_dags/example_external_task_marker_dag.py
[2026-09-08T13:50:22.258+0000] {processor.py:830} INFO - Processing file /home/airflow/.local/lib/python3.8/site-packages/airflow/example_dags/example_external_task_marker_dag.py for tasks to queue
[2026-09-08T13:50:22.261+0000] {logging_mixin.py:188} INFO - [2026-09-08T13:50:22.261+0000] {dagbag.py:540} INFO - Filling up the DagBag from /home/airflow/.local/lib/python3.8/site-packages/airflow/example_dags/example_external_task_marker_dag.py
[2026-09-08T13:50:22.272+0000] {processor.py:840} INFO - DAG(s) 'example_external_task_marker_child', 'example_external_task_marker_parent' retrieved from /home/airflow/.local/lib/python3.8/site-packages/airflow/example_dags/example_external_task_marker_dag.py
[2026-09-08T13:50:22.308+0000] {logging_mixin.py:188} INFO - [2026-09-08T13:50:22.308+0000] {dag.py:3047} INFO - Sync 2 DAGs
[2026-09-08T13:50:22.323+0000] {logging_mixin.py:188} INFO - [2026-09-08T13:50:22.323+0000] {dag.py:3834} INFO - Setting next_dagrun for example_external_task_marker_child to None, run_after=None
[2026-09-08T13:50:22.329+0000] {logging_mixin.py:188} INFO - [2026-09-08T13:50:22.329+0000] {dag.py:3834} INFO - Setting next_dagrun for example_external_task_marker_parent to None, run_after=None
[2026-09-08T13:50:22.356+0000] {processor.py:183} INFO - Processing /home/airflow/.local/lib/python3.8/site-packages/airflow/example_dags/example_external_task_marker_dag.py took 0.105 seconds
[2026-09-08T13:50:52.476+0000] {processor.py:161} INFO - Started process (PID=778) to work on /home/airflow/.local/lib/python3.8/site-packages/airflow/example_dags/example_external_task_marker_dag.py
[2026-09-08T13:50:52.478+0000] {processor.py:830} INFO - Processing file /home/airflow/.local/lib/python3.8/site-packages/airflow/example_dags/example_external_task_marker_dag.py for tasks to queue
[2026-09-08T13:50:52.481+0000] {logging_mixin.py:188} INFO - [2026-09-08T13:50:52.480+0000] {dagbag.py:540} INFO - Filling up the DagBag from /home/airflow/.local/lib/python3.8/site-packages/airflow/example_dags/example_external_task_marker_dag.py
[2026-09-08T13:50:52.489+0000] {processor.py:840} INFO - DAG(s) 'example_external_task_marker_parent', 'example_external_task_marker_child' retrieved from /home/airflow/.local/lib/python3.8/site-packages/airflow/example_dags/example_external_task_marker_dag.py
[2026-09-08T13:50:52.515+0000] {logging_mixin.py:188} INFO - [2026-09-08T13:50:52.515+0000] {dag.py:3047} INFO - Sync 2 DAGs
[2026-09-08T13:50:52.532+0000] {logging_mixin.py:188} INFO - [2026-09-08T13:50:52.531+0000] {dag.py:3834} INFO - Setting next_dagrun for example_external_task_marker_child to None, run_after=None
[2026-09-08T13:50:52.538+0000] {logging_mixin.py:188} INFO - [2026-09-08T13:50:52.537+0000] {dag.py:3834} INFO - Setting next_dagrun for example_external_task_marker_parent to None, run_after=None
[2026-09-08T13:50:52.559+0000] {processor.py:183} INFO - Processing /home/airflow/.local/lib/python3.8/site-packages/airflow/example_dags/example_external_task_marker_dag.py took 0.087 seconds
[2026-09-08T13:51:22.814+0000] {processor.py:161} INFO - Started process (PID=835) to work on /home/airflow/.local/lib/python3.8/site-packages/airflow/example_dags/example_external_task_marker_dag.py
[2026-09-08T13:51:22.817+0000] {processor.py:830} INFO - Processing file /home/airflow/.local/lib/python3.8/site-packages/airflow/example_dags/example_external_task_marker_dag.py for tasks to queue
[2026-09-08T13:51:22.820+0000] {logging_mixin.py:188} INFO - [2026-09-08T13:51:22.819+0000] {dagbag.py:540} INFO - Filling up the DagBag from /home/airflow/.local/lib/python3.8/site-packages/airflow/example_dags/example_external_task_marker_dag.py
[2026-09-08T13:51:22.828+0000] {processor.py:840} INFO - DAG(s) 'example_external_task_marker_parent', 'example_external_task_marker_child' retrieved from /home/airflow/.local/lib/python3.8/site-packages/airflow/example_dags/example_external_task_marker_dag.py
[2026-09-08T13:51:22.859+0000] {logging_mixin.py:188} INFO - [2026-09-08T13:51:22.859+0000] {dag.py:3047} INFO - Sync 2 DAGs
[2026-09-08T13:51:22.873+0000] {logging_mixin.py:188} INFO - [2026-09-08T13:51:22.873+0000] {dag.py:3834} INFO - Setting next_dagrun for example_external_task_marker_child to None, run_after=None
[2026-09-08T13:51:22.878+0000] {logging_mixin.py:188} INFO - [2026-09-08T13:51:22.878+0000] {dag.py:3834} INFO - Setting next_dagrun for example_external_task_marker_parent to None, run_after=None
[2026-09-08T13:51:22.899+0000] {processor.py:183} INFO - Processing /home/airflow/.local/lib/python3.8/site-packages/airflow/example_dags/example_external_task_marker_dag.py took 0.089 seconds
[2026-09-08T13:51:53.015+0000] {processor.py:161} INFO - Started process (PID=892) to work on /home/airflow/.local/lib/python3.8/site-packages/airflow/example_dags/example_external_task_marker_dag.py
[2026-09-08T13:51:53.018+0000] {processor.py:830} INFO - Processing file /home/airflow/.local/lib/python3.8/site-packages/airflow/example_dags/example_external_task_marker_dag.py for tasks to queue
[2026-09-08T13:51:53.021+0000] {logging_mixin.py:188} INFO - [2026-09-08T13:51:53.020+0000] {dagbag.py:540} INFO - Filling up the DagBag from /home/airflow/.local/lib/python3.8/site-packages/airflow/example_dags/example_external_task_marker_dag.py
[2026-09-08T13:51:53.028+0000] {processor.py:840} INFO - DAG(s) 'example_external_task_marker_child', 'example_external_task_marker_parent' retrieved from /home/airflow/.local/lib/python3.8/site-packages/airflow/example_dags/example_external_task_marker_dag.py
[2026-09-08T13:51:53.058+0000] {logging_mixin.py:188} INFO - [2026-09-08T13:51:53.058+0000] {dag.py:3047} INFO - Sync 2 DAGs
[2026-09-08T13:51:53.072+0000] {logging_mixin.py:188} INFO - [2026-09-08T13:51:53.071+0000] {dag.py:3834} INFO - Setting next_dagrun for example_external_task_marker_child to None, run_after=None
[2026-09-08T13:51:53.076+0000] {logging_mixin.py:188} INFO - [2026-09-08T13:51:53.076+0000] {dag.py:3834} INFO - Setting next_dagrun for example_external_task_marker_parent to None, run_after=None
[2026-09-08T13:51:53.097+0000] {processor.py:183} INFO - Processing /home/airflow/.local/lib/python3.8/site-packages/airflow/example_dags/example_external_task_marker_dag.py took 0.087 seconds
[2026-09-08T13:52:23.472+0000] {processor.py:161} INFO - Started process (PID=949) to work on /home/airflow/.local/lib/python3.8/site-packages/airflow/example_dags/example_external_task_marker_dag.py
[2026-09-08T13:52:23.473+0000] {processor.py:830} INFO - Processing file /home/airflow/.local/lib/python3.8/site-packages/airflow/example_dags/example_external_task_marker_dag.py for tasks to queue
[2026-09-08T13:52:23.476+0000] {logging_mixin.py:188} INFO - [2026-09-08T13:52:23.476+0000] {dagbag.py:540} INFO - Filling up the DagBag from /home/airflow/.local/lib/python3.8/site-packages/airflow/example_dags/example_external_task_marker_dag.py
[2026-09-08T13:52:23.484+0000] {processor.py:840} INFO - DAG(s) 'example_external_task_marker_child', 'example_external_task_marker_parent' retrieved from /home/airflow/.local/lib/python3.8/site-packages/airflow/example_dags/example_external_task_marker_dag.py
[2026-09-08T13:52:23.513+0000] {logging_mixin.py:188} INFO - [2026-09-08T13:52:23.513+0000] {dag.py:3047} INFO - Sync 2 DAGs
[2026-09-08T13:52:23.528+0000] {logging_mixin.py:188} INFO - [2026-09-08T13:52:23.527+0000] {dag.py:3834} INFO - Setting next_dagrun for example_external_task_marker_child to None, run_after=None
[2026-09-08T13:52:23.534+0000] {logging_mixin.py:188} INFO - [2026-09-08T13:52:23.534+0000] {dag.py:3834} INFO - Setting next_dagrun for example_external_task_marker_parent to None, run_after=None
[2026-09-08T13:52:23.553+0000] {processor.py:183} INFO - Processing /home/airflow/.local/lib/python3.8/site-packages/airflow/example_dags/example_external_task_marker_dag.py took 0.085 seconds
