[2026-09-08T13:44:47.839+0000] {processor.py:161} INFO - Started process (PID=105) to work on /home/airflow/.local/lib/python3.8/site-packages/airflow/example_dags/example_sla_dag.py
[2026-09-08T13:44:47.841+0000] {processor.py:830} INFO - Processing file /home/airflow/.local/lib/python3.8/site-packages/airflow/example_dags/example_sla_dag.py for tasks to queue
[2026-09-08T13:44:47.852+0000] {logging_mixin.py:188} INFO - [2026-09-08T13:44:47.851+0000] {dagbag.py:540} INFO - Filling up the DagBag from /home/airflow/.local/lib/python3.8/site-packages/airflow/example_dags/example_sla_dag.py
[2026-09-08T13:44:47.881+0000] {processor.py:840} INFO - DAG(s) 'example_sla_dag' retrieved from /home/airflow/.local/lib/python3.8/site-packages/airflow/example_dags/example_sla_dag.py
[2026-09-08T13:44:47.911+0000] {logging_mixin.py:188} INFO - [2026-09-08T13:44:47.911+0000] {dag.py:3047} INFO - Sync 1 DAGs
[2026-09-08T13:44:47.960+0000] {logging_mixin.py:188} INFO - [2026-09-08T13:44:47.960+0000] {dag.py:3834} INFO - Setting next_dagrun for example_sla_dag to 2026-09-08 13:42:00+00:00, run_after=2026-09-08 13:44:00+00:00
[2026-09-08T13:44:47.996+0000] {processor.py:183} INFO - Processing /home/airflow/.local/lib/python3.8/site-packages/airflow/example_dags/example_sla_dag.py took 0.162 seconds
[2026-09-08T13:45:19.943+0000] {processor.py:161} INFO - Started process (PID=162) to work on /home/airflow/.local/lib/python3.8/site-packages/airflow/example_dags/example_sla_dag.py
[2026-09-08T13:45:19.951+0000] {processor.py:830} INFO - Processing file /home/airflow/.local/lib/python3.8/site-packages/airflow/example_dags/example_sla_dag.py for tasks to queue
[2026-09-08T13:45:19.954+0000] {logging_mixin.py:188} INFO - [2026-09-08T13:45:19.953+0000] {dagbag.py:540} INFO - Filling up the DagBag from /home/airflow/.local/lib/python3.8/site-packages/airflow/example_dags/example_sla_dag.py
[2026-09-08T13:45:19.966+0000] {processor.py:840} INFO - DAG(s) 'example_sla_dag' retrieved from /home/airflow/.local/lib/python3.8/site-packages/airflow/example_dags/example_sla_dag.py
[2026-09-08T13:45:20.234+0000] {logging_mixin.py:188} INFO - [2026-09-08T13:45:20.233+0000] {dag.py:3047} INFO - Sync 1 DAGs
[2026-09-08T13:45:20.294+0000] {logging_mixin.py:188} INFO - [2026-09-08T13:45:20.293+0000] {dag.py:3834} INFO - Setting next_dagrun for example_sla_dag to 2026-09-08 13:42:00+00:00, run_after=2026-09-08 13:44:00+00:00
[2026-09-08T13:45:20.344+0000] {processor.py:183} INFO - Processing /home/airflow/.local/lib/python3.8/site-packages/airflow/example_dags/example_sla_dag.py took 0.407 seconds
[2026-09-08T13:45:50.399+0000] {processor.py:161} INFO - Started process (PID=219) to work on /home/airflow/.local/lib/python3.8/site-packages/airflow/example_dags/example_sla_dag.py
[2026-09-08T13:45:50.401+0000] {processor.py:830} INFO - Processing file /home/airflow/.local/lib/python3.8/site-packages/airflow/example_dags/example_sla_dag.py for tasks to queue
[2026-09-08T13:45:50.405+0000] {logging_mixin.py:188} INFO - [2026-09-08T13:45:50.405+0000] {dagbag.py:540} INFO - Filling up the DagBag from /home/airflow/.local/lib/python3.8/site-packages/airflow/example_dags/example_sla_dag.py
[2026-09-08T13:45:50.438+0000] {processor.py:840} INFO - DAG(s) 'example_sla_dag' retrieved from /home/airflow/.local/lib/python3.8/site-packages/airflow/example_dags/example_sla_dag.py
[2026-09-08T13:45:50.493+0000] {logging_mixin.py:188} INFO - [2026-09-08T13:45:50.493+0000] {dag.py:3047} INFO - Sync 1 DAGs
[2026-09-08T13:45:50.568+0000] {logging_mixin.py:188} INFO - [2026-09-08T13:45:50.568+0000] {dag.py:3834} INFO - Setting next_dagrun for example_sla_dag to 2026-09-08 13:42:00+00:00, run_after=2026-09-08 13:44:00+00:00
[2026-09-08T13:45:50.630+0000] {processor.py:183} INFO - Processing /home/airflow/.local/lib/python3.8/site-packages/airflow/example_dags/example_sla_dag.py took 0.241 seconds
[2026-09-08T13:46:21.568+0000] {processor.py:161} INFO - Started process (PID=281) to work on /home/airflow/.local/lib/python3.8/site-packages/airflow/example_dags/example_sla_dag.py
[2026-09-08T13:46:21.570+0000] {processor.py:830} INFO - Processing file /home/airflow/.local/lib/python3.8/site-packages/airflow/example_dags/example_sla_dag.py for tasks to queue
[2026-09-08T13:46:21.574+0000] {logging_mixin.py:188} INFO - [2026-09-08T13:46:21.574+0000] {dagbag.py:540} INFO - Filling up the DagBag from /home/airflow/.local/lib/python3.8/site-packages/airflow/example_dags/example_sla_dag.py
[2026-09-08T13:46:21.584+0000] {processor.py:840} INFO - DAG(s) 'example_sla_dag' retrieved from /home/airflow/.local/lib/python3.8/site-packages/airflow/example_dags/example_sla_dag.py
[2026-09-08T13:46:21.618+0000] {logging_mixin.py:188} INFO - [2026-09-08T13:46:21.617+0000] {dag.py:3047} INFO - Sync 1 DAGs
[2026-09-08T13:46:21.661+0000] {logging_mixin.py:188} INFO - [2026-09-08T13:46:21.661+0000] {dag.py:3834} INFO - Setting next_dagrun for example_sla_dag to 2026-09-08 13:44:00+00:00, run_after=2026-09-08 13:46:00+00:00
[2026-09-08T13:46:21.708+0000] {processor.py:183} INFO - Processing /home/airflow/.local/lib/python3.8/site-packages/airflow/example_dags/example_sla_dag.py took 0.144 seconds
[2026-09-08T13:46:51.940+0000] {processor.py:161} INFO - Started process (PID=338) to work on /home/airflow/.local/lib/python3.8/site-packages/airflow/example_dags/example_sla_dag.py
[2026-09-08T13:46:51.942+0000] {processor.py:830} INFO - Processing file /home/airflow/.local/lib/python3.8/site-packages/airflow/example_dags/example_sla_dag.py for tasks to queue
[2026-09-08T13:46:51.945+0000] {logging_mixin.py:188} INFO - [2026-09-08T13:46:51.945+0000] {dagbag.py:540} INFO - Filling up the DagBag from /home/airflow/.local/lib/python3.8/site-packages/airflow/example_dags/example_sla_dag.py
[2026-09-08T13:46:51.958+0000] {processor.py:840} INFO - DAG(s) 'example_sla_dag' retrieved from /home/airflow/.local/lib/python3.8/site-packages/airflow/example_dags/example_sla_dag.py
[2026-09-08T13:46:51.986+0000] {logging_mixin.py:188} INFO - [2026-09-08T13:46:51.986+0000] {dag.py:3047} INFO - Sync 1 DAGs
[2026-09-08T13:46:52.022+0000] {logging_mixin.py:188} INFO - [2026-09-08T13:46:52.022+0000] {dag.py:3834} INFO - Setting next_dagrun for example_sla_dag to 2026-09-08 13:44:00+00:00, run_after=2026-09-08 13:46:00+00:00
[2026-09-08T13:46:52.047+0000] {processor.py:183} INFO - Processing /home/airflow/.local/lib/python3.8/site-packages/airflow/example_dags/example_sla_dag.py took 0.114 seconds
[2026-09-08T13:47:22.692+0000] {processor.py:161} INFO - Started process (PID=399) to work on /home/airflow/.local/lib/python3.8/site-packages/airflow/example_dags/example_sla_dag.py
[2026-09-08T13:47:22.694+0000] {processor.py:830} INFO - Processing file /home/airflow/.local/lib/python3.8/site-packages/airflow/example_dags/example_sla_dag.py for tasks to queue
[2026-09-08T13:47:22.699+0000] {logging_mixin.py:188} INFO - [2026-09-08T13:47:22.698+0000] {dagbag.py:540} INFO - Filling up the DagBag from /home/airflow/.local/lib/python3.8/site-packages/airflow/example_dags/example_sla_dag.py
[2026-09-08T13:47:22.715+0000] {processor.py:840} INFO - DAG(s) 'example_sla_dag' retrieved from /home/airflow/.local/lib/python3.8/site-packages/airflow/example_dags/example_sla_dag.py
[2026-09-08T13:47:22.752+0000] {logging_mixin.py:188} INFO - [2026-09-08T13:47:22.751+0000] {dag.py:3047} INFO - Sync 1 DAGs
[2026-09-08T13:47:22.798+0000] {logging_mixin.py:188} INFO - [2026-09-08T13:47:22.798+0000] {dag.py:3834} INFO - Setting next_dagrun for example_sla_dag to 2026-09-08 13:44:00+00:00, run_after=2026-09-08 13:46:00+00:00
[2026-09-08T13:47:22.835+0000] {processor.py:183} INFO - Processing /home/airflow/.local/lib/python3.8/site-packages/airflow/example_dags/example_sla_dag.py took 0.147 seconds
[2026-09-08T13:47:53.052+0000] {processor.py:161} INFO - Started process (PID=456) to work on /home/airflow/.local/lib/python3.8/site-packages/airflow/example_dags/example_sla_dag.py
[2026-09-08T13:47:53.054+0000] {processor.py:830} INFO - Processing file /home/airflow/.local/lib/python3.8/site-packages/airflow/example_dags/example_sla_dag.py for tasks to queue
[2026-09-08T13:47:53.058+0000] {logging_mixin.py:188} INFO - [2026-09-08T13:47:53.057+0000] {dagbag.py:540} INFO - Filling up the DagBag from /home/airflow/.local/lib/python3.8/site-packages/airflow/example_dags/example_sla_dag.py
[2026-09-08T13:47:53.076+0000] {processor.py:840} INFO - DAG(s) 'example_sla_dag' retrieved from /home/airflow/.local/lib/python3.8/site-packages/airflow/example_dags/example_sla_dag.py
[2026-09-08T13:47:53.100+0000] {logging_mixin.py:188} INFO - [2026-09-08T13:47:53.100+0000] {dag.py:3047} INFO - Sync 1 DAGs
[2026-09-08T13:47:53.157+0000] {logging_mixin.py:188} INFO - [2026-09-08T13:47:53.157+0000] {dag.py:3834} INFO - Setting next_dagrun for example_sla_dag to 2026-09-08 13:44:00+00:00, run_after=2026-09-08 13:46:00+00:00
[2026-09-08T13:47:53.223+0000] {processor.py:183} INFO - Processing /home/airflow/.local/lib/python3.8/site-packages/airflow/example_dags/example_sla_dag.py took 0.177 seconds
[2026-09-08T13:48:23.868+0000] {processor.py:161} INFO - Started process (PID=513) to work on /home/airflow/.local/lib/python3.8/site-packages/airflow/example_dags/example_sla_dag.py
[2026-09-08T13:48:23.873+0000] {processor.py:830} INFO - Processing file /home/airflow/.local/lib/python3.8/site-packages/airflow/example_dags/example_sla_dag.py for tasks to queue
[2026-09-08T13:48:23.882+0000] {logging_mixin.py:188} INFO - [2026-09-08T13:48:23.881+0000] {dagbag.py:540} INFO - Filling up the DagBag from /home/airflow/.local/lib/python3.8/site-packages/airflow/example_dags/example_sla_dag.py
[2026-09-08T13:48:23.904+0000] {processor.py:840} INFO - DAG(s) 'example_sla_dag' retrieved from /home/airflow/.local/lib/python3.8/site-packages/airflow/example_dags/example_sla_dag.py
[2026-09-08T13:48:24.188+0000] {logging_mixin.py:188} INFO - [2026-09-08T13:48:24.187+0000] {dag.py:3047} INFO - Sync 1 DAGs
[2026-09-08T13:48:24.229+0000] {logging_mixin.py:188} INFO - [2026-09-08T13:48:24.229+0000] {dag.py:3834} INFO - Setting next_dagrun for example_sla_dag to 2026-09-08 13:46:00+00:00, run_after=2026-09-08 13:48:00+00:00
[2026-09-08T13:48:24.531+0000] {processor.py:183} INFO - Processing /home/airflow/.local/lib/python3.8/site-packages/airflow/example_dags/example_sla_dag.py took 0.670 seconds
[2026-09-08T13:48:54.587+0000] {processor.py:161} INFO - Started process (PID=569) to work on /home/airflow/.local/lib/python3.8/site-packages/airflow/example_dags/example_sla_dag.py
[2026-09-08T13:48:54.590+0000] {processor.py:830} INFO - Processing file /home/airflow/.local/lib/python3.8/site-packages/airflow/example_dags/example_sla_dag.py for tasks to queue
[2026-09-08T13:48:54.593+0000] {logging_mixin.py:188} INFO - [2026-09-08T13:48:54.593+0000] {dagbag.py:540} INFO - Filling up the DagBag from /home/airflow/.local/lib/python3.8/site-packages/airflow/example_dags/example_sla_dag.py
[2026-09-08T13:48:54.604+0000] {processor.py:840} INFO - DAG(s) 'example_sla_dag' retrieved from /home/airflow/.local/lib/python3.8/site-packages/airflow/example_dags/example_sla_dag.py
[2026-09-08T13:48:54.629+0000] {logging_mixin.py:188} INFO - [2026-09-08T13:48:54.629+0000] {dag.py:3047} INFO - Sync 1 DAGs
[2026-09-08T13:48:54.660+0000] {logging_mixin.py:188} INFO - [2026-09-08T13:48:54.659+0000] {dag.py:3834} INFO - Setting next_dagrun for example_sla_dag to 2026-09-08 13:46:00+00:00, run_after=2026-09-08 13:48:00+00:00
[2026-09-08T13:48:54.684+0000] {processor.py:183} INFO - Processing /home/airflow/.local/lib/python3.8/site-packages/airflow/example_dags/example_sla_dag.py took 0.101 seconds
[2026-09-08T13:49:24.891+0000] {processor.py:161} INFO - Started process (PID=626) to work on /home/airflow/.local/lib/python3.8/site-packages/airflow/example_dags/example_sla_dag.py
[2026-09-08T13:49:24.893+0000] {processor.py:830} INFO - Processing file /home/airflow/.local/lib/python3.8/site-packages/airflow/example_dags/example_sla_dag.py for tasks to queue
[2026-09-08T13:49:24.896+0000] {logging_mixin.py:188} INFO - [2026-09-08T13:49:24.895+0000] {dagbag.py:540} INFO - Filling up the DagBag from /home/airflow/.local/lib/python3.8/site-packages/airflow/example_dags/example_sla_dag.py
[2026-09-08T13:49:24.910+0000] {processor.py:840} INFO - DAG(s) 'example_sla_dag' retrieved from /home/airflow/.local/lib/python3.8/site-packages/airflow/example_dags/example_sla_dag.py
[2026-09-08T13:49:24.938+0000] {logging_mixin.py:188} INFO - [2026-09-08T13:49:24.937+0000] {dag.py:3047} INFO - Sync 1 DAGs
[2026-09-08T13:49:24.970+0000] {logging_mixin.py:188} INFO - [2026-09-08T13:49:24.969+0000] {dag.py:3834} INFO - Setting next_dagrun for example_sla_dag to 2026-09-08 13:46:00+00:00, run_after=2026-09-08 13:48:00+00:00
[2026-09-08T13:49:24.990+0000] {processor.py:183} INFO - Processing /home/airflow/.local/lib/python3.8/site-packages/airflow/example_dags/example_sla_dag.py took 0.105 seconds
[2026-09-08T13:49:55.735+0000] {processor.py:161} INFO - Started process (PID=683) to work on /home/airflow/.local/lib/python3.8/site-packages/airflow/example_dags/example_sla_dag.py
[2026-09-08T13:49:55.737+0000] {processor.py:830} INFO - Processing file /home/airflow/.local/lib/python3.8/site-packages/airflow/example_dags/example_sla_dag.py for tasks to queue
[2026-09-08T13:49:55.742+0000] {logging_mixin.py:188} INFO - [2026-09-08T13:49:55.742+0000] {dagbag.py:540} INFO - Filling up the DagBag from /home/airflow/.local/lib/python3.8/site-packages/airflow/example_dags/example_sla_dag.py
[2026-09-08T13:49:55.759+0000] {processor.py:840} INFO - DAG(s) 'example_sla_dag' retrieved from /home/airflow/.local/lib/python3.8/site-packages/airflow/example_dags/example_sla_dag.py
[2026-09-08T13:49:55.794+0000] {logging_mixin.py:188} INFO - [2026-09-08T13:49:55.793+0000] {dag.py:3047} INFO - Sync 1 DAGs
[2026-09-08T13:49:55.852+0000] {logging_mixin.py:188} INFO - [2026-09-08T13:49:55.851+0000] {dag.py:3834} INFO - Setting next_dagrun for example_sla_dag to 2026-09-08 13:46:00+00:00, run_after=2026-09-08 13:48:00+00:00
[2026-09-08T13:49:55.886+0000] {processor.py:183} INFO - Processing /home/airflow/.local/lib/python3.8/site-packages/airflow/example_dags/example_sla_dag.py took 0.159 seconds
[2026-09-08T13:50:25.964+0000] {processor.py:161} INFO - Started process (PID=740) to work on /home/airflow/.local/lib/python3.8/site-packages/airflow/example_dags/example_sla_dag.py
[2026-09-08T13:50:25.966+0000] {processor.py:830} INFO - Processing file /home/airflow/.local/lib/python3.8/site-packages/airflow/example_dags/example_sla_dag.py for tasks to queue
[2026-09-08T13:50:25.970+0000] {logging_mixin.py:188} INFO - [2026-09-08T13:50:25.969+0000] {dagbag.py:540} INFO - Filling up the DagBag from /home/airflow/.local/lib/python3.8/site-packages/airflow/example_dags/example_sla_dag.py
[2026-09-08T13:50:25.983+0000] {processor.py:840} INFO - DAG(s) 'example_sla_dag' retrieved from /home/airflow/.local/lib/python3.8/site-packages/airflow/example_dags/example_sla_dag.py
[2026-09-08T13:50:26.010+0000] {logging_mixin.py:188} INFO - [2026-09-08T13:50:26.010+0000] {dag.py:3047} INFO - Sync 1 DAGs
[2026-09-08T13:50:26.050+0000] {logging_mixin.py:188} INFO - [2026-09-08T13:50:26.050+0000] {dag.py:3834} INFO - Setting next_dagrun for example_sla_dag to 2026-09-08 13:48:00+00:00, run_after=2026-09-08 13:50:00+00:00
[2026-09-08T13:50:26.074+0000] {processor.py:183} INFO - Processing /home/airflow/.local/lib/python3.8/site-packages/airflow/example_dags/example_sla_dag.py took 0.116 seconds
[2026-09-08T13:50:56.307+0000] {processor.py:161} INFO - Started process (PID=797) to work on /home/airflow/.local/lib/python3.8/site-packages/airflow/example_dags/example_sla_dag.py
[2026-09-08T13:50:56.309+0000] {processor.py:830} INFO - Processing file /home/airflow/.local/lib/python3.8/site-packages/airflow/example_dags/example_sla_dag.py for tasks to queue
[2026-09-08T13:50:56.313+0000] {logging_mixin.py:188} INFO - [2026-09-08T13:50:56.312+0000] {dagbag.py:540} INFO - Filling up the DagBag from /home/airflow/.local/lib/python3.8/site-packages/airflow/example_dags/example_sla_dag.py
[2026-09-08T13:50:56.326+0000] {processor.py:840} INFO - DAG(s) 'example_sla_dag' retrieved from /home/airflow/.local/lib/python3.8/site-packages/airflow/example_dags/example_sla_dag.py
[2026-09-08T13:50:56.355+0000] {logging_mixin.py:188} INFO - [2026-09-08T13:50:56.355+0000] {dag.py:3047} INFO - Sync 1 DAGs
[2026-09-08T13:50:56.387+0000] {logging_mixin.py:188} INFO - [2026-09-08T13:50:56.387+0000] {dag.py:3834} INFO - Setting next_dagrun for example_sla_dag to 2026-09-08 13:48:00+00:00, run_after=2026-09-08 13:50:00+00:00
[2026-09-08T13:50:56.411+0000] {processor.py:183} INFO - Processing /home/airflow/.local/lib/python3.8/site-packages/airflow/example_dags/example_sla_dag.py took 0.109 seconds
[2026-09-08T13:51:26.753+0000] {processor.py:161} INFO - Started process (PID=854) to work on /home/airflow/.local/lib/python3.8/site-packages/airflow/example_dags/example_sla_dag.py
[2026-09-08T13:51:26.755+0000] {processor.py:830} INFO - Processing file /home/airflow/.local/lib/python3.8/site-packages/airflow/example_dags/example_sla_dag.py for tasks to queue
[2026-09-08T13:51:26.758+0000] {logging_mixin.py:188} INFO - [2026-09-08T13:51:26.758+0000] {dagbag.py:540} INFO - Filling up the DagBag from /home/airflow/.local/lib/python3.8/site-packages/airflow/example_dags/example_sla_dag.py
[2026-09-08T13:51:26.769+0000] {processor.py:840} INFO - DAG(s) 'example_sla_dag' retrieved from /home/airflow/.local/lib/python3.8/site-packages/airflow/example_dags/example_sla_dag.py
[2026-09-08T13:51:26.802+0000] {logging_mixin.py:188} INFO - [2026-09-08T13:51:26.801+0000] {dag.py:3047} INFO - Sync 1 DAGs
[2026-09-08T13:51:26.858+0000] {logging_mixin.py:188} INFO - [2026-09-08T13:51:26.857+0000] {dag.py:3834} INFO - Setting next_dagrun for example_sla_dag to 2026-09-08 13:48:00+00:00, run_after=2026-09-08 13:50:00+00:00
[2026-09-08T13:51:26.899+0000] {processor.py:183} INFO - Processing /home/airflow/.local/lib/python3.8/site-packages/airflow/example_dags/example_sla_dag.py took 0.150 seconds
[2026-09-08T13:51:57.740+0000] {processor.py:161} INFO - Started process (PID=911) to work on /home/airflow/.local/lib/python3.8/site-packages/airflow/example_dags/example_sla_dag.py
[2026-09-08T13:51:57.742+0000] {processor.py:830} INFO - Processing file /home/airflow/.local/lib/python3.8/site-packages/airflow/example_dags/example_sla_dag.py for tasks to queue
[2026-09-08T13:51:57.745+0000] {logging_mixin.py:188} INFO - [2026-09-08T13:51:57.744+0000] {dagbag.py:540} INFO - Filling up the DagBag from /home/airflow/.local/lib/python3.8/site-packages/airflow/example_dags/example_sla_dag.py
[2026-09-08T13:51:57.756+0000] {processor.py:840} INFO - DAG(s) 'example_sla_dag' retrieved from /home/airflow/.local/lib/python3.8/site-packages/airflow/example_dags/example_sla_dag.py
[2026-09-08T13:51:57.781+0000] {logging_mixin.py:188} INFO - [2026-09-08T13:51:57.780+0000] {dag.py:3047} INFO - Sync 1 DAGs
[2026-09-08T13:51:57.809+0000] {logging_mixin.py:188} INFO - [2026-09-08T13:51:57.809+0000] {dag.py:3834} INFO - Setting next_dagrun for example_sla_dag to 2026-09-08 13:48:00+00:00, run_after=2026-09-08 13:50:00+00:00
[2026-09-08T13:51:57.831+0000] {processor.py:183} INFO - Processing /home/airflow/.local/lib/python3.8/site-packages/airflow/example_dags/example_sla_dag.py took 0.095 seconds
[2026-09-08T13:52:27.955+0000] {processor.py:161} INFO - Started process (PID=966) to work on /home/airflow/.local/lib/python3.8/site-packages/airflow/example_dags/example_sla_dag.py
[2026-09-08T13:52:27.957+0000] {processor.py:830} INFO - Processing file /home/airflow/.local/lib/python3.8/site-packages/airflow/example_dags/example_sla_dag.py for tasks to queue
[2026-09-08T13:52:27.960+0000] {logging_mixin.py:188} INFO - [2026-09-08T13:52:27.960+0000] {dagbag.py:540} INFO - Filling up the DagBag from /home/airflow/.local/lib/python3.8/site-packages/airflow/example_dags/example_sla_dag.py
[2026-09-08T13:52:27.972+0000] {processor.py:840} INFO - DAG(s) 'example_sla_dag' retrieved from /home/airflow/.local/lib/python3.8/site-packages/airflow/example_dags/example_sla_dag.py
[2026-09-08T13:52:28.001+0000] {logging_mixin.py:188} INFO - [2026-09-08T13:52:28.000+0000] {dag.py:3047} INFO - Sync 1 DAGs
[2026-09-08T13:52:28.033+0000] {logging_mixin.py:188} INFO - [2026-09-08T13:52:28.033+0000] {dag.py:3834} INFO - Setting next_dagrun for example_sla_dag to 2026-09-08 13:50:00+00:00, run_after=2026-09-08 13:52:00+00:00
[2026-09-08T13:52:28.060+0000] {processor.py:183} INFO - Processing /home/airflow/.local/lib/python3.8/site-packages/airflow/example_dags/example_sla_dag.py took 0.111 seconds
