[2026-09-08T13:44:47.328+0000] {processor.py:161} INFO - Started process (PID=102) to work on /home/airflow/.local/lib/python3.8/site-packages/airflow/example_dags/example_xcomargs.py
[2026-09-08T13:44:47.330+0000] {processor.py:830} INFO - Processing file /home/airflow/.local/lib/python3.8/site-packages/airflow/example_dags/example_xcomargs.py for tasks to queue
[2026-09-08T13:44:47.336+0000] {logging_mixin.py:188} INFO - [2026-09-08T13:44:47.336+0000] {dagbag.py:540} INFO - Filling up the DagBag from /home/airflow/.local/lib/python3.8/site-packages/airflow/example_dags/example_xcomargs.py
[2026-09-08T13:44:47.355+0000] {processor.py:840} INFO - DAG(s) 'example_xcom_args_with_operators', 'example_xcom_args' retrieved from /home/airflow/.local/lib/python3.8/site-packages/airflow/example_dags/example_xcomargs.py
[2026-09-08T13:44:47.381+0000] {logging_mixin.py:188} INFO - [2026-09-08T13:44:47.380+0000] {dag.py:3047} INFO - Sync 2 DAGs
[2026-09-08T13:44:47.411+0000] {logging_mixin.py:188} INFO - [2026-09-08T13:44:47.410+0000] {dag.py:3834} INFO - Setting next_dagrun for example_xcom_args to None, run_after=None
[2026-09-08T13:44:47.422+0000] {logging_mixin.py:188} INFO - [2026-09-08T13:44:47.421+0000] {dag.py:3834} INFO - Setting next_dagrun for example_xcom_args_with_operators to None, run_after=None
[2026-09-08T13:44:47.461+0000] {processor.py:183} INFO - Processing /home/airflow/.local/lib/python3.8/site-packages/airflow/example_dags/example_xcomargs.py took 0.139 seconds
[2026-09-08T13:45:19.276+0000] {processor.py:161} INFO - Started process (PID=159) to work on /home/airflow/.local/lib/python3.8/site-packages/airflow/example_dags/example_xcomargs.py
[2026-09-08T13:45:19.279+0000] {processor.py:830} INFO - Processing file /home/airflow/.local/lib/python3.8/site-packages/airflow/example_dags/example_xcomargs.py for tasks to queue
[2026-09-08T13:45:19.283+0000] {logging_mixin.py:188} INFO - [2026-09-08T13:45:19.283+0000] {dagbag.py:540} INFO - Filling up the DagBag from /home/airflow/.local/lib/python3.8/site-packages/airflow/example_dags/example_xcomargs.py
[2026-09-08T13:45:19.306+0000] {processor.py:840} INFO - DAG(s) 'example_xcom_args_with_operators', 'example_xcom_args' retrieved from /home/airflow/.local/lib/python3.8/site-packages/airflow/example_dags/example_xcomargs.py
[2026-09-08T13:45:19.585+0000] {logging_mixin.py:188} INFO - [2026-09-08T13:45:19.584+0000] {dag.py:3047} INFO - Sync 2 DAGs
[2026-09-08T13:45:19.612+0000] {logging_mixin.py:188} INFO - [2026-09-08T13:45:19.612+0000] {dag.py:3834} INFO - Setting next_dagrun for example_xcom_args to None, run_after=None
[2026-09-08T13:45:19.622+0000] {logging_mixin.py:188} INFO - [2026-09-08T13:45:19.621+0000] {dag.py:3834} INFO - Setting next_dagrun for example_xcom_args_with_operators to None, run_after=None
[2026-09-08T13:45:19.670+0000] {processor.py:183} INFO - Processing /home/airflow/.local/lib/python3.8/site-packages/airflow/example_dags/example_xcomargs.py took 0.401 seconds
[2026-09-08T13:45:49.876+0000] {processor.py:161} INFO - Started process (PID=216) to work on /home/airflow/.local/lib/python3.8/site-packages/airflow/example_dags/example_xcomargs.py
[2026-09-08T13:45:49.887+0000] {processor.py:830} INFO - Processing file /home/airflow/.local/lib/python3.8/site-packages/airflow/example_dags/example_xcomargs.py for tasks to queue
[2026-09-08T13:45:49.891+0000] {logging_mixin.py:188} INFO - [2026-09-08T13:45:49.890+0000] {dagbag.py:540} INFO - Filling up the DagBag from /home/airflow/.local/lib/python3.8/site-packages/airflow/example_dags/example_xcomargs.py
[2026-09-08T13:45:49.937+0000] {processor.py:840} INFO - DAG(s) 'example_xcom_args_with_operators', 'example_xcom_args' retrieved from /home/airflow/.local/lib/python3.8/site-packages/airflow/example_dags/example_xcomargs.py
[2026-09-08T13:45:50.036+0000] {logging_mixin.py:188} INFO - [2026-09-08T13:45:50.036+0000] {dag.py:3047} INFO - Sync 2 DAGs
[2026-09-08T13:45:50.097+0000] {logging_mixin.py:188} INFO - [2026-09-08T13:45:50.097+0000] {dag.py:3834} INFO - Setting next_dagrun for example_xcom_args to None, run_after=None
[2026-09-08T13:45:50.104+0000] {logging_mixin.py:188} INFO - [2026-09-08T13:45:50.104+0000] {dag.py:3834} INFO - Setting next_dagrun for example_xcom_args_with_operators to None, run_after=None
[2026-09-08T13:45:50.163+0000] {processor.py:183} INFO - Processing /home/airflow/.local/lib/python3.8/site-packages/airflow/example_dags/example_xcomargs.py took 0.292 seconds
[2026-09-08T13:46:20.393+0000] {processor.py:161} INFO - Started process (PID=278) to work on /home/airflow/.local/lib/python3.8/site-packages/airflow/example_dags/example_xcomargs.py
[2026-09-08T13:46:20.394+0000] {processor.py:830} INFO - Processing file /home/airflow/.local/lib/python3.8/site-packages/airflow/example_dags/example_xcomargs.py for tasks to queue
[2026-09-08T13:46:20.397+0000] {logging_mixin.py:188} INFO - [2026-09-08T13:46:20.397+0000] {dagbag.py:540} INFO - Filling up the DagBag from /home/airflow/.local/lib/python3.8/site-packages/airflow/example_dags/example_xcomargs.py
[2026-09-08T13:46:20.410+0000] {processor.py:840} INFO - DAG(s) 'example_xcom_args', 'example_xcom_args_with_operators' retrieved from /home/airflow/.local/lib/python3.8/site-packages/airflow/example_dags/example_xcomargs.py
[2026-09-08T13:46:20.451+0000] {logging_mixin.py:188} INFO - [2026-09-08T13:46:20.450+0000] {dag.py:3047} INFO - Sync 2 DAGs
[2026-09-08T13:46:20.472+0000] {logging_mixin.py:188} INFO - [2026-09-08T13:46:20.472+0000] {dag.py:3834} INFO - Setting next_dagrun for example_xcom_args to None, run_after=None
[2026-09-08T13:46:20.477+0000] {logging_mixin.py:188} INFO - [2026-09-08T13:46:20.477+0000] {dag.py:3834} INFO - Setting next_dagrun for example_xcom_args_with_operators to None, run_after=None
[2026-09-08T13:46:20.508+0000] {processor.py:183} INFO - Processing /home/airflow/.local/lib/python3.8/site-packages/airflow/example_dags/example_xcomargs.py took 0.120 seconds
[2026-09-08T13:46:50.776+0000] {processor.py:161} INFO - Started process (PID=335) to work on /home/airflow/.local/lib/python3.8/site-packages/airflow/example_dags/example_xcomargs.py
[2026-09-08T13:46:50.778+0000] {processor.py:830} INFO - Processing file /home/airflow/.local/lib/python3.8/site-packages/airflow/example_dags/example_xcomargs.py for tasks to queue
[2026-09-08T13:46:50.782+0000] {logging_mixin.py:188} INFO - [2026-09-08T13:46:50.781+0000] {dagbag.py:540} INFO - Filling up the DagBag from /home/airflow/.local/lib/python3.8/site-packages/airflow/example_dags/example_xcomargs.py
[2026-09-08T13:46:50.793+0000] {processor.py:840} INFO - DAG(s) 'example_xcom_args', 'example_xcom_args_with_operators' retrieved from /home/airflow/.local/lib/python3.8/site-packages/airflow/example_dags/example_xcomargs.py
[2026-09-08T13:46:50.829+0000] {logging_mixin.py:188} INFO - [2026-09-08T13:46:50.829+0000] {dag.py:3047} INFO - Sync 2 DAGs
[2026-09-08T13:46:50.850+0000] {logging_mixin.py:188} INFO - [2026-09-08T13:46:50.849+0000] {dag.py:3834} INFO - Setting next_dagrun for example_xcom_args to None, run_after=None
[2026-09-08T13:46:50.855+0000] {logging_mixin.py:188} INFO - [2026-09-08T13:46:50.855+0000] {dag.py:3834} INFO - Setting next_dagrun for example_xcom_args_with_operators to None, run_after=None
[2026-09-08T13:46:50.877+0000] {processor.py:183} INFO - Processing /home/airflow/.local/lib/python3.8/site-packages/airflow/example_dags/example_xcomargs.py took 0.106 seconds
[2026-09-08T13:47:21.493+0000] {processor.py:161} INFO - Started process (PID=396) to work on /home/airflow/.local/lib/python3.8/site-packages/airflow/example_dags/example_xcomargs.py
[2026-09-08T13:47:21.496+0000] {processor.py:830} INFO - Processing file /home/airflow/.local/lib/python3.8/site-packages/airflow/example_dags/example_xcomargs.py for tasks to queue
[2026-09-08T13:47:21.499+0000] {logging_mixin.py:188} INFO - [2026-09-08T13:47:21.498+0000] {dagbag.py:540} INFO - Filling up the DagBag from /home/airflow/.local/lib/python3.8/site-packages/airflow/example_dags/example_xcomargs.py
[2026-09-08T13:47:21.513+0000] {processor.py:840} INFO - DAG(s) 'example_xcom_args_with_operators', 'example_xcom_args' retrieved from /home/airflow/.local/lib/python3.8/site-packages/airflow/example_dags/example_xcomargs.py
[2026-09-08T13:47:21.553+0000] {logging_mixin.py:188} INFO - [2026-09-08T13:47:21.553+0000] {dag.py:3047} INFO - Sync 2 DAGs
[2026-09-08T13:47:21.575+0000] {logging_mixin.py:188} INFO - [2026-09-08T13:47:21.575+0000] {dag.py:3834} INFO - Setting next_dagrun for example_xcom_args to None, run_after=None
[2026-09-08T13:47:21.580+0000] {logging_mixin.py:188} INFO - [2026-09-08T13:47:21.580+0000] {dag.py:3834} INFO - Setting next_dagrun for example_xcom_args_with_operators to None, run_after=None
[2026-09-08T13:47:21.628+0000] {processor.py:183} INFO - Processing /home/airflow/.local/lib/python3.8/site-packages/airflow/example_dags/example_xcomargs.py took 0.139 seconds
[2026-09-08T13:47:51.893+0000] {processor.py:161} INFO - Started process (PID=453) to work on /home/airflow/.local/lib/python3.8/site-packages/airflow/example_dags/example_xcomargs.py
[2026-09-08T13:47:51.899+0000] {processor.py:830} INFO - Processing file /home/airflow/.local/lib/python3.8/site-packages/airflow/example_dags/example_xcomargs.py for tasks to queue
[2026-09-08T13:47:51.903+0000] {logging_mixin.py:188} INFO - [2026-09-08T13:47:51.902+0000] {dagbag.py:540} INFO - Filling up the DagBag from /home/airflow/.local/lib/python3.8/site-packages/airflow/example_dags/example_xcomargs.py
[2026-09-08T13:47:51.916+0000] {processor.py:840} INFO - DAG(s) 'example_xcom_args_with_operators', 'example_xcom_args' retrieved from /home/airflow/.local/lib/python3.8/site-packages/airflow/example_dags/example_xcomargs.py
[2026-09-08T13:47:51.938+0000] {logging_mixin.py:188} INFO - [2026-09-08T13:47:51.938+0000] {dag.py:3047} INFO - Sync 2 DAGs
[2026-09-08T13:47:51.961+0000] {logging_mixin.py:188} INFO - [2026-09-08T13:47:51.961+0000] {dag.py:3834} INFO - Setting next_dagrun for example_xcom_args to None, run_after=None
[2026-09-08T13:47:51.965+0000] {logging_mixin.py:188} INFO - [2026-09-08T13:47:51.965+0000] {dag.py:3834} INFO - Setting next_dagrun for example_xcom_args_with_operators to None, run_after=None
[2026-09-08T13:47:51.987+0000] {processor.py:183} INFO - Processing /home/airflow/.local/lib/python3.8/site-packages/airflow/example_dags/example_xcomargs.py took 0.098 seconds
[2026-09-08T13:48:23.250+0000] {processor.py:161} INFO - Started process (PID=510) to work on /home/airflow/.local/lib/python3.8/site-packages/airflow/example_dags/example_xcomargs.py
[2026-09-08T13:48:23.252+0000] {processor.py:830} INFO - Processing file /home/airflow/.local/lib/python3.8/site-packages/airflow/example_dags/example_xcomargs.py for tasks to queue
[2026-09-08T13:48:23.257+0000] {logging_mixin.py:188} INFO - [2026-09-08T13:48:23.256+0000] {dagbag.py:540} INFO - Filling up the DagBag from /home/airflow/.local/lib/python3.8/site-packages/airflow/example_dags/example_xcomargs.py
[2026-09-08T13:48:23.266+0000] {processor.py:840} INFO - DAG(s) 'example_xcom_args_with_operators', 'example_xcom_args' retrieved from /home/airflow/.local/lib/python3.8/site-packages/airflow/example_dags/example_xcomargs.py
[2026-09-08T13:48:23.430+0000] {logging_mixin.py:188} INFO - [2026-09-08T13:48:23.430+0000] {dag.py:3047} INFO - Sync 2 DAGs
[2026-09-08T13:48:23.445+0000] {logging_mixin.py:188} INFO - [2026-09-08T13:48:23.445+0000] {dag.py:3834} INFO - Setting next_dagrun for example_xcom_args to None, run_after=None
[2026-09-08T13:48:23.451+0000] {logging_mixin.py:188} INFO - [2026-09-08T13:48:23.451+0000] {dag.py:3834} INFO - Setting next_dagrun for example_xcom_args_with_operators to None, run_after=None
[2026-09-08T13:48:23.481+0000] {processor.py:183} INFO - Processing /home/airflow/.local/lib/python3.8/site-packages/airflow/example_dags/example_xcomargs.py took 0.234 seconds
[2026-09-08T13:48:54.410+0000] {processor.py:161} INFO - Started process (PID=566) to work on /home/airflow/.local/lib/python3.8/site-packages/airflow/example_dags/example_xcomargs.py
[2026-09-08T13:48:54.413+0000] {processor.py:830} INFO - Processing file /home/airflow/.local/lib/python3.8/site-packages/airflow/example_dags/example_xcomargs.py for tasks to queue
[2026-09-08T13:48:54.416+0000] {logging_mixin.py:188} INFO - [2026-09-08T13:48:54.415+0000] {dagbag.py:540} INFO - Filling up the DagBag from /home/airflow/.local/lib/python3.8/site-packages/airflow/example_dags/example_xcomargs.py
[2026-09-08T13:48:54.429+0000] {processor.py:840} INFO - DAG(s) 'example_xcom_args_with_operators', 'example_xcom_args' retrieved from /home/airflow/.local/lib/python3.8/site-packages/airflow/example_dags/example_xcomargs.py
[2026-09-08T13:48:54.465+0000] {logging_mixin.py:188} INFO - [2026-09-08T13:48:54.465+0000] {dag.py:3047} INFO - Sync 2 DAGs
[2026-09-08T13:48:54.490+0000] {logging_mixin.py:188} INFO - [2026-09-08T13:48:54.490+0000] {dag.py:3834} INFO - Setting next_dagrun for example_xcom_args to None, run_after=None
[2026-09-08T13:48:54.499+0000] {logging_mixin.py:188} INFO - [2026-09-08T13:48:54.499+0000] {dag.py:3834} INFO - Setting next_dagrun for example_xcom_args_with_operators to None, run_after=None
[2026-09-08T13:48:54.526+0000] {processor.py:183} INFO - Processing /home/airflow/.local/lib/python3.8/site-packages/airflow/example_dags/example_xcomargs.py took 0.120 seconds
[2026-09-08T13:49:24.706+0000] {processor.py:161} INFO - Started process (PID=623) to work on /home/airflow/.local/lib/python3.8/site-packages/airflow/example_dags/example_xcomargs.py
[2026-09-08T13:49:24.708+0000] {processor.py:830} INFO - Processing file /home/airflow/.local/lib/python3.8/site-packages/airflow/example_dags/example_xcomargs.py for tasks to queue
[2026-09-08T13:49:24.711+0000] {logging_mixin.py:188} INFO - [2026-09-08T13:49:24.711+0000] {dagbag.py:540} INFO - Filling up the DagBag from /home/airflow/.local/lib/python3.8/site-packages/airflow/example_dags/example_xcomargs.py
[2026-09-08T13:49:24.726+0000] {processor.py:840} INFO - DAG(s) 'example_xcom_args_with_operators', 'example_xcom_args' retrieved from /home/airflow/.local/lib/python3.8/site-packages/airflow/example_dags/example_xcomargs.py
[2026-09-08T13:49:24.760+0000] {logging_mixin.py:188} INFO - [2026-09-08T13:49:24.760+0000] {dag.py:3047} INFO - Sync 2 DAGs
[2026-09-08T13:49:24.778+0000] {logging_mixin.py:188} INFO - [2026-09-08T13:49:24.778+0000] {dag.py:3834} INFO - Setting next_dagrun for example_xcom_args to None, run_after=None
[2026-09-08T13:49:24.783+0000] {logging_mixin.py:188} INFO - [2026-09-08T13:49:24.783+0000] {dag.py:3834} INFO - Setting next_dagrun for example_xcom_args_with_operators to None, run_after=None
[2026-09-08T13:49:24.811+0000] {processor.py:183} INFO - Processing /home/airflow/.local/lib/python3.8/site-packages/airflow/example_dags/example_xcomargs.py took 0.110 seconds
[2026-09-08T13:49:55.526+0000] {processor.py:161} INFO - Started process (PID=680) to work on /home/airflow/.local/lib/python3.8/site-packages/airflow/example_dags/example_xcomargs.py
[2026-09-08T13:49:55.528+0000] {processor.py:830} INFO - Processing file /home/airflow/.local/lib/python3.8/site-packages/airflow/example_dags/example_xcomargs.py for tasks to queue
[2026-09-08T13:49:55.536+0000] {logging_mixin.py:188} INFO - [2026-09-08T13:49:55.533+0000] {dagbag.py:540} INFO - Filling up the DagBag from /home/airflow/.local/lib/python3.8/site-packages/airflow/example_dags/example_xcomargs.py
[2026-09-08T13:49:55.554+0000] {processor.py:840} INFO - DAG(s) 'example_xcom_args', 'example_xcom_args_with_operators' retrieved from /home/airflow/.local/lib/python3.8/site-packages/airflow/example_dags/example_xcomargs.py
[2026-09-08T13:49:55.589+0000] {logging_mixin.py:188} INFO - [2026-09-08T13:49:55.589+0000] {dag.py:3047} INFO - Sync 2 DAGs
[2026-09-08T13:49:55.607+0000] {logging_mixin.py:188} INFO - [2026-09-08T13:49:55.607+0000] {dag.py:3834} INFO - Setting next_dagrun for example_xcom_args to None, run_after=None
[2026-09-08T13:49:55.611+0000] {logging_mixin.py:188} INFO - [2026-09-08T13:49:55.611+0000] {dag.py:3834} INFO - Setting next_dagrun for example_xcom_args_with_operators to None, run_after=None
[2026-09-08T13:49:55.638+0000] {processor.py:183} INFO - Processing /home/airflow/.local/lib/python3.8/site-packages/airflow/example_dags/example_xcomargs.py took 0.116 seconds
[2026-09-08T13:50:25.676+0000] {processor.py:161} INFO - Started process (PID=737) to work on /home/airflow/.local/lib/python3.8/site-packages/airflow/example_dags/example_xcomargs.py
[2026-09-08T13:50:25.678+0000] {processor.py:830} INFO - Processing file /home/airflow/.local/lib/python3.8/site-packages/airflow/example_dags/example_xcomargs.py for tasks to queue
[2026-09-08T13:50:25.681+0000] {logging_mixin.py:188} INFO - [2026-09-08T13:50:25.680+0000] {dagbag.py:540} INFO - Filling up the DagBag from /home/airflow/.local/lib/python3.8/site-packages/airflow/example_dags/example_xcomargs.py
[2026-09-08T13:50:25.690+0000] {processor.py:840} INFO - DAG(s) 'example_xcom_args', 'example_xcom_args_with_operators' retrieved from /home/airflow/.local/lib/python3.8/site-packages/airflow/example_dags/example_xcomargs.py
[2026-09-08T13:50:25.721+0000] {logging_mixin.py:188} INFO - [2026-09-08T13:50:25.721+0000] {dag.py:3047} INFO - Sync 2 DAGs
[2026-09-08T13:50:25.736+0000] {logging_mixin.py:188} INFO - [2026-09-08T13:50:25.735+0000] {dag.py:3834} INFO - Setting next_dagrun for example_xcom_args to None, run_after=None
[2026-09-08T13:50:25.740+0000] {logging_mixin.py:188} INFO - [2026-09-08T13:50:25.740+0000] {dag.py:3834} INFO - Setting next_dagrun for example_xcom_args_with_operators to None, run_after=None
[2026-09-08T13:50:25.760+0000] {processor.py:183} INFO - Processing /home/airflow/.local/lib/python3.8/site-packages/airflow/example_dags/example_xcomargs.py took 0.088 seconds
[2026-09-08T13:50:56.091+0000] {processor.py:161} INFO - Started process (PID=794) to work on /home/airflow/.local/lib/python3.8/site-packages/airflow/example_dags/example_xcomargs.py
[2026-09-08T13:50:56.093+0000] {processor.py:830} INFO - Processing file /home/airflow/.local/lib/python3.8/site-packages/airflow/example_dags/example_xcomargs.py for tasks to queue
[2026-09-08T13:50:56.096+0000] {logging_mixin.py:188} INFO - [2026-09-08T13:50:56.095+0000] {dagbag.py:540} INFO - Filling up the DagBag from /home/airflow/.local/lib/python3.8/site-packages/airflow/example_dags/example_xcomargs.py
[2026-09-08T13:50:56.105+0000] {processor.py:840} INFO - DAG(s) 'example_xcom_args', 'example_xcom_args_with_operators' retrieved from /home/airflow/.local/lib/python3.8/site-packages/airflow/example_dags/example_xcomargs.py
[2026-09-08T13:50:56.137+0000] {logging_mixin.py:188} INFO - [2026-09-08T13:50:56.137+0000] {dag.py:3047} INFO - Sync 2 DAGs
[2026-09-08T13:50:56.152+0000] {logging_mixin.py:188} INFO - [2026-09-08T13:50:56.152+0000] {dag.py:3834} INFO - Setting next_dagrun for example_xcom_args to None, run_after=None
[2026-09-08T13:50:56.157+0000] {logging_mixin.py:188} INFO - [2026-09-08T13:50:56.157+0000] {dag.py:3834} INFO - Setting next_dagrun for example_xcom_args_with_operators to None, run_after=None
[2026-09-08T13:50:56.179+0000] {processor.py:183} INFO - Processing /home/airflow/.local/lib/python3.8/site-packages/airflow/example_dags/example_xcomargs.py took 0.092 seconds
[2026-09-08T13:51:26.275+0000] {processor.py:161} INFO - Started process (PID=850) to work on /home/airflow/.local/lib/python3.8/site-packages/airflow/example_dags/example_xcomargs.py
[2026-09-08T13:51:26.278+0000] {processor.py:830} INFO - Processing file /home/airflow/.local/lib/python3.8/site-packages/airflow/example_dags/example_xcomargs.py for tasks to queue
[2026-09-08T13:51:26.283+0000] {logging_mixin.py:188} INFO - [2026-09-08T13:51:26.282+0000] {dagbag.py:540} INFO - Filling up the DagBag from /home/airflow/.local/lib/python3.8/site-packages/airflow/example_dags/example_xcomargs.py
[2026-09-08T13:51:26.296+0000] {processor.py:840} INFO - DAG(s) 'example_xcom_args_with_operators', 'example_xcom_args' retrieved from /home/airflow/.local/lib/python3.8/site-packages/airflow/example_dags/example_xcomargs.py
[2026-09-08T13:51:26.329+0000] {logging_mixin.py:188} INFO - [2026-09-08T13:51:26.329+0000] {dag.py:3047} INFO - Sync 2 DAGs
[2026-09-08T13:51:26.345+0000] {logging_mixin.py:188} INFO - [2026-09-08T13:51:26.344+0000] {dag.py:3834} INFO - Setting next_dagrun for example_xcom_args to None, run_after=None
[2026-09-08T13:51:26.349+0000] {logging_mixin.py:188} INFO - [2026-09-08T13:51:26.349+0000] {dag.py:3834} INFO - Setting next_dagrun for example_xcom_args_with_operators to None, run_after=None
[2026-09-08T13:51:26.370+0000] {processor.py:183} INFO - Processing /home/airflow/.local/lib/python3.8/site-packages/airflow/example_dags/example_xcomargs.py took 0.101 seconds
[2026-09-08T13:51:56.432+0000] {processor.py:161} INFO - Started process (PID=906) to work on /home/airflow/.local/lib/python3.8/site-packages/airflow/example_dags/example_xcomargs.py
[2026-09-08T13:51:56.434+0000] {processor.py:830} INFO - Processing file /home/airflow/.local/lib/python3.8/site-packages/airflow/example_dags/example_xcomargs.py for tasks to queue
[2026-09-08T13:51:56.437+0000] {logging_mixin.py:188} INFO - [2026-09-08T13:51:56.436+0000] {dagbag.py:540} INFO - Filling up the DagBag from /home/airflow/.local/lib/python3.8/site-packages/airflow/example_dags/example_xcomargs.py
[2026-09-08T13:51:56.446+0000] {processor.py:840} INFO - DAG(s) 'example_xcom_args', 'example_xcom_args_with_operators' retrieved from /home/airflow/.local/lib/python3.8/site-packages/airflow/example_dags/example_xcomargs.py
[2026-09-08T13:51:56.479+0000] {logging_mixin.py:188} INFO - [2026-09-08T13:51:56.479+0000] {dag.py:3047} INFO - Sync 2 DAGs
[2026-09-08T13:51:56.493+0000] {logging_mixin.py:188} INFO - [2026-09-08T13:51:56.492+0000] {dag.py:3834} INFO - Setting next_dagrun for example_xcom_args to None, run_after=None
[2026-09-08T13:51:56.497+0000] {logging_mixin.py:188} INFO - [2026-09-08T13:51:56.497+0000] {dag.py:3834} INFO - Setting next_dagrun for example_xcom_args_with_operators to None, run_after=None
[2026-09-08T13:51:56.515+0000] {processor.py:183} INFO - Processing /home/airflow/.local/lib/python3.8/site-packages/airflow/example_dags/example_xcomargs.py took 0.087 seconds
[2026-09-08T13:52:26.573+0000] {processor.py:161} INFO - Started process (PID=963) to work on /home/airflow/.local/lib/python3.8/site-packages/airflow/example_dags/example_xcomargs.py
[2026-09-08T13:52:26.575+0000] {processor.py:830} INFO - Processing file /home/airflow/.local/lib/python3.8/site-packages/airflow/example_dags/example_xcomargs.py for tasks to queue
[2026-09-08T13:52:26.579+0000] {logging_mixin.py:188} INFO - [2026-09-08T13:52:26.579+0000] {dagbag.py:540} INFO - Filling up the DagBag from /home/airflow/.local/lib/python3.8/site-packages/airflow/example_dags/example_xcomargs.py
[2026-09-08T13:52:26.589+0000] {processor.py:840} INFO - DAG(s) 'example_xcom_args_with_operators', 'example_xcom_args' retrieved from /home/airflow/.local/lib/python3.8/site-packages/airflow/example_dags/example_xcomargs.py
[2026-09-08T13:52:26.619+0000] {logging_mixin.py:188} INFO - [2026-09-08T13:52:26.619+0000] {dag.py:3047} INFO - Sync 2 DAGs
[2026-09-08T13:52:26.636+0000] {logging_mixin.py:188} INFO - [2026-09-08T13:52:26.636+0000] {dag.py:3834} INFO - Setting next_dagrun for example_xcom_args to None, run_after=None
[2026-09-08T13:52:26.642+0000] {logging_mixin.py:188} INFO - [2026-09-08T13:52:26.641+0000] {dag.py:3834} INFO - Setting next_dagrun for example_xcom_args_with_operators to None, run_after=None
[2026-09-08T13:52:26.669+0000] {processor.py:183} INFO - Processing /home/airflow/.local/lib/python3.8/site-packages/airflow/example_dags/example_xcomargs.py took 0.100 seconds
