[2026-09-08T13:44:45.291+0000] {processor.py:161} INFO - Started process (PID=92) to work on /home/airflow/.local/lib/python3.8/site-packages/airflow/example_dags/example_branch_labels.py
[2026-09-08T13:44:45.296+0000] {processor.py:830} INFO - Processing file /home/airflow/.local/lib/python3.8/site-packages/airflow/example_dags/example_branch_labels.py for tasks to queue
[2026-09-08T13:44:45.314+0000] {logging_mixin.py:188} INFO - [2026-09-08T13:44:45.313+0000] {dagbag.py:540} INFO - Filling up the DagBag from /home/airflow/.local/lib/python3.8/site-packages/airflow/example_dags/example_branch_labels.py
[2026-09-08T13:44:45.358+0000] {processor.py:840} INFO - DAG(s) 'example_branch_labels' retrieved from /home/airflow/.local/lib/python3.8/site-packages/airflow/example_dags/example_branch_labels.py
[2026-09-08T13:44:45.435+0000] {logging_mixin.py:188} INFO - [2026-09-08T13:44:45.427+0000] {dag.py:3047} INFO - Sync 1 DAGs
[2026-09-08T13:44:45.534+0000] {logging_mixin.py:188} INFO - [2026-09-08T13:44:45.533+0000] {dag.py:3834} INFO - Setting next_dagrun for example_branch_labels to 2026-09-07 00:00:00+00:00, run_after=2026-09-08 00:00:00+00:00
[2026-09-08T13:44:45.625+0000] {processor.py:183} INFO - Processing /home/airflow/.local/lib/python3.8/site-packages/airflow/example_dags/example_branch_labels.py took 0.355 seconds
[2026-09-08T13:45:16.272+0000] {processor.py:161} INFO - Started process (PID=149) to work on /home/airflow/.local/lib/python3.8/site-packages/airflow/example_dags/example_branch_labels.py
[2026-09-08T13:45:16.274+0000] {processor.py:830} INFO - Processing file /home/airflow/.local/lib/python3.8/site-packages/airflow/example_dags/example_branch_labels.py for tasks to queue
[2026-09-08T13:45:16.278+0000] {logging_mixin.py:188} INFO - [2026-09-08T13:45:16.277+0000] {dagbag.py:540} INFO - Filling up the DagBag from /home/airflow/.local/lib/python3.8/site-packages/airflow/example_dags/example_branch_labels.py
[2026-09-08T13:45:16.295+0000] {processor.py:840} INFO - DAG(s) 'example_branch_labels' retrieved from /home/airflow/.local/lib/python3.8/site-packages/airflow/example_dags/example_branch_labels.py
[2026-09-08T13:45:16.468+0000] {logging_mixin.py:188} INFO - [2026-09-08T13:45:16.467+0000] {dag.py:3047} INFO - Sync 1 DAGs
[2026-09-08T13:45:16.507+0000] {logging_mixin.py:188} INFO - [2026-09-08T13:45:16.507+0000] {dag.py:3834} INFO - Setting next_dagrun for example_branch_labels to 2026-09-07 00:00:00+00:00, run_after=2026-09-08 00:00:00+00:00
[2026-09-08T13:45:16.566+0000] {processor.py:183} INFO - Processing /home/airflow/.local/lib/python3.8/site-packages/airflow/example_dags/example_branch_labels.py took 0.303 seconds
[2026-09-08T13:45:48.031+0000] {processor.py:161} INFO - Started process (PID=206) to work on /home/airflow/.local/lib/python3.8/site-packages/airflow/example_dags/example_branch_labels.py
[2026-09-08T13:45:48.033+0000] {processor.py:830} INFO - Processing file /home/airflow/.local/lib/python3.8/site-packages/airflow/example_dags/example_branch_labels.py for tasks to queue
[2026-09-08T13:45:48.038+0000] {logging_mixin.py:188} INFO - [2026-09-08T13:45:48.037+0000] {dagbag.py:540} INFO - Filling up the DagBag from /home/airflow/.local/lib/python3.8/site-packages/airflow/example_dags/example_branch_labels.py
[2026-09-08T13:45:48.081+0000] {processor.py:840} INFO - DAG(s) 'example_branch_labels' retrieved from /home/airflow/.local/lib/python3.8/site-packages/airflow/example_dags/example_branch_labels.py
[2026-09-08T13:45:48.177+0000] {logging_mixin.py:188} INFO - [2026-09-08T13:45:48.176+0000] {dag.py:3047} INFO - Sync 1 DAGs
[2026-09-08T13:45:48.290+0000] {logging_mixin.py:188} INFO - [2026-09-08T13:45:48.290+0000] {dag.py:3834} INFO - Setting next_dagrun for example_branch_labels to 2026-09-07 00:00:00+00:00, run_after=2026-09-08 00:00:00+00:00
[2026-09-08T13:45:48.373+0000] {processor.py:183} INFO - Processing /home/airflow/.local/lib/python3.8/site-packages/airflow/example_dags/example_branch_labels.py took 0.359 seconds
[2026-09-08T13:46:19.248+0000] {processor.py:161} INFO - Started process (PID=268) to work on /home/airflow/.local/lib/python3.8/site-packages/airflow/example_dags/example_branch_labels.py
[2026-09-08T13:46:19.251+0000] {processor.py:830} INFO - Processing file /home/airflow/.local/lib/python3.8/site-packages/airflow/example_dags/example_branch_labels.py for tasks to queue
[2026-09-08T13:46:19.255+0000] {logging_mixin.py:188} INFO - [2026-09-08T13:46:19.254+0000] {dagbag.py:540} INFO - Filling up the DagBag from /home/airflow/.local/lib/python3.8/site-packages/airflow/example_dags/example_branch_labels.py
[2026-09-08T13:46:19.274+0000] {processor.py:840} INFO - DAG(s) 'example_branch_labels' retrieved from /home/airflow/.local/lib/python3.8/site-packages/airflow/example_dags/example_branch_labels.py
[2026-09-08T13:46:19.311+0000] {logging_mixin.py:188} INFO - [2026-09-08T13:46:19.311+0000] {dag.py:3047} INFO - Sync 1 DAGs
[2026-09-08T13:46:19.355+0000] {logging_mixin.py:188} INFO - [2026-09-08T13:46:19.355+0000] {dag.py:3834} INFO - Setting next_dagrun for example_branch_labels to 2026-09-07 00:00:00+00:00, run_after=2026-09-08 00:00:00+00:00
[2026-09-08T13:46:19.430+0000] {processor.py:183} INFO - Processing /home/airflow/.local/lib/python3.8/site-packages/airflow/example_dags/example_branch_labels.py took 0.188 seconds
[2026-09-08T13:46:50.058+0000] {processor.py:161} INFO - Started process (PID=325) to work on /home/airflow/.local/lib/python3.8/site-packages/airflow/example_dags/example_branch_labels.py
[2026-09-08T13:46:50.061+0000] {processor.py:830} INFO - Processing file /home/airflow/.local/lib/python3.8/site-packages/airflow/example_dags/example_branch_labels.py for tasks to queue
[2026-09-08T13:46:50.064+0000] {logging_mixin.py:188} INFO - [2026-09-08T13:46:50.063+0000] {dagbag.py:540} INFO - Filling up the DagBag from /home/airflow/.local/lib/python3.8/site-packages/airflow/example_dags/example_branch_labels.py
[2026-09-08T13:46:50.074+0000] {processor.py:840} INFO - DAG(s) 'example_branch_labels' retrieved from /home/airflow/.local/lib/python3.8/site-packages/airflow/example_dags/example_branch_labels.py
[2026-09-08T13:46:50.110+0000] {logging_mixin.py:188} INFO - [2026-09-08T13:46:50.109+0000] {dag.py:3047} INFO - Sync 1 DAGs
[2026-09-08T13:46:50.143+0000] {logging_mixin.py:188} INFO - [2026-09-08T13:46:50.142+0000] {dag.py:3834} INFO - Setting next_dagrun for example_branch_labels to 2026-09-07 00:00:00+00:00, run_after=2026-09-08 00:00:00+00:00
[2026-09-08T13:46:50.167+0000] {processor.py:183} INFO - Processing /home/airflow/.local/lib/python3.8/site-packages/airflow/example_dags/example_branch_labels.py took 0.114 seconds
[2026-09-08T13:47:20.414+0000] {processor.py:161} INFO - Started process (PID=386) to work on /home/airflow/.local/lib/python3.8/site-packages/airflow/example_dags/example_branch_labels.py
[2026-09-08T13:47:20.417+0000] {processor.py:830} INFO - Processing file /home/airflow/.local/lib/python3.8/site-packages/airflow/example_dags/example_branch_labels.py for tasks to queue
[2026-09-08T13:47:20.421+0000] {logging_mixin.py:188} INFO - [2026-09-08T13:47:20.421+0000] {dagbag.py:540} INFO - Filling up the DagBag from /home/airflow/.local/lib/python3.8/site-packages/airflow/example_dags/example_branch_labels.py
[2026-09-08T13:47:20.435+0000] {processor.py:840} INFO - DAG(s) 'example_branch_labels' retrieved from /home/airflow/.local/lib/python3.8/site-packages/airflow/example_dags/example_branch_labels.py
[2026-09-08T13:47:20.463+0000] {logging_mixin.py:188} INFO - [2026-09-08T13:47:20.462+0000] {dag.py:3047} INFO - Sync 1 DAGs
[2026-09-08T13:47:20.497+0000] {logging_mixin.py:188} INFO - [2026-09-08T13:47:20.497+0000] {dag.py:3834} INFO - Setting next_dagrun for example_branch_labels to 2026-09-07 00:00:00+00:00, run_after=2026-09-08 00:00:00+00:00
[2026-09-08T13:47:20.559+0000] {processor.py:183} INFO - Processing /home/airflow/.local/lib/python3.8/site-packages/airflow/example_dags/example_branch_labels.py took 0.153 seconds
[2026-09-08T13:47:50.962+0000] {processor.py:161} INFO - Started process (PID=443) to work on /home/airflow/.local/lib/python3.8/site-packages/airflow/example_dags/example_branch_labels.py
[2026-09-08T13:47:50.964+0000] {processor.py:830} INFO - Processing file /home/airflow/.local/lib/python3.8/site-packages/airflow/example_dags/example_branch_labels.py for tasks to queue
[2026-09-08T13:47:50.968+0000] {logging_mixin.py:188} INFO - [2026-09-08T13:47:50.968+0000] {dagbag.py:540} INFO - Filling up the DagBag from /home/airflow/.local/lib/python3.8/site-packages/airflow/example_dags/example_branch_labels.py
[2026-09-08T13:47:50.982+0000] {processor.py:840} INFO - DAG(s) 'example_branch_labels' retrieved from /home/airflow/.local/lib/python3.8/site-packages/airflow/example_dags/example_branch_labels.py
[2026-09-08T13:47:51.000+0000] {logging_mixin.py:188} INFO - [2026-09-08T13:47:50.999+0000] {dag.py:3047} INFO - Sync 1 DAGs
[2026-09-08T13:47:51.037+0000] {logging_mixin.py:188} INFO - [2026-09-08T13:47:51.037+0000] {dag.py:3834} INFO - Setting next_dagrun for example_branch_labels to 2026-09-07 00:00:00+00:00, run_after=2026-09-08 00:00:00+00:00
[2026-09-08T13:47:51.066+0000] {processor.py:183} INFO - Processing /home/airflow/.local/lib/python3.8/site-packages/airflow/example_dags/example_branch_labels.py took 0.108 seconds
[2026-09-08T13:48:21.714+0000] {processor.py:161} INFO - Started process (PID=500) to work on /home/airflow/.local/lib/python3.8/site-packages/airflow/example_dags/example_branch_labels.py
[2026-09-08T13:48:21.717+0000] {processor.py:830} INFO - Processing file /home/airflow/.local/lib/python3.8/site-packages/airflow/example_dags/example_branch_labels.py for tasks to queue
[2026-09-08T13:48:21.725+0000] {logging_mixin.py:188} INFO - [2026-09-08T13:48:21.724+0000] {dagbag.py:540} INFO - Filling up the DagBag from /home/airflow/.local/lib/python3.8/site-packages/airflow/example_dags/example_branch_labels.py
[2026-09-08T13:48:21.757+0000] {processor.py:840} INFO - DAG(s) 'example_branch_labels' retrieved from /home/airflow/.local/lib/python3.8/site-packages/airflow/example_dags/example_branch_labels.py
[2026-09-08T13:48:22.100+0000] {logging_mixin.py:188} INFO - [2026-09-08T13:48:22.099+0000] {dag.py:3047} INFO - Sync 1 DAGs
[2026-09-08T13:48:22.148+0000] {logging_mixin.py:188} INFO - [2026-09-08T13:48:22.147+0000] {dag.py:3834} INFO - Setting next_dagrun for example_branch_labels to 2026-09-07 00:00:00+00:00, run_after=2026-09-08 00:00:00+00:00
[2026-09-08T13:48:22.200+0000] {processor.py:183} INFO - Processing /home/airflow/.local/lib/python3.8/site-packages/airflow/example_dags/example_branch_labels.py took 0.502 seconds
[2026-09-08T13:48:52.521+0000] {processor.py:161} INFO - Started process (PID=556) to work on /home/airflow/.local/lib/python3.8/site-packages/airflow/example_dags/example_branch_labels.py
[2026-09-08T13:48:52.523+0000] {processor.py:830} INFO - Processing file /home/airflow/.local/lib/python3.8/site-packages/airflow/example_dags/example_branch_labels.py for tasks to queue
[2026-09-08T13:48:52.525+0000] {logging_mixin.py:188} INFO - [2026-09-08T13:48:52.525+0000] {dagbag.py:540} INFO - Filling up the DagBag from /home/airflow/.local/lib/python3.8/site-packages/airflow/example_dags/example_branch_labels.py
[2026-09-08T13:48:52.533+0000] {processor.py:840} INFO - DAG(s) 'example_branch_labels' retrieved from /home/airflow/.local/lib/python3.8/site-packages/airflow/example_dags/example_branch_labels.py
[2026-09-08T13:48:52.557+0000] {logging_mixin.py:188} INFO - [2026-09-08T13:48:52.557+0000] {dag.py:3047} INFO - Sync 1 DAGs
[2026-09-08T13:48:52.580+0000] {logging_mixin.py:188} INFO - [2026-09-08T13:48:52.580+0000] {dag.py:3834} INFO - Setting next_dagrun for example_branch_labels to 2026-09-07 00:00:00+00:00, run_after=2026-09-08 00:00:00+00:00
[2026-09-08T13:48:52.602+0000] {processor.py:183} INFO - Processing /home/airflow/.local/lib/python3.8/site-packages/airflow/example_dags/example_branch_labels.py took 0.085 seconds
[2026-09-08T13:49:22.709+0000] {processor.py:161} INFO - Started process (PID=613) to work on /home/airflow/.local/lib/python3.8/site-packages/airflow/example_dags/example_branch_labels.py
[2026-09-08T13:49:22.710+0000] {processor.py:830} INFO - Processing file /home/airflow/.local/lib/python3.8/site-packages/airflow/example_dags/example_branch_labels.py for tasks to queue
[2026-09-08T13:49:22.713+0000] {logging_mixin.py:188} INFO - [2026-09-08T13:49:22.712+0000] {dagbag.py:540} INFO - Filling up the DagBag from /home/airflow/.local/lib/python3.8/site-packages/airflow/example_dags/example_branch_labels.py
[2026-09-08T13:49:22.722+0000] {processor.py:840} INFO - DAG(s) 'example_branch_labels' retrieved from /home/airflow/.local/lib/python3.8/site-packages/airflow/example_dags/example_branch_labels.py
[2026-09-08T13:49:22.744+0000] {logging_mixin.py:188} INFO - [2026-09-08T13:49:22.744+0000] {dag.py:3047} INFO - Sync 1 DAGs
[2026-09-08T13:49:22.772+0000] {logging_mixin.py:188} INFO - [2026-09-08T13:49:22.771+0000] {dag.py:3834} INFO - Setting next_dagrun for example_branch_labels to 2026-09-07 00:00:00+00:00, run_after=2026-09-08 00:00:00+00:00
[2026-09-08T13:49:22.800+0000] {processor.py:183} INFO - Processing /home/airflow/.local/lib/python3.8/site-packages/airflow/example_dags/example_branch_labels.py took 0.094 seconds
[2026-09-08T13:49:53.387+0000] {processor.py:161} INFO - Started process (PID=670) to work on /home/airflow/.local/lib/python3.8/site-packages/airflow/example_dags/example_branch_labels.py
[2026-09-08T13:49:53.389+0000] {processor.py:830} INFO - Processing file /home/airflow/.local/lib/python3.8/site-packages/airflow/example_dags/example_branch_labels.py for tasks to queue
[2026-09-08T13:49:53.392+0000] {logging_mixin.py:188} INFO - [2026-09-08T13:49:53.391+0000] {dagbag.py:540} INFO - Filling up the DagBag from /home/airflow/.local/lib/python3.8/site-packages/airflow/example_dags/example_branch_labels.py
[2026-09-08T13:49:53.402+0000] {processor.py:840} INFO - DAG(s) 'example_branch_labels' retrieved from /home/airflow/.local/lib/python3.8/site-packages/airflow/example_dags/example_branch_labels.py
[2026-09-08T13:49:53.431+0000] {logging_mixin.py:188} INFO - [2026-09-08T13:49:53.430+0000] {dag.py:3047} INFO - Sync 1 DAGs
[2026-09-08T13:49:53.459+0000] {logging_mixin.py:188} INFO - [2026-09-08T13:49:53.458+0000] {dag.py:3834} INFO - Setting next_dagrun for example_branch_labels to 2026-09-07 00:00:00+00:00, run_after=2026-09-08 00:00:00+00:00
[2026-09-08T13:49:53.486+0000] {processor.py:183} INFO - Processing /home/airflow/.local/lib/python3.8/site-packages/airflow/example_dags/example_branch_labels.py took 0.102 seconds
[2026-09-08T13:50:23.560+0000] {processor.py:161} INFO - Started process (PID=725) to work on /home/airflow/.local/lib/python3.8/site-packages/airflow/example_dags/example_branch_labels.py
[2026-09-08T13:50:23.562+0000] {processor.py:830} INFO - Processing file /home/airflow/.local/lib/python3.8/site-packages/airflow/example_dags/example_branch_labels.py for tasks to queue
[2026-09-08T13:50:23.565+0000] {logging_mixin.py:188} INFO - [2026-09-08T13:50:23.565+0000] {dagbag.py:540} INFO - Filling up the DagBag from /home/airflow/.local/lib/python3.8/site-packages/airflow/example_dags/example_branch_labels.py
[2026-09-08T13:50:23.574+0000] {processor.py:840} INFO - DAG(s) 'example_branch_labels' retrieved from /home/airflow/.local/lib/python3.8/site-packages/airflow/example_dags/example_branch_labels.py
[2026-09-08T13:50:23.598+0000] {logging_mixin.py:188} INFO - [2026-09-08T13:50:23.598+0000] {dag.py:3047} INFO - Sync 1 DAGs
[2026-09-08T13:50:23.622+0000] {logging_mixin.py:188} INFO - [2026-09-08T13:50:23.622+0000] {dag.py:3834} INFO - Setting next_dagrun for example_branch_labels to 2026-09-07 00:00:00+00:00, run_after=2026-09-08 00:00:00+00:00
[2026-09-08T13:50:23.646+0000] {processor.py:183} INFO - Processing /home/airflow/.local/lib/python3.8/site-packages/airflow/example_dags/example_branch_labels.py took 0.089 seconds
[2026-09-08T13:50:53.734+0000] {processor.py:161} INFO - Started process (PID=782) to work on /home/airflow/.local/lib/python3.8/site-packages/airflow/example_dags/example_branch_labels.py
[2026-09-08T13:50:53.736+0000] {processor.py:830} INFO - Processing file /home/airflow/.local/lib/python3.8/site-packages/airflow/example_dags/example_branch_labels.py for tasks to queue
[2026-09-08T13:50:53.738+0000] {logging_mixin.py:188} INFO - [2026-09-08T13:50:53.738+0000] {dagbag.py:540} INFO - Filling up the DagBag from /home/airflow/.local/lib/python3.8/site-packages/airflow/example_dags/example_branch_labels.py
[2026-09-08T13:50:53.747+0000] {processor.py:840} INFO - DAG(s) 'example_branch_labels' retrieved from /home/airflow/.local/lib/python3.8/site-packages/airflow/example_dags/example_branch_labels.py
[2026-09-08T13:50:53.771+0000] {logging_mixin.py:188} INFO - [2026-09-08T13:50:53.771+0000] {dag.py:3047} INFO - Sync 1 DAGs
[2026-09-08T13:50:53.802+0000] {logging_mixin.py:188} INFO - [2026-09-08T13:50:53.801+0000] {dag.py:3834} INFO - Setting next_dagrun for example_branch_labels to 2026-09-07 00:00:00+00:00, run_after=2026-09-08 00:00:00+00:00
[2026-09-08T13:50:53.821+0000] {processor.py:183} INFO - Processing /home/airflow/.local/lib/python3.8/site-packages/airflow/example_dags/example_branch_labels.py took 0.090 seconds
[2026-09-08T13:51:24.064+0000] {processor.py:161} INFO - Started process (PID=839) to work on /home/airflow/.local/lib/python3.8/site-packages/airflow/example_dags/example_branch_labels.py
[2026-09-08T13:51:24.066+0000] {processor.py:830} INFO - Processing file /home/airflow/.local/lib/python3.8/site-packages/airflow/example_dags/example_branch_labels.py for tasks to queue
[2026-09-08T13:51:24.068+0000] {logging_mixin.py:188} INFO - [2026-09-08T13:51:24.068+0000] {dagbag.py:540} INFO - Filling up the DagBag from /home/airflow/.local/lib/python3.8/site-packages/airflow/example_dags/example_branch_labels.py
[2026-09-08T13:51:24.081+0000] {processor.py:840} INFO - DAG(s) 'example_branch_labels' retrieved from /home/airflow/.local/lib/python3.8/site-packages/airflow/example_dags/example_branch_labels.py
[2026-09-08T13:51:24.109+0000] {logging_mixin.py:188} INFO - [2026-09-08T13:51:24.109+0000] {dag.py:3047} INFO - Sync 1 DAGs
[2026-09-08T13:51:24.136+0000] {logging_mixin.py:188} INFO - [2026-09-08T13:51:24.136+0000] {dag.py:3834} INFO - Setting next_dagrun for example_branch_labels to 2026-09-07 00:00:00+00:00, run_after=2026-09-08 00:00:00+00:00
[2026-09-08T13:51:24.160+0000] {processor.py:183} INFO - Processing /home/airflow/.local/lib/python3.8/site-packages/airflow/example_dags/example_branch_labels.py took 0.099 seconds
[2026-09-08T13:51:54.276+0000] {processor.py:161} INFO - Started process (PID=896) to work on /home/airflow/.local/lib/python3.8/site-packages/airflow/example_dags/example_branch_labels.py
[2026-09-08T13:51:54.277+0000] {processor.py:830} INFO - Processing file /home/airflow/.local/lib/python3.8/site-packages/airflow/example_dags/example_branch_labels.py for tasks to queue
[2026-09-08T13:51:54.280+0000] {logging_mixin.py:188} INFO - [2026-09-08T13:51:54.280+0000] {dagbag.py:540} INFO - Filling up the DagBag from /home/airflow/.local/lib/python3.8/site-packages/airflow/example_dags/example_branch_labels.py
[2026-09-08T13:51:54.290+0000] {processor.py:840} INFO - DAG(s) 'example_branch_labels' retrieved from /home/airflow/.local/lib/python3.8/site-packages/airflow/example_dags/example_branch_labels.py
[2026-09-08T13:51:54.313+0000] {logging_mixin.py:188} INFO - [2026-09-08T13:51:54.313+0000] {dag.py:3047} INFO - Sync 1 DAGs
[2026-09-08T13:51:54.338+0000] {logging_mixin.py:188} INFO - [2026-09-08T13:51:54.338+0000] {dag.py:3834} INFO - Setting next_dagrun for example_branch_labels to 2026-09-07 00:00:00+00:00, run_after=2026-09-08 00:00:00+00:00
[2026-09-08T13:51:54.358+0000] {processor.py:183} INFO - Processing /home/airflow/.local/lib/python3.8/site-packages/airflow/example_dags/example_branch_labels.py took 0.085 seconds
[2026-09-08T13:52:24.733+0000] {processor.py:161} INFO - Started process (PID=953) to work on /home/airflow/.local/lib/python3.8/site-packages/airflow/example_dags/example_branch_labels.py
[2026-09-08T13:52:24.735+0000] {processor.py:830} INFO - Processing file /home/airflow/.local/lib/python3.8/site-packages/airflow/example_dags/example_branch_labels.py for tasks to queue
[2026-09-08T13:52:24.738+0000] {logging_mixin.py:188} INFO - [2026-09-08T13:52:24.737+0000] {dagbag.py:540} INFO - Filling up the DagBag from /home/airflow/.local/lib/python3.8/site-packages/airflow/example_dags/example_branch_labels.py
[2026-09-08T13:52:24.752+0000] {processor.py:840} INFO - DAG(s) 'example_branch_labels' retrieved from /home/airflow/.local/lib/python3.8/site-packages/airflow/example_dags/example_branch_labels.py
[2026-09-08T13:52:24.785+0000] {logging_mixin.py:188} INFO - [2026-09-08T13:52:24.785+0000] {dag.py:3047} INFO - Sync 1 DAGs
[2026-09-08T13:52:24.813+0000] {logging_mixin.py:188} INFO - [2026-09-08T13:52:24.813+0000] {dag.py:3834} INFO - Setting next_dagrun for example_branch_labels to 2026-09-07 00:00:00+00:00, run_after=2026-09-08 00:00:00+00:00
[2026-09-08T13:52:24.835+0000] {processor.py:183} INFO - Processing /home/airflow/.local/lib/python3.8/site-packages/airflow/example_dags/example_branch_labels.py took 0.107 seconds
