[2026-09-08T13:44:45.995+0000] {processor.py:161} INFO - Started process (PID=95) to work on /home/airflow/.local/lib/python3.8/site-packages/airflow/example_dags/example_branch_operator_decorator.py
[2026-09-08T13:44:45.998+0000] {processor.py:830} INFO - Processing file /home/airflow/.local/lib/python3.8/site-packages/airflow/example_dags/example_branch_operator_decorator.py for tasks to queue
[2026-09-08T13:44:46.002+0000] {logging_mixin.py:188} INFO - [2026-09-08T13:44:46.002+0000] {dagbag.py:540} INFO - Filling up the DagBag from /home/airflow/.local/lib/python3.8/site-packages/airflow/example_dags/example_branch_operator_decorator.py
[2026-09-08T13:44:46.055+0000] {processor.py:840} INFO - DAG(s) 'example_branch_python_operator_decorator' retrieved from /home/airflow/.local/lib/python3.8/site-packages/airflow/example_dags/example_branch_operator_decorator.py
[2026-09-08T13:44:46.076+0000] {logging_mixin.py:188} INFO - [2026-09-08T13:44:46.075+0000] {dag.py:3047} INFO - Sync 1 DAGs
[2026-09-08T13:44:46.174+0000] {logging_mixin.py:188} INFO - [2026-09-08T13:44:46.174+0000] {dag.py:3834} INFO - Setting next_dagrun for example_branch_python_operator_decorator to 2026-09-07 00:00:00+00:00, run_after=2026-09-08 00:00:00+00:00
[2026-09-08T13:44:46.256+0000] {processor.py:183} INFO - Processing /home/airflow/.local/lib/python3.8/site-packages/airflow/example_dags/example_branch_operator_decorator.py took 0.271 seconds
[2026-09-08T13:45:17.441+0000] {processor.py:161} INFO - Started process (PID=152) to work on /home/airflow/.local/lib/python3.8/site-packages/airflow/example_dags/example_branch_operator_decorator.py
[2026-09-08T13:45:17.448+0000] {processor.py:830} INFO - Processing file /home/airflow/.local/lib/python3.8/site-packages/airflow/example_dags/example_branch_operator_decorator.py for tasks to queue
[2026-09-08T13:45:17.454+0000] {logging_mixin.py:188} INFO - [2026-09-08T13:45:17.453+0000] {dagbag.py:540} INFO - Filling up the DagBag from /home/airflow/.local/lib/python3.8/site-packages/airflow/example_dags/example_branch_operator_decorator.py
[2026-09-08T13:45:17.555+0000] {processor.py:840} INFO - DAG(s) 'example_branch_python_operator_decorator' retrieved from /home/airflow/.local/lib/python3.8/site-packages/airflow/example_dags/example_branch_operator_decorator.py
[2026-09-08T13:45:17.883+0000] {logging_mixin.py:188} INFO - [2026-09-08T13:45:17.882+0000] {dag.py:3047} INFO - Sync 1 DAGs
[2026-09-08T13:45:17.961+0000] {logging_mixin.py:188} INFO - [2026-09-08T13:45:17.960+0000] {dag.py:3834} INFO - Setting next_dagrun for example_branch_python_operator_decorator to 2026-09-07 00:00:00+00:00, run_after=2026-09-08 00:00:00+00:00
[2026-09-08T13:45:18.005+0000] {processor.py:183} INFO - Processing /home/airflow/.local/lib/python3.8/site-packages/airflow/example_dags/example_branch_operator_decorator.py took 0.576 seconds
[2026-09-08T13:45:48.854+0000] {processor.py:161} INFO - Started process (PID=210) to work on /home/airflow/.local/lib/python3.8/site-packages/airflow/example_dags/example_branch_operator_decorator.py
[2026-09-08T13:45:48.856+0000] {processor.py:830} INFO - Processing file /home/airflow/.local/lib/python3.8/site-packages/airflow/example_dags/example_branch_operator_decorator.py for tasks to queue
[2026-09-08T13:45:48.867+0000] {logging_mixin.py:188} INFO - [2026-09-08T13:45:48.867+0000] {dagbag.py:540} INFO - Filling up the DagBag from /home/airflow/.local/lib/python3.8/site-packages/airflow/example_dags/example_branch_operator_decorator.py
[2026-09-08T13:45:48.952+0000] {processor.py:840} INFO - DAG(s) 'example_branch_python_operator_decorator' retrieved from /home/airflow/.local/lib/python3.8/site-packages/airflow/example_dags/example_branch_operator_decorator.py
[2026-09-08T13:45:49.049+0000] {logging_mixin.py:188} INFO - [2026-09-08T13:45:49.048+0000] {dag.py:3047} INFO - Sync 1 DAGs
[2026-09-08T13:45:49.145+0000] {logging_mixin.py:188} INFO - [2026-09-08T13:45:49.144+0000] {dag.py:3834} INFO - Setting next_dagrun for example_branch_python_operator_decorator to 2026-09-07 00:00:00+00:00, run_after=2026-09-08 00:00:00+00:00
[2026-09-08T13:45:49.210+0000] {processor.py:183} INFO - Processing /home/airflow/.local/lib/python3.8/site-packages/airflow/example_dags/example_branch_operator_decorator.py took 0.365 seconds
[2026-09-08T13:46:19.642+0000] {processor.py:161} INFO - Started process (PID=272) to work on /home/airflow/.local/lib/python3.8/site-packages/airflow/example_dags/example_branch_operator_decorator.py
[2026-09-08T13:46:19.644+0000] {processor.py:830} INFO - Processing file /home/airflow/.local/lib/python3.8/site-packages/airflow/example_dags/example_branch_operator_decorator.py for tasks to queue
[2026-09-08T13:46:19.646+0000] {logging_mixin.py:188} INFO - [2026-09-08T13:46:19.646+0000] {dagbag.py:540} INFO - Filling up the DagBag from /home/airflow/.local/lib/python3.8/site-packages/airflow/example_dags/example_branch_operator_decorator.py
[2026-09-08T13:46:19.672+0000] {processor.py:840} INFO - DAG(s) 'example_branch_python_operator_decorator' retrieved from /home/airflow/.local/lib/python3.8/site-packages/airflow/example_dags/example_branch_operator_decorator.py
[2026-09-08T13:46:19.714+0000] {logging_mixin.py:188} INFO - [2026-09-08T13:46:19.714+0000] {dag.py:3047} INFO - Sync 1 DAGs
[2026-09-08T13:46:19.745+0000] {logging_mixin.py:188} INFO - [2026-09-08T13:46:19.745+0000] {dag.py:3834} INFO - Setting next_dagrun for example_branch_python_operator_decorator to 2026-09-07 00:00:00+00:00, run_after=2026-09-08 00:00:00+00:00
[2026-09-08T13:46:19.821+0000] {processor.py:183} INFO - Processing /home/airflow/.local/lib/python3.8/site-packages/airflow/example_dags/example_branch_operator_decorator.py took 0.183 seconds
[2026-09-08T13:46:50.313+0000] {processor.py:161} INFO - Started process (PID=328) to work on /home/airflow/.local/lib/python3.8/site-packages/airflow/example_dags/example_branch_operator_decorator.py
[2026-09-08T13:46:50.316+0000] {processor.py:830} INFO - Processing file /home/airflow/.local/lib/python3.8/site-packages/airflow/example_dags/example_branch_operator_decorator.py for tasks to queue
[2026-09-08T13:46:50.319+0000] {logging_mixin.py:188} INFO - [2026-09-08T13:46:50.318+0000] {dagbag.py:540} INFO - Filling up the DagBag from /home/airflow/.local/lib/python3.8/site-packages/airflow/example_dags/example_branch_operator_decorator.py
[2026-09-08T13:46:50.345+0000] {processor.py:840} INFO - DAG(s) 'example_branch_python_operator_decorator' retrieved from /home/airflow/.local/lib/python3.8/site-packages/airflow/example_dags/example_branch_operator_decorator.py
[2026-09-08T13:46:50.381+0000] {logging_mixin.py:188} INFO - [2026-09-08T13:46:50.380+0000] {dag.py:3047} INFO - Sync 1 DAGs
[2026-09-08T13:46:50.417+0000] {logging_mixin.py:188} INFO - [2026-09-08T13:46:50.417+0000] {dag.py:3834} INFO - Setting next_dagrun for example_branch_python_operator_decorator to 2026-09-07 00:00:00+00:00, run_after=2026-09-08 00:00:00+00:00
[2026-09-08T13:46:50.448+0000] {processor.py:183} INFO - Processing /home/airflow/.local/lib/python3.8/site-packages/airflow/example_dags/example_branch_operator_decorator.py took 0.140 seconds
[2026-09-08T13:47:20.924+0000] {processor.py:161} INFO - Started process (PID=389) to work on /home/airflow/.local/lib/python3.8/site-packages/airflow/example_dags/example_branch_operator_decorator.py
[2026-09-08T13:47:20.926+0000] {processor.py:830} INFO - Processing file /home/airflow/.local/lib/python3.8/site-packages/airflow/example_dags/example_branch_operator_decorator.py for tasks to queue
[2026-09-08T13:47:20.930+0000] {logging_mixin.py:188} INFO - [2026-09-08T13:47:20.930+0000] {dagbag.py:540} INFO - Filling up the DagBag from /home/airflow/.local/lib/python3.8/site-packages/airflow/example_dags/example_branch_operator_decorator.py
[2026-09-08T13:47:20.958+0000] {processor.py:840} INFO - DAG(s) 'example_branch_python_operator_decorator' retrieved from /home/airflow/.local/lib/python3.8/site-packages/airflow/example_dags/example_branch_operator_decorator.py
[2026-09-08T13:47:21.000+0000] {logging_mixin.py:188} INFO - [2026-09-08T13:47:20.999+0000] {dag.py:3047} INFO - Sync 1 DAGs
[2026-09-08T13:47:21.024+0000] {logging_mixin.py:188} INFO - [2026-09-08T13:47:21.024+0000] {dag.py:3834} INFO - Setting next_dagrun for example_branch_python_operator_decorator to 2026-09-07 00:00:00+00:00, run_after=2026-09-08 00:00:00+00:00
[2026-09-08T13:47:21.116+0000] {processor.py:183} INFO - Processing /home/airflow/.local/lib/python3.8/site-packages/airflow/example_dags/example_branch_operator_decorator.py took 0.195 seconds
[2026-09-08T13:47:51.213+0000] {processor.py:161} INFO - Started process (PID=446) to work on /home/airflow/.local/lib/python3.8/site-packages/airflow/example_dags/example_branch_operator_decorator.py
[2026-09-08T13:47:51.215+0000] {processor.py:830} INFO - Processing file /home/airflow/.local/lib/python3.8/site-packages/airflow/example_dags/example_branch_operator_decorator.py for tasks to queue
[2026-09-08T13:47:51.218+0000] {logging_mixin.py:188} INFO - [2026-09-08T13:47:51.217+0000] {dagbag.py:540} INFO - Filling up the DagBag from /home/airflow/.local/lib/python3.8/site-packages/airflow/example_dags/example_branch_operator_decorator.py
[2026-09-08T13:47:51.250+0000] {processor.py:840} INFO - DAG(s) 'example_branch_python_operator_decorator' retrieved from /home/airflow/.local/lib/python3.8/site-packages/airflow/example_dags/example_branch_operator_decorator.py
[2026-09-08T13:47:51.266+0000] {logging_mixin.py:188} INFO - [2026-09-08T13:47:51.266+0000] {dag.py:3047} INFO - Sync 1 DAGs
[2026-09-08T13:47:51.300+0000] {logging_mixin.py:188} INFO - [2026-09-08T13:47:51.299+0000] {dag.py:3834} INFO - Setting next_dagrun for example_branch_python_operator_decorator to 2026-09-07 00:00:00+00:00, run_after=2026-09-08 00:00:00+00:00
[2026-09-08T13:47:51.324+0000] {processor.py:183} INFO - Processing /home/airflow/.local/lib/python3.8/site-packages/airflow/example_dags/example_branch_operator_decorator.py took 0.114 seconds
[2026-09-08T13:48:22.509+0000] {processor.py:161} INFO - Started process (PID=503) to work on /home/airflow/.local/lib/python3.8/site-packages/airflow/example_dags/example_branch_operator_decorator.py
[2026-09-08T13:48:22.512+0000] {processor.py:830} INFO - Processing file /home/airflow/.local/lib/python3.8/site-packages/airflow/example_dags/example_branch_operator_decorator.py for tasks to queue
[2026-09-08T13:48:22.516+0000] {logging_mixin.py:188} INFO - [2026-09-08T13:48:22.515+0000] {dagbag.py:540} INFO - Filling up the DagBag from /home/airflow/.local/lib/python3.8/site-packages/airflow/example_dags/example_branch_operator_decorator.py
[2026-09-08T13:48:22.550+0000] {processor.py:840} INFO - DAG(s) 'example_branch_python_operator_decorator' retrieved from /home/airflow/.local/lib/python3.8/site-packages/airflow/example_dags/example_branch_operator_decorator.py
[2026-09-08T13:48:22.681+0000] {logging_mixin.py:188} INFO - [2026-09-08T13:48:22.681+0000] {dag.py:3047} INFO - Sync 1 DAGs
[2026-09-08T13:48:22.706+0000] {logging_mixin.py:188} INFO - [2026-09-08T13:48:22.706+0000] {dag.py:3834} INFO - Setting next_dagrun for example_branch_python_operator_decorator to 2026-09-07 00:00:00+00:00, run_after=2026-09-08 00:00:00+00:00
[2026-09-08T13:48:22.731+0000] {processor.py:183} INFO - Processing /home/airflow/.local/lib/python3.8/site-packages/airflow/example_dags/example_branch_operator_decorator.py took 0.229 seconds
[2026-09-08T13:48:52.792+0000] {processor.py:161} INFO - Started process (PID=559) to work on /home/airflow/.local/lib/python3.8/site-packages/airflow/example_dags/example_branch_operator_decorator.py
[2026-09-08T13:48:52.794+0000] {processor.py:830} INFO - Processing file /home/airflow/.local/lib/python3.8/site-packages/airflow/example_dags/example_branch_operator_decorator.py for tasks to queue
[2026-09-08T13:48:52.797+0000] {logging_mixin.py:188} INFO - [2026-09-08T13:48:52.797+0000] {dagbag.py:540} INFO - Filling up the DagBag from /home/airflow/.local/lib/python3.8/site-packages/airflow/example_dags/example_branch_operator_decorator.py
[2026-09-08T13:48:52.821+0000] {processor.py:840} INFO - DAG(s) 'example_branch_python_operator_decorator' retrieved from /home/airflow/.local/lib/python3.8/site-packages/airflow/example_dags/example_branch_operator_decorator.py
[2026-09-08T13:48:52.853+0000] {logging_mixin.py:188} INFO - [2026-09-08T13:48:52.852+0000] {dag.py:3047} INFO - Sync 1 DAGs
[2026-09-08T13:48:52.879+0000] {logging_mixin.py:188} INFO - [2026-09-08T13:48:52.878+0000] {dag.py:3834} INFO - Setting next_dagrun for example_branch_python_operator_decorator to 2026-09-07 00:00:00+00:00, run_after=2026-09-08 00:00:00+00:00
[2026-09-08T13:48:52.900+0000] {processor.py:183} INFO - Processing /home/airflow/.local/lib/python3.8/site-packages/airflow/example_dags/example_branch_operator_decorator.py took 0.111 seconds
[2026-09-08T13:49:22.986+0000] {processor.py:161} INFO - Started process (PID=616) to work on /home/airflow/.local/lib/python3.8/site-packages/airflow/example_dags/example_branch_operator_decorator.py
[2026-09-08T13:49:22.987+0000] {processor.py:830} INFO - Processing file /home/airflow/.local/lib/python3.8/site-packages/airflow/example_dags/example_branch_operator_decorator.py for tasks to queue
[2026-09-08T13:49:22.990+0000] {logging_mixin.py:188} INFO - [2026-09-08T13:49:22.989+0000] {dagbag.py:540} INFO - Filling up the DagBag from /home/airflow/.local/lib/python3.8/site-packages/airflow/example_dags/example_branch_operator_decorator.py
[2026-09-08T13:49:23.012+0000] {processor.py:840} INFO - DAG(s) 'example_branch_python_operator_decorator' retrieved from /home/airflow/.local/lib/python3.8/site-packages/airflow/example_dags/example_branch_operator_decorator.py
[2026-09-08T13:49:23.044+0000] {logging_mixin.py:188} INFO - [2026-09-08T13:49:23.044+0000] {dag.py:3047} INFO - Sync 1 DAGs
[2026-09-08T13:49:23.069+0000] {logging_mixin.py:188} INFO - [2026-09-08T13:49:23.068+0000] {dag.py:3834} INFO - Setting next_dagrun for example_branch_python_operator_decorator to 2026-09-07 00:00:00+00:00, run_after=2026-09-08 00:00:00+00:00
[2026-09-08T13:49:23.090+0000] {processor.py:183} INFO - Processing /home/airflow/.local/lib/python3.8/site-packages/airflow/example_dags/example_branch_operator_decorator.py took 0.107 seconds
[2026-09-08T13:49:53.938+0000] {processor.py:161} INFO - Started process (PID=673) to work on /home/airflow/.local/lib/python3.8/site-packages/airflow/example_dags/example_branch_operator_decorator.py
[2026-09-08T13:49:53.952+0000] {processor.py:830} INFO - Processing file /home/airflow/.local/lib/python3.8/site-packages/airflow/example_dags/example_branch_operator_decorator.py for tasks to queue
[2026-09-08T13:49:53.955+0000] {logging_mixin.py:188} INFO - [2026-09-08T13:49:53.955+0000] {dagbag.py:540} INFO - Filling up the DagBag from /home/airflow/.local/lib/python3.8/site-packages/airflow/example_dags/example_branch_operator_decorator.py
[2026-09-08T13:49:54.008+0000] {processor.py:840} INFO - DAG(s) 'example_branch_python_operator_decorator' retrieved from /home/airflow/.local/lib/python3.8/site-packages/airflow/example_dags/example_branch_operator_decorator.py
[2026-09-08T13:49:54.038+0000] {logging_mixin.py:188} INFO - [2026-09-08T13:49:54.038+0000] {dag.py:3047} INFO - Sync 1 DAGs
[2026-09-08T13:49:54.064+0000] {logging_mixin.py:188} INFO - [2026-09-08T13:49:54.064+0000] {dag.py:3834} INFO - Setting next_dagrun for example_branch_python_operator_decorator to 2026-09-07 00:00:00+00:00, run_after=2026-09-08 00:00:00+00:00
[2026-09-08T13:49:54.086+0000] {processor.py:183} INFO - Processing /home/airflow/.local/lib/python3.8/site-packages/airflow/example_dags/example_branch_operator_decorator.py took 0.153 seconds
[2026-09-08T13:50:24.898+0000] {processor.py:161} INFO - Started process (PID=730) to work on /home/airflow/.local/lib/python3.8/site-packages/airflow/example_dags/example_branch_operator_decorator.py
[2026-09-08T13:50:24.900+0000] {processor.py:830} INFO - Processing file /home/airflow/.local/lib/python3.8/site-packages/airflow/example_dags/example_branch_operator_decorator.py for tasks to queue
[2026-09-08T13:50:24.904+0000] {logging_mixin.py:188} INFO - [2026-09-08T13:50:24.903+0000] {dagbag.py:540} INFO - Filling up the DagBag from /home/airflow/.local/lib/python3.8/site-packages/airflow/example_dags/example_branch_operator_decorator.py
[2026-09-08T13:50:24.937+0000] {processor.py:840} INFO - DAG(s) 'example_branch_python_operator_decorator' retrieved from /home/airflow/.local/lib/python3.8/site-packages/airflow/example_dags/example_branch_operator_decorator.py
[2026-09-08T13:50:24.984+0000] {logging_mixin.py:188} INFO - [2026-09-08T13:50:24.983+0000] {dag.py:3047} INFO - Sync 1 DAGs
[2026-09-08T13:50:25.014+0000] {logging_mixin.py:188} INFO - [2026-09-08T13:50:25.014+0000] {dag.py:3834} INFO - Setting next_dagrun for example_branch_python_operator_decorator to 2026-09-07 00:00:00+00:00, run_after=2026-09-08 00:00:00+00:00
[2026-09-08T13:50:25.039+0000] {processor.py:183} INFO - Processing /home/airflow/.local/lib/python3.8/site-packages/airflow/example_dags/example_branch_operator_decorator.py took 0.148 seconds
[2026-09-08T13:50:55.134+0000] {processor.py:161} INFO - Started process (PID=785) to work on /home/airflow/.local/lib/python3.8/site-packages/airflow/example_dags/example_branch_operator_decorator.py
[2026-09-08T13:50:55.136+0000] {processor.py:830} INFO - Processing file /home/airflow/.local/lib/python3.8/site-packages/airflow/example_dags/example_branch_operator_decorator.py for tasks to queue
[2026-09-08T13:50:55.138+0000] {logging_mixin.py:188} INFO - [2026-09-08T13:50:55.138+0000] {dagbag.py:540} INFO - Filling up the DagBag from /home/airflow/.local/lib/python3.8/site-packages/airflow/example_dags/example_branch_operator_decorator.py
[2026-09-08T13:50:55.159+0000] {processor.py:840} INFO - DAG(s) 'example_branch_python_operator_decorator' retrieved from /home/airflow/.local/lib/python3.8/site-packages/airflow/example_dags/example_branch_operator_decorator.py
[2026-09-08T13:50:55.197+0000] {logging_mixin.py:188} INFO - [2026-09-08T13:50:55.197+0000] {dag.py:3047} INFO - Sync 1 DAGs
[2026-09-08T13:50:55.221+0000] {logging_mixin.py:188} INFO - [2026-09-08T13:50:55.221+0000] {dag.py:3834} INFO - Setting next_dagrun for example_branch_python_operator_decorator to 2026-09-07 00:00:00+00:00, run_after=2026-09-08 00:00:00+00:00
[2026-09-08T13:50:55.247+0000] {processor.py:183} INFO - Processing /home/airflow/.local/lib/python3.8/site-packages/airflow/example_dags/example_branch_operator_decorator.py took 0.117 seconds
[2026-09-08T13:51:25.339+0000] {processor.py:161} INFO - Started process (PID=842) to work on /home/airflow/.local/lib/python3.8/site-packages/airflow/example_dags/example_branch_operator_decorator.py
[2026-09-08T13:51:25.341+0000] {processor.py:830} INFO - Processing file /home/airflow/.local/lib/python3.8/site-packages/airflow/example_dags/example_branch_operator_decorator.py for tasks to queue
[2026-09-08T13:51:25.343+0000] {logging_mixin.py:188} INFO - [2026-09-08T13:51:25.343+0000] {dagbag.py:540} INFO - Filling up the DagBag from /home/airflow/.local/lib/python3.8/site-packages/airflow/example_dags/example_branch_operator_decorator.py
[2026-09-08T13:51:25.365+0000] {processor.py:840} INFO - DAG(s) 'example_branch_python_operator_decorator' retrieved from /home/airflow/.local/lib/python3.8/site-packages/airflow/example_dags/example_branch_operator_decorator.py
[2026-09-08T13:51:25.395+0000] {logging_mixin.py:188} INFO - [2026-09-08T13:51:25.395+0000] {dag.py:3047} INFO - Sync 1 DAGs
[2026-09-08T13:51:25.421+0000] {logging_mixin.py:188} INFO - [2026-09-08T13:51:25.421+0000] {dag.py:3834} INFO - Setting next_dagrun for example_branch_python_operator_decorator to 2026-09-07 00:00:00+00:00, run_after=2026-09-08 00:00:00+00:00
[2026-09-08T13:51:25.445+0000] {processor.py:183} INFO - Processing /home/airflow/.local/lib/python3.8/site-packages/airflow/example_dags/example_branch_operator_decorator.py took 0.109 seconds
[2026-09-08T13:51:55.538+0000] {processor.py:161} INFO - Started process (PID=899) to work on /home/airflow/.local/lib/python3.8/site-packages/airflow/example_dags/example_branch_operator_decorator.py
[2026-09-08T13:51:55.540+0000] {processor.py:830} INFO - Processing file /home/airflow/.local/lib/python3.8/site-packages/airflow/example_dags/example_branch_operator_decorator.py for tasks to queue
[2026-09-08T13:51:55.543+0000] {logging_mixin.py:188} INFO - [2026-09-08T13:51:55.542+0000] {dagbag.py:540} INFO - Filling up the DagBag from /home/airflow/.local/lib/python3.8/site-packages/airflow/example_dags/example_branch_operator_decorator.py
[2026-09-08T13:51:55.565+0000] {processor.py:840} INFO - DAG(s) 'example_branch_python_operator_decorator' retrieved from /home/airflow/.local/lib/python3.8/site-packages/airflow/example_dags/example_branch_operator_decorator.py
[2026-09-08T13:51:55.593+0000] {logging_mixin.py:188} INFO - [2026-09-08T13:51:55.593+0000] {dag.py:3047} INFO - Sync 1 DAGs
[2026-09-08T13:51:55.616+0000] {logging_mixin.py:188} INFO - [2026-09-08T13:51:55.616+0000] {dag.py:3834} INFO - Setting next_dagrun for example_branch_python_operator_decorator to 2026-09-07 00:00:00+00:00, run_after=2026-09-08 00:00:00+00:00
[2026-09-08T13:51:55.638+0000] {processor.py:183} INFO - Processing /home/airflow/.local/lib/python3.8/site-packages/airflow/example_dags/example_branch_operator_decorator.py took 0.104 seconds
[2026-09-08T13:52:25.891+0000] {processor.py:161} INFO - Started process (PID=956) to work on /home/airflow/.local/lib/python3.8/site-packages/airflow/example_dags/example_branch_operator_decorator.py
[2026-09-08T13:52:25.893+0000] {processor.py:830} INFO - Processing file /home/airflow/.local/lib/python3.8/site-packages/airflow/example_dags/example_branch_operator_decorator.py for tasks to queue
[2026-09-08T13:52:25.896+0000] {logging_mixin.py:188} INFO - [2026-09-08T13:52:25.896+0000] {dagbag.py:540} INFO - Filling up the DagBag from /home/airflow/.local/lib/python3.8/site-packages/airflow/example_dags/example_branch_operator_decorator.py
[2026-09-08T13:52:25.923+0000] {processor.py:840} INFO - DAG(s) 'example_branch_python_operator_decorator' retrieved from /home/airflow/.local/lib/python3.8/site-packages/airflow/example_dags/example_branch_operator_decorator.py
[2026-09-08T13:52:25.955+0000] {logging_mixin.py:188} INFO - [2026-09-08T13:52:25.955+0000] {dag.py:3047} INFO - Sync 1 DAGs
[2026-09-08T13:52:25.984+0000] {logging_mixin.py:188} INFO - [2026-09-08T13:52:25.984+0000] {dag.py:3834} INFO - Setting next_dagrun for example_branch_python_operator_decorator to 2026-09-07 00:00:00+00:00, run_after=2026-09-08 00:00:00+00:00
[2026-09-08T13:52:26.007+0000] {processor.py:183} INFO - Processing /home/airflow/.local/lib/python3.8/site-packages/airflow/example_dags/example_branch_operator_decorator.py took 0.120 seconds
