[2026-09-08T13:44:46.795+0000] {processor.py:161} INFO - Started process (PID=98) to work on /home/airflow/.local/lib/python3.8/site-packages/airflow/example_dags/example_python_decorator.py
[2026-09-08T13:44:46.802+0000] {processor.py:830} INFO - Processing file /home/airflow/.local/lib/python3.8/site-packages/airflow/example_dags/example_python_decorator.py for tasks to queue
[2026-09-08T13:44:46.815+0000] {logging_mixin.py:188} INFO - [2026-09-08T13:44:46.814+0000] {dagbag.py:540} INFO - Filling up the DagBag from /home/airflow/.local/lib/python3.8/site-packages/airflow/example_dags/example_python_decorator.py
[2026-09-08T13:44:46.904+0000] {processor.py:840} INFO - DAG(s) 'example_python_decorator' retrieved from /home/airflow/.local/lib/python3.8/site-packages/airflow/example_dags/example_python_decorator.py
[2026-09-08T13:44:46.943+0000] {logging_mixin.py:188} INFO - [2026-09-08T13:44:46.941+0000] {dag.py:3047} INFO - Sync 1 DAGs
[2026-09-08T13:44:47.025+0000] {logging_mixin.py:188} INFO - [2026-09-08T13:44:47.025+0000] {dag.py:3834} INFO - Setting next_dagrun for example_python_decorator to None, run_after=None
[2026-09-08T13:44:47.073+0000] {processor.py:183} INFO - Processing /home/airflow/.local/lib/python3.8/site-packages/airflow/example_dags/example_python_decorator.py took 0.314 seconds
[2026-09-08T13:45:18.197+0000] {processor.py:161} INFO - Started process (PID=155) to work on /home/airflow/.local/lib/python3.8/site-packages/airflow/example_dags/example_python_decorator.py
[2026-09-08T13:45:18.204+0000] {processor.py:830} INFO - Processing file /home/airflow/.local/lib/python3.8/site-packages/airflow/example_dags/example_python_decorator.py for tasks to queue
[2026-09-08T13:45:18.228+0000] {logging_mixin.py:188} INFO - [2026-09-08T13:45:18.223+0000] {dagbag.py:540} INFO - Filling up the DagBag from /home/airflow/.local/lib/python3.8/site-packages/airflow/example_dags/example_python_decorator.py
[2026-09-08T13:45:18.336+0000] {processor.py:840} INFO - DAG(s) 'example_python_decorator' retrieved from /home/airflow/.local/lib/python3.8/site-packages/airflow/example_dags/example_python_decorator.py
[2026-09-08T13:45:18.752+0000] {logging_mixin.py:188} INFO - [2026-09-08T13:45:18.751+0000] {dag.py:3047} INFO - Sync 1 DAGs
[2026-09-08T13:45:18.780+0000] {logging_mixin.py:188} INFO - [2026-09-08T13:45:18.780+0000] {dag.py:3834} INFO - Setting next_dagrun for example_python_decorator to None, run_after=None
[2026-09-08T13:45:18.820+0000] {processor.py:183} INFO - Processing /home/airflow/.local/lib/python3.8/site-packages/airflow/example_dags/example_python_decorator.py took 0.654 seconds
[2026-09-08T13:45:49.282+0000] {processor.py:161} INFO - Started process (PID=212) to work on /home/airflow/.local/lib/python3.8/site-packages/airflow/example_dags/example_python_decorator.py
[2026-09-08T13:45:49.284+0000] {processor.py:830} INFO - Processing file /home/airflow/.local/lib/python3.8/site-packages/airflow/example_dags/example_python_decorator.py for tasks to queue
[2026-09-08T13:45:49.296+0000] {logging_mixin.py:188} INFO - [2026-09-08T13:45:49.295+0000] {dagbag.py:540} INFO - Filling up the DagBag from /home/airflow/.local/lib/python3.8/site-packages/airflow/example_dags/example_python_decorator.py
[2026-09-08T13:45:49.332+0000] {processor.py:840} INFO - DAG(s) 'example_python_decorator' retrieved from /home/airflow/.local/lib/python3.8/site-packages/airflow/example_dags/example_python_decorator.py
[2026-09-08T13:45:49.407+0000] {logging_mixin.py:188} INFO - [2026-09-08T13:45:49.407+0000] {dag.py:3047} INFO - Sync 1 DAGs
[2026-09-08T13:45:49.453+0000] {logging_mixin.py:188} INFO - [2026-09-08T13:45:49.445+0000] {dag.py:3834} INFO - Setting next_dagrun for example_python_decorator to None, run_after=None
[2026-09-08T13:45:49.508+0000] {processor.py:183} INFO - Processing /home/airflow/.local/lib/python3.8/site-packages/airflow/example_dags/example_python_decorator.py took 0.235 seconds
[2026-09-08T13:46:19.865+0000] {processor.py:161} INFO - Started process (PID=274) to work on /home/airflow/.local/lib/python3.8/site-packages/airflow/example_dags/example_python_decorator.py
[2026-09-08T13:46:19.867+0000] {processor.py:830} INFO - Processing file /home/airflow/.local/lib/python3.8/site-packages/airflow/example_dags/example_python_decorator.py for tasks to queue
[2026-09-08T13:46:19.870+0000] {logging_mixin.py:188} INFO - [2026-09-08T13:46:19.869+0000] {dagbag.py:540} INFO - Filling up the DagBag from /home/airflow/.local/lib/python3.8/site-packages/airflow/example_dags/example_python_decorator.py
[2026-09-08T13:46:19.884+0000] {processor.py:840} INFO - DAG(s) 'example_python_decorator' retrieved from /home/airflow/.local/lib/python3.8/site-packages/airflow/example_dags/example_python_decorator.py
[2026-09-08T13:46:19.911+0000] {logging_mixin.py:188} INFO - [2026-09-08T13:46:19.911+0000] {dag.py:3047} INFO - Sync 1 DAGs
[2026-09-08T13:46:19.927+0000] {logging_mixin.py:188} INFO - [2026-09-08T13:46:19.927+0000] {dag.py:3834} INFO - Setting next_dagrun for example_python_decorator to None, run_after=None
[2026-09-08T13:46:20.009+0000] {processor.py:183} INFO - Processing /home/airflow/.local/lib/python3.8/site-packages/airflow/example_dags/example_python_decorator.py took 0.148 seconds
[2026-09-08T13:46:50.491+0000] {processor.py:161} INFO - Started process (PID=331) to work on /home/airflow/.local/lib/python3.8/site-packages/airflow/example_dags/example_python_decorator.py
[2026-09-08T13:46:50.494+0000] {processor.py:830} INFO - Processing file /home/airflow/.local/lib/python3.8/site-packages/airflow/example_dags/example_python_decorator.py for tasks to queue
[2026-09-08T13:46:50.500+0000] {logging_mixin.py:188} INFO - [2026-09-08T13:46:50.499+0000] {dagbag.py:540} INFO - Filling up the DagBag from /home/airflow/.local/lib/python3.8/site-packages/airflow/example_dags/example_python_decorator.py
[2026-09-08T13:46:50.522+0000] {processor.py:840} INFO - DAG(s) 'example_python_decorator' retrieved from /home/airflow/.local/lib/python3.8/site-packages/airflow/example_dags/example_python_decorator.py
[2026-09-08T13:46:50.552+0000] {logging_mixin.py:188} INFO - [2026-09-08T13:46:50.552+0000] {dag.py:3047} INFO - Sync 1 DAGs
[2026-09-08T13:46:50.571+0000] {logging_mixin.py:188} INFO - [2026-09-08T13:46:50.571+0000] {dag.py:3834} INFO - Setting next_dagrun for example_python_decorator to None, run_after=None
[2026-09-08T13:46:50.597+0000] {processor.py:183} INFO - Processing /home/airflow/.local/lib/python3.8/site-packages/airflow/example_dags/example_python_decorator.py took 0.111 seconds
[2026-09-08T13:47:21.150+0000] {processor.py:161} INFO - Started process (PID=392) to work on /home/airflow/.local/lib/python3.8/site-packages/airflow/example_dags/example_python_decorator.py
[2026-09-08T13:47:21.152+0000] {processor.py:830} INFO - Processing file /home/airflow/.local/lib/python3.8/site-packages/airflow/example_dags/example_python_decorator.py for tasks to queue
[2026-09-08T13:47:21.156+0000] {logging_mixin.py:188} INFO - [2026-09-08T13:47:21.156+0000] {dagbag.py:540} INFO - Filling up the DagBag from /home/airflow/.local/lib/python3.8/site-packages/airflow/example_dags/example_python_decorator.py
[2026-09-08T13:47:21.173+0000] {processor.py:840} INFO - DAG(s) 'example_python_decorator' retrieved from /home/airflow/.local/lib/python3.8/site-packages/airflow/example_dags/example_python_decorator.py
[2026-09-08T13:47:21.210+0000] {logging_mixin.py:188} INFO - [2026-09-08T13:47:21.209+0000] {dag.py:3047} INFO - Sync 1 DAGs
[2026-09-08T13:47:21.233+0000] {logging_mixin.py:188} INFO - [2026-09-08T13:47:21.233+0000] {dag.py:3834} INFO - Setting next_dagrun for example_python_decorator to None, run_after=None
[2026-09-08T13:47:21.293+0000] {processor.py:183} INFO - Processing /home/airflow/.local/lib/python3.8/site-packages/airflow/example_dags/example_python_decorator.py took 0.148 seconds
[2026-09-08T13:47:51.461+0000] {processor.py:161} INFO - Started process (PID=449) to work on /home/airflow/.local/lib/python3.8/site-packages/airflow/example_dags/example_python_decorator.py
[2026-09-08T13:47:51.463+0000] {processor.py:830} INFO - Processing file /home/airflow/.local/lib/python3.8/site-packages/airflow/example_dags/example_python_decorator.py for tasks to queue
[2026-09-08T13:47:51.465+0000] {logging_mixin.py:188} INFO - [2026-09-08T13:47:51.465+0000] {dagbag.py:540} INFO - Filling up the DagBag from /home/airflow/.local/lib/python3.8/site-packages/airflow/example_dags/example_python_decorator.py
[2026-09-08T13:47:51.479+0000] {processor.py:840} INFO - DAG(s) 'example_python_decorator' retrieved from /home/airflow/.local/lib/python3.8/site-packages/airflow/example_dags/example_python_decorator.py
[2026-09-08T13:47:51.493+0000] {logging_mixin.py:188} INFO - [2026-09-08T13:47:51.493+0000] {dag.py:3047} INFO - Sync 1 DAGs
[2026-09-08T13:47:51.506+0000] {logging_mixin.py:188} INFO - [2026-09-08T13:47:51.506+0000] {dag.py:3834} INFO - Setting next_dagrun for example_python_decorator to None, run_after=None
[2026-09-08T13:47:51.529+0000] {processor.py:183} INFO - Processing /home/airflow/.local/lib/python3.8/site-packages/airflow/example_dags/example_python_decorator.py took 0.072 seconds
[2026-09-08T13:48:22.772+0000] {processor.py:161} INFO - Started process (PID=506) to work on /home/airflow/.local/lib/python3.8/site-packages/airflow/example_dags/example_python_decorator.py
[2026-09-08T13:48:22.774+0000] {processor.py:830} INFO - Processing file /home/airflow/.local/lib/python3.8/site-packages/airflow/example_dags/example_python_decorator.py for tasks to queue
[2026-09-08T13:48:22.777+0000] {logging_mixin.py:188} INFO - [2026-09-08T13:48:22.777+0000] {dagbag.py:540} INFO - Filling up the DagBag from /home/airflow/.local/lib/python3.8/site-packages/airflow/example_dags/example_python_decorator.py
[2026-09-08T13:48:22.795+0000] {processor.py:840} INFO - DAG(s) 'example_python_decorator' retrieved from /home/airflow/.local/lib/python3.8/site-packages/airflow/example_dags/example_python_decorator.py
[2026-09-08T13:48:22.907+0000] {logging_mixin.py:188} INFO - [2026-09-08T13:48:22.907+0000] {dag.py:3047} INFO - Sync 1 DAGs
[2026-09-08T13:48:22.919+0000] {logging_mixin.py:188} INFO - [2026-09-08T13:48:22.919+0000] {dag.py:3834} INFO - Setting next_dagrun for example_python_decorator to None, run_after=None
[2026-09-08T13:48:22.945+0000] {processor.py:183} INFO - Processing /home/airflow/.local/lib/python3.8/site-packages/airflow/example_dags/example_python_decorator.py took 0.178 seconds
[2026-09-08T13:48:53.062+0000] {processor.py:161} INFO - Started process (PID=562) to work on /home/airflow/.local/lib/python3.8/site-packages/airflow/example_dags/example_python_decorator.py
[2026-09-08T13:48:53.065+0000] {processor.py:830} INFO - Processing file /home/airflow/.local/lib/python3.8/site-packages/airflow/example_dags/example_python_decorator.py for tasks to queue
[2026-09-08T13:48:53.069+0000] {logging_mixin.py:188} INFO - [2026-09-08T13:48:53.068+0000] {dagbag.py:540} INFO - Filling up the DagBag from /home/airflow/.local/lib/python3.8/site-packages/airflow/example_dags/example_python_decorator.py
[2026-09-08T13:48:53.095+0000] {processor.py:840} INFO - DAG(s) 'example_python_decorator' retrieved from /home/airflow/.local/lib/python3.8/site-packages/airflow/example_dags/example_python_decorator.py
[2026-09-08T13:48:53.126+0000] {logging_mixin.py:188} INFO - [2026-09-08T13:48:53.126+0000] {dag.py:3047} INFO - Sync 1 DAGs
[2026-09-08T13:48:53.142+0000] {logging_mixin.py:188} INFO - [2026-09-08T13:48:53.141+0000] {dag.py:3834} INFO - Setting next_dagrun for example_python_decorator to None, run_after=None
[2026-09-08T13:48:53.166+0000] {processor.py:183} INFO - Processing /home/airflow/.local/lib/python3.8/site-packages/airflow/example_dags/example_python_decorator.py took 0.109 seconds
[2026-09-08T13:49:23.259+0000] {processor.py:161} INFO - Started process (PID=619) to work on /home/airflow/.local/lib/python3.8/site-packages/airflow/example_dags/example_python_decorator.py
[2026-09-08T13:49:23.260+0000] {processor.py:830} INFO - Processing file /home/airflow/.local/lib/python3.8/site-packages/airflow/example_dags/example_python_decorator.py for tasks to queue
[2026-09-08T13:49:23.263+0000] {logging_mixin.py:188} INFO - [2026-09-08T13:49:23.263+0000] {dagbag.py:540} INFO - Filling up the DagBag from /home/airflow/.local/lib/python3.8/site-packages/airflow/example_dags/example_python_decorator.py
[2026-09-08T13:49:23.283+0000] {processor.py:840} INFO - DAG(s) 'example_python_decorator' retrieved from /home/airflow/.local/lib/python3.8/site-packages/airflow/example_dags/example_python_decorator.py
[2026-09-08T13:49:23.311+0000] {logging_mixin.py:188} INFO - [2026-09-08T13:49:23.311+0000] {dag.py:3047} INFO - Sync 1 DAGs
[2026-09-08T13:49:23.326+0000] {logging_mixin.py:188} INFO - [2026-09-08T13:49:23.325+0000] {dag.py:3834} INFO - Setting next_dagrun for example_python_decorator to None, run_after=None
[2026-09-08T13:49:23.348+0000] {processor.py:183} INFO - Processing /home/airflow/.local/lib/python3.8/site-packages/airflow/example_dags/example_python_decorator.py took 0.095 seconds
[2026-09-08T13:49:54.121+0000] {processor.py:161} INFO - Started process (PID=676) to work on /home/airflow/.local/lib/python3.8/site-packages/airflow/example_dags/example_python_decorator.py
[2026-09-08T13:49:54.123+0000] {processor.py:830} INFO - Processing file /home/airflow/.local/lib/python3.8/site-packages/airflow/example_dags/example_python_decorator.py for tasks to queue
[2026-09-08T13:49:54.125+0000] {logging_mixin.py:188} INFO - [2026-09-08T13:49:54.125+0000] {dagbag.py:540} INFO - Filling up the DagBag from /home/airflow/.local/lib/python3.8/site-packages/airflow/example_dags/example_python_decorator.py
[2026-09-08T13:49:54.139+0000] {processor.py:840} INFO - DAG(s) 'example_python_decorator' retrieved from /home/airflow/.local/lib/python3.8/site-packages/airflow/example_dags/example_python_decorator.py
[2026-09-08T13:49:54.166+0000] {logging_mixin.py:188} INFO - [2026-09-08T13:49:54.166+0000] {dag.py:3047} INFO - Sync 1 DAGs
[2026-09-08T13:49:54.181+0000] {logging_mixin.py:188} INFO - [2026-09-08T13:49:54.181+0000] {dag.py:3834} INFO - Setting next_dagrun for example_python_decorator to None, run_after=None
[2026-09-08T13:49:54.202+0000] {processor.py:183} INFO - Processing /home/airflow/.local/lib/python3.8/site-packages/airflow/example_dags/example_python_decorator.py took 0.084 seconds
[2026-09-08T13:50:25.354+0000] {processor.py:161} INFO - Started process (PID=733) to work on /home/airflow/.local/lib/python3.8/site-packages/airflow/example_dags/example_python_decorator.py
[2026-09-08T13:50:25.357+0000] {processor.py:830} INFO - Processing file /home/airflow/.local/lib/python3.8/site-packages/airflow/example_dags/example_python_decorator.py for tasks to queue
[2026-09-08T13:50:25.360+0000] {logging_mixin.py:188} INFO - [2026-09-08T13:50:25.360+0000] {dagbag.py:540} INFO - Filling up the DagBag from /home/airflow/.local/lib/python3.8/site-packages/airflow/example_dags/example_python_decorator.py
[2026-09-08T13:50:25.383+0000] {processor.py:840} INFO - DAG(s) 'example_python_decorator' retrieved from /home/airflow/.local/lib/python3.8/site-packages/airflow/example_dags/example_python_decorator.py
[2026-09-08T13:50:25.416+0000] {logging_mixin.py:188} INFO - [2026-09-08T13:50:25.416+0000] {dag.py:3047} INFO - Sync 1 DAGs
[2026-09-08T13:50:25.433+0000] {logging_mixin.py:188} INFO - [2026-09-08T13:50:25.433+0000] {dag.py:3834} INFO - Setting next_dagrun for example_python_decorator to None, run_after=None
[2026-09-08T13:50:25.456+0000] {processor.py:183} INFO - Processing /home/airflow/.local/lib/python3.8/site-packages/airflow/example_dags/example_python_decorator.py took 0.108 seconds
[2026-09-08T13:50:55.554+0000] {processor.py:161} INFO - Started process (PID=789) to work on /home/airflow/.local/lib/python3.8/site-packages/airflow/example_dags/example_python_decorator.py
[2026-09-08T13:50:55.557+0000] {processor.py:830} INFO - Processing file /home/airflow/.local/lib/python3.8/site-packages/airflow/example_dags/example_python_decorator.py for tasks to queue
[2026-09-08T13:50:55.560+0000] {logging_mixin.py:188} INFO - [2026-09-08T13:50:55.560+0000] {dagbag.py:540} INFO - Filling up the DagBag from /home/airflow/.local/lib/python3.8/site-packages/airflow/example_dags/example_python_decorator.py
[2026-09-08T13:50:55.581+0000] {processor.py:840} INFO - DAG(s) 'example_python_decorator' retrieved from /home/airflow/.local/lib/python3.8/site-packages/airflow/example_dags/example_python_decorator.py
[2026-09-08T13:50:55.610+0000] {logging_mixin.py:188} INFO - [2026-09-08T13:50:55.610+0000] {dag.py:3047} INFO - Sync 1 DAGs
[2026-09-08T13:50:55.626+0000] {logging_mixin.py:188} INFO - [2026-09-08T13:50:55.625+0000] {dag.py:3834} INFO - Setting next_dagrun for example_python_decorator to None, run_after=None
[2026-09-08T13:50:55.651+0000] {processor.py:183} INFO - Processing /home/airflow/.local/lib/python3.8/site-packages/airflow/example_dags/example_python_decorator.py took 0.101 seconds
[2026-09-08T13:51:25.750+0000] {processor.py:161} INFO - Started process (PID=845) to work on /home/airflow/.local/lib/python3.8/site-packages/airflow/example_dags/example_python_decorator.py
[2026-09-08T13:51:25.752+0000] {processor.py:830} INFO - Processing file /home/airflow/.local/lib/python3.8/site-packages/airflow/example_dags/example_python_decorator.py for tasks to queue
[2026-09-08T13:51:25.755+0000] {logging_mixin.py:188} INFO - [2026-09-08T13:51:25.755+0000] {dagbag.py:540} INFO - Filling up the DagBag from /home/airflow/.local/lib/python3.8/site-packages/airflow/example_dags/example_python_decorator.py
[2026-09-08T13:51:25.772+0000] {processor.py:840} INFO - DAG(s) 'example_python_decorator' retrieved from /home/airflow/.local/lib/python3.8/site-packages/airflow/example_dags/example_python_decorator.py
[2026-09-08T13:51:25.800+0000] {logging_mixin.py:188} INFO - [2026-09-08T13:51:25.800+0000] {dag.py:3047} INFO - Sync 1 DAGs
[2026-09-08T13:51:25.813+0000] {logging_mixin.py:188} INFO - [2026-09-08T13:51:25.813+0000] {dag.py:3834} INFO - Setting next_dagrun for example_python_decorator to None, run_after=None
[2026-09-08T13:51:25.836+0000] {processor.py:183} INFO - Processing /home/airflow/.local/lib/python3.8/site-packages/airflow/example_dags/example_python_decorator.py took 0.091 seconds
[2026-09-08T13:51:55.945+0000] {processor.py:161} INFO - Started process (PID=902) to work on /home/airflow/.local/lib/python3.8/site-packages/airflow/example_dags/example_python_decorator.py
[2026-09-08T13:51:55.947+0000] {processor.py:830} INFO - Processing file /home/airflow/.local/lib/python3.8/site-packages/airflow/example_dags/example_python_decorator.py for tasks to queue
[2026-09-08T13:51:55.950+0000] {logging_mixin.py:188} INFO - [2026-09-08T13:51:55.950+0000] {dagbag.py:540} INFO - Filling up the DagBag from /home/airflow/.local/lib/python3.8/site-packages/airflow/example_dags/example_python_decorator.py
[2026-09-08T13:51:55.965+0000] {processor.py:840} INFO - DAG(s) 'example_python_decorator' retrieved from /home/airflow/.local/lib/python3.8/site-packages/airflow/example_dags/example_python_decorator.py
[2026-09-08T13:51:55.989+0000] {logging_mixin.py:188} INFO - [2026-09-08T13:51:55.988+0000] {dag.py:3047} INFO - Sync 1 DAGs
[2026-09-08T13:51:56.002+0000] {logging_mixin.py:188} INFO - [2026-09-08T13:51:56.001+0000] {dag.py:3834} INFO - Setting next_dagrun for example_python_decorator to None, run_after=None
[2026-09-08T13:51:56.024+0000] {processor.py:183} INFO - Processing /home/airflow/.local/lib/python3.8/site-packages/airflow/example_dags/example_python_decorator.py took 0.082 seconds
[2026-09-08T13:52:26.141+0000] {processor.py:161} INFO - Started process (PID=959) to work on /home/airflow/.local/lib/python3.8/site-packages/airflow/example_dags/example_python_decorator.py
[2026-09-08T13:52:26.143+0000] {processor.py:830} INFO - Processing file /home/airflow/.local/lib/python3.8/site-packages/airflow/example_dags/example_python_decorator.py for tasks to queue
[2026-09-08T13:52:26.146+0000] {logging_mixin.py:188} INFO - [2026-09-08T13:52:26.146+0000] {dagbag.py:540} INFO - Filling up the DagBag from /home/airflow/.local/lib/python3.8/site-packages/airflow/example_dags/example_python_decorator.py
[2026-09-08T13:52:26.163+0000] {processor.py:840} INFO - DAG(s) 'example_python_decorator' retrieved from /home/airflow/.local/lib/python3.8/site-packages/airflow/example_dags/example_python_decorator.py
[2026-09-08T13:52:26.197+0000] {logging_mixin.py:188} INFO - [2026-09-08T13:52:26.197+0000] {dag.py:3047} INFO - Sync 1 DAGs
[2026-09-08T13:52:26.214+0000] {logging_mixin.py:188} INFO - [2026-09-08T13:52:26.213+0000] {dag.py:3834} INFO - Setting next_dagrun for example_python_decorator to None, run_after=None
[2026-09-08T13:52:26.240+0000] {processor.py:183} INFO - Processing /home/airflow/.local/lib/python3.8/site-packages/airflow/example_dags/example_python_decorator.py took 0.102 seconds
