[2026-09-08T13:44:44.482+0000] {processor.py:161} INFO - Started process (PID=90) to work on /home/airflow/.local/lib/python3.8/site-packages/airflow/example_dags/example_skip_dag.py
[2026-09-08T13:44:44.490+0000] {processor.py:830} INFO - Processing file /home/airflow/.local/lib/python3.8/site-packages/airflow/example_dags/example_skip_dag.py for tasks to queue
[2026-09-08T13:44:44.496+0000] {logging_mixin.py:188} INFO - [2026-09-08T13:44:44.495+0000] {dagbag.py:540} INFO - Filling up the DagBag from /home/airflow/.local/lib/python3.8/site-packages/airflow/example_dags/example_skip_dag.py
[2026-09-08T13:44:44.522+0000] {processor.py:840} INFO - DAG(s) 'example_skip_dag' retrieved from /home/airflow/.local/lib/python3.8/site-packages/airflow/example_dags/example_skip_dag.py
[2026-09-08T13:44:44.571+0000] {logging_mixin.py:188} INFO - [2026-09-08T13:44:44.571+0000] {dag.py:3047} INFO - Sync 1 DAGs
[2026-09-08T13:44:44.666+0000] {logging_mixin.py:188} INFO - [2026-09-08T13:44:44.662+0000] {dag.py:3834} INFO - Setting next_dagrun for example_skip_dag to 2026-09-07 00:00:00+00:00, run_after=2026-09-08 00:00:00+00:00
[2026-09-08T13:44:44.740+0000] {processor.py:183} INFO - Processing /home/airflow/.local/lib/python3.8/site-packages/airflow/example_dags/example_skip_dag.py took 0.268 seconds
[2026-09-08T13:45:15.223+0000] {processor.py:161} INFO - Started process (PID=147) to work on /home/airflow/.local/lib/python3.8/site-packages/airflow/example_dags/example_skip_dag.py
[2026-09-08T13:45:15.227+0000] {processor.py:830} INFO - Processing file /home/airflow/.local/lib/python3.8/site-packages/airflow/example_dags/example_skip_dag.py for tasks to queue
[2026-09-08T13:45:15.232+0000] {logging_mixin.py:188} INFO - [2026-09-08T13:45:15.232+0000] {dagbag.py:540} INFO - Filling up the DagBag from /home/airflow/.local/lib/python3.8/site-packages/airflow/example_dags/example_skip_dag.py
[2026-09-08T13:45:15.245+0000] {processor.py:840} INFO - DAG(s) 'example_skip_dag' retrieved from /home/airflow/.local/lib/python3.8/site-packages/airflow/example_dags/example_skip_dag.py
[2026-09-08T13:45:15.384+0000] {logging_mixin.py:188} INFO - [2026-09-08T13:45:15.384+0000] {dag.py:3047} INFO - Sync 1 DAGs
[2026-09-08T13:45:15.416+0000] {logging_mixin.py:188} INFO - [2026-09-08T13:45:15.416+0000] {dag.py:3834} INFO - Setting next_dagrun for example_skip_dag to 2026-09-07 00:00:00+00:00, run_after=2026-09-08 00:00:00+00:00
[2026-09-08T13:45:15.448+0000] {processor.py:183} INFO - Processing /home/airflow/.local/lib/python3.8/site-packages/airflow/example_dags/example_skip_dag.py took 0.236 seconds
[2026-09-08T13:45:47.670+0000] {processor.py:161} INFO - Started process (PID=204) to work on /home/airflow/.local/lib/python3.8/site-packages/airflow/example_dags/example_skip_dag.py
[2026-09-08T13:45:47.674+0000] {processor.py:830} INFO - Processing file /home/airflow/.local/lib/python3.8/site-packages/airflow/example_dags/example_skip_dag.py for tasks to queue
[2026-09-08T13:45:47.689+0000] {logging_mixin.py:188} INFO - [2026-09-08T13:45:47.688+0000] {dagbag.py:540} INFO - Filling up the DagBag from /home/airflow/.local/lib/python3.8/site-packages/airflow/example_dags/example_skip_dag.py
[2026-09-08T13:45:47.732+0000] {processor.py:840} INFO - DAG(s) 'example_skip_dag' retrieved from /home/airflow/.local/lib/python3.8/site-packages/airflow/example_dags/example_skip_dag.py
[2026-09-08T13:45:47.816+0000] {logging_mixin.py:188} INFO - [2026-09-08T13:45:47.816+0000] {dag.py:3047} INFO - Sync 1 DAGs
[2026-09-08T13:45:47.879+0000] {logging_mixin.py:188} INFO - [2026-09-08T13:45:47.879+0000] {dag.py:3834} INFO - Setting next_dagrun for example_skip_dag to 2026-09-07 00:00:00+00:00, run_after=2026-09-08 00:00:00+00:00
[2026-09-08T13:45:47.934+0000] {processor.py:183} INFO - Processing /home/airflow/.local/lib/python3.8/site-packages/airflow/example_dags/example_skip_dag.py took 0.282 seconds
[2026-09-08T13:46:18.114+0000] {processor.py:161} INFO - Started process (PID=266) to work on /home/airflow/.local/lib/python3.8/site-packages/airflow/example_dags/example_skip_dag.py
[2026-09-08T13:46:18.118+0000] {processor.py:830} INFO - Processing file /home/airflow/.local/lib/python3.8/site-packages/airflow/example_dags/example_skip_dag.py for tasks to queue
[2026-09-08T13:46:18.121+0000] {logging_mixin.py:188} INFO - [2026-09-08T13:46:18.120+0000] {dagbag.py:540} INFO - Filling up the DagBag from /home/airflow/.local/lib/python3.8/site-packages/airflow/example_dags/example_skip_dag.py
[2026-09-08T13:46:18.132+0000] {processor.py:840} INFO - DAG(s) 'example_skip_dag' retrieved from /home/airflow/.local/lib/python3.8/site-packages/airflow/example_dags/example_skip_dag.py
[2026-09-08T13:46:18.173+0000] {logging_mixin.py:188} INFO - [2026-09-08T13:46:18.173+0000] {dag.py:3047} INFO - Sync 1 DAGs
[2026-09-08T13:46:18.222+0000] {logging_mixin.py:188} INFO - [2026-09-08T13:46:18.221+0000] {dag.py:3834} INFO - Setting next_dagrun for example_skip_dag to 2026-09-07 00:00:00+00:00, run_after=2026-09-08 00:00:00+00:00
[2026-09-08T13:46:18.254+0000] {processor.py:183} INFO - Processing /home/airflow/.local/lib/python3.8/site-packages/airflow/example_dags/example_skip_dag.py took 0.144 seconds
[2026-09-08T13:46:48.959+0000] {processor.py:161} INFO - Started process (PID=323) to work on /home/airflow/.local/lib/python3.8/site-packages/airflow/example_dags/example_skip_dag.py
[2026-09-08T13:46:48.984+0000] {processor.py:830} INFO - Processing file /home/airflow/.local/lib/python3.8/site-packages/airflow/example_dags/example_skip_dag.py for tasks to queue
[2026-09-08T13:46:48.987+0000] {logging_mixin.py:188} INFO - [2026-09-08T13:46:48.986+0000] {dagbag.py:540} INFO - Filling up the DagBag from /home/airflow/.local/lib/python3.8/site-packages/airflow/example_dags/example_skip_dag.py
[2026-09-08T13:46:48.996+0000] {processor.py:840} INFO - DAG(s) 'example_skip_dag' retrieved from /home/airflow/.local/lib/python3.8/site-packages/airflow/example_dags/example_skip_dag.py
[2026-09-08T13:46:49.025+0000] {logging_mixin.py:188} INFO - [2026-09-08T13:46:49.025+0000] {dag.py:3047} INFO - Sync 1 DAGs
[2026-09-08T13:46:49.049+0000] {logging_mixin.py:188} INFO - [2026-09-08T13:46:49.049+0000] {dag.py:3834} INFO - Setting next_dagrun for example_skip_dag to 2026-09-07 00:00:00+00:00, run_after=2026-09-08 00:00:00+00:00
[2026-09-08T13:46:49.074+0000] {processor.py:183} INFO - Processing /home/airflow/.local/lib/python3.8/site-packages/airflow/example_dags/example_skip_dag.py took 0.118 seconds
[2026-09-08T13:47:19.289+0000] {processor.py:161} INFO - Started process (PID=384) to work on /home/airflow/.local/lib/python3.8/site-packages/airflow/example_dags/example_skip_dag.py
[2026-09-08T13:47:19.290+0000] {processor.py:830} INFO - Processing file /home/airflow/.local/lib/python3.8/site-packages/airflow/example_dags/example_skip_dag.py for tasks to queue
[2026-09-08T13:47:19.296+0000] {logging_mixin.py:188} INFO - [2026-09-08T13:47:19.295+0000] {dagbag.py:540} INFO - Filling up the DagBag from /home/airflow/.local/lib/python3.8/site-packages/airflow/example_dags/example_skip_dag.py
[2026-09-08T13:47:19.306+0000] {processor.py:840} INFO - DAG(s) 'example_skip_dag' retrieved from /home/airflow/.local/lib/python3.8/site-packages/airflow/example_dags/example_skip_dag.py
[2026-09-08T13:47:19.339+0000] {logging_mixin.py:188} INFO - [2026-09-08T13:47:19.339+0000] {dag.py:3047} INFO - Sync 1 DAGs
[2026-09-08T13:47:19.373+0000] {logging_mixin.py:188} INFO - [2026-09-08T13:47:19.372+0000] {dag.py:3834} INFO - Setting next_dagrun for example_skip_dag to 2026-09-07 00:00:00+00:00, run_after=2026-09-08 00:00:00+00:00
[2026-09-08T13:47:19.399+0000] {processor.py:183} INFO - Processing /home/airflow/.local/lib/python3.8/site-packages/airflow/example_dags/example_skip_dag.py took 0.117 seconds
[2026-09-08T13:47:49.838+0000] {processor.py:161} INFO - Started process (PID=441) to work on /home/airflow/.local/lib/python3.8/site-packages/airflow/example_dags/example_skip_dag.py
[2026-09-08T13:47:49.841+0000] {processor.py:830} INFO - Processing file /home/airflow/.local/lib/python3.8/site-packages/airflow/example_dags/example_skip_dag.py for tasks to queue
[2026-09-08T13:47:49.845+0000] {logging_mixin.py:188} INFO - [2026-09-08T13:47:49.844+0000] {dagbag.py:540} INFO - Filling up the DagBag from /home/airflow/.local/lib/python3.8/site-packages/airflow/example_dags/example_skip_dag.py
[2026-09-08T13:47:49.858+0000] {processor.py:840} INFO - DAG(s) 'example_skip_dag' retrieved from /home/airflow/.local/lib/python3.8/site-packages/airflow/example_dags/example_skip_dag.py
[2026-09-08T13:47:49.888+0000] {logging_mixin.py:188} INFO - [2026-09-08T13:47:49.888+0000] {dag.py:3047} INFO - Sync 1 DAGs
[2026-09-08T13:47:49.919+0000] {logging_mixin.py:188} INFO - [2026-09-08T13:47:49.918+0000] {dag.py:3834} INFO - Setting next_dagrun for example_skip_dag to 2026-09-07 00:00:00+00:00, run_after=2026-09-08 00:00:00+00:00
[2026-09-08T13:47:49.943+0000] {processor.py:183} INFO - Processing /home/airflow/.local/lib/python3.8/site-packages/airflow/example_dags/example_skip_dag.py took 0.110 seconds
[2026-09-08T13:48:21.127+0000] {processor.py:161} INFO - Started process (PID=498) to work on /home/airflow/.local/lib/python3.8/site-packages/airflow/example_dags/example_skip_dag.py
[2026-09-08T13:48:21.138+0000] {processor.py:830} INFO - Processing file /home/airflow/.local/lib/python3.8/site-packages/airflow/example_dags/example_skip_dag.py for tasks to queue
[2026-09-08T13:48:21.143+0000] {logging_mixin.py:188} INFO - [2026-09-08T13:48:21.142+0000] {dagbag.py:540} INFO - Filling up the DagBag from /home/airflow/.local/lib/python3.8/site-packages/airflow/example_dags/example_skip_dag.py
[2026-09-08T13:48:21.155+0000] {processor.py:840} INFO - DAG(s) 'example_skip_dag' retrieved from /home/airflow/.local/lib/python3.8/site-packages/airflow/example_dags/example_skip_dag.py
[2026-09-08T13:48:21.465+0000] {logging_mixin.py:188} INFO - [2026-09-08T13:48:21.465+0000] {dag.py:3047} INFO - Sync 1 DAGs
[2026-09-08T13:48:21.540+0000] {logging_mixin.py:188} INFO - [2026-09-08T13:48:21.540+0000] {dag.py:3834} INFO - Setting next_dagrun for example_skip_dag to 2026-09-07 00:00:00+00:00, run_after=2026-09-08 00:00:00+00:00
[2026-09-08T13:48:21.611+0000] {processor.py:183} INFO - Processing /home/airflow/.local/lib/python3.8/site-packages/airflow/example_dags/example_skip_dag.py took 0.492 seconds
[2026-09-08T13:48:52.392+0000] {processor.py:161} INFO - Started process (PID=554) to work on /home/airflow/.local/lib/python3.8/site-packages/airflow/example_dags/example_skip_dag.py
[2026-09-08T13:48:52.394+0000] {processor.py:830} INFO - Processing file /home/airflow/.local/lib/python3.8/site-packages/airflow/example_dags/example_skip_dag.py for tasks to queue
[2026-09-08T13:48:52.398+0000] {logging_mixin.py:188} INFO - [2026-09-08T13:48:52.398+0000] {dagbag.py:540} INFO - Filling up the DagBag from /home/airflow/.local/lib/python3.8/site-packages/airflow/example_dags/example_skip_dag.py
[2026-09-08T13:48:52.412+0000] {processor.py:840} INFO - DAG(s) 'example_skip_dag' retrieved from /home/airflow/.local/lib/python3.8/site-packages/airflow/example_dags/example_skip_dag.py
[2026-09-08T13:48:52.444+0000] {logging_mixin.py:188} INFO - [2026-09-08T13:48:52.444+0000] {dag.py:3047} INFO - Sync 1 DAGs
[2026-09-08T13:48:52.472+0000] {logging_mixin.py:188} INFO - [2026-09-08T13:48:52.472+0000] {dag.py:3834} INFO - Setting next_dagrun for example_skip_dag to 2026-09-07 00:00:00+00:00, run_after=2026-09-08 00:00:00+00:00
[2026-09-08T13:48:52.495+0000] {processor.py:183} INFO - Processing /home/airflow/.local/lib/python3.8/site-packages/airflow/example_dags/example_skip_dag.py took 0.108 seconds
[2026-09-08T13:49:22.580+0000] {processor.py:161} INFO - Started process (PID=611) to work on /home/airflow/.local/lib/python3.8/site-packages/airflow/example_dags/example_skip_dag.py
[2026-09-08T13:49:22.583+0000] {processor.py:830} INFO - Processing file /home/airflow/.local/lib/python3.8/site-packages/airflow/example_dags/example_skip_dag.py for tasks to queue
[2026-09-08T13:49:22.587+0000] {logging_mixin.py:188} INFO - [2026-09-08T13:49:22.586+0000] {dagbag.py:540} INFO - Filling up the DagBag from /home/airflow/.local/lib/python3.8/site-packages/airflow/example_dags/example_skip_dag.py
[2026-09-08T13:49:22.597+0000] {processor.py:840} INFO - DAG(s) 'example_skip_dag' retrieved from /home/airflow/.local/lib/python3.8/site-packages/airflow/example_dags/example_skip_dag.py
[2026-09-08T13:49:22.634+0000] {logging_mixin.py:188} INFO - [2026-09-08T13:49:22.634+0000] {dag.py:3047} INFO - Sync 1 DAGs
[2026-09-08T13:49:22.659+0000] {logging_mixin.py:188} INFO - [2026-09-08T13:49:22.659+0000] {dag.py:3834} INFO - Setting next_dagrun for example_skip_dag to 2026-09-07 00:00:00+00:00, run_after=2026-09-08 00:00:00+00:00
[2026-09-08T13:49:22.682+0000] {processor.py:183} INFO - Processing /home/airflow/.local/lib/python3.8/site-packages/airflow/example_dags/example_skip_dag.py took 0.110 seconds
[2026-09-08T13:49:53.123+0000] {processor.py:161} INFO - Started process (PID=667) to work on /home/airflow/.local/lib/python3.8/site-packages/airflow/example_dags/example_skip_dag.py
[2026-09-08T13:49:53.125+0000] {processor.py:830} INFO - Processing file /home/airflow/.local/lib/python3.8/site-packages/airflow/example_dags/example_skip_dag.py for tasks to queue
[2026-09-08T13:49:53.128+0000] {logging_mixin.py:188} INFO - [2026-09-08T13:49:53.127+0000] {dagbag.py:540} INFO - Filling up the DagBag from /home/airflow/.local/lib/python3.8/site-packages/airflow/example_dags/example_skip_dag.py
[2026-09-08T13:49:53.137+0000] {processor.py:840} INFO - DAG(s) 'example_skip_dag' retrieved from /home/airflow/.local/lib/python3.8/site-packages/airflow/example_dags/example_skip_dag.py
[2026-09-08T13:49:53.166+0000] {logging_mixin.py:188} INFO - [2026-09-08T13:49:53.166+0000] {dag.py:3047} INFO - Sync 1 DAGs
[2026-09-08T13:49:53.193+0000] {logging_mixin.py:188} INFO - [2026-09-08T13:49:53.193+0000] {dag.py:3834} INFO - Setting next_dagrun for example_skip_dag to 2026-09-07 00:00:00+00:00, run_after=2026-09-08 00:00:00+00:00
[2026-09-08T13:49:53.219+0000] {processor.py:183} INFO - Processing /home/airflow/.local/lib/python3.8/site-packages/airflow/example_dags/example_skip_dag.py took 0.101 seconds
[2026-09-08T13:50:23.432+0000] {processor.py:161} INFO - Started process (PID=723) to work on /home/airflow/.local/lib/python3.8/site-packages/airflow/example_dags/example_skip_dag.py
[2026-09-08T13:50:23.434+0000] {processor.py:830} INFO - Processing file /home/airflow/.local/lib/python3.8/site-packages/airflow/example_dags/example_skip_dag.py for tasks to queue
[2026-09-08T13:50:23.438+0000] {logging_mixin.py:188} INFO - [2026-09-08T13:50:23.437+0000] {dagbag.py:540} INFO - Filling up the DagBag from /home/airflow/.local/lib/python3.8/site-packages/airflow/example_dags/example_skip_dag.py
[2026-09-08T13:50:23.448+0000] {processor.py:840} INFO - DAG(s) 'example_skip_dag' retrieved from /home/airflow/.local/lib/python3.8/site-packages/airflow/example_dags/example_skip_dag.py
[2026-09-08T13:50:23.481+0000] {logging_mixin.py:188} INFO - [2026-09-08T13:50:23.481+0000] {dag.py:3047} INFO - Sync 1 DAGs
[2026-09-08T13:50:23.508+0000] {logging_mixin.py:188} INFO - [2026-09-08T13:50:23.508+0000] {dag.py:3834} INFO - Setting next_dagrun for example_skip_dag to 2026-09-07 00:00:00+00:00, run_after=2026-09-08 00:00:00+00:00
[2026-09-08T13:50:23.536+0000] {processor.py:183} INFO - Processing /home/airflow/.local/lib/python3.8/site-packages/airflow/example_dags/example_skip_dag.py took 0.110 seconds
[2026-09-08T13:50:53.612+0000] {processor.py:161} INFO - Started process (PID=780) to work on /home/airflow/.local/lib/python3.8/site-packages/airflow/example_dags/example_skip_dag.py
[2026-09-08T13:50:53.614+0000] {processor.py:830} INFO - Processing file /home/airflow/.local/lib/python3.8/site-packages/airflow/example_dags/example_skip_dag.py for tasks to queue
[2026-09-08T13:50:53.617+0000] {logging_mixin.py:188} INFO - [2026-09-08T13:50:53.616+0000] {dagbag.py:540} INFO - Filling up the DagBag from /home/airflow/.local/lib/python3.8/site-packages/airflow/example_dags/example_skip_dag.py
[2026-09-08T13:50:53.629+0000] {processor.py:840} INFO - DAG(s) 'example_skip_dag' retrieved from /home/airflow/.local/lib/python3.8/site-packages/airflow/example_dags/example_skip_dag.py
[2026-09-08T13:50:53.657+0000] {logging_mixin.py:188} INFO - [2026-09-08T13:50:53.657+0000] {dag.py:3047} INFO - Sync 1 DAGs
[2026-09-08T13:50:53.682+0000] {logging_mixin.py:188} INFO - [2026-09-08T13:50:53.682+0000] {dag.py:3834} INFO - Setting next_dagrun for example_skip_dag to 2026-09-07 00:00:00+00:00, run_after=2026-09-08 00:00:00+00:00
[2026-09-08T13:50:53.707+0000] {processor.py:183} INFO - Processing /home/airflow/.local/lib/python3.8/site-packages/airflow/example_dags/example_skip_dag.py took 0.101 seconds
[2026-09-08T13:51:23.952+0000] {processor.py:161} INFO - Started process (PID=837) to work on /home/airflow/.local/lib/python3.8/site-packages/airflow/example_dags/example_skip_dag.py
[2026-09-08T13:51:23.954+0000] {processor.py:830} INFO - Processing file /home/airflow/.local/lib/python3.8/site-packages/airflow/example_dags/example_skip_dag.py for tasks to queue
[2026-09-08T13:51:23.957+0000] {logging_mixin.py:188} INFO - [2026-09-08T13:51:23.957+0000] {dagbag.py:540} INFO - Filling up the DagBag from /home/airflow/.local/lib/python3.8/site-packages/airflow/example_dags/example_skip_dag.py
[2026-09-08T13:51:23.965+0000] {processor.py:840} INFO - DAG(s) 'example_skip_dag' retrieved from /home/airflow/.local/lib/python3.8/site-packages/airflow/example_dags/example_skip_dag.py
[2026-09-08T13:51:23.995+0000] {logging_mixin.py:188} INFO - [2026-09-08T13:51:23.995+0000] {dag.py:3047} INFO - Sync 1 DAGs
[2026-09-08T13:51:24.021+0000] {logging_mixin.py:188} INFO - [2026-09-08T13:51:24.021+0000] {dag.py:3834} INFO - Setting next_dagrun for example_skip_dag to 2026-09-07 00:00:00+00:00, run_after=2026-09-08 00:00:00+00:00
[2026-09-08T13:51:24.045+0000] {processor.py:183} INFO - Processing /home/airflow/.local/lib/python3.8/site-packages/airflow/example_dags/example_skip_dag.py took 0.096 seconds
[2026-09-08T13:51:54.153+0000] {processor.py:161} INFO - Started process (PID=894) to work on /home/airflow/.local/lib/python3.8/site-packages/airflow/example_dags/example_skip_dag.py
[2026-09-08T13:51:54.155+0000] {processor.py:830} INFO - Processing file /home/airflow/.local/lib/python3.8/site-packages/airflow/example_dags/example_skip_dag.py for tasks to queue
[2026-09-08T13:51:54.159+0000] {logging_mixin.py:188} INFO - [2026-09-08T13:51:54.159+0000] {dagbag.py:540} INFO - Filling up the DagBag from /home/airflow/.local/lib/python3.8/site-packages/airflow/example_dags/example_skip_dag.py
[2026-09-08T13:51:54.169+0000] {processor.py:840} INFO - DAG(s) 'example_skip_dag' retrieved from /home/airflow/.local/lib/python3.8/site-packages/airflow/example_dags/example_skip_dag.py
[2026-09-08T13:51:54.195+0000] {logging_mixin.py:188} INFO - [2026-09-08T13:51:54.194+0000] {dag.py:3047} INFO - Sync 1 DAGs
[2026-09-08T13:51:54.221+0000] {logging_mixin.py:188} INFO - [2026-09-08T13:51:54.221+0000] {dag.py:3834} INFO - Setting next_dagrun for example_skip_dag to 2026-09-07 00:00:00+00:00, run_after=2026-09-08 00:00:00+00:00
[2026-09-08T13:51:54.245+0000] {processor.py:183} INFO - Processing /home/airflow/.local/lib/python3.8/site-packages/airflow/example_dags/example_skip_dag.py took 0.097 seconds
[2026-09-08T13:52:24.604+0000] {processor.py:161} INFO - Started process (PID=951) to work on /home/airflow/.local/lib/python3.8/site-packages/airflow/example_dags/example_skip_dag.py
[2026-09-08T13:52:24.606+0000] {processor.py:830} INFO - Processing file /home/airflow/.local/lib/python3.8/site-packages/airflow/example_dags/example_skip_dag.py for tasks to queue
[2026-09-08T13:52:24.609+0000] {logging_mixin.py:188} INFO - [2026-09-08T13:52:24.609+0000] {dagbag.py:540} INFO - Filling up the DagBag from /home/airflow/.local/lib/python3.8/site-packages/airflow/example_dags/example_skip_dag.py
[2026-09-08T13:52:24.619+0000] {processor.py:840} INFO - DAG(s) 'example_skip_dag' retrieved from /home/airflow/.local/lib/python3.8/site-packages/airflow/example_dags/example_skip_dag.py
[2026-09-08T13:52:24.649+0000] {logging_mixin.py:188} INFO - [2026-09-08T13:52:24.649+0000] {dag.py:3047} INFO - Sync 1 DAGs
[2026-09-08T13:52:24.681+0000] {logging_mixin.py:188} INFO - [2026-09-08T13:52:24.681+0000] {dag.py:3834} INFO - Setting next_dagrun for example_skip_dag to 2026-09-07 00:00:00+00:00, run_after=2026-09-08 00:00:00+00:00
[2026-09-08T13:52:24.711+0000] {processor.py:183} INFO - Processing /home/airflow/.local/lib/python3.8/site-packages/airflow/example_dags/example_skip_dag.py took 0.114 seconds
