[2026-09-08T13:44:45.745+0000] {processor.py:161} INFO - Started process (PID=94) to work on /home/airflow/.local/lib/python3.8/site-packages/airflow/example_dags/example_branch_python_dop_operator_3.py
[2026-09-08T13:44:45.752+0000] {processor.py:830} INFO - Processing file /home/airflow/.local/lib/python3.8/site-packages/airflow/example_dags/example_branch_python_dop_operator_3.py for tasks to queue
[2026-09-08T13:44:45.758+0000] {logging_mixin.py:188} INFO - [2026-09-08T13:44:45.757+0000] {dagbag.py:540} INFO - Filling up the DagBag from /home/airflow/.local/lib/python3.8/site-packages/airflow/example_dags/example_branch_python_dop_operator_3.py
[2026-09-08T13:44:45.799+0000] {processor.py:840} INFO - DAG(s) 'example_branch_dop_operator_v3' retrieved from /home/airflow/.local/lib/python3.8/site-packages/airflow/example_dags/example_branch_python_dop_operator_3.py
[2026-09-08T13:44:45.844+0000] {logging_mixin.py:188} INFO - [2026-09-08T13:44:45.843+0000] {dag.py:3047} INFO - Sync 1 DAGs
[2026-09-08T13:44:45.924+0000] {logging_mixin.py:188} INFO - [2026-09-08T13:44:45.924+0000] {dag.py:3834} INFO - Setting next_dagrun for example_branch_dop_operator_v3 to 2026-09-08 13:43:00+00:00, run_after=2026-09-08 13:44:00+00:00
[2026-09-08T13:44:45.976+0000] {processor.py:183} INFO - Processing /home/airflow/.local/lib/python3.8/site-packages/airflow/example_dags/example_branch_python_dop_operator_3.py took 0.256 seconds
[2026-09-08T13:45:17.006+0000] {processor.py:161} INFO - Started process (PID=151) to work on /home/airflow/.local/lib/python3.8/site-packages/airflow/example_dags/example_branch_python_dop_operator_3.py
[2026-09-08T13:45:17.009+0000] {processor.py:830} INFO - Processing file /home/airflow/.local/lib/python3.8/site-packages/airflow/example_dags/example_branch_python_dop_operator_3.py for tasks to queue
[2026-09-08T13:45:17.012+0000] {logging_mixin.py:188} INFO - [2026-09-08T13:45:17.012+0000] {dagbag.py:540} INFO - Filling up the DagBag from /home/airflow/.local/lib/python3.8/site-packages/airflow/example_dags/example_branch_python_dop_operator_3.py
[2026-09-08T13:45:17.022+0000] {processor.py:840} INFO - DAG(s) 'example_branch_dop_operator_v3' retrieved from /home/airflow/.local/lib/python3.8/site-packages/airflow/example_dags/example_branch_python_dop_operator_3.py
[2026-09-08T13:45:17.204+0000] {logging_mixin.py:188} INFO - [2026-09-08T13:45:17.204+0000] {dag.py:3047} INFO - Sync 1 DAGs
[2026-09-08T13:45:17.280+0000] {logging_mixin.py:188} INFO - [2026-09-08T13:45:17.280+0000] {dag.py:3834} INFO - Setting next_dagrun for example_branch_dop_operator_v3 to 2026-09-08 13:44:00+00:00, run_after=2026-09-08 13:45:00+00:00
[2026-09-08T13:45:17.326+0000] {processor.py:183} INFO - Processing /home/airflow/.local/lib/python3.8/site-packages/airflow/example_dags/example_branch_python_dop_operator_3.py took 0.326 seconds
[2026-09-08T13:45:48.460+0000] {processor.py:161} INFO - Started process (PID=208) to work on /home/airflow/.local/lib/python3.8/site-packages/airflow/example_dags/example_branch_python_dop_operator_3.py
[2026-09-08T13:45:48.462+0000] {processor.py:830} INFO - Processing file /home/airflow/.local/lib/python3.8/site-packages/airflow/example_dags/example_branch_python_dop_operator_3.py for tasks to queue
[2026-09-08T13:45:48.475+0000] {logging_mixin.py:188} INFO - [2026-09-08T13:45:48.465+0000] {dagbag.py:540} INFO - Filling up the DagBag from /home/airflow/.local/lib/python3.8/site-packages/airflow/example_dags/example_branch_python_dop_operator_3.py
[2026-09-08T13:45:48.510+0000] {processor.py:840} INFO - DAG(s) 'example_branch_dop_operator_v3' retrieved from /home/airflow/.local/lib/python3.8/site-packages/airflow/example_dags/example_branch_python_dop_operator_3.py
[2026-09-08T13:45:48.570+0000] {logging_mixin.py:188} INFO - [2026-09-08T13:45:48.569+0000] {dag.py:3047} INFO - Sync 1 DAGs
[2026-09-08T13:45:48.656+0000] {logging_mixin.py:188} INFO - [2026-09-08T13:45:48.656+0000] {dag.py:3834} INFO - Setting next_dagrun for example_branch_dop_operator_v3 to 2026-09-08 13:44:00+00:00, run_after=2026-09-08 13:45:00+00:00
[2026-09-08T13:45:48.775+0000] {processor.py:183} INFO - Processing /home/airflow/.local/lib/python3.8/site-packages/airflow/example_dags/example_branch_python_dop_operator_3.py took 0.331 seconds
[2026-09-08T13:46:19.467+0000] {processor.py:161} INFO - Started process (PID=270) to work on /home/airflow/.local/lib/python3.8/site-packages/airflow/example_dags/example_branch_python_dop_operator_3.py
[2026-09-08T13:46:19.469+0000] {processor.py:830} INFO - Processing file /home/airflow/.local/lib/python3.8/site-packages/airflow/example_dags/example_branch_python_dop_operator_3.py for tasks to queue
[2026-09-08T13:46:19.472+0000] {logging_mixin.py:188} INFO - [2026-09-08T13:46:19.471+0000] {dagbag.py:540} INFO - Filling up the DagBag from /home/airflow/.local/lib/python3.8/site-packages/airflow/example_dags/example_branch_python_dop_operator_3.py
[2026-09-08T13:46:19.484+0000] {processor.py:840} INFO - DAG(s) 'example_branch_dop_operator_v3' retrieved from /home/airflow/.local/lib/python3.8/site-packages/airflow/example_dags/example_branch_python_dop_operator_3.py
[2026-09-08T13:46:19.512+0000] {logging_mixin.py:188} INFO - [2026-09-08T13:46:19.511+0000] {dag.py:3047} INFO - Sync 1 DAGs
[2026-09-08T13:46:19.555+0000] {logging_mixin.py:188} INFO - [2026-09-08T13:46:19.554+0000] {dag.py:3834} INFO - Setting next_dagrun for example_branch_dop_operator_v3 to 2026-09-08 13:45:00+00:00, run_after=2026-09-08 13:46:00+00:00
[2026-09-08T13:46:19.609+0000] {processor.py:183} INFO - Processing /home/airflow/.local/lib/python3.8/site-packages/airflow/example_dags/example_branch_python_dop_operator_3.py took 0.146 seconds
[2026-09-08T13:46:50.206+0000] {processor.py:161} INFO - Started process (PID=327) to work on /home/airflow/.local/lib/python3.8/site-packages/airflow/example_dags/example_branch_python_dop_operator_3.py
[2026-09-08T13:46:50.208+0000] {processor.py:830} INFO - Processing file /home/airflow/.local/lib/python3.8/site-packages/airflow/example_dags/example_branch_python_dop_operator_3.py for tasks to queue
[2026-09-08T13:46:50.211+0000] {logging_mixin.py:188} INFO - [2026-09-08T13:46:50.211+0000] {dagbag.py:540} INFO - Filling up the DagBag from /home/airflow/.local/lib/python3.8/site-packages/airflow/example_dags/example_branch_python_dop_operator_3.py
[2026-09-08T13:46:50.221+0000] {processor.py:840} INFO - DAG(s) 'example_branch_dop_operator_v3' retrieved from /home/airflow/.local/lib/python3.8/site-packages/airflow/example_dags/example_branch_python_dop_operator_3.py
[2026-09-08T13:46:50.250+0000] {logging_mixin.py:188} INFO - [2026-09-08T13:46:50.249+0000] {dag.py:3047} INFO - Sync 1 DAGs
[2026-09-08T13:46:50.283+0000] {logging_mixin.py:188} INFO - [2026-09-08T13:46:50.282+0000] {dag.py:3834} INFO - Setting next_dagrun for example_branch_dop_operator_v3 to 2026-09-08 13:45:00+00:00, run_after=2026-09-08 13:46:00+00:00
[2026-09-08T13:46:50.307+0000] {processor.py:183} INFO - Processing /home/airflow/.local/lib/python3.8/site-packages/airflow/example_dags/example_branch_python_dop_operator_3.py took 0.105 seconds
[2026-09-08T13:47:20.766+0000] {processor.py:161} INFO - Started process (PID=388) to work on /home/airflow/.local/lib/python3.8/site-packages/airflow/example_dags/example_branch_python_dop_operator_3.py
[2026-09-08T13:47:20.767+0000] {processor.py:830} INFO - Processing file /home/airflow/.local/lib/python3.8/site-packages/airflow/example_dags/example_branch_python_dop_operator_3.py for tasks to queue
[2026-09-08T13:47:20.770+0000] {logging_mixin.py:188} INFO - [2026-09-08T13:47:20.770+0000] {dagbag.py:540} INFO - Filling up the DagBag from /home/airflow/.local/lib/python3.8/site-packages/airflow/example_dags/example_branch_python_dop_operator_3.py
[2026-09-08T13:47:20.781+0000] {processor.py:840} INFO - DAG(s) 'example_branch_dop_operator_v3' retrieved from /home/airflow/.local/lib/python3.8/site-packages/airflow/example_dags/example_branch_python_dop_operator_3.py
[2026-09-08T13:47:20.805+0000] {logging_mixin.py:188} INFO - [2026-09-08T13:47:20.805+0000] {dag.py:3047} INFO - Sync 1 DAGs
[2026-09-08T13:47:20.838+0000] {logging_mixin.py:188} INFO - [2026-09-08T13:47:20.838+0000] {dag.py:3834} INFO - Setting next_dagrun for example_branch_dop_operator_v3 to 2026-09-08 13:46:00+00:00, run_after=2026-09-08 13:47:00+00:00
[2026-09-08T13:47:20.882+0000] {processor.py:183} INFO - Processing /home/airflow/.local/lib/python3.8/site-packages/airflow/example_dags/example_branch_python_dop_operator_3.py took 0.120 seconds
[2026-09-08T13:47:51.109+0000] {processor.py:161} INFO - Started process (PID=445) to work on /home/airflow/.local/lib/python3.8/site-packages/airflow/example_dags/example_branch_python_dop_operator_3.py
[2026-09-08T13:47:51.110+0000] {processor.py:830} INFO - Processing file /home/airflow/.local/lib/python3.8/site-packages/airflow/example_dags/example_branch_python_dop_operator_3.py for tasks to queue
[2026-09-08T13:47:51.114+0000] {logging_mixin.py:188} INFO - [2026-09-08T13:47:51.113+0000] {dagbag.py:540} INFO - Filling up the DagBag from /home/airflow/.local/lib/python3.8/site-packages/airflow/example_dags/example_branch_python_dop_operator_3.py
[2026-09-08T13:47:51.126+0000] {processor.py:840} INFO - DAG(s) 'example_branch_dop_operator_v3' retrieved from /home/airflow/.local/lib/python3.8/site-packages/airflow/example_dags/example_branch_python_dop_operator_3.py
[2026-09-08T13:47:51.142+0000] {logging_mixin.py:188} INFO - [2026-09-08T13:47:51.142+0000] {dag.py:3047} INFO - Sync 1 DAGs
[2026-09-08T13:47:51.181+0000] {logging_mixin.py:188} INFO - [2026-09-08T13:47:51.181+0000] {dag.py:3834} INFO - Setting next_dagrun for example_branch_dop_operator_v3 to 2026-09-08 13:46:00+00:00, run_after=2026-09-08 13:47:00+00:00
[2026-09-08T13:47:51.215+0000] {processor.py:183} INFO - Processing /home/airflow/.local/lib/python3.8/site-packages/airflow/example_dags/example_branch_python_dop_operator_3.py took 0.112 seconds
[2026-09-08T13:48:22.246+0000] {processor.py:161} INFO - Started process (PID=502) to work on /home/airflow/.local/lib/python3.8/site-packages/airflow/example_dags/example_branch_python_dop_operator_3.py
[2026-09-08T13:48:22.249+0000] {processor.py:830} INFO - Processing file /home/airflow/.local/lib/python3.8/site-packages/airflow/example_dags/example_branch_python_dop_operator_3.py for tasks to queue
[2026-09-08T13:48:22.252+0000] {logging_mixin.py:188} INFO - [2026-09-08T13:48:22.252+0000] {dagbag.py:540} INFO - Filling up the DagBag from /home/airflow/.local/lib/python3.8/site-packages/airflow/example_dags/example_branch_python_dop_operator_3.py
[2026-09-08T13:48:22.271+0000] {processor.py:840} INFO - DAG(s) 'example_branch_dop_operator_v3' retrieved from /home/airflow/.local/lib/python3.8/site-packages/airflow/example_dags/example_branch_python_dop_operator_3.py
[2026-09-08T13:48:22.431+0000] {logging_mixin.py:188} INFO - [2026-09-08T13:48:22.430+0000] {dag.py:3047} INFO - Sync 1 DAGs
[2026-09-08T13:48:22.467+0000] {logging_mixin.py:188} INFO - [2026-09-08T13:48:22.466+0000] {dag.py:3834} INFO - Setting next_dagrun for example_branch_dop_operator_v3 to 2026-09-08 13:47:00+00:00, run_after=2026-09-08 13:48:00+00:00
[2026-09-08T13:48:22.500+0000] {processor.py:183} INFO - Processing /home/airflow/.local/lib/python3.8/site-packages/airflow/example_dags/example_branch_python_dop_operator_3.py took 0.258 seconds
[2026-09-08T13:48:52.649+0000] {processor.py:161} INFO - Started process (PID=558) to work on /home/airflow/.local/lib/python3.8/site-packages/airflow/example_dags/example_branch_python_dop_operator_3.py
[2026-09-08T13:48:52.651+0000] {processor.py:830} INFO - Processing file /home/airflow/.local/lib/python3.8/site-packages/airflow/example_dags/example_branch_python_dop_operator_3.py for tasks to queue
[2026-09-08T13:48:52.656+0000] {logging_mixin.py:188} INFO - [2026-09-08T13:48:52.655+0000] {dagbag.py:540} INFO - Filling up the DagBag from /home/airflow/.local/lib/python3.8/site-packages/airflow/example_dags/example_branch_python_dop_operator_3.py
[2026-09-08T13:48:52.666+0000] {processor.py:840} INFO - DAG(s) 'example_branch_dop_operator_v3' retrieved from /home/airflow/.local/lib/python3.8/site-packages/airflow/example_dags/example_branch_python_dop_operator_3.py
[2026-09-08T13:48:52.690+0000] {logging_mixin.py:188} INFO - [2026-09-08T13:48:52.690+0000] {dag.py:3047} INFO - Sync 1 DAGs
[2026-09-08T13:48:52.723+0000] {logging_mixin.py:188} INFO - [2026-09-08T13:48:52.722+0000] {dag.py:3834} INFO - Setting next_dagrun for example_branch_dop_operator_v3 to 2026-09-08 13:47:00+00:00, run_after=2026-09-08 13:48:00+00:00
[2026-09-08T13:48:52.749+0000] {processor.py:183} INFO - Processing /home/airflow/.local/lib/python3.8/site-packages/airflow/example_dags/example_branch_python_dop_operator_3.py took 0.103 seconds
[2026-09-08T13:49:22.842+0000] {processor.py:161} INFO - Started process (PID=615) to work on /home/airflow/.local/lib/python3.8/site-packages/airflow/example_dags/example_branch_python_dop_operator_3.py
[2026-09-08T13:49:22.844+0000] {processor.py:830} INFO - Processing file /home/airflow/.local/lib/python3.8/site-packages/airflow/example_dags/example_branch_python_dop_operator_3.py for tasks to queue
[2026-09-08T13:49:22.848+0000] {logging_mixin.py:188} INFO - [2026-09-08T13:49:22.847+0000] {dagbag.py:540} INFO - Filling up the DagBag from /home/airflow/.local/lib/python3.8/site-packages/airflow/example_dags/example_branch_python_dop_operator_3.py
[2026-09-08T13:49:22.864+0000] {processor.py:840} INFO - DAG(s) 'example_branch_dop_operator_v3' retrieved from /home/airflow/.local/lib/python3.8/site-packages/airflow/example_dags/example_branch_python_dop_operator_3.py
[2026-09-08T13:49:22.890+0000] {logging_mixin.py:188} INFO - [2026-09-08T13:49:22.890+0000] {dag.py:3047} INFO - Sync 1 DAGs
[2026-09-08T13:49:22.926+0000] {logging_mixin.py:188} INFO - [2026-09-08T13:49:22.925+0000] {dag.py:3834} INFO - Setting next_dagrun for example_branch_dop_operator_v3 to 2026-09-08 13:48:00+00:00, run_after=2026-09-08 13:49:00+00:00
[2026-09-08T13:49:22.947+0000] {processor.py:183} INFO - Processing /home/airflow/.local/lib/python3.8/site-packages/airflow/example_dags/example_branch_python_dop_operator_3.py took 0.109 seconds
[2026-09-08T13:49:53.656+0000] {processor.py:161} INFO - Started process (PID=672) to work on /home/airflow/.local/lib/python3.8/site-packages/airflow/example_dags/example_branch_python_dop_operator_3.py
[2026-09-08T13:49:53.658+0000] {processor.py:830} INFO - Processing file /home/airflow/.local/lib/python3.8/site-packages/airflow/example_dags/example_branch_python_dop_operator_3.py for tasks to queue
[2026-09-08T13:49:53.661+0000] {logging_mixin.py:188} INFO - [2026-09-08T13:49:53.661+0000] {dagbag.py:540} INFO - Filling up the DagBag from /home/airflow/.local/lib/python3.8/site-packages/airflow/example_dags/example_branch_python_dop_operator_3.py
[2026-09-08T13:49:53.673+0000] {processor.py:840} INFO - DAG(s) 'example_branch_dop_operator_v3' retrieved from /home/airflow/.local/lib/python3.8/site-packages/airflow/example_dags/example_branch_python_dop_operator_3.py
[2026-09-08T13:49:53.722+0000] {logging_mixin.py:188} INFO - [2026-09-08T13:49:53.722+0000] {dag.py:3047} INFO - Sync 1 DAGs
[2026-09-08T13:49:53.798+0000] {logging_mixin.py:188} INFO - [2026-09-08T13:49:53.797+0000] {dag.py:3834} INFO - Setting next_dagrun for example_branch_dop_operator_v3 to 2026-09-08 13:48:00+00:00, run_after=2026-09-08 13:49:00+00:00
[2026-09-08T13:49:53.882+0000] {processor.py:183} INFO - Processing /home/airflow/.local/lib/python3.8/site-packages/airflow/example_dags/example_branch_python_dop_operator_3.py took 0.230 seconds
[2026-09-08T13:50:24.721+0000] {processor.py:161} INFO - Started process (PID=728) to work on /home/airflow/.local/lib/python3.8/site-packages/airflow/example_dags/example_branch_python_dop_operator_3.py
[2026-09-08T13:50:24.723+0000] {processor.py:830} INFO - Processing file /home/airflow/.local/lib/python3.8/site-packages/airflow/example_dags/example_branch_python_dop_operator_3.py for tasks to queue
[2026-09-08T13:50:24.728+0000] {logging_mixin.py:188} INFO - [2026-09-08T13:50:24.727+0000] {dagbag.py:540} INFO - Filling up the DagBag from /home/airflow/.local/lib/python3.8/site-packages/airflow/example_dags/example_branch_python_dop_operator_3.py
[2026-09-08T13:50:24.744+0000] {processor.py:840} INFO - DAG(s) 'example_branch_dop_operator_v3' retrieved from /home/airflow/.local/lib/python3.8/site-packages/airflow/example_dags/example_branch_python_dop_operator_3.py
[2026-09-08T13:50:24.776+0000] {logging_mixin.py:188} INFO - [2026-09-08T13:50:24.776+0000] {dag.py:3047} INFO - Sync 1 DAGs
[2026-09-08T13:50:24.817+0000] {logging_mixin.py:188} INFO - [2026-09-08T13:50:24.817+0000] {dag.py:3834} INFO - Setting next_dagrun for example_branch_dop_operator_v3 to 2026-09-08 13:49:00+00:00, run_after=2026-09-08 13:50:00+00:00
[2026-09-08T13:50:24.844+0000] {processor.py:183} INFO - Processing /home/airflow/.local/lib/python3.8/site-packages/airflow/example_dags/example_branch_python_dop_operator_3.py took 0.128 seconds
[2026-09-08T13:50:54.984+0000] {processor.py:161} INFO - Started process (PID=784) to work on /home/airflow/.local/lib/python3.8/site-packages/airflow/example_dags/example_branch_python_dop_operator_3.py
[2026-09-08T13:50:54.985+0000] {processor.py:830} INFO - Processing file /home/airflow/.local/lib/python3.8/site-packages/airflow/example_dags/example_branch_python_dop_operator_3.py for tasks to queue
[2026-09-08T13:50:54.989+0000] {logging_mixin.py:188} INFO - [2026-09-08T13:50:54.989+0000] {dagbag.py:540} INFO - Filling up the DagBag from /home/airflow/.local/lib/python3.8/site-packages/airflow/example_dags/example_branch_python_dop_operator_3.py
[2026-09-08T13:50:55.000+0000] {processor.py:840} INFO - DAG(s) 'example_branch_dop_operator_v3' retrieved from /home/airflow/.local/lib/python3.8/site-packages/airflow/example_dags/example_branch_python_dop_operator_3.py
[2026-09-08T13:50:55.027+0000] {logging_mixin.py:188} INFO - [2026-09-08T13:50:55.026+0000] {dag.py:3047} INFO - Sync 1 DAGs
[2026-09-08T13:50:55.055+0000] {logging_mixin.py:188} INFO - [2026-09-08T13:50:55.054+0000] {dag.py:3834} INFO - Setting next_dagrun for example_branch_dop_operator_v3 to 2026-09-08 13:49:00+00:00, run_after=2026-09-08 13:50:00+00:00
[2026-09-08T13:50:55.094+0000] {processor.py:183} INFO - Processing /home/airflow/.local/lib/python3.8/site-packages/airflow/example_dags/example_branch_python_dop_operator_3.py took 0.114 seconds
[2026-09-08T13:51:25.210+0000] {processor.py:161} INFO - Started process (PID=841) to work on /home/airflow/.local/lib/python3.8/site-packages/airflow/example_dags/example_branch_python_dop_operator_3.py
[2026-09-08T13:51:25.211+0000] {processor.py:830} INFO - Processing file /home/airflow/.local/lib/python3.8/site-packages/airflow/example_dags/example_branch_python_dop_operator_3.py for tasks to queue
[2026-09-08T13:51:25.214+0000] {logging_mixin.py:188} INFO - [2026-09-08T13:51:25.213+0000] {dagbag.py:540} INFO - Filling up the DagBag from /home/airflow/.local/lib/python3.8/site-packages/airflow/example_dags/example_branch_python_dop_operator_3.py
[2026-09-08T13:51:25.224+0000] {processor.py:840} INFO - DAG(s) 'example_branch_dop_operator_v3' retrieved from /home/airflow/.local/lib/python3.8/site-packages/airflow/example_dags/example_branch_python_dop_operator_3.py
[2026-09-08T13:51:25.249+0000] {logging_mixin.py:188} INFO - [2026-09-08T13:51:25.248+0000] {dag.py:3047} INFO - Sync 1 DAGs
[2026-09-08T13:51:25.275+0000] {logging_mixin.py:188} INFO - [2026-09-08T13:51:25.275+0000] {dag.py:3834} INFO - Setting next_dagrun for example_branch_dop_operator_v3 to 2026-09-08 13:50:00+00:00, run_after=2026-09-08 13:51:00+00:00
[2026-09-08T13:51:25.299+0000] {processor.py:183} INFO - Processing /home/airflow/.local/lib/python3.8/site-packages/airflow/example_dags/example_branch_python_dop_operator_3.py took 0.092 seconds
[2026-09-08T13:51:55.411+0000] {processor.py:161} INFO - Started process (PID=898) to work on /home/airflow/.local/lib/python3.8/site-packages/airflow/example_dags/example_branch_python_dop_operator_3.py
[2026-09-08T13:51:55.413+0000] {processor.py:830} INFO - Processing file /home/airflow/.local/lib/python3.8/site-packages/airflow/example_dags/example_branch_python_dop_operator_3.py for tasks to queue
[2026-09-08T13:51:55.416+0000] {logging_mixin.py:188} INFO - [2026-09-08T13:51:55.415+0000] {dagbag.py:540} INFO - Filling up the DagBag from /home/airflow/.local/lib/python3.8/site-packages/airflow/example_dags/example_branch_python_dop_operator_3.py
[2026-09-08T13:51:55.426+0000] {processor.py:840} INFO - DAG(s) 'example_branch_dop_operator_v3' retrieved from /home/airflow/.local/lib/python3.8/site-packages/airflow/example_dags/example_branch_python_dop_operator_3.py
[2026-09-08T13:51:55.451+0000] {logging_mixin.py:188} INFO - [2026-09-08T13:51:55.451+0000] {dag.py:3047} INFO - Sync 1 DAGs
[2026-09-08T13:51:55.479+0000] {logging_mixin.py:188} INFO - [2026-09-08T13:51:55.478+0000] {dag.py:3834} INFO - Setting next_dagrun for example_branch_dop_operator_v3 to 2026-09-08 13:50:00+00:00, run_after=2026-09-08 13:51:00+00:00
[2026-09-08T13:51:55.501+0000] {processor.py:183} INFO - Processing /home/airflow/.local/lib/python3.8/site-packages/airflow/example_dags/example_branch_python_dop_operator_3.py took 0.093 seconds
[2026-09-08T13:52:25.891+0000] {processor.py:161} INFO - Started process (PID=955) to work on /home/airflow/.local/lib/python3.8/site-packages/airflow/example_dags/example_branch_python_dop_operator_3.py
[2026-09-08T13:52:25.893+0000] {processor.py:830} INFO - Processing file /home/airflow/.local/lib/python3.8/site-packages/airflow/example_dags/example_branch_python_dop_operator_3.py for tasks to queue
[2026-09-08T13:52:25.896+0000] {logging_mixin.py:188} INFO - [2026-09-08T13:52:25.896+0000] {dagbag.py:540} INFO - Filling up the DagBag from /home/airflow/.local/lib/python3.8/site-packages/airflow/example_dags/example_branch_python_dop_operator_3.py
[2026-09-08T13:52:25.909+0000] {processor.py:840} INFO - DAG(s) 'example_branch_dop_operator_v3' retrieved from /home/airflow/.local/lib/python3.8/site-packages/airflow/example_dags/example_branch_python_dop_operator_3.py
[2026-09-08T13:52:25.937+0000] {logging_mixin.py:188} INFO - [2026-09-08T13:52:25.937+0000] {dag.py:3047} INFO - Sync 1 DAGs
[2026-09-08T13:52:25.970+0000] {logging_mixin.py:188} INFO - [2026-09-08T13:52:25.969+0000] {dag.py:3834} INFO - Setting next_dagrun for example_branch_dop_operator_v3 to 2026-09-08 13:51:00+00:00, run_after=2026-09-08 13:52:00+00:00
[2026-09-08T13:52:25.994+0000] {processor.py:183} INFO - Processing /home/airflow/.local/lib/python3.8/site-packages/airflow/example_dags/example_branch_python_dop_operator_3.py took 0.108 seconds
