[2026-09-08T13:44:50.141+0000] {processor.py:161} INFO - Started process (PID=112) to work on /home/airflow/.local/lib/python3.8/site-packages/airflow/example_dags/example_dag_decorator.py
[2026-09-08T13:44:50.143+0000] {processor.py:830} INFO - Processing file /home/airflow/.local/lib/python3.8/site-packages/airflow/example_dags/example_dag_decorator.py for tasks to queue
[2026-09-08T13:44:50.147+0000] {logging_mixin.py:188} INFO - [2026-09-08T13:44:50.146+0000] {dagbag.py:540} INFO - Filling up the DagBag from /home/airflow/.local/lib/python3.8/site-packages/airflow/example_dags/example_dag_decorator.py
[2026-09-08T13:44:50.519+0000] {processor.py:840} INFO - DAG(s) 'example_dag_decorator' retrieved from /home/airflow/.local/lib/python3.8/site-packages/airflow/example_dags/example_dag_decorator.py
[2026-09-08T13:44:50.543+0000] {logging_mixin.py:188} INFO - [2026-09-08T13:44:50.542+0000] {dag.py:3047} INFO - Sync 1 DAGs
[2026-09-08T13:44:50.576+0000] {logging_mixin.py:188} INFO - [2026-09-08T13:44:50.576+0000] {dag.py:3834} INFO - Setting next_dagrun for example_dag_decorator to None, run_after=None
[2026-09-08T13:44:50.619+0000] {processor.py:183} INFO - Processing /home/airflow/.local/lib/python3.8/site-packages/airflow/example_dags/example_dag_decorator.py took 0.486 seconds
[2026-09-08T13:45:21.396+0000] {processor.py:161} INFO - Started process (PID=170) to work on /home/airflow/.local/lib/python3.8/site-packages/airflow/example_dags/example_dag_decorator.py
[2026-09-08T13:45:21.399+0000] {processor.py:830} INFO - Processing file /home/airflow/.local/lib/python3.8/site-packages/airflow/example_dags/example_dag_decorator.py for tasks to queue
[2026-09-08T13:45:21.402+0000] {logging_mixin.py:188} INFO - [2026-09-08T13:45:21.402+0000] {dagbag.py:540} INFO - Filling up the DagBag from /home/airflow/.local/lib/python3.8/site-packages/airflow/example_dags/example_dag_decorator.py
[2026-09-08T13:45:21.541+0000] {processor.py:840} INFO - DAG(s) 'example_dag_decorator' retrieved from /home/airflow/.local/lib/python3.8/site-packages/airflow/example_dags/example_dag_decorator.py
[2026-09-08T13:45:21.670+0000] {logging_mixin.py:188} INFO - [2026-09-08T13:45:21.670+0000] {dag.py:3047} INFO - Sync 1 DAGs
[2026-09-08T13:45:21.686+0000] {logging_mixin.py:188} INFO - [2026-09-08T13:45:21.686+0000] {dag.py:3834} INFO - Setting next_dagrun for example_dag_decorator to None, run_after=None
[2026-09-08T13:45:24.956+0000] {processor.py:183} INFO - Processing /home/airflow/.local/lib/python3.8/site-packages/airflow/example_dags/example_dag_decorator.py took 3.569 seconds
[2026-09-08T13:45:55.620+0000] {processor.py:161} INFO - Started process (PID=226) to work on /home/airflow/.local/lib/python3.8/site-packages/airflow/example_dags/example_dag_decorator.py
[2026-09-08T13:45:55.622+0000] {processor.py:830} INFO - Processing file /home/airflow/.local/lib/python3.8/site-packages/airflow/example_dags/example_dag_decorator.py for tasks to queue
[2026-09-08T13:45:55.626+0000] {logging_mixin.py:188} INFO - [2026-09-08T13:45:55.625+0000] {dagbag.py:540} INFO - Filling up the DagBag from /home/airflow/.local/lib/python3.8/site-packages/airflow/example_dags/example_dag_decorator.py
[2026-09-08T13:45:55.867+0000] {processor.py:840} INFO - DAG(s) 'example_dag_decorator' retrieved from /home/airflow/.local/lib/python3.8/site-packages/airflow/example_dags/example_dag_decorator.py
[2026-09-08T13:45:56.336+0000] {logging_mixin.py:188} INFO - [2026-09-08T13:45:56.336+0000] {dag.py:3047} INFO - Sync 1 DAGs
[2026-09-08T13:45:56.380+0000] {logging_mixin.py:188} INFO - [2026-09-08T13:45:56.379+0000] {dag.py:3834} INFO - Setting next_dagrun for example_dag_decorator to None, run_after=None
[2026-09-08T13:45:56.443+0000] {processor.py:183} INFO - Processing /home/airflow/.local/lib/python3.8/site-packages/airflow/example_dags/example_dag_decorator.py took 0.831 seconds
[2026-09-08T13:46:27.302+0000] {processor.py:161} INFO - Started process (PID=289) to work on /home/airflow/.local/lib/python3.8/site-packages/airflow/example_dags/example_dag_decorator.py
[2026-09-08T13:46:27.304+0000] {processor.py:830} INFO - Processing file /home/airflow/.local/lib/python3.8/site-packages/airflow/example_dags/example_dag_decorator.py for tasks to queue
[2026-09-08T13:46:27.307+0000] {logging_mixin.py:188} INFO - [2026-09-08T13:46:27.307+0000] {dagbag.py:540} INFO - Filling up the DagBag from /home/airflow/.local/lib/python3.8/site-packages/airflow/example_dags/example_dag_decorator.py
[2026-09-08T13:46:27.416+0000] {processor.py:840} INFO - DAG(s) 'example_dag_decorator' retrieved from /home/airflow/.local/lib/python3.8/site-packages/airflow/example_dags/example_dag_decorator.py
[2026-09-08T13:46:27.571+0000] {logging_mixin.py:188} INFO - [2026-09-08T13:46:27.570+0000] {dag.py:3047} INFO - Sync 1 DAGs
[2026-09-08T13:46:27.588+0000] {logging_mixin.py:188} INFO - [2026-09-08T13:46:27.588+0000] {dag.py:3834} INFO - Setting next_dagrun for example_dag_decorator to None, run_after=None
[2026-09-08T13:46:27.619+0000] {processor.py:183} INFO - Processing /home/airflow/.local/lib/python3.8/site-packages/airflow/example_dags/example_dag_decorator.py took 0.324 seconds
[2026-09-08T13:46:57.667+0000] {processor.py:161} INFO - Started process (PID=347) to work on /home/airflow/.local/lib/python3.8/site-packages/airflow/example_dags/example_dag_decorator.py
[2026-09-08T13:46:57.669+0000] {processor.py:830} INFO - Processing file /home/airflow/.local/lib/python3.8/site-packages/airflow/example_dags/example_dag_decorator.py for tasks to queue
[2026-09-08T13:46:57.674+0000] {logging_mixin.py:188} INFO - [2026-09-08T13:46:57.673+0000] {dagbag.py:540} INFO - Filling up the DagBag from /home/airflow/.local/lib/python3.8/site-packages/airflow/example_dags/example_dag_decorator.py
[2026-09-08T13:46:57.818+0000] {processor.py:840} INFO - DAG(s) 'example_dag_decorator' retrieved from /home/airflow/.local/lib/python3.8/site-packages/airflow/example_dags/example_dag_decorator.py
[2026-09-08T13:46:57.947+0000] {logging_mixin.py:188} INFO - [2026-09-08T13:46:57.947+0000] {dag.py:3047} INFO - Sync 1 DAGs
[2026-09-08T13:46:57.961+0000] {logging_mixin.py:188} INFO - [2026-09-08T13:46:57.960+0000] {dag.py:3834} INFO - Setting next_dagrun for example_dag_decorator to None, run_after=None
[2026-09-08T13:46:57.990+0000] {processor.py:183} INFO - Processing /home/airflow/.local/lib/python3.8/site-packages/airflow/example_dags/example_dag_decorator.py took 0.327 seconds
[2026-09-08T13:47:28.457+0000] {processor.py:161} INFO - Started process (PID=407) to work on /home/airflow/.local/lib/python3.8/site-packages/airflow/example_dags/example_dag_decorator.py
[2026-09-08T13:47:28.459+0000] {processor.py:830} INFO - Processing file /home/airflow/.local/lib/python3.8/site-packages/airflow/example_dags/example_dag_decorator.py for tasks to queue
[2026-09-08T13:47:28.463+0000] {logging_mixin.py:188} INFO - [2026-09-08T13:47:28.463+0000] {dagbag.py:540} INFO - Filling up the DagBag from /home/airflow/.local/lib/python3.8/site-packages/airflow/example_dags/example_dag_decorator.py
[2026-09-08T13:47:28.580+0000] {processor.py:840} INFO - DAG(s) 'example_dag_decorator' retrieved from /home/airflow/.local/lib/python3.8/site-packages/airflow/example_dags/example_dag_decorator.py
[2026-09-08T13:47:28.730+0000] {logging_mixin.py:188} INFO - [2026-09-08T13:47:28.729+0000] {dag.py:3047} INFO - Sync 1 DAGs
[2026-09-08T13:47:28.745+0000] {logging_mixin.py:188} INFO - [2026-09-08T13:47:28.745+0000] {dag.py:3834} INFO - Setting next_dagrun for example_dag_decorator to None, run_after=None
[2026-09-08T13:47:28.791+0000] {processor.py:183} INFO - Processing /home/airflow/.local/lib/python3.8/site-packages/airflow/example_dags/example_dag_decorator.py took 0.343 seconds
[2026-09-08T13:47:59.051+0000] {processor.py:161} INFO - Started process (PID=464) to work on /home/airflow/.local/lib/python3.8/site-packages/airflow/example_dags/example_dag_decorator.py
[2026-09-08T13:47:59.054+0000] {processor.py:830} INFO - Processing file /home/airflow/.local/lib/python3.8/site-packages/airflow/example_dags/example_dag_decorator.py for tasks to queue
[2026-09-08T13:47:59.057+0000] {logging_mixin.py:188} INFO - [2026-09-08T13:47:59.056+0000] {dagbag.py:540} INFO - Filling up the DagBag from /home/airflow/.local/lib/python3.8/site-packages/airflow/example_dags/example_dag_decorator.py
[2026-09-08T13:47:59.179+0000] {processor.py:840} INFO - DAG(s) 'example_dag_decorator' retrieved from /home/airflow/.local/lib/python3.8/site-packages/airflow/example_dags/example_dag_decorator.py
[2026-09-08T13:47:59.195+0000] {logging_mixin.py:188} INFO - [2026-09-08T13:47:59.195+0000] {dag.py:3047} INFO - Sync 1 DAGs
[2026-09-08T13:47:59.214+0000] {logging_mixin.py:188} INFO - [2026-09-08T13:47:59.213+0000] {dag.py:3834} INFO - Setting next_dagrun for example_dag_decorator to None, run_after=None
[2026-09-08T13:47:59.240+0000] {processor.py:183} INFO - Processing /home/airflow/.local/lib/python3.8/site-packages/airflow/example_dags/example_dag_decorator.py took 0.193 seconds
[2026-09-08T13:48:29.717+0000] {processor.py:161} INFO - Started process (PID=521) to work on /home/airflow/.local/lib/python3.8/site-packages/airflow/example_dags/example_dag_decorator.py
[2026-09-08T13:48:29.719+0000] {processor.py:830} INFO - Processing file /home/airflow/.local/lib/python3.8/site-packages/airflow/example_dags/example_dag_decorator.py for tasks to queue
[2026-09-08T13:48:29.723+0000] {logging_mixin.py:188} INFO - [2026-09-08T13:48:29.722+0000] {dagbag.py:540} INFO - Filling up the DagBag from /home/airflow/.local/lib/python3.8/site-packages/airflow/example_dags/example_dag_decorator.py
[2026-09-08T13:48:29.848+0000] {processor.py:840} INFO - DAG(s) 'example_dag_decorator' retrieved from /home/airflow/.local/lib/python3.8/site-packages/airflow/example_dags/example_dag_decorator.py
[2026-09-08T13:48:30.016+0000] {logging_mixin.py:188} INFO - [2026-09-08T13:48:30.016+0000] {dag.py:3047} INFO - Sync 1 DAGs
[2026-09-08T13:48:30.038+0000] {logging_mixin.py:188} INFO - [2026-09-08T13:48:30.037+0000] {dag.py:3834} INFO - Setting next_dagrun for example_dag_decorator to None, run_after=None
[2026-09-08T13:48:30.078+0000] {processor.py:183} INFO - Processing /home/airflow/.local/lib/python3.8/site-packages/airflow/example_dags/example_dag_decorator.py took 0.365 seconds
[2026-09-08T13:49:00.214+0000] {processor.py:161} INFO - Started process (PID=577) to work on /home/airflow/.local/lib/python3.8/site-packages/airflow/example_dags/example_dag_decorator.py
[2026-09-08T13:49:00.216+0000] {processor.py:830} INFO - Processing file /home/airflow/.local/lib/python3.8/site-packages/airflow/example_dags/example_dag_decorator.py for tasks to queue
[2026-09-08T13:49:00.219+0000] {logging_mixin.py:188} INFO - [2026-09-08T13:49:00.219+0000] {dagbag.py:540} INFO - Filling up the DagBag from /home/airflow/.local/lib/python3.8/site-packages/airflow/example_dags/example_dag_decorator.py
[2026-09-08T13:49:00.343+0000] {processor.py:840} INFO - DAG(s) 'example_dag_decorator' retrieved from /home/airflow/.local/lib/python3.8/site-packages/airflow/example_dags/example_dag_decorator.py
[2026-09-08T13:49:00.469+0000] {logging_mixin.py:188} INFO - [2026-09-08T13:49:00.468+0000] {dag.py:3047} INFO - Sync 1 DAGs
[2026-09-08T13:49:00.483+0000] {logging_mixin.py:188} INFO - [2026-09-08T13:49:00.482+0000] {dag.py:3834} INFO - Setting next_dagrun for example_dag_decorator to None, run_after=None
[2026-09-08T13:49:00.510+0000] {processor.py:183} INFO - Processing /home/airflow/.local/lib/python3.8/site-packages/airflow/example_dags/example_dag_decorator.py took 0.302 seconds
[2026-09-08T13:49:30.905+0000] {processor.py:161} INFO - Started process (PID=634) to work on /home/airflow/.local/lib/python3.8/site-packages/airflow/example_dags/example_dag_decorator.py
[2026-09-08T13:49:30.910+0000] {processor.py:830} INFO - Processing file /home/airflow/.local/lib/python3.8/site-packages/airflow/example_dags/example_dag_decorator.py for tasks to queue
[2026-09-08T13:49:30.917+0000] {logging_mixin.py:188} INFO - [2026-09-08T13:49:30.916+0000] {dagbag.py:540} INFO - Filling up the DagBag from /home/airflow/.local/lib/python3.8/site-packages/airflow/example_dags/example_dag_decorator.py
[2026-09-08T13:49:31.078+0000] {processor.py:840} INFO - DAG(s) 'example_dag_decorator' retrieved from /home/airflow/.local/lib/python3.8/site-packages/airflow/example_dags/example_dag_decorator.py
[2026-09-08T13:49:31.244+0000] {logging_mixin.py:188} INFO - [2026-09-08T13:49:31.243+0000] {dag.py:3047} INFO - Sync 1 DAGs
[2026-09-08T13:49:31.261+0000] {logging_mixin.py:188} INFO - [2026-09-08T13:49:31.261+0000] {dag.py:3834} INFO - Setting next_dagrun for example_dag_decorator to None, run_after=None
[2026-09-08T13:49:31.289+0000] {processor.py:183} INFO - Processing /home/airflow/.local/lib/python3.8/site-packages/airflow/example_dags/example_dag_decorator.py took 0.400 seconds
[2026-09-08T13:50:01.378+0000] {processor.py:161} INFO - Started process (PID=691) to work on /home/airflow/.local/lib/python3.8/site-packages/airflow/example_dags/example_dag_decorator.py
[2026-09-08T13:50:01.380+0000] {processor.py:830} INFO - Processing file /home/airflow/.local/lib/python3.8/site-packages/airflow/example_dags/example_dag_decorator.py for tasks to queue
[2026-09-08T13:50:01.383+0000] {logging_mixin.py:188} INFO - [2026-09-08T13:50:01.383+0000] {dagbag.py:540} INFO - Filling up the DagBag from /home/airflow/.local/lib/python3.8/site-packages/airflow/example_dags/example_dag_decorator.py
[2026-09-08T13:50:01.547+0000] {processor.py:840} INFO - DAG(s) 'example_dag_decorator' retrieved from /home/airflow/.local/lib/python3.8/site-packages/airflow/example_dags/example_dag_decorator.py
[2026-09-08T13:50:01.833+0000] {logging_mixin.py:188} INFO - [2026-09-08T13:50:01.833+0000] {dag.py:3047} INFO - Sync 1 DAGs
[2026-09-08T13:50:01.853+0000] {logging_mixin.py:188} INFO - [2026-09-08T13:50:01.853+0000] {dag.py:3834} INFO - Setting next_dagrun for example_dag_decorator to None, run_after=None
[2026-09-08T13:50:01.893+0000] {processor.py:183} INFO - Processing /home/airflow/.local/lib/python3.8/site-packages/airflow/example_dags/example_dag_decorator.py took 0.526 seconds
[2026-09-08T13:50:32.597+0000] {processor.py:161} INFO - Started process (PID=748) to work on /home/airflow/.local/lib/python3.8/site-packages/airflow/example_dags/example_dag_decorator.py
[2026-09-08T13:50:32.599+0000] {processor.py:830} INFO - Processing file /home/airflow/.local/lib/python3.8/site-packages/airflow/example_dags/example_dag_decorator.py for tasks to queue
[2026-09-08T13:50:32.605+0000] {logging_mixin.py:188} INFO - [2026-09-08T13:50:32.605+0000] {dagbag.py:540} INFO - Filling up the DagBag from /home/airflow/.local/lib/python3.8/site-packages/airflow/example_dags/example_dag_decorator.py
[2026-09-08T13:50:32.775+0000] {processor.py:840} INFO - DAG(s) 'example_dag_decorator' retrieved from /home/airflow/.local/lib/python3.8/site-packages/airflow/example_dags/example_dag_decorator.py
[2026-09-08T13:50:32.938+0000] {logging_mixin.py:188} INFO - [2026-09-08T13:50:32.937+0000] {dag.py:3047} INFO - Sync 1 DAGs
[2026-09-08T13:50:32.950+0000] {logging_mixin.py:188} INFO - [2026-09-08T13:50:32.949+0000] {dag.py:3834} INFO - Setting next_dagrun for example_dag_decorator to None, run_after=None
[2026-09-08T13:50:32.976+0000] {processor.py:183} INFO - Processing /home/airflow/.local/lib/python3.8/site-packages/airflow/example_dags/example_dag_decorator.py took 0.382 seconds
[2026-09-08T13:51:03.047+0000] {processor.py:161} INFO - Started process (PID=808) to work on /home/airflow/.local/lib/python3.8/site-packages/airflow/example_dags/example_dag_decorator.py
[2026-09-08T13:51:03.049+0000] {processor.py:830} INFO - Processing file /home/airflow/.local/lib/python3.8/site-packages/airflow/example_dags/example_dag_decorator.py for tasks to queue
[2026-09-08T13:51:03.051+0000] {logging_mixin.py:188} INFO - [2026-09-08T13:51:03.051+0000] {dagbag.py:540} INFO - Filling up the DagBag from /home/airflow/.local/lib/python3.8/site-packages/airflow/example_dags/example_dag_decorator.py
[2026-09-08T13:51:03.147+0000] {processor.py:840} INFO - DAG(s) 'example_dag_decorator' retrieved from /home/airflow/.local/lib/python3.8/site-packages/airflow/example_dags/example_dag_decorator.py
[2026-09-08T13:51:03.251+0000] {logging_mixin.py:188} INFO - [2026-09-08T13:51:03.251+0000] {dag.py:3047} INFO - Sync 1 DAGs
[2026-09-08T13:51:03.262+0000] {logging_mixin.py:188} INFO - [2026-09-08T13:51:03.262+0000] {dag.py:3834} INFO - Setting next_dagrun for example_dag_decorator to None, run_after=None
[2026-09-08T13:51:03.287+0000] {processor.py:183} INFO - Processing /home/airflow/.local/lib/python3.8/site-packages/airflow/example_dags/example_dag_decorator.py took 0.244 seconds
[2026-09-08T13:51:33.417+0000] {processor.py:161} INFO - Started process (PID=862) to work on /home/airflow/.local/lib/python3.8/site-packages/airflow/example_dags/example_dag_decorator.py
[2026-09-08T13:51:33.419+0000] {processor.py:830} INFO - Processing file /home/airflow/.local/lib/python3.8/site-packages/airflow/example_dags/example_dag_decorator.py for tasks to queue
[2026-09-08T13:51:33.423+0000] {logging_mixin.py:188} INFO - [2026-09-08T13:51:33.422+0000] {dagbag.py:540} INFO - Filling up the DagBag from /home/airflow/.local/lib/python3.8/site-packages/airflow/example_dags/example_dag_decorator.py
[2026-09-08T13:51:33.533+0000] {processor.py:840} INFO - DAG(s) 'example_dag_decorator' retrieved from /home/airflow/.local/lib/python3.8/site-packages/airflow/example_dags/example_dag_decorator.py
[2026-09-08T13:51:33.657+0000] {logging_mixin.py:188} INFO - [2026-09-08T13:51:33.657+0000] {dag.py:3047} INFO - Sync 1 DAGs
[2026-09-08T13:51:33.669+0000] {logging_mixin.py:188} INFO - [2026-09-08T13:51:33.669+0000] {dag.py:3834} INFO - Setting next_dagrun for example_dag_decorator to None, run_after=None
[2026-09-08T13:51:33.693+0000] {processor.py:183} INFO - Processing /home/airflow/.local/lib/python3.8/site-packages/airflow/example_dags/example_dag_decorator.py took 0.280 seconds
[2026-09-08T13:52:04.351+0000] {processor.py:161} INFO - Started process (PID=919) to work on /home/airflow/.local/lib/python3.8/site-packages/airflow/example_dags/example_dag_decorator.py
[2026-09-08T13:52:04.353+0000] {processor.py:830} INFO - Processing file /home/airflow/.local/lib/python3.8/site-packages/airflow/example_dags/example_dag_decorator.py for tasks to queue
[2026-09-08T13:52:04.356+0000] {logging_mixin.py:188} INFO - [2026-09-08T13:52:04.356+0000] {dagbag.py:540} INFO - Filling up the DagBag from /home/airflow/.local/lib/python3.8/site-packages/airflow/example_dags/example_dag_decorator.py
[2026-09-08T13:52:04.477+0000] {processor.py:840} INFO - DAG(s) 'example_dag_decorator' retrieved from /home/airflow/.local/lib/python3.8/site-packages/airflow/example_dags/example_dag_decorator.py
[2026-09-08T13:52:04.601+0000] {logging_mixin.py:188} INFO - [2026-09-08T13:52:04.601+0000] {dag.py:3047} INFO - Sync 1 DAGs
[2026-09-08T13:52:04.614+0000] {logging_mixin.py:188} INFO - [2026-09-08T13:52:04.614+0000] {dag.py:3834} INFO - Setting next_dagrun for example_dag_decorator to None, run_after=None
[2026-09-08T13:52:04.642+0000] {processor.py:183} INFO - Processing /home/airflow/.local/lib/python3.8/site-packages/airflow/example_dags/example_dag_decorator.py took 0.295 seconds
[2026-09-08T13:52:34.728+0000] {processor.py:161} INFO - Started process (PID=978) to work on /home/airflow/.local/lib/python3.8/site-packages/airflow/example_dags/example_dag_decorator.py
[2026-09-08T13:52:34.730+0000] {processor.py:830} INFO - Processing file /home/airflow/.local/lib/python3.8/site-packages/airflow/example_dags/example_dag_decorator.py for tasks to queue
[2026-09-08T13:52:34.732+0000] {logging_mixin.py:188} INFO - [2026-09-08T13:52:34.732+0000] {dagbag.py:540} INFO - Filling up the DagBag from /home/airflow/.local/lib/python3.8/site-packages/airflow/example_dags/example_dag_decorator.py
[2026-09-08T13:52:34.851+0000] {processor.py:840} INFO - DAG(s) 'example_dag_decorator' retrieved from /home/airflow/.local/lib/python3.8/site-packages/airflow/example_dags/example_dag_decorator.py
[2026-09-08T13:52:35.000+0000] {logging_mixin.py:188} INFO - [2026-09-08T13:52:35.000+0000] {dag.py:3047} INFO - Sync 1 DAGs
[2026-09-08T13:52:35.016+0000] {logging_mixin.py:188} INFO - [2026-09-08T13:52:35.015+0000] {dag.py:3834} INFO - Setting next_dagrun for example_dag_decorator to None, run_after=None
[2026-09-08T13:52:35.040+0000] {processor.py:183} INFO - Processing /home/airflow/.local/lib/python3.8/site-packages/airflow/example_dags/example_dag_decorator.py took 0.316 seconds
