[2026-09-08T13:44:41.322+0000] {processor.py:161} INFO - Started process (PID=73) to work on /home/airflow/.local/lib/python3.8/site-packages/airflow/example_dags/example_subdag_operator.py
[2026-09-08T13:44:41.324+0000] {processor.py:830} INFO - Processing file /home/airflow/.local/lib/python3.8/site-packages/airflow/example_dags/example_subdag_operator.py for tasks to queue
[2026-09-08T13:44:41.327+0000] {logging_mixin.py:188} INFO - [2026-09-08T13:44:41.326+0000] {dagbag.py:540} INFO - Filling up the DagBag from /home/airflow/.local/lib/python3.8/site-packages/airflow/example_dags/example_subdag_operator.py
[2026-09-08T13:44:41.391+0000] {processor.py:840} INFO - DAG(s) 'example_subdag_operator.section-1', 'example_subdag_operator.section-2', 'example_subdag_operator' retrieved from /home/airflow/.local/lib/python3.8/site-packages/airflow/example_dags/example_subdag_operator.py
[2026-09-08T13:44:41.398+0000] {logging_mixin.py:188} INFO - [2026-09-08T13:44:41.398+0000] {dag.py:3047} INFO - Sync 3 DAGs
[2026-09-08T13:44:41.444+0000] {logging_mixin.py:188} INFO - [2026-09-08T13:44:41.444+0000] {dag.py:3834} INFO - Setting next_dagrun for example_subdag_operator to 2022-01-01 00:00:00+00:00, run_after=2022-01-01 00:00:00+00:00
[2026-09-08T13:44:41.452+0000] {logging_mixin.py:188} INFO - [2026-09-08T13:44:41.451+0000] {dag.py:3834} INFO - Setting next_dagrun for example_subdag_operator.section-1 to None, run_after=None
[2026-09-08T13:44:41.455+0000] {logging_mixin.py:188} INFO - [2026-09-08T13:44:41.454+0000] {dag.py:3834} INFO - Setting next_dagrun for example_subdag_operator.section-2 to None, run_after=None
[2026-09-08T13:44:41.469+0000] {logging_mixin.py:188} INFO - [2026-09-08T13:44:41.468+0000] {dag.py:3047} INFO - Sync 2 DAGs
[2026-09-08T13:44:41.479+0000] {logging_mixin.py:188} INFO - [2026-09-08T13:44:41.479+0000] {dag.py:3834} INFO - Setting next_dagrun for example_subdag_operator.section-1 to None, run_after=None
[2026-09-08T13:44:41.481+0000] {logging_mixin.py:188} INFO - [2026-09-08T13:44:41.480+0000] {dag.py:3834} INFO - Setting next_dagrun for example_subdag_operator.section-2 to None, run_after=None
[2026-09-08T13:44:41.499+0000] {processor.py:183} INFO - Processing /home/airflow/.local/lib/python3.8/site-packages/airflow/example_dags/example_subdag_operator.py took 0.183 seconds
[2026-09-08T13:45:11.592+0000] {processor.py:161} INFO - Started process (PID=128) to work on /home/airflow/.local/lib/python3.8/site-packages/airflow/example_dags/example_subdag_operator.py
[2026-09-08T13:45:11.594+0000] {processor.py:830} INFO - Processing file /home/airflow/.local/lib/python3.8/site-packages/airflow/example_dags/example_subdag_operator.py for tasks to queue
[2026-09-08T13:45:11.600+0000] {logging_mixin.py:188} INFO - [2026-09-08T13:45:11.599+0000] {dagbag.py:540} INFO - Filling up the DagBag from /home/airflow/.local/lib/python3.8/site-packages/airflow/example_dags/example_subdag_operator.py
[2026-09-08T13:45:11.642+0000] {processor.py:840} INFO - DAG(s) 'example_subdag_operator.section-1', 'example_subdag_operator.section-2', 'example_subdag_operator' retrieved from /home/airflow/.local/lib/python3.8/site-packages/airflow/example_dags/example_subdag_operator.py
[2026-09-08T13:45:11.810+0000] {logging_mixin.py:188} INFO - [2026-09-08T13:45:11.810+0000] {dag.py:3047} INFO - Sync 3 DAGs
[2026-09-08T13:45:11.854+0000] {logging_mixin.py:188} INFO - [2026-09-08T13:45:11.854+0000] {dag.py:3834} INFO - Setting next_dagrun for example_subdag_operator to 2022-01-01 00:00:00+00:00, run_after=2022-01-01 00:00:00+00:00
[2026-09-08T13:45:11.859+0000] {logging_mixin.py:188} INFO - [2026-09-08T13:45:11.859+0000] {dag.py:3834} INFO - Setting next_dagrun for example_subdag_operator.section-1 to None, run_after=None
[2026-09-08T13:45:11.861+0000] {logging_mixin.py:188} INFO - [2026-09-08T13:45:11.861+0000] {dag.py:3834} INFO - Setting next_dagrun for example_subdag_operator.section-2 to None, run_after=None
[2026-09-08T13:45:11.874+0000] {logging_mixin.py:188} INFO - [2026-09-08T13:45:11.874+0000] {dag.py:3047} INFO - Sync 2 DAGs
[2026-09-08T13:45:11.886+0000] {logging_mixin.py:188} INFO - [2026-09-08T13:45:11.886+0000] {dag.py:3834} INFO - Setting next_dagrun for example_subdag_operator.section-1 to None, run_after=None
[2026-09-08T13:45:11.891+0000] {logging_mixin.py:188} INFO - [2026-09-08T13:45:11.891+0000] {dag.py:3834} INFO - Setting next_dagrun for example_subdag_operator.section-2 to None, run_after=None
[2026-09-08T13:45:11.909+0000] {processor.py:183} INFO - Processing /home/airflow/.local/lib/python3.8/site-packages/airflow/example_dags/example_subdag_operator.py took 0.323 seconds
[2026-09-08T13:45:42.325+0000] {processor.py:161} INFO - Started process (PID=185) to work on /home/airflow/.local/lib/python3.8/site-packages/airflow/example_dags/example_subdag_operator.py
[2026-09-08T13:45:42.327+0000] {processor.py:830} INFO - Processing file /home/airflow/.local/lib/python3.8/site-packages/airflow/example_dags/example_subdag_operator.py for tasks to queue
[2026-09-08T13:45:42.331+0000] {logging_mixin.py:188} INFO - [2026-09-08T13:45:42.330+0000] {dagbag.py:540} INFO - Filling up the DagBag from /home/airflow/.local/lib/python3.8/site-packages/airflow/example_dags/example_subdag_operator.py
[2026-09-08T13:45:42.404+0000] {processor.py:840} INFO - DAG(s) 'example_subdag_operator.section-1', 'example_subdag_operator.section-2', 'example_subdag_operator' retrieved from /home/airflow/.local/lib/python3.8/site-packages/airflow/example_dags/example_subdag_operator.py
[2026-09-08T13:45:42.462+0000] {logging_mixin.py:188} INFO - [2026-09-08T13:45:42.462+0000] {dag.py:3047} INFO - Sync 3 DAGs
[2026-09-08T13:45:42.531+0000] {logging_mixin.py:188} INFO - [2026-09-08T13:45:42.531+0000] {dag.py:3834} INFO - Setting next_dagrun for example_subdag_operator to 2022-01-01 00:00:00+00:00, run_after=2022-01-01 00:00:00+00:00
[2026-09-08T13:45:42.547+0000] {logging_mixin.py:188} INFO - [2026-09-08T13:45:42.547+0000] {dag.py:3834} INFO - Setting next_dagrun for example_subdag_operator.section-1 to None, run_after=None
[2026-09-08T13:45:42.560+0000] {logging_mixin.py:188} INFO - [2026-09-08T13:45:42.559+0000] {dag.py:3834} INFO - Setting next_dagrun for example_subdag_operator.section-2 to None, run_after=None
[2026-09-08T13:45:42.585+0000] {logging_mixin.py:188} INFO - [2026-09-08T13:45:42.585+0000] {dag.py:3047} INFO - Sync 2 DAGs
[2026-09-08T13:45:42.605+0000] {logging_mixin.py:188} INFO - [2026-09-08T13:45:42.605+0000] {dag.py:3834} INFO - Setting next_dagrun for example_subdag_operator.section-1 to None, run_after=None
[2026-09-08T13:45:42.609+0000] {logging_mixin.py:188} INFO - [2026-09-08T13:45:42.608+0000] {dag.py:3834} INFO - Setting next_dagrun for example_subdag_operator.section-2 to None, run_after=None
[2026-09-08T13:45:42.640+0000] {processor.py:183} INFO - Processing /home/airflow/.local/lib/python3.8/site-packages/airflow/example_dags/example_subdag_operator.py took 0.320 seconds
[2026-09-08T13:46:12.814+0000] {processor.py:161} INFO - Started process (PID=247) to work on /home/airflow/.local/lib/python3.8/site-packages/airflow/example_dags/example_subdag_operator.py
[2026-09-08T13:46:12.816+0000] {processor.py:830} INFO - Processing file /home/airflow/.local/lib/python3.8/site-packages/airflow/example_dags/example_subdag_operator.py for tasks to queue
[2026-09-08T13:46:12.820+0000] {logging_mixin.py:188} INFO - [2026-09-08T13:46:12.819+0000] {dagbag.py:540} INFO - Filling up the DagBag from /home/airflow/.local/lib/python3.8/site-packages/airflow/example_dags/example_subdag_operator.py
[2026-09-08T13:46:12.861+0000] {processor.py:840} INFO - DAG(s) 'example_subdag_operator.section-1', 'example_subdag_operator.section-2', 'example_subdag_operator' retrieved from /home/airflow/.local/lib/python3.8/site-packages/airflow/example_dags/example_subdag_operator.py
[2026-09-08T13:46:12.891+0000] {logging_mixin.py:188} INFO - [2026-09-08T13:46:12.891+0000] {dag.py:3047} INFO - Sync 3 DAGs
[2026-09-08T13:46:12.936+0000] {logging_mixin.py:188} INFO - [2026-09-08T13:46:12.935+0000] {dag.py:3834} INFO - Setting next_dagrun for example_subdag_operator to 2022-01-01 00:00:00+00:00, run_after=2022-01-01 00:00:00+00:00
[2026-09-08T13:46:12.940+0000] {logging_mixin.py:188} INFO - [2026-09-08T13:46:12.940+0000] {dag.py:3834} INFO - Setting next_dagrun for example_subdag_operator.section-1 to None, run_after=None
[2026-09-08T13:46:12.943+0000] {logging_mixin.py:188} INFO - [2026-09-08T13:46:12.943+0000] {dag.py:3834} INFO - Setting next_dagrun for example_subdag_operator.section-2 to None, run_after=None
[2026-09-08T13:46:12.952+0000] {logging_mixin.py:188} INFO - [2026-09-08T13:46:12.951+0000] {dag.py:3047} INFO - Sync 2 DAGs
[2026-09-08T13:46:12.959+0000] {logging_mixin.py:188} INFO - [2026-09-08T13:46:12.958+0000] {dag.py:3834} INFO - Setting next_dagrun for example_subdag_operator.section-1 to None, run_after=None
[2026-09-08T13:46:12.961+0000] {logging_mixin.py:188} INFO - [2026-09-08T13:46:12.960+0000] {dag.py:3834} INFO - Setting next_dagrun for example_subdag_operator.section-2 to None, run_after=None
[2026-09-08T13:46:13.014+0000] {processor.py:183} INFO - Processing /home/airflow/.local/lib/python3.8/site-packages/airflow/example_dags/example_subdag_operator.py took 0.207 seconds
[2026-09-08T13:46:43.342+0000] {processor.py:161} INFO - Started process (PID=304) to work on /home/airflow/.local/lib/python3.8/site-packages/airflow/example_dags/example_subdag_operator.py
[2026-09-08T13:46:43.344+0000] {processor.py:830} INFO - Processing file /home/airflow/.local/lib/python3.8/site-packages/airflow/example_dags/example_subdag_operator.py for tasks to queue
[2026-09-08T13:46:43.347+0000] {logging_mixin.py:188} INFO - [2026-09-08T13:46:43.347+0000] {dagbag.py:540} INFO - Filling up the DagBag from /home/airflow/.local/lib/python3.8/site-packages/airflow/example_dags/example_subdag_operator.py
[2026-09-08T13:46:43.380+0000] {processor.py:840} INFO - DAG(s) 'example_subdag_operator.section-1', 'example_subdag_operator.section-2', 'example_subdag_operator' retrieved from /home/airflow/.local/lib/python3.8/site-packages/airflow/example_dags/example_subdag_operator.py
[2026-09-08T13:46:43.402+0000] {logging_mixin.py:188} INFO - [2026-09-08T13:46:43.401+0000] {dag.py:3047} INFO - Sync 3 DAGs
[2026-09-08T13:46:43.430+0000] {logging_mixin.py:188} INFO - [2026-09-08T13:46:43.430+0000] {dag.py:3834} INFO - Setting next_dagrun for example_subdag_operator to 2022-01-01 00:00:00+00:00, run_after=2022-01-01 00:00:00+00:00
[2026-09-08T13:46:43.435+0000] {logging_mixin.py:188} INFO - [2026-09-08T13:46:43.435+0000] {dag.py:3834} INFO - Setting next_dagrun for example_subdag_operator.section-1 to None, run_after=None
[2026-09-08T13:46:43.437+0000] {logging_mixin.py:188} INFO - [2026-09-08T13:46:43.437+0000] {dag.py:3834} INFO - Setting next_dagrun for example_subdag_operator.section-2 to None, run_after=None
[2026-09-08T13:46:43.449+0000] {logging_mixin.py:188} INFO - [2026-09-08T13:46:43.448+0000] {dag.py:3047} INFO - Sync 2 DAGs
[2026-09-08T13:46:43.459+0000] {logging_mixin.py:188} INFO - [2026-09-08T13:46:43.459+0000] {dag.py:3834} INFO - Setting next_dagrun for example_subdag_operator.section-1 to None, run_after=None
[2026-09-08T13:46:43.461+0000] {logging_mixin.py:188} INFO - [2026-09-08T13:46:43.460+0000] {dag.py:3834} INFO - Setting next_dagrun for example_subdag_operator.section-2 to None, run_after=None
[2026-09-08T13:46:43.477+0000] {processor.py:183} INFO - Processing /home/airflow/.local/lib/python3.8/site-packages/airflow/example_dags/example_subdag_operator.py took 0.141 seconds
[2026-09-08T13:47:13.579+0000] {processor.py:161} INFO - Started process (PID=365) to work on /home/airflow/.local/lib/python3.8/site-packages/airflow/example_dags/example_subdag_operator.py
[2026-09-08T13:47:13.585+0000] {processor.py:830} INFO - Processing file /home/airflow/.local/lib/python3.8/site-packages/airflow/example_dags/example_subdag_operator.py for tasks to queue
[2026-09-08T13:47:13.590+0000] {logging_mixin.py:188} INFO - [2026-09-08T13:47:13.589+0000] {dagbag.py:540} INFO - Filling up the DagBag from /home/airflow/.local/lib/python3.8/site-packages/airflow/example_dags/example_subdag_operator.py
[2026-09-08T13:47:13.646+0000] {processor.py:840} INFO - DAG(s) 'example_subdag_operator.section-1', 'example_subdag_operator.section-2', 'example_subdag_operator' retrieved from /home/airflow/.local/lib/python3.8/site-packages/airflow/example_dags/example_subdag_operator.py
[2026-09-08T13:47:13.686+0000] {logging_mixin.py:188} INFO - [2026-09-08T13:47:13.685+0000] {dag.py:3047} INFO - Sync 3 DAGs
[2026-09-08T13:47:13.746+0000] {logging_mixin.py:188} INFO - [2026-09-08T13:47:13.746+0000] {dag.py:3834} INFO - Setting next_dagrun for example_subdag_operator to 2022-01-01 00:00:00+00:00, run_after=2022-01-01 00:00:00+00:00
[2026-09-08T13:47:13.754+0000] {logging_mixin.py:188} INFO - [2026-09-08T13:47:13.753+0000] {dag.py:3834} INFO - Setting next_dagrun for example_subdag_operator.section-1 to None, run_after=None
[2026-09-08T13:47:13.760+0000] {logging_mixin.py:188} INFO - [2026-09-08T13:47:13.759+0000] {dag.py:3834} INFO - Setting next_dagrun for example_subdag_operator.section-2 to None, run_after=None
[2026-09-08T13:47:13.781+0000] {logging_mixin.py:188} INFO - [2026-09-08T13:47:13.780+0000] {dag.py:3047} INFO - Sync 2 DAGs
[2026-09-08T13:47:13.793+0000] {logging_mixin.py:188} INFO - [2026-09-08T13:47:13.792+0000] {dag.py:3834} INFO - Setting next_dagrun for example_subdag_operator.section-1 to None, run_after=None
[2026-09-08T13:47:13.794+0000] {logging_mixin.py:188} INFO - [2026-09-08T13:47:13.794+0000] {dag.py:3834} INFO - Setting next_dagrun for example_subdag_operator.section-2 to None, run_after=None
[2026-09-08T13:47:13.822+0000] {processor.py:183} INFO - Processing /home/airflow/.local/lib/python3.8/site-packages/airflow/example_dags/example_subdag_operator.py took 0.257 seconds
[2026-09-08T13:47:44.156+0000] {processor.py:161} INFO - Started process (PID=422) to work on /home/airflow/.local/lib/python3.8/site-packages/airflow/example_dags/example_subdag_operator.py
[2026-09-08T13:47:44.159+0000] {processor.py:830} INFO - Processing file /home/airflow/.local/lib/python3.8/site-packages/airflow/example_dags/example_subdag_operator.py for tasks to queue
[2026-09-08T13:47:44.162+0000] {logging_mixin.py:188} INFO - [2026-09-08T13:47:44.162+0000] {dagbag.py:540} INFO - Filling up the DagBag from /home/airflow/.local/lib/python3.8/site-packages/airflow/example_dags/example_subdag_operator.py
[2026-09-08T13:47:44.209+0000] {processor.py:840} INFO - DAG(s) 'example_subdag_operator.section-1', 'example_subdag_operator.section-2', 'example_subdag_operator' retrieved from /home/airflow/.local/lib/python3.8/site-packages/airflow/example_dags/example_subdag_operator.py
[2026-09-08T13:47:44.240+0000] {logging_mixin.py:188} INFO - [2026-09-08T13:47:44.239+0000] {dag.py:3047} INFO - Sync 3 DAGs
[2026-09-08T13:47:44.288+0000] {logging_mixin.py:188} INFO - [2026-09-08T13:47:44.287+0000] {dag.py:3834} INFO - Setting next_dagrun for example_subdag_operator to 2022-01-01 00:00:00+00:00, run_after=2022-01-01 00:00:00+00:00
[2026-09-08T13:47:44.295+0000] {logging_mixin.py:188} INFO - [2026-09-08T13:47:44.295+0000] {dag.py:3834} INFO - Setting next_dagrun for example_subdag_operator.section-1 to None, run_after=None
[2026-09-08T13:47:44.299+0000] {logging_mixin.py:188} INFO - [2026-09-08T13:47:44.298+0000] {dag.py:3834} INFO - Setting next_dagrun for example_subdag_operator.section-2 to None, run_after=None
[2026-09-08T13:47:44.313+0000] {logging_mixin.py:188} INFO - [2026-09-08T13:47:44.313+0000] {dag.py:3047} INFO - Sync 2 DAGs
[2026-09-08T13:47:44.322+0000] {logging_mixin.py:188} INFO - [2026-09-08T13:47:44.322+0000] {dag.py:3834} INFO - Setting next_dagrun for example_subdag_operator.section-1 to None, run_after=None
[2026-09-08T13:47:44.323+0000] {logging_mixin.py:188} INFO - [2026-09-08T13:47:44.323+0000] {dag.py:3834} INFO - Setting next_dagrun for example_subdag_operator.section-2 to None, run_after=None
[2026-09-08T13:47:44.341+0000] {processor.py:183} INFO - Processing /home/airflow/.local/lib/python3.8/site-packages/airflow/example_dags/example_subdag_operator.py took 0.191 seconds
[2026-09-08T13:48:14.610+0000] {processor.py:161} INFO - Started process (PID=479) to work on /home/airflow/.local/lib/python3.8/site-packages/airflow/example_dags/example_subdag_operator.py
[2026-09-08T13:48:14.613+0000] {processor.py:830} INFO - Processing file /home/airflow/.local/lib/python3.8/site-packages/airflow/example_dags/example_subdag_operator.py for tasks to queue
[2026-09-08T13:48:14.617+0000] {logging_mixin.py:188} INFO - [2026-09-08T13:48:14.616+0000] {dagbag.py:540} INFO - Filling up the DagBag from /home/airflow/.local/lib/python3.8/site-packages/airflow/example_dags/example_subdag_operator.py
[2026-09-08T13:48:14.658+0000] {processor.py:840} INFO - DAG(s) 'example_subdag_operator.section-1', 'example_subdag_operator.section-2', 'example_subdag_operator' retrieved from /home/airflow/.local/lib/python3.8/site-packages/airflow/example_dags/example_subdag_operator.py
[2026-09-08T13:48:14.666+0000] {logging_mixin.py:188} INFO - [2026-09-08T13:48:14.665+0000] {dag.py:3047} INFO - Sync 3 DAGs
[2026-09-08T13:48:14.691+0000] {logging_mixin.py:188} INFO - [2026-09-08T13:48:14.691+0000] {dag.py:3834} INFO - Setting next_dagrun for example_subdag_operator to 2022-01-01 00:00:00+00:00, run_after=2022-01-01 00:00:00+00:00
[2026-09-08T13:48:14.696+0000] {logging_mixin.py:188} INFO - [2026-09-08T13:48:14.696+0000] {dag.py:3834} INFO - Setting next_dagrun for example_subdag_operator.section-1 to None, run_after=None
[2026-09-08T13:48:14.700+0000] {logging_mixin.py:188} INFO - [2026-09-08T13:48:14.699+0000] {dag.py:3834} INFO - Setting next_dagrun for example_subdag_operator.section-2 to None, run_after=None
[2026-09-08T13:48:14.711+0000] {logging_mixin.py:188} INFO - [2026-09-08T13:48:14.710+0000] {dag.py:3047} INFO - Sync 2 DAGs
[2026-09-08T13:48:14.719+0000] {logging_mixin.py:188} INFO - [2026-09-08T13:48:14.719+0000] {dag.py:3834} INFO - Setting next_dagrun for example_subdag_operator.section-1 to None, run_after=None
[2026-09-08T13:48:14.721+0000] {logging_mixin.py:188} INFO - [2026-09-08T13:48:14.721+0000] {dag.py:3834} INFO - Setting next_dagrun for example_subdag_operator.section-2 to None, run_after=None
[2026-09-08T13:48:14.741+0000] {processor.py:183} INFO - Processing /home/airflow/.local/lib/python3.8/site-packages/airflow/example_dags/example_subdag_operator.py took 0.135 seconds
[2026-09-08T13:48:44.846+0000] {processor.py:161} INFO - Started process (PID=535) to work on /home/airflow/.local/lib/python3.8/site-packages/airflow/example_dags/example_subdag_operator.py
[2026-09-08T13:48:44.850+0000] {processor.py:830} INFO - Processing file /home/airflow/.local/lib/python3.8/site-packages/airflow/example_dags/example_subdag_operator.py for tasks to queue
[2026-09-08T13:48:44.854+0000] {logging_mixin.py:188} INFO - [2026-09-08T13:48:44.854+0000] {dagbag.py:540} INFO - Filling up the DagBag from /home/airflow/.local/lib/python3.8/site-packages/airflow/example_dags/example_subdag_operator.py
[2026-09-08T13:48:44.898+0000] {processor.py:840} INFO - DAG(s) 'example_subdag_operator.section-1', 'example_subdag_operator.section-2', 'example_subdag_operator' retrieved from /home/airflow/.local/lib/python3.8/site-packages/airflow/example_dags/example_subdag_operator.py
[2026-09-08T13:48:45.038+0000] {logging_mixin.py:188} INFO - [2026-09-08T13:48:45.037+0000] {dag.py:3047} INFO - Sync 3 DAGs
[2026-09-08T13:48:45.066+0000] {logging_mixin.py:188} INFO - [2026-09-08T13:48:45.066+0000] {dag.py:3834} INFO - Setting next_dagrun for example_subdag_operator to 2022-01-01 00:00:00+00:00, run_after=2022-01-01 00:00:00+00:00
[2026-09-08T13:48:45.071+0000] {logging_mixin.py:188} INFO - [2026-09-08T13:48:45.071+0000] {dag.py:3834} INFO - Setting next_dagrun for example_subdag_operator.section-1 to None, run_after=None
[2026-09-08T13:48:45.074+0000] {logging_mixin.py:188} INFO - [2026-09-08T13:48:45.073+0000] {dag.py:3834} INFO - Setting next_dagrun for example_subdag_operator.section-2 to None, run_after=None
[2026-09-08T13:48:45.088+0000] {logging_mixin.py:188} INFO - [2026-09-08T13:48:45.088+0000] {dag.py:3047} INFO - Sync 2 DAGs
[2026-09-08T13:48:45.096+0000] {logging_mixin.py:188} INFO - [2026-09-08T13:48:45.095+0000] {dag.py:3834} INFO - Setting next_dagrun for example_subdag_operator.section-1 to None, run_after=None
[2026-09-08T13:48:45.098+0000] {logging_mixin.py:188} INFO - [2026-09-08T13:48:45.098+0000] {dag.py:3834} INFO - Setting next_dagrun for example_subdag_operator.section-2 to None, run_after=None
[2026-09-08T13:48:45.117+0000] {processor.py:183} INFO - Processing /home/airflow/.local/lib/python3.8/site-packages/airflow/example_dags/example_subdag_operator.py took 0.278 seconds
[2026-09-08T13:49:15.355+0000] {processor.py:161} INFO - Started process (PID=592) to work on /home/airflow/.local/lib/python3.8/site-packages/airflow/example_dags/example_subdag_operator.py
[2026-09-08T13:49:15.357+0000] {processor.py:830} INFO - Processing file /home/airflow/.local/lib/python3.8/site-packages/airflow/example_dags/example_subdag_operator.py for tasks to queue
[2026-09-08T13:49:15.361+0000] {logging_mixin.py:188} INFO - [2026-09-08T13:49:15.360+0000] {dagbag.py:540} INFO - Filling up the DagBag from /home/airflow/.local/lib/python3.8/site-packages/airflow/example_dags/example_subdag_operator.py
[2026-09-08T13:49:15.401+0000] {processor.py:840} INFO - DAG(s) 'example_subdag_operator.section-1', 'example_subdag_operator.section-2', 'example_subdag_operator' retrieved from /home/airflow/.local/lib/python3.8/site-packages/airflow/example_dags/example_subdag_operator.py
[2026-09-08T13:49:15.428+0000] {logging_mixin.py:188} INFO - [2026-09-08T13:49:15.428+0000] {dag.py:3047} INFO - Sync 3 DAGs
[2026-09-08T13:49:15.460+0000] {logging_mixin.py:188} INFO - [2026-09-08T13:49:15.460+0000] {dag.py:3834} INFO - Setting next_dagrun for example_subdag_operator to 2022-01-01 00:00:00+00:00, run_after=2022-01-01 00:00:00+00:00
[2026-09-08T13:49:15.465+0000] {logging_mixin.py:188} INFO - [2026-09-08T13:49:15.465+0000] {dag.py:3834} INFO - Setting next_dagrun for example_subdag_operator.section-1 to None, run_after=None
[2026-09-08T13:49:15.468+0000] {logging_mixin.py:188} INFO - [2026-09-08T13:49:15.468+0000] {dag.py:3834} INFO - Setting next_dagrun for example_subdag_operator.section-2 to None, run_after=None
[2026-09-08T13:49:15.481+0000] {logging_mixin.py:188} INFO - [2026-09-08T13:49:15.480+0000] {dag.py:3047} INFO - Sync 2 DAGs
[2026-09-08T13:49:15.489+0000] {logging_mixin.py:188} INFO - [2026-09-08T13:49:15.488+0000] {dag.py:3834} INFO - Setting next_dagrun for example_subdag_operator.section-1 to None, run_after=None
[2026-09-08T13:49:15.490+0000] {logging_mixin.py:188} INFO - [2026-09-08T13:49:15.490+0000] {dag.py:3834} INFO - Setting next_dagrun for example_subdag_operator.section-2 to None, run_after=None
[2026-09-08T13:49:15.508+0000] {processor.py:183} INFO - Processing /home/airflow/.local/lib/python3.8/site-packages/airflow/example_dags/example_subdag_operator.py took 0.157 seconds
[2026-09-08T13:49:45.606+0000] {processor.py:161} INFO - Started process (PID=649) to work on /home/airflow/.local/lib/python3.8/site-packages/airflow/example_dags/example_subdag_operator.py
[2026-09-08T13:49:45.609+0000] {processor.py:830} INFO - Processing file /home/airflow/.local/lib/python3.8/site-packages/airflow/example_dags/example_subdag_operator.py for tasks to queue
[2026-09-08T13:49:45.614+0000] {logging_mixin.py:188} INFO - [2026-09-08T13:49:45.613+0000] {dagbag.py:540} INFO - Filling up the DagBag from /home/airflow/.local/lib/python3.8/site-packages/airflow/example_dags/example_subdag_operator.py
[2026-09-08T13:49:45.653+0000] {processor.py:840} INFO - DAG(s) 'example_subdag_operator.section-1', 'example_subdag_operator.section-2', 'example_subdag_operator' retrieved from /home/airflow/.local/lib/python3.8/site-packages/airflow/example_dags/example_subdag_operator.py
[2026-09-08T13:49:45.683+0000] {logging_mixin.py:188} INFO - [2026-09-08T13:49:45.682+0000] {dag.py:3047} INFO - Sync 3 DAGs
[2026-09-08T13:49:45.719+0000] {logging_mixin.py:188} INFO - [2026-09-08T13:49:45.719+0000] {dag.py:3834} INFO - Setting next_dagrun for example_subdag_operator to 2022-01-01 00:00:00+00:00, run_after=2022-01-01 00:00:00+00:00
[2026-09-08T13:49:45.727+0000] {logging_mixin.py:188} INFO - [2026-09-08T13:49:45.727+0000] {dag.py:3834} INFO - Setting next_dagrun for example_subdag_operator.section-1 to None, run_after=None
[2026-09-08T13:49:45.730+0000] {logging_mixin.py:188} INFO - [2026-09-08T13:49:45.730+0000] {dag.py:3834} INFO - Setting next_dagrun for example_subdag_operator.section-2 to None, run_after=None
[2026-09-08T13:49:45.744+0000] {logging_mixin.py:188} INFO - [2026-09-08T13:49:45.744+0000] {dag.py:3047} INFO - Sync 2 DAGs
[2026-09-08T13:49:45.752+0000] {logging_mixin.py:188} INFO - [2026-09-08T13:49:45.752+0000] {dag.py:3834} INFO - Setting next_dagrun for example_subdag_operator.section-1 to None, run_after=None
[2026-09-08T13:49:45.754+0000] {logging_mixin.py:188} INFO - [2026-09-08T13:49:45.753+0000] {dag.py:3834} INFO - Setting next_dagrun for example_subdag_operator.section-2 to None, run_after=None
[2026-09-08T13:49:45.780+0000] {processor.py:183} INFO - Processing /home/airflow/.local/lib/python3.8/site-packages/airflow/example_dags/example_subdag_operator.py took 0.180 seconds
[2026-09-08T13:50:16.061+0000] {processor.py:161} INFO - Started process (PID=706) to work on /home/airflow/.local/lib/python3.8/site-packages/airflow/example_dags/example_subdag_operator.py
[2026-09-08T13:50:16.063+0000] {processor.py:830} INFO - Processing file /home/airflow/.local/lib/python3.8/site-packages/airflow/example_dags/example_subdag_operator.py for tasks to queue
[2026-09-08T13:50:16.066+0000] {logging_mixin.py:188} INFO - [2026-09-08T13:50:16.065+0000] {dagbag.py:540} INFO - Filling up the DagBag from /home/airflow/.local/lib/python3.8/site-packages/airflow/example_dags/example_subdag_operator.py
[2026-09-08T13:50:16.095+0000] {processor.py:840} INFO - DAG(s) 'example_subdag_operator.section-1', 'example_subdag_operator.section-2', 'example_subdag_operator' retrieved from /home/airflow/.local/lib/python3.8/site-packages/airflow/example_dags/example_subdag_operator.py
[2026-09-08T13:50:16.114+0000] {logging_mixin.py:188} INFO - [2026-09-08T13:50:16.113+0000] {dag.py:3047} INFO - Sync 3 DAGs
[2026-09-08T13:50:16.141+0000] {logging_mixin.py:188} INFO - [2026-09-08T13:50:16.141+0000] {dag.py:3834} INFO - Setting next_dagrun for example_subdag_operator to 2022-01-01 00:00:00+00:00, run_after=2022-01-01 00:00:00+00:00
[2026-09-08T13:50:16.146+0000] {logging_mixin.py:188} INFO - [2026-09-08T13:50:16.145+0000] {dag.py:3834} INFO - Setting next_dagrun for example_subdag_operator.section-1 to None, run_after=None
[2026-09-08T13:50:16.149+0000] {logging_mixin.py:188} INFO - [2026-09-08T13:50:16.148+0000] {dag.py:3834} INFO - Setting next_dagrun for example_subdag_operator.section-2 to None, run_after=None
[2026-09-08T13:50:16.158+0000] {logging_mixin.py:188} INFO - [2026-09-08T13:50:16.158+0000] {dag.py:3047} INFO - Sync 2 DAGs
[2026-09-08T13:50:16.165+0000] {logging_mixin.py:188} INFO - [2026-09-08T13:50:16.164+0000] {dag.py:3834} INFO - Setting next_dagrun for example_subdag_operator.section-1 to None, run_after=None
[2026-09-08T13:50:16.166+0000] {logging_mixin.py:188} INFO - [2026-09-08T13:50:16.166+0000] {dag.py:3834} INFO - Setting next_dagrun for example_subdag_operator.section-2 to None, run_after=None
[2026-09-08T13:50:16.182+0000] {processor.py:183} INFO - Processing /home/airflow/.local/lib/python3.8/site-packages/airflow/example_dags/example_subdag_operator.py took 0.125 seconds
[2026-09-08T13:50:46.299+0000] {processor.py:161} INFO - Started process (PID=763) to work on /home/airflow/.local/lib/python3.8/site-packages/airflow/example_dags/example_subdag_operator.py
[2026-09-08T13:50:46.301+0000] {processor.py:830} INFO - Processing file /home/airflow/.local/lib/python3.8/site-packages/airflow/example_dags/example_subdag_operator.py for tasks to queue
[2026-09-08T13:50:46.304+0000] {logging_mixin.py:188} INFO - [2026-09-08T13:50:46.304+0000] {dagbag.py:540} INFO - Filling up the DagBag from /home/airflow/.local/lib/python3.8/site-packages/airflow/example_dags/example_subdag_operator.py
[2026-09-08T13:50:46.337+0000] {processor.py:840} INFO - DAG(s) 'example_subdag_operator.section-1', 'example_subdag_operator.section-2', 'example_subdag_operator' retrieved from /home/airflow/.local/lib/python3.8/site-packages/airflow/example_dags/example_subdag_operator.py
[2026-09-08T13:50:46.356+0000] {logging_mixin.py:188} INFO - [2026-09-08T13:50:46.356+0000] {dag.py:3047} INFO - Sync 3 DAGs
[2026-09-08T13:50:46.382+0000] {logging_mixin.py:188} INFO - [2026-09-08T13:50:46.382+0000] {dag.py:3834} INFO - Setting next_dagrun for example_subdag_operator to 2022-01-01 00:00:00+00:00, run_after=2022-01-01 00:00:00+00:00
[2026-09-08T13:50:46.387+0000] {logging_mixin.py:188} INFO - [2026-09-08T13:50:46.387+0000] {dag.py:3834} INFO - Setting next_dagrun for example_subdag_operator.section-1 to None, run_after=None
[2026-09-08T13:50:46.389+0000] {logging_mixin.py:188} INFO - [2026-09-08T13:50:46.389+0000] {dag.py:3834} INFO - Setting next_dagrun for example_subdag_operator.section-2 to None, run_after=None
[2026-09-08T13:50:46.399+0000] {logging_mixin.py:188} INFO - [2026-09-08T13:50:46.399+0000] {dag.py:3047} INFO - Sync 2 DAGs
[2026-09-08T13:50:46.406+0000] {logging_mixin.py:188} INFO - [2026-09-08T13:50:46.406+0000] {dag.py:3834} INFO - Setting next_dagrun for example_subdag_operator.section-1 to None, run_after=None
[2026-09-08T13:50:46.408+0000] {logging_mixin.py:188} INFO - [2026-09-08T13:50:46.408+0000] {dag.py:3834} INFO - Setting next_dagrun for example_subdag_operator.section-2 to None, run_after=None
[2026-09-08T13:50:46.429+0000] {processor.py:183} INFO - Processing /home/airflow/.local/lib/python3.8/site-packages/airflow/example_dags/example_subdag_operator.py took 0.136 seconds
[2026-09-08T13:51:16.608+0000] {processor.py:161} INFO - Started process (PID=820) to work on /home/airflow/.local/lib/python3.8/site-packages/airflow/example_dags/example_subdag_operator.py
[2026-09-08T13:51:16.610+0000] {processor.py:830} INFO - Processing file /home/airflow/.local/lib/python3.8/site-packages/airflow/example_dags/example_subdag_operator.py for tasks to queue
[2026-09-08T13:51:16.614+0000] {logging_mixin.py:188} INFO - [2026-09-08T13:51:16.613+0000] {dagbag.py:540} INFO - Filling up the DagBag from /home/airflow/.local/lib/python3.8/site-packages/airflow/example_dags/example_subdag_operator.py
[2026-09-08T13:51:16.645+0000] {processor.py:840} INFO - DAG(s) 'example_subdag_operator.section-1', 'example_subdag_operator.section-2', 'example_subdag_operator' retrieved from /home/airflow/.local/lib/python3.8/site-packages/airflow/example_dags/example_subdag_operator.py
[2026-09-08T13:51:16.665+0000] {logging_mixin.py:188} INFO - [2026-09-08T13:51:16.665+0000] {dag.py:3047} INFO - Sync 3 DAGs
[2026-09-08T13:51:16.698+0000] {logging_mixin.py:188} INFO - [2026-09-08T13:51:16.698+0000] {dag.py:3834} INFO - Setting next_dagrun for example_subdag_operator to 2022-01-01 00:00:00+00:00, run_after=2022-01-01 00:00:00+00:00
[2026-09-08T13:51:16.703+0000] {logging_mixin.py:188} INFO - [2026-09-08T13:51:16.703+0000] {dag.py:3834} INFO - Setting next_dagrun for example_subdag_operator.section-1 to None, run_after=None
[2026-09-08T13:51:16.705+0000] {logging_mixin.py:188} INFO - [2026-09-08T13:51:16.705+0000] {dag.py:3834} INFO - Setting next_dagrun for example_subdag_operator.section-2 to None, run_after=None
[2026-09-08T13:51:16.715+0000] {logging_mixin.py:188} INFO - [2026-09-08T13:51:16.715+0000] {dag.py:3047} INFO - Sync 2 DAGs
[2026-09-08T13:51:16.723+0000] {logging_mixin.py:188} INFO - [2026-09-08T13:51:16.723+0000] {dag.py:3834} INFO - Setting next_dagrun for example_subdag_operator.section-1 to None, run_after=None
[2026-09-08T13:51:16.725+0000] {logging_mixin.py:188} INFO - [2026-09-08T13:51:16.724+0000] {dag.py:3834} INFO - Setting next_dagrun for example_subdag_operator.section-2 to None, run_after=None
[2026-09-08T13:51:16.740+0000] {processor.py:183} INFO - Processing /home/airflow/.local/lib/python3.8/site-packages/airflow/example_dags/example_subdag_operator.py took 0.137 seconds
[2026-09-08T13:51:46.980+0000] {processor.py:161} INFO - Started process (PID=877) to work on /home/airflow/.local/lib/python3.8/site-packages/airflow/example_dags/example_subdag_operator.py
[2026-09-08T13:51:46.982+0000] {processor.py:830} INFO - Processing file /home/airflow/.local/lib/python3.8/site-packages/airflow/example_dags/example_subdag_operator.py for tasks to queue
[2026-09-08T13:51:46.985+0000] {logging_mixin.py:188} INFO - [2026-09-08T13:51:46.985+0000] {dagbag.py:540} INFO - Filling up the DagBag from /home/airflow/.local/lib/python3.8/site-packages/airflow/example_dags/example_subdag_operator.py
[2026-09-08T13:51:47.021+0000] {processor.py:840} INFO - DAG(s) 'example_subdag_operator.section-1', 'example_subdag_operator.section-2', 'example_subdag_operator' retrieved from /home/airflow/.local/lib/python3.8/site-packages/airflow/example_dags/example_subdag_operator.py
[2026-09-08T13:51:47.039+0000] {logging_mixin.py:188} INFO - [2026-09-08T13:51:47.039+0000] {dag.py:3047} INFO - Sync 3 DAGs
[2026-09-08T13:51:47.068+0000] {logging_mixin.py:188} INFO - [2026-09-08T13:51:47.068+0000] {dag.py:3834} INFO - Setting next_dagrun for example_subdag_operator to 2022-01-01 00:00:00+00:00, run_after=2022-01-01 00:00:00+00:00
[2026-09-08T13:51:47.073+0000] {logging_mixin.py:188} INFO - [2026-09-08T13:51:47.072+0000] {dag.py:3834} INFO - Setting next_dagrun for example_subdag_operator.section-1 to None, run_after=None
[2026-09-08T13:51:47.075+0000] {logging_mixin.py:188} INFO - [2026-09-08T13:51:47.075+0000] {dag.py:3834} INFO - Setting next_dagrun for example_subdag_operator.section-2 to None, run_after=None
[2026-09-08T13:51:47.085+0000] {logging_mixin.py:188} INFO - [2026-09-08T13:51:47.085+0000] {dag.py:3047} INFO - Sync 2 DAGs
[2026-09-08T13:51:47.094+0000] {logging_mixin.py:188} INFO - [2026-09-08T13:51:47.094+0000] {dag.py:3834} INFO - Setting next_dagrun for example_subdag_operator.section-1 to None, run_after=None
[2026-09-08T13:51:47.095+0000] {logging_mixin.py:188} INFO - [2026-09-08T13:51:47.095+0000] {dag.py:3834} INFO - Setting next_dagrun for example_subdag_operator.section-2 to None, run_after=None
[2026-09-08T13:51:47.108+0000] {processor.py:183} INFO - Processing /home/airflow/.local/lib/python3.8/site-packages/airflow/example_dags/example_subdag_operator.py took 0.133 seconds
[2026-09-08T13:52:17.297+0000] {processor.py:161} INFO - Started process (PID=934) to work on /home/airflow/.local/lib/python3.8/site-packages/airflow/example_dags/example_subdag_operator.py
[2026-09-08T13:52:17.299+0000] {processor.py:830} INFO - Processing file /home/airflow/.local/lib/python3.8/site-packages/airflow/example_dags/example_subdag_operator.py for tasks to queue
[2026-09-08T13:52:17.303+0000] {logging_mixin.py:188} INFO - [2026-09-08T13:52:17.302+0000] {dagbag.py:540} INFO - Filling up the DagBag from /home/airflow/.local/lib/python3.8/site-packages/airflow/example_dags/example_subdag_operator.py
[2026-09-08T13:52:17.342+0000] {processor.py:840} INFO - DAG(s) 'example_subdag_operator.section-1', 'example_subdag_operator.section-2', 'example_subdag_operator' retrieved from /home/airflow/.local/lib/python3.8/site-packages/airflow/example_dags/example_subdag_operator.py
[2026-09-08T13:52:17.361+0000] {logging_mixin.py:188} INFO - [2026-09-08T13:52:17.361+0000] {dag.py:3047} INFO - Sync 3 DAGs
[2026-09-08T13:52:17.386+0000] {logging_mixin.py:188} INFO - [2026-09-08T13:52:17.386+0000] {dag.py:3834} INFO - Setting next_dagrun for example_subdag_operator to 2022-01-01 00:00:00+00:00, run_after=2022-01-01 00:00:00+00:00
[2026-09-08T13:52:17.394+0000] {logging_mixin.py:188} INFO - [2026-09-08T13:52:17.393+0000] {dag.py:3834} INFO - Setting next_dagrun for example_subdag_operator.section-1 to None, run_after=None
[2026-09-08T13:52:17.397+0000] {logging_mixin.py:188} INFO - [2026-09-08T13:52:17.397+0000] {dag.py:3834} INFO - Setting next_dagrun for example_subdag_operator.section-2 to None, run_after=None
[2026-09-08T13:52:17.413+0000] {logging_mixin.py:188} INFO - [2026-09-08T13:52:17.413+0000] {dag.py:3047} INFO - Sync 2 DAGs
[2026-09-08T13:52:17.424+0000] {logging_mixin.py:188} INFO - [2026-09-08T13:52:17.424+0000] {dag.py:3834} INFO - Setting next_dagrun for example_subdag_operator.section-1 to None, run_after=None
[2026-09-08T13:52:17.426+0000] {logging_mixin.py:188} INFO - [2026-09-08T13:52:17.425+0000] {dag.py:3834} INFO - Setting next_dagrun for example_subdag_operator.section-2 to None, run_after=None
[2026-09-08T13:52:17.450+0000] {processor.py:183} INFO - Processing /home/airflow/.local/lib/python3.8/site-packages/airflow/example_dags/example_subdag_operator.py took 0.157 seconds
