[2026-09-08T13:44:41.547+0000] {processor.py:161} INFO - Started process (PID=74) to work on /home/airflow/.local/lib/python3.8/site-packages/airflow/example_dags/example_task_group.py
[2026-09-08T13:44:41.548+0000] {processor.py:830} INFO - Processing file /home/airflow/.local/lib/python3.8/site-packages/airflow/example_dags/example_task_group.py for tasks to queue
[2026-09-08T13:44:41.551+0000] {logging_mixin.py:188} INFO - [2026-09-08T13:44:41.550+0000] {dagbag.py:540} INFO - Filling up the DagBag from /home/airflow/.local/lib/python3.8/site-packages/airflow/example_dags/example_task_group.py
[2026-09-08T13:44:41.560+0000] {processor.py:840} INFO - DAG(s) 'example_task_group' retrieved from /home/airflow/.local/lib/python3.8/site-packages/airflow/example_dags/example_task_group.py
[2026-09-08T13:44:41.581+0000] {logging_mixin.py:188} INFO - [2026-09-08T13:44:41.580+0000] {dag.py:3047} INFO - Sync 1 DAGs
[2026-09-08T13:44:41.634+0000] {logging_mixin.py:188} INFO - [2026-09-08T13:44:41.634+0000] {dag.py:3834} INFO - Setting next_dagrun for example_task_group to 2026-09-07 00:00:00+00:00, run_after=2026-09-08 00:00:00+00:00
[2026-09-08T13:44:41.684+0000] {processor.py:183} INFO - Processing /home/airflow/.local/lib/python3.8/site-packages/airflow/example_dags/example_task_group.py took 0.143 seconds
[2026-09-08T13:45:11.903+0000] {processor.py:161} INFO - Started process (PID=129) to work on /home/airflow/.local/lib/python3.8/site-packages/airflow/example_dags/example_task_group.py
[2026-09-08T13:45:11.905+0000] {processor.py:830} INFO - Processing file /home/airflow/.local/lib/python3.8/site-packages/airflow/example_dags/example_task_group.py for tasks to queue
[2026-09-08T13:45:11.907+0000] {logging_mixin.py:188} INFO - [2026-09-08T13:45:11.907+0000] {dagbag.py:540} INFO - Filling up the DagBag from /home/airflow/.local/lib/python3.8/site-packages/airflow/example_dags/example_task_group.py
[2026-09-08T13:45:11.920+0000] {processor.py:840} INFO - DAG(s) 'example_task_group' retrieved from /home/airflow/.local/lib/python3.8/site-packages/airflow/example_dags/example_task_group.py
[2026-09-08T13:45:12.109+0000] {logging_mixin.py:188} INFO - [2026-09-08T13:45:12.109+0000] {dag.py:3047} INFO - Sync 1 DAGs
[2026-09-08T13:45:12.148+0000] {logging_mixin.py:188} INFO - [2026-09-08T13:45:12.148+0000] {dag.py:3834} INFO - Setting next_dagrun for example_task_group to 2026-09-07 00:00:00+00:00, run_after=2026-09-08 00:00:00+00:00
[2026-09-08T13:45:12.179+0000] {processor.py:183} INFO - Processing /home/airflow/.local/lib/python3.8/site-packages/airflow/example_dags/example_task_group.py took 0.281 seconds
[2026-09-08T13:45:42.633+0000] {processor.py:161} INFO - Started process (PID=186) to work on /home/airflow/.local/lib/python3.8/site-packages/airflow/example_dags/example_task_group.py
[2026-09-08T13:45:42.636+0000] {processor.py:830} INFO - Processing file /home/airflow/.local/lib/python3.8/site-packages/airflow/example_dags/example_task_group.py for tasks to queue
[2026-09-08T13:45:42.646+0000] {logging_mixin.py:188} INFO - [2026-09-08T13:45:42.646+0000] {dagbag.py:540} INFO - Filling up the DagBag from /home/airflow/.local/lib/python3.8/site-packages/airflow/example_dags/example_task_group.py
[2026-09-08T13:45:42.670+0000] {processor.py:840} INFO - DAG(s) 'example_task_group' retrieved from /home/airflow/.local/lib/python3.8/site-packages/airflow/example_dags/example_task_group.py
[2026-09-08T13:45:42.719+0000] {logging_mixin.py:188} INFO - [2026-09-08T13:45:42.718+0000] {dag.py:3047} INFO - Sync 1 DAGs
[2026-09-08T13:45:42.785+0000] {logging_mixin.py:188} INFO - [2026-09-08T13:45:42.784+0000] {dag.py:3834} INFO - Setting next_dagrun for example_task_group to 2026-09-07 00:00:00+00:00, run_after=2026-09-08 00:00:00+00:00
[2026-09-08T13:45:42.846+0000] {processor.py:183} INFO - Processing /home/airflow/.local/lib/python3.8/site-packages/airflow/example_dags/example_task_group.py took 0.219 seconds
[2026-09-08T13:46:13.071+0000] {processor.py:161} INFO - Started process (PID=248) to work on /home/airflow/.local/lib/python3.8/site-packages/airflow/example_dags/example_task_group.py
[2026-09-08T13:46:13.073+0000] {processor.py:830} INFO - Processing file /home/airflow/.local/lib/python3.8/site-packages/airflow/example_dags/example_task_group.py for tasks to queue
[2026-09-08T13:46:13.080+0000] {logging_mixin.py:188} INFO - [2026-09-08T13:46:13.079+0000] {dagbag.py:540} INFO - Filling up the DagBag from /home/airflow/.local/lib/python3.8/site-packages/airflow/example_dags/example_task_group.py
[2026-09-08T13:46:13.094+0000] {processor.py:840} INFO - DAG(s) 'example_task_group' retrieved from /home/airflow/.local/lib/python3.8/site-packages/airflow/example_dags/example_task_group.py
[2026-09-08T13:46:13.138+0000] {logging_mixin.py:188} INFO - [2026-09-08T13:46:13.137+0000] {dag.py:3047} INFO - Sync 1 DAGs
[2026-09-08T13:46:13.177+0000] {logging_mixin.py:188} INFO - [2026-09-08T13:46:13.177+0000] {dag.py:3834} INFO - Setting next_dagrun for example_task_group to 2026-09-07 00:00:00+00:00, run_after=2026-09-08 00:00:00+00:00
[2026-09-08T13:46:13.235+0000] {processor.py:183} INFO - Processing /home/airflow/.local/lib/python3.8/site-packages/airflow/example_dags/example_task_group.py took 0.171 seconds
[2026-09-08T13:46:43.485+0000] {processor.py:161} INFO - Started process (PID=305) to work on /home/airflow/.local/lib/python3.8/site-packages/airflow/example_dags/example_task_group.py
[2026-09-08T13:46:43.488+0000] {processor.py:830} INFO - Processing file /home/airflow/.local/lib/python3.8/site-packages/airflow/example_dags/example_task_group.py for tasks to queue
[2026-09-08T13:46:43.491+0000] {logging_mixin.py:188} INFO - [2026-09-08T13:46:43.491+0000] {dagbag.py:540} INFO - Filling up the DagBag from /home/airflow/.local/lib/python3.8/site-packages/airflow/example_dags/example_task_group.py
[2026-09-08T13:46:43.500+0000] {processor.py:840} INFO - DAG(s) 'example_task_group' retrieved from /home/airflow/.local/lib/python3.8/site-packages/airflow/example_dags/example_task_group.py
[2026-09-08T13:46:43.533+0000] {logging_mixin.py:188} INFO - [2026-09-08T13:46:43.533+0000] {dag.py:3047} INFO - Sync 1 DAGs
[2026-09-08T13:46:43.567+0000] {logging_mixin.py:188} INFO - [2026-09-08T13:46:43.566+0000] {dag.py:3834} INFO - Setting next_dagrun for example_task_group to 2026-09-07 00:00:00+00:00, run_after=2026-09-08 00:00:00+00:00
[2026-09-08T13:46:43.592+0000] {processor.py:183} INFO - Processing /home/airflow/.local/lib/python3.8/site-packages/airflow/example_dags/example_task_group.py took 0.111 seconds
[2026-09-08T13:47:13.847+0000] {processor.py:161} INFO - Started process (PID=366) to work on /home/airflow/.local/lib/python3.8/site-packages/airflow/example_dags/example_task_group.py
[2026-09-08T13:47:13.850+0000] {processor.py:830} INFO - Processing file /home/airflow/.local/lib/python3.8/site-packages/airflow/example_dags/example_task_group.py for tasks to queue
[2026-09-08T13:47:13.857+0000] {logging_mixin.py:188} INFO - [2026-09-08T13:47:13.856+0000] {dagbag.py:540} INFO - Filling up the DagBag from /home/airflow/.local/lib/python3.8/site-packages/airflow/example_dags/example_task_group.py
[2026-09-08T13:47:13.876+0000] {processor.py:840} INFO - DAG(s) 'example_task_group' retrieved from /home/airflow/.local/lib/python3.8/site-packages/airflow/example_dags/example_task_group.py
[2026-09-08T13:47:13.929+0000] {logging_mixin.py:188} INFO - [2026-09-08T13:47:13.928+0000] {dag.py:3047} INFO - Sync 1 DAGs
[2026-09-08T13:47:13.978+0000] {logging_mixin.py:188} INFO - [2026-09-08T13:47:13.978+0000] {dag.py:3834} INFO - Setting next_dagrun for example_task_group to 2026-09-07 00:00:00+00:00, run_after=2026-09-08 00:00:00+00:00
[2026-09-08T13:47:14.016+0000] {processor.py:183} INFO - Processing /home/airflow/.local/lib/python3.8/site-packages/airflow/example_dags/example_task_group.py took 0.175 seconds
[2026-09-08T13:47:44.328+0000] {processor.py:161} INFO - Started process (PID=423) to work on /home/airflow/.local/lib/python3.8/site-packages/airflow/example_dags/example_task_group.py
[2026-09-08T13:47:44.329+0000] {processor.py:830} INFO - Processing file /home/airflow/.local/lib/python3.8/site-packages/airflow/example_dags/example_task_group.py for tasks to queue
[2026-09-08T13:47:44.332+0000] {logging_mixin.py:188} INFO - [2026-09-08T13:47:44.332+0000] {dagbag.py:540} INFO - Filling up the DagBag from /home/airflow/.local/lib/python3.8/site-packages/airflow/example_dags/example_task_group.py
[2026-09-08T13:47:44.347+0000] {processor.py:840} INFO - DAG(s) 'example_task_group' retrieved from /home/airflow/.local/lib/python3.8/site-packages/airflow/example_dags/example_task_group.py
[2026-09-08T13:47:44.398+0000] {logging_mixin.py:188} INFO - [2026-09-08T13:47:44.397+0000] {dag.py:3047} INFO - Sync 1 DAGs
[2026-09-08T13:47:44.447+0000] {logging_mixin.py:188} INFO - [2026-09-08T13:47:44.446+0000] {dag.py:3834} INFO - Setting next_dagrun for example_task_group to 2026-09-07 00:00:00+00:00, run_after=2026-09-08 00:00:00+00:00
[2026-09-08T13:47:44.477+0000] {processor.py:183} INFO - Processing /home/airflow/.local/lib/python3.8/site-packages/airflow/example_dags/example_task_group.py took 0.154 seconds
[2026-09-08T13:48:14.756+0000] {processor.py:161} INFO - Started process (PID=480) to work on /home/airflow/.local/lib/python3.8/site-packages/airflow/example_dags/example_task_group.py
[2026-09-08T13:48:14.758+0000] {processor.py:830} INFO - Processing file /home/airflow/.local/lib/python3.8/site-packages/airflow/example_dags/example_task_group.py for tasks to queue
[2026-09-08T13:48:14.761+0000] {logging_mixin.py:188} INFO - [2026-09-08T13:48:14.760+0000] {dagbag.py:540} INFO - Filling up the DagBag from /home/airflow/.local/lib/python3.8/site-packages/airflow/example_dags/example_task_group.py
[2026-09-08T13:48:14.773+0000] {processor.py:840} INFO - DAG(s) 'example_task_group' retrieved from /home/airflow/.local/lib/python3.8/site-packages/airflow/example_dags/example_task_group.py
[2026-09-08T13:48:14.790+0000] {logging_mixin.py:188} INFO - [2026-09-08T13:48:14.790+0000] {dag.py:3047} INFO - Sync 1 DAGs
[2026-09-08T13:48:14.818+0000] {logging_mixin.py:188} INFO - [2026-09-08T13:48:14.818+0000] {dag.py:3834} INFO - Setting next_dagrun for example_task_group to 2026-09-07 00:00:00+00:00, run_after=2026-09-08 00:00:00+00:00
[2026-09-08T13:48:14.840+0000] {processor.py:183} INFO - Processing /home/airflow/.local/lib/python3.8/site-packages/airflow/example_dags/example_task_group.py took 0.088 seconds
[2026-09-08T13:48:45.117+0000] {processor.py:161} INFO - Started process (PID=536) to work on /home/airflow/.local/lib/python3.8/site-packages/airflow/example_dags/example_task_group.py
[2026-09-08T13:48:45.119+0000] {processor.py:830} INFO - Processing file /home/airflow/.local/lib/python3.8/site-packages/airflow/example_dags/example_task_group.py for tasks to queue
[2026-09-08T13:48:45.122+0000] {logging_mixin.py:188} INFO - [2026-09-08T13:48:45.121+0000] {dagbag.py:540} INFO - Filling up the DagBag from /home/airflow/.local/lib/python3.8/site-packages/airflow/example_dags/example_task_group.py
[2026-09-08T13:48:45.136+0000] {processor.py:840} INFO - DAG(s) 'example_task_group' retrieved from /home/airflow/.local/lib/python3.8/site-packages/airflow/example_dags/example_task_group.py
[2026-09-08T13:48:45.275+0000] {logging_mixin.py:188} INFO - [2026-09-08T13:48:45.275+0000] {dag.py:3047} INFO - Sync 1 DAGs
[2026-09-08T13:48:45.305+0000] {logging_mixin.py:188} INFO - [2026-09-08T13:48:45.305+0000] {dag.py:3834} INFO - Setting next_dagrun for example_task_group to 2026-09-07 00:00:00+00:00, run_after=2026-09-08 00:00:00+00:00
[2026-09-08T13:48:45.332+0000] {processor.py:183} INFO - Processing /home/airflow/.local/lib/python3.8/site-packages/airflow/example_dags/example_task_group.py took 0.219 seconds
[2026-09-08T13:49:15.507+0000] {processor.py:161} INFO - Started process (PID=593) to work on /home/airflow/.local/lib/python3.8/site-packages/airflow/example_dags/example_task_group.py
[2026-09-08T13:49:15.509+0000] {processor.py:830} INFO - Processing file /home/airflow/.local/lib/python3.8/site-packages/airflow/example_dags/example_task_group.py for tasks to queue
[2026-09-08T13:49:15.512+0000] {logging_mixin.py:188} INFO - [2026-09-08T13:49:15.512+0000] {dagbag.py:540} INFO - Filling up the DagBag from /home/airflow/.local/lib/python3.8/site-packages/airflow/example_dags/example_task_group.py
[2026-09-08T13:49:15.522+0000] {processor.py:840} INFO - DAG(s) 'example_task_group' retrieved from /home/airflow/.local/lib/python3.8/site-packages/airflow/example_dags/example_task_group.py
[2026-09-08T13:49:15.553+0000] {logging_mixin.py:188} INFO - [2026-09-08T13:49:15.552+0000] {dag.py:3047} INFO - Sync 1 DAGs
[2026-09-08T13:49:15.584+0000] {logging_mixin.py:188} INFO - [2026-09-08T13:49:15.583+0000] {dag.py:3834} INFO - Setting next_dagrun for example_task_group to 2026-09-07 00:00:00+00:00, run_after=2026-09-08 00:00:00+00:00
[2026-09-08T13:49:15.612+0000] {processor.py:183} INFO - Processing /home/airflow/.local/lib/python3.8/site-packages/airflow/example_dags/example_task_group.py took 0.109 seconds
[2026-09-08T13:49:45.785+0000] {processor.py:161} INFO - Started process (PID=650) to work on /home/airflow/.local/lib/python3.8/site-packages/airflow/example_dags/example_task_group.py
[2026-09-08T13:49:45.787+0000] {processor.py:830} INFO - Processing file /home/airflow/.local/lib/python3.8/site-packages/airflow/example_dags/example_task_group.py for tasks to queue
[2026-09-08T13:49:45.791+0000] {logging_mixin.py:188} INFO - [2026-09-08T13:49:45.791+0000] {dagbag.py:540} INFO - Filling up the DagBag from /home/airflow/.local/lib/python3.8/site-packages/airflow/example_dags/example_task_group.py
[2026-09-08T13:49:45.803+0000] {processor.py:840} INFO - DAG(s) 'example_task_group' retrieved from /home/airflow/.local/lib/python3.8/site-packages/airflow/example_dags/example_task_group.py
[2026-09-08T13:49:45.833+0000] {logging_mixin.py:188} INFO - [2026-09-08T13:49:45.833+0000] {dag.py:3047} INFO - Sync 1 DAGs
[2026-09-08T13:49:45.858+0000] {logging_mixin.py:188} INFO - [2026-09-08T13:49:45.858+0000] {dag.py:3834} INFO - Setting next_dagrun for example_task_group to 2026-09-07 00:00:00+00:00, run_after=2026-09-08 00:00:00+00:00
[2026-09-08T13:49:45.879+0000] {processor.py:183} INFO - Processing /home/airflow/.local/lib/python3.8/site-packages/airflow/example_dags/example_task_group.py took 0.099 seconds
[2026-09-08T13:50:16.203+0000] {processor.py:161} INFO - Started process (PID=707) to work on /home/airflow/.local/lib/python3.8/site-packages/airflow/example_dags/example_task_group.py
[2026-09-08T13:50:16.205+0000] {processor.py:830} INFO - Processing file /home/airflow/.local/lib/python3.8/site-packages/airflow/example_dags/example_task_group.py for tasks to queue
[2026-09-08T13:50:16.208+0000] {logging_mixin.py:188} INFO - [2026-09-08T13:50:16.208+0000] {dagbag.py:540} INFO - Filling up the DagBag from /home/airflow/.local/lib/python3.8/site-packages/airflow/example_dags/example_task_group.py
[2026-09-08T13:50:16.220+0000] {processor.py:840} INFO - DAG(s) 'example_task_group' retrieved from /home/airflow/.local/lib/python3.8/site-packages/airflow/example_dags/example_task_group.py
[2026-09-08T13:50:16.253+0000] {logging_mixin.py:188} INFO - [2026-09-08T13:50:16.252+0000] {dag.py:3047} INFO - Sync 1 DAGs
[2026-09-08T13:50:16.279+0000] {logging_mixin.py:188} INFO - [2026-09-08T13:50:16.279+0000] {dag.py:3834} INFO - Setting next_dagrun for example_task_group to 2026-09-07 00:00:00+00:00, run_after=2026-09-08 00:00:00+00:00
[2026-09-08T13:50:16.303+0000] {processor.py:183} INFO - Processing /home/airflow/.local/lib/python3.8/site-packages/airflow/example_dags/example_task_group.py took 0.104 seconds
[2026-09-08T13:50:46.433+0000] {processor.py:161} INFO - Started process (PID=764) to work on /home/airflow/.local/lib/python3.8/site-packages/airflow/example_dags/example_task_group.py
[2026-09-08T13:50:46.435+0000] {processor.py:830} INFO - Processing file /home/airflow/.local/lib/python3.8/site-packages/airflow/example_dags/example_task_group.py for tasks to queue
[2026-09-08T13:50:46.438+0000] {logging_mixin.py:188} INFO - [2026-09-08T13:50:46.437+0000] {dagbag.py:540} INFO - Filling up the DagBag from /home/airflow/.local/lib/python3.8/site-packages/airflow/example_dags/example_task_group.py
[2026-09-08T13:50:46.447+0000] {processor.py:840} INFO - DAG(s) 'example_task_group' retrieved from /home/airflow/.local/lib/python3.8/site-packages/airflow/example_dags/example_task_group.py
[2026-09-08T13:50:46.481+0000] {logging_mixin.py:188} INFO - [2026-09-08T13:50:46.480+0000] {dag.py:3047} INFO - Sync 1 DAGs
[2026-09-08T13:50:46.515+0000] {logging_mixin.py:188} INFO - [2026-09-08T13:50:46.514+0000] {dag.py:3834} INFO - Setting next_dagrun for example_task_group to 2026-09-07 00:00:00+00:00, run_after=2026-09-08 00:00:00+00:00
[2026-09-08T13:50:46.539+0000] {processor.py:183} INFO - Processing /home/airflow/.local/lib/python3.8/site-packages/airflow/example_dags/example_task_group.py took 0.111 seconds
[2026-09-08T13:51:16.747+0000] {processor.py:161} INFO - Started process (PID=821) to work on /home/airflow/.local/lib/python3.8/site-packages/airflow/example_dags/example_task_group.py
[2026-09-08T13:51:16.749+0000] {processor.py:830} INFO - Processing file /home/airflow/.local/lib/python3.8/site-packages/airflow/example_dags/example_task_group.py for tasks to queue
[2026-09-08T13:51:16.752+0000] {logging_mixin.py:188} INFO - [2026-09-08T13:51:16.752+0000] {dagbag.py:540} INFO - Filling up the DagBag from /home/airflow/.local/lib/python3.8/site-packages/airflow/example_dags/example_task_group.py
[2026-09-08T13:51:16.765+0000] {processor.py:840} INFO - DAG(s) 'example_task_group' retrieved from /home/airflow/.local/lib/python3.8/site-packages/airflow/example_dags/example_task_group.py
[2026-09-08T13:51:16.799+0000] {logging_mixin.py:188} INFO - [2026-09-08T13:51:16.799+0000] {dag.py:3047} INFO - Sync 1 DAGs
[2026-09-08T13:51:16.838+0000] {logging_mixin.py:188} INFO - [2026-09-08T13:51:16.838+0000] {dag.py:3834} INFO - Setting next_dagrun for example_task_group to 2026-09-07 00:00:00+00:00, run_after=2026-09-08 00:00:00+00:00
[2026-09-08T13:51:16.872+0000] {processor.py:183} INFO - Processing /home/airflow/.local/lib/python3.8/site-packages/airflow/example_dags/example_task_group.py took 0.130 seconds
[2026-09-08T13:51:47.121+0000] {processor.py:161} INFO - Started process (PID=878) to work on /home/airflow/.local/lib/python3.8/site-packages/airflow/example_dags/example_task_group.py
[2026-09-08T13:51:47.123+0000] {processor.py:830} INFO - Processing file /home/airflow/.local/lib/python3.8/site-packages/airflow/example_dags/example_task_group.py for tasks to queue
[2026-09-08T13:51:47.129+0000] {logging_mixin.py:188} INFO - [2026-09-08T13:51:47.129+0000] {dagbag.py:540} INFO - Filling up the DagBag from /home/airflow/.local/lib/python3.8/site-packages/airflow/example_dags/example_task_group.py
[2026-09-08T13:51:47.145+0000] {processor.py:840} INFO - DAG(s) 'example_task_group' retrieved from /home/airflow/.local/lib/python3.8/site-packages/airflow/example_dags/example_task_group.py
[2026-09-08T13:51:47.171+0000] {logging_mixin.py:188} INFO - [2026-09-08T13:51:47.171+0000] {dag.py:3047} INFO - Sync 1 DAGs
[2026-09-08T13:51:47.202+0000] {logging_mixin.py:188} INFO - [2026-09-08T13:51:47.202+0000] {dag.py:3834} INFO - Setting next_dagrun for example_task_group to 2026-09-07 00:00:00+00:00, run_after=2026-09-08 00:00:00+00:00
[2026-09-08T13:51:47.224+0000] {processor.py:183} INFO - Processing /home/airflow/.local/lib/python3.8/site-packages/airflow/example_dags/example_task_group.py took 0.110 seconds
[2026-09-08T13:52:17.458+0000] {processor.py:161} INFO - Started process (PID=935) to work on /home/airflow/.local/lib/python3.8/site-packages/airflow/example_dags/example_task_group.py
[2026-09-08T13:52:17.460+0000] {processor.py:830} INFO - Processing file /home/airflow/.local/lib/python3.8/site-packages/airflow/example_dags/example_task_group.py for tasks to queue
[2026-09-08T13:52:17.464+0000] {logging_mixin.py:188} INFO - [2026-09-08T13:52:17.464+0000] {dagbag.py:540} INFO - Filling up the DagBag from /home/airflow/.local/lib/python3.8/site-packages/airflow/example_dags/example_task_group.py
[2026-09-08T13:52:17.476+0000] {processor.py:840} INFO - DAG(s) 'example_task_group' retrieved from /home/airflow/.local/lib/python3.8/site-packages/airflow/example_dags/example_task_group.py
[2026-09-08T13:52:17.506+0000] {logging_mixin.py:188} INFO - [2026-09-08T13:52:17.506+0000] {dag.py:3047} INFO - Sync 1 DAGs
[2026-09-08T13:52:17.537+0000] {logging_mixin.py:188} INFO - [2026-09-08T13:52:17.537+0000] {dag.py:3834} INFO - Setting next_dagrun for example_task_group to 2026-09-07 00:00:00+00:00, run_after=2026-09-08 00:00:00+00:00
[2026-09-08T13:52:17.562+0000] {processor.py:183} INFO - Processing /home/airflow/.local/lib/python3.8/site-packages/airflow/example_dags/example_task_group.py took 0.110 seconds
