[2026-09-08T13:44:45.669+0000] {processor.py:161} INFO - Started process (PID=93) to work on /home/airflow/.local/lib/python3.8/site-packages/airflow/example_dags/example_setup_teardown.py
[2026-09-08T13:44:45.672+0000] {processor.py:830} INFO - Processing file /home/airflow/.local/lib/python3.8/site-packages/airflow/example_dags/example_setup_teardown.py for tasks to queue
[2026-09-08T13:44:45.689+0000] {logging_mixin.py:188} INFO - [2026-09-08T13:44:45.688+0000] {dagbag.py:540} INFO - Filling up the DagBag from /home/airflow/.local/lib/python3.8/site-packages/airflow/example_dags/example_setup_teardown.py
[2026-09-08T13:44:45.711+0000] {processor.py:840} INFO - DAG(s) 'example_setup_teardown' retrieved from /home/airflow/.local/lib/python3.8/site-packages/airflow/example_dags/example_setup_teardown.py
[2026-09-08T13:44:45.779+0000] {logging_mixin.py:188} INFO - [2026-09-08T13:44:45.778+0000] {dag.py:3047} INFO - Sync 1 DAGs
[2026-09-08T13:44:45.883+0000] {logging_mixin.py:188} INFO - [2026-09-08T13:44:45.883+0000] {dag.py:3834} INFO - Setting next_dagrun for example_setup_teardown to 2026-09-07 00:00:00+00:00, run_after=2026-09-08 00:00:00+00:00
[2026-09-08T13:44:45.927+0000] {processor.py:183} INFO - Processing /home/airflow/.local/lib/python3.8/site-packages/airflow/example_dags/example_setup_teardown.py took 0.267 seconds
[2026-09-08T13:45:16.627+0000] {processor.py:161} INFO - Started process (PID=150) to work on /home/airflow/.local/lib/python3.8/site-packages/airflow/example_dags/example_setup_teardown.py
[2026-09-08T13:45:16.629+0000] {processor.py:830} INFO - Processing file /home/airflow/.local/lib/python3.8/site-packages/airflow/example_dags/example_setup_teardown.py for tasks to queue
[2026-09-08T13:45:16.633+0000] {logging_mixin.py:188} INFO - [2026-09-08T13:45:16.632+0000] {dagbag.py:540} INFO - Filling up the DagBag from /home/airflow/.local/lib/python3.8/site-packages/airflow/example_dags/example_setup_teardown.py
[2026-09-08T13:45:16.651+0000] {processor.py:840} INFO - DAG(s) 'example_setup_teardown' retrieved from /home/airflow/.local/lib/python3.8/site-packages/airflow/example_dags/example_setup_teardown.py
[2026-09-08T13:45:16.902+0000] {logging_mixin.py:188} INFO - [2026-09-08T13:45:16.902+0000] {dag.py:3047} INFO - Sync 1 DAGs
[2026-09-08T13:45:16.932+0000] {logging_mixin.py:188} INFO - [2026-09-08T13:45:16.932+0000] {dag.py:3834} INFO - Setting next_dagrun for example_setup_teardown to 2026-09-07 00:00:00+00:00, run_after=2026-09-08 00:00:00+00:00
[2026-09-08T13:45:16.962+0000] {processor.py:183} INFO - Processing /home/airflow/.local/lib/python3.8/site-packages/airflow/example_dags/example_setup_teardown.py took 0.345 seconds
[2026-09-08T13:45:48.361+0000] {processor.py:161} INFO - Started process (PID=207) to work on /home/airflow/.local/lib/python3.8/site-packages/airflow/example_dags/example_setup_teardown.py
[2026-09-08T13:45:48.380+0000] {processor.py:830} INFO - Processing file /home/airflow/.local/lib/python3.8/site-packages/airflow/example_dags/example_setup_teardown.py for tasks to queue
[2026-09-08T13:45:48.384+0000] {logging_mixin.py:188} INFO - [2026-09-08T13:45:48.383+0000] {dagbag.py:540} INFO - Filling up the DagBag from /home/airflow/.local/lib/python3.8/site-packages/airflow/example_dags/example_setup_teardown.py
[2026-09-08T13:45:48.416+0000] {processor.py:840} INFO - DAG(s) 'example_setup_teardown' retrieved from /home/airflow/.local/lib/python3.8/site-packages/airflow/example_dags/example_setup_teardown.py
[2026-09-08T13:45:48.495+0000] {logging_mixin.py:188} INFO - [2026-09-08T13:45:48.494+0000] {dag.py:3047} INFO - Sync 1 DAGs
[2026-09-08T13:45:48.588+0000] {logging_mixin.py:188} INFO - [2026-09-08T13:45:48.588+0000] {dag.py:3834} INFO - Setting next_dagrun for example_setup_teardown to 2026-09-07 00:00:00+00:00, run_after=2026-09-08 00:00:00+00:00
[2026-09-08T13:45:48.705+0000] {processor.py:183} INFO - Processing /home/airflow/.local/lib/python3.8/site-packages/airflow/example_dags/example_setup_teardown.py took 0.371 seconds
[2026-09-08T13:46:19.380+0000] {processor.py:161} INFO - Started process (PID=269) to work on /home/airflow/.local/lib/python3.8/site-packages/airflow/example_dags/example_setup_teardown.py
[2026-09-08T13:46:19.382+0000] {processor.py:830} INFO - Processing file /home/airflow/.local/lib/python3.8/site-packages/airflow/example_dags/example_setup_teardown.py for tasks to queue
[2026-09-08T13:46:19.385+0000] {logging_mixin.py:188} INFO - [2026-09-08T13:46:19.384+0000] {dagbag.py:540} INFO - Filling up the DagBag from /home/airflow/.local/lib/python3.8/site-packages/airflow/example_dags/example_setup_teardown.py
[2026-09-08T13:46:19.392+0000] {processor.py:840} INFO - DAG(s) 'example_setup_teardown' retrieved from /home/airflow/.local/lib/python3.8/site-packages/airflow/example_dags/example_setup_teardown.py
[2026-09-08T13:46:19.451+0000] {logging_mixin.py:188} INFO - [2026-09-08T13:46:19.451+0000] {dag.py:3047} INFO - Sync 1 DAGs
[2026-09-08T13:46:19.484+0000] {logging_mixin.py:188} INFO - [2026-09-08T13:46:19.484+0000] {dag.py:3834} INFO - Setting next_dagrun for example_setup_teardown to 2026-09-07 00:00:00+00:00, run_after=2026-09-08 00:00:00+00:00
[2026-09-08T13:46:19.527+0000] {processor.py:183} INFO - Processing /home/airflow/.local/lib/python3.8/site-packages/airflow/example_dags/example_setup_teardown.py took 0.151 seconds
[2026-09-08T13:46:50.186+0000] {processor.py:161} INFO - Started process (PID=326) to work on /home/airflow/.local/lib/python3.8/site-packages/airflow/example_dags/example_setup_teardown.py
[2026-09-08T13:46:50.188+0000] {processor.py:830} INFO - Processing file /home/airflow/.local/lib/python3.8/site-packages/airflow/example_dags/example_setup_teardown.py for tasks to queue
[2026-09-08T13:46:50.190+0000] {logging_mixin.py:188} INFO - [2026-09-08T13:46:50.190+0000] {dagbag.py:540} INFO - Filling up the DagBag from /home/airflow/.local/lib/python3.8/site-packages/airflow/example_dags/example_setup_teardown.py
[2026-09-08T13:46:50.200+0000] {processor.py:840} INFO - DAG(s) 'example_setup_teardown' retrieved from /home/airflow/.local/lib/python3.8/site-packages/airflow/example_dags/example_setup_teardown.py
[2026-09-08T13:46:50.223+0000] {logging_mixin.py:188} INFO - [2026-09-08T13:46:50.223+0000] {dag.py:3047} INFO - Sync 1 DAGs
[2026-09-08T13:46:50.254+0000] {logging_mixin.py:188} INFO - [2026-09-08T13:46:50.253+0000] {dag.py:3834} INFO - Setting next_dagrun for example_setup_teardown to 2026-09-07 00:00:00+00:00, run_after=2026-09-08 00:00:00+00:00
[2026-09-08T13:46:50.278+0000] {processor.py:183} INFO - Processing /home/airflow/.local/lib/python3.8/site-packages/airflow/example_dags/example_setup_teardown.py took 0.095 seconds
[2026-09-08T13:47:20.607+0000] {processor.py:161} INFO - Started process (PID=387) to work on /home/airflow/.local/lib/python3.8/site-packages/airflow/example_dags/example_setup_teardown.py
[2026-09-08T13:47:20.610+0000] {processor.py:830} INFO - Processing file /home/airflow/.local/lib/python3.8/site-packages/airflow/example_dags/example_setup_teardown.py for tasks to queue
[2026-09-08T13:47:20.614+0000] {logging_mixin.py:188} INFO - [2026-09-08T13:47:20.614+0000] {dagbag.py:540} INFO - Filling up the DagBag from /home/airflow/.local/lib/python3.8/site-packages/airflow/example_dags/example_setup_teardown.py
[2026-09-08T13:47:20.625+0000] {processor.py:840} INFO - DAG(s) 'example_setup_teardown' retrieved from /home/airflow/.local/lib/python3.8/site-packages/airflow/example_dags/example_setup_teardown.py
[2026-09-08T13:47:20.652+0000] {logging_mixin.py:188} INFO - [2026-09-08T13:47:20.652+0000] {dag.py:3047} INFO - Sync 1 DAGs
[2026-09-08T13:47:20.680+0000] {logging_mixin.py:188} INFO - [2026-09-08T13:47:20.680+0000] {dag.py:3834} INFO - Setting next_dagrun for example_setup_teardown to 2026-09-07 00:00:00+00:00, run_after=2026-09-08 00:00:00+00:00
[2026-09-08T13:47:20.725+0000] {processor.py:183} INFO - Processing /home/airflow/.local/lib/python3.8/site-packages/airflow/example_dags/example_setup_teardown.py took 0.124 seconds
[2026-09-08T13:47:51.088+0000] {processor.py:161} INFO - Started process (PID=444) to work on /home/airflow/.local/lib/python3.8/site-packages/airflow/example_dags/example_setup_teardown.py
[2026-09-08T13:47:51.090+0000] {processor.py:830} INFO - Processing file /home/airflow/.local/lib/python3.8/site-packages/airflow/example_dags/example_setup_teardown.py for tasks to queue
[2026-09-08T13:47:51.093+0000] {logging_mixin.py:188} INFO - [2026-09-08T13:47:51.093+0000] {dagbag.py:540} INFO - Filling up the DagBag from /home/airflow/.local/lib/python3.8/site-packages/airflow/example_dags/example_setup_teardown.py
[2026-09-08T13:47:51.102+0000] {processor.py:840} INFO - DAG(s) 'example_setup_teardown' retrieved from /home/airflow/.local/lib/python3.8/site-packages/airflow/example_dags/example_setup_teardown.py
[2026-09-08T13:47:51.117+0000] {logging_mixin.py:188} INFO - [2026-09-08T13:47:51.117+0000] {dag.py:3047} INFO - Sync 1 DAGs
[2026-09-08T13:47:51.150+0000] {logging_mixin.py:188} INFO - [2026-09-08T13:47:51.149+0000] {dag.py:3834} INFO - Setting next_dagrun for example_setup_teardown to 2026-09-07 00:00:00+00:00, run_after=2026-09-08 00:00:00+00:00
[2026-09-08T13:47:51.175+0000] {processor.py:183} INFO - Processing /home/airflow/.local/lib/python3.8/site-packages/airflow/example_dags/example_setup_teardown.py took 0.090 seconds
[2026-09-08T13:48:22.222+0000] {processor.py:161} INFO - Started process (PID=501) to work on /home/airflow/.local/lib/python3.8/site-packages/airflow/example_dags/example_setup_teardown.py
[2026-09-08T13:48:22.225+0000] {processor.py:830} INFO - Processing file /home/airflow/.local/lib/python3.8/site-packages/airflow/example_dags/example_setup_teardown.py for tasks to queue
[2026-09-08T13:48:22.228+0000] {logging_mixin.py:188} INFO - [2026-09-08T13:48:22.228+0000] {dagbag.py:540} INFO - Filling up the DagBag from /home/airflow/.local/lib/python3.8/site-packages/airflow/example_dags/example_setup_teardown.py
[2026-09-08T13:48:22.243+0000] {processor.py:840} INFO - DAG(s) 'example_setup_teardown' retrieved from /home/airflow/.local/lib/python3.8/site-packages/airflow/example_dags/example_setup_teardown.py
[2026-09-08T13:48:22.400+0000] {logging_mixin.py:188} INFO - [2026-09-08T13:48:22.400+0000] {dag.py:3047} INFO - Sync 1 DAGs
[2026-09-08T13:48:22.432+0000] {logging_mixin.py:188} INFO - [2026-09-08T13:48:22.432+0000] {dag.py:3834} INFO - Setting next_dagrun for example_setup_teardown to 2026-09-07 00:00:00+00:00, run_after=2026-09-08 00:00:00+00:00
[2026-09-08T13:48:22.466+0000] {processor.py:183} INFO - Processing /home/airflow/.local/lib/python3.8/site-packages/airflow/example_dags/example_setup_teardown.py took 0.252 seconds
[2026-09-08T13:48:52.649+0000] {processor.py:161} INFO - Started process (PID=557) to work on /home/airflow/.local/lib/python3.8/site-packages/airflow/example_dags/example_setup_teardown.py
[2026-09-08T13:48:52.652+0000] {processor.py:830} INFO - Processing file /home/airflow/.local/lib/python3.8/site-packages/airflow/example_dags/example_setup_teardown.py for tasks to queue
[2026-09-08T13:48:52.656+0000] {logging_mixin.py:188} INFO - [2026-09-08T13:48:52.655+0000] {dagbag.py:540} INFO - Filling up the DagBag from /home/airflow/.local/lib/python3.8/site-packages/airflow/example_dags/example_setup_teardown.py
[2026-09-08T13:48:52.664+0000] {processor.py:840} INFO - DAG(s) 'example_setup_teardown' retrieved from /home/airflow/.local/lib/python3.8/site-packages/airflow/example_dags/example_setup_teardown.py
[2026-09-08T13:48:52.693+0000] {logging_mixin.py:188} INFO - [2026-09-08T13:48:52.692+0000] {dag.py:3047} INFO - Sync 1 DAGs
[2026-09-08T13:48:52.723+0000] {logging_mixin.py:188} INFO - [2026-09-08T13:48:52.723+0000] {dag.py:3834} INFO - Setting next_dagrun for example_setup_teardown to 2026-09-07 00:00:00+00:00, run_after=2026-09-08 00:00:00+00:00
[2026-09-08T13:48:52.749+0000] {processor.py:183} INFO - Processing /home/airflow/.local/lib/python3.8/site-packages/airflow/example_dags/example_setup_teardown.py took 0.104 seconds
[2026-09-08T13:49:22.841+0000] {processor.py:161} INFO - Started process (PID=614) to work on /home/airflow/.local/lib/python3.8/site-packages/airflow/example_dags/example_setup_teardown.py
[2026-09-08T13:49:22.843+0000] {processor.py:830} INFO - Processing file /home/airflow/.local/lib/python3.8/site-packages/airflow/example_dags/example_setup_teardown.py for tasks to queue
[2026-09-08T13:49:22.848+0000] {logging_mixin.py:188} INFO - [2026-09-08T13:49:22.847+0000] {dagbag.py:540} INFO - Filling up the DagBag from /home/airflow/.local/lib/python3.8/site-packages/airflow/example_dags/example_setup_teardown.py
[2026-09-08T13:49:22.861+0000] {processor.py:840} INFO - DAG(s) 'example_setup_teardown' retrieved from /home/airflow/.local/lib/python3.8/site-packages/airflow/example_dags/example_setup_teardown.py
[2026-09-08T13:49:22.890+0000] {logging_mixin.py:188} INFO - [2026-09-08T13:49:22.890+0000] {dag.py:3047} INFO - Sync 1 DAGs
[2026-09-08T13:49:22.921+0000] {logging_mixin.py:188} INFO - [2026-09-08T13:49:22.921+0000] {dag.py:3834} INFO - Setting next_dagrun for example_setup_teardown to 2026-09-07 00:00:00+00:00, run_after=2026-09-08 00:00:00+00:00
[2026-09-08T13:49:22.943+0000] {processor.py:183} INFO - Processing /home/airflow/.local/lib/python3.8/site-packages/airflow/example_dags/example_setup_teardown.py took 0.107 seconds
[2026-09-08T13:49:53.525+0000] {processor.py:161} INFO - Started process (PID=671) to work on /home/airflow/.local/lib/python3.8/site-packages/airflow/example_dags/example_setup_teardown.py
[2026-09-08T13:49:53.527+0000] {processor.py:830} INFO - Processing file /home/airflow/.local/lib/python3.8/site-packages/airflow/example_dags/example_setup_teardown.py for tasks to queue
[2026-09-08T13:49:53.530+0000] {logging_mixin.py:188} INFO - [2026-09-08T13:49:53.529+0000] {dagbag.py:540} INFO - Filling up the DagBag from /home/airflow/.local/lib/python3.8/site-packages/airflow/example_dags/example_setup_teardown.py
[2026-09-08T13:49:53.541+0000] {processor.py:840} INFO - DAG(s) 'example_setup_teardown' retrieved from /home/airflow/.local/lib/python3.8/site-packages/airflow/example_dags/example_setup_teardown.py
[2026-09-08T13:49:53.568+0000] {logging_mixin.py:188} INFO - [2026-09-08T13:49:53.568+0000] {dag.py:3047} INFO - Sync 1 DAGs
[2026-09-08T13:49:53.597+0000] {logging_mixin.py:188} INFO - [2026-09-08T13:49:53.597+0000] {dag.py:3834} INFO - Setting next_dagrun for example_setup_teardown to 2026-09-07 00:00:00+00:00, run_after=2026-09-08 00:00:00+00:00
[2026-09-08T13:49:53.619+0000] {processor.py:183} INFO - Processing /home/airflow/.local/lib/python3.8/site-packages/airflow/example_dags/example_setup_teardown.py took 0.099 seconds
[2026-09-08T13:50:23.684+0000] {processor.py:161} INFO - Started process (PID=726) to work on /home/airflow/.local/lib/python3.8/site-packages/airflow/example_dags/example_setup_teardown.py
[2026-09-08T13:50:23.686+0000] {processor.py:830} INFO - Processing file /home/airflow/.local/lib/python3.8/site-packages/airflow/example_dags/example_setup_teardown.py for tasks to queue
[2026-09-08T13:50:23.688+0000] {logging_mixin.py:188} INFO - [2026-09-08T13:50:23.688+0000] {dagbag.py:540} INFO - Filling up the DagBag from /home/airflow/.local/lib/python3.8/site-packages/airflow/example_dags/example_setup_teardown.py
[2026-09-08T13:50:23.696+0000] {processor.py:840} INFO - DAG(s) 'example_setup_teardown' retrieved from /home/airflow/.local/lib/python3.8/site-packages/airflow/example_dags/example_setup_teardown.py
[2026-09-08T13:50:23.725+0000] {logging_mixin.py:188} INFO - [2026-09-08T13:50:23.725+0000] {dag.py:3047} INFO - Sync 1 DAGs
[2026-09-08T13:50:23.753+0000] {logging_mixin.py:188} INFO - [2026-09-08T13:50:23.752+0000] {dag.py:3834} INFO - Setting next_dagrun for example_setup_teardown to 2026-09-07 00:00:00+00:00, run_after=2026-09-08 00:00:00+00:00
[2026-09-08T13:50:23.777+0000] {processor.py:183} INFO - Processing /home/airflow/.local/lib/python3.8/site-packages/airflow/example_dags/example_setup_teardown.py took 0.097 seconds
[2026-09-08T13:50:53.862+0000] {processor.py:161} INFO - Started process (PID=783) to work on /home/airflow/.local/lib/python3.8/site-packages/airflow/example_dags/example_setup_teardown.py
[2026-09-08T13:50:53.863+0000] {processor.py:830} INFO - Processing file /home/airflow/.local/lib/python3.8/site-packages/airflow/example_dags/example_setup_teardown.py for tasks to queue
[2026-09-08T13:50:53.866+0000] {logging_mixin.py:188} INFO - [2026-09-08T13:50:53.865+0000] {dagbag.py:540} INFO - Filling up the DagBag from /home/airflow/.local/lib/python3.8/site-packages/airflow/example_dags/example_setup_teardown.py
[2026-09-08T13:50:53.874+0000] {processor.py:840} INFO - DAG(s) 'example_setup_teardown' retrieved from /home/airflow/.local/lib/python3.8/site-packages/airflow/example_dags/example_setup_teardown.py
[2026-09-08T13:50:53.895+0000] {logging_mixin.py:188} INFO - [2026-09-08T13:50:53.895+0000] {dag.py:3047} INFO - Sync 1 DAGs
[2026-09-08T13:50:53.918+0000] {logging_mixin.py:188} INFO - [2026-09-08T13:50:53.918+0000] {dag.py:3834} INFO - Setting next_dagrun for example_setup_teardown to 2026-09-07 00:00:00+00:00, run_after=2026-09-08 00:00:00+00:00
[2026-09-08T13:50:53.939+0000] {processor.py:183} INFO - Processing /home/airflow/.local/lib/python3.8/site-packages/airflow/example_dags/example_setup_teardown.py took 0.081 seconds
[2026-09-08T13:51:24.088+0000] {processor.py:161} INFO - Started process (PID=840) to work on /home/airflow/.local/lib/python3.8/site-packages/airflow/example_dags/example_setup_teardown.py
[2026-09-08T13:51:24.090+0000] {processor.py:830} INFO - Processing file /home/airflow/.local/lib/python3.8/site-packages/airflow/example_dags/example_setup_teardown.py for tasks to queue
[2026-09-08T13:51:24.093+0000] {logging_mixin.py:188} INFO - [2026-09-08T13:51:24.093+0000] {dagbag.py:540} INFO - Filling up the DagBag from /home/airflow/.local/lib/python3.8/site-packages/airflow/example_dags/example_setup_teardown.py
[2026-09-08T13:51:24.101+0000] {processor.py:840} INFO - DAG(s) 'example_setup_teardown' retrieved from /home/airflow/.local/lib/python3.8/site-packages/airflow/example_dags/example_setup_teardown.py
[2026-09-08T13:51:24.127+0000] {logging_mixin.py:188} INFO - [2026-09-08T13:51:24.126+0000] {dag.py:3047} INFO - Sync 1 DAGs
[2026-09-08T13:51:24.151+0000] {logging_mixin.py:188} INFO - [2026-09-08T13:51:24.151+0000] {dag.py:3834} INFO - Setting next_dagrun for example_setup_teardown to 2026-09-07 00:00:00+00:00, run_after=2026-09-08 00:00:00+00:00
[2026-09-08T13:51:24.176+0000] {processor.py:183} INFO - Processing /home/airflow/.local/lib/python3.8/site-packages/airflow/example_dags/example_setup_teardown.py took 0.093 seconds
[2026-09-08T13:51:54.399+0000] {processor.py:161} INFO - Started process (PID=897) to work on /home/airflow/.local/lib/python3.8/site-packages/airflow/example_dags/example_setup_teardown.py
[2026-09-08T13:51:54.401+0000] {processor.py:830} INFO - Processing file /home/airflow/.local/lib/python3.8/site-packages/airflow/example_dags/example_setup_teardown.py for tasks to queue
[2026-09-08T13:51:54.404+0000] {logging_mixin.py:188} INFO - [2026-09-08T13:51:54.404+0000] {dagbag.py:540} INFO - Filling up the DagBag from /home/airflow/.local/lib/python3.8/site-packages/airflow/example_dags/example_setup_teardown.py
[2026-09-08T13:51:54.414+0000] {processor.py:840} INFO - DAG(s) 'example_setup_teardown' retrieved from /home/airflow/.local/lib/python3.8/site-packages/airflow/example_dags/example_setup_teardown.py
[2026-09-08T13:51:54.439+0000] {logging_mixin.py:188} INFO - [2026-09-08T13:51:54.438+0000] {dag.py:3047} INFO - Sync 1 DAGs
[2026-09-08T13:51:54.462+0000] {logging_mixin.py:188} INFO - [2026-09-08T13:51:54.462+0000] {dag.py:3834} INFO - Setting next_dagrun for example_setup_teardown to 2026-09-07 00:00:00+00:00, run_after=2026-09-08 00:00:00+00:00
[2026-09-08T13:51:54.488+0000] {processor.py:183} INFO - Processing /home/airflow/.local/lib/python3.8/site-packages/airflow/example_dags/example_setup_teardown.py took 0.094 seconds
[2026-09-08T13:52:24.756+0000] {processor.py:161} INFO - Started process (PID=954) to work on /home/airflow/.local/lib/python3.8/site-packages/airflow/example_dags/example_setup_teardown.py
[2026-09-08T13:52:24.758+0000] {processor.py:830} INFO - Processing file /home/airflow/.local/lib/python3.8/site-packages/airflow/example_dags/example_setup_teardown.py for tasks to queue
[2026-09-08T13:52:24.761+0000] {logging_mixin.py:188} INFO - [2026-09-08T13:52:24.761+0000] {dagbag.py:540} INFO - Filling up the DagBag from /home/airflow/.local/lib/python3.8/site-packages/airflow/example_dags/example_setup_teardown.py
[2026-09-08T13:52:24.773+0000] {processor.py:840} INFO - DAG(s) 'example_setup_teardown' retrieved from /home/airflow/.local/lib/python3.8/site-packages/airflow/example_dags/example_setup_teardown.py
[2026-09-08T13:52:24.799+0000] {logging_mixin.py:188} INFO - [2026-09-08T13:52:24.798+0000] {dag.py:3047} INFO - Sync 1 DAGs
[2026-09-08T13:52:24.824+0000] {logging_mixin.py:188} INFO - [2026-09-08T13:52:24.823+0000] {dag.py:3834} INFO - Setting next_dagrun for example_setup_teardown to 2026-09-07 00:00:00+00:00, run_after=2026-09-08 00:00:00+00:00
[2026-09-08T13:52:24.847+0000] {processor.py:183} INFO - Processing /home/airflow/.local/lib/python3.8/site-packages/airflow/example_dags/example_setup_teardown.py took 0.095 seconds
