[2026-09-08T13:44:46.038+0000] {processor.py:161} INFO - Started process (PID=96) to work on /home/airflow/.local/lib/python3.8/site-packages/airflow/example_dags/example_trigger_target_dag.py
[2026-09-08T13:44:46.041+0000] {processor.py:830} INFO - Processing file /home/airflow/.local/lib/python3.8/site-packages/airflow/example_dags/example_trigger_target_dag.py for tasks to queue
[2026-09-08T13:44:46.047+0000] {logging_mixin.py:188} INFO - [2026-09-08T13:44:46.046+0000] {dagbag.py:540} INFO - Filling up the DagBag from /home/airflow/.local/lib/python3.8/site-packages/airflow/example_dags/example_trigger_target_dag.py
[2026-09-08T13:44:46.068+0000] {processor.py:840} INFO - DAG(s) 'example_trigger_target_dag' retrieved from /home/airflow/.local/lib/python3.8/site-packages/airflow/example_dags/example_trigger_target_dag.py
[2026-09-08T13:44:46.106+0000] {logging_mixin.py:188} INFO - [2026-09-08T13:44:46.105+0000] {dag.py:3047} INFO - Sync 1 DAGs
[2026-09-08T13:44:46.172+0000] {logging_mixin.py:188} INFO - [2026-09-08T13:44:46.171+0000] {dag.py:3834} INFO - Setting next_dagrun for example_trigger_target_dag to None, run_after=None
[2026-09-08T13:44:46.258+0000] {processor.py:183} INFO - Processing /home/airflow/.local/lib/python3.8/site-packages/airflow/example_dags/example_trigger_target_dag.py took 0.229 seconds
[2026-09-08T13:45:17.435+0000] {processor.py:161} INFO - Started process (PID=153) to work on /home/airflow/.local/lib/python3.8/site-packages/airflow/example_dags/example_trigger_target_dag.py
[2026-09-08T13:45:17.439+0000] {processor.py:830} INFO - Processing file /home/airflow/.local/lib/python3.8/site-packages/airflow/example_dags/example_trigger_target_dag.py for tasks to queue
[2026-09-08T13:45:17.446+0000] {logging_mixin.py:188} INFO - [2026-09-08T13:45:17.445+0000] {dagbag.py:540} INFO - Filling up the DagBag from /home/airflow/.local/lib/python3.8/site-packages/airflow/example_dags/example_trigger_target_dag.py
[2026-09-08T13:45:17.477+0000] {processor.py:840} INFO - DAG(s) 'example_trigger_target_dag' retrieved from /home/airflow/.local/lib/python3.8/site-packages/airflow/example_dags/example_trigger_target_dag.py
[2026-09-08T13:45:17.778+0000] {logging_mixin.py:188} INFO - [2026-09-08T13:45:17.777+0000] {dag.py:3047} INFO - Sync 1 DAGs
[2026-09-08T13:45:17.803+0000] {logging_mixin.py:188} INFO - [2026-09-08T13:45:17.803+0000] {dag.py:3834} INFO - Setting next_dagrun for example_trigger_target_dag to None, run_after=None
[2026-09-08T13:45:17.851+0000] {processor.py:183} INFO - Processing /home/airflow/.local/lib/python3.8/site-packages/airflow/example_dags/example_trigger_target_dag.py took 0.429 seconds
[2026-09-08T13:45:48.756+0000] {processor.py:161} INFO - Started process (PID=209) to work on /home/airflow/.local/lib/python3.8/site-packages/airflow/example_dags/example_trigger_target_dag.py
[2026-09-08T13:45:48.758+0000] {processor.py:830} INFO - Processing file /home/airflow/.local/lib/python3.8/site-packages/airflow/example_dags/example_trigger_target_dag.py for tasks to queue
[2026-09-08T13:45:48.769+0000] {logging_mixin.py:188} INFO - [2026-09-08T13:45:48.760+0000] {dagbag.py:540} INFO - Filling up the DagBag from /home/airflow/.local/lib/python3.8/site-packages/airflow/example_dags/example_trigger_target_dag.py
[2026-09-08T13:45:48.790+0000] {processor.py:840} INFO - DAG(s) 'example_trigger_target_dag' retrieved from /home/airflow/.local/lib/python3.8/site-packages/airflow/example_dags/example_trigger_target_dag.py
[2026-09-08T13:45:48.852+0000] {logging_mixin.py:188} INFO - [2026-09-08T13:45:48.851+0000] {dag.py:3047} INFO - Sync 1 DAGs
[2026-09-08T13:45:48.899+0000] {logging_mixin.py:188} INFO - [2026-09-08T13:45:48.898+0000] {dag.py:3834} INFO - Setting next_dagrun for example_trigger_target_dag to None, run_after=None
[2026-09-08T13:45:48.964+0000] {processor.py:183} INFO - Processing /home/airflow/.local/lib/python3.8/site-packages/airflow/example_dags/example_trigger_target_dag.py took 0.217 seconds
[2026-09-08T13:46:19.563+0000] {processor.py:161} INFO - Started process (PID=271) to work on /home/airflow/.local/lib/python3.8/site-packages/airflow/example_dags/example_trigger_target_dag.py
[2026-09-08T13:46:19.565+0000] {processor.py:830} INFO - Processing file /home/airflow/.local/lib/python3.8/site-packages/airflow/example_dags/example_trigger_target_dag.py for tasks to queue
[2026-09-08T13:46:19.568+0000] {logging_mixin.py:188} INFO - [2026-09-08T13:46:19.567+0000] {dagbag.py:540} INFO - Filling up the DagBag from /home/airflow/.local/lib/python3.8/site-packages/airflow/example_dags/example_trigger_target_dag.py
[2026-09-08T13:46:19.575+0000] {processor.py:840} INFO - DAG(s) 'example_trigger_target_dag' retrieved from /home/airflow/.local/lib/python3.8/site-packages/airflow/example_dags/example_trigger_target_dag.py
[2026-09-08T13:46:19.603+0000] {logging_mixin.py:188} INFO - [2026-09-08T13:46:19.602+0000] {dag.py:3047} INFO - Sync 1 DAGs
[2026-09-08T13:46:19.622+0000] {logging_mixin.py:188} INFO - [2026-09-08T13:46:19.622+0000] {dag.py:3834} INFO - Setting next_dagrun for example_trigger_target_dag to None, run_after=None
[2026-09-08T13:46:19.695+0000] {processor.py:183} INFO - Processing /home/airflow/.local/lib/python3.8/site-packages/airflow/example_dags/example_trigger_target_dag.py took 0.137 seconds
[2026-09-08T13:46:50.341+0000] {processor.py:161} INFO - Started process (PID=329) to work on /home/airflow/.local/lib/python3.8/site-packages/airflow/example_dags/example_trigger_target_dag.py
[2026-09-08T13:46:50.342+0000] {processor.py:830} INFO - Processing file /home/airflow/.local/lib/python3.8/site-packages/airflow/example_dags/example_trigger_target_dag.py for tasks to queue
[2026-09-08T13:46:50.344+0000] {logging_mixin.py:188} INFO - [2026-09-08T13:46:50.344+0000] {dagbag.py:540} INFO - Filling up the DagBag from /home/airflow/.local/lib/python3.8/site-packages/airflow/example_dags/example_trigger_target_dag.py
[2026-09-08T13:46:50.353+0000] {processor.py:840} INFO - DAG(s) 'example_trigger_target_dag' retrieved from /home/airflow/.local/lib/python3.8/site-packages/airflow/example_dags/example_trigger_target_dag.py
[2026-09-08T13:46:50.381+0000] {logging_mixin.py:188} INFO - [2026-09-08T13:46:50.380+0000] {dag.py:3047} INFO - Sync 1 DAGs
[2026-09-08T13:46:50.399+0000] {logging_mixin.py:188} INFO - [2026-09-08T13:46:50.398+0000] {dag.py:3834} INFO - Setting next_dagrun for example_trigger_target_dag to None, run_after=None
[2026-09-08T13:46:50.431+0000] {processor.py:183} INFO - Processing /home/airflow/.local/lib/python3.8/site-packages/airflow/example_dags/example_trigger_target_dag.py took 0.094 seconds
[2026-09-08T13:47:20.927+0000] {processor.py:161} INFO - Started process (PID=390) to work on /home/airflow/.local/lib/python3.8/site-packages/airflow/example_dags/example_trigger_target_dag.py
[2026-09-08T13:47:20.930+0000] {processor.py:830} INFO - Processing file /home/airflow/.local/lib/python3.8/site-packages/airflow/example_dags/example_trigger_target_dag.py for tasks to queue
[2026-09-08T13:47:20.933+0000] {logging_mixin.py:188} INFO - [2026-09-08T13:47:20.932+0000] {dagbag.py:540} INFO - Filling up the DagBag from /home/airflow/.local/lib/python3.8/site-packages/airflow/example_dags/example_trigger_target_dag.py
[2026-09-08T13:47:20.941+0000] {processor.py:840} INFO - DAG(s) 'example_trigger_target_dag' retrieved from /home/airflow/.local/lib/python3.8/site-packages/airflow/example_dags/example_trigger_target_dag.py
[2026-09-08T13:47:20.974+0000] {logging_mixin.py:188} INFO - [2026-09-08T13:47:20.973+0000] {dag.py:3047} INFO - Sync 1 DAGs
[2026-09-08T13:47:20.992+0000] {logging_mixin.py:188} INFO - [2026-09-08T13:47:20.991+0000] {dag.py:3834} INFO - Setting next_dagrun for example_trigger_target_dag to None, run_after=None
[2026-09-08T13:47:21.040+0000] {processor.py:183} INFO - Processing /home/airflow/.local/lib/python3.8/site-packages/airflow/example_dags/example_trigger_target_dag.py took 0.118 seconds
[2026-09-08T13:47:51.252+0000] {processor.py:161} INFO - Started process (PID=447) to work on /home/airflow/.local/lib/python3.8/site-packages/airflow/example_dags/example_trigger_target_dag.py
[2026-09-08T13:47:51.254+0000] {processor.py:830} INFO - Processing file /home/airflow/.local/lib/python3.8/site-packages/airflow/example_dags/example_trigger_target_dag.py for tasks to queue
[2026-09-08T13:47:51.257+0000] {logging_mixin.py:188} INFO - [2026-09-08T13:47:51.257+0000] {dagbag.py:540} INFO - Filling up the DagBag from /home/airflow/.local/lib/python3.8/site-packages/airflow/example_dags/example_trigger_target_dag.py
[2026-09-08T13:47:51.264+0000] {processor.py:840} INFO - DAG(s) 'example_trigger_target_dag' retrieved from /home/airflow/.local/lib/python3.8/site-packages/airflow/example_dags/example_trigger_target_dag.py
[2026-09-08T13:47:51.281+0000] {logging_mixin.py:188} INFO - [2026-09-08T13:47:51.280+0000] {dag.py:3047} INFO - Sync 1 DAGs
[2026-09-08T13:47:51.296+0000] {logging_mixin.py:188} INFO - [2026-09-08T13:47:51.296+0000] {dag.py:3834} INFO - Setting next_dagrun for example_trigger_target_dag to None, run_after=None
[2026-09-08T13:47:51.320+0000] {processor.py:183} INFO - Processing /home/airflow/.local/lib/python3.8/site-packages/airflow/example_dags/example_trigger_target_dag.py took 0.071 seconds
[2026-09-08T13:48:22.541+0000] {processor.py:161} INFO - Started process (PID=504) to work on /home/airflow/.local/lib/python3.8/site-packages/airflow/example_dags/example_trigger_target_dag.py
[2026-09-08T13:48:22.542+0000] {processor.py:830} INFO - Processing file /home/airflow/.local/lib/python3.8/site-packages/airflow/example_dags/example_trigger_target_dag.py for tasks to queue
[2026-09-08T13:48:22.545+0000] {logging_mixin.py:188} INFO - [2026-09-08T13:48:22.544+0000] {dagbag.py:540} INFO - Filling up the DagBag from /home/airflow/.local/lib/python3.8/site-packages/airflow/example_dags/example_trigger_target_dag.py
[2026-09-08T13:48:22.552+0000] {processor.py:840} INFO - DAG(s) 'example_trigger_target_dag' retrieved from /home/airflow/.local/lib/python3.8/site-packages/airflow/example_dags/example_trigger_target_dag.py
[2026-09-08T13:48:22.680+0000] {logging_mixin.py:188} INFO - [2026-09-08T13:48:22.680+0000] {dag.py:3047} INFO - Sync 1 DAGs
[2026-09-08T13:48:22.694+0000] {logging_mixin.py:188} INFO - [2026-09-08T13:48:22.694+0000] {dag.py:3834} INFO - Setting next_dagrun for example_trigger_target_dag to None, run_after=None
[2026-09-08T13:48:22.717+0000] {processor.py:183} INFO - Processing /home/airflow/.local/lib/python3.8/site-packages/airflow/example_dags/example_trigger_target_dag.py took 0.181 seconds
[2026-09-08T13:48:52.940+0000] {processor.py:161} INFO - Started process (PID=560) to work on /home/airflow/.local/lib/python3.8/site-packages/airflow/example_dags/example_trigger_target_dag.py
[2026-09-08T13:48:52.943+0000] {processor.py:830} INFO - Processing file /home/airflow/.local/lib/python3.8/site-packages/airflow/example_dags/example_trigger_target_dag.py for tasks to queue
[2026-09-08T13:48:52.945+0000] {logging_mixin.py:188} INFO - [2026-09-08T13:48:52.945+0000] {dagbag.py:540} INFO - Filling up the DagBag from /home/airflow/.local/lib/python3.8/site-packages/airflow/example_dags/example_trigger_target_dag.py
[2026-09-08T13:48:52.953+0000] {processor.py:840} INFO - DAG(s) 'example_trigger_target_dag' retrieved from /home/airflow/.local/lib/python3.8/site-packages/airflow/example_dags/example_trigger_target_dag.py
[2026-09-08T13:48:52.974+0000] {logging_mixin.py:188} INFO - [2026-09-08T13:48:52.974+0000] {dag.py:3047} INFO - Sync 1 DAGs
[2026-09-08T13:48:52.989+0000] {logging_mixin.py:188} INFO - [2026-09-08T13:48:52.988+0000] {dag.py:3834} INFO - Setting next_dagrun for example_trigger_target_dag to None, run_after=None
[2026-09-08T13:48:53.014+0000] {processor.py:183} INFO - Processing /home/airflow/.local/lib/python3.8/site-packages/airflow/example_dags/example_trigger_target_dag.py took 0.077 seconds
[2026-09-08T13:49:23.132+0000] {processor.py:161} INFO - Started process (PID=617) to work on /home/airflow/.local/lib/python3.8/site-packages/airflow/example_dags/example_trigger_target_dag.py
[2026-09-08T13:49:23.134+0000] {processor.py:830} INFO - Processing file /home/airflow/.local/lib/python3.8/site-packages/airflow/example_dags/example_trigger_target_dag.py for tasks to queue
[2026-09-08T13:49:23.137+0000] {logging_mixin.py:188} INFO - [2026-09-08T13:49:23.137+0000] {dagbag.py:540} INFO - Filling up the DagBag from /home/airflow/.local/lib/python3.8/site-packages/airflow/example_dags/example_trigger_target_dag.py
[2026-09-08T13:49:23.144+0000] {processor.py:840} INFO - DAG(s) 'example_trigger_target_dag' retrieved from /home/airflow/.local/lib/python3.8/site-packages/airflow/example_dags/example_trigger_target_dag.py
[2026-09-08T13:49:23.171+0000] {logging_mixin.py:188} INFO - [2026-09-08T13:49:23.171+0000] {dag.py:3047} INFO - Sync 1 DAGs
[2026-09-08T13:49:23.186+0000] {logging_mixin.py:188} INFO - [2026-09-08T13:49:23.185+0000] {dag.py:3834} INFO - Setting next_dagrun for example_trigger_target_dag to None, run_after=None
[2026-09-08T13:49:23.209+0000] {processor.py:183} INFO - Processing /home/airflow/.local/lib/python3.8/site-packages/airflow/example_dags/example_trigger_target_dag.py took 0.081 seconds
[2026-09-08T13:49:53.998+0000] {processor.py:161} INFO - Started process (PID=674) to work on /home/airflow/.local/lib/python3.8/site-packages/airflow/example_dags/example_trigger_target_dag.py
[2026-09-08T13:49:54.000+0000] {processor.py:830} INFO - Processing file /home/airflow/.local/lib/python3.8/site-packages/airflow/example_dags/example_trigger_target_dag.py for tasks to queue
[2026-09-08T13:49:54.003+0000] {logging_mixin.py:188} INFO - [2026-09-08T13:49:54.003+0000] {dagbag.py:540} INFO - Filling up the DagBag from /home/airflow/.local/lib/python3.8/site-packages/airflow/example_dags/example_trigger_target_dag.py
[2026-09-08T13:49:54.010+0000] {processor.py:840} INFO - DAG(s) 'example_trigger_target_dag' retrieved from /home/airflow/.local/lib/python3.8/site-packages/airflow/example_dags/example_trigger_target_dag.py
[2026-09-08T13:49:54.031+0000] {logging_mixin.py:188} INFO - [2026-09-08T13:49:54.031+0000] {dag.py:3047} INFO - Sync 1 DAGs
[2026-09-08T13:49:54.044+0000] {logging_mixin.py:188} INFO - [2026-09-08T13:49:54.044+0000] {dag.py:3834} INFO - Setting next_dagrun for example_trigger_target_dag to None, run_after=None
[2026-09-08T13:49:54.063+0000] {processor.py:183} INFO - Processing /home/airflow/.local/lib/python3.8/site-packages/airflow/example_dags/example_trigger_target_dag.py took 0.074 seconds
[2026-09-08T13:50:25.074+0000] {processor.py:161} INFO - Started process (PID=731) to work on /home/airflow/.local/lib/python3.8/site-packages/airflow/example_dags/example_trigger_target_dag.py
[2026-09-08T13:50:25.076+0000] {processor.py:830} INFO - Processing file /home/airflow/.local/lib/python3.8/site-packages/airflow/example_dags/example_trigger_target_dag.py for tasks to queue
[2026-09-08T13:50:25.080+0000] {logging_mixin.py:188} INFO - [2026-09-08T13:50:25.079+0000] {dagbag.py:540} INFO - Filling up the DagBag from /home/airflow/.local/lib/python3.8/site-packages/airflow/example_dags/example_trigger_target_dag.py
[2026-09-08T13:50:25.089+0000] {processor.py:840} INFO - DAG(s) 'example_trigger_target_dag' retrieved from /home/airflow/.local/lib/python3.8/site-packages/airflow/example_dags/example_trigger_target_dag.py
[2026-09-08T13:50:25.119+0000] {logging_mixin.py:188} INFO - [2026-09-08T13:50:25.119+0000] {dag.py:3047} INFO - Sync 1 DAGs
[2026-09-08T13:50:25.136+0000] {logging_mixin.py:188} INFO - [2026-09-08T13:50:25.136+0000] {dag.py:3834} INFO - Setting next_dagrun for example_trigger_target_dag to None, run_after=None
[2026-09-08T13:50:25.165+0000] {processor.py:183} INFO - Processing /home/airflow/.local/lib/python3.8/site-packages/airflow/example_dags/example_trigger_target_dag.py took 0.095 seconds
[2026-09-08T13:50:55.296+0000] {processor.py:161} INFO - Started process (PID=786) to work on /home/airflow/.local/lib/python3.8/site-packages/airflow/example_dags/example_trigger_target_dag.py
[2026-09-08T13:50:55.298+0000] {processor.py:830} INFO - Processing file /home/airflow/.local/lib/python3.8/site-packages/airflow/example_dags/example_trigger_target_dag.py for tasks to queue
[2026-09-08T13:50:55.302+0000] {logging_mixin.py:188} INFO - [2026-09-08T13:50:55.301+0000] {dagbag.py:540} INFO - Filling up the DagBag from /home/airflow/.local/lib/python3.8/site-packages/airflow/example_dags/example_trigger_target_dag.py
[2026-09-08T13:50:55.310+0000] {processor.py:840} INFO - DAG(s) 'example_trigger_target_dag' retrieved from /home/airflow/.local/lib/python3.8/site-packages/airflow/example_dags/example_trigger_target_dag.py
[2026-09-08T13:50:55.335+0000] {logging_mixin.py:188} INFO - [2026-09-08T13:50:55.334+0000] {dag.py:3047} INFO - Sync 1 DAGs
[2026-09-08T13:50:55.349+0000] {logging_mixin.py:188} INFO - [2026-09-08T13:50:55.348+0000] {dag.py:3834} INFO - Setting next_dagrun for example_trigger_target_dag to None, run_after=None
[2026-09-08T13:50:55.371+0000] {processor.py:183} INFO - Processing /home/airflow/.local/lib/python3.8/site-packages/airflow/example_dags/example_trigger_target_dag.py took 0.080 seconds
[2026-09-08T13:51:25.489+0000] {processor.py:161} INFO - Started process (PID=843) to work on /home/airflow/.local/lib/python3.8/site-packages/airflow/example_dags/example_trigger_target_dag.py
[2026-09-08T13:51:25.491+0000] {processor.py:830} INFO - Processing file /home/airflow/.local/lib/python3.8/site-packages/airflow/example_dags/example_trigger_target_dag.py for tasks to queue
[2026-09-08T13:51:25.494+0000] {logging_mixin.py:188} INFO - [2026-09-08T13:51:25.494+0000] {dagbag.py:540} INFO - Filling up the DagBag from /home/airflow/.local/lib/python3.8/site-packages/airflow/example_dags/example_trigger_target_dag.py
[2026-09-08T13:51:25.506+0000] {processor.py:840} INFO - DAG(s) 'example_trigger_target_dag' retrieved from /home/airflow/.local/lib/python3.8/site-packages/airflow/example_dags/example_trigger_target_dag.py
[2026-09-08T13:51:25.531+0000] {logging_mixin.py:188} INFO - [2026-09-08T13:51:25.531+0000] {dag.py:3047} INFO - Sync 1 DAGs
[2026-09-08T13:51:25.552+0000] {logging_mixin.py:188} INFO - [2026-09-08T13:51:25.551+0000] {dag.py:3834} INFO - Setting next_dagrun for example_trigger_target_dag to None, run_after=None
[2026-09-08T13:51:25.582+0000] {processor.py:183} INFO - Processing /home/airflow/.local/lib/python3.8/site-packages/airflow/example_dags/example_trigger_target_dag.py took 0.099 seconds
[2026-09-08T13:51:55.677+0000] {processor.py:161} INFO - Started process (PID=900) to work on /home/airflow/.local/lib/python3.8/site-packages/airflow/example_dags/example_trigger_target_dag.py
[2026-09-08T13:51:55.679+0000] {processor.py:830} INFO - Processing file /home/airflow/.local/lib/python3.8/site-packages/airflow/example_dags/example_trigger_target_dag.py for tasks to queue
[2026-09-08T13:51:55.681+0000] {logging_mixin.py:188} INFO - [2026-09-08T13:51:55.681+0000] {dagbag.py:540} INFO - Filling up the DagBag from /home/airflow/.local/lib/python3.8/site-packages/airflow/example_dags/example_trigger_target_dag.py
[2026-09-08T13:51:55.689+0000] {processor.py:840} INFO - DAG(s) 'example_trigger_target_dag' retrieved from /home/airflow/.local/lib/python3.8/site-packages/airflow/example_dags/example_trigger_target_dag.py
[2026-09-08T13:51:55.713+0000] {logging_mixin.py:188} INFO - [2026-09-08T13:51:55.713+0000] {dag.py:3047} INFO - Sync 1 DAGs
[2026-09-08T13:51:55.727+0000] {logging_mixin.py:188} INFO - [2026-09-08T13:51:55.727+0000] {dag.py:3834} INFO - Setting next_dagrun for example_trigger_target_dag to None, run_after=None
[2026-09-08T13:51:55.748+0000] {processor.py:183} INFO - Processing /home/airflow/.local/lib/python3.8/site-packages/airflow/example_dags/example_trigger_target_dag.py took 0.075 seconds
[2026-09-08T13:52:26.028+0000] {processor.py:161} INFO - Started process (PID=957) to work on /home/airflow/.local/lib/python3.8/site-packages/airflow/example_dags/example_trigger_target_dag.py
[2026-09-08T13:52:26.029+0000] {processor.py:830} INFO - Processing file /home/airflow/.local/lib/python3.8/site-packages/airflow/example_dags/example_trigger_target_dag.py for tasks to queue
[2026-09-08T13:52:26.032+0000] {logging_mixin.py:188} INFO - [2026-09-08T13:52:26.032+0000] {dagbag.py:540} INFO - Filling up the DagBag from /home/airflow/.local/lib/python3.8/site-packages/airflow/example_dags/example_trigger_target_dag.py
[2026-09-08T13:52:26.040+0000] {processor.py:840} INFO - DAG(s) 'example_trigger_target_dag' retrieved from /home/airflow/.local/lib/python3.8/site-packages/airflow/example_dags/example_trigger_target_dag.py
[2026-09-08T13:52:26.063+0000] {logging_mixin.py:188} INFO - [2026-09-08T13:52:26.063+0000] {dag.py:3047} INFO - Sync 1 DAGs
[2026-09-08T13:52:26.077+0000] {logging_mixin.py:188} INFO - [2026-09-08T13:52:26.077+0000] {dag.py:3834} INFO - Setting next_dagrun for example_trigger_target_dag to None, run_after=None
[2026-09-08T13:52:26.099+0000] {processor.py:183} INFO - Processing /home/airflow/.local/lib/python3.8/site-packages/airflow/example_dags/example_trigger_target_dag.py took 0.075 seconds
