[2026-09-08T13:44:43.710+0000] {processor.py:161} INFO - Started process (PID=86) to work on /home/airflow/.local/lib/python3.8/site-packages/airflow/example_dags/example_task_group_decorator.py
[2026-09-08T13:44:43.713+0000] {processor.py:830} INFO - Processing file /home/airflow/.local/lib/python3.8/site-packages/airflow/example_dags/example_task_group_decorator.py for tasks to queue
[2026-09-08T13:44:43.718+0000] {logging_mixin.py:188} INFO - [2026-09-08T13:44:43.718+0000] {dagbag.py:540} INFO - Filling up the DagBag from /home/airflow/.local/lib/python3.8/site-packages/airflow/example_dags/example_task_group_decorator.py
[2026-09-08T13:44:43.780+0000] {processor.py:840} INFO - DAG(s) 'example_task_group_decorator' retrieved from /home/airflow/.local/lib/python3.8/site-packages/airflow/example_dags/example_task_group_decorator.py
[2026-09-08T13:44:43.836+0000] {logging_mixin.py:188} INFO - [2026-09-08T13:44:43.835+0000] {dag.py:3047} INFO - Sync 1 DAGs
[2026-09-08T13:44:43.905+0000] {logging_mixin.py:188} INFO - [2026-09-08T13:44:43.905+0000] {dag.py:3834} INFO - Setting next_dagrun for example_task_group_decorator to 2026-09-07 00:00:00+00:00, run_after=2026-09-08 00:00:00+00:00
[2026-09-08T13:44:44.031+0000] {processor.py:183} INFO - Processing /home/airflow/.local/lib/python3.8/site-packages/airflow/example_dags/example_task_group_decorator.py took 0.333 seconds
[2026-09-08T13:45:14.585+0000] {processor.py:161} INFO - Started process (PID=143) to work on /home/airflow/.local/lib/python3.8/site-packages/airflow/example_dags/example_task_group_decorator.py
[2026-09-08T13:45:14.589+0000] {processor.py:830} INFO - Processing file /home/airflow/.local/lib/python3.8/site-packages/airflow/example_dags/example_task_group_decorator.py for tasks to queue
[2026-09-08T13:45:14.599+0000] {logging_mixin.py:188} INFO - [2026-09-08T13:45:14.599+0000] {dagbag.py:540} INFO - Filling up the DagBag from /home/airflow/.local/lib/python3.8/site-packages/airflow/example_dags/example_task_group_decorator.py
[2026-09-08T13:45:14.626+0000] {processor.py:840} INFO - DAG(s) 'example_task_group_decorator' retrieved from /home/airflow/.local/lib/python3.8/site-packages/airflow/example_dags/example_task_group_decorator.py
[2026-09-08T13:45:14.801+0000] {logging_mixin.py:188} INFO - [2026-09-08T13:45:14.800+0000] {dag.py:3047} INFO - Sync 1 DAGs
[2026-09-08T13:45:14.826+0000] {logging_mixin.py:188} INFO - [2026-09-08T13:45:14.825+0000] {dag.py:3834} INFO - Setting next_dagrun for example_task_group_decorator to 2026-09-07 00:00:00+00:00, run_after=2026-09-08 00:00:00+00:00
[2026-09-08T13:45:14.852+0000] {processor.py:183} INFO - Processing /home/airflow/.local/lib/python3.8/site-packages/airflow/example_dags/example_task_group_decorator.py took 0.273 seconds
[2026-09-08T13:45:46.330+0000] {processor.py:161} INFO - Started process (PID=200) to work on /home/airflow/.local/lib/python3.8/site-packages/airflow/example_dags/example_task_group_decorator.py
[2026-09-08T13:45:46.332+0000] {processor.py:830} INFO - Processing file /home/airflow/.local/lib/python3.8/site-packages/airflow/example_dags/example_task_group_decorator.py for tasks to queue
[2026-09-08T13:45:46.345+0000] {logging_mixin.py:188} INFO - [2026-09-08T13:45:46.344+0000] {dagbag.py:540} INFO - Filling up the DagBag from /home/airflow/.local/lib/python3.8/site-packages/airflow/example_dags/example_task_group_decorator.py
[2026-09-08T13:45:46.411+0000] {processor.py:840} INFO - DAG(s) 'example_task_group_decorator' retrieved from /home/airflow/.local/lib/python3.8/site-packages/airflow/example_dags/example_task_group_decorator.py
[2026-09-08T13:45:46.542+0000] {logging_mixin.py:188} INFO - [2026-09-08T13:45:46.541+0000] {dag.py:3047} INFO - Sync 1 DAGs
[2026-09-08T13:45:46.665+0000] {logging_mixin.py:188} INFO - [2026-09-08T13:45:46.665+0000] {dag.py:3834} INFO - Setting next_dagrun for example_task_group_decorator to 2026-09-07 00:00:00+00:00, run_after=2026-09-08 00:00:00+00:00
[2026-09-08T13:45:46.741+0000] {processor.py:183} INFO - Processing /home/airflow/.local/lib/python3.8/site-packages/airflow/example_dags/example_task_group_decorator.py took 0.417 seconds
[2026-09-08T13:46:16.842+0000] {processor.py:161} INFO - Started process (PID=262) to work on /home/airflow/.local/lib/python3.8/site-packages/airflow/example_dags/example_task_group_decorator.py
[2026-09-08T13:46:16.844+0000] {processor.py:830} INFO - Processing file /home/airflow/.local/lib/python3.8/site-packages/airflow/example_dags/example_task_group_decorator.py for tasks to queue
[2026-09-08T13:46:16.848+0000] {logging_mixin.py:188} INFO - [2026-09-08T13:46:16.847+0000] {dagbag.py:540} INFO - Filling up the DagBag from /home/airflow/.local/lib/python3.8/site-packages/airflow/example_dags/example_task_group_decorator.py
[2026-09-08T13:46:16.868+0000] {processor.py:840} INFO - DAG(s) 'example_task_group_decorator' retrieved from /home/airflow/.local/lib/python3.8/site-packages/airflow/example_dags/example_task_group_decorator.py
[2026-09-08T13:46:16.903+0000] {logging_mixin.py:188} INFO - [2026-09-08T13:46:16.903+0000] {dag.py:3047} INFO - Sync 1 DAGs
[2026-09-08T13:46:16.932+0000] {logging_mixin.py:188} INFO - [2026-09-08T13:46:16.932+0000] {dag.py:3834} INFO - Setting next_dagrun for example_task_group_decorator to 2026-09-07 00:00:00+00:00, run_after=2026-09-08 00:00:00+00:00
[2026-09-08T13:46:16.955+0000] {processor.py:183} INFO - Processing /home/airflow/.local/lib/python3.8/site-packages/airflow/example_dags/example_task_group_decorator.py took 0.117 seconds
[2026-09-08T13:46:47.625+0000] {processor.py:161} INFO - Started process (PID=319) to work on /home/airflow/.local/lib/python3.8/site-packages/airflow/example_dags/example_task_group_decorator.py
[2026-09-08T13:46:47.627+0000] {processor.py:830} INFO - Processing file /home/airflow/.local/lib/python3.8/site-packages/airflow/example_dags/example_task_group_decorator.py for tasks to queue
[2026-09-08T13:46:47.630+0000] {logging_mixin.py:188} INFO - [2026-09-08T13:46:47.630+0000] {dagbag.py:540} INFO - Filling up the DagBag from /home/airflow/.local/lib/python3.8/site-packages/airflow/example_dags/example_task_group_decorator.py
[2026-09-08T13:46:47.646+0000] {processor.py:840} INFO - DAG(s) 'example_task_group_decorator' retrieved from /home/airflow/.local/lib/python3.8/site-packages/airflow/example_dags/example_task_group_decorator.py
[2026-09-08T13:46:47.677+0000] {logging_mixin.py:188} INFO - [2026-09-08T13:46:47.677+0000] {dag.py:3047} INFO - Sync 1 DAGs
[2026-09-08T13:46:47.701+0000] {logging_mixin.py:188} INFO - [2026-09-08T13:46:47.701+0000] {dag.py:3834} INFO - Setting next_dagrun for example_task_group_decorator to 2026-09-07 00:00:00+00:00, run_after=2026-09-08 00:00:00+00:00
[2026-09-08T13:46:47.726+0000] {processor.py:183} INFO - Processing /home/airflow/.local/lib/python3.8/site-packages/airflow/example_dags/example_task_group_decorator.py took 0.105 seconds
[2026-09-08T13:47:18.913+0000] {processor.py:161} INFO - Started process (PID=380) to work on /home/airflow/.local/lib/python3.8/site-packages/airflow/example_dags/example_task_group_decorator.py
[2026-09-08T13:47:18.915+0000] {processor.py:830} INFO - Processing file /home/airflow/.local/lib/python3.8/site-packages/airflow/example_dags/example_task_group_decorator.py for tasks to queue
[2026-09-08T13:47:18.918+0000] {logging_mixin.py:188} INFO - [2026-09-08T13:47:18.917+0000] {dagbag.py:540} INFO - Filling up the DagBag from /home/airflow/.local/lib/python3.8/site-packages/airflow/example_dags/example_task_group_decorator.py
[2026-09-08T13:47:18.935+0000] {processor.py:840} INFO - DAG(s) 'example_task_group_decorator' retrieved from /home/airflow/.local/lib/python3.8/site-packages/airflow/example_dags/example_task_group_decorator.py
[2026-09-08T13:47:18.967+0000] {logging_mixin.py:188} INFO - [2026-09-08T13:47:18.967+0000] {dag.py:3047} INFO - Sync 1 DAGs
[2026-09-08T13:47:19.000+0000] {logging_mixin.py:188} INFO - [2026-09-08T13:47:19.000+0000] {dag.py:3834} INFO - Setting next_dagrun for example_task_group_decorator to 2026-09-07 00:00:00+00:00, run_after=2026-09-08 00:00:00+00:00
[2026-09-08T13:47:19.031+0000] {processor.py:183} INFO - Processing /home/airflow/.local/lib/python3.8/site-packages/airflow/example_dags/example_task_group_decorator.py took 0.124 seconds
[2026-09-08T13:47:49.538+0000] {processor.py:161} INFO - Started process (PID=437) to work on /home/airflow/.local/lib/python3.8/site-packages/airflow/example_dags/example_task_group_decorator.py
[2026-09-08T13:47:49.540+0000] {processor.py:830} INFO - Processing file /home/airflow/.local/lib/python3.8/site-packages/airflow/example_dags/example_task_group_decorator.py for tasks to queue
[2026-09-08T13:47:49.542+0000] {logging_mixin.py:188} INFO - [2026-09-08T13:47:49.542+0000] {dagbag.py:540} INFO - Filling up the DagBag from /home/airflow/.local/lib/python3.8/site-packages/airflow/example_dags/example_task_group_decorator.py
[2026-09-08T13:47:49.561+0000] {processor.py:840} INFO - DAG(s) 'example_task_group_decorator' retrieved from /home/airflow/.local/lib/python3.8/site-packages/airflow/example_dags/example_task_group_decorator.py
[2026-09-08T13:47:49.587+0000] {logging_mixin.py:188} INFO - [2026-09-08T13:47:49.587+0000] {dag.py:3047} INFO - Sync 1 DAGs
[2026-09-08T13:47:49.614+0000] {logging_mixin.py:188} INFO - [2026-09-08T13:47:49.614+0000] {dag.py:3834} INFO - Setting next_dagrun for example_task_group_decorator to 2026-09-07 00:00:00+00:00, run_after=2026-09-08 00:00:00+00:00
[2026-09-08T13:47:49.639+0000] {processor.py:183} INFO - Processing /home/airflow/.local/lib/python3.8/site-packages/airflow/example_dags/example_task_group_decorator.py took 0.106 seconds
[2026-09-08T13:48:19.967+0000] {processor.py:161} INFO - Started process (PID=494) to work on /home/airflow/.local/lib/python3.8/site-packages/airflow/example_dags/example_task_group_decorator.py
[2026-09-08T13:48:19.976+0000] {processor.py:830} INFO - Processing file /home/airflow/.local/lib/python3.8/site-packages/airflow/example_dags/example_task_group_decorator.py for tasks to queue
[2026-09-08T13:48:19.982+0000] {logging_mixin.py:188} INFO - [2026-09-08T13:48:19.981+0000] {dagbag.py:540} INFO - Filling up the DagBag from /home/airflow/.local/lib/python3.8/site-packages/airflow/example_dags/example_task_group_decorator.py
[2026-09-08T13:48:20.023+0000] {processor.py:840} INFO - DAG(s) 'example_task_group_decorator' retrieved from /home/airflow/.local/lib/python3.8/site-packages/airflow/example_dags/example_task_group_decorator.py
[2026-09-08T13:48:20.257+0000] {logging_mixin.py:188} INFO - [2026-09-08T13:48:20.257+0000] {dag.py:3047} INFO - Sync 1 DAGs
[2026-09-08T13:48:20.295+0000] {logging_mixin.py:188} INFO - [2026-09-08T13:48:20.295+0000] {dag.py:3834} INFO - Setting next_dagrun for example_task_group_decorator to 2026-09-07 00:00:00+00:00, run_after=2026-09-08 00:00:00+00:00
[2026-09-08T13:48:20.330+0000] {processor.py:183} INFO - Processing /home/airflow/.local/lib/python3.8/site-packages/airflow/example_dags/example_task_group_decorator.py took 0.369 seconds
[2026-09-08T13:48:50.800+0000] {processor.py:161} INFO - Started process (PID=549) to work on /home/airflow/.local/lib/python3.8/site-packages/airflow/example_dags/example_task_group_decorator.py
[2026-09-08T13:48:50.803+0000] {processor.py:830} INFO - Processing file /home/airflow/.local/lib/python3.8/site-packages/airflow/example_dags/example_task_group_decorator.py for tasks to queue
[2026-09-08T13:48:50.806+0000] {logging_mixin.py:188} INFO - [2026-09-08T13:48:50.806+0000] {dagbag.py:540} INFO - Filling up the DagBag from /home/airflow/.local/lib/python3.8/site-packages/airflow/example_dags/example_task_group_decorator.py
[2026-09-08T13:48:50.830+0000] {processor.py:840} INFO - DAG(s) 'example_task_group_decorator' retrieved from /home/airflow/.local/lib/python3.8/site-packages/airflow/example_dags/example_task_group_decorator.py
[2026-09-08T13:48:50.868+0000] {logging_mixin.py:188} INFO - [2026-09-08T13:48:50.868+0000] {dag.py:3047} INFO - Sync 1 DAGs
[2026-09-08T13:48:50.901+0000] {logging_mixin.py:188} INFO - [2026-09-08T13:48:50.901+0000] {dag.py:3834} INFO - Setting next_dagrun for example_task_group_decorator to 2026-09-07 00:00:00+00:00, run_after=2026-09-08 00:00:00+00:00
[2026-09-08T13:48:50.925+0000] {processor.py:183} INFO - Processing /home/airflow/.local/lib/python3.8/site-packages/airflow/example_dags/example_task_group_decorator.py took 0.130 seconds
[2026-09-08T13:49:21.611+0000] {processor.py:161} INFO - Started process (PID=605) to work on /home/airflow/.local/lib/python3.8/site-packages/airflow/example_dags/example_task_group_decorator.py
[2026-09-08T13:49:21.613+0000] {processor.py:830} INFO - Processing file /home/airflow/.local/lib/python3.8/site-packages/airflow/example_dags/example_task_group_decorator.py for tasks to queue
[2026-09-08T13:49:21.617+0000] {logging_mixin.py:188} INFO - [2026-09-08T13:49:21.616+0000] {dagbag.py:540} INFO - Filling up the DagBag from /home/airflow/.local/lib/python3.8/site-packages/airflow/example_dags/example_task_group_decorator.py
[2026-09-08T13:49:21.638+0000] {processor.py:840} INFO - DAG(s) 'example_task_group_decorator' retrieved from /home/airflow/.local/lib/python3.8/site-packages/airflow/example_dags/example_task_group_decorator.py
[2026-09-08T13:49:21.667+0000] {logging_mixin.py:188} INFO - [2026-09-08T13:49:21.666+0000] {dag.py:3047} INFO - Sync 1 DAGs
[2026-09-08T13:49:21.695+0000] {logging_mixin.py:188} INFO - [2026-09-08T13:49:21.695+0000] {dag.py:3834} INFO - Setting next_dagrun for example_task_group_decorator to 2026-09-07 00:00:00+00:00, run_after=2026-09-08 00:00:00+00:00
[2026-09-08T13:49:21.725+0000] {processor.py:183} INFO - Processing /home/airflow/.local/lib/python3.8/site-packages/airflow/example_dags/example_task_group_decorator.py took 0.118 seconds
[2026-09-08T13:49:51.787+0000] {processor.py:161} INFO - Started process (PID=662) to work on /home/airflow/.local/lib/python3.8/site-packages/airflow/example_dags/example_task_group_decorator.py
[2026-09-08T13:49:51.789+0000] {processor.py:830} INFO - Processing file /home/airflow/.local/lib/python3.8/site-packages/airflow/example_dags/example_task_group_decorator.py for tasks to queue
[2026-09-08T13:49:51.793+0000] {logging_mixin.py:188} INFO - [2026-09-08T13:49:51.793+0000] {dagbag.py:540} INFO - Filling up the DagBag from /home/airflow/.local/lib/python3.8/site-packages/airflow/example_dags/example_task_group_decorator.py
[2026-09-08T13:49:51.815+0000] {processor.py:840} INFO - DAG(s) 'example_task_group_decorator' retrieved from /home/airflow/.local/lib/python3.8/site-packages/airflow/example_dags/example_task_group_decorator.py
[2026-09-08T13:49:51.846+0000] {logging_mixin.py:188} INFO - [2026-09-08T13:49:51.845+0000] {dag.py:3047} INFO - Sync 1 DAGs
[2026-09-08T13:49:51.895+0000] {logging_mixin.py:188} INFO - [2026-09-08T13:49:51.894+0000] {dag.py:3834} INFO - Setting next_dagrun for example_task_group_decorator to 2026-09-07 00:00:00+00:00, run_after=2026-09-08 00:00:00+00:00
[2026-09-08T13:49:51.927+0000] {processor.py:183} INFO - Processing /home/airflow/.local/lib/python3.8/site-packages/airflow/example_dags/example_task_group_decorator.py took 0.145 seconds
[2026-09-08T13:50:22.108+0000] {processor.py:161} INFO - Started process (PID=719) to work on /home/airflow/.local/lib/python3.8/site-packages/airflow/example_dags/example_task_group_decorator.py
[2026-09-08T13:50:22.111+0000] {processor.py:830} INFO - Processing file /home/airflow/.local/lib/python3.8/site-packages/airflow/example_dags/example_task_group_decorator.py for tasks to queue
[2026-09-08T13:50:22.114+0000] {logging_mixin.py:188} INFO - [2026-09-08T13:50:22.113+0000] {dagbag.py:540} INFO - Filling up the DagBag from /home/airflow/.local/lib/python3.8/site-packages/airflow/example_dags/example_task_group_decorator.py
[2026-09-08T13:50:22.135+0000] {processor.py:840} INFO - DAG(s) 'example_task_group_decorator' retrieved from /home/airflow/.local/lib/python3.8/site-packages/airflow/example_dags/example_task_group_decorator.py
[2026-09-08T13:50:22.166+0000] {logging_mixin.py:188} INFO - [2026-09-08T13:50:22.166+0000] {dag.py:3047} INFO - Sync 1 DAGs
[2026-09-08T13:50:22.191+0000] {logging_mixin.py:188} INFO - [2026-09-08T13:50:22.191+0000] {dag.py:3834} INFO - Setting next_dagrun for example_task_group_decorator to 2026-09-07 00:00:00+00:00, run_after=2026-09-08 00:00:00+00:00
[2026-09-08T13:50:22.216+0000] {processor.py:183} INFO - Processing /home/airflow/.local/lib/python3.8/site-packages/airflow/example_dags/example_task_group_decorator.py took 0.113 seconds
[2026-09-08T13:50:52.328+0000] {processor.py:161} INFO - Started process (PID=776) to work on /home/airflow/.local/lib/python3.8/site-packages/airflow/example_dags/example_task_group_decorator.py
[2026-09-08T13:50:52.330+0000] {processor.py:830} INFO - Processing file /home/airflow/.local/lib/python3.8/site-packages/airflow/example_dags/example_task_group_decorator.py for tasks to queue
[2026-09-08T13:50:52.333+0000] {logging_mixin.py:188} INFO - [2026-09-08T13:50:52.333+0000] {dagbag.py:540} INFO - Filling up the DagBag from /home/airflow/.local/lib/python3.8/site-packages/airflow/example_dags/example_task_group_decorator.py
[2026-09-08T13:50:52.354+0000] {processor.py:840} INFO - DAG(s) 'example_task_group_decorator' retrieved from /home/airflow/.local/lib/python3.8/site-packages/airflow/example_dags/example_task_group_decorator.py
[2026-09-08T13:50:52.386+0000] {logging_mixin.py:188} INFO - [2026-09-08T13:50:52.386+0000] {dag.py:3047} INFO - Sync 1 DAGs
[2026-09-08T13:50:52.413+0000] {logging_mixin.py:188} INFO - [2026-09-08T13:50:52.412+0000] {dag.py:3834} INFO - Setting next_dagrun for example_task_group_decorator to 2026-09-07 00:00:00+00:00, run_after=2026-09-08 00:00:00+00:00
[2026-09-08T13:50:52.441+0000] {processor.py:183} INFO - Processing /home/airflow/.local/lib/python3.8/site-packages/airflow/example_dags/example_task_group_decorator.py took 0.119 seconds
[2026-09-08T13:51:22.526+0000] {processor.py:161} INFO - Started process (PID=833) to work on /home/airflow/.local/lib/python3.8/site-packages/airflow/example_dags/example_task_group_decorator.py
[2026-09-08T13:51:22.528+0000] {processor.py:830} INFO - Processing file /home/airflow/.local/lib/python3.8/site-packages/airflow/example_dags/example_task_group_decorator.py for tasks to queue
[2026-09-08T13:51:22.531+0000] {logging_mixin.py:188} INFO - [2026-09-08T13:51:22.530+0000] {dagbag.py:540} INFO - Filling up the DagBag from /home/airflow/.local/lib/python3.8/site-packages/airflow/example_dags/example_task_group_decorator.py
[2026-09-08T13:51:22.547+0000] {processor.py:840} INFO - DAG(s) 'example_task_group_decorator' retrieved from /home/airflow/.local/lib/python3.8/site-packages/airflow/example_dags/example_task_group_decorator.py
[2026-09-08T13:51:22.578+0000] {logging_mixin.py:188} INFO - [2026-09-08T13:51:22.578+0000] {dag.py:3047} INFO - Sync 1 DAGs
[2026-09-08T13:51:22.608+0000] {logging_mixin.py:188} INFO - [2026-09-08T13:51:22.607+0000] {dag.py:3834} INFO - Setting next_dagrun for example_task_group_decorator to 2026-09-07 00:00:00+00:00, run_after=2026-09-08 00:00:00+00:00
[2026-09-08T13:51:22.632+0000] {processor.py:183} INFO - Processing /home/airflow/.local/lib/python3.8/site-packages/airflow/example_dags/example_task_group_decorator.py took 0.110 seconds
[2026-09-08T13:51:52.754+0000] {processor.py:161} INFO - Started process (PID=890) to work on /home/airflow/.local/lib/python3.8/site-packages/airflow/example_dags/example_task_group_decorator.py
[2026-09-08T13:51:52.756+0000] {processor.py:830} INFO - Processing file /home/airflow/.local/lib/python3.8/site-packages/airflow/example_dags/example_task_group_decorator.py for tasks to queue
[2026-09-08T13:51:52.759+0000] {logging_mixin.py:188} INFO - [2026-09-08T13:51:52.758+0000] {dagbag.py:540} INFO - Filling up the DagBag from /home/airflow/.local/lib/python3.8/site-packages/airflow/example_dags/example_task_group_decorator.py
[2026-09-08T13:51:52.775+0000] {processor.py:840} INFO - DAG(s) 'example_task_group_decorator' retrieved from /home/airflow/.local/lib/python3.8/site-packages/airflow/example_dags/example_task_group_decorator.py
[2026-09-08T13:51:52.806+0000] {logging_mixin.py:188} INFO - [2026-09-08T13:51:52.805+0000] {dag.py:3047} INFO - Sync 1 DAGs
[2026-09-08T13:51:52.832+0000] {logging_mixin.py:188} INFO - [2026-09-08T13:51:52.832+0000] {dag.py:3834} INFO - Setting next_dagrun for example_task_group_decorator to 2026-09-07 00:00:00+00:00, run_after=2026-09-08 00:00:00+00:00
[2026-09-08T13:51:52.857+0000] {processor.py:183} INFO - Processing /home/airflow/.local/lib/python3.8/site-packages/airflow/example_dags/example_task_group_decorator.py took 0.106 seconds
[2026-09-08T13:52:23.328+0000] {processor.py:161} INFO - Started process (PID=947) to work on /home/airflow/.local/lib/python3.8/site-packages/airflow/example_dags/example_task_group_decorator.py
[2026-09-08T13:52:23.331+0000] {processor.py:830} INFO - Processing file /home/airflow/.local/lib/python3.8/site-packages/airflow/example_dags/example_task_group_decorator.py for tasks to queue
[2026-09-08T13:52:23.334+0000] {logging_mixin.py:188} INFO - [2026-09-08T13:52:23.334+0000] {dagbag.py:540} INFO - Filling up the DagBag from /home/airflow/.local/lib/python3.8/site-packages/airflow/example_dags/example_task_group_decorator.py
[2026-09-08T13:52:23.352+0000] {processor.py:840} INFO - DAG(s) 'example_task_group_decorator' retrieved from /home/airflow/.local/lib/python3.8/site-packages/airflow/example_dags/example_task_group_decorator.py
[2026-09-08T13:52:23.381+0000] {logging_mixin.py:188} INFO - [2026-09-08T13:52:23.380+0000] {dag.py:3047} INFO - Sync 1 DAGs
[2026-09-08T13:52:23.414+0000] {logging_mixin.py:188} INFO - [2026-09-08T13:52:23.414+0000] {dag.py:3834} INFO - Setting next_dagrun for example_task_group_decorator to 2026-09-07 00:00:00+00:00, run_after=2026-09-08 00:00:00+00:00
[2026-09-08T13:52:23.436+0000] {processor.py:183} INFO - Processing /home/airflow/.local/lib/python3.8/site-packages/airflow/example_dags/example_task_group_decorator.py took 0.111 seconds
