[2026-09-08T13:44:48.126+0000] {processor.py:161} INFO - Started process (PID=107) to work on /home/airflow/.local/lib/python3.8/site-packages/airflow/example_dags/example_params_ui_tutorial.py
[2026-09-08T13:44:48.133+0000] {processor.py:830} INFO - Processing file /home/airflow/.local/lib/python3.8/site-packages/airflow/example_dags/example_params_ui_tutorial.py for tasks to queue
[2026-09-08T13:44:48.147+0000] {logging_mixin.py:188} INFO - [2026-09-08T13:44:48.146+0000] {dagbag.py:540} INFO - Filling up the DagBag from /home/airflow/.local/lib/python3.8/site-packages/airflow/example_dags/example_params_ui_tutorial.py
[2026-09-08T13:44:48.186+0000] {processor.py:840} INFO - DAG(s) 'example_params_ui_tutorial' retrieved from /home/airflow/.local/lib/python3.8/site-packages/airflow/example_dags/example_params_ui_tutorial.py
[2026-09-08T13:44:48.216+0000] {logging_mixin.py:188} INFO - [2026-09-08T13:44:48.216+0000] {dag.py:3047} INFO - Sync 1 DAGs
[2026-09-08T13:44:48.312+0000] {logging_mixin.py:188} INFO - [2026-09-08T13:44:48.311+0000] {dag.py:3834} INFO - Setting next_dagrun for example_params_ui_tutorial to None, run_after=None
[2026-09-08T13:44:49.331+0000] {processor.py:183} INFO - Processing /home/airflow/.local/lib/python3.8/site-packages/airflow/example_dags/example_params_ui_tutorial.py took 1.224 seconds
[2026-09-08T13:45:20.390+0000] {processor.py:161} INFO - Started process (PID=164) to work on /home/airflow/.local/lib/python3.8/site-packages/airflow/example_dags/example_params_ui_tutorial.py
[2026-09-08T13:45:20.392+0000] {processor.py:830} INFO - Processing file /home/airflow/.local/lib/python3.8/site-packages/airflow/example_dags/example_params_ui_tutorial.py for tasks to queue
[2026-09-08T13:45:20.396+0000] {logging_mixin.py:188} INFO - [2026-09-08T13:45:20.396+0000] {dagbag.py:540} INFO - Filling up the DagBag from /home/airflow/.local/lib/python3.8/site-packages/airflow/example_dags/example_params_ui_tutorial.py
[2026-09-08T13:45:20.418+0000] {processor.py:840} INFO - DAG(s) 'example_params_ui_tutorial' retrieved from /home/airflow/.local/lib/python3.8/site-packages/airflow/example_dags/example_params_ui_tutorial.py
[2026-09-08T13:45:20.641+0000] {logging_mixin.py:188} INFO - [2026-09-08T13:45:20.641+0000] {dag.py:3047} INFO - Sync 1 DAGs
[2026-09-08T13:45:20.658+0000] {logging_mixin.py:188} INFO - [2026-09-08T13:45:20.657+0000] {dag.py:3834} INFO - Setting next_dagrun for example_params_ui_tutorial to None, run_after=None
[2026-09-08T13:45:20.687+0000] {processor.py:183} INFO - Processing /home/airflow/.local/lib/python3.8/site-packages/airflow/example_dags/example_params_ui_tutorial.py took 0.302 seconds
[2026-09-08T13:45:50.819+0000] {processor.py:161} INFO - Started process (PID=221) to work on /home/airflow/.local/lib/python3.8/site-packages/airflow/example_dags/example_params_ui_tutorial.py
[2026-09-08T13:45:50.821+0000] {processor.py:830} INFO - Processing file /home/airflow/.local/lib/python3.8/site-packages/airflow/example_dags/example_params_ui_tutorial.py for tasks to queue
[2026-09-08T13:45:50.826+0000] {logging_mixin.py:188} INFO - [2026-09-08T13:45:50.824+0000] {dagbag.py:540} INFO - Filling up the DagBag from /home/airflow/.local/lib/python3.8/site-packages/airflow/example_dags/example_params_ui_tutorial.py
[2026-09-08T13:45:50.854+0000] {processor.py:840} INFO - DAG(s) 'example_params_ui_tutorial' retrieved from /home/airflow/.local/lib/python3.8/site-packages/airflow/example_dags/example_params_ui_tutorial.py
[2026-09-08T13:45:51.018+0000] {logging_mixin.py:188} INFO - [2026-09-08T13:45:51.017+0000] {dag.py:3047} INFO - Sync 1 DAGs
[2026-09-08T13:45:51.048+0000] {logging_mixin.py:188} INFO - [2026-09-08T13:45:51.047+0000] {dag.py:3834} INFO - Setting next_dagrun for example_params_ui_tutorial to None, run_after=None
[2026-09-08T13:45:51.095+0000] {processor.py:183} INFO - Processing /home/airflow/.local/lib/python3.8/site-packages/airflow/example_dags/example_params_ui_tutorial.py took 0.280 seconds
[2026-09-08T13:46:22.611+0000] {processor.py:161} INFO - Started process (PID=283) to work on /home/airflow/.local/lib/python3.8/site-packages/airflow/example_dags/example_params_ui_tutorial.py
[2026-09-08T13:46:22.613+0000] {processor.py:830} INFO - Processing file /home/airflow/.local/lib/python3.8/site-packages/airflow/example_dags/example_params_ui_tutorial.py for tasks to queue
[2026-09-08T13:46:22.617+0000] {logging_mixin.py:188} INFO - [2026-09-08T13:46:22.617+0000] {dagbag.py:540} INFO - Filling up the DagBag from /home/airflow/.local/lib/python3.8/site-packages/airflow/example_dags/example_params_ui_tutorial.py
[2026-09-08T13:46:22.647+0000] {processor.py:840} INFO - DAG(s) 'example_params_ui_tutorial' retrieved from /home/airflow/.local/lib/python3.8/site-packages/airflow/example_dags/example_params_ui_tutorial.py
[2026-09-08T13:46:22.755+0000] {logging_mixin.py:188} INFO - [2026-09-08T13:46:22.755+0000] {dag.py:3047} INFO - Sync 1 DAGs
[2026-09-08T13:46:22.792+0000] {logging_mixin.py:188} INFO - [2026-09-08T13:46:22.792+0000] {dag.py:3834} INFO - Setting next_dagrun for example_params_ui_tutorial to None, run_after=None
[2026-09-08T13:46:22.872+0000] {processor.py:183} INFO - Processing /home/airflow/.local/lib/python3.8/site-packages/airflow/example_dags/example_params_ui_tutorial.py took 0.272 seconds
[2026-09-08T13:46:53.104+0000] {processor.py:161} INFO - Started process (PID=340) to work on /home/airflow/.local/lib/python3.8/site-packages/airflow/example_dags/example_params_ui_tutorial.py
[2026-09-08T13:46:53.106+0000] {processor.py:830} INFO - Processing file /home/airflow/.local/lib/python3.8/site-packages/airflow/example_dags/example_params_ui_tutorial.py for tasks to queue
[2026-09-08T13:46:53.108+0000] {logging_mixin.py:188} INFO - [2026-09-08T13:46:53.108+0000] {dagbag.py:540} INFO - Filling up the DagBag from /home/airflow/.local/lib/python3.8/site-packages/airflow/example_dags/example_params_ui_tutorial.py
[2026-09-08T13:46:53.123+0000] {processor.py:840} INFO - DAG(s) 'example_params_ui_tutorial' retrieved from /home/airflow/.local/lib/python3.8/site-packages/airflow/example_dags/example_params_ui_tutorial.py
[2026-09-08T13:46:53.202+0000] {logging_mixin.py:188} INFO - [2026-09-08T13:46:53.202+0000] {dag.py:3047} INFO - Sync 1 DAGs
[2026-09-08T13:46:53.221+0000] {logging_mixin.py:188} INFO - [2026-09-08T13:46:53.221+0000] {dag.py:3834} INFO - Setting next_dagrun for example_params_ui_tutorial to None, run_after=None
[2026-09-08T13:46:53.246+0000] {processor.py:183} INFO - Processing /home/airflow/.local/lib/python3.8/site-packages/airflow/example_dags/example_params_ui_tutorial.py took 0.146 seconds
[2026-09-08T13:47:23.864+0000] {processor.py:161} INFO - Started process (PID=401) to work on /home/airflow/.local/lib/python3.8/site-packages/airflow/example_dags/example_params_ui_tutorial.py
[2026-09-08T13:47:23.867+0000] {processor.py:830} INFO - Processing file /home/airflow/.local/lib/python3.8/site-packages/airflow/example_dags/example_params_ui_tutorial.py for tasks to queue
[2026-09-08T13:47:23.871+0000] {logging_mixin.py:188} INFO - [2026-09-08T13:47:23.870+0000] {dagbag.py:540} INFO - Filling up the DagBag from /home/airflow/.local/lib/python3.8/site-packages/airflow/example_dags/example_params_ui_tutorial.py
[2026-09-08T13:47:23.895+0000] {processor.py:840} INFO - DAG(s) 'example_params_ui_tutorial' retrieved from /home/airflow/.local/lib/python3.8/site-packages/airflow/example_dags/example_params_ui_tutorial.py
[2026-09-08T13:47:24.000+0000] {logging_mixin.py:188} INFO - [2026-09-08T13:47:23.999+0000] {dag.py:3047} INFO - Sync 1 DAGs
[2026-09-08T13:47:24.022+0000] {logging_mixin.py:188} INFO - [2026-09-08T13:47:24.022+0000] {dag.py:3834} INFO - Setting next_dagrun for example_params_ui_tutorial to None, run_after=None
[2026-09-08T13:47:24.059+0000] {processor.py:183} INFO - Processing /home/airflow/.local/lib/python3.8/site-packages/airflow/example_dags/example_params_ui_tutorial.py took 0.202 seconds
[2026-09-08T13:47:54.307+0000] {processor.py:161} INFO - Started process (PID=458) to work on /home/airflow/.local/lib/python3.8/site-packages/airflow/example_dags/example_params_ui_tutorial.py
[2026-09-08T13:47:54.310+0000] {processor.py:830} INFO - Processing file /home/airflow/.local/lib/python3.8/site-packages/airflow/example_dags/example_params_ui_tutorial.py for tasks to queue
[2026-09-08T13:47:54.316+0000] {logging_mixin.py:188} INFO - [2026-09-08T13:47:54.315+0000] {dagbag.py:540} INFO - Filling up the DagBag from /home/airflow/.local/lib/python3.8/site-packages/airflow/example_dags/example_params_ui_tutorial.py
[2026-09-08T13:47:54.343+0000] {processor.py:840} INFO - DAG(s) 'example_params_ui_tutorial' retrieved from /home/airflow/.local/lib/python3.8/site-packages/airflow/example_dags/example_params_ui_tutorial.py
[2026-09-08T13:47:54.369+0000] {logging_mixin.py:188} INFO - [2026-09-08T13:47:54.369+0000] {dag.py:3047} INFO - Sync 1 DAGs
[2026-09-08T13:47:54.401+0000] {logging_mixin.py:188} INFO - [2026-09-08T13:47:54.401+0000] {dag.py:3834} INFO - Setting next_dagrun for example_params_ui_tutorial to None, run_after=None
[2026-09-08T13:47:54.444+0000] {processor.py:183} INFO - Processing /home/airflow/.local/lib/python3.8/site-packages/airflow/example_dags/example_params_ui_tutorial.py took 0.147 seconds
[2026-09-08T13:48:24.607+0000] {processor.py:161} INFO - Started process (PID=515) to work on /home/airflow/.local/lib/python3.8/site-packages/airflow/example_dags/example_params_ui_tutorial.py
[2026-09-08T13:48:24.611+0000] {processor.py:830} INFO - Processing file /home/airflow/.local/lib/python3.8/site-packages/airflow/example_dags/example_params_ui_tutorial.py for tasks to queue
[2026-09-08T13:48:24.615+0000] {logging_mixin.py:188} INFO - [2026-09-08T13:48:24.615+0000] {dagbag.py:540} INFO - Filling up the DagBag from /home/airflow/.local/lib/python3.8/site-packages/airflow/example_dags/example_params_ui_tutorial.py
[2026-09-08T13:48:24.643+0000] {processor.py:840} INFO - DAG(s) 'example_params_ui_tutorial' retrieved from /home/airflow/.local/lib/python3.8/site-packages/airflow/example_dags/example_params_ui_tutorial.py
[2026-09-08T13:48:24.871+0000] {logging_mixin.py:188} INFO - [2026-09-08T13:48:24.870+0000] {dag.py:3047} INFO - Sync 1 DAGs
[2026-09-08T13:48:24.897+0000] {logging_mixin.py:188} INFO - [2026-09-08T13:48:24.896+0000] {dag.py:3834} INFO - Setting next_dagrun for example_params_ui_tutorial to None, run_after=None
[2026-09-08T13:48:24.935+0000] {processor.py:183} INFO - Processing /home/airflow/.local/lib/python3.8/site-packages/airflow/example_dags/example_params_ui_tutorial.py took 0.337 seconds
[2026-09-08T13:48:55.717+0000] {processor.py:161} INFO - Started process (PID=571) to work on /home/airflow/.local/lib/python3.8/site-packages/airflow/example_dags/example_params_ui_tutorial.py
[2026-09-08T13:48:55.720+0000] {processor.py:830} INFO - Processing file /home/airflow/.local/lib/python3.8/site-packages/airflow/example_dags/example_params_ui_tutorial.py for tasks to queue
[2026-09-08T13:48:55.723+0000] {logging_mixin.py:188} INFO - [2026-09-08T13:48:55.723+0000] {dagbag.py:540} INFO - Filling up the DagBag from /home/airflow/.local/lib/python3.8/site-packages/airflow/example_dags/example_params_ui_tutorial.py
[2026-09-08T13:48:55.742+0000] {processor.py:840} INFO - DAG(s) 'example_params_ui_tutorial' retrieved from /home/airflow/.local/lib/python3.8/site-packages/airflow/example_dags/example_params_ui_tutorial.py
[2026-09-08T13:48:55.822+0000] {logging_mixin.py:188} INFO - [2026-09-08T13:48:55.821+0000] {dag.py:3047} INFO - Sync 1 DAGs
[2026-09-08T13:48:55.838+0000] {logging_mixin.py:188} INFO - [2026-09-08T13:48:55.838+0000] {dag.py:3834} INFO - Setting next_dagrun for example_params_ui_tutorial to None, run_after=None
[2026-09-08T13:48:55.862+0000] {processor.py:183} INFO - Processing /home/airflow/.local/lib/python3.8/site-packages/airflow/example_dags/example_params_ui_tutorial.py took 0.150 seconds
[2026-09-08T13:49:26.198+0000] {processor.py:161} INFO - Started process (PID=628) to work on /home/airflow/.local/lib/python3.8/site-packages/airflow/example_dags/example_params_ui_tutorial.py
[2026-09-08T13:49:26.200+0000] {processor.py:830} INFO - Processing file /home/airflow/.local/lib/python3.8/site-packages/airflow/example_dags/example_params_ui_tutorial.py for tasks to queue
[2026-09-08T13:49:26.204+0000] {logging_mixin.py:188} INFO - [2026-09-08T13:49:26.204+0000] {dagbag.py:540} INFO - Filling up the DagBag from /home/airflow/.local/lib/python3.8/site-packages/airflow/example_dags/example_params_ui_tutorial.py
[2026-09-08T13:49:26.235+0000] {processor.py:840} INFO - DAG(s) 'example_params_ui_tutorial' retrieved from /home/airflow/.local/lib/python3.8/site-packages/airflow/example_dags/example_params_ui_tutorial.py
[2026-09-08T13:49:26.403+0000] {logging_mixin.py:188} INFO - [2026-09-08T13:49:26.403+0000] {dag.py:3047} INFO - Sync 1 DAGs
[2026-09-08T13:49:26.424+0000] {logging_mixin.py:188} INFO - [2026-09-08T13:49:26.424+0000] {dag.py:3834} INFO - Setting next_dagrun for example_params_ui_tutorial to None, run_after=None
[2026-09-08T13:49:26.453+0000] {processor.py:183} INFO - Processing /home/airflow/.local/lib/python3.8/site-packages/airflow/example_dags/example_params_ui_tutorial.py took 0.261 seconds
[2026-09-08T13:49:56.911+0000] {processor.py:161} INFO - Started process (PID=685) to work on /home/airflow/.local/lib/python3.8/site-packages/airflow/example_dags/example_params_ui_tutorial.py
[2026-09-08T13:49:56.913+0000] {processor.py:830} INFO - Processing file /home/airflow/.local/lib/python3.8/site-packages/airflow/example_dags/example_params_ui_tutorial.py for tasks to queue
[2026-09-08T13:49:56.916+0000] {logging_mixin.py:188} INFO - [2026-09-08T13:49:56.916+0000] {dagbag.py:540} INFO - Filling up the DagBag from /home/airflow/.local/lib/python3.8/site-packages/airflow/example_dags/example_params_ui_tutorial.py
[2026-09-08T13:49:56.935+0000] {processor.py:840} INFO - DAG(s) 'example_params_ui_tutorial' retrieved from /home/airflow/.local/lib/python3.8/site-packages/airflow/example_dags/example_params_ui_tutorial.py
[2026-09-08T13:49:57.023+0000] {logging_mixin.py:188} INFO - [2026-09-08T13:49:57.023+0000] {dag.py:3047} INFO - Sync 1 DAGs
[2026-09-08T13:49:57.037+0000] {logging_mixin.py:188} INFO - [2026-09-08T13:49:57.037+0000] {dag.py:3834} INFO - Setting next_dagrun for example_params_ui_tutorial to None, run_after=None
[2026-09-08T13:49:57.060+0000] {processor.py:183} INFO - Processing /home/airflow/.local/lib/python3.8/site-packages/airflow/example_dags/example_params_ui_tutorial.py took 0.153 seconds
[2026-09-08T13:50:27.122+0000] {processor.py:161} INFO - Started process (PID=742) to work on /home/airflow/.local/lib/python3.8/site-packages/airflow/example_dags/example_params_ui_tutorial.py
[2026-09-08T13:50:27.124+0000] {processor.py:830} INFO - Processing file /home/airflow/.local/lib/python3.8/site-packages/airflow/example_dags/example_params_ui_tutorial.py for tasks to queue
[2026-09-08T13:50:27.127+0000] {logging_mixin.py:188} INFO - [2026-09-08T13:50:27.126+0000] {dagbag.py:540} INFO - Filling up the DagBag from /home/airflow/.local/lib/python3.8/site-packages/airflow/example_dags/example_params_ui_tutorial.py
[2026-09-08T13:50:27.142+0000] {processor.py:840} INFO - DAG(s) 'example_params_ui_tutorial' retrieved from /home/airflow/.local/lib/python3.8/site-packages/airflow/example_dags/example_params_ui_tutorial.py
[2026-09-08T13:50:27.211+0000] {logging_mixin.py:188} INFO - [2026-09-08T13:50:27.210+0000] {dag.py:3047} INFO - Sync 1 DAGs
[2026-09-08T13:50:27.227+0000] {logging_mixin.py:188} INFO - [2026-09-08T13:50:27.227+0000] {dag.py:3834} INFO - Setting next_dagrun for example_params_ui_tutorial to None, run_after=None
[2026-09-08T13:50:27.251+0000] {processor.py:183} INFO - Processing /home/airflow/.local/lib/python3.8/site-packages/airflow/example_dags/example_params_ui_tutorial.py took 0.133 seconds
[2026-09-08T13:50:57.376+0000] {processor.py:161} INFO - Started process (PID=799) to work on /home/airflow/.local/lib/python3.8/site-packages/airflow/example_dags/example_params_ui_tutorial.py
[2026-09-08T13:50:57.378+0000] {processor.py:830} INFO - Processing file /home/airflow/.local/lib/python3.8/site-packages/airflow/example_dags/example_params_ui_tutorial.py for tasks to queue
[2026-09-08T13:50:57.381+0000] {logging_mixin.py:188} INFO - [2026-09-08T13:50:57.380+0000] {dagbag.py:540} INFO - Filling up the DagBag from /home/airflow/.local/lib/python3.8/site-packages/airflow/example_dags/example_params_ui_tutorial.py
[2026-09-08T13:50:57.397+0000] {processor.py:840} INFO - DAG(s) 'example_params_ui_tutorial' retrieved from /home/airflow/.local/lib/python3.8/site-packages/airflow/example_dags/example_params_ui_tutorial.py
[2026-09-08T13:50:57.474+0000] {logging_mixin.py:188} INFO - [2026-09-08T13:50:57.473+0000] {dag.py:3047} INFO - Sync 1 DAGs
[2026-09-08T13:50:57.490+0000] {logging_mixin.py:188} INFO - [2026-09-08T13:50:57.490+0000] {dag.py:3834} INFO - Setting next_dagrun for example_params_ui_tutorial to None, run_after=None
[2026-09-08T13:50:57.514+0000] {processor.py:183} INFO - Processing /home/airflow/.local/lib/python3.8/site-packages/airflow/example_dags/example_params_ui_tutorial.py took 0.141 seconds
[2026-09-08T13:51:27.958+0000] {processor.py:161} INFO - Started process (PID=856) to work on /home/airflow/.local/lib/python3.8/site-packages/airflow/example_dags/example_params_ui_tutorial.py
[2026-09-08T13:51:27.960+0000] {processor.py:830} INFO - Processing file /home/airflow/.local/lib/python3.8/site-packages/airflow/example_dags/example_params_ui_tutorial.py for tasks to queue
[2026-09-08T13:51:27.965+0000] {logging_mixin.py:188} INFO - [2026-09-08T13:51:27.964+0000] {dagbag.py:540} INFO - Filling up the DagBag from /home/airflow/.local/lib/python3.8/site-packages/airflow/example_dags/example_params_ui_tutorial.py
[2026-09-08T13:51:27.989+0000] {processor.py:840} INFO - DAG(s) 'example_params_ui_tutorial' retrieved from /home/airflow/.local/lib/python3.8/site-packages/airflow/example_dags/example_params_ui_tutorial.py
[2026-09-08T13:51:28.068+0000] {logging_mixin.py:188} INFO - [2026-09-08T13:51:28.068+0000] {dag.py:3047} INFO - Sync 1 DAGs
[2026-09-08T13:51:28.085+0000] {logging_mixin.py:188} INFO - [2026-09-08T13:51:28.084+0000] {dag.py:3834} INFO - Setting next_dagrun for example_params_ui_tutorial to None, run_after=None
[2026-09-08T13:51:28.109+0000] {processor.py:183} INFO - Processing /home/airflow/.local/lib/python3.8/site-packages/airflow/example_dags/example_params_ui_tutorial.py took 0.155 seconds
[2026-09-08T13:51:58.882+0000] {processor.py:161} INFO - Started process (PID=913) to work on /home/airflow/.local/lib/python3.8/site-packages/airflow/example_dags/example_params_ui_tutorial.py
[2026-09-08T13:51:58.884+0000] {processor.py:830} INFO - Processing file /home/airflow/.local/lib/python3.8/site-packages/airflow/example_dags/example_params_ui_tutorial.py for tasks to queue
[2026-09-08T13:51:58.888+0000] {logging_mixin.py:188} INFO - [2026-09-08T13:51:58.887+0000] {dagbag.py:540} INFO - Filling up the DagBag from /home/airflow/.local/lib/python3.8/site-packages/airflow/example_dags/example_params_ui_tutorial.py
[2026-09-08T13:51:58.904+0000] {processor.py:840} INFO - DAG(s) 'example_params_ui_tutorial' retrieved from /home/airflow/.local/lib/python3.8/site-packages/airflow/example_dags/example_params_ui_tutorial.py
[2026-09-08T13:51:58.973+0000] {logging_mixin.py:188} INFO - [2026-09-08T13:51:58.973+0000] {dag.py:3047} INFO - Sync 1 DAGs
[2026-09-08T13:51:58.999+0000] {logging_mixin.py:188} INFO - [2026-09-08T13:51:58.999+0000] {dag.py:3834} INFO - Setting next_dagrun for example_params_ui_tutorial to None, run_after=None
[2026-09-08T13:51:59.027+0000] {processor.py:183} INFO - Processing /home/airflow/.local/lib/python3.8/site-packages/airflow/example_dags/example_params_ui_tutorial.py took 0.149 seconds
[2026-09-08T13:52:29.136+0000] {processor.py:161} INFO - Started process (PID=970) to work on /home/airflow/.local/lib/python3.8/site-packages/airflow/example_dags/example_params_ui_tutorial.py
[2026-09-08T13:52:29.139+0000] {processor.py:830} INFO - Processing file /home/airflow/.local/lib/python3.8/site-packages/airflow/example_dags/example_params_ui_tutorial.py for tasks to queue
[2026-09-08T13:52:29.142+0000] {logging_mixin.py:188} INFO - [2026-09-08T13:52:29.142+0000] {dagbag.py:540} INFO - Filling up the DagBag from /home/airflow/.local/lib/python3.8/site-packages/airflow/example_dags/example_params_ui_tutorial.py
[2026-09-08T13:52:29.158+0000] {processor.py:840} INFO - DAG(s) 'example_params_ui_tutorial' retrieved from /home/airflow/.local/lib/python3.8/site-packages/airflow/example_dags/example_params_ui_tutorial.py
[2026-09-08T13:52:29.233+0000] {logging_mixin.py:188} INFO - [2026-09-08T13:52:29.233+0000] {dag.py:3047} INFO - Sync 1 DAGs
[2026-09-08T13:52:29.253+0000] {logging_mixin.py:188} INFO - [2026-09-08T13:52:29.253+0000] {dag.py:3834} INFO - Setting next_dagrun for example_params_ui_tutorial to None, run_after=None
[2026-09-08T13:52:29.281+0000] {processor.py:183} INFO - Processing /home/airflow/.local/lib/python3.8/site-packages/airflow/example_dags/example_params_ui_tutorial.py took 0.150 seconds
