[2026-09-08T13:44:47.841+0000] {processor.py:161} INFO - Started process (PID=104) to work on /home/airflow/.local/lib/python3.8/site-packages/airflow/example_dags/example_short_circuit_decorator.py
[2026-09-08T13:44:47.843+0000] {processor.py:830} INFO - Processing file /home/airflow/.local/lib/python3.8/site-packages/airflow/example_dags/example_short_circuit_decorator.py for tasks to queue
[2026-09-08T13:44:47.862+0000] {logging_mixin.py:188} INFO - [2026-09-08T13:44:47.861+0000] {dagbag.py:540} INFO - Filling up the DagBag from /home/airflow/.local/lib/python3.8/site-packages/airflow/example_dags/example_short_circuit_decorator.py
[2026-09-08T13:44:47.913+0000] {processor.py:840} INFO - DAG(s) 'example_short_circuit_decorator' retrieved from /home/airflow/.local/lib/python3.8/site-packages/airflow/example_dags/example_short_circuit_decorator.py
[2026-09-08T13:44:47.939+0000] {logging_mixin.py:188} INFO - [2026-09-08T13:44:47.939+0000] {dag.py:3047} INFO - Sync 1 DAGs
[2026-09-08T13:44:47.982+0000] {logging_mixin.py:188} INFO - [2026-09-08T13:44:47.981+0000] {dag.py:3834} INFO - Setting next_dagrun for example_short_circuit_decorator to 2026-09-07 00:00:00+00:00, run_after=2026-09-08 00:00:00+00:00
[2026-09-08T13:44:48.021+0000] {processor.py:183} INFO - Processing /home/airflow/.local/lib/python3.8/site-packages/airflow/example_dags/example_short_circuit_decorator.py took 0.188 seconds
[2026-09-08T13:45:19.717+0000] {processor.py:161} INFO - Started process (PID=161) to work on /home/airflow/.local/lib/python3.8/site-packages/airflow/example_dags/example_short_circuit_decorator.py
[2026-09-08T13:45:19.721+0000] {processor.py:830} INFO - Processing file /home/airflow/.local/lib/python3.8/site-packages/airflow/example_dags/example_short_circuit_decorator.py for tasks to queue
[2026-09-08T13:45:19.727+0000] {logging_mixin.py:188} INFO - [2026-09-08T13:45:19.726+0000] {dagbag.py:540} INFO - Filling up the DagBag from /home/airflow/.local/lib/python3.8/site-packages/airflow/example_dags/example_short_circuit_decorator.py
[2026-09-08T13:45:19.749+0000] {processor.py:840} INFO - DAG(s) 'example_short_circuit_decorator' retrieved from /home/airflow/.local/lib/python3.8/site-packages/airflow/example_dags/example_short_circuit_decorator.py
[2026-09-08T13:45:20.003+0000] {logging_mixin.py:188} INFO - [2026-09-08T13:45:20.003+0000] {dag.py:3047} INFO - Sync 1 DAGs
[2026-09-08T13:45:20.055+0000] {logging_mixin.py:188} INFO - [2026-09-08T13:45:20.055+0000] {dag.py:3834} INFO - Setting next_dagrun for example_short_circuit_decorator to 2026-09-07 00:00:00+00:00, run_after=2026-09-08 00:00:00+00:00
[2026-09-08T13:45:20.120+0000] {processor.py:183} INFO - Processing /home/airflow/.local/lib/python3.8/site-packages/airflow/example_dags/example_short_circuit_decorator.py took 0.409 seconds
[2026-09-08T13:45:50.266+0000] {processor.py:161} INFO - Started process (PID=218) to work on /home/airflow/.local/lib/python3.8/site-packages/airflow/example_dags/example_short_circuit_decorator.py
[2026-09-08T13:45:50.268+0000] {processor.py:830} INFO - Processing file /home/airflow/.local/lib/python3.8/site-packages/airflow/example_dags/example_short_circuit_decorator.py for tasks to queue
[2026-09-08T13:45:50.273+0000] {logging_mixin.py:188} INFO - [2026-09-08T13:45:50.273+0000] {dagbag.py:540} INFO - Filling up the DagBag from /home/airflow/.local/lib/python3.8/site-packages/airflow/example_dags/example_short_circuit_decorator.py
[2026-09-08T13:45:50.313+0000] {processor.py:840} INFO - DAG(s) 'example_short_circuit_decorator' retrieved from /home/airflow/.local/lib/python3.8/site-packages/airflow/example_dags/example_short_circuit_decorator.py
[2026-09-08T13:45:50.373+0000] {logging_mixin.py:188} INFO - [2026-09-08T13:45:50.372+0000] {dag.py:3047} INFO - Sync 1 DAGs
[2026-09-08T13:45:50.461+0000] {logging_mixin.py:188} INFO - [2026-09-08T13:45:50.461+0000] {dag.py:3834} INFO - Setting next_dagrun for example_short_circuit_decorator to 2026-09-07 00:00:00+00:00, run_after=2026-09-08 00:00:00+00:00
[2026-09-08T13:45:50.521+0000] {processor.py:183} INFO - Processing /home/airflow/.local/lib/python3.8/site-packages/airflow/example_dags/example_short_circuit_decorator.py took 0.278 seconds
[2026-09-08T13:46:21.568+0000] {processor.py:161} INFO - Started process (PID=280) to work on /home/airflow/.local/lib/python3.8/site-packages/airflow/example_dags/example_short_circuit_decorator.py
[2026-09-08T13:46:21.570+0000] {processor.py:830} INFO - Processing file /home/airflow/.local/lib/python3.8/site-packages/airflow/example_dags/example_short_circuit_decorator.py for tasks to queue
[2026-09-08T13:46:21.574+0000] {logging_mixin.py:188} INFO - [2026-09-08T13:46:21.574+0000] {dagbag.py:540} INFO - Filling up the DagBag from /home/airflow/.local/lib/python3.8/site-packages/airflow/example_dags/example_short_circuit_decorator.py
[2026-09-08T13:46:21.586+0000] {processor.py:840} INFO - DAG(s) 'example_short_circuit_decorator' retrieved from /home/airflow/.local/lib/python3.8/site-packages/airflow/example_dags/example_short_circuit_decorator.py
[2026-09-08T13:46:21.628+0000] {logging_mixin.py:188} INFO - [2026-09-08T13:46:21.628+0000] {dag.py:3047} INFO - Sync 1 DAGs
[2026-09-08T13:46:21.665+0000] {logging_mixin.py:188} INFO - [2026-09-08T13:46:21.665+0000] {dag.py:3834} INFO - Setting next_dagrun for example_short_circuit_decorator to 2026-09-07 00:00:00+00:00, run_after=2026-09-08 00:00:00+00:00
[2026-09-08T13:46:21.709+0000] {processor.py:183} INFO - Processing /home/airflow/.local/lib/python3.8/site-packages/airflow/example_dags/example_short_circuit_decorator.py took 0.146 seconds
[2026-09-08T13:46:51.937+0000] {processor.py:161} INFO - Started process (PID=337) to work on /home/airflow/.local/lib/python3.8/site-packages/airflow/example_dags/example_short_circuit_decorator.py
[2026-09-08T13:46:51.939+0000] {processor.py:830} INFO - Processing file /home/airflow/.local/lib/python3.8/site-packages/airflow/example_dags/example_short_circuit_decorator.py for tasks to queue
[2026-09-08T13:46:51.943+0000] {logging_mixin.py:188} INFO - [2026-09-08T13:46:51.942+0000] {dagbag.py:540} INFO - Filling up the DagBag from /home/airflow/.local/lib/python3.8/site-packages/airflow/example_dags/example_short_circuit_decorator.py
[2026-09-08T13:46:51.959+0000] {processor.py:840} INFO - DAG(s) 'example_short_circuit_decorator' retrieved from /home/airflow/.local/lib/python3.8/site-packages/airflow/example_dags/example_short_circuit_decorator.py
[2026-09-08T13:46:51.991+0000] {logging_mixin.py:188} INFO - [2026-09-08T13:46:51.991+0000] {dag.py:3047} INFO - Sync 1 DAGs
[2026-09-08T13:46:52.027+0000] {logging_mixin.py:188} INFO - [2026-09-08T13:46:52.027+0000] {dag.py:3834} INFO - Setting next_dagrun for example_short_circuit_decorator to 2026-09-07 00:00:00+00:00, run_after=2026-09-08 00:00:00+00:00
[2026-09-08T13:46:52.058+0000] {processor.py:183} INFO - Processing /home/airflow/.local/lib/python3.8/site-packages/airflow/example_dags/example_short_circuit_decorator.py took 0.127 seconds
[2026-09-08T13:47:22.693+0000] {processor.py:161} INFO - Started process (PID=398) to work on /home/airflow/.local/lib/python3.8/site-packages/airflow/example_dags/example_short_circuit_decorator.py
[2026-09-08T13:47:22.697+0000] {processor.py:830} INFO - Processing file /home/airflow/.local/lib/python3.8/site-packages/airflow/example_dags/example_short_circuit_decorator.py for tasks to queue
[2026-09-08T13:47:22.701+0000] {logging_mixin.py:188} INFO - [2026-09-08T13:47:22.701+0000] {dagbag.py:540} INFO - Filling up the DagBag from /home/airflow/.local/lib/python3.8/site-packages/airflow/example_dags/example_short_circuit_decorator.py
[2026-09-08T13:47:22.719+0000] {processor.py:840} INFO - DAG(s) 'example_short_circuit_decorator' retrieved from /home/airflow/.local/lib/python3.8/site-packages/airflow/example_dags/example_short_circuit_decorator.py
[2026-09-08T13:47:22.762+0000] {logging_mixin.py:188} INFO - [2026-09-08T13:47:22.762+0000] {dag.py:3047} INFO - Sync 1 DAGs
[2026-09-08T13:47:22.794+0000] {logging_mixin.py:188} INFO - [2026-09-08T13:47:22.794+0000] {dag.py:3834} INFO - Setting next_dagrun for example_short_circuit_decorator to 2026-09-07 00:00:00+00:00, run_after=2026-09-08 00:00:00+00:00
[2026-09-08T13:47:22.835+0000] {processor.py:183} INFO - Processing /home/airflow/.local/lib/python3.8/site-packages/airflow/example_dags/example_short_circuit_decorator.py took 0.149 seconds
[2026-09-08T13:47:53.051+0000] {processor.py:161} INFO - Started process (PID=455) to work on /home/airflow/.local/lib/python3.8/site-packages/airflow/example_dags/example_short_circuit_decorator.py
[2026-09-08T13:47:53.053+0000] {processor.py:830} INFO - Processing file /home/airflow/.local/lib/python3.8/site-packages/airflow/example_dags/example_short_circuit_decorator.py for tasks to queue
[2026-09-08T13:47:53.057+0000] {logging_mixin.py:188} INFO - [2026-09-08T13:47:53.057+0000] {dagbag.py:540} INFO - Filling up the DagBag from /home/airflow/.local/lib/python3.8/site-packages/airflow/example_dags/example_short_circuit_decorator.py
[2026-09-08T13:47:53.075+0000] {processor.py:840} INFO - DAG(s) 'example_short_circuit_decorator' retrieved from /home/airflow/.local/lib/python3.8/site-packages/airflow/example_dags/example_short_circuit_decorator.py
[2026-09-08T13:47:53.102+0000] {logging_mixin.py:188} INFO - [2026-09-08T13:47:53.102+0000] {dag.py:3047} INFO - Sync 1 DAGs
[2026-09-08T13:47:53.155+0000] {logging_mixin.py:188} INFO - [2026-09-08T13:47:53.155+0000] {dag.py:3834} INFO - Setting next_dagrun for example_short_circuit_decorator to 2026-09-07 00:00:00+00:00, run_after=2026-09-08 00:00:00+00:00
[2026-09-08T13:47:53.206+0000] {processor.py:183} INFO - Processing /home/airflow/.local/lib/python3.8/site-packages/airflow/example_dags/example_short_circuit_decorator.py took 0.164 seconds
[2026-09-08T13:48:23.519+0000] {processor.py:161} INFO - Started process (PID=512) to work on /home/airflow/.local/lib/python3.8/site-packages/airflow/example_dags/example_short_circuit_decorator.py
[2026-09-08T13:48:23.522+0000] {processor.py:830} INFO - Processing file /home/airflow/.local/lib/python3.8/site-packages/airflow/example_dags/example_short_circuit_decorator.py for tasks to queue
[2026-09-08T13:48:23.525+0000] {logging_mixin.py:188} INFO - [2026-09-08T13:48:23.525+0000] {dagbag.py:540} INFO - Filling up the DagBag from /home/airflow/.local/lib/python3.8/site-packages/airflow/example_dags/example_short_circuit_decorator.py
[2026-09-08T13:48:23.538+0000] {processor.py:840} INFO - DAG(s) 'example_short_circuit_decorator' retrieved from /home/airflow/.local/lib/python3.8/site-packages/airflow/example_dags/example_short_circuit_decorator.py
[2026-09-08T13:48:23.737+0000] {logging_mixin.py:188} INFO - [2026-09-08T13:48:23.736+0000] {dag.py:3047} INFO - Sync 1 DAGs
[2026-09-08T13:48:23.768+0000] {logging_mixin.py:188} INFO - [2026-09-08T13:48:23.767+0000] {dag.py:3834} INFO - Setting next_dagrun for example_short_circuit_decorator to 2026-09-07 00:00:00+00:00, run_after=2026-09-08 00:00:00+00:00
[2026-09-08T13:48:23.806+0000] {processor.py:183} INFO - Processing /home/airflow/.local/lib/python3.8/site-packages/airflow/example_dags/example_short_circuit_decorator.py took 0.291 seconds
[2026-09-08T13:48:54.563+0000] {processor.py:161} INFO - Started process (PID=568) to work on /home/airflow/.local/lib/python3.8/site-packages/airflow/example_dags/example_short_circuit_decorator.py
[2026-09-08T13:48:54.565+0000] {processor.py:830} INFO - Processing file /home/airflow/.local/lib/python3.8/site-packages/airflow/example_dags/example_short_circuit_decorator.py for tasks to queue
[2026-09-08T13:48:54.568+0000] {logging_mixin.py:188} INFO - [2026-09-08T13:48:54.568+0000] {dagbag.py:540} INFO - Filling up the DagBag from /home/airflow/.local/lib/python3.8/site-packages/airflow/example_dags/example_short_circuit_decorator.py
[2026-09-08T13:48:54.582+0000] {processor.py:840} INFO - DAG(s) 'example_short_circuit_decorator' retrieved from /home/airflow/.local/lib/python3.8/site-packages/airflow/example_dags/example_short_circuit_decorator.py
[2026-09-08T13:48:54.610+0000] {logging_mixin.py:188} INFO - [2026-09-08T13:48:54.609+0000] {dag.py:3047} INFO - Sync 1 DAGs
[2026-09-08T13:48:54.637+0000] {logging_mixin.py:188} INFO - [2026-09-08T13:48:54.636+0000] {dag.py:3834} INFO - Setting next_dagrun for example_short_circuit_decorator to 2026-09-07 00:00:00+00:00, run_after=2026-09-08 00:00:00+00:00
[2026-09-08T13:48:54.662+0000] {processor.py:183} INFO - Processing /home/airflow/.local/lib/python3.8/site-packages/airflow/example_dags/example_short_circuit_decorator.py took 0.104 seconds
[2026-09-08T13:49:24.851+0000] {processor.py:161} INFO - Started process (PID=625) to work on /home/airflow/.local/lib/python3.8/site-packages/airflow/example_dags/example_short_circuit_decorator.py
[2026-09-08T13:49:24.854+0000] {processor.py:830} INFO - Processing file /home/airflow/.local/lib/python3.8/site-packages/airflow/example_dags/example_short_circuit_decorator.py for tasks to queue
[2026-09-08T13:49:24.857+0000] {logging_mixin.py:188} INFO - [2026-09-08T13:49:24.857+0000] {dagbag.py:540} INFO - Filling up the DagBag from /home/airflow/.local/lib/python3.8/site-packages/airflow/example_dags/example_short_circuit_decorator.py
[2026-09-08T13:49:24.870+0000] {processor.py:840} INFO - DAG(s) 'example_short_circuit_decorator' retrieved from /home/airflow/.local/lib/python3.8/site-packages/airflow/example_dags/example_short_circuit_decorator.py
[2026-09-08T13:49:24.899+0000] {logging_mixin.py:188} INFO - [2026-09-08T13:49:24.898+0000] {dag.py:3047} INFO - Sync 1 DAGs
[2026-09-08T13:49:24.927+0000] {logging_mixin.py:188} INFO - [2026-09-08T13:49:24.927+0000] {dag.py:3834} INFO - Setting next_dagrun for example_short_circuit_decorator to 2026-09-07 00:00:00+00:00, run_after=2026-09-08 00:00:00+00:00
[2026-09-08T13:49:24.950+0000] {processor.py:183} INFO - Processing /home/airflow/.local/lib/python3.8/site-packages/airflow/example_dags/example_short_circuit_decorator.py took 0.104 seconds
[2026-09-08T13:49:55.701+0000] {processor.py:161} INFO - Started process (PID=682) to work on /home/airflow/.local/lib/python3.8/site-packages/airflow/example_dags/example_short_circuit_decorator.py
[2026-09-08T13:49:55.703+0000] {processor.py:830} INFO - Processing file /home/airflow/.local/lib/python3.8/site-packages/airflow/example_dags/example_short_circuit_decorator.py for tasks to queue
[2026-09-08T13:49:55.707+0000] {logging_mixin.py:188} INFO - [2026-09-08T13:49:55.706+0000] {dagbag.py:540} INFO - Filling up the DagBag from /home/airflow/.local/lib/python3.8/site-packages/airflow/example_dags/example_short_circuit_decorator.py
[2026-09-08T13:49:55.725+0000] {processor.py:840} INFO - DAG(s) 'example_short_circuit_decorator' retrieved from /home/airflow/.local/lib/python3.8/site-packages/airflow/example_dags/example_short_circuit_decorator.py
[2026-09-08T13:49:55.772+0000] {logging_mixin.py:188} INFO - [2026-09-08T13:49:55.771+0000] {dag.py:3047} INFO - Sync 1 DAGs
[2026-09-08T13:49:55.804+0000] {logging_mixin.py:188} INFO - [2026-09-08T13:49:55.804+0000] {dag.py:3834} INFO - Setting next_dagrun for example_short_circuit_decorator to 2026-09-07 00:00:00+00:00, run_after=2026-09-08 00:00:00+00:00
[2026-09-08T13:49:55.846+0000] {processor.py:183} INFO - Processing /home/airflow/.local/lib/python3.8/site-packages/airflow/example_dags/example_short_circuit_decorator.py took 0.153 seconds
[2026-09-08T13:50:25.960+0000] {processor.py:161} INFO - Started process (PID=739) to work on /home/airflow/.local/lib/python3.8/site-packages/airflow/example_dags/example_short_circuit_decorator.py
[2026-09-08T13:50:25.963+0000] {processor.py:830} INFO - Processing file /home/airflow/.local/lib/python3.8/site-packages/airflow/example_dags/example_short_circuit_decorator.py for tasks to queue
[2026-09-08T13:50:25.967+0000] {logging_mixin.py:188} INFO - [2026-09-08T13:50:25.966+0000] {dagbag.py:540} INFO - Filling up the DagBag from /home/airflow/.local/lib/python3.8/site-packages/airflow/example_dags/example_short_circuit_decorator.py
[2026-09-08T13:50:25.977+0000] {processor.py:840} INFO - DAG(s) 'example_short_circuit_decorator' retrieved from /home/airflow/.local/lib/python3.8/site-packages/airflow/example_dags/example_short_circuit_decorator.py
[2026-09-08T13:50:26.007+0000] {logging_mixin.py:188} INFO - [2026-09-08T13:50:26.007+0000] {dag.py:3047} INFO - Sync 1 DAGs
[2026-09-08T13:50:26.044+0000] {logging_mixin.py:188} INFO - [2026-09-08T13:50:26.043+0000] {dag.py:3834} INFO - Setting next_dagrun for example_short_circuit_decorator to 2026-09-07 00:00:00+00:00, run_after=2026-09-08 00:00:00+00:00
[2026-09-08T13:50:26.071+0000] {processor.py:183} INFO - Processing /home/airflow/.local/lib/python3.8/site-packages/airflow/example_dags/example_short_circuit_decorator.py took 0.114 seconds
[2026-09-08T13:50:56.215+0000] {processor.py:161} INFO - Started process (PID=796) to work on /home/airflow/.local/lib/python3.8/site-packages/airflow/example_dags/example_short_circuit_decorator.py
[2026-09-08T13:50:56.217+0000] {processor.py:830} INFO - Processing file /home/airflow/.local/lib/python3.8/site-packages/airflow/example_dags/example_short_circuit_decorator.py for tasks to queue
[2026-09-08T13:50:56.220+0000] {logging_mixin.py:188} INFO - [2026-09-08T13:50:56.219+0000] {dagbag.py:540} INFO - Filling up the DagBag from /home/airflow/.local/lib/python3.8/site-packages/airflow/example_dags/example_short_circuit_decorator.py
[2026-09-08T13:50:56.231+0000] {processor.py:840} INFO - DAG(s) 'example_short_circuit_decorator' retrieved from /home/airflow/.local/lib/python3.8/site-packages/airflow/example_dags/example_short_circuit_decorator.py
[2026-09-08T13:50:56.263+0000] {logging_mixin.py:188} INFO - [2026-09-08T13:50:56.262+0000] {dag.py:3047} INFO - Sync 1 DAGs
[2026-09-08T13:50:56.294+0000] {logging_mixin.py:188} INFO - [2026-09-08T13:50:56.293+0000] {dag.py:3834} INFO - Setting next_dagrun for example_short_circuit_decorator to 2026-09-07 00:00:00+00:00, run_after=2026-09-08 00:00:00+00:00
[2026-09-08T13:50:56.319+0000] {processor.py:183} INFO - Processing /home/airflow/.local/lib/python3.8/site-packages/airflow/example_dags/example_short_circuit_decorator.py took 0.108 seconds
[2026-09-08T13:51:26.582+0000] {processor.py:161} INFO - Started process (PID=853) to work on /home/airflow/.local/lib/python3.8/site-packages/airflow/example_dags/example_short_circuit_decorator.py
[2026-09-08T13:51:26.584+0000] {processor.py:830} INFO - Processing file /home/airflow/.local/lib/python3.8/site-packages/airflow/example_dags/example_short_circuit_decorator.py for tasks to queue
[2026-09-08T13:51:26.587+0000] {logging_mixin.py:188} INFO - [2026-09-08T13:51:26.587+0000] {dagbag.py:540} INFO - Filling up the DagBag from /home/airflow/.local/lib/python3.8/site-packages/airflow/example_dags/example_short_circuit_decorator.py
[2026-09-08T13:51:26.606+0000] {processor.py:840} INFO - DAG(s) 'example_short_circuit_decorator' retrieved from /home/airflow/.local/lib/python3.8/site-packages/airflow/example_dags/example_short_circuit_decorator.py
[2026-09-08T13:51:26.643+0000] {logging_mixin.py:188} INFO - [2026-09-08T13:51:26.643+0000] {dag.py:3047} INFO - Sync 1 DAGs
[2026-09-08T13:51:26.684+0000] {logging_mixin.py:188} INFO - [2026-09-08T13:51:26.684+0000] {dag.py:3834} INFO - Setting next_dagrun for example_short_circuit_decorator to 2026-09-07 00:00:00+00:00, run_after=2026-09-08 00:00:00+00:00
[2026-09-08T13:51:26.716+0000] {processor.py:183} INFO - Processing /home/airflow/.local/lib/python3.8/site-packages/airflow/example_dags/example_short_circuit_decorator.py took 0.143 seconds
[2026-09-08T13:51:57.614+0000] {processor.py:161} INFO - Started process (PID=910) to work on /home/airflow/.local/lib/python3.8/site-packages/airflow/example_dags/example_short_circuit_decorator.py
[2026-09-08T13:51:57.616+0000] {processor.py:830} INFO - Processing file /home/airflow/.local/lib/python3.8/site-packages/airflow/example_dags/example_short_circuit_decorator.py for tasks to queue
[2026-09-08T13:51:57.618+0000] {logging_mixin.py:188} INFO - [2026-09-08T13:51:57.618+0000] {dagbag.py:540} INFO - Filling up the DagBag from /home/airflow/.local/lib/python3.8/site-packages/airflow/example_dags/example_short_circuit_decorator.py
[2026-09-08T13:51:57.629+0000] {processor.py:840} INFO - DAG(s) 'example_short_circuit_decorator' retrieved from /home/airflow/.local/lib/python3.8/site-packages/airflow/example_dags/example_short_circuit_decorator.py
[2026-09-08T13:51:57.657+0000] {logging_mixin.py:188} INFO - [2026-09-08T13:51:57.657+0000] {dag.py:3047} INFO - Sync 1 DAGs
[2026-09-08T13:51:57.683+0000] {logging_mixin.py:188} INFO - [2026-09-08T13:51:57.682+0000] {dag.py:3834} INFO - Setting next_dagrun for example_short_circuit_decorator to 2026-09-07 00:00:00+00:00, run_after=2026-09-08 00:00:00+00:00
[2026-09-08T13:51:57.706+0000] {processor.py:183} INFO - Processing /home/airflow/.local/lib/python3.8/site-packages/airflow/example_dags/example_short_circuit_decorator.py took 0.096 seconds
[2026-09-08T13:52:27.949+0000] {processor.py:161} INFO - Started process (PID=965) to work on /home/airflow/.local/lib/python3.8/site-packages/airflow/example_dags/example_short_circuit_decorator.py
[2026-09-08T13:52:27.952+0000] {processor.py:830} INFO - Processing file /home/airflow/.local/lib/python3.8/site-packages/airflow/example_dags/example_short_circuit_decorator.py for tasks to queue
[2026-09-08T13:52:27.956+0000] {logging_mixin.py:188} INFO - [2026-09-08T13:52:27.956+0000] {dagbag.py:540} INFO - Filling up the DagBag from /home/airflow/.local/lib/python3.8/site-packages/airflow/example_dags/example_short_circuit_decorator.py
[2026-09-08T13:52:27.970+0000] {processor.py:840} INFO - DAG(s) 'example_short_circuit_decorator' retrieved from /home/airflow/.local/lib/python3.8/site-packages/airflow/example_dags/example_short_circuit_decorator.py
[2026-09-08T13:52:28.001+0000] {logging_mixin.py:188} INFO - [2026-09-08T13:52:28.000+0000] {dag.py:3047} INFO - Sync 1 DAGs
[2026-09-08T13:52:28.029+0000] {logging_mixin.py:188} INFO - [2026-09-08T13:52:28.029+0000] {dag.py:3834} INFO - Setting next_dagrun for example_short_circuit_decorator to 2026-09-07 00:00:00+00:00, run_after=2026-09-08 00:00:00+00:00
[2026-09-08T13:52:28.053+0000] {processor.py:183} INFO - Processing /home/airflow/.local/lib/python3.8/site-packages/airflow/example_dags/example_short_circuit_decorator.py took 0.107 seconds
