[2026-09-08T13:44:45.324+0000] {processor.py:161} INFO - Started process (PID=91) to work on /home/airflow/.local/lib/python3.8/site-packages/airflow/example_dags/example_sensor_decorator.py
[2026-09-08T13:44:45.338+0000] {processor.py:830} INFO - Processing file /home/airflow/.local/lib/python3.8/site-packages/airflow/example_dags/example_sensor_decorator.py for tasks to queue
[2026-09-08T13:44:45.356+0000] {logging_mixin.py:188} INFO - [2026-09-08T13:44:45.350+0000] {dagbag.py:540} INFO - Filling up the DagBag from /home/airflow/.local/lib/python3.8/site-packages/airflow/example_dags/example_sensor_decorator.py
[2026-09-08T13:44:45.402+0000] {processor.py:840} INFO - DAG(s) 'example_sensor_decorator' retrieved from /home/airflow/.local/lib/python3.8/site-packages/airflow/example_dags/example_sensor_decorator.py
[2026-09-08T13:44:45.465+0000] {logging_mixin.py:188} INFO - [2026-09-08T13:44:45.465+0000] {dag.py:3047} INFO - Sync 1 DAGs
[2026-09-08T13:44:45.517+0000] {logging_mixin.py:188} INFO - [2026-09-08T13:44:45.515+0000] {dag.py:3834} INFO - Setting next_dagrun for example_sensor_decorator to None, run_after=None
[2026-09-08T13:44:45.576+0000] {processor.py:183} INFO - Processing /home/airflow/.local/lib/python3.8/site-packages/airflow/example_dags/example_sensor_decorator.py took 0.347 seconds
[2026-09-08T13:45:16.268+0000] {processor.py:161} INFO - Started process (PID=148) to work on /home/airflow/.local/lib/python3.8/site-packages/airflow/example_dags/example_sensor_decorator.py
[2026-09-08T13:45:16.271+0000] {processor.py:830} INFO - Processing file /home/airflow/.local/lib/python3.8/site-packages/airflow/example_dags/example_sensor_decorator.py for tasks to queue
[2026-09-08T13:45:16.275+0000] {logging_mixin.py:188} INFO - [2026-09-08T13:45:16.275+0000] {dagbag.py:540} INFO - Filling up the DagBag from /home/airflow/.local/lib/python3.8/site-packages/airflow/example_dags/example_sensor_decorator.py
[2026-09-08T13:45:16.285+0000] {processor.py:840} INFO - DAG(s) 'example_sensor_decorator' retrieved from /home/airflow/.local/lib/python3.8/site-packages/airflow/example_dags/example_sensor_decorator.py
[2026-09-08T13:45:16.461+0000] {logging_mixin.py:188} INFO - [2026-09-08T13:45:16.460+0000] {dag.py:3047} INFO - Sync 1 DAGs
[2026-09-08T13:45:16.488+0000] {logging_mixin.py:188} INFO - [2026-09-08T13:45:16.487+0000] {dag.py:3834} INFO - Setting next_dagrun for example_sensor_decorator to None, run_after=None
[2026-09-08T13:45:16.570+0000] {processor.py:183} INFO - Processing /home/airflow/.local/lib/python3.8/site-packages/airflow/example_dags/example_sensor_decorator.py took 0.308 seconds
[2026-09-08T13:45:48.012+0000] {processor.py:161} INFO - Started process (PID=205) to work on /home/airflow/.local/lib/python3.8/site-packages/airflow/example_dags/example_sensor_decorator.py
[2026-09-08T13:45:48.026+0000] {processor.py:830} INFO - Processing file /home/airflow/.local/lib/python3.8/site-packages/airflow/example_dags/example_sensor_decorator.py for tasks to queue
[2026-09-08T13:45:48.029+0000] {logging_mixin.py:188} INFO - [2026-09-08T13:45:48.028+0000] {dagbag.py:540} INFO - Filling up the DagBag from /home/airflow/.local/lib/python3.8/site-packages/airflow/example_dags/example_sensor_decorator.py
[2026-09-08T13:45:48.045+0000] {processor.py:840} INFO - DAG(s) 'example_sensor_decorator' retrieved from /home/airflow/.local/lib/python3.8/site-packages/airflow/example_dags/example_sensor_decorator.py
[2026-09-08T13:45:48.123+0000] {logging_mixin.py:188} INFO - [2026-09-08T13:45:48.123+0000] {dag.py:3047} INFO - Sync 1 DAGs
[2026-09-08T13:45:48.185+0000] {logging_mixin.py:188} INFO - [2026-09-08T13:45:48.184+0000] {dag.py:3834} INFO - Setting next_dagrun for example_sensor_decorator to None, run_after=None
[2026-09-08T13:45:48.265+0000] {processor.py:183} INFO - Processing /home/airflow/.local/lib/python3.8/site-packages/airflow/example_dags/example_sensor_decorator.py took 0.259 seconds
[2026-09-08T13:46:19.244+0000] {processor.py:161} INFO - Started process (PID=267) to work on /home/airflow/.local/lib/python3.8/site-packages/airflow/example_dags/example_sensor_decorator.py
[2026-09-08T13:46:19.246+0000] {processor.py:830} INFO - Processing file /home/airflow/.local/lib/python3.8/site-packages/airflow/example_dags/example_sensor_decorator.py for tasks to queue
[2026-09-08T13:46:19.251+0000] {logging_mixin.py:188} INFO - [2026-09-08T13:46:19.250+0000] {dagbag.py:540} INFO - Filling up the DagBag from /home/airflow/.local/lib/python3.8/site-packages/airflow/example_dags/example_sensor_decorator.py
[2026-09-08T13:46:19.261+0000] {processor.py:840} INFO - DAG(s) 'example_sensor_decorator' retrieved from /home/airflow/.local/lib/python3.8/site-packages/airflow/example_dags/example_sensor_decorator.py
[2026-09-08T13:46:19.296+0000] {logging_mixin.py:188} INFO - [2026-09-08T13:46:19.296+0000] {dag.py:3047} INFO - Sync 1 DAGs
[2026-09-08T13:46:19.317+0000] {logging_mixin.py:188} INFO - [2026-09-08T13:46:19.317+0000] {dag.py:3834} INFO - Setting next_dagrun for example_sensor_decorator to None, run_after=None
[2026-09-08T13:46:19.351+0000] {processor.py:183} INFO - Processing /home/airflow/.local/lib/python3.8/site-packages/airflow/example_dags/example_sensor_decorator.py took 0.111 seconds
[2026-09-08T13:46:50.058+0000] {processor.py:161} INFO - Started process (PID=324) to work on /home/airflow/.local/lib/python3.8/site-packages/airflow/example_dags/example_sensor_decorator.py
[2026-09-08T13:46:50.061+0000] {processor.py:830} INFO - Processing file /home/airflow/.local/lib/python3.8/site-packages/airflow/example_dags/example_sensor_decorator.py for tasks to queue
[2026-09-08T13:46:50.064+0000] {logging_mixin.py:188} INFO - [2026-09-08T13:46:50.064+0000] {dagbag.py:540} INFO - Filling up the DagBag from /home/airflow/.local/lib/python3.8/site-packages/airflow/example_dags/example_sensor_decorator.py
[2026-09-08T13:46:50.073+0000] {processor.py:840} INFO - DAG(s) 'example_sensor_decorator' retrieved from /home/airflow/.local/lib/python3.8/site-packages/airflow/example_dags/example_sensor_decorator.py
[2026-09-08T13:46:50.109+0000] {logging_mixin.py:188} INFO - [2026-09-08T13:46:50.109+0000] {dag.py:3047} INFO - Sync 1 DAGs
[2026-09-08T13:46:50.126+0000] {logging_mixin.py:188} INFO - [2026-09-08T13:46:50.126+0000] {dag.py:3834} INFO - Setting next_dagrun for example_sensor_decorator to None, run_after=None
[2026-09-08T13:46:50.153+0000] {processor.py:183} INFO - Processing /home/airflow/.local/lib/python3.8/site-packages/airflow/example_dags/example_sensor_decorator.py took 0.100 seconds
[2026-09-08T13:47:20.411+0000] {processor.py:161} INFO - Started process (PID=385) to work on /home/airflow/.local/lib/python3.8/site-packages/airflow/example_dags/example_sensor_decorator.py
[2026-09-08T13:47:20.414+0000] {processor.py:830} INFO - Processing file /home/airflow/.local/lib/python3.8/site-packages/airflow/example_dags/example_sensor_decorator.py for tasks to queue
[2026-09-08T13:47:20.418+0000] {logging_mixin.py:188} INFO - [2026-09-08T13:47:20.418+0000] {dagbag.py:540} INFO - Filling up the DagBag from /home/airflow/.local/lib/python3.8/site-packages/airflow/example_dags/example_sensor_decorator.py
[2026-09-08T13:47:20.430+0000] {processor.py:840} INFO - DAG(s) 'example_sensor_decorator' retrieved from /home/airflow/.local/lib/python3.8/site-packages/airflow/example_dags/example_sensor_decorator.py
[2026-09-08T13:47:20.462+0000] {logging_mixin.py:188} INFO - [2026-09-08T13:47:20.462+0000] {dag.py:3047} INFO - Sync 1 DAGs
[2026-09-08T13:47:20.483+0000] {logging_mixin.py:188} INFO - [2026-09-08T13:47:20.483+0000] {dag.py:3834} INFO - Setting next_dagrun for example_sensor_decorator to None, run_after=None
[2026-09-08T13:47:20.554+0000] {processor.py:183} INFO - Processing /home/airflow/.local/lib/python3.8/site-packages/airflow/example_dags/example_sensor_decorator.py took 0.151 seconds
[2026-09-08T13:47:50.962+0000] {processor.py:161} INFO - Started process (PID=442) to work on /home/airflow/.local/lib/python3.8/site-packages/airflow/example_dags/example_sensor_decorator.py
[2026-09-08T13:47:50.964+0000] {processor.py:830} INFO - Processing file /home/airflow/.local/lib/python3.8/site-packages/airflow/example_dags/example_sensor_decorator.py for tasks to queue
[2026-09-08T13:47:50.968+0000] {logging_mixin.py:188} INFO - [2026-09-08T13:47:50.968+0000] {dagbag.py:540} INFO - Filling up the DagBag from /home/airflow/.local/lib/python3.8/site-packages/airflow/example_dags/example_sensor_decorator.py
[2026-09-08T13:47:50.977+0000] {processor.py:840} INFO - DAG(s) 'example_sensor_decorator' retrieved from /home/airflow/.local/lib/python3.8/site-packages/airflow/example_dags/example_sensor_decorator.py
[2026-09-08T13:47:50.996+0000] {logging_mixin.py:188} INFO - [2026-09-08T13:47:50.995+0000] {dag.py:3047} INFO - Sync 1 DAGs
[2026-09-08T13:47:51.020+0000] {logging_mixin.py:188} INFO - [2026-09-08T13:47:51.020+0000] {dag.py:3834} INFO - Setting next_dagrun for example_sensor_decorator to None, run_after=None
[2026-09-08T13:47:51.051+0000] {processor.py:183} INFO - Processing /home/airflow/.local/lib/python3.8/site-packages/airflow/example_dags/example_sensor_decorator.py took 0.095 seconds
[2026-09-08T13:48:21.683+0000] {processor.py:161} INFO - Started process (PID=499) to work on /home/airflow/.local/lib/python3.8/site-packages/airflow/example_dags/example_sensor_decorator.py
[2026-09-08T13:48:21.690+0000] {processor.py:830} INFO - Processing file /home/airflow/.local/lib/python3.8/site-packages/airflow/example_dags/example_sensor_decorator.py for tasks to queue
[2026-09-08T13:48:21.699+0000] {logging_mixin.py:188} INFO - [2026-09-08T13:48:21.698+0000] {dagbag.py:540} INFO - Filling up the DagBag from /home/airflow/.local/lib/python3.8/site-packages/airflow/example_dags/example_sensor_decorator.py
[2026-09-08T13:48:21.724+0000] {processor.py:840} INFO - DAG(s) 'example_sensor_decorator' retrieved from /home/airflow/.local/lib/python3.8/site-packages/airflow/example_dags/example_sensor_decorator.py
[2026-09-08T13:48:22.094+0000] {logging_mixin.py:188} INFO - [2026-09-08T13:48:22.094+0000] {dag.py:3047} INFO - Sync 1 DAGs
[2026-09-08T13:48:22.131+0000] {logging_mixin.py:188} INFO - [2026-09-08T13:48:22.131+0000] {dag.py:3834} INFO - Setting next_dagrun for example_sensor_decorator to None, run_after=None
[2026-09-08T13:48:22.187+0000] {processor.py:183} INFO - Processing /home/airflow/.local/lib/python3.8/site-packages/airflow/example_dags/example_sensor_decorator.py took 0.517 seconds
[2026-09-08T13:48:52.393+0000] {processor.py:161} INFO - Started process (PID=555) to work on /home/airflow/.local/lib/python3.8/site-packages/airflow/example_dags/example_sensor_decorator.py
[2026-09-08T13:48:52.395+0000] {processor.py:830} INFO - Processing file /home/airflow/.local/lib/python3.8/site-packages/airflow/example_dags/example_sensor_decorator.py for tasks to queue
[2026-09-08T13:48:52.399+0000] {logging_mixin.py:188} INFO - [2026-09-08T13:48:52.398+0000] {dagbag.py:540} INFO - Filling up the DagBag from /home/airflow/.local/lib/python3.8/site-packages/airflow/example_dags/example_sensor_decorator.py
[2026-09-08T13:48:52.411+0000] {processor.py:840} INFO - DAG(s) 'example_sensor_decorator' retrieved from /home/airflow/.local/lib/python3.8/site-packages/airflow/example_dags/example_sensor_decorator.py
[2026-09-08T13:48:52.443+0000] {logging_mixin.py:188} INFO - [2026-09-08T13:48:52.443+0000] {dag.py:3047} INFO - Sync 1 DAGs
[2026-09-08T13:48:52.461+0000] {logging_mixin.py:188} INFO - [2026-09-08T13:48:52.461+0000] {dag.py:3834} INFO - Setting next_dagrun for example_sensor_decorator to None, run_after=None
[2026-09-08T13:48:52.486+0000] {processor.py:183} INFO - Processing /home/airflow/.local/lib/python3.8/site-packages/airflow/example_dags/example_sensor_decorator.py took 0.097 seconds
[2026-09-08T13:49:22.579+0000] {processor.py:161} INFO - Started process (PID=612) to work on /home/airflow/.local/lib/python3.8/site-packages/airflow/example_dags/example_sensor_decorator.py
[2026-09-08T13:49:22.583+0000] {processor.py:830} INFO - Processing file /home/airflow/.local/lib/python3.8/site-packages/airflow/example_dags/example_sensor_decorator.py for tasks to queue
[2026-09-08T13:49:22.587+0000] {logging_mixin.py:188} INFO - [2026-09-08T13:49:22.586+0000] {dagbag.py:540} INFO - Filling up the DagBag from /home/airflow/.local/lib/python3.8/site-packages/airflow/example_dags/example_sensor_decorator.py
[2026-09-08T13:49:22.597+0000] {processor.py:840} INFO - DAG(s) 'example_sensor_decorator' retrieved from /home/airflow/.local/lib/python3.8/site-packages/airflow/example_dags/example_sensor_decorator.py
[2026-09-08T13:49:22.631+0000] {logging_mixin.py:188} INFO - [2026-09-08T13:49:22.630+0000] {dag.py:3047} INFO - Sync 1 DAGs
[2026-09-08T13:49:22.647+0000] {logging_mixin.py:188} INFO - [2026-09-08T13:49:22.647+0000] {dag.py:3834} INFO - Setting next_dagrun for example_sensor_decorator to None, run_after=None
[2026-09-08T13:49:22.669+0000] {processor.py:183} INFO - Processing /home/airflow/.local/lib/python3.8/site-packages/airflow/example_dags/example_sensor_decorator.py took 0.097 seconds
[2026-09-08T13:49:53.256+0000] {processor.py:161} INFO - Started process (PID=669) to work on /home/airflow/.local/lib/python3.8/site-packages/airflow/example_dags/example_sensor_decorator.py
[2026-09-08T13:49:53.258+0000] {processor.py:830} INFO - Processing file /home/airflow/.local/lib/python3.8/site-packages/airflow/example_dags/example_sensor_decorator.py for tasks to queue
[2026-09-08T13:49:53.261+0000] {logging_mixin.py:188} INFO - [2026-09-08T13:49:53.261+0000] {dagbag.py:540} INFO - Filling up the DagBag from /home/airflow/.local/lib/python3.8/site-packages/airflow/example_dags/example_sensor_decorator.py
[2026-09-08T13:49:53.270+0000] {processor.py:840} INFO - DAG(s) 'example_sensor_decorator' retrieved from /home/airflow/.local/lib/python3.8/site-packages/airflow/example_dags/example_sensor_decorator.py
[2026-09-08T13:49:53.303+0000] {logging_mixin.py:188} INFO - [2026-09-08T13:49:53.303+0000] {dag.py:3047} INFO - Sync 1 DAGs
[2026-09-08T13:49:53.323+0000] {logging_mixin.py:188} INFO - [2026-09-08T13:49:53.322+0000] {dag.py:3834} INFO - Setting next_dagrun for example_sensor_decorator to None, run_after=None
[2026-09-08T13:49:53.349+0000] {processor.py:183} INFO - Processing /home/airflow/.local/lib/python3.8/site-packages/airflow/example_dags/example_sensor_decorator.py took 0.096 seconds
[2026-09-08T13:50:23.433+0000] {processor.py:161} INFO - Started process (PID=724) to work on /home/airflow/.local/lib/python3.8/site-packages/airflow/example_dags/example_sensor_decorator.py
[2026-09-08T13:50:23.435+0000] {processor.py:830} INFO - Processing file /home/airflow/.local/lib/python3.8/site-packages/airflow/example_dags/example_sensor_decorator.py for tasks to queue
[2026-09-08T13:50:23.439+0000] {logging_mixin.py:188} INFO - [2026-09-08T13:50:23.439+0000] {dagbag.py:540} INFO - Filling up the DagBag from /home/airflow/.local/lib/python3.8/site-packages/airflow/example_dags/example_sensor_decorator.py
[2026-09-08T13:50:23.450+0000] {processor.py:840} INFO - DAG(s) 'example_sensor_decorator' retrieved from /home/airflow/.local/lib/python3.8/site-packages/airflow/example_dags/example_sensor_decorator.py
[2026-09-08T13:50:23.480+0000] {logging_mixin.py:188} INFO - [2026-09-08T13:50:23.480+0000] {dag.py:3047} INFO - Sync 1 DAGs
[2026-09-08T13:50:23.496+0000] {logging_mixin.py:188} INFO - [2026-09-08T13:50:23.496+0000] {dag.py:3834} INFO - Setting next_dagrun for example_sensor_decorator to None, run_after=None
[2026-09-08T13:50:23.523+0000] {processor.py:183} INFO - Processing /home/airflow/.local/lib/python3.8/site-packages/airflow/example_dags/example_sensor_decorator.py took 0.096 seconds
[2026-09-08T13:50:53.611+0000] {processor.py:161} INFO - Started process (PID=781) to work on /home/airflow/.local/lib/python3.8/site-packages/airflow/example_dags/example_sensor_decorator.py
[2026-09-08T13:50:53.613+0000] {processor.py:830} INFO - Processing file /home/airflow/.local/lib/python3.8/site-packages/airflow/example_dags/example_sensor_decorator.py for tasks to queue
[2026-09-08T13:50:53.616+0000] {logging_mixin.py:188} INFO - [2026-09-08T13:50:53.616+0000] {dagbag.py:540} INFO - Filling up the DagBag from /home/airflow/.local/lib/python3.8/site-packages/airflow/example_dags/example_sensor_decorator.py
[2026-09-08T13:50:53.627+0000] {processor.py:840} INFO - DAG(s) 'example_sensor_decorator' retrieved from /home/airflow/.local/lib/python3.8/site-packages/airflow/example_dags/example_sensor_decorator.py
[2026-09-08T13:50:53.653+0000] {logging_mixin.py:188} INFO - [2026-09-08T13:50:53.653+0000] {dag.py:3047} INFO - Sync 1 DAGs
[2026-09-08T13:50:53.669+0000] {logging_mixin.py:188} INFO - [2026-09-08T13:50:53.668+0000] {dag.py:3834} INFO - Setting next_dagrun for example_sensor_decorator to None, run_after=None
[2026-09-08T13:50:53.692+0000] {processor.py:183} INFO - Processing /home/airflow/.local/lib/python3.8/site-packages/airflow/example_dags/example_sensor_decorator.py took 0.085 seconds
[2026-09-08T13:51:23.954+0000] {processor.py:161} INFO - Started process (PID=838) to work on /home/airflow/.local/lib/python3.8/site-packages/airflow/example_dags/example_sensor_decorator.py
[2026-09-08T13:51:23.956+0000] {processor.py:830} INFO - Processing file /home/airflow/.local/lib/python3.8/site-packages/airflow/example_dags/example_sensor_decorator.py for tasks to queue
[2026-09-08T13:51:23.959+0000] {logging_mixin.py:188} INFO - [2026-09-08T13:51:23.958+0000] {dagbag.py:540} INFO - Filling up the DagBag from /home/airflow/.local/lib/python3.8/site-packages/airflow/example_dags/example_sensor_decorator.py
[2026-09-08T13:51:23.966+0000] {processor.py:840} INFO - DAG(s) 'example_sensor_decorator' retrieved from /home/airflow/.local/lib/python3.8/site-packages/airflow/example_dags/example_sensor_decorator.py
[2026-09-08T13:51:23.993+0000] {logging_mixin.py:188} INFO - [2026-09-08T13:51:23.993+0000] {dag.py:3047} INFO - Sync 1 DAGs
[2026-09-08T13:51:24.007+0000] {logging_mixin.py:188} INFO - [2026-09-08T13:51:24.007+0000] {dag.py:3834} INFO - Setting next_dagrun for example_sensor_decorator to None, run_after=None
[2026-09-08T13:51:24.030+0000] {processor.py:183} INFO - Processing /home/airflow/.local/lib/python3.8/site-packages/airflow/example_dags/example_sensor_decorator.py took 0.080 seconds
[2026-09-08T13:51:54.155+0000] {processor.py:161} INFO - Started process (PID=895) to work on /home/airflow/.local/lib/python3.8/site-packages/airflow/example_dags/example_sensor_decorator.py
[2026-09-08T13:51:54.158+0000] {processor.py:830} INFO - Processing file /home/airflow/.local/lib/python3.8/site-packages/airflow/example_dags/example_sensor_decorator.py for tasks to queue
[2026-09-08T13:51:54.161+0000] {logging_mixin.py:188} INFO - [2026-09-08T13:51:54.160+0000] {dagbag.py:540} INFO - Filling up the DagBag from /home/airflow/.local/lib/python3.8/site-packages/airflow/example_dags/example_sensor_decorator.py
[2026-09-08T13:51:54.169+0000] {processor.py:840} INFO - DAG(s) 'example_sensor_decorator' retrieved from /home/airflow/.local/lib/python3.8/site-packages/airflow/example_dags/example_sensor_decorator.py
[2026-09-08T13:51:54.195+0000] {logging_mixin.py:188} INFO - [2026-09-08T13:51:54.194+0000] {dag.py:3047} INFO - Sync 1 DAGs
[2026-09-08T13:51:54.210+0000] {logging_mixin.py:188} INFO - [2026-09-08T13:51:54.209+0000] {dag.py:3834} INFO - Setting next_dagrun for example_sensor_decorator to None, run_after=None
[2026-09-08T13:51:54.235+0000] {processor.py:183} INFO - Processing /home/airflow/.local/lib/python3.8/site-packages/airflow/example_dags/example_sensor_decorator.py took 0.086 seconds
[2026-09-08T13:52:24.604+0000] {processor.py:161} INFO - Started process (PID=952) to work on /home/airflow/.local/lib/python3.8/site-packages/airflow/example_dags/example_sensor_decorator.py
[2026-09-08T13:52:24.606+0000] {processor.py:830} INFO - Processing file /home/airflow/.local/lib/python3.8/site-packages/airflow/example_dags/example_sensor_decorator.py for tasks to queue
[2026-09-08T13:52:24.609+0000] {logging_mixin.py:188} INFO - [2026-09-08T13:52:24.609+0000] {dagbag.py:540} INFO - Filling up the DagBag from /home/airflow/.local/lib/python3.8/site-packages/airflow/example_dags/example_sensor_decorator.py
[2026-09-08T13:52:24.620+0000] {processor.py:840} INFO - DAG(s) 'example_sensor_decorator' retrieved from /home/airflow/.local/lib/python3.8/site-packages/airflow/example_dags/example_sensor_decorator.py
[2026-09-08T13:52:24.648+0000] {logging_mixin.py:188} INFO - [2026-09-08T13:52:24.648+0000] {dag.py:3047} INFO - Sync 1 DAGs
[2026-09-08T13:52:24.665+0000] {logging_mixin.py:188} INFO - [2026-09-08T13:52:24.665+0000] {dag.py:3834} INFO - Setting next_dagrun for example_sensor_decorator to None, run_after=None
[2026-09-08T13:52:24.696+0000] {processor.py:183} INFO - Processing /home/airflow/.local/lib/python3.8/site-packages/airflow/example_dags/example_sensor_decorator.py took 0.097 seconds
