[2026-09-08T13:44:42.770+0000] {processor.py:161} INFO - Started process (PID=80) to work on /home/airflow/.local/lib/python3.8/site-packages/airflow/example_dags/example_short_circuit_operator.py
[2026-09-08T13:44:42.777+0000] {processor.py:830} INFO - Processing file /home/airflow/.local/lib/python3.8/site-packages/airflow/example_dags/example_short_circuit_operator.py for tasks to queue
[2026-09-08T13:44:42.782+0000] {logging_mixin.py:188} INFO - [2026-09-08T13:44:42.782+0000] {dagbag.py:540} INFO - Filling up the DagBag from /home/airflow/.local/lib/python3.8/site-packages/airflow/example_dags/example_short_circuit_operator.py
[2026-09-08T13:44:42.803+0000] {processor.py:840} INFO - DAG(s) 'example_short_circuit_operator' retrieved from /home/airflow/.local/lib/python3.8/site-packages/airflow/example_dags/example_short_circuit_operator.py
[2026-09-08T13:44:42.862+0000] {logging_mixin.py:188} INFO - [2026-09-08T13:44:42.861+0000] {dag.py:3047} INFO - Sync 1 DAGs
[2026-09-08T13:44:42.956+0000] {logging_mixin.py:188} INFO - [2026-09-08T13:44:42.955+0000] {dag.py:3834} INFO - Setting next_dagrun for example_short_circuit_operator to 2026-09-07 00:00:00+00:00, run_after=2026-09-08 00:00:00+00:00
[2026-09-08T13:44:43.052+0000] {processor.py:183} INFO - Processing /home/airflow/.local/lib/python3.8/site-packages/airflow/example_dags/example_short_circuit_operator.py took 0.295 seconds
[2026-09-08T13:45:13.626+0000] {processor.py:161} INFO - Started process (PID=137) to work on /home/airflow/.local/lib/python3.8/site-packages/airflow/example_dags/example_short_circuit_operator.py
[2026-09-08T13:45:13.628+0000] {processor.py:830} INFO - Processing file /home/airflow/.local/lib/python3.8/site-packages/airflow/example_dags/example_short_circuit_operator.py for tasks to queue
[2026-09-08T13:45:13.632+0000] {logging_mixin.py:188} INFO - [2026-09-08T13:45:13.632+0000] {dagbag.py:540} INFO - Filling up the DagBag from /home/airflow/.local/lib/python3.8/site-packages/airflow/example_dags/example_short_circuit_operator.py
[2026-09-08T13:45:13.646+0000] {processor.py:840} INFO - DAG(s) 'example_short_circuit_operator' retrieved from /home/airflow/.local/lib/python3.8/site-packages/airflow/example_dags/example_short_circuit_operator.py
[2026-09-08T13:45:13.857+0000] {logging_mixin.py:188} INFO - [2026-09-08T13:45:13.857+0000] {dag.py:3047} INFO - Sync 1 DAGs
[2026-09-08T13:45:13.890+0000] {logging_mixin.py:188} INFO - [2026-09-08T13:45:13.889+0000] {dag.py:3834} INFO - Setting next_dagrun for example_short_circuit_operator to 2026-09-07 00:00:00+00:00, run_after=2026-09-08 00:00:00+00:00
[2026-09-08T13:45:13.925+0000] {processor.py:183} INFO - Processing /home/airflow/.local/lib/python3.8/site-packages/airflow/example_dags/example_short_circuit_operator.py took 0.303 seconds
[2026-09-08T13:45:44.698+0000] {processor.py:161} INFO - Started process (PID=194) to work on /home/airflow/.local/lib/python3.8/site-packages/airflow/example_dags/example_short_circuit_operator.py
[2026-09-08T13:45:44.708+0000] {processor.py:830} INFO - Processing file /home/airflow/.local/lib/python3.8/site-packages/airflow/example_dags/example_short_circuit_operator.py for tasks to queue
[2026-09-08T13:45:44.725+0000] {logging_mixin.py:188} INFO - [2026-09-08T13:45:44.725+0000] {dagbag.py:540} INFO - Filling up the DagBag from /home/airflow/.local/lib/python3.8/site-packages/airflow/example_dags/example_short_circuit_operator.py
[2026-09-08T13:45:44.759+0000] {processor.py:840} INFO - DAG(s) 'example_short_circuit_operator' retrieved from /home/airflow/.local/lib/python3.8/site-packages/airflow/example_dags/example_short_circuit_operator.py
[2026-09-08T13:45:44.839+0000] {logging_mixin.py:188} INFO - [2026-09-08T13:45:44.839+0000] {dag.py:3047} INFO - Sync 1 DAGs
[2026-09-08T13:45:44.922+0000] {logging_mixin.py:188} INFO - [2026-09-08T13:45:44.922+0000] {dag.py:3834} INFO - Setting next_dagrun for example_short_circuit_operator to 2026-09-07 00:00:00+00:00, run_after=2026-09-08 00:00:00+00:00
[2026-09-08T13:45:45.011+0000] {processor.py:183} INFO - Processing /home/airflow/.local/lib/python3.8/site-packages/airflow/example_dags/example_short_circuit_operator.py took 0.319 seconds
[2026-09-08T13:46:15.991+0000] {processor.py:161} INFO - Started process (PID=255) to work on /home/airflow/.local/lib/python3.8/site-packages/airflow/example_dags/example_short_circuit_operator.py
[2026-09-08T13:46:15.993+0000] {processor.py:830} INFO - Processing file /home/airflow/.local/lib/python3.8/site-packages/airflow/example_dags/example_short_circuit_operator.py for tasks to queue
[2026-09-08T13:46:15.997+0000] {logging_mixin.py:188} INFO - [2026-09-08T13:46:15.996+0000] {dagbag.py:540} INFO - Filling up the DagBag from /home/airflow/.local/lib/python3.8/site-packages/airflow/example_dags/example_short_circuit_operator.py
[2026-09-08T13:46:16.013+0000] {processor.py:840} INFO - DAG(s) 'example_short_circuit_operator' retrieved from /home/airflow/.local/lib/python3.8/site-packages/airflow/example_dags/example_short_circuit_operator.py
[2026-09-08T13:46:16.044+0000] {logging_mixin.py:188} INFO - [2026-09-08T13:46:16.043+0000] {dag.py:3047} INFO - Sync 1 DAGs
[2026-09-08T13:46:16.075+0000] {logging_mixin.py:188} INFO - [2026-09-08T13:46:16.075+0000] {dag.py:3834} INFO - Setting next_dagrun for example_short_circuit_operator to 2026-09-07 00:00:00+00:00, run_after=2026-09-08 00:00:00+00:00
[2026-09-08T13:46:16.102+0000] {processor.py:183} INFO - Processing /home/airflow/.local/lib/python3.8/site-packages/airflow/example_dags/example_short_circuit_operator.py took 0.116 seconds
[2026-09-08T13:46:46.999+0000] {processor.py:161} INFO - Started process (PID=312) to work on /home/airflow/.local/lib/python3.8/site-packages/airflow/example_dags/example_short_circuit_operator.py
[2026-09-08T13:46:47.005+0000] {processor.py:830} INFO - Processing file /home/airflow/.local/lib/python3.8/site-packages/airflow/example_dags/example_short_circuit_operator.py for tasks to queue
[2026-09-08T13:46:47.008+0000] {logging_mixin.py:188} INFO - [2026-09-08T13:46:47.008+0000] {dagbag.py:540} INFO - Filling up the DagBag from /home/airflow/.local/lib/python3.8/site-packages/airflow/example_dags/example_short_circuit_operator.py
[2026-09-08T13:46:47.018+0000] {processor.py:840} INFO - DAG(s) 'example_short_circuit_operator' retrieved from /home/airflow/.local/lib/python3.8/site-packages/airflow/example_dags/example_short_circuit_operator.py
[2026-09-08T13:46:47.055+0000] {logging_mixin.py:188} INFO - [2026-09-08T13:46:47.055+0000] {dag.py:3047} INFO - Sync 1 DAGs
[2026-09-08T13:46:47.087+0000] {logging_mixin.py:188} INFO - [2026-09-08T13:46:47.086+0000] {dag.py:3834} INFO - Setting next_dagrun for example_short_circuit_operator to 2026-09-07 00:00:00+00:00, run_after=2026-09-08 00:00:00+00:00
[2026-09-08T13:46:47.112+0000] {processor.py:183} INFO - Processing /home/airflow/.local/lib/python3.8/site-packages/airflow/example_dags/example_short_circuit_operator.py took 0.119 seconds
[2026-09-08T13:47:17.384+0000] {processor.py:161} INFO - Started process (PID=372) to work on /home/airflow/.local/lib/python3.8/site-packages/airflow/example_dags/example_short_circuit_operator.py
[2026-09-08T13:47:17.386+0000] {processor.py:830} INFO - Processing file /home/airflow/.local/lib/python3.8/site-packages/airflow/example_dags/example_short_circuit_operator.py for tasks to queue
[2026-09-08T13:47:17.393+0000] {logging_mixin.py:188} INFO - [2026-09-08T13:47:17.392+0000] {dagbag.py:540} INFO - Filling up the DagBag from /home/airflow/.local/lib/python3.8/site-packages/airflow/example_dags/example_short_circuit_operator.py
[2026-09-08T13:47:17.408+0000] {processor.py:840} INFO - DAG(s) 'example_short_circuit_operator' retrieved from /home/airflow/.local/lib/python3.8/site-packages/airflow/example_dags/example_short_circuit_operator.py
[2026-09-08T13:47:17.449+0000] {logging_mixin.py:188} INFO - [2026-09-08T13:47:17.449+0000] {dag.py:3047} INFO - Sync 1 DAGs
[2026-09-08T13:47:17.493+0000] {logging_mixin.py:188} INFO - [2026-09-08T13:47:17.492+0000] {dag.py:3834} INFO - Setting next_dagrun for example_short_circuit_operator to 2026-09-07 00:00:00+00:00, run_after=2026-09-08 00:00:00+00:00
[2026-09-08T13:47:17.643+0000] {processor.py:183} INFO - Processing /home/airflow/.local/lib/python3.8/site-packages/airflow/example_dags/example_short_circuit_operator.py took 0.265 seconds
[2026-09-08T13:47:47.839+0000] {processor.py:161} INFO - Started process (PID=429) to work on /home/airflow/.local/lib/python3.8/site-packages/airflow/example_dags/example_short_circuit_operator.py
[2026-09-08T13:47:47.841+0000] {processor.py:830} INFO - Processing file /home/airflow/.local/lib/python3.8/site-packages/airflow/example_dags/example_short_circuit_operator.py for tasks to queue
[2026-09-08T13:47:47.844+0000] {logging_mixin.py:188} INFO - [2026-09-08T13:47:47.844+0000] {dagbag.py:540} INFO - Filling up the DagBag from /home/airflow/.local/lib/python3.8/site-packages/airflow/example_dags/example_short_circuit_operator.py
[2026-09-08T13:47:47.853+0000] {processor.py:840} INFO - DAG(s) 'example_short_circuit_operator' retrieved from /home/airflow/.local/lib/python3.8/site-packages/airflow/example_dags/example_short_circuit_operator.py
[2026-09-08T13:47:47.888+0000] {logging_mixin.py:188} INFO - [2026-09-08T13:47:47.887+0000] {dag.py:3047} INFO - Sync 1 DAGs
[2026-09-08T13:47:47.915+0000] {logging_mixin.py:188} INFO - [2026-09-08T13:47:47.915+0000] {dag.py:3834} INFO - Setting next_dagrun for example_short_circuit_operator to 2026-09-07 00:00:00+00:00, run_after=2026-09-08 00:00:00+00:00
[2026-09-08T13:47:47.943+0000] {processor.py:183} INFO - Processing /home/airflow/.local/lib/python3.8/site-packages/airflow/example_dags/example_short_circuit_operator.py took 0.109 seconds
[2026-09-08T13:48:18.164+0000] {processor.py:161} INFO - Started process (PID=486) to work on /home/airflow/.local/lib/python3.8/site-packages/airflow/example_dags/example_short_circuit_operator.py
[2026-09-08T13:48:18.167+0000] {processor.py:830} INFO - Processing file /home/airflow/.local/lib/python3.8/site-packages/airflow/example_dags/example_short_circuit_operator.py for tasks to queue
[2026-09-08T13:48:18.172+0000] {logging_mixin.py:188} INFO - [2026-09-08T13:48:18.171+0000] {dagbag.py:540} INFO - Filling up the DagBag from /home/airflow/.local/lib/python3.8/site-packages/airflow/example_dags/example_short_circuit_operator.py
[2026-09-08T13:48:18.190+0000] {processor.py:840} INFO - DAG(s) 'example_short_circuit_operator' retrieved from /home/airflow/.local/lib/python3.8/site-packages/airflow/example_dags/example_short_circuit_operator.py
[2026-09-08T13:48:18.210+0000] {logging_mixin.py:188} INFO - [2026-09-08T13:48:18.209+0000] {dag.py:3047} INFO - Sync 1 DAGs
[2026-09-08T13:48:18.245+0000] {logging_mixin.py:188} INFO - [2026-09-08T13:48:18.244+0000] {dag.py:3834} INFO - Setting next_dagrun for example_short_circuit_operator to 2026-09-07 00:00:00+00:00, run_after=2026-09-08 00:00:00+00:00
[2026-09-08T13:48:18.272+0000] {processor.py:183} INFO - Processing /home/airflow/.local/lib/python3.8/site-packages/airflow/example_dags/example_short_circuit_operator.py took 0.113 seconds
[2026-09-08T13:48:48.925+0000] {processor.py:161} INFO - Started process (PID=542) to work on /home/airflow/.local/lib/python3.8/site-packages/airflow/example_dags/example_short_circuit_operator.py
[2026-09-08T13:48:48.927+0000] {processor.py:830} INFO - Processing file /home/airflow/.local/lib/python3.8/site-packages/airflow/example_dags/example_short_circuit_operator.py for tasks to queue
[2026-09-08T13:48:48.930+0000] {logging_mixin.py:188} INFO - [2026-09-08T13:48:48.929+0000] {dagbag.py:540} INFO - Filling up the DagBag from /home/airflow/.local/lib/python3.8/site-packages/airflow/example_dags/example_short_circuit_operator.py
[2026-09-08T13:48:48.943+0000] {processor.py:840} INFO - DAG(s) 'example_short_circuit_operator' retrieved from /home/airflow/.local/lib/python3.8/site-packages/airflow/example_dags/example_short_circuit_operator.py
[2026-09-08T13:48:49.078+0000] {logging_mixin.py:188} INFO - [2026-09-08T13:48:49.078+0000] {dag.py:3047} INFO - Sync 1 DAGs
[2026-09-08T13:48:49.105+0000] {logging_mixin.py:188} INFO - [2026-09-08T13:48:49.105+0000] {dag.py:3834} INFO - Setting next_dagrun for example_short_circuit_operator to 2026-09-07 00:00:00+00:00, run_after=2026-09-08 00:00:00+00:00
[2026-09-08T13:48:49.129+0000] {processor.py:183} INFO - Processing /home/airflow/.local/lib/python3.8/site-packages/airflow/example_dags/example_short_circuit_operator.py took 0.209 seconds
[2026-09-08T13:49:19.233+0000] {processor.py:161} INFO - Started process (PID=599) to work on /home/airflow/.local/lib/python3.8/site-packages/airflow/example_dags/example_short_circuit_operator.py
[2026-09-08T13:49:19.235+0000] {processor.py:830} INFO - Processing file /home/airflow/.local/lib/python3.8/site-packages/airflow/example_dags/example_short_circuit_operator.py for tasks to queue
[2026-09-08T13:49:19.237+0000] {logging_mixin.py:188} INFO - [2026-09-08T13:49:19.237+0000] {dagbag.py:540} INFO - Filling up the DagBag from /home/airflow/.local/lib/python3.8/site-packages/airflow/example_dags/example_short_circuit_operator.py
[2026-09-08T13:49:19.246+0000] {processor.py:840} INFO - DAG(s) 'example_short_circuit_operator' retrieved from /home/airflow/.local/lib/python3.8/site-packages/airflow/example_dags/example_short_circuit_operator.py
[2026-09-08T13:49:19.276+0000] {logging_mixin.py:188} INFO - [2026-09-08T13:49:19.276+0000] {dag.py:3047} INFO - Sync 1 DAGs
[2026-09-08T13:49:19.304+0000] {logging_mixin.py:188} INFO - [2026-09-08T13:49:19.304+0000] {dag.py:3834} INFO - Setting next_dagrun for example_short_circuit_operator to 2026-09-07 00:00:00+00:00, run_after=2026-09-08 00:00:00+00:00
[2026-09-08T13:49:19.332+0000] {processor.py:183} INFO - Processing /home/airflow/.local/lib/python3.8/site-packages/airflow/example_dags/example_short_circuit_operator.py took 0.103 seconds
[2026-09-08T13:49:49.469+0000] {processor.py:161} INFO - Started process (PID=656) to work on /home/airflow/.local/lib/python3.8/site-packages/airflow/example_dags/example_short_circuit_operator.py
[2026-09-08T13:49:49.471+0000] {processor.py:830} INFO - Processing file /home/airflow/.local/lib/python3.8/site-packages/airflow/example_dags/example_short_circuit_operator.py for tasks to queue
[2026-09-08T13:49:49.474+0000] {logging_mixin.py:188} INFO - [2026-09-08T13:49:49.474+0000] {dagbag.py:540} INFO - Filling up the DagBag from /home/airflow/.local/lib/python3.8/site-packages/airflow/example_dags/example_short_circuit_operator.py
[2026-09-08T13:49:49.489+0000] {processor.py:840} INFO - DAG(s) 'example_short_circuit_operator' retrieved from /home/airflow/.local/lib/python3.8/site-packages/airflow/example_dags/example_short_circuit_operator.py
[2026-09-08T13:49:49.523+0000] {logging_mixin.py:188} INFO - [2026-09-08T13:49:49.523+0000] {dag.py:3047} INFO - Sync 1 DAGs
[2026-09-08T13:49:49.549+0000] {logging_mixin.py:188} INFO - [2026-09-08T13:49:49.549+0000] {dag.py:3834} INFO - Setting next_dagrun for example_short_circuit_operator to 2026-09-07 00:00:00+00:00, run_after=2026-09-08 00:00:00+00:00
[2026-09-08T13:49:49.574+0000] {processor.py:183} INFO - Processing /home/airflow/.local/lib/python3.8/site-packages/airflow/example_dags/example_short_circuit_operator.py took 0.109 seconds
[2026-09-08T13:50:19.650+0000] {processor.py:161} INFO - Started process (PID=713) to work on /home/airflow/.local/lib/python3.8/site-packages/airflow/example_dags/example_short_circuit_operator.py
[2026-09-08T13:50:19.653+0000] {processor.py:830} INFO - Processing file /home/airflow/.local/lib/python3.8/site-packages/airflow/example_dags/example_short_circuit_operator.py for tasks to queue
[2026-09-08T13:50:19.658+0000] {logging_mixin.py:188} INFO - [2026-09-08T13:50:19.658+0000] {dagbag.py:540} INFO - Filling up the DagBag from /home/airflow/.local/lib/python3.8/site-packages/airflow/example_dags/example_short_circuit_operator.py
[2026-09-08T13:50:19.676+0000] {processor.py:840} INFO - DAG(s) 'example_short_circuit_operator' retrieved from /home/airflow/.local/lib/python3.8/site-packages/airflow/example_dags/example_short_circuit_operator.py
[2026-09-08T13:50:19.718+0000] {logging_mixin.py:188} INFO - [2026-09-08T13:50:19.718+0000] {dag.py:3047} INFO - Sync 1 DAGs
[2026-09-08T13:50:19.752+0000] {logging_mixin.py:188} INFO - [2026-09-08T13:50:19.752+0000] {dag.py:3834} INFO - Setting next_dagrun for example_short_circuit_operator to 2026-09-07 00:00:00+00:00, run_after=2026-09-08 00:00:00+00:00
[2026-09-08T13:50:19.779+0000] {processor.py:183} INFO - Processing /home/airflow/.local/lib/python3.8/site-packages/airflow/example_dags/example_short_circuit_operator.py took 0.137 seconds
[2026-09-08T13:50:49.880+0000] {processor.py:161} INFO - Started process (PID=770) to work on /home/airflow/.local/lib/python3.8/site-packages/airflow/example_dags/example_short_circuit_operator.py
[2026-09-08T13:50:49.882+0000] {processor.py:830} INFO - Processing file /home/airflow/.local/lib/python3.8/site-packages/airflow/example_dags/example_short_circuit_operator.py for tasks to queue
[2026-09-08T13:50:49.886+0000] {logging_mixin.py:188} INFO - [2026-09-08T13:50:49.885+0000] {dagbag.py:540} INFO - Filling up the DagBag from /home/airflow/.local/lib/python3.8/site-packages/airflow/example_dags/example_short_circuit_operator.py
[2026-09-08T13:50:49.896+0000] {processor.py:840} INFO - DAG(s) 'example_short_circuit_operator' retrieved from /home/airflow/.local/lib/python3.8/site-packages/airflow/example_dags/example_short_circuit_operator.py
[2026-09-08T13:50:49.932+0000] {logging_mixin.py:188} INFO - [2026-09-08T13:50:49.932+0000] {dag.py:3047} INFO - Sync 1 DAGs
[2026-09-08T13:50:49.964+0000] {logging_mixin.py:188} INFO - [2026-09-08T13:50:49.964+0000] {dag.py:3834} INFO - Setting next_dagrun for example_short_circuit_operator to 2026-09-07 00:00:00+00:00, run_after=2026-09-08 00:00:00+00:00
[2026-09-08T13:50:49.993+0000] {processor.py:183} INFO - Processing /home/airflow/.local/lib/python3.8/site-packages/airflow/example_dags/example_short_circuit_operator.py took 0.120 seconds
[2026-09-08T13:51:20.200+0000] {processor.py:161} INFO - Started process (PID=827) to work on /home/airflow/.local/lib/python3.8/site-packages/airflow/example_dags/example_short_circuit_operator.py
[2026-09-08T13:51:20.202+0000] {processor.py:830} INFO - Processing file /home/airflow/.local/lib/python3.8/site-packages/airflow/example_dags/example_short_circuit_operator.py for tasks to queue
[2026-09-08T13:51:20.205+0000] {logging_mixin.py:188} INFO - [2026-09-08T13:51:20.205+0000] {dagbag.py:540} INFO - Filling up the DagBag from /home/airflow/.local/lib/python3.8/site-packages/airflow/example_dags/example_short_circuit_operator.py
[2026-09-08T13:51:20.214+0000] {processor.py:840} INFO - DAG(s) 'example_short_circuit_operator' retrieved from /home/airflow/.local/lib/python3.8/site-packages/airflow/example_dags/example_short_circuit_operator.py
[2026-09-08T13:51:20.245+0000] {logging_mixin.py:188} INFO - [2026-09-08T13:51:20.244+0000] {dag.py:3047} INFO - Sync 1 DAGs
[2026-09-08T13:51:20.273+0000] {logging_mixin.py:188} INFO - [2026-09-08T13:51:20.272+0000] {dag.py:3834} INFO - Setting next_dagrun for example_short_circuit_operator to 2026-09-07 00:00:00+00:00, run_after=2026-09-08 00:00:00+00:00
[2026-09-08T13:51:20.297+0000] {processor.py:183} INFO - Processing /home/airflow/.local/lib/python3.8/site-packages/airflow/example_dags/example_short_circuit_operator.py took 0.103 seconds
[2026-09-08T13:51:50.434+0000] {processor.py:161} INFO - Started process (PID=884) to work on /home/airflow/.local/lib/python3.8/site-packages/airflow/example_dags/example_short_circuit_operator.py
[2026-09-08T13:51:50.436+0000] {processor.py:830} INFO - Processing file /home/airflow/.local/lib/python3.8/site-packages/airflow/example_dags/example_short_circuit_operator.py for tasks to queue
[2026-09-08T13:51:50.440+0000] {logging_mixin.py:188} INFO - [2026-09-08T13:51:50.439+0000] {dagbag.py:540} INFO - Filling up the DagBag from /home/airflow/.local/lib/python3.8/site-packages/airflow/example_dags/example_short_circuit_operator.py
[2026-09-08T13:51:50.452+0000] {processor.py:840} INFO - DAG(s) 'example_short_circuit_operator' retrieved from /home/airflow/.local/lib/python3.8/site-packages/airflow/example_dags/example_short_circuit_operator.py
[2026-09-08T13:51:50.481+0000] {logging_mixin.py:188} INFO - [2026-09-08T13:51:50.480+0000] {dag.py:3047} INFO - Sync 1 DAGs
[2026-09-08T13:51:50.505+0000] {logging_mixin.py:188} INFO - [2026-09-08T13:51:50.505+0000] {dag.py:3834} INFO - Setting next_dagrun for example_short_circuit_operator to 2026-09-07 00:00:00+00:00, run_after=2026-09-08 00:00:00+00:00
[2026-09-08T13:51:50.528+0000] {processor.py:183} INFO - Processing /home/airflow/.local/lib/python3.8/site-packages/airflow/example_dags/example_short_circuit_operator.py took 0.099 seconds
[2026-09-08T13:52:20.979+0000] {processor.py:161} INFO - Started process (PID=941) to work on /home/airflow/.local/lib/python3.8/site-packages/airflow/example_dags/example_short_circuit_operator.py
[2026-09-08T13:52:21.003+0000] {processor.py:830} INFO - Processing file /home/airflow/.local/lib/python3.8/site-packages/airflow/example_dags/example_short_circuit_operator.py for tasks to queue
[2026-09-08T13:52:21.009+0000] {logging_mixin.py:188} INFO - [2026-09-08T13:52:21.008+0000] {dagbag.py:540} INFO - Filling up the DagBag from /home/airflow/.local/lib/python3.8/site-packages/airflow/example_dags/example_short_circuit_operator.py
[2026-09-08T13:52:21.043+0000] {processor.py:840} INFO - DAG(s) 'example_short_circuit_operator' retrieved from /home/airflow/.local/lib/python3.8/site-packages/airflow/example_dags/example_short_circuit_operator.py
[2026-09-08T13:52:21.148+0000] {logging_mixin.py:188} INFO - [2026-09-08T13:52:21.147+0000] {dag.py:3047} INFO - Sync 1 DAGs
[2026-09-08T13:52:21.276+0000] {logging_mixin.py:188} INFO - [2026-09-08T13:52:21.275+0000] {dag.py:3834} INFO - Setting next_dagrun for example_short_circuit_operator to 2026-09-07 00:00:00+00:00, run_after=2026-09-08 00:00:00+00:00
[2026-09-08T13:52:21.336+0000] {processor.py:183} INFO - Processing /home/airflow/.local/lib/python3.8/site-packages/airflow/example_dags/example_short_circuit_operator.py took 0.365 seconds
