[2026-09-08T13:44:42.405+0000] {processor.py:161} INFO - Started process (PID=78) to work on /home/airflow/.local/lib/python3.8/site-packages/airflow/example_dags/example_complex.py
[2026-09-08T13:44:42.408+0000] {processor.py:830} INFO - Processing file /home/airflow/.local/lib/python3.8/site-packages/airflow/example_dags/example_complex.py for tasks to queue
[2026-09-08T13:44:42.412+0000] {logging_mixin.py:188} INFO - [2026-09-08T13:44:42.411+0000] {dagbag.py:540} INFO - Filling up the DagBag from /home/airflow/.local/lib/python3.8/site-packages/airflow/example_dags/example_complex.py
[2026-09-08T13:44:42.430+0000] {processor.py:840} INFO - DAG(s) 'example_complex' retrieved from /home/airflow/.local/lib/python3.8/site-packages/airflow/example_dags/example_complex.py
[2026-09-08T13:44:42.466+0000] {logging_mixin.py:188} INFO - [2026-09-08T13:44:42.465+0000] {dag.py:3047} INFO - Sync 1 DAGs
[2026-09-08T13:44:42.527+0000] {logging_mixin.py:188} INFO - [2026-09-08T13:44:42.526+0000] {dag.py:3834} INFO - Setting next_dagrun for example_complex to None, run_after=None
[2026-09-08T13:44:42.640+0000] {processor.py:183} INFO - Processing /home/airflow/.local/lib/python3.8/site-packages/airflow/example_dags/example_complex.py took 0.241 seconds
[2026-09-08T13:45:12.727+0000] {processor.py:161} INFO - Started process (PID=134) to work on /home/airflow/.local/lib/python3.8/site-packages/airflow/example_dags/example_complex.py
[2026-09-08T13:45:12.729+0000] {processor.py:830} INFO - Processing file /home/airflow/.local/lib/python3.8/site-packages/airflow/example_dags/example_complex.py for tasks to queue
[2026-09-08T13:45:12.734+0000] {logging_mixin.py:188} INFO - [2026-09-08T13:45:12.732+0000] {dagbag.py:540} INFO - Filling up the DagBag from /home/airflow/.local/lib/python3.8/site-packages/airflow/example_dags/example_complex.py
[2026-09-08T13:45:12.754+0000] {processor.py:840} INFO - DAG(s) 'example_complex' retrieved from /home/airflow/.local/lib/python3.8/site-packages/airflow/example_dags/example_complex.py
[2026-09-08T13:45:13.013+0000] {logging_mixin.py:188} INFO - [2026-09-08T13:45:13.013+0000] {dag.py:3047} INFO - Sync 1 DAGs
[2026-09-08T13:45:13.037+0000] {logging_mixin.py:188} INFO - [2026-09-08T13:45:13.036+0000] {dag.py:3834} INFO - Setting next_dagrun for example_complex to None, run_after=None
[2026-09-08T13:45:13.089+0000] {processor.py:183} INFO - Processing /home/airflow/.local/lib/python3.8/site-packages/airflow/example_dags/example_complex.py took 0.367 seconds
[2026-09-08T13:45:43.176+0000] {processor.py:161} INFO - Started process (PID=190) to work on /home/airflow/.local/lib/python3.8/site-packages/airflow/example_dags/example_complex.py
[2026-09-08T13:45:43.184+0000] {processor.py:830} INFO - Processing file /home/airflow/.local/lib/python3.8/site-packages/airflow/example_dags/example_complex.py for tasks to queue
[2026-09-08T13:45:43.189+0000] {logging_mixin.py:188} INFO - [2026-09-08T13:45:43.188+0000] {dagbag.py:540} INFO - Filling up the DagBag from /home/airflow/.local/lib/python3.8/site-packages/airflow/example_dags/example_complex.py
[2026-09-08T13:45:43.214+0000] {processor.py:840} INFO - DAG(s) 'example_complex' retrieved from /home/airflow/.local/lib/python3.8/site-packages/airflow/example_dags/example_complex.py
[2026-09-08T13:45:43.295+0000] {logging_mixin.py:188} INFO - [2026-09-08T13:45:43.295+0000] {dag.py:3047} INFO - Sync 1 DAGs
[2026-09-08T13:45:43.329+0000] {logging_mixin.py:188} INFO - [2026-09-08T13:45:43.329+0000] {dag.py:3834} INFO - Setting next_dagrun for example_complex to None, run_after=None
[2026-09-08T13:45:43.386+0000] {processor.py:183} INFO - Processing /home/airflow/.local/lib/python3.8/site-packages/airflow/example_dags/example_complex.py took 0.221 seconds
[2026-09-08T13:46:13.749+0000] {processor.py:161} INFO - Started process (PID=252) to work on /home/airflow/.local/lib/python3.8/site-packages/airflow/example_dags/example_complex.py
[2026-09-08T13:46:13.752+0000] {processor.py:830} INFO - Processing file /home/airflow/.local/lib/python3.8/site-packages/airflow/example_dags/example_complex.py for tasks to queue
[2026-09-08T13:46:13.759+0000] {logging_mixin.py:188} INFO - [2026-09-08T13:46:13.758+0000] {dagbag.py:540} INFO - Filling up the DagBag from /home/airflow/.local/lib/python3.8/site-packages/airflow/example_dags/example_complex.py
[2026-09-08T13:46:13.799+0000] {processor.py:840} INFO - DAG(s) 'example_complex' retrieved from /home/airflow/.local/lib/python3.8/site-packages/airflow/example_dags/example_complex.py
[2026-09-08T13:46:13.866+0000] {logging_mixin.py:188} INFO - [2026-09-08T13:46:13.865+0000] {dag.py:3047} INFO - Sync 1 DAGs
[2026-09-08T13:46:13.884+0000] {logging_mixin.py:188} INFO - [2026-09-08T13:46:13.883+0000] {dag.py:3834} INFO - Setting next_dagrun for example_complex to None, run_after=None
[2026-09-08T13:46:13.917+0000] {processor.py:183} INFO - Processing /home/airflow/.local/lib/python3.8/site-packages/airflow/example_dags/example_complex.py took 0.177 seconds
[2026-09-08T13:46:44.782+0000] {processor.py:161} INFO - Started process (PID=309) to work on /home/airflow/.local/lib/python3.8/site-packages/airflow/example_dags/example_complex.py
[2026-09-08T13:46:44.784+0000] {processor.py:830} INFO - Processing file /home/airflow/.local/lib/python3.8/site-packages/airflow/example_dags/example_complex.py for tasks to queue
[2026-09-08T13:46:44.787+0000] {logging_mixin.py:188} INFO - [2026-09-08T13:46:44.786+0000] {dagbag.py:540} INFO - Filling up the DagBag from /home/airflow/.local/lib/python3.8/site-packages/airflow/example_dags/example_complex.py
[2026-09-08T13:46:44.804+0000] {processor.py:840} INFO - DAG(s) 'example_complex' retrieved from /home/airflow/.local/lib/python3.8/site-packages/airflow/example_dags/example_complex.py
[2026-09-08T13:46:44.838+0000] {logging_mixin.py:188} INFO - [2026-09-08T13:46:44.838+0000] {dag.py:3047} INFO - Sync 1 DAGs
[2026-09-08T13:46:44.854+0000] {logging_mixin.py:188} INFO - [2026-09-08T13:46:44.853+0000] {dag.py:3834} INFO - Setting next_dagrun for example_complex to None, run_after=None
[2026-09-08T13:46:44.876+0000] {processor.py:183} INFO - Processing /home/airflow/.local/lib/python3.8/site-packages/airflow/example_dags/example_complex.py took 0.098 seconds
[2026-09-08T13:47:15.314+0000] {processor.py:161} INFO - Started process (PID=370) to work on /home/airflow/.local/lib/python3.8/site-packages/airflow/example_dags/example_complex.py
[2026-09-08T13:47:15.318+0000] {processor.py:830} INFO - Processing file /home/airflow/.local/lib/python3.8/site-packages/airflow/example_dags/example_complex.py for tasks to queue
[2026-09-08T13:47:15.331+0000] {logging_mixin.py:188} INFO - [2026-09-08T13:47:15.330+0000] {dagbag.py:540} INFO - Filling up the DagBag from /home/airflow/.local/lib/python3.8/site-packages/airflow/example_dags/example_complex.py
[2026-09-08T13:47:15.365+0000] {processor.py:840} INFO - DAG(s) 'example_complex' retrieved from /home/airflow/.local/lib/python3.8/site-packages/airflow/example_dags/example_complex.py
[2026-09-08T13:47:15.423+0000] {logging_mixin.py:188} INFO - [2026-09-08T13:47:15.423+0000] {dag.py:3047} INFO - Sync 1 DAGs
[2026-09-08T13:47:15.449+0000] {logging_mixin.py:188} INFO - [2026-09-08T13:47:15.449+0000] {dag.py:3834} INFO - Setting next_dagrun for example_complex to None, run_after=None
[2026-09-08T13:47:15.486+0000] {processor.py:183} INFO - Processing /home/airflow/.local/lib/python3.8/site-packages/airflow/example_dags/example_complex.py took 0.195 seconds
[2026-09-08T13:47:45.674+0000] {processor.py:161} INFO - Started process (PID=427) to work on /home/airflow/.local/lib/python3.8/site-packages/airflow/example_dags/example_complex.py
[2026-09-08T13:47:45.676+0000] {processor.py:830} INFO - Processing file /home/airflow/.local/lib/python3.8/site-packages/airflow/example_dags/example_complex.py for tasks to queue
[2026-09-08T13:47:45.679+0000] {logging_mixin.py:188} INFO - [2026-09-08T13:47:45.678+0000] {dagbag.py:540} INFO - Filling up the DagBag from /home/airflow/.local/lib/python3.8/site-packages/airflow/example_dags/example_complex.py
[2026-09-08T13:47:45.700+0000] {processor.py:840} INFO - DAG(s) 'example_complex' retrieved from /home/airflow/.local/lib/python3.8/site-packages/airflow/example_dags/example_complex.py
[2026-09-08T13:47:45.738+0000] {logging_mixin.py:188} INFO - [2026-09-08T13:47:45.737+0000] {dag.py:3047} INFO - Sync 1 DAGs
[2026-09-08T13:47:45.753+0000] {logging_mixin.py:188} INFO - [2026-09-08T13:47:45.753+0000] {dag.py:3834} INFO - Setting next_dagrun for example_complex to None, run_after=None
[2026-09-08T13:47:45.777+0000] {processor.py:183} INFO - Processing /home/airflow/.local/lib/python3.8/site-packages/airflow/example_dags/example_complex.py took 0.110 seconds
[2026-09-08T13:48:16.023+0000] {processor.py:161} INFO - Started process (PID=484) to work on /home/airflow/.local/lib/python3.8/site-packages/airflow/example_dags/example_complex.py
[2026-09-08T13:48:16.024+0000] {processor.py:830} INFO - Processing file /home/airflow/.local/lib/python3.8/site-packages/airflow/example_dags/example_complex.py for tasks to queue
[2026-09-08T13:48:16.028+0000] {logging_mixin.py:188} INFO - [2026-09-08T13:48:16.028+0000] {dagbag.py:540} INFO - Filling up the DagBag from /home/airflow/.local/lib/python3.8/site-packages/airflow/example_dags/example_complex.py
[2026-09-08T13:48:16.044+0000] {processor.py:840} INFO - DAG(s) 'example_complex' retrieved from /home/airflow/.local/lib/python3.8/site-packages/airflow/example_dags/example_complex.py
[2026-09-08T13:48:16.059+0000] {logging_mixin.py:188} INFO - [2026-09-08T13:48:16.059+0000] {dag.py:3047} INFO - Sync 1 DAGs
[2026-09-08T13:48:16.078+0000] {logging_mixin.py:188} INFO - [2026-09-08T13:48:16.077+0000] {dag.py:3834} INFO - Setting next_dagrun for example_complex to None, run_after=None
[2026-09-08T13:48:16.103+0000] {processor.py:183} INFO - Processing /home/airflow/.local/lib/python3.8/site-packages/airflow/example_dags/example_complex.py took 0.086 seconds
[2026-09-08T13:48:46.617+0000] {processor.py:161} INFO - Started process (PID=540) to work on /home/airflow/.local/lib/python3.8/site-packages/airflow/example_dags/example_complex.py
[2026-09-08T13:48:46.619+0000] {processor.py:830} INFO - Processing file /home/airflow/.local/lib/python3.8/site-packages/airflow/example_dags/example_complex.py for tasks to queue
[2026-09-08T13:48:46.622+0000] {logging_mixin.py:188} INFO - [2026-09-08T13:48:46.621+0000] {dagbag.py:540} INFO - Filling up the DagBag from /home/airflow/.local/lib/python3.8/site-packages/airflow/example_dags/example_complex.py
[2026-09-08T13:48:46.638+0000] {processor.py:840} INFO - DAG(s) 'example_complex' retrieved from /home/airflow/.local/lib/python3.8/site-packages/airflow/example_dags/example_complex.py
[2026-09-08T13:48:46.820+0000] {logging_mixin.py:188} INFO - [2026-09-08T13:48:46.820+0000] {dag.py:3047} INFO - Sync 1 DAGs
[2026-09-08T13:48:46.834+0000] {logging_mixin.py:188} INFO - [2026-09-08T13:48:46.834+0000] {dag.py:3834} INFO - Setting next_dagrun for example_complex to None, run_after=None
[2026-09-08T13:48:46.854+0000] {processor.py:183} INFO - Processing /home/airflow/.local/lib/python3.8/site-packages/airflow/example_dags/example_complex.py took 0.242 seconds
[2026-09-08T13:49:16.971+0000] {processor.py:161} INFO - Started process (PID=597) to work on /home/airflow/.local/lib/python3.8/site-packages/airflow/example_dags/example_complex.py
[2026-09-08T13:49:16.972+0000] {processor.py:830} INFO - Processing file /home/airflow/.local/lib/python3.8/site-packages/airflow/example_dags/example_complex.py for tasks to queue
[2026-09-08T13:49:16.975+0000] {logging_mixin.py:188} INFO - [2026-09-08T13:49:16.974+0000] {dagbag.py:540} INFO - Filling up the DagBag from /home/airflow/.local/lib/python3.8/site-packages/airflow/example_dags/example_complex.py
[2026-09-08T13:49:16.987+0000] {processor.py:840} INFO - DAG(s) 'example_complex' retrieved from /home/airflow/.local/lib/python3.8/site-packages/airflow/example_dags/example_complex.py
[2026-09-08T13:49:17.025+0000] {logging_mixin.py:188} INFO - [2026-09-08T13:49:17.025+0000] {dag.py:3047} INFO - Sync 1 DAGs
[2026-09-08T13:49:17.040+0000] {logging_mixin.py:188} INFO - [2026-09-08T13:49:17.040+0000] {dag.py:3834} INFO - Setting next_dagrun for example_complex to None, run_after=None
[2026-09-08T13:49:17.063+0000] {processor.py:183} INFO - Processing /home/airflow/.local/lib/python3.8/site-packages/airflow/example_dags/example_complex.py took 0.096 seconds
[2026-09-08T13:49:47.184+0000] {processor.py:161} INFO - Started process (PID=654) to work on /home/airflow/.local/lib/python3.8/site-packages/airflow/example_dags/example_complex.py
[2026-09-08T13:49:47.186+0000] {processor.py:830} INFO - Processing file /home/airflow/.local/lib/python3.8/site-packages/airflow/example_dags/example_complex.py for tasks to queue
[2026-09-08T13:49:47.188+0000] {logging_mixin.py:188} INFO - [2026-09-08T13:49:47.188+0000] {dagbag.py:540} INFO - Filling up the DagBag from /home/airflow/.local/lib/python3.8/site-packages/airflow/example_dags/example_complex.py
[2026-09-08T13:49:47.200+0000] {processor.py:840} INFO - DAG(s) 'example_complex' retrieved from /home/airflow/.local/lib/python3.8/site-packages/airflow/example_dags/example_complex.py
[2026-09-08T13:49:47.232+0000] {logging_mixin.py:188} INFO - [2026-09-08T13:49:47.231+0000] {dag.py:3047} INFO - Sync 1 DAGs
[2026-09-08T13:49:47.245+0000] {logging_mixin.py:188} INFO - [2026-09-08T13:49:47.245+0000] {dag.py:3834} INFO - Setting next_dagrun for example_complex to None, run_after=None
[2026-09-08T13:49:47.268+0000] {processor.py:183} INFO - Processing /home/airflow/.local/lib/python3.8/site-packages/airflow/example_dags/example_complex.py took 0.087 seconds
[2026-09-08T13:50:17.475+0000] {processor.py:161} INFO - Started process (PID=711) to work on /home/airflow/.local/lib/python3.8/site-packages/airflow/example_dags/example_complex.py
[2026-09-08T13:50:17.477+0000] {processor.py:830} INFO - Processing file /home/airflow/.local/lib/python3.8/site-packages/airflow/example_dags/example_complex.py for tasks to queue
[2026-09-08T13:50:17.481+0000] {logging_mixin.py:188} INFO - [2026-09-08T13:50:17.480+0000] {dagbag.py:540} INFO - Filling up the DagBag from /home/airflow/.local/lib/python3.8/site-packages/airflow/example_dags/example_complex.py
[2026-09-08T13:50:17.496+0000] {processor.py:840} INFO - DAG(s) 'example_complex' retrieved from /home/airflow/.local/lib/python3.8/site-packages/airflow/example_dags/example_complex.py
[2026-09-08T13:50:17.536+0000] {logging_mixin.py:188} INFO - [2026-09-08T13:50:17.536+0000] {dag.py:3047} INFO - Sync 1 DAGs
[2026-09-08T13:50:17.556+0000] {logging_mixin.py:188} INFO - [2026-09-08T13:50:17.555+0000] {dag.py:3834} INFO - Setting next_dagrun for example_complex to None, run_after=None
[2026-09-08T13:50:17.579+0000] {processor.py:183} INFO - Processing /home/airflow/.local/lib/python3.8/site-packages/airflow/example_dags/example_complex.py took 0.111 seconds
[2026-09-08T13:50:47.724+0000] {processor.py:161} INFO - Started process (PID=768) to work on /home/airflow/.local/lib/python3.8/site-packages/airflow/example_dags/example_complex.py
[2026-09-08T13:50:47.726+0000] {processor.py:830} INFO - Processing file /home/airflow/.local/lib/python3.8/site-packages/airflow/example_dags/example_complex.py for tasks to queue
[2026-09-08T13:50:47.729+0000] {logging_mixin.py:188} INFO - [2026-09-08T13:50:47.729+0000] {dagbag.py:540} INFO - Filling up the DagBag from /home/airflow/.local/lib/python3.8/site-packages/airflow/example_dags/example_complex.py
[2026-09-08T13:50:47.742+0000] {processor.py:840} INFO - DAG(s) 'example_complex' retrieved from /home/airflow/.local/lib/python3.8/site-packages/airflow/example_dags/example_complex.py
[2026-09-08T13:50:47.779+0000] {logging_mixin.py:188} INFO - [2026-09-08T13:50:47.779+0000] {dag.py:3047} INFO - Sync 1 DAGs
[2026-09-08T13:50:47.794+0000] {logging_mixin.py:188} INFO - [2026-09-08T13:50:47.793+0000] {dag.py:3834} INFO - Setting next_dagrun for example_complex to None, run_after=None
[2026-09-08T13:50:47.815+0000] {processor.py:183} INFO - Processing /home/airflow/.local/lib/python3.8/site-packages/airflow/example_dags/example_complex.py took 0.095 seconds
[2026-09-08T13:51:18.056+0000] {processor.py:161} INFO - Started process (PID=825) to work on /home/airflow/.local/lib/python3.8/site-packages/airflow/example_dags/example_complex.py
[2026-09-08T13:51:18.058+0000] {processor.py:830} INFO - Processing file /home/airflow/.local/lib/python3.8/site-packages/airflow/example_dags/example_complex.py for tasks to queue
[2026-09-08T13:51:18.061+0000] {logging_mixin.py:188} INFO - [2026-09-08T13:51:18.061+0000] {dagbag.py:540} INFO - Filling up the DagBag from /home/airflow/.local/lib/python3.8/site-packages/airflow/example_dags/example_complex.py
[2026-09-08T13:51:18.075+0000] {processor.py:840} INFO - DAG(s) 'example_complex' retrieved from /home/airflow/.local/lib/python3.8/site-packages/airflow/example_dags/example_complex.py
[2026-09-08T13:51:18.105+0000] {logging_mixin.py:188} INFO - [2026-09-08T13:51:18.105+0000] {dag.py:3047} INFO - Sync 1 DAGs
[2026-09-08T13:51:18.118+0000] {logging_mixin.py:188} INFO - [2026-09-08T13:51:18.118+0000] {dag.py:3834} INFO - Setting next_dagrun for example_complex to None, run_after=None
[2026-09-08T13:51:18.139+0000] {processor.py:183} INFO - Processing /home/airflow/.local/lib/python3.8/site-packages/airflow/example_dags/example_complex.py took 0.087 seconds
[2026-09-08T13:51:48.294+0000] {processor.py:161} INFO - Started process (PID=882) to work on /home/airflow/.local/lib/python3.8/site-packages/airflow/example_dags/example_complex.py
[2026-09-08T13:51:48.295+0000] {processor.py:830} INFO - Processing file /home/airflow/.local/lib/python3.8/site-packages/airflow/example_dags/example_complex.py for tasks to queue
[2026-09-08T13:51:48.298+0000] {logging_mixin.py:188} INFO - [2026-09-08T13:51:48.298+0000] {dagbag.py:540} INFO - Filling up the DagBag from /home/airflow/.local/lib/python3.8/site-packages/airflow/example_dags/example_complex.py
[2026-09-08T13:51:48.311+0000] {processor.py:840} INFO - DAG(s) 'example_complex' retrieved from /home/airflow/.local/lib/python3.8/site-packages/airflow/example_dags/example_complex.py
[2026-09-08T13:51:48.341+0000] {logging_mixin.py:188} INFO - [2026-09-08T13:51:48.341+0000] {dag.py:3047} INFO - Sync 1 DAGs
[2026-09-08T13:51:48.354+0000] {logging_mixin.py:188} INFO - [2026-09-08T13:51:48.354+0000] {dag.py:3834} INFO - Setting next_dagrun for example_complex to None, run_after=None
[2026-09-08T13:51:48.378+0000] {processor.py:183} INFO - Processing /home/airflow/.local/lib/python3.8/site-packages/airflow/example_dags/example_complex.py took 0.089 seconds
[2026-09-08T13:52:18.799+0000] {processor.py:161} INFO - Started process (PID=939) to work on /home/airflow/.local/lib/python3.8/site-packages/airflow/example_dags/example_complex.py
[2026-09-08T13:52:18.801+0000] {processor.py:830} INFO - Processing file /home/airflow/.local/lib/python3.8/site-packages/airflow/example_dags/example_complex.py for tasks to queue
[2026-09-08T13:52:18.803+0000] {logging_mixin.py:188} INFO - [2026-09-08T13:52:18.803+0000] {dagbag.py:540} INFO - Filling up the DagBag from /home/airflow/.local/lib/python3.8/site-packages/airflow/example_dags/example_complex.py
[2026-09-08T13:52:18.819+0000] {processor.py:840} INFO - DAG(s) 'example_complex' retrieved from /home/airflow/.local/lib/python3.8/site-packages/airflow/example_dags/example_complex.py
[2026-09-08T13:52:18.867+0000] {logging_mixin.py:188} INFO - [2026-09-08T13:52:18.867+0000] {dag.py:3047} INFO - Sync 1 DAGs
[2026-09-08T13:52:18.885+0000] {logging_mixin.py:188} INFO - [2026-09-08T13:52:18.884+0000] {dag.py:3834} INFO - Setting next_dagrun for example_complex to None, run_after=None
[2026-09-08T13:52:18.911+0000] {processor.py:183} INFO - Processing /home/airflow/.local/lib/python3.8/site-packages/airflow/example_dags/example_complex.py took 0.119 seconds
