[2026-09-08T13:44:43.620+0000] {processor.py:161} INFO - Started process (PID=85) to work on /home/airflow/.local/lib/python3.8/site-packages/airflow/example_dags/example_sensors.py
[2026-09-08T13:44:43.629+0000] {processor.py:830} INFO - Processing file /home/airflow/.local/lib/python3.8/site-packages/airflow/example_dags/example_sensors.py for tasks to queue
[2026-09-08T13:44:43.634+0000] {logging_mixin.py:188} INFO - [2026-09-08T13:44:43.634+0000] {dagbag.py:540} INFO - Filling up the DagBag from /home/airflow/.local/lib/python3.8/site-packages/airflow/example_dags/example_sensors.py
[2026-09-08T13:44:43.659+0000] {processor.py:840} INFO - DAG(s) 'example_sensors' retrieved from /home/airflow/.local/lib/python3.8/site-packages/airflow/example_dags/example_sensors.py
[2026-09-08T13:44:43.684+0000] {logging_mixin.py:188} INFO - [2026-09-08T13:44:43.683+0000] {dag.py:3047} INFO - Sync 1 DAGs
[2026-09-08T13:44:43.716+0000] {logging_mixin.py:188} INFO - [2026-09-08T13:44:43.715+0000] {dag.py:3834} INFO - Setting next_dagrun for example_sensors to None, run_after=None
[2026-09-08T13:44:43.769+0000] {processor.py:183} INFO - Processing /home/airflow/.local/lib/python3.8/site-packages/airflow/example_dags/example_sensors.py took 0.155 seconds
[2026-09-08T13:45:14.350+0000] {processor.py:161} INFO - Started process (PID=142) to work on /home/airflow/.local/lib/python3.8/site-packages/airflow/example_dags/example_sensors.py
[2026-09-08T13:45:14.352+0000] {processor.py:830} INFO - Processing file /home/airflow/.local/lib/python3.8/site-packages/airflow/example_dags/example_sensors.py for tasks to queue
[2026-09-08T13:45:14.357+0000] {logging_mixin.py:188} INFO - [2026-09-08T13:45:14.357+0000] {dagbag.py:540} INFO - Filling up the DagBag from /home/airflow/.local/lib/python3.8/site-packages/airflow/example_dags/example_sensors.py
[2026-09-08T13:45:14.375+0000] {processor.py:840} INFO - DAG(s) 'example_sensors' retrieved from /home/airflow/.local/lib/python3.8/site-packages/airflow/example_dags/example_sensors.py
[2026-09-08T13:45:14.539+0000] {logging_mixin.py:188} INFO - [2026-09-08T13:45:14.539+0000] {dag.py:3047} INFO - Sync 1 DAGs
[2026-09-08T13:45:14.553+0000] {logging_mixin.py:188} INFO - [2026-09-08T13:45:14.553+0000] {dag.py:3834} INFO - Setting next_dagrun for example_sensors to None, run_after=None
[2026-09-08T13:45:14.599+0000] {processor.py:183} INFO - Processing /home/airflow/.local/lib/python3.8/site-packages/airflow/example_dags/example_sensors.py took 0.254 seconds
[2026-09-08T13:45:46.226+0000] {processor.py:161} INFO - Started process (PID=199) to work on /home/airflow/.local/lib/python3.8/site-packages/airflow/example_dags/example_sensors.py
[2026-09-08T13:45:46.259+0000] {processor.py:830} INFO - Processing file /home/airflow/.local/lib/python3.8/site-packages/airflow/example_dags/example_sensors.py for tasks to queue
[2026-09-08T13:45:46.277+0000] {logging_mixin.py:188} INFO - [2026-09-08T13:45:46.277+0000] {dagbag.py:540} INFO - Filling up the DagBag from /home/airflow/.local/lib/python3.8/site-packages/airflow/example_dags/example_sensors.py
[2026-09-08T13:45:46.331+0000] {processor.py:840} INFO - DAG(s) 'example_sensors' retrieved from /home/airflow/.local/lib/python3.8/site-packages/airflow/example_dags/example_sensors.py
[2026-09-08T13:45:46.409+0000] {logging_mixin.py:188} INFO - [2026-09-08T13:45:46.408+0000] {dag.py:3047} INFO - Sync 1 DAGs
[2026-09-08T13:45:46.472+0000] {logging_mixin.py:188} INFO - [2026-09-08T13:45:46.471+0000] {dag.py:3834} INFO - Setting next_dagrun for example_sensors to None, run_after=None
[2026-09-08T13:45:46.548+0000] {processor.py:183} INFO - Processing /home/airflow/.local/lib/python3.8/site-packages/airflow/example_dags/example_sensors.py took 0.328 seconds
[2026-09-08T13:46:16.690+0000] {processor.py:161} INFO - Started process (PID=261) to work on /home/airflow/.local/lib/python3.8/site-packages/airflow/example_dags/example_sensors.py
[2026-09-08T13:46:16.692+0000] {processor.py:830} INFO - Processing file /home/airflow/.local/lib/python3.8/site-packages/airflow/example_dags/example_sensors.py for tasks to queue
[2026-09-08T13:46:16.699+0000] {logging_mixin.py:188} INFO - [2026-09-08T13:46:16.698+0000] {dagbag.py:540} INFO - Filling up the DagBag from /home/airflow/.local/lib/python3.8/site-packages/airflow/example_dags/example_sensors.py
[2026-09-08T13:46:16.724+0000] {processor.py:840} INFO - DAG(s) 'example_sensors' retrieved from /home/airflow/.local/lib/python3.8/site-packages/airflow/example_dags/example_sensors.py
[2026-09-08T13:46:16.755+0000] {logging_mixin.py:188} INFO - [2026-09-08T13:46:16.755+0000] {dag.py:3047} INFO - Sync 1 DAGs
[2026-09-08T13:46:16.772+0000] {logging_mixin.py:188} INFO - [2026-09-08T13:46:16.772+0000] {dag.py:3834} INFO - Setting next_dagrun for example_sensors to None, run_after=None
[2026-09-08T13:46:16.794+0000] {processor.py:183} INFO - Processing /home/airflow/.local/lib/python3.8/site-packages/airflow/example_dags/example_sensors.py took 0.114 seconds
[2026-09-08T13:46:47.564+0000] {processor.py:161} INFO - Started process (PID=318) to work on /home/airflow/.local/lib/python3.8/site-packages/airflow/example_dags/example_sensors.py
[2026-09-08T13:46:47.567+0000] {processor.py:830} INFO - Processing file /home/airflow/.local/lib/python3.8/site-packages/airflow/example_dags/example_sensors.py for tasks to queue
[2026-09-08T13:46:47.570+0000] {logging_mixin.py:188} INFO - [2026-09-08T13:46:47.569+0000] {dagbag.py:540} INFO - Filling up the DagBag from /home/airflow/.local/lib/python3.8/site-packages/airflow/example_dags/example_sensors.py
[2026-09-08T13:46:47.582+0000] {processor.py:840} INFO - DAG(s) 'example_sensors' retrieved from /home/airflow/.local/lib/python3.8/site-packages/airflow/example_dags/example_sensors.py
[2026-09-08T13:46:47.620+0000] {logging_mixin.py:188} INFO - [2026-09-08T13:46:47.620+0000] {dag.py:3047} INFO - Sync 1 DAGs
[2026-09-08T13:46:47.635+0000] {logging_mixin.py:188} INFO - [2026-09-08T13:46:47.635+0000] {dag.py:3834} INFO - Setting next_dagrun for example_sensors to None, run_after=None
[2026-09-08T13:46:47.658+0000] {processor.py:183} INFO - Processing /home/airflow/.local/lib/python3.8/site-packages/airflow/example_dags/example_sensors.py took 0.099 seconds
[2026-09-08T13:47:18.705+0000] {processor.py:161} INFO - Started process (PID=379) to work on /home/airflow/.local/lib/python3.8/site-packages/airflow/example_dags/example_sensors.py
[2026-09-08T13:47:18.708+0000] {processor.py:830} INFO - Processing file /home/airflow/.local/lib/python3.8/site-packages/airflow/example_dags/example_sensors.py for tasks to queue
[2026-09-08T13:47:18.712+0000] {logging_mixin.py:188} INFO - [2026-09-08T13:47:18.712+0000] {dagbag.py:540} INFO - Filling up the DagBag from /home/airflow/.local/lib/python3.8/site-packages/airflow/example_dags/example_sensors.py
[2026-09-08T13:47:18.733+0000] {processor.py:840} INFO - DAG(s) 'example_sensors' retrieved from /home/airflow/.local/lib/python3.8/site-packages/airflow/example_dags/example_sensors.py
[2026-09-08T13:47:18.817+0000] {logging_mixin.py:188} INFO - [2026-09-08T13:47:18.817+0000] {dag.py:3047} INFO - Sync 1 DAGs
[2026-09-08T13:47:18.846+0000] {logging_mixin.py:188} INFO - [2026-09-08T13:47:18.846+0000] {dag.py:3834} INFO - Setting next_dagrun for example_sensors to None, run_after=None
[2026-09-08T13:47:18.871+0000] {processor.py:183} INFO - Processing /home/airflow/.local/lib/python3.8/site-packages/airflow/example_dags/example_sensors.py took 0.170 seconds
[2026-09-08T13:47:49.404+0000] {processor.py:161} INFO - Started process (PID=436) to work on /home/airflow/.local/lib/python3.8/site-packages/airflow/example_dags/example_sensors.py
[2026-09-08T13:47:49.413+0000] {processor.py:830} INFO - Processing file /home/airflow/.local/lib/python3.8/site-packages/airflow/example_dags/example_sensors.py for tasks to queue
[2026-09-08T13:47:49.418+0000] {logging_mixin.py:188} INFO - [2026-09-08T13:47:49.417+0000] {dagbag.py:540} INFO - Filling up the DagBag from /home/airflow/.local/lib/python3.8/site-packages/airflow/example_dags/example_sensors.py
[2026-09-08T13:47:49.435+0000] {processor.py:840} INFO - DAG(s) 'example_sensors' retrieved from /home/airflow/.local/lib/python3.8/site-packages/airflow/example_dags/example_sensors.py
[2026-09-08T13:47:49.466+0000] {logging_mixin.py:188} INFO - [2026-09-08T13:47:49.465+0000] {dag.py:3047} INFO - Sync 1 DAGs
[2026-09-08T13:47:49.481+0000] {logging_mixin.py:188} INFO - [2026-09-08T13:47:49.480+0000] {dag.py:3834} INFO - Setting next_dagrun for example_sensors to None, run_after=None
[2026-09-08T13:47:49.504+0000] {processor.py:183} INFO - Processing /home/airflow/.local/lib/python3.8/site-packages/airflow/example_dags/example_sensors.py took 0.107 seconds
[2026-09-08T13:48:19.662+0000] {processor.py:161} INFO - Started process (PID=492) to work on /home/airflow/.local/lib/python3.8/site-packages/airflow/example_dags/example_sensors.py
[2026-09-08T13:48:19.664+0000] {processor.py:830} INFO - Processing file /home/airflow/.local/lib/python3.8/site-packages/airflow/example_dags/example_sensors.py for tasks to queue
[2026-09-08T13:48:19.666+0000] {logging_mixin.py:188} INFO - [2026-09-08T13:48:19.666+0000] {dagbag.py:540} INFO - Filling up the DagBag from /home/airflow/.local/lib/python3.8/site-packages/airflow/example_dags/example_sensors.py
[2026-09-08T13:48:19.681+0000] {processor.py:840} INFO - DAG(s) 'example_sensors' retrieved from /home/airflow/.local/lib/python3.8/site-packages/airflow/example_dags/example_sensors.py
[2026-09-08T13:48:19.839+0000] {logging_mixin.py:188} INFO - [2026-09-08T13:48:19.838+0000] {dag.py:3047} INFO - Sync 1 DAGs
[2026-09-08T13:48:19.866+0000] {logging_mixin.py:188} INFO - [2026-09-08T13:48:19.866+0000] {dag.py:3834} INFO - Setting next_dagrun for example_sensors to None, run_after=None
[2026-09-08T13:48:19.920+0000] {processor.py:183} INFO - Processing /home/airflow/.local/lib/python3.8/site-packages/airflow/example_dags/example_sensors.py took 0.262 seconds
[2026-09-08T13:48:50.647+0000] {processor.py:161} INFO - Started process (PID=547) to work on /home/airflow/.local/lib/python3.8/site-packages/airflow/example_dags/example_sensors.py
[2026-09-08T13:48:50.649+0000] {processor.py:830} INFO - Processing file /home/airflow/.local/lib/python3.8/site-packages/airflow/example_dags/example_sensors.py for tasks to queue
[2026-09-08T13:48:50.653+0000] {logging_mixin.py:188} INFO - [2026-09-08T13:48:50.652+0000] {dagbag.py:540} INFO - Filling up the DagBag from /home/airflow/.local/lib/python3.8/site-packages/airflow/example_dags/example_sensors.py
[2026-09-08T13:48:50.663+0000] {processor.py:840} INFO - DAG(s) 'example_sensors' retrieved from /home/airflow/.local/lib/python3.8/site-packages/airflow/example_dags/example_sensors.py
[2026-09-08T13:48:50.693+0000] {logging_mixin.py:188} INFO - [2026-09-08T13:48:50.693+0000] {dag.py:3047} INFO - Sync 1 DAGs
[2026-09-08T13:48:50.710+0000] {logging_mixin.py:188} INFO - [2026-09-08T13:48:50.709+0000] {dag.py:3834} INFO - Setting next_dagrun for example_sensors to None, run_after=None
[2026-09-08T13:48:50.733+0000] {processor.py:183} INFO - Processing /home/airflow/.local/lib/python3.8/site-packages/airflow/example_dags/example_sensors.py took 0.090 seconds
[2026-09-08T13:49:21.608+0000] {processor.py:161} INFO - Started process (PID=604) to work on /home/airflow/.local/lib/python3.8/site-packages/airflow/example_dags/example_sensors.py
[2026-09-08T13:49:21.610+0000] {processor.py:830} INFO - Processing file /home/airflow/.local/lib/python3.8/site-packages/airflow/example_dags/example_sensors.py for tasks to queue
[2026-09-08T13:49:21.614+0000] {logging_mixin.py:188} INFO - [2026-09-08T13:49:21.613+0000] {dagbag.py:540} INFO - Filling up the DagBag from /home/airflow/.local/lib/python3.8/site-packages/airflow/example_dags/example_sensors.py
[2026-09-08T13:49:21.626+0000] {processor.py:840} INFO - DAG(s) 'example_sensors' retrieved from /home/airflow/.local/lib/python3.8/site-packages/airflow/example_dags/example_sensors.py
[2026-09-08T13:49:21.656+0000] {logging_mixin.py:188} INFO - [2026-09-08T13:49:21.656+0000] {dag.py:3047} INFO - Sync 1 DAGs
[2026-09-08T13:49:21.671+0000] {logging_mixin.py:188} INFO - [2026-09-08T13:49:21.671+0000] {dag.py:3834} INFO - Setting next_dagrun for example_sensors to None, run_after=None
[2026-09-08T13:49:21.697+0000] {processor.py:183} INFO - Processing /home/airflow/.local/lib/python3.8/site-packages/airflow/example_dags/example_sensors.py took 0.093 seconds
[2026-09-08T13:49:51.783+0000] {processor.py:161} INFO - Started process (PID=661) to work on /home/airflow/.local/lib/python3.8/site-packages/airflow/example_dags/example_sensors.py
[2026-09-08T13:49:51.786+0000] {processor.py:830} INFO - Processing file /home/airflow/.local/lib/python3.8/site-packages/airflow/example_dags/example_sensors.py for tasks to queue
[2026-09-08T13:49:51.789+0000] {logging_mixin.py:188} INFO - [2026-09-08T13:49:51.789+0000] {dagbag.py:540} INFO - Filling up the DagBag from /home/airflow/.local/lib/python3.8/site-packages/airflow/example_dags/example_sensors.py
[2026-09-08T13:49:51.804+0000] {processor.py:840} INFO - DAG(s) 'example_sensors' retrieved from /home/airflow/.local/lib/python3.8/site-packages/airflow/example_dags/example_sensors.py
[2026-09-08T13:49:51.839+0000] {logging_mixin.py:188} INFO - [2026-09-08T13:49:51.838+0000] {dag.py:3047} INFO - Sync 1 DAGs
[2026-09-08T13:49:51.857+0000] {logging_mixin.py:188} INFO - [2026-09-08T13:49:51.856+0000] {dag.py:3834} INFO - Setting next_dagrun for example_sensors to None, run_after=None
[2026-09-08T13:49:51.903+0000] {processor.py:183} INFO - Processing /home/airflow/.local/lib/python3.8/site-packages/airflow/example_dags/example_sensors.py took 0.127 seconds
[2026-09-08T13:50:22.106+0000] {processor.py:161} INFO - Started process (PID=718) to work on /home/airflow/.local/lib/python3.8/site-packages/airflow/example_dags/example_sensors.py
[2026-09-08T13:50:22.109+0000] {processor.py:830} INFO - Processing file /home/airflow/.local/lib/python3.8/site-packages/airflow/example_dags/example_sensors.py for tasks to queue
[2026-09-08T13:50:22.112+0000] {logging_mixin.py:188} INFO - [2026-09-08T13:50:22.112+0000] {dagbag.py:540} INFO - Filling up the DagBag from /home/airflow/.local/lib/python3.8/site-packages/airflow/example_dags/example_sensors.py
[2026-09-08T13:50:22.128+0000] {processor.py:840} INFO - DAG(s) 'example_sensors' retrieved from /home/airflow/.local/lib/python3.8/site-packages/airflow/example_dags/example_sensors.py
[2026-09-08T13:50:22.162+0000] {logging_mixin.py:188} INFO - [2026-09-08T13:50:22.162+0000] {dag.py:3047} INFO - Sync 1 DAGs
[2026-09-08T13:50:22.177+0000] {logging_mixin.py:188} INFO - [2026-09-08T13:50:22.177+0000] {dag.py:3834} INFO - Setting next_dagrun for example_sensors to None, run_after=None
[2026-09-08T13:50:22.200+0000] {processor.py:183} INFO - Processing /home/airflow/.local/lib/python3.8/site-packages/airflow/example_dags/example_sensors.py took 0.098 seconds
[2026-09-08T13:50:52.324+0000] {processor.py:161} INFO - Started process (PID=775) to work on /home/airflow/.local/lib/python3.8/site-packages/airflow/example_dags/example_sensors.py
[2026-09-08T13:50:52.327+0000] {processor.py:830} INFO - Processing file /home/airflow/.local/lib/python3.8/site-packages/airflow/example_dags/example_sensors.py for tasks to queue
[2026-09-08T13:50:52.329+0000] {logging_mixin.py:188} INFO - [2026-09-08T13:50:52.329+0000] {dagbag.py:540} INFO - Filling up the DagBag from /home/airflow/.local/lib/python3.8/site-packages/airflow/example_dags/example_sensors.py
[2026-09-08T13:50:52.340+0000] {processor.py:840} INFO - DAG(s) 'example_sensors' retrieved from /home/airflow/.local/lib/python3.8/site-packages/airflow/example_dags/example_sensors.py
[2026-09-08T13:50:52.370+0000] {logging_mixin.py:188} INFO - [2026-09-08T13:50:52.370+0000] {dag.py:3047} INFO - Sync 1 DAGs
[2026-09-08T13:50:52.385+0000] {logging_mixin.py:188} INFO - [2026-09-08T13:50:52.384+0000] {dag.py:3834} INFO - Setting next_dagrun for example_sensors to None, run_after=None
[2026-09-08T13:50:52.406+0000] {processor.py:183} INFO - Processing /home/airflow/.local/lib/python3.8/site-packages/airflow/example_dags/example_sensors.py took 0.086 seconds
[2026-09-08T13:51:22.526+0000] {processor.py:161} INFO - Started process (PID=832) to work on /home/airflow/.local/lib/python3.8/site-packages/airflow/example_dags/example_sensors.py
[2026-09-08T13:51:22.528+0000] {processor.py:830} INFO - Processing file /home/airflow/.local/lib/python3.8/site-packages/airflow/example_dags/example_sensors.py for tasks to queue
[2026-09-08T13:51:22.531+0000] {logging_mixin.py:188} INFO - [2026-09-08T13:51:22.530+0000] {dagbag.py:540} INFO - Filling up the DagBag from /home/airflow/.local/lib/python3.8/site-packages/airflow/example_dags/example_sensors.py
[2026-09-08T13:51:22.542+0000] {processor.py:840} INFO - DAG(s) 'example_sensors' retrieved from /home/airflow/.local/lib/python3.8/site-packages/airflow/example_dags/example_sensors.py
[2026-09-08T13:51:22.575+0000] {logging_mixin.py:188} INFO - [2026-09-08T13:51:22.575+0000] {dag.py:3047} INFO - Sync 1 DAGs
[2026-09-08T13:51:22.592+0000] {logging_mixin.py:188} INFO - [2026-09-08T13:51:22.592+0000] {dag.py:3834} INFO - Setting next_dagrun for example_sensors to None, run_after=None
[2026-09-08T13:51:22.617+0000] {processor.py:183} INFO - Processing /home/airflow/.local/lib/python3.8/site-packages/airflow/example_dags/example_sensors.py took 0.096 seconds
[2026-09-08T13:51:52.753+0000] {processor.py:161} INFO - Started process (PID=889) to work on /home/airflow/.local/lib/python3.8/site-packages/airflow/example_dags/example_sensors.py
[2026-09-08T13:51:52.755+0000] {processor.py:830} INFO - Processing file /home/airflow/.local/lib/python3.8/site-packages/airflow/example_dags/example_sensors.py for tasks to queue
[2026-09-08T13:51:52.759+0000] {logging_mixin.py:188} INFO - [2026-09-08T13:51:52.758+0000] {dagbag.py:540} INFO - Filling up the DagBag from /home/airflow/.local/lib/python3.8/site-packages/airflow/example_dags/example_sensors.py
[2026-09-08T13:51:52.770+0000] {processor.py:840} INFO - DAG(s) 'example_sensors' retrieved from /home/airflow/.local/lib/python3.8/site-packages/airflow/example_dags/example_sensors.py
[2026-09-08T13:51:52.802+0000] {logging_mixin.py:188} INFO - [2026-09-08T13:51:52.802+0000] {dag.py:3047} INFO - Sync 1 DAGs
[2026-09-08T13:51:52.816+0000] {logging_mixin.py:188} INFO - [2026-09-08T13:51:52.816+0000] {dag.py:3834} INFO - Setting next_dagrun for example_sensors to None, run_after=None
[2026-09-08T13:51:52.838+0000] {processor.py:183} INFO - Processing /home/airflow/.local/lib/python3.8/site-packages/airflow/example_dags/example_sensors.py took 0.089 seconds
[2026-09-08T13:52:23.216+0000] {processor.py:161} INFO - Started process (PID=946) to work on /home/airflow/.local/lib/python3.8/site-packages/airflow/example_dags/example_sensors.py
[2026-09-08T13:52:23.218+0000] {processor.py:830} INFO - Processing file /home/airflow/.local/lib/python3.8/site-packages/airflow/example_dags/example_sensors.py for tasks to queue
[2026-09-08T13:52:23.222+0000] {logging_mixin.py:188} INFO - [2026-09-08T13:52:23.221+0000] {dagbag.py:540} INFO - Filling up the DagBag from /home/airflow/.local/lib/python3.8/site-packages/airflow/example_dags/example_sensors.py
[2026-09-08T13:52:23.234+0000] {processor.py:840} INFO - DAG(s) 'example_sensors' retrieved from /home/airflow/.local/lib/python3.8/site-packages/airflow/example_dags/example_sensors.py
[2026-09-08T13:52:23.267+0000] {logging_mixin.py:188} INFO - [2026-09-08T13:52:23.266+0000] {dag.py:3047} INFO - Sync 1 DAGs
[2026-09-08T13:52:23.283+0000] {logging_mixin.py:188} INFO - [2026-09-08T13:52:23.282+0000] {dag.py:3834} INFO - Setting next_dagrun for example_sensors to None, run_after=None
[2026-09-08T13:52:23.309+0000] {processor.py:183} INFO - Processing /home/airflow/.local/lib/python3.8/site-packages/airflow/example_dags/example_sensors.py took 0.099 seconds
