[2026-09-08T13:44:47.541+0000] {processor.py:161} INFO - Started process (PID=103) to work on /home/airflow/.local/lib/python3.8/site-packages/airflow/example_dags/example_branch_datetime_operator.py
[2026-09-08T13:44:47.543+0000] {processor.py:830} INFO - Processing file /home/airflow/.local/lib/python3.8/site-packages/airflow/example_dags/example_branch_datetime_operator.py for tasks to queue
[2026-09-08T13:44:47.548+0000] {logging_mixin.py:188} INFO - [2026-09-08T13:44:47.547+0000] {dagbag.py:540} INFO - Filling up the DagBag from /home/airflow/.local/lib/python3.8/site-packages/airflow/example_dags/example_branch_datetime_operator.py
[2026-09-08T13:44:47.570+0000] {processor.py:840} INFO - DAG(s) 'example_branch_datetime_operator', 'example_branch_datetime_operator_3', 'example_branch_datetime_operator_2' retrieved from /home/airflow/.local/lib/python3.8/site-packages/airflow/example_dags/example_branch_datetime_operator.py
[2026-09-08T13:44:47.620+0000] {logging_mixin.py:188} INFO - [2026-09-08T13:44:47.619+0000] {dag.py:3047} INFO - Sync 3 DAGs
[2026-09-08T13:44:47.695+0000] {logging_mixin.py:188} INFO - [2026-09-08T13:44:47.695+0000] {dag.py:3834} INFO - Setting next_dagrun for example_branch_datetime_operator to 2026-09-07 00:00:00+00:00, run_after=2026-09-08 00:00:00+00:00
[2026-09-08T13:44:47.709+0000] {logging_mixin.py:188} INFO - [2026-09-08T13:44:47.709+0000] {dag.py:3834} INFO - Setting next_dagrun for example_branch_datetime_operator_2 to 2026-09-07 00:00:00+00:00, run_after=2026-09-08 00:00:00+00:00
[2026-09-08T13:44:47.717+0000] {logging_mixin.py:188} INFO - [2026-09-08T13:44:47.716+0000] {dag.py:3834} INFO - Setting next_dagrun for example_branch_datetime_operator_3 to 2026-09-07 00:00:00+00:00, run_after=2026-09-08 00:00:00+00:00
[2026-09-08T13:44:47.757+0000] {processor.py:183} INFO - Processing /home/airflow/.local/lib/python3.8/site-packages/airflow/example_dags/example_branch_datetime_operator.py took 0.223 seconds
[2026-09-08T13:45:19.371+0000] {processor.py:161} INFO - Started process (PID=160) to work on /home/airflow/.local/lib/python3.8/site-packages/airflow/example_dags/example_branch_datetime_operator.py
[2026-09-08T13:45:19.373+0000] {processor.py:830} INFO - Processing file /home/airflow/.local/lib/python3.8/site-packages/airflow/example_dags/example_branch_datetime_operator.py for tasks to queue
[2026-09-08T13:45:19.380+0000] {logging_mixin.py:188} INFO - [2026-09-08T13:45:19.377+0000] {dagbag.py:540} INFO - Filling up the DagBag from /home/airflow/.local/lib/python3.8/site-packages/airflow/example_dags/example_branch_datetime_operator.py
[2026-09-08T13:45:19.407+0000] {processor.py:840} INFO - DAG(s) 'example_branch_datetime_operator', 'example_branch_datetime_operator_3', 'example_branch_datetime_operator_2' retrieved from /home/airflow/.local/lib/python3.8/site-packages/airflow/example_dags/example_branch_datetime_operator.py
[2026-09-08T13:45:19.698+0000] {logging_mixin.py:188} INFO - [2026-09-08T13:45:19.698+0000] {dag.py:3047} INFO - Sync 3 DAGs
[2026-09-08T13:45:19.746+0000] {logging_mixin.py:188} INFO - [2026-09-08T13:45:19.745+0000] {dag.py:3834} INFO - Setting next_dagrun for example_branch_datetime_operator to 2026-09-07 00:00:00+00:00, run_after=2026-09-08 00:00:00+00:00
[2026-09-08T13:45:19.763+0000] {logging_mixin.py:188} INFO - [2026-09-08T13:45:19.763+0000] {dag.py:3834} INFO - Setting next_dagrun for example_branch_datetime_operator_2 to 2026-09-07 00:00:00+00:00, run_after=2026-09-08 00:00:00+00:00
[2026-09-08T13:45:19.775+0000] {logging_mixin.py:188} INFO - [2026-09-08T13:45:19.775+0000] {dag.py:3834} INFO - Setting next_dagrun for example_branch_datetime_operator_3 to 2026-09-07 00:00:00+00:00, run_after=2026-09-08 00:00:00+00:00
[2026-09-08T13:45:19.809+0000] {processor.py:183} INFO - Processing /home/airflow/.local/lib/python3.8/site-packages/airflow/example_dags/example_branch_datetime_operator.py took 0.443 seconds
[2026-09-08T13:45:50.001+0000] {processor.py:161} INFO - Started process (PID=217) to work on /home/airflow/.local/lib/python3.8/site-packages/airflow/example_dags/example_branch_datetime_operator.py
[2026-09-08T13:45:50.010+0000] {processor.py:830} INFO - Processing file /home/airflow/.local/lib/python3.8/site-packages/airflow/example_dags/example_branch_datetime_operator.py for tasks to queue
[2026-09-08T13:45:50.013+0000] {logging_mixin.py:188} INFO - [2026-09-08T13:45:50.013+0000] {dagbag.py:540} INFO - Filling up the DagBag from /home/airflow/.local/lib/python3.8/site-packages/airflow/example_dags/example_branch_datetime_operator.py
[2026-09-08T13:45:50.060+0000] {processor.py:840} INFO - DAG(s) 'example_branch_datetime_operator', 'example_branch_datetime_operator_2', 'example_branch_datetime_operator_3' retrieved from /home/airflow/.local/lib/python3.8/site-packages/airflow/example_dags/example_branch_datetime_operator.py
[2026-09-08T13:45:50.149+0000] {logging_mixin.py:188} INFO - [2026-09-08T13:45:50.149+0000] {dag.py:3047} INFO - Sync 3 DAGs
[2026-09-08T13:45:50.230+0000] {logging_mixin.py:188} INFO - [2026-09-08T13:45:50.230+0000] {dag.py:3834} INFO - Setting next_dagrun for example_branch_datetime_operator to 2026-09-07 00:00:00+00:00, run_after=2026-09-08 00:00:00+00:00
[2026-09-08T13:45:50.261+0000] {logging_mixin.py:188} INFO - [2026-09-08T13:45:50.251+0000] {dag.py:3834} INFO - Setting next_dagrun for example_branch_datetime_operator_2 to 2026-09-07 00:00:00+00:00, run_after=2026-09-08 00:00:00+00:00
[2026-09-08T13:45:50.267+0000] {logging_mixin.py:188} INFO - [2026-09-08T13:45:50.266+0000] {dag.py:3834} INFO - Setting next_dagrun for example_branch_datetime_operator_3 to 2026-09-07 00:00:00+00:00, run_after=2026-09-08 00:00:00+00:00
[2026-09-08T13:45:50.331+0000] {processor.py:183} INFO - Processing /home/airflow/.local/lib/python3.8/site-packages/airflow/example_dags/example_branch_datetime_operator.py took 0.335 seconds
[2026-09-08T13:46:20.395+0000] {processor.py:161} INFO - Started process (PID=279) to work on /home/airflow/.local/lib/python3.8/site-packages/airflow/example_dags/example_branch_datetime_operator.py
[2026-09-08T13:46:20.397+0000] {processor.py:830} INFO - Processing file /home/airflow/.local/lib/python3.8/site-packages/airflow/example_dags/example_branch_datetime_operator.py for tasks to queue
[2026-09-08T13:46:20.399+0000] {logging_mixin.py:188} INFO - [2026-09-08T13:46:20.399+0000] {dagbag.py:540} INFO - Filling up the DagBag from /home/airflow/.local/lib/python3.8/site-packages/airflow/example_dags/example_branch_datetime_operator.py
[2026-09-08T13:46:20.416+0000] {processor.py:840} INFO - DAG(s) 'example_branch_datetime_operator_2', 'example_branch_datetime_operator', 'example_branch_datetime_operator_3' retrieved from /home/airflow/.local/lib/python3.8/site-packages/airflow/example_dags/example_branch_datetime_operator.py
[2026-09-08T13:46:20.457+0000] {logging_mixin.py:188} INFO - [2026-09-08T13:46:20.456+0000] {dag.py:3047} INFO - Sync 3 DAGs
[2026-09-08T13:46:20.492+0000] {logging_mixin.py:188} INFO - [2026-09-08T13:46:20.492+0000] {dag.py:3834} INFO - Setting next_dagrun for example_branch_datetime_operator to 2026-09-07 00:00:00+00:00, run_after=2026-09-08 00:00:00+00:00
[2026-09-08T13:46:20.499+0000] {logging_mixin.py:188} INFO - [2026-09-08T13:46:20.499+0000] {dag.py:3834} INFO - Setting next_dagrun for example_branch_datetime_operator_2 to 2026-09-07 00:00:00+00:00, run_after=2026-09-08 00:00:00+00:00
[2026-09-08T13:46:20.506+0000] {logging_mixin.py:188} INFO - [2026-09-08T13:46:20.505+0000] {dag.py:3834} INFO - Setting next_dagrun for example_branch_datetime_operator_3 to 2026-09-07 00:00:00+00:00, run_after=2026-09-08 00:00:00+00:00
[2026-09-08T13:46:20.534+0000] {processor.py:183} INFO - Processing /home/airflow/.local/lib/python3.8/site-packages/airflow/example_dags/example_branch_datetime_operator.py took 0.142 seconds
[2026-09-08T13:46:50.864+0000] {processor.py:161} INFO - Started process (PID=336) to work on /home/airflow/.local/lib/python3.8/site-packages/airflow/example_dags/example_branch_datetime_operator.py
[2026-09-08T13:46:50.866+0000] {processor.py:830} INFO - Processing file /home/airflow/.local/lib/python3.8/site-packages/airflow/example_dags/example_branch_datetime_operator.py for tasks to queue
[2026-09-08T13:46:50.869+0000] {logging_mixin.py:188} INFO - [2026-09-08T13:46:50.868+0000] {dagbag.py:540} INFO - Filling up the DagBag from /home/airflow/.local/lib/python3.8/site-packages/airflow/example_dags/example_branch_datetime_operator.py
[2026-09-08T13:46:50.885+0000] {processor.py:840} INFO - DAG(s) 'example_branch_datetime_operator_3', 'example_branch_datetime_operator', 'example_branch_datetime_operator_2' retrieved from /home/airflow/.local/lib/python3.8/site-packages/airflow/example_dags/example_branch_datetime_operator.py
[2026-09-08T13:46:50.922+0000] {logging_mixin.py:188} INFO - [2026-09-08T13:46:50.922+0000] {dag.py:3047} INFO - Sync 3 DAGs
[2026-09-08T13:46:50.951+0000] {logging_mixin.py:188} INFO - [2026-09-08T13:46:50.951+0000] {dag.py:3834} INFO - Setting next_dagrun for example_branch_datetime_operator to 2026-09-07 00:00:00+00:00, run_after=2026-09-08 00:00:00+00:00
[2026-09-08T13:46:50.957+0000] {logging_mixin.py:188} INFO - [2026-09-08T13:46:50.957+0000] {dag.py:3834} INFO - Setting next_dagrun for example_branch_datetime_operator_2 to 2026-09-07 00:00:00+00:00, run_after=2026-09-08 00:00:00+00:00
[2026-09-08T13:46:50.960+0000] {logging_mixin.py:188} INFO - [2026-09-08T13:46:50.960+0000] {dag.py:3834} INFO - Setting next_dagrun for example_branch_datetime_operator_3 to 2026-09-07 00:00:00+00:00, run_after=2026-09-08 00:00:00+00:00
[2026-09-08T13:46:50.977+0000] {processor.py:183} INFO - Processing /home/airflow/.local/lib/python3.8/site-packages/airflow/example_dags/example_branch_datetime_operator.py took 0.117 seconds
[2026-09-08T13:47:21.583+0000] {processor.py:161} INFO - Started process (PID=397) to work on /home/airflow/.local/lib/python3.8/site-packages/airflow/example_dags/example_branch_datetime_operator.py
[2026-09-08T13:47:21.585+0000] {processor.py:830} INFO - Processing file /home/airflow/.local/lib/python3.8/site-packages/airflow/example_dags/example_branch_datetime_operator.py for tasks to queue
[2026-09-08T13:47:21.588+0000] {logging_mixin.py:188} INFO - [2026-09-08T13:47:21.588+0000] {dagbag.py:540} INFO - Filling up the DagBag from /home/airflow/.local/lib/python3.8/site-packages/airflow/example_dags/example_branch_datetime_operator.py
[2026-09-08T13:47:21.601+0000] {processor.py:840} INFO - DAG(s) 'example_branch_datetime_operator_2', 'example_branch_datetime_operator_3', 'example_branch_datetime_operator' retrieved from /home/airflow/.local/lib/python3.8/site-packages/airflow/example_dags/example_branch_datetime_operator.py
[2026-09-08T13:47:21.653+0000] {logging_mixin.py:188} INFO - [2026-09-08T13:47:21.653+0000] {dag.py:3047} INFO - Sync 3 DAGs
[2026-09-08T13:47:21.690+0000] {logging_mixin.py:188} INFO - [2026-09-08T13:47:21.689+0000] {dag.py:3834} INFO - Setting next_dagrun for example_branch_datetime_operator to 2026-09-07 00:00:00+00:00, run_after=2026-09-08 00:00:00+00:00
[2026-09-08T13:47:21.702+0000] {logging_mixin.py:188} INFO - [2026-09-08T13:47:21.700+0000] {dag.py:3834} INFO - Setting next_dagrun for example_branch_datetime_operator_2 to 2026-09-07 00:00:00+00:00, run_after=2026-09-08 00:00:00+00:00
[2026-09-08T13:47:21.710+0000] {logging_mixin.py:188} INFO - [2026-09-08T13:47:21.709+0000] {dag.py:3834} INFO - Setting next_dagrun for example_branch_datetime_operator_3 to 2026-09-07 00:00:00+00:00, run_after=2026-09-08 00:00:00+00:00
[2026-09-08T13:47:21.790+0000] {processor.py:183} INFO - Processing /home/airflow/.local/lib/python3.8/site-packages/airflow/example_dags/example_branch_datetime_operator.py took 0.214 seconds
[2026-09-08T13:47:52.027+0000] {processor.py:161} INFO - Started process (PID=454) to work on /home/airflow/.local/lib/python3.8/site-packages/airflow/example_dags/example_branch_datetime_operator.py
[2026-09-08T13:47:52.029+0000] {processor.py:830} INFO - Processing file /home/airflow/.local/lib/python3.8/site-packages/airflow/example_dags/example_branch_datetime_operator.py for tasks to queue
[2026-09-08T13:47:52.036+0000] {logging_mixin.py:188} INFO - [2026-09-08T13:47:52.035+0000] {dagbag.py:540} INFO - Filling up the DagBag from /home/airflow/.local/lib/python3.8/site-packages/airflow/example_dags/example_branch_datetime_operator.py
[2026-09-08T13:47:52.054+0000] {processor.py:840} INFO - DAG(s) 'example_branch_datetime_operator_3', 'example_branch_datetime_operator', 'example_branch_datetime_operator_2' retrieved from /home/airflow/.local/lib/python3.8/site-packages/airflow/example_dags/example_branch_datetime_operator.py
[2026-09-08T13:47:52.087+0000] {logging_mixin.py:188} INFO - [2026-09-08T13:47:52.087+0000] {dag.py:3047} INFO - Sync 3 DAGs
[2026-09-08T13:47:52.155+0000] {logging_mixin.py:188} INFO - [2026-09-08T13:47:52.153+0000] {dag.py:3834} INFO - Setting next_dagrun for example_branch_datetime_operator to 2026-09-07 00:00:00+00:00, run_after=2026-09-08 00:00:00+00:00
[2026-09-08T13:47:52.170+0000] {logging_mixin.py:188} INFO - [2026-09-08T13:47:52.169+0000] {dag.py:3834} INFO - Setting next_dagrun for example_branch_datetime_operator_2 to 2026-09-07 00:00:00+00:00, run_after=2026-09-08 00:00:00+00:00
[2026-09-08T13:47:52.178+0000] {logging_mixin.py:188} INFO - [2026-09-08T13:47:52.176+0000] {dag.py:3834} INFO - Setting next_dagrun for example_branch_datetime_operator_3 to 2026-09-07 00:00:00+00:00, run_after=2026-09-08 00:00:00+00:00
[2026-09-08T13:47:52.245+0000] {processor.py:183} INFO - Processing /home/airflow/.local/lib/python3.8/site-packages/airflow/example_dags/example_branch_datetime_operator.py took 0.222 seconds
[2026-09-08T13:48:23.470+0000] {processor.py:161} INFO - Started process (PID=511) to work on /home/airflow/.local/lib/python3.8/site-packages/airflow/example_dags/example_branch_datetime_operator.py
[2026-09-08T13:48:23.472+0000] {processor.py:830} INFO - Processing file /home/airflow/.local/lib/python3.8/site-packages/airflow/example_dags/example_branch_datetime_operator.py for tasks to queue
[2026-09-08T13:48:23.476+0000] {logging_mixin.py:188} INFO - [2026-09-08T13:48:23.476+0000] {dagbag.py:540} INFO - Filling up the DagBag from /home/airflow/.local/lib/python3.8/site-packages/airflow/example_dags/example_branch_datetime_operator.py
[2026-09-08T13:48:23.491+0000] {processor.py:840} INFO - DAG(s) 'example_branch_datetime_operator_2', 'example_branch_datetime_operator', 'example_branch_datetime_operator_3' retrieved from /home/airflow/.local/lib/python3.8/site-packages/airflow/example_dags/example_branch_datetime_operator.py
[2026-09-08T13:48:23.734+0000] {logging_mixin.py:188} INFO - [2026-09-08T13:48:23.734+0000] {dag.py:3047} INFO - Sync 3 DAGs
[2026-09-08T13:48:23.769+0000] {logging_mixin.py:188} INFO - [2026-09-08T13:48:23.768+0000] {dag.py:3834} INFO - Setting next_dagrun for example_branch_datetime_operator to 2026-09-07 00:00:00+00:00, run_after=2026-09-08 00:00:00+00:00
[2026-09-08T13:48:23.777+0000] {logging_mixin.py:188} INFO - [2026-09-08T13:48:23.777+0000] {dag.py:3834} INFO - Setting next_dagrun for example_branch_datetime_operator_2 to 2026-09-07 00:00:00+00:00, run_after=2026-09-08 00:00:00+00:00
[2026-09-08T13:48:23.785+0000] {logging_mixin.py:188} INFO - [2026-09-08T13:48:23.785+0000] {dag.py:3834} INFO - Setting next_dagrun for example_branch_datetime_operator_3 to 2026-09-07 00:00:00+00:00, run_after=2026-09-08 00:00:00+00:00
[2026-09-08T13:48:23.850+0000] {processor.py:183} INFO - Processing /home/airflow/.local/lib/python3.8/site-packages/airflow/example_dags/example_branch_datetime_operator.py took 0.386 seconds
[2026-09-08T13:48:54.412+0000] {processor.py:161} INFO - Started process (PID=567) to work on /home/airflow/.local/lib/python3.8/site-packages/airflow/example_dags/example_branch_datetime_operator.py
[2026-09-08T13:48:54.414+0000] {processor.py:830} INFO - Processing file /home/airflow/.local/lib/python3.8/site-packages/airflow/example_dags/example_branch_datetime_operator.py for tasks to queue
[2026-09-08T13:48:54.417+0000] {logging_mixin.py:188} INFO - [2026-09-08T13:48:54.417+0000] {dagbag.py:540} INFO - Filling up the DagBag from /home/airflow/.local/lib/python3.8/site-packages/airflow/example_dags/example_branch_datetime_operator.py
[2026-09-08T13:48:54.430+0000] {processor.py:840} INFO - DAG(s) 'example_branch_datetime_operator_2', 'example_branch_datetime_operator', 'example_branch_datetime_operator_3' retrieved from /home/airflow/.local/lib/python3.8/site-packages/airflow/example_dags/example_branch_datetime_operator.py
[2026-09-08T13:48:54.468+0000] {logging_mixin.py:188} INFO - [2026-09-08T13:48:54.468+0000] {dag.py:3047} INFO - Sync 3 DAGs
[2026-09-08T13:48:54.506+0000] {logging_mixin.py:188} INFO - [2026-09-08T13:48:54.506+0000] {dag.py:3834} INFO - Setting next_dagrun for example_branch_datetime_operator to 2026-09-07 00:00:00+00:00, run_after=2026-09-08 00:00:00+00:00
[2026-09-08T13:48:54.513+0000] {logging_mixin.py:188} INFO - [2026-09-08T13:48:54.513+0000] {dag.py:3834} INFO - Setting next_dagrun for example_branch_datetime_operator_2 to 2026-09-07 00:00:00+00:00, run_after=2026-09-08 00:00:00+00:00
[2026-09-08T13:48:54.518+0000] {logging_mixin.py:188} INFO - [2026-09-08T13:48:54.517+0000] {dag.py:3834} INFO - Setting next_dagrun for example_branch_datetime_operator_3 to 2026-09-07 00:00:00+00:00, run_after=2026-09-08 00:00:00+00:00
[2026-09-08T13:48:54.544+0000] {processor.py:183} INFO - Processing /home/airflow/.local/lib/python3.8/site-packages/airflow/example_dags/example_branch_datetime_operator.py took 0.137 seconds
[2026-09-08T13:49:24.709+0000] {processor.py:161} INFO - Started process (PID=624) to work on /home/airflow/.local/lib/python3.8/site-packages/airflow/example_dags/example_branch_datetime_operator.py
[2026-09-08T13:49:24.711+0000] {processor.py:830} INFO - Processing file /home/airflow/.local/lib/python3.8/site-packages/airflow/example_dags/example_branch_datetime_operator.py for tasks to queue
[2026-09-08T13:49:24.715+0000] {logging_mixin.py:188} INFO - [2026-09-08T13:49:24.714+0000] {dagbag.py:540} INFO - Filling up the DagBag from /home/airflow/.local/lib/python3.8/site-packages/airflow/example_dags/example_branch_datetime_operator.py
[2026-09-08T13:49:24.732+0000] {processor.py:840} INFO - DAG(s) 'example_branch_datetime_operator', 'example_branch_datetime_operator_2', 'example_branch_datetime_operator_3' retrieved from /home/airflow/.local/lib/python3.8/site-packages/airflow/example_dags/example_branch_datetime_operator.py
[2026-09-08T13:49:24.773+0000] {logging_mixin.py:188} INFO - [2026-09-08T13:49:24.772+0000] {dag.py:3047} INFO - Sync 3 DAGs
[2026-09-08T13:49:24.808+0000] {logging_mixin.py:188} INFO - [2026-09-08T13:49:24.808+0000] {dag.py:3834} INFO - Setting next_dagrun for example_branch_datetime_operator to 2026-09-07 00:00:00+00:00, run_after=2026-09-08 00:00:00+00:00
[2026-09-08T13:49:24.816+0000] {logging_mixin.py:188} INFO - [2026-09-08T13:49:24.816+0000] {dag.py:3834} INFO - Setting next_dagrun for example_branch_datetime_operator_2 to 2026-09-07 00:00:00+00:00, run_after=2026-09-08 00:00:00+00:00
[2026-09-08T13:49:24.822+0000] {logging_mixin.py:188} INFO - [2026-09-08T13:49:24.821+0000] {dag.py:3834} INFO - Setting next_dagrun for example_branch_datetime_operator_3 to 2026-09-07 00:00:00+00:00, run_after=2026-09-08 00:00:00+00:00
[2026-09-08T13:49:24.848+0000] {processor.py:183} INFO - Processing /home/airflow/.local/lib/python3.8/site-packages/airflow/example_dags/example_branch_datetime_operator.py took 0.145 seconds
[2026-09-08T13:49:55.526+0000] {processor.py:161} INFO - Started process (PID=681) to work on /home/airflow/.local/lib/python3.8/site-packages/airflow/example_dags/example_branch_datetime_operator.py
[2026-09-08T13:49:55.528+0000] {processor.py:830} INFO - Processing file /home/airflow/.local/lib/python3.8/site-packages/airflow/example_dags/example_branch_datetime_operator.py for tasks to queue
[2026-09-08T13:49:55.533+0000] {logging_mixin.py:188} INFO - [2026-09-08T13:49:55.532+0000] {dagbag.py:540} INFO - Filling up the DagBag from /home/airflow/.local/lib/python3.8/site-packages/airflow/example_dags/example_branch_datetime_operator.py
[2026-09-08T13:49:55.553+0000] {processor.py:840} INFO - DAG(s) 'example_branch_datetime_operator_2', 'example_branch_datetime_operator_3', 'example_branch_datetime_operator' retrieved from /home/airflow/.local/lib/python3.8/site-packages/airflow/example_dags/example_branch_datetime_operator.py
[2026-09-08T13:49:55.596+0000] {logging_mixin.py:188} INFO - [2026-09-08T13:49:55.595+0000] {dag.py:3047} INFO - Sync 3 DAGs
[2026-09-08T13:49:55.628+0000] {logging_mixin.py:188} INFO - [2026-09-08T13:49:55.628+0000] {dag.py:3834} INFO - Setting next_dagrun for example_branch_datetime_operator to 2026-09-07 00:00:00+00:00, run_after=2026-09-08 00:00:00+00:00
[2026-09-08T13:49:55.638+0000] {logging_mixin.py:188} INFO - [2026-09-08T13:49:55.638+0000] {dag.py:3834} INFO - Setting next_dagrun for example_branch_datetime_operator_2 to 2026-09-07 00:00:00+00:00, run_after=2026-09-08 00:00:00+00:00
[2026-09-08T13:49:55.642+0000] {logging_mixin.py:188} INFO - [2026-09-08T13:49:55.642+0000] {dag.py:3834} INFO - Setting next_dagrun for example_branch_datetime_operator_3 to 2026-09-07 00:00:00+00:00, run_after=2026-09-08 00:00:00+00:00
[2026-09-08T13:49:55.678+0000] {processor.py:183} INFO - Processing /home/airflow/.local/lib/python3.8/site-packages/airflow/example_dags/example_branch_datetime_operator.py took 0.156 seconds
[2026-09-08T13:50:25.804+0000] {processor.py:161} INFO - Started process (PID=738) to work on /home/airflow/.local/lib/python3.8/site-packages/airflow/example_dags/example_branch_datetime_operator.py
[2026-09-08T13:50:25.806+0000] {processor.py:830} INFO - Processing file /home/airflow/.local/lib/python3.8/site-packages/airflow/example_dags/example_branch_datetime_operator.py for tasks to queue
[2026-09-08T13:50:25.808+0000] {logging_mixin.py:188} INFO - [2026-09-08T13:50:25.808+0000] {dagbag.py:540} INFO - Filling up the DagBag from /home/airflow/.local/lib/python3.8/site-packages/airflow/example_dags/example_branch_datetime_operator.py
[2026-09-08T13:50:25.821+0000] {processor.py:840} INFO - DAG(s) 'example_branch_datetime_operator', 'example_branch_datetime_operator_2', 'example_branch_datetime_operator_3' retrieved from /home/airflow/.local/lib/python3.8/site-packages/airflow/example_dags/example_branch_datetime_operator.py
[2026-09-08T13:50:25.854+0000] {logging_mixin.py:188} INFO - [2026-09-08T13:50:25.853+0000] {dag.py:3047} INFO - Sync 3 DAGs
[2026-09-08T13:50:25.886+0000] {logging_mixin.py:188} INFO - [2026-09-08T13:50:25.885+0000] {dag.py:3834} INFO - Setting next_dagrun for example_branch_datetime_operator to 2026-09-07 00:00:00+00:00, run_after=2026-09-08 00:00:00+00:00
[2026-09-08T13:50:25.891+0000] {logging_mixin.py:188} INFO - [2026-09-08T13:50:25.891+0000] {dag.py:3834} INFO - Setting next_dagrun for example_branch_datetime_operator_2 to 2026-09-07 00:00:00+00:00, run_after=2026-09-08 00:00:00+00:00
[2026-09-08T13:50:25.896+0000] {logging_mixin.py:188} INFO - [2026-09-08T13:50:25.896+0000] {dag.py:3834} INFO - Setting next_dagrun for example_branch_datetime_operator_3 to 2026-09-07 00:00:00+00:00, run_after=2026-09-08 00:00:00+00:00
[2026-09-08T13:50:25.917+0000] {processor.py:183} INFO - Processing /home/airflow/.local/lib/python3.8/site-packages/airflow/example_dags/example_branch_datetime_operator.py took 0.117 seconds
[2026-09-08T13:50:56.148+0000] {processor.py:161} INFO - Started process (PID=795) to work on /home/airflow/.local/lib/python3.8/site-packages/airflow/example_dags/example_branch_datetime_operator.py
[2026-09-08T13:50:56.151+0000] {processor.py:830} INFO - Processing file /home/airflow/.local/lib/python3.8/site-packages/airflow/example_dags/example_branch_datetime_operator.py for tasks to queue
[2026-09-08T13:50:56.154+0000] {logging_mixin.py:188} INFO - [2026-09-08T13:50:56.154+0000] {dagbag.py:540} INFO - Filling up the DagBag from /home/airflow/.local/lib/python3.8/site-packages/airflow/example_dags/example_branch_datetime_operator.py
[2026-09-08T13:50:56.166+0000] {processor.py:840} INFO - DAG(s) 'example_branch_datetime_operator_2', 'example_branch_datetime_operator', 'example_branch_datetime_operator_3' retrieved from /home/airflow/.local/lib/python3.8/site-packages/airflow/example_dags/example_branch_datetime_operator.py
[2026-09-08T13:50:56.205+0000] {logging_mixin.py:188} INFO - [2026-09-08T13:50:56.205+0000] {dag.py:3047} INFO - Sync 3 DAGs
[2026-09-08T13:50:56.236+0000] {logging_mixin.py:188} INFO - [2026-09-08T13:50:56.235+0000] {dag.py:3834} INFO - Setting next_dagrun for example_branch_datetime_operator to 2026-09-07 00:00:00+00:00, run_after=2026-09-08 00:00:00+00:00
[2026-09-08T13:50:56.246+0000] {logging_mixin.py:188} INFO - [2026-09-08T13:50:56.246+0000] {dag.py:3834} INFO - Setting next_dagrun for example_branch_datetime_operator_2 to 2026-09-07 00:00:00+00:00, run_after=2026-09-08 00:00:00+00:00
[2026-09-08T13:50:56.251+0000] {logging_mixin.py:188} INFO - [2026-09-08T13:50:56.251+0000] {dag.py:3834} INFO - Setting next_dagrun for example_branch_datetime_operator_3 to 2026-09-07 00:00:00+00:00, run_after=2026-09-08 00:00:00+00:00
[2026-09-08T13:50:56.272+0000] {processor.py:183} INFO - Processing /home/airflow/.local/lib/python3.8/site-packages/airflow/example_dags/example_branch_datetime_operator.py took 0.128 seconds
[2026-09-08T13:51:26.413+0000] {processor.py:161} INFO - Started process (PID=852) to work on /home/airflow/.local/lib/python3.8/site-packages/airflow/example_dags/example_branch_datetime_operator.py
[2026-09-08T13:51:26.415+0000] {processor.py:830} INFO - Processing file /home/airflow/.local/lib/python3.8/site-packages/airflow/example_dags/example_branch_datetime_operator.py for tasks to queue
[2026-09-08T13:51:26.418+0000] {logging_mixin.py:188} INFO - [2026-09-08T13:51:26.418+0000] {dagbag.py:540} INFO - Filling up the DagBag from /home/airflow/.local/lib/python3.8/site-packages/airflow/example_dags/example_branch_datetime_operator.py
[2026-09-08T13:51:26.437+0000] {processor.py:840} INFO - DAG(s) 'example_branch_datetime_operator_2', 'example_branch_datetime_operator', 'example_branch_datetime_operator_3' retrieved from /home/airflow/.local/lib/python3.8/site-packages/airflow/example_dags/example_branch_datetime_operator.py
[2026-09-08T13:51:26.475+0000] {logging_mixin.py:188} INFO - [2026-09-08T13:51:26.475+0000] {dag.py:3047} INFO - Sync 3 DAGs
[2026-09-08T13:51:26.504+0000] {logging_mixin.py:188} INFO - [2026-09-08T13:51:26.504+0000] {dag.py:3834} INFO - Setting next_dagrun for example_branch_datetime_operator to 2026-09-07 00:00:00+00:00, run_after=2026-09-08 00:00:00+00:00
[2026-09-08T13:51:26.511+0000] {logging_mixin.py:188} INFO - [2026-09-08T13:51:26.511+0000] {dag.py:3834} INFO - Setting next_dagrun for example_branch_datetime_operator_2 to 2026-09-07 00:00:00+00:00, run_after=2026-09-08 00:00:00+00:00
[2026-09-08T13:51:26.516+0000] {logging_mixin.py:188} INFO - [2026-09-08T13:51:26.516+0000] {dag.py:3834} INFO - Setting next_dagrun for example_branch_datetime_operator_3 to 2026-09-07 00:00:00+00:00, run_after=2026-09-08 00:00:00+00:00
[2026-09-08T13:51:26.538+0000] {processor.py:183} INFO - Processing /home/airflow/.local/lib/python3.8/site-packages/airflow/example_dags/example_branch_datetime_operator.py took 0.131 seconds
[2026-09-08T13:51:57.458+0000] {processor.py:161} INFO - Started process (PID=908) to work on /home/airflow/.local/lib/python3.8/site-packages/airflow/example_dags/example_branch_datetime_operator.py
[2026-09-08T13:51:57.460+0000] {processor.py:830} INFO - Processing file /home/airflow/.local/lib/python3.8/site-packages/airflow/example_dags/example_branch_datetime_operator.py for tasks to queue
[2026-09-08T13:51:57.463+0000] {logging_mixin.py:188} INFO - [2026-09-08T13:51:57.463+0000] {dagbag.py:540} INFO - Filling up the DagBag from /home/airflow/.local/lib/python3.8/site-packages/airflow/example_dags/example_branch_datetime_operator.py
[2026-09-08T13:51:57.476+0000] {processor.py:840} INFO - DAG(s) 'example_branch_datetime_operator_2', 'example_branch_datetime_operator', 'example_branch_datetime_operator_3' retrieved from /home/airflow/.local/lib/python3.8/site-packages/airflow/example_dags/example_branch_datetime_operator.py
[2026-09-08T13:51:57.512+0000] {logging_mixin.py:188} INFO - [2026-09-08T13:51:57.512+0000] {dag.py:3047} INFO - Sync 3 DAGs
[2026-09-08T13:51:57.541+0000] {logging_mixin.py:188} INFO - [2026-09-08T13:51:57.541+0000] {dag.py:3834} INFO - Setting next_dagrun for example_branch_datetime_operator to 2026-09-07 00:00:00+00:00, run_after=2026-09-08 00:00:00+00:00
[2026-09-08T13:51:57.547+0000] {logging_mixin.py:188} INFO - [2026-09-08T13:51:57.547+0000] {dag.py:3834} INFO - Setting next_dagrun for example_branch_datetime_operator_2 to 2026-09-07 00:00:00+00:00, run_after=2026-09-08 00:00:00+00:00
[2026-09-08T13:51:57.551+0000] {logging_mixin.py:188} INFO - [2026-09-08T13:51:57.551+0000] {dag.py:3834} INFO - Setting next_dagrun for example_branch_datetime_operator_3 to 2026-09-07 00:00:00+00:00, run_after=2026-09-08 00:00:00+00:00
[2026-09-08T13:51:57.575+0000] {processor.py:183} INFO - Processing /home/airflow/.local/lib/python3.8/site-packages/airflow/example_dags/example_branch_datetime_operator.py took 0.123 seconds
[2026-09-08T13:52:27.737+0000] {processor.py:161} INFO - Started process (PID=964) to work on /home/airflow/.local/lib/python3.8/site-packages/airflow/example_dags/example_branch_datetime_operator.py
[2026-09-08T13:52:27.739+0000] {processor.py:830} INFO - Processing file /home/airflow/.local/lib/python3.8/site-packages/airflow/example_dags/example_branch_datetime_operator.py for tasks to queue
[2026-09-08T13:52:27.743+0000] {logging_mixin.py:188} INFO - [2026-09-08T13:52:27.742+0000] {dagbag.py:540} INFO - Filling up the DagBag from /home/airflow/.local/lib/python3.8/site-packages/airflow/example_dags/example_branch_datetime_operator.py
[2026-09-08T13:52:27.761+0000] {processor.py:840} INFO - DAG(s) 'example_branch_datetime_operator_3', 'example_branch_datetime_operator_2', 'example_branch_datetime_operator' retrieved from /home/airflow/.local/lib/python3.8/site-packages/airflow/example_dags/example_branch_datetime_operator.py
[2026-09-08T13:52:27.808+0000] {logging_mixin.py:188} INFO - [2026-09-08T13:52:27.808+0000] {dag.py:3047} INFO - Sync 3 DAGs
[2026-09-08T13:52:27.840+0000] {logging_mixin.py:188} INFO - [2026-09-08T13:52:27.840+0000] {dag.py:3834} INFO - Setting next_dagrun for example_branch_datetime_operator to 2026-09-07 00:00:00+00:00, run_after=2026-09-08 00:00:00+00:00
[2026-09-08T13:52:27.846+0000] {logging_mixin.py:188} INFO - [2026-09-08T13:52:27.846+0000] {dag.py:3834} INFO - Setting next_dagrun for example_branch_datetime_operator_2 to 2026-09-07 00:00:00+00:00, run_after=2026-09-08 00:00:00+00:00
[2026-09-08T13:52:27.849+0000] {logging_mixin.py:188} INFO - [2026-09-08T13:52:27.849+0000] {dag.py:3834} INFO - Setting next_dagrun for example_branch_datetime_operator_3 to 2026-09-07 00:00:00+00:00, run_after=2026-09-08 00:00:00+00:00
[2026-09-08T13:52:27.889+0000] {processor.py:183} INFO - Processing /home/airflow/.local/lib/python3.8/site-packages/airflow/example_dags/example_branch_datetime_operator.py took 0.158 seconds
