[2026-09-08T13:44:48.335+0000] {processor.py:161} INFO - Started process (PID=108) to work on /home/airflow/.local/lib/python3.8/site-packages/airflow/example_dags/example_python_operator.py
[2026-09-08T13:44:48.387+0000] {processor.py:830} INFO - Processing file /home/airflow/.local/lib/python3.8/site-packages/airflow/example_dags/example_python_operator.py for tasks to queue
[2026-09-08T13:44:48.398+0000] {logging_mixin.py:188} INFO - [2026-09-08T13:44:48.397+0000] {dagbag.py:540} INFO - Filling up the DagBag from /home/airflow/.local/lib/python3.8/site-packages/airflow/example_dags/example_python_operator.py
[2026-09-08T13:44:49.402+0000] {processor.py:840} INFO - DAG(s) 'example_python_operator' retrieved from /home/airflow/.local/lib/python3.8/site-packages/airflow/example_dags/example_python_operator.py
[2026-09-08T13:44:49.443+0000] {logging_mixin.py:188} INFO - [2026-09-08T13:44:49.443+0000] {dag.py:3047} INFO - Sync 1 DAGs
[2026-09-08T13:44:49.556+0000] {logging_mixin.py:188} INFO - [2026-09-08T13:44:49.556+0000] {dag.py:3834} INFO - Setting next_dagrun for example_python_operator to None, run_after=None
[2026-09-08T13:44:49.636+0000] {processor.py:183} INFO - Processing /home/airflow/.local/lib/python3.8/site-packages/airflow/example_dags/example_python_operator.py took 1.340 seconds
[2026-09-08T13:45:20.542+0000] {processor.py:161} INFO - Started process (PID=165) to work on /home/airflow/.local/lib/python3.8/site-packages/airflow/example_dags/example_python_operator.py
[2026-09-08T13:45:20.545+0000] {processor.py:830} INFO - Processing file /home/airflow/.local/lib/python3.8/site-packages/airflow/example_dags/example_python_operator.py for tasks to queue
[2026-09-08T13:45:20.548+0000] {logging_mixin.py:188} INFO - [2026-09-08T13:45:20.547+0000] {dagbag.py:540} INFO - Filling up the DagBag from /home/airflow/.local/lib/python3.8/site-packages/airflow/example_dags/example_python_operator.py
[2026-09-08T13:45:20.568+0000] {processor.py:840} INFO - DAG(s) 'example_python_operator' retrieved from /home/airflow/.local/lib/python3.8/site-packages/airflow/example_dags/example_python_operator.py
[2026-09-08T13:45:20.733+0000] {logging_mixin.py:188} INFO - [2026-09-08T13:45:20.733+0000] {dag.py:3047} INFO - Sync 1 DAGs
[2026-09-08T13:45:20.747+0000] {logging_mixin.py:188} INFO - [2026-09-08T13:45:20.747+0000] {dag.py:3834} INFO - Setting next_dagrun for example_python_operator to None, run_after=None
[2026-09-08T13:45:20.782+0000] {processor.py:183} INFO - Processing /home/airflow/.local/lib/python3.8/site-packages/airflow/example_dags/example_python_operator.py took 0.245 seconds
[2026-09-08T13:45:51.156+0000] {processor.py:161} INFO - Started process (PID=222) to work on /home/airflow/.local/lib/python3.8/site-packages/airflow/example_dags/example_python_operator.py
[2026-09-08T13:45:51.164+0000] {processor.py:830} INFO - Processing file /home/airflow/.local/lib/python3.8/site-packages/airflow/example_dags/example_python_operator.py for tasks to queue
[2026-09-08T13:45:51.167+0000] {logging_mixin.py:188} INFO - [2026-09-08T13:45:51.167+0000] {dagbag.py:540} INFO - Filling up the DagBag from /home/airflow/.local/lib/python3.8/site-packages/airflow/example_dags/example_python_operator.py
[2026-09-08T13:45:51.189+0000] {processor.py:840} INFO - DAG(s) 'example_python_operator' retrieved from /home/airflow/.local/lib/python3.8/site-packages/airflow/example_dags/example_python_operator.py
[2026-09-08T13:45:51.244+0000] {logging_mixin.py:188} INFO - [2026-09-08T13:45:51.243+0000] {dag.py:3047} INFO - Sync 1 DAGs
[2026-09-08T13:45:51.271+0000] {logging_mixin.py:188} INFO - [2026-09-08T13:45:51.271+0000] {dag.py:3834} INFO - Setting next_dagrun for example_python_operator to None, run_after=None
[2026-09-08T13:45:51.317+0000] {processor.py:183} INFO - Processing /home/airflow/.local/lib/python3.8/site-packages/airflow/example_dags/example_python_operator.py took 0.167 seconds
[2026-09-08T13:46:22.670+0000] {processor.py:161} INFO - Started process (PID=284) to work on /home/airflow/.local/lib/python3.8/site-packages/airflow/example_dags/example_python_operator.py
[2026-09-08T13:46:22.675+0000] {processor.py:830} INFO - Processing file /home/airflow/.local/lib/python3.8/site-packages/airflow/example_dags/example_python_operator.py for tasks to queue
[2026-09-08T13:46:22.682+0000] {logging_mixin.py:188} INFO - [2026-09-08T13:46:22.681+0000] {dagbag.py:540} INFO - Filling up the DagBag from /home/airflow/.local/lib/python3.8/site-packages/airflow/example_dags/example_python_operator.py
[2026-09-08T13:46:22.708+0000] {processor.py:840} INFO - DAG(s) 'example_python_operator' retrieved from /home/airflow/.local/lib/python3.8/site-packages/airflow/example_dags/example_python_operator.py
[2026-09-08T13:46:22.741+0000] {logging_mixin.py:188} INFO - [2026-09-08T13:46:22.741+0000] {dag.py:3047} INFO - Sync 1 DAGs
[2026-09-08T13:46:22.788+0000] {logging_mixin.py:188} INFO - [2026-09-08T13:46:22.787+0000] {dag.py:3834} INFO - Setting next_dagrun for example_python_operator to None, run_after=None
[2026-09-08T13:46:22.855+0000] {processor.py:183} INFO - Processing /home/airflow/.local/lib/python3.8/site-packages/airflow/example_dags/example_python_operator.py took 0.192 seconds
[2026-09-08T13:46:53.221+0000] {processor.py:161} INFO - Started process (PID=341) to work on /home/airflow/.local/lib/python3.8/site-packages/airflow/example_dags/example_python_operator.py
[2026-09-08T13:46:53.223+0000] {processor.py:830} INFO - Processing file /home/airflow/.local/lib/python3.8/site-packages/airflow/example_dags/example_python_operator.py for tasks to queue
[2026-09-08T13:46:53.226+0000] {logging_mixin.py:188} INFO - [2026-09-08T13:46:53.226+0000] {dagbag.py:540} INFO - Filling up the DagBag from /home/airflow/.local/lib/python3.8/site-packages/airflow/example_dags/example_python_operator.py
[2026-09-08T13:46:53.240+0000] {processor.py:840} INFO - DAG(s) 'example_python_operator' retrieved from /home/airflow/.local/lib/python3.8/site-packages/airflow/example_dags/example_python_operator.py
[2026-09-08T13:46:53.269+0000] {logging_mixin.py:188} INFO - [2026-09-08T13:46:53.269+0000] {dag.py:3047} INFO - Sync 1 DAGs
[2026-09-08T13:46:53.288+0000] {logging_mixin.py:188} INFO - [2026-09-08T13:46:53.288+0000] {dag.py:3834} INFO - Setting next_dagrun for example_python_operator to None, run_after=None
[2026-09-08T13:46:53.311+0000] {processor.py:183} INFO - Processing /home/airflow/.local/lib/python3.8/site-packages/airflow/example_dags/example_python_operator.py took 0.094 seconds
[2026-09-08T13:47:24.000+0000] {processor.py:161} INFO - Started process (PID=402) to work on /home/airflow/.local/lib/python3.8/site-packages/airflow/example_dags/example_python_operator.py
[2026-09-08T13:47:24.002+0000] {processor.py:830} INFO - Processing file /home/airflow/.local/lib/python3.8/site-packages/airflow/example_dags/example_python_operator.py for tasks to queue
[2026-09-08T13:47:24.005+0000] {logging_mixin.py:188} INFO - [2026-09-08T13:47:24.005+0000] {dagbag.py:540} INFO - Filling up the DagBag from /home/airflow/.local/lib/python3.8/site-packages/airflow/example_dags/example_python_operator.py
[2026-09-08T13:47:24.024+0000] {processor.py:840} INFO - DAG(s) 'example_python_operator' retrieved from /home/airflow/.local/lib/python3.8/site-packages/airflow/example_dags/example_python_operator.py
[2026-09-08T13:47:24.068+0000] {logging_mixin.py:188} INFO - [2026-09-08T13:47:24.067+0000] {dag.py:3047} INFO - Sync 1 DAGs
[2026-09-08T13:47:24.091+0000] {logging_mixin.py:188} INFO - [2026-09-08T13:47:24.091+0000] {dag.py:3834} INFO - Setting next_dagrun for example_python_operator to None, run_after=None
[2026-09-08T13:47:24.116+0000] {processor.py:183} INFO - Processing /home/airflow/.local/lib/python3.8/site-packages/airflow/example_dags/example_python_operator.py took 0.126 seconds
[2026-09-08T13:47:54.489+0000] {processor.py:161} INFO - Started process (PID=459) to work on /home/airflow/.local/lib/python3.8/site-packages/airflow/example_dags/example_python_operator.py
[2026-09-08T13:47:54.491+0000] {processor.py:830} INFO - Processing file /home/airflow/.local/lib/python3.8/site-packages/airflow/example_dags/example_python_operator.py for tasks to queue
[2026-09-08T13:47:54.505+0000] {logging_mixin.py:188} INFO - [2026-09-08T13:47:54.504+0000] {dagbag.py:540} INFO - Filling up the DagBag from /home/airflow/.local/lib/python3.8/site-packages/airflow/example_dags/example_python_operator.py
[2026-09-08T13:47:54.527+0000] {processor.py:840} INFO - DAG(s) 'example_python_operator' retrieved from /home/airflow/.local/lib/python3.8/site-packages/airflow/example_dags/example_python_operator.py
[2026-09-08T13:47:54.556+0000] {logging_mixin.py:188} INFO - [2026-09-08T13:47:54.555+0000] {dag.py:3047} INFO - Sync 1 DAGs
[2026-09-08T13:47:54.583+0000] {logging_mixin.py:188} INFO - [2026-09-08T13:47:54.582+0000] {dag.py:3834} INFO - Setting next_dagrun for example_python_operator to None, run_after=None
[2026-09-08T13:47:54.620+0000] {processor.py:183} INFO - Processing /home/airflow/.local/lib/python3.8/site-packages/airflow/example_dags/example_python_operator.py took 0.136 seconds
[2026-09-08T13:48:24.896+0000] {processor.py:161} INFO - Started process (PID=516) to work on /home/airflow/.local/lib/python3.8/site-packages/airflow/example_dags/example_python_operator.py
[2026-09-08T13:48:24.900+0000] {processor.py:830} INFO - Processing file /home/airflow/.local/lib/python3.8/site-packages/airflow/example_dags/example_python_operator.py for tasks to queue
[2026-09-08T13:48:24.903+0000] {logging_mixin.py:188} INFO - [2026-09-08T13:48:24.903+0000] {dagbag.py:540} INFO - Filling up the DagBag from /home/airflow/.local/lib/python3.8/site-packages/airflow/example_dags/example_python_operator.py
[2026-09-08T13:48:24.928+0000] {processor.py:840} INFO - DAG(s) 'example_python_operator' retrieved from /home/airflow/.local/lib/python3.8/site-packages/airflow/example_dags/example_python_operator.py
[2026-09-08T13:48:25.104+0000] {logging_mixin.py:188} INFO - [2026-09-08T13:48:25.103+0000] {dag.py:3047} INFO - Sync 1 DAGs
[2026-09-08T13:48:25.125+0000] {logging_mixin.py:188} INFO - [2026-09-08T13:48:25.125+0000] {dag.py:3834} INFO - Setting next_dagrun for example_python_operator to None, run_after=None
[2026-09-08T13:48:25.156+0000] {processor.py:183} INFO - Processing /home/airflow/.local/lib/python3.8/site-packages/airflow/example_dags/example_python_operator.py took 0.270 seconds
[2026-09-08T13:48:55.831+0000] {processor.py:161} INFO - Started process (PID=572) to work on /home/airflow/.local/lib/python3.8/site-packages/airflow/example_dags/example_python_operator.py
[2026-09-08T13:48:55.833+0000] {processor.py:830} INFO - Processing file /home/airflow/.local/lib/python3.8/site-packages/airflow/example_dags/example_python_operator.py for tasks to queue
[2026-09-08T13:48:55.836+0000] {logging_mixin.py:188} INFO - [2026-09-08T13:48:55.836+0000] {dagbag.py:540} INFO - Filling up the DagBag from /home/airflow/.local/lib/python3.8/site-packages/airflow/example_dags/example_python_operator.py
[2026-09-08T13:48:55.848+0000] {processor.py:840} INFO - DAG(s) 'example_python_operator' retrieved from /home/airflow/.local/lib/python3.8/site-packages/airflow/example_dags/example_python_operator.py
[2026-09-08T13:48:55.883+0000] {logging_mixin.py:188} INFO - [2026-09-08T13:48:55.882+0000] {dag.py:3047} INFO - Sync 1 DAGs
[2026-09-08T13:48:55.904+0000] {logging_mixin.py:188} INFO - [2026-09-08T13:48:55.904+0000] {dag.py:3834} INFO - Setting next_dagrun for example_python_operator to None, run_after=None
[2026-09-08T13:48:55.935+0000] {processor.py:183} INFO - Processing /home/airflow/.local/lib/python3.8/site-packages/airflow/example_dags/example_python_operator.py took 0.107 seconds
[2026-09-08T13:49:26.421+0000] {processor.py:161} INFO - Started process (PID=629) to work on /home/airflow/.local/lib/python3.8/site-packages/airflow/example_dags/example_python_operator.py
[2026-09-08T13:49:26.423+0000] {processor.py:830} INFO - Processing file /home/airflow/.local/lib/python3.8/site-packages/airflow/example_dags/example_python_operator.py for tasks to queue
[2026-09-08T13:49:26.427+0000] {logging_mixin.py:188} INFO - [2026-09-08T13:49:26.426+0000] {dagbag.py:540} INFO - Filling up the DagBag from /home/airflow/.local/lib/python3.8/site-packages/airflow/example_dags/example_python_operator.py
[2026-09-08T13:49:26.445+0000] {processor.py:840} INFO - DAG(s) 'example_python_operator' retrieved from /home/airflow/.local/lib/python3.8/site-packages/airflow/example_dags/example_python_operator.py
[2026-09-08T13:49:26.498+0000] {logging_mixin.py:188} INFO - [2026-09-08T13:49:26.498+0000] {dag.py:3047} INFO - Sync 1 DAGs
[2026-09-08T13:49:26.517+0000] {logging_mixin.py:188} INFO - [2026-09-08T13:49:26.517+0000] {dag.py:3834} INFO - Setting next_dagrun for example_python_operator to None, run_after=None
[2026-09-08T13:49:26.548+0000] {processor.py:183} INFO - Processing /home/airflow/.local/lib/python3.8/site-packages/airflow/example_dags/example_python_operator.py took 0.132 seconds
[2026-09-08T13:49:57.032+0000] {processor.py:161} INFO - Started process (PID=686) to work on /home/airflow/.local/lib/python3.8/site-packages/airflow/example_dags/example_python_operator.py
[2026-09-08T13:49:57.035+0000] {processor.py:830} INFO - Processing file /home/airflow/.local/lib/python3.8/site-packages/airflow/example_dags/example_python_operator.py for tasks to queue
[2026-09-08T13:49:57.038+0000] {logging_mixin.py:188} INFO - [2026-09-08T13:49:57.038+0000] {dagbag.py:540} INFO - Filling up the DagBag from /home/airflow/.local/lib/python3.8/site-packages/airflow/example_dags/example_python_operator.py
[2026-09-08T13:49:57.052+0000] {processor.py:840} INFO - DAG(s) 'example_python_operator' retrieved from /home/airflow/.local/lib/python3.8/site-packages/airflow/example_dags/example_python_operator.py
[2026-09-08T13:49:57.081+0000] {logging_mixin.py:188} INFO - [2026-09-08T13:49:57.080+0000] {dag.py:3047} INFO - Sync 1 DAGs
[2026-09-08T13:49:57.097+0000] {logging_mixin.py:188} INFO - [2026-09-08T13:49:57.097+0000] {dag.py:3834} INFO - Setting next_dagrun for example_python_operator to None, run_after=None
[2026-09-08T13:49:57.122+0000] {processor.py:183} INFO - Processing /home/airflow/.local/lib/python3.8/site-packages/airflow/example_dags/example_python_operator.py took 0.094 seconds
[2026-09-08T13:50:27.235+0000] {processor.py:161} INFO - Started process (PID=743) to work on /home/airflow/.local/lib/python3.8/site-packages/airflow/example_dags/example_python_operator.py
[2026-09-08T13:50:27.237+0000] {processor.py:830} INFO - Processing file /home/airflow/.local/lib/python3.8/site-packages/airflow/example_dags/example_python_operator.py for tasks to queue
[2026-09-08T13:50:27.240+0000] {logging_mixin.py:188} INFO - [2026-09-08T13:50:27.240+0000] {dagbag.py:540} INFO - Filling up the DagBag from /home/airflow/.local/lib/python3.8/site-packages/airflow/example_dags/example_python_operator.py
[2026-09-08T13:50:27.253+0000] {processor.py:840} INFO - DAG(s) 'example_python_operator' retrieved from /home/airflow/.local/lib/python3.8/site-packages/airflow/example_dags/example_python_operator.py
[2026-09-08T13:50:27.282+0000] {logging_mixin.py:188} INFO - [2026-09-08T13:50:27.282+0000] {dag.py:3047} INFO - Sync 1 DAGs
[2026-09-08T13:50:27.298+0000] {logging_mixin.py:188} INFO - [2026-09-08T13:50:27.298+0000] {dag.py:3834} INFO - Setting next_dagrun for example_python_operator to None, run_after=None
[2026-09-08T13:50:27.325+0000] {processor.py:183} INFO - Processing /home/airflow/.local/lib/python3.8/site-packages/airflow/example_dags/example_python_operator.py took 0.093 seconds
[2026-09-08T13:50:57.492+0000] {processor.py:161} INFO - Started process (PID=800) to work on /home/airflow/.local/lib/python3.8/site-packages/airflow/example_dags/example_python_operator.py
[2026-09-08T13:50:57.494+0000] {processor.py:830} INFO - Processing file /home/airflow/.local/lib/python3.8/site-packages/airflow/example_dags/example_python_operator.py for tasks to queue
[2026-09-08T13:50:57.497+0000] {logging_mixin.py:188} INFO - [2026-09-08T13:50:57.496+0000] {dagbag.py:540} INFO - Filling up the DagBag from /home/airflow/.local/lib/python3.8/site-packages/airflow/example_dags/example_python_operator.py
[2026-09-08T13:50:57.508+0000] {processor.py:840} INFO - DAG(s) 'example_python_operator' retrieved from /home/airflow/.local/lib/python3.8/site-packages/airflow/example_dags/example_python_operator.py
[2026-09-08T13:50:57.540+0000] {logging_mixin.py:188} INFO - [2026-09-08T13:50:57.540+0000] {dag.py:3047} INFO - Sync 1 DAGs
[2026-09-08T13:50:57.555+0000] {logging_mixin.py:188} INFO - [2026-09-08T13:50:57.555+0000] {dag.py:3834} INFO - Setting next_dagrun for example_python_operator to None, run_after=None
[2026-09-08T13:50:57.580+0000] {processor.py:183} INFO - Processing /home/airflow/.local/lib/python3.8/site-packages/airflow/example_dags/example_python_operator.py took 0.093 seconds
[2026-09-08T13:51:28.080+0000] {processor.py:161} INFO - Started process (PID=857) to work on /home/airflow/.local/lib/python3.8/site-packages/airflow/example_dags/example_python_operator.py
[2026-09-08T13:51:28.081+0000] {processor.py:830} INFO - Processing file /home/airflow/.local/lib/python3.8/site-packages/airflow/example_dags/example_python_operator.py for tasks to queue
[2026-09-08T13:51:28.084+0000] {logging_mixin.py:188} INFO - [2026-09-08T13:51:28.084+0000] {dagbag.py:540} INFO - Filling up the DagBag from /home/airflow/.local/lib/python3.8/site-packages/airflow/example_dags/example_python_operator.py
[2026-09-08T13:51:28.097+0000] {processor.py:840} INFO - DAG(s) 'example_python_operator' retrieved from /home/airflow/.local/lib/python3.8/site-packages/airflow/example_dags/example_python_operator.py
[2026-09-08T13:51:28.125+0000] {logging_mixin.py:188} INFO - [2026-09-08T13:51:28.125+0000] {dag.py:3047} INFO - Sync 1 DAGs
[2026-09-08T13:51:28.143+0000] {logging_mixin.py:188} INFO - [2026-09-08T13:51:28.143+0000] {dag.py:3834} INFO - Setting next_dagrun for example_python_operator to None, run_after=None
[2026-09-08T13:51:28.167+0000] {processor.py:183} INFO - Processing /home/airflow/.local/lib/python3.8/site-packages/airflow/example_dags/example_python_operator.py took 0.091 seconds
[2026-09-08T13:51:59.005+0000] {processor.py:161} INFO - Started process (PID=914) to work on /home/airflow/.local/lib/python3.8/site-packages/airflow/example_dags/example_python_operator.py
[2026-09-08T13:51:59.007+0000] {processor.py:830} INFO - Processing file /home/airflow/.local/lib/python3.8/site-packages/airflow/example_dags/example_python_operator.py for tasks to queue
[2026-09-08T13:51:59.011+0000] {logging_mixin.py:188} INFO - [2026-09-08T13:51:59.011+0000] {dagbag.py:540} INFO - Filling up the DagBag from /home/airflow/.local/lib/python3.8/site-packages/airflow/example_dags/example_python_operator.py
[2026-09-08T13:51:59.027+0000] {processor.py:840} INFO - DAG(s) 'example_python_operator' retrieved from /home/airflow/.local/lib/python3.8/site-packages/airflow/example_dags/example_python_operator.py
[2026-09-08T13:51:59.059+0000] {logging_mixin.py:188} INFO - [2026-09-08T13:51:59.059+0000] {dag.py:3047} INFO - Sync 1 DAGs
[2026-09-08T13:51:59.074+0000] {logging_mixin.py:188} INFO - [2026-09-08T13:51:59.074+0000] {dag.py:3834} INFO - Setting next_dagrun for example_python_operator to None, run_after=None
[2026-09-08T13:51:59.098+0000] {processor.py:183} INFO - Processing /home/airflow/.local/lib/python3.8/site-packages/airflow/example_dags/example_python_operator.py took 0.101 seconds
[2026-09-08T13:52:29.265+0000] {processor.py:161} INFO - Started process (PID=971) to work on /home/airflow/.local/lib/python3.8/site-packages/airflow/example_dags/example_python_operator.py
[2026-09-08T13:52:29.267+0000] {processor.py:830} INFO - Processing file /home/airflow/.local/lib/python3.8/site-packages/airflow/example_dags/example_python_operator.py for tasks to queue
[2026-09-08T13:52:29.270+0000] {logging_mixin.py:188} INFO - [2026-09-08T13:52:29.270+0000] {dagbag.py:540} INFO - Filling up the DagBag from /home/airflow/.local/lib/python3.8/site-packages/airflow/example_dags/example_python_operator.py
[2026-09-08T13:52:29.287+0000] {processor.py:840} INFO - DAG(s) 'example_python_operator' retrieved from /home/airflow/.local/lib/python3.8/site-packages/airflow/example_dags/example_python_operator.py
[2026-09-08T13:52:29.320+0000] {logging_mixin.py:188} INFO - [2026-09-08T13:52:29.319+0000] {dag.py:3047} INFO - Sync 1 DAGs
[2026-09-08T13:52:29.341+0000] {logging_mixin.py:188} INFO - [2026-09-08T13:52:29.340+0000] {dag.py:3834} INFO - Setting next_dagrun for example_python_operator to None, run_after=None
[2026-09-08T13:52:29.372+0000] {processor.py:183} INFO - Processing /home/airflow/.local/lib/python3.8/site-packages/airflow/example_dags/example_python_operator.py took 0.111 seconds
