[2026-09-08T13:44:41.003+0000] {processor.py:161} INFO - Started process (PID=71) to work on /home/airflow/.local/lib/python3.8/site-packages/airflow/example_dags/example_nested_branch_dag.py
[2026-09-08T13:44:41.008+0000] {processor.py:830} INFO - Processing file /home/airflow/.local/lib/python3.8/site-packages/airflow/example_dags/example_nested_branch_dag.py for tasks to queue
[2026-09-08T13:44:41.013+0000] {logging_mixin.py:188} INFO - [2026-09-08T13:44:41.013+0000] {dagbag.py:540} INFO - Filling up the DagBag from /home/airflow/.local/lib/python3.8/site-packages/airflow/example_dags/example_nested_branch_dag.py
[2026-09-08T13:44:41.054+0000] {processor.py:840} INFO - DAG(s) 'example_nested_branch_dag' retrieved from /home/airflow/.local/lib/python3.8/site-packages/airflow/example_dags/example_nested_branch_dag.py
[2026-09-08T13:44:41.154+0000] {logging_mixin.py:188} INFO - [2026-09-08T13:44:41.154+0000] {dag.py:3047} INFO - Sync 1 DAGs
[2026-09-08T13:44:41.225+0000] {logging_mixin.py:188} INFO - [2026-09-08T13:44:41.224+0000] {dag.py:3834} INFO - Setting next_dagrun for example_nested_branch_dag to 2026-09-07 00:00:00+00:00, run_after=2026-09-08 00:00:00+00:00
[2026-09-08T13:44:41.268+0000] {processor.py:183} INFO - Processing /home/airflow/.local/lib/python3.8/site-packages/airflow/example_dags/example_nested_branch_dag.py took 0.270 seconds
[2026-09-08T13:45:11.588+0000] {processor.py:161} INFO - Started process (PID=127) to work on /home/airflow/.local/lib/python3.8/site-packages/airflow/example_dags/example_nested_branch_dag.py
[2026-09-08T13:45:11.589+0000] {processor.py:830} INFO - Processing file /home/airflow/.local/lib/python3.8/site-packages/airflow/example_dags/example_nested_branch_dag.py for tasks to queue
[2026-09-08T13:45:11.593+0000] {logging_mixin.py:188} INFO - [2026-09-08T13:45:11.593+0000] {dagbag.py:540} INFO - Filling up the DagBag from /home/airflow/.local/lib/python3.8/site-packages/airflow/example_dags/example_nested_branch_dag.py
[2026-09-08T13:45:11.610+0000] {processor.py:840} INFO - DAG(s) 'example_nested_branch_dag' retrieved from /home/airflow/.local/lib/python3.8/site-packages/airflow/example_dags/example_nested_branch_dag.py
[2026-09-08T13:45:11.787+0000] {logging_mixin.py:188} INFO - [2026-09-08T13:45:11.786+0000] {dag.py:3047} INFO - Sync 1 DAGs
[2026-09-08T13:45:11.835+0000] {logging_mixin.py:188} INFO - [2026-09-08T13:45:11.834+0000] {dag.py:3834} INFO - Setting next_dagrun for example_nested_branch_dag to 2026-09-07 00:00:00+00:00, run_after=2026-09-08 00:00:00+00:00
[2026-09-08T13:45:11.863+0000] {processor.py:183} INFO - Processing /home/airflow/.local/lib/python3.8/site-packages/airflow/example_dags/example_nested_branch_dag.py took 0.280 seconds
[2026-09-08T13:45:42.312+0000] {processor.py:161} INFO - Started process (PID=184) to work on /home/airflow/.local/lib/python3.8/site-packages/airflow/example_dags/example_nested_branch_dag.py
[2026-09-08T13:45:42.316+0000] {processor.py:830} INFO - Processing file /home/airflow/.local/lib/python3.8/site-packages/airflow/example_dags/example_nested_branch_dag.py for tasks to queue
[2026-09-08T13:45:42.322+0000] {logging_mixin.py:188} INFO - [2026-09-08T13:45:42.321+0000] {dagbag.py:540} INFO - Filling up the DagBag from /home/airflow/.local/lib/python3.8/site-packages/airflow/example_dags/example_nested_branch_dag.py
[2026-09-08T13:45:42.349+0000] {processor.py:840} INFO - DAG(s) 'example_nested_branch_dag' retrieved from /home/airflow/.local/lib/python3.8/site-packages/airflow/example_dags/example_nested_branch_dag.py
[2026-09-08T13:45:42.408+0000] {logging_mixin.py:188} INFO - [2026-09-08T13:45:42.407+0000] {dag.py:3047} INFO - Sync 1 DAGs
[2026-09-08T13:45:42.483+0000] {logging_mixin.py:188} INFO - [2026-09-08T13:45:42.483+0000] {dag.py:3834} INFO - Setting next_dagrun for example_nested_branch_dag to 2026-09-07 00:00:00+00:00, run_after=2026-09-08 00:00:00+00:00
[2026-09-08T13:45:42.560+0000] {processor.py:183} INFO - Processing /home/airflow/.local/lib/python3.8/site-packages/airflow/example_dags/example_nested_branch_dag.py took 0.256 seconds
[2026-09-08T13:46:12.810+0000] {processor.py:161} INFO - Started process (PID=246) to work on /home/airflow/.local/lib/python3.8/site-packages/airflow/example_dags/example_nested_branch_dag.py
[2026-09-08T13:46:12.812+0000] {processor.py:830} INFO - Processing file /home/airflow/.local/lib/python3.8/site-packages/airflow/example_dags/example_nested_branch_dag.py for tasks to queue
[2026-09-08T13:46:12.815+0000] {logging_mixin.py:188} INFO - [2026-09-08T13:46:12.814+0000] {dagbag.py:540} INFO - Filling up the DagBag from /home/airflow/.local/lib/python3.8/site-packages/airflow/example_dags/example_nested_branch_dag.py
[2026-09-08T13:46:12.830+0000] {processor.py:840} INFO - DAG(s) 'example_nested_branch_dag' retrieved from /home/airflow/.local/lib/python3.8/site-packages/airflow/example_dags/example_nested_branch_dag.py
[2026-09-08T13:46:12.867+0000] {logging_mixin.py:188} INFO - [2026-09-08T13:46:12.866+0000] {dag.py:3047} INFO - Sync 1 DAGs
[2026-09-08T13:46:12.921+0000] {logging_mixin.py:188} INFO - [2026-09-08T13:46:12.921+0000] {dag.py:3834} INFO - Setting next_dagrun for example_nested_branch_dag to 2026-09-07 00:00:00+00:00, run_after=2026-09-08 00:00:00+00:00
[2026-09-08T13:46:13.014+0000] {processor.py:183} INFO - Processing /home/airflow/.local/lib/python3.8/site-packages/airflow/example_dags/example_nested_branch_dag.py took 0.209 seconds
[2026-09-08T13:46:43.341+0000] {processor.py:161} INFO - Started process (PID=303) to work on /home/airflow/.local/lib/python3.8/site-packages/airflow/example_dags/example_nested_branch_dag.py
[2026-09-08T13:46:43.343+0000] {processor.py:830} INFO - Processing file /home/airflow/.local/lib/python3.8/site-packages/airflow/example_dags/example_nested_branch_dag.py for tasks to queue
[2026-09-08T13:46:43.346+0000] {logging_mixin.py:188} INFO - [2026-09-08T13:46:43.346+0000] {dagbag.py:540} INFO - Filling up the DagBag from /home/airflow/.local/lib/python3.8/site-packages/airflow/example_dags/example_nested_branch_dag.py
[2026-09-08T13:46:43.359+0000] {processor.py:840} INFO - DAG(s) 'example_nested_branch_dag' retrieved from /home/airflow/.local/lib/python3.8/site-packages/airflow/example_dags/example_nested_branch_dag.py
[2026-09-08T13:46:43.390+0000] {logging_mixin.py:188} INFO - [2026-09-08T13:46:43.389+0000] {dag.py:3047} INFO - Sync 1 DAGs
[2026-09-08T13:46:43.422+0000] {logging_mixin.py:188} INFO - [2026-09-08T13:46:43.421+0000] {dag.py:3834} INFO - Setting next_dagrun for example_nested_branch_dag to 2026-09-07 00:00:00+00:00, run_after=2026-09-08 00:00:00+00:00
[2026-09-08T13:46:43.446+0000] {processor.py:183} INFO - Processing /home/airflow/.local/lib/python3.8/site-packages/airflow/example_dags/example_nested_branch_dag.py took 0.111 seconds
[2026-09-08T13:47:13.578+0000] {processor.py:161} INFO - Started process (PID=364) to work on /home/airflow/.local/lib/python3.8/site-packages/airflow/example_dags/example_nested_branch_dag.py
[2026-09-08T13:47:13.581+0000] {processor.py:830} INFO - Processing file /home/airflow/.local/lib/python3.8/site-packages/airflow/example_dags/example_nested_branch_dag.py for tasks to queue
[2026-09-08T13:47:13.590+0000] {logging_mixin.py:188} INFO - [2026-09-08T13:47:13.589+0000] {dagbag.py:540} INFO - Filling up the DagBag from /home/airflow/.local/lib/python3.8/site-packages/airflow/example_dags/example_nested_branch_dag.py
[2026-09-08T13:47:13.619+0000] {processor.py:840} INFO - DAG(s) 'example_nested_branch_dag' retrieved from /home/airflow/.local/lib/python3.8/site-packages/airflow/example_dags/example_nested_branch_dag.py
[2026-09-08T13:47:13.677+0000] {logging_mixin.py:188} INFO - [2026-09-08T13:47:13.676+0000] {dag.py:3047} INFO - Sync 1 DAGs
[2026-09-08T13:47:13.745+0000] {logging_mixin.py:188} INFO - [2026-09-08T13:47:13.744+0000] {dag.py:3834} INFO - Setting next_dagrun for example_nested_branch_dag to 2026-09-07 00:00:00+00:00, run_after=2026-09-08 00:00:00+00:00
[2026-09-08T13:47:13.791+0000] {processor.py:183} INFO - Processing /home/airflow/.local/lib/python3.8/site-packages/airflow/example_dags/example_nested_branch_dag.py took 0.223 seconds
[2026-09-08T13:47:44.156+0000] {processor.py:161} INFO - Started process (PID=421) to work on /home/airflow/.local/lib/python3.8/site-packages/airflow/example_dags/example_nested_branch_dag.py
[2026-09-08T13:47:44.159+0000] {processor.py:830} INFO - Processing file /home/airflow/.local/lib/python3.8/site-packages/airflow/example_dags/example_nested_branch_dag.py for tasks to queue
[2026-09-08T13:47:44.162+0000] {logging_mixin.py:188} INFO - [2026-09-08T13:47:44.162+0000] {dagbag.py:540} INFO - Filling up the DagBag from /home/airflow/.local/lib/python3.8/site-packages/airflow/example_dags/example_nested_branch_dag.py
[2026-09-08T13:47:44.177+0000] {processor.py:840} INFO - DAG(s) 'example_nested_branch_dag' retrieved from /home/airflow/.local/lib/python3.8/site-packages/airflow/example_dags/example_nested_branch_dag.py
[2026-09-08T13:47:44.214+0000] {logging_mixin.py:188} INFO - [2026-09-08T13:47:44.213+0000] {dag.py:3047} INFO - Sync 1 DAGs
[2026-09-08T13:47:44.247+0000] {logging_mixin.py:188} INFO - [2026-09-08T13:47:44.247+0000] {dag.py:3834} INFO - Setting next_dagrun for example_nested_branch_dag to 2026-09-07 00:00:00+00:00, run_after=2026-09-08 00:00:00+00:00
[2026-09-08T13:47:44.288+0000] {processor.py:183} INFO - Processing /home/airflow/.local/lib/python3.8/site-packages/airflow/example_dags/example_nested_branch_dag.py took 0.140 seconds
[2026-09-08T13:48:14.609+0000] {processor.py:161} INFO - Started process (PID=478) to work on /home/airflow/.local/lib/python3.8/site-packages/airflow/example_dags/example_nested_branch_dag.py
[2026-09-08T13:48:14.611+0000] {processor.py:830} INFO - Processing file /home/airflow/.local/lib/python3.8/site-packages/airflow/example_dags/example_nested_branch_dag.py for tasks to queue
[2026-09-08T13:48:14.616+0000] {logging_mixin.py:188} INFO - [2026-09-08T13:48:14.616+0000] {dagbag.py:540} INFO - Filling up the DagBag from /home/airflow/.local/lib/python3.8/site-packages/airflow/example_dags/example_nested_branch_dag.py
[2026-09-08T13:48:14.635+0000] {processor.py:840} INFO - DAG(s) 'example_nested_branch_dag' retrieved from /home/airflow/.local/lib/python3.8/site-packages/airflow/example_dags/example_nested_branch_dag.py
[2026-09-08T13:48:14.656+0000] {logging_mixin.py:188} INFO - [2026-09-08T13:48:14.656+0000] {dag.py:3047} INFO - Sync 1 DAGs
[2026-09-08T13:48:14.688+0000] {logging_mixin.py:188} INFO - [2026-09-08T13:48:14.688+0000] {dag.py:3834} INFO - Setting next_dagrun for example_nested_branch_dag to 2026-09-07 00:00:00+00:00, run_after=2026-09-08 00:00:00+00:00
[2026-09-08T13:48:14.718+0000] {processor.py:183} INFO - Processing /home/airflow/.local/lib/python3.8/site-packages/airflow/example_dags/example_nested_branch_dag.py took 0.114 seconds
[2026-09-08T13:48:44.842+0000] {processor.py:161} INFO - Started process (PID=534) to work on /home/airflow/.local/lib/python3.8/site-packages/airflow/example_dags/example_nested_branch_dag.py
[2026-09-08T13:48:44.846+0000] {processor.py:830} INFO - Processing file /home/airflow/.local/lib/python3.8/site-packages/airflow/example_dags/example_nested_branch_dag.py for tasks to queue
[2026-09-08T13:48:44.851+0000] {logging_mixin.py:188} INFO - [2026-09-08T13:48:44.850+0000] {dagbag.py:540} INFO - Filling up the DagBag from /home/airflow/.local/lib/python3.8/site-packages/airflow/example_dags/example_nested_branch_dag.py
[2026-09-08T13:48:44.868+0000] {processor.py:840} INFO - DAG(s) 'example_nested_branch_dag' retrieved from /home/airflow/.local/lib/python3.8/site-packages/airflow/example_dags/example_nested_branch_dag.py
[2026-09-08T13:48:45.020+0000] {logging_mixin.py:188} INFO - [2026-09-08T13:48:45.020+0000] {dag.py:3047} INFO - Sync 1 DAGs
[2026-09-08T13:48:45.049+0000] {logging_mixin.py:188} INFO - [2026-09-08T13:48:45.049+0000] {dag.py:3834} INFO - Setting next_dagrun for example_nested_branch_dag to 2026-09-07 00:00:00+00:00, run_after=2026-09-08 00:00:00+00:00
[2026-09-08T13:48:45.077+0000] {processor.py:183} INFO - Processing /home/airflow/.local/lib/python3.8/site-packages/airflow/example_dags/example_nested_branch_dag.py took 0.239 seconds
[2026-09-08T13:49:15.354+0000] {processor.py:161} INFO - Started process (PID=591) to work on /home/airflow/.local/lib/python3.8/site-packages/airflow/example_dags/example_nested_branch_dag.py
[2026-09-08T13:49:15.356+0000] {processor.py:830} INFO - Processing file /home/airflow/.local/lib/python3.8/site-packages/airflow/example_dags/example_nested_branch_dag.py for tasks to queue
[2026-09-08T13:49:15.359+0000] {logging_mixin.py:188} INFO - [2026-09-08T13:49:15.359+0000] {dagbag.py:540} INFO - Filling up the DagBag from /home/airflow/.local/lib/python3.8/site-packages/airflow/example_dags/example_nested_branch_dag.py
[2026-09-08T13:49:15.376+0000] {processor.py:840} INFO - DAG(s) 'example_nested_branch_dag' retrieved from /home/airflow/.local/lib/python3.8/site-packages/airflow/example_dags/example_nested_branch_dag.py
[2026-09-08T13:49:15.408+0000] {logging_mixin.py:188} INFO - [2026-09-08T13:49:15.407+0000] {dag.py:3047} INFO - Sync 1 DAGs
[2026-09-08T13:49:15.442+0000] {logging_mixin.py:188} INFO - [2026-09-08T13:49:15.441+0000] {dag.py:3834} INFO - Setting next_dagrun for example_nested_branch_dag to 2026-09-07 00:00:00+00:00, run_after=2026-09-08 00:00:00+00:00
[2026-09-08T13:49:15.468+0000] {processor.py:183} INFO - Processing /home/airflow/.local/lib/python3.8/site-packages/airflow/example_dags/example_nested_branch_dag.py took 0.119 seconds
[2026-09-08T13:49:45.606+0000] {processor.py:161} INFO - Started process (PID=648) to work on /home/airflow/.local/lib/python3.8/site-packages/airflow/example_dags/example_nested_branch_dag.py
[2026-09-08T13:49:45.609+0000] {processor.py:830} INFO - Processing file /home/airflow/.local/lib/python3.8/site-packages/airflow/example_dags/example_nested_branch_dag.py for tasks to queue
[2026-09-08T13:49:45.614+0000] {logging_mixin.py:188} INFO - [2026-09-08T13:49:45.613+0000] {dagbag.py:540} INFO - Filling up the DagBag from /home/airflow/.local/lib/python3.8/site-packages/airflow/example_dags/example_nested_branch_dag.py
[2026-09-08T13:49:45.631+0000] {processor.py:840} INFO - DAG(s) 'example_nested_branch_dag' retrieved from /home/airflow/.local/lib/python3.8/site-packages/airflow/example_dags/example_nested_branch_dag.py
[2026-09-08T13:49:45.665+0000] {logging_mixin.py:188} INFO - [2026-09-08T13:49:45.665+0000] {dag.py:3047} INFO - Sync 1 DAGs
[2026-09-08T13:49:45.701+0000] {logging_mixin.py:188} INFO - [2026-09-08T13:49:45.701+0000] {dag.py:3834} INFO - Setting next_dagrun for example_nested_branch_dag to 2026-09-07 00:00:00+00:00, run_after=2026-09-08 00:00:00+00:00
[2026-09-08T13:49:45.735+0000] {processor.py:183} INFO - Processing /home/airflow/.local/lib/python3.8/site-packages/airflow/example_dags/example_nested_branch_dag.py took 0.135 seconds
[2026-09-08T13:50:16.060+0000] {processor.py:161} INFO - Started process (PID=705) to work on /home/airflow/.local/lib/python3.8/site-packages/airflow/example_dags/example_nested_branch_dag.py
[2026-09-08T13:50:16.062+0000] {processor.py:830} INFO - Processing file /home/airflow/.local/lib/python3.8/site-packages/airflow/example_dags/example_nested_branch_dag.py for tasks to queue
[2026-09-08T13:50:16.064+0000] {logging_mixin.py:188} INFO - [2026-09-08T13:50:16.064+0000] {dagbag.py:540} INFO - Filling up the DagBag from /home/airflow/.local/lib/python3.8/site-packages/airflow/example_dags/example_nested_branch_dag.py
[2026-09-08T13:50:16.079+0000] {processor.py:840} INFO - DAG(s) 'example_nested_branch_dag' retrieved from /home/airflow/.local/lib/python3.8/site-packages/airflow/example_dags/example_nested_branch_dag.py
[2026-09-08T13:50:16.110+0000] {logging_mixin.py:188} INFO - [2026-09-08T13:50:16.109+0000] {dag.py:3047} INFO - Sync 1 DAGs
[2026-09-08T13:50:16.139+0000] {logging_mixin.py:188} INFO - [2026-09-08T13:50:16.139+0000] {dag.py:3834} INFO - Setting next_dagrun for example_nested_branch_dag to 2026-09-07 00:00:00+00:00, run_after=2026-09-08 00:00:00+00:00
[2026-09-08T13:50:16.165+0000] {processor.py:183} INFO - Processing /home/airflow/.local/lib/python3.8/site-packages/airflow/example_dags/example_nested_branch_dag.py took 0.108 seconds
[2026-09-08T13:50:46.295+0000] {processor.py:161} INFO - Started process (PID=762) to work on /home/airflow/.local/lib/python3.8/site-packages/airflow/example_dags/example_nested_branch_dag.py
[2026-09-08T13:50:46.296+0000] {processor.py:830} INFO - Processing file /home/airflow/.local/lib/python3.8/site-packages/airflow/example_dags/example_nested_branch_dag.py for tasks to queue
[2026-09-08T13:50:46.300+0000] {logging_mixin.py:188} INFO - [2026-09-08T13:50:46.299+0000] {dagbag.py:540} INFO - Filling up the DagBag from /home/airflow/.local/lib/python3.8/site-packages/airflow/example_dags/example_nested_branch_dag.py
[2026-09-08T13:50:46.311+0000] {processor.py:840} INFO - DAG(s) 'example_nested_branch_dag' retrieved from /home/airflow/.local/lib/python3.8/site-packages/airflow/example_dags/example_nested_branch_dag.py
[2026-09-08T13:50:46.340+0000] {logging_mixin.py:188} INFO - [2026-09-08T13:50:46.340+0000] {dag.py:3047} INFO - Sync 1 DAGs
[2026-09-08T13:50:46.369+0000] {logging_mixin.py:188} INFO - [2026-09-08T13:50:46.369+0000] {dag.py:3834} INFO - Setting next_dagrun for example_nested_branch_dag to 2026-09-07 00:00:00+00:00, run_after=2026-09-08 00:00:00+00:00
[2026-09-08T13:50:46.393+0000] {processor.py:183} INFO - Processing /home/airflow/.local/lib/python3.8/site-packages/airflow/example_dags/example_nested_branch_dag.py took 0.102 seconds
[2026-09-08T13:51:16.607+0000] {processor.py:161} INFO - Started process (PID=819) to work on /home/airflow/.local/lib/python3.8/site-packages/airflow/example_dags/example_nested_branch_dag.py
[2026-09-08T13:51:16.609+0000] {processor.py:830} INFO - Processing file /home/airflow/.local/lib/python3.8/site-packages/airflow/example_dags/example_nested_branch_dag.py for tasks to queue
[2026-09-08T13:51:16.613+0000] {logging_mixin.py:188} INFO - [2026-09-08T13:51:16.612+0000] {dagbag.py:540} INFO - Filling up the DagBag from /home/airflow/.local/lib/python3.8/site-packages/airflow/example_dags/example_nested_branch_dag.py
[2026-09-08T13:51:16.626+0000] {processor.py:840} INFO - DAG(s) 'example_nested_branch_dag' retrieved from /home/airflow/.local/lib/python3.8/site-packages/airflow/example_dags/example_nested_branch_dag.py
[2026-09-08T13:51:16.655+0000] {logging_mixin.py:188} INFO - [2026-09-08T13:51:16.655+0000] {dag.py:3047} INFO - Sync 1 DAGs
[2026-09-08T13:51:16.687+0000] {logging_mixin.py:188} INFO - [2026-09-08T13:51:16.686+0000] {dag.py:3834} INFO - Setting next_dagrun for example_nested_branch_dag to 2026-09-07 00:00:00+00:00, run_after=2026-09-08 00:00:00+00:00
[2026-09-08T13:51:16.710+0000] {processor.py:183} INFO - Processing /home/airflow/.local/lib/python3.8/site-packages/airflow/example_dags/example_nested_branch_dag.py took 0.108 seconds
[2026-09-08T13:51:46.979+0000] {processor.py:161} INFO - Started process (PID=876) to work on /home/airflow/.local/lib/python3.8/site-packages/airflow/example_dags/example_nested_branch_dag.py
[2026-09-08T13:51:46.981+0000] {processor.py:830} INFO - Processing file /home/airflow/.local/lib/python3.8/site-packages/airflow/example_dags/example_nested_branch_dag.py for tasks to queue
[2026-09-08T13:51:46.985+0000] {logging_mixin.py:188} INFO - [2026-09-08T13:51:46.984+0000] {dagbag.py:540} INFO - Filling up the DagBag from /home/airflow/.local/lib/python3.8/site-packages/airflow/example_dags/example_nested_branch_dag.py
[2026-09-08T13:51:47.001+0000] {processor.py:840} INFO - DAG(s) 'example_nested_branch_dag' retrieved from /home/airflow/.local/lib/python3.8/site-packages/airflow/example_dags/example_nested_branch_dag.py
[2026-09-08T13:51:47.028+0000] {logging_mixin.py:188} INFO - [2026-09-08T13:51:47.028+0000] {dag.py:3047} INFO - Sync 1 DAGs
[2026-09-08T13:51:47.055+0000] {logging_mixin.py:188} INFO - [2026-09-08T13:51:47.055+0000] {dag.py:3834} INFO - Setting next_dagrun for example_nested_branch_dag to 2026-09-07 00:00:00+00:00, run_after=2026-09-08 00:00:00+00:00
[2026-09-08T13:51:47.082+0000] {processor.py:183} INFO - Processing /home/airflow/.local/lib/python3.8/site-packages/airflow/example_dags/example_nested_branch_dag.py took 0.108 seconds
[2026-09-08T13:52:17.296+0000] {processor.py:161} INFO - Started process (PID=933) to work on /home/airflow/.local/lib/python3.8/site-packages/airflow/example_dags/example_nested_branch_dag.py
[2026-09-08T13:52:17.298+0000] {processor.py:830} INFO - Processing file /home/airflow/.local/lib/python3.8/site-packages/airflow/example_dags/example_nested_branch_dag.py for tasks to queue
[2026-09-08T13:52:17.302+0000] {logging_mixin.py:188} INFO - [2026-09-08T13:52:17.301+0000] {dagbag.py:540} INFO - Filling up the DagBag from /home/airflow/.local/lib/python3.8/site-packages/airflow/example_dags/example_nested_branch_dag.py
[2026-09-08T13:52:17.319+0000] {processor.py:840} INFO - DAG(s) 'example_nested_branch_dag' retrieved from /home/airflow/.local/lib/python3.8/site-packages/airflow/example_dags/example_nested_branch_dag.py
[2026-09-08T13:52:17.351+0000] {logging_mixin.py:188} INFO - [2026-09-08T13:52:17.351+0000] {dag.py:3047} INFO - Sync 1 DAGs
[2026-09-08T13:52:17.380+0000] {logging_mixin.py:188} INFO - [2026-09-08T13:52:17.379+0000] {dag.py:3834} INFO - Setting next_dagrun for example_nested_branch_dag to 2026-09-07 00:00:00+00:00, run_after=2026-09-08 00:00:00+00:00
[2026-09-08T13:52:17.412+0000] {processor.py:183} INFO - Processing /home/airflow/.local/lib/python3.8/site-packages/airflow/example_dags/example_nested_branch_dag.py took 0.121 seconds
