[2026-09-08T13:44:48.041+0000] {processor.py:161} INFO - Started process (PID=106) to work on /home/airflow/.local/lib/python3.8/site-packages/airflow/example_dags/example_time_delta_sensor_async.py
[2026-09-08T13:44:48.043+0000] {processor.py:830} INFO - Processing file /home/airflow/.local/lib/python3.8/site-packages/airflow/example_dags/example_time_delta_sensor_async.py for tasks to queue
[2026-09-08T13:44:48.052+0000] {logging_mixin.py:188} INFO - [2026-09-08T13:44:48.051+0000] {dagbag.py:540} INFO - Filling up the DagBag from /home/airflow/.local/lib/python3.8/site-packages/airflow/example_dags/example_time_delta_sensor_async.py
[2026-09-08T13:44:48.075+0000] {processor.py:840} INFO - DAG(s) 'example_time_delta_sensor_async' retrieved from /home/airflow/.local/lib/python3.8/site-packages/airflow/example_dags/example_time_delta_sensor_async.py
[2026-09-08T13:44:48.112+0000] {logging_mixin.py:188} INFO - [2026-09-08T13:44:48.111+0000] {dag.py:3047} INFO - Sync 1 DAGs
[2026-09-08T13:44:48.160+0000] {logging_mixin.py:188} INFO - [2026-09-08T13:44:48.160+0000] {dag.py:3834} INFO - Setting next_dagrun for example_time_delta_sensor_async to None, run_after=None
[2026-09-08T13:44:48.205+0000] {processor.py:183} INFO - Processing /home/airflow/.local/lib/python3.8/site-packages/airflow/example_dags/example_time_delta_sensor_async.py took 0.173 seconds
[2026-09-08T13:45:20.173+0000] {processor.py:161} INFO - Started process (PID=163) to work on /home/airflow/.local/lib/python3.8/site-packages/airflow/example_dags/example_time_delta_sensor_async.py
[2026-09-08T13:45:20.175+0000] {processor.py:830} INFO - Processing file /home/airflow/.local/lib/python3.8/site-packages/airflow/example_dags/example_time_delta_sensor_async.py for tasks to queue
[2026-09-08T13:45:20.180+0000] {logging_mixin.py:188} INFO - [2026-09-08T13:45:20.180+0000] {dagbag.py:540} INFO - Filling up the DagBag from /home/airflow/.local/lib/python3.8/site-packages/airflow/example_dags/example_time_delta_sensor_async.py
[2026-09-08T13:45:20.193+0000] {processor.py:840} INFO - DAG(s) 'example_time_delta_sensor_async' retrieved from /home/airflow/.local/lib/python3.8/site-packages/airflow/example_dags/example_time_delta_sensor_async.py
[2026-09-08T13:45:20.462+0000] {logging_mixin.py:188} INFO - [2026-09-08T13:45:20.462+0000] {dag.py:3047} INFO - Sync 1 DAGs
[2026-09-08T13:45:20.479+0000] {logging_mixin.py:188} INFO - [2026-09-08T13:45:20.479+0000] {dag.py:3834} INFO - Setting next_dagrun for example_time_delta_sensor_async to None, run_after=None
[2026-09-08T13:45:20.505+0000] {processor.py:183} INFO - Processing /home/airflow/.local/lib/python3.8/site-packages/airflow/example_dags/example_time_delta_sensor_async.py took 0.339 seconds
[2026-09-08T13:45:50.604+0000] {processor.py:161} INFO - Started process (PID=220) to work on /home/airflow/.local/lib/python3.8/site-packages/airflow/example_dags/example_time_delta_sensor_async.py
[2026-09-08T13:45:50.606+0000] {processor.py:830} INFO - Processing file /home/airflow/.local/lib/python3.8/site-packages/airflow/example_dags/example_time_delta_sensor_async.py for tasks to queue
[2026-09-08T13:45:50.610+0000] {logging_mixin.py:188} INFO - [2026-09-08T13:45:50.609+0000] {dagbag.py:540} INFO - Filling up the DagBag from /home/airflow/.local/lib/python3.8/site-packages/airflow/example_dags/example_time_delta_sensor_async.py
[2026-09-08T13:45:50.628+0000] {processor.py:840} INFO - DAG(s) 'example_time_delta_sensor_async' retrieved from /home/airflow/.local/lib/python3.8/site-packages/airflow/example_dags/example_time_delta_sensor_async.py
[2026-09-08T13:45:50.681+0000] {logging_mixin.py:188} INFO - [2026-09-08T13:45:50.681+0000] {dag.py:3047} INFO - Sync 1 DAGs
[2026-09-08T13:45:50.717+0000] {logging_mixin.py:188} INFO - [2026-09-08T13:45:50.716+0000] {dag.py:3834} INFO - Setting next_dagrun for example_time_delta_sensor_async to None, run_after=None
[2026-09-08T13:45:50.759+0000] {processor.py:183} INFO - Processing /home/airflow/.local/lib/python3.8/site-packages/airflow/example_dags/example_time_delta_sensor_async.py took 0.171 seconds
[2026-09-08T13:46:21.752+0000] {processor.py:161} INFO - Started process (PID=282) to work on /home/airflow/.local/lib/python3.8/site-packages/airflow/example_dags/example_time_delta_sensor_async.py
[2026-09-08T13:46:21.755+0000] {processor.py:830} INFO - Processing file /home/airflow/.local/lib/python3.8/site-packages/airflow/example_dags/example_time_delta_sensor_async.py for tasks to queue
[2026-09-08T13:46:21.758+0000] {logging_mixin.py:188} INFO - [2026-09-08T13:46:21.757+0000] {dagbag.py:540} INFO - Filling up the DagBag from /home/airflow/.local/lib/python3.8/site-packages/airflow/example_dags/example_time_delta_sensor_async.py
[2026-09-08T13:46:21.765+0000] {processor.py:840} INFO - DAG(s) 'example_time_delta_sensor_async' retrieved from /home/airflow/.local/lib/python3.8/site-packages/airflow/example_dags/example_time_delta_sensor_async.py
[2026-09-08T13:46:21.788+0000] {logging_mixin.py:188} INFO - [2026-09-08T13:46:21.788+0000] {dag.py:3047} INFO - Sync 1 DAGs
[2026-09-08T13:46:21.803+0000] {logging_mixin.py:188} INFO - [2026-09-08T13:46:21.803+0000] {dag.py:3834} INFO - Setting next_dagrun for example_time_delta_sensor_async to None, run_after=None
[2026-09-08T13:46:22.615+0000] {processor.py:183} INFO - Processing /home/airflow/.local/lib/python3.8/site-packages/airflow/example_dags/example_time_delta_sensor_async.py took 0.867 seconds
[2026-09-08T13:46:53.100+0000] {processor.py:161} INFO - Started process (PID=339) to work on /home/airflow/.local/lib/python3.8/site-packages/airflow/example_dags/example_time_delta_sensor_async.py
[2026-09-08T13:46:53.102+0000] {processor.py:830} INFO - Processing file /home/airflow/.local/lib/python3.8/site-packages/airflow/example_dags/example_time_delta_sensor_async.py for tasks to queue
[2026-09-08T13:46:53.106+0000] {logging_mixin.py:188} INFO - [2026-09-08T13:46:53.105+0000] {dagbag.py:540} INFO - Filling up the DagBag from /home/airflow/.local/lib/python3.8/site-packages/airflow/example_dags/example_time_delta_sensor_async.py
[2026-09-08T13:46:53.112+0000] {processor.py:840} INFO - DAG(s) 'example_time_delta_sensor_async' retrieved from /home/airflow/.local/lib/python3.8/site-packages/airflow/example_dags/example_time_delta_sensor_async.py
[2026-09-08T13:46:53.144+0000] {logging_mixin.py:188} INFO - [2026-09-08T13:46:53.143+0000] {dag.py:3047} INFO - Sync 1 DAGs
[2026-09-08T13:46:53.161+0000] {logging_mixin.py:188} INFO - [2026-09-08T13:46:53.161+0000] {dag.py:3834} INFO - Setting next_dagrun for example_time_delta_sensor_async to None, run_after=None
[2026-09-08T13:46:53.187+0000] {processor.py:183} INFO - Processing /home/airflow/.local/lib/python3.8/site-packages/airflow/example_dags/example_time_delta_sensor_async.py took 0.092 seconds
[2026-09-08T13:47:23.858+0000] {processor.py:161} INFO - Started process (PID=400) to work on /home/airflow/.local/lib/python3.8/site-packages/airflow/example_dags/example_time_delta_sensor_async.py
[2026-09-08T13:47:23.861+0000] {processor.py:830} INFO - Processing file /home/airflow/.local/lib/python3.8/site-packages/airflow/example_dags/example_time_delta_sensor_async.py for tasks to queue
[2026-09-08T13:47:23.866+0000] {logging_mixin.py:188} INFO - [2026-09-08T13:47:23.865+0000] {dagbag.py:540} INFO - Filling up the DagBag from /home/airflow/.local/lib/python3.8/site-packages/airflow/example_dags/example_time_delta_sensor_async.py
[2026-09-08T13:47:23.875+0000] {processor.py:840} INFO - DAG(s) 'example_time_delta_sensor_async' retrieved from /home/airflow/.local/lib/python3.8/site-packages/airflow/example_dags/example_time_delta_sensor_async.py
[2026-09-08T13:47:23.907+0000] {logging_mixin.py:188} INFO - [2026-09-08T13:47:23.906+0000] {dag.py:3047} INFO - Sync 1 DAGs
[2026-09-08T13:47:23.926+0000] {logging_mixin.py:188} INFO - [2026-09-08T13:47:23.926+0000] {dag.py:3834} INFO - Setting next_dagrun for example_time_delta_sensor_async to None, run_after=None
[2026-09-08T13:47:23.959+0000] {processor.py:183} INFO - Processing /home/airflow/.local/lib/python3.8/site-packages/airflow/example_dags/example_time_delta_sensor_async.py took 0.107 seconds
[2026-09-08T13:47:54.295+0000] {processor.py:161} INFO - Started process (PID=457) to work on /home/airflow/.local/lib/python3.8/site-packages/airflow/example_dags/example_time_delta_sensor_async.py
[2026-09-08T13:47:54.298+0000] {processor.py:830} INFO - Processing file /home/airflow/.local/lib/python3.8/site-packages/airflow/example_dags/example_time_delta_sensor_async.py for tasks to queue
[2026-09-08T13:47:54.304+0000] {logging_mixin.py:188} INFO - [2026-09-08T13:47:54.304+0000] {dagbag.py:540} INFO - Filling up the DagBag from /home/airflow/.local/lib/python3.8/site-packages/airflow/example_dags/example_time_delta_sensor_async.py
[2026-09-08T13:47:54.317+0000] {processor.py:840} INFO - DAG(s) 'example_time_delta_sensor_async' retrieved from /home/airflow/.local/lib/python3.8/site-packages/airflow/example_dags/example_time_delta_sensor_async.py
[2026-09-08T13:47:54.342+0000] {logging_mixin.py:188} INFO - [2026-09-08T13:47:54.342+0000] {dag.py:3047} INFO - Sync 1 DAGs
[2026-09-08T13:47:54.376+0000] {logging_mixin.py:188} INFO - [2026-09-08T13:47:54.376+0000] {dag.py:3834} INFO - Setting next_dagrun for example_time_delta_sensor_async to None, run_after=None
[2026-09-08T13:47:54.433+0000] {processor.py:183} INFO - Processing /home/airflow/.local/lib/python3.8/site-packages/airflow/example_dags/example_time_delta_sensor_async.py took 0.153 seconds
[2026-09-08T13:48:24.597+0000] {processor.py:161} INFO - Started process (PID=514) to work on /home/airflow/.local/lib/python3.8/site-packages/airflow/example_dags/example_time_delta_sensor_async.py
[2026-09-08T13:48:24.600+0000] {processor.py:830} INFO - Processing file /home/airflow/.local/lib/python3.8/site-packages/airflow/example_dags/example_time_delta_sensor_async.py for tasks to queue
[2026-09-08T13:48:24.610+0000] {logging_mixin.py:188} INFO - [2026-09-08T13:48:24.610+0000] {dagbag.py:540} INFO - Filling up the DagBag from /home/airflow/.local/lib/python3.8/site-packages/airflow/example_dags/example_time_delta_sensor_async.py
[2026-09-08T13:48:24.625+0000] {processor.py:840} INFO - DAG(s) 'example_time_delta_sensor_async' retrieved from /home/airflow/.local/lib/python3.8/site-packages/airflow/example_dags/example_time_delta_sensor_async.py
[2026-09-08T13:48:24.768+0000] {logging_mixin.py:188} INFO - [2026-09-08T13:48:24.767+0000] {dag.py:3047} INFO - Sync 1 DAGs
[2026-09-08T13:48:24.792+0000] {logging_mixin.py:188} INFO - [2026-09-08T13:48:24.792+0000] {dag.py:3834} INFO - Setting next_dagrun for example_time_delta_sensor_async to None, run_after=None
[2026-09-08T13:48:24.836+0000] {processor.py:183} INFO - Processing /home/airflow/.local/lib/python3.8/site-packages/airflow/example_dags/example_time_delta_sensor_async.py took 0.247 seconds
[2026-09-08T13:48:55.715+0000] {processor.py:161} INFO - Started process (PID=570) to work on /home/airflow/.local/lib/python3.8/site-packages/airflow/example_dags/example_time_delta_sensor_async.py
[2026-09-08T13:48:55.717+0000] {processor.py:830} INFO - Processing file /home/airflow/.local/lib/python3.8/site-packages/airflow/example_dags/example_time_delta_sensor_async.py for tasks to queue
[2026-09-08T13:48:55.720+0000] {logging_mixin.py:188} INFO - [2026-09-08T13:48:55.720+0000] {dagbag.py:540} INFO - Filling up the DagBag from /home/airflow/.local/lib/python3.8/site-packages/airflow/example_dags/example_time_delta_sensor_async.py
[2026-09-08T13:48:55.727+0000] {processor.py:840} INFO - DAG(s) 'example_time_delta_sensor_async' retrieved from /home/airflow/.local/lib/python3.8/site-packages/airflow/example_dags/example_time_delta_sensor_async.py
[2026-09-08T13:48:55.752+0000] {logging_mixin.py:188} INFO - [2026-09-08T13:48:55.752+0000] {dag.py:3047} INFO - Sync 1 DAGs
[2026-09-08T13:48:55.772+0000] {logging_mixin.py:188} INFO - [2026-09-08T13:48:55.772+0000] {dag.py:3834} INFO - Setting next_dagrun for example_time_delta_sensor_async to None, run_after=None
[2026-09-08T13:48:55.796+0000] {processor.py:183} INFO - Processing /home/airflow/.local/lib/python3.8/site-packages/airflow/example_dags/example_time_delta_sensor_async.py took 0.086 seconds
[2026-09-08T13:49:26.198+0000] {processor.py:161} INFO - Started process (PID=627) to work on /home/airflow/.local/lib/python3.8/site-packages/airflow/example_dags/example_time_delta_sensor_async.py
[2026-09-08T13:49:26.200+0000] {processor.py:830} INFO - Processing file /home/airflow/.local/lib/python3.8/site-packages/airflow/example_dags/example_time_delta_sensor_async.py for tasks to queue
[2026-09-08T13:49:26.204+0000] {logging_mixin.py:188} INFO - [2026-09-08T13:49:26.204+0000] {dagbag.py:540} INFO - Filling up the DagBag from /home/airflow/.local/lib/python3.8/site-packages/airflow/example_dags/example_time_delta_sensor_async.py
[2026-09-08T13:49:26.215+0000] {processor.py:840} INFO - DAG(s) 'example_time_delta_sensor_async' retrieved from /home/airflow/.local/lib/python3.8/site-packages/airflow/example_dags/example_time_delta_sensor_async.py
[2026-09-08T13:49:26.301+0000] {logging_mixin.py:188} INFO - [2026-09-08T13:49:26.301+0000] {dag.py:3047} INFO - Sync 1 DAGs
[2026-09-08T13:49:26.339+0000] {logging_mixin.py:188} INFO - [2026-09-08T13:49:26.338+0000] {dag.py:3834} INFO - Setting next_dagrun for example_time_delta_sensor_async to None, run_after=None
[2026-09-08T13:49:26.380+0000] {processor.py:183} INFO - Processing /home/airflow/.local/lib/python3.8/site-packages/airflow/example_dags/example_time_delta_sensor_async.py took 0.188 seconds
[2026-09-08T13:49:56.909+0000] {processor.py:161} INFO - Started process (PID=684) to work on /home/airflow/.local/lib/python3.8/site-packages/airflow/example_dags/example_time_delta_sensor_async.py
[2026-09-08T13:49:56.911+0000] {processor.py:830} INFO - Processing file /home/airflow/.local/lib/python3.8/site-packages/airflow/example_dags/example_time_delta_sensor_async.py for tasks to queue
[2026-09-08T13:49:56.914+0000] {logging_mixin.py:188} INFO - [2026-09-08T13:49:56.913+0000] {dagbag.py:540} INFO - Filling up the DagBag from /home/airflow/.local/lib/python3.8/site-packages/airflow/example_dags/example_time_delta_sensor_async.py
[2026-09-08T13:49:56.921+0000] {processor.py:840} INFO - DAG(s) 'example_time_delta_sensor_async' retrieved from /home/airflow/.local/lib/python3.8/site-packages/airflow/example_dags/example_time_delta_sensor_async.py
[2026-09-08T13:49:56.948+0000] {logging_mixin.py:188} INFO - [2026-09-08T13:49:56.948+0000] {dag.py:3047} INFO - Sync 1 DAGs
[2026-09-08T13:49:56.964+0000] {logging_mixin.py:188} INFO - [2026-09-08T13:49:56.964+0000] {dag.py:3834} INFO - Setting next_dagrun for example_time_delta_sensor_async to None, run_after=None
[2026-09-08T13:49:56.998+0000] {processor.py:183} INFO - Processing /home/airflow/.local/lib/python3.8/site-packages/airflow/example_dags/example_time_delta_sensor_async.py took 0.095 seconds
[2026-09-08T13:50:27.119+0000] {processor.py:161} INFO - Started process (PID=741) to work on /home/airflow/.local/lib/python3.8/site-packages/airflow/example_dags/example_time_delta_sensor_async.py
[2026-09-08T13:50:27.121+0000] {processor.py:830} INFO - Processing file /home/airflow/.local/lib/python3.8/site-packages/airflow/example_dags/example_time_delta_sensor_async.py for tasks to queue
[2026-09-08T13:50:27.124+0000] {logging_mixin.py:188} INFO - [2026-09-08T13:50:27.123+0000] {dagbag.py:540} INFO - Filling up the DagBag from /home/airflow/.local/lib/python3.8/site-packages/airflow/example_dags/example_time_delta_sensor_async.py
[2026-09-08T13:50:27.131+0000] {processor.py:840} INFO - DAG(s) 'example_time_delta_sensor_async' retrieved from /home/airflow/.local/lib/python3.8/site-packages/airflow/example_dags/example_time_delta_sensor_async.py
[2026-09-08T13:50:27.158+0000] {logging_mixin.py:188} INFO - [2026-09-08T13:50:27.158+0000] {dag.py:3047} INFO - Sync 1 DAGs
[2026-09-08T13:50:27.172+0000] {logging_mixin.py:188} INFO - [2026-09-08T13:50:27.172+0000] {dag.py:3834} INFO - Setting next_dagrun for example_time_delta_sensor_async to None, run_after=None
[2026-09-08T13:50:27.197+0000] {processor.py:183} INFO - Processing /home/airflow/.local/lib/python3.8/site-packages/airflow/example_dags/example_time_delta_sensor_async.py took 0.083 seconds
[2026-09-08T13:50:57.376+0000] {processor.py:161} INFO - Started process (PID=798) to work on /home/airflow/.local/lib/python3.8/site-packages/airflow/example_dags/example_time_delta_sensor_async.py
[2026-09-08T13:50:57.377+0000] {processor.py:830} INFO - Processing file /home/airflow/.local/lib/python3.8/site-packages/airflow/example_dags/example_time_delta_sensor_async.py for tasks to queue
[2026-09-08T13:50:57.380+0000] {logging_mixin.py:188} INFO - [2026-09-08T13:50:57.380+0000] {dagbag.py:540} INFO - Filling up the DagBag from /home/airflow/.local/lib/python3.8/site-packages/airflow/example_dags/example_time_delta_sensor_async.py
[2026-09-08T13:50:57.386+0000] {processor.py:840} INFO - DAG(s) 'example_time_delta_sensor_async' retrieved from /home/airflow/.local/lib/python3.8/site-packages/airflow/example_dags/example_time_delta_sensor_async.py
[2026-09-08T13:50:57.419+0000] {logging_mixin.py:188} INFO - [2026-09-08T13:50:57.418+0000] {dag.py:3047} INFO - Sync 1 DAGs
[2026-09-08T13:50:57.435+0000] {logging_mixin.py:188} INFO - [2026-09-08T13:50:57.435+0000] {dag.py:3834} INFO - Setting next_dagrun for example_time_delta_sensor_async to None, run_after=None
[2026-09-08T13:50:57.458+0000] {processor.py:183} INFO - Processing /home/airflow/.local/lib/python3.8/site-packages/airflow/example_dags/example_time_delta_sensor_async.py took 0.086 seconds
[2026-09-08T13:51:27.958+0000] {processor.py:161} INFO - Started process (PID=855) to work on /home/airflow/.local/lib/python3.8/site-packages/airflow/example_dags/example_time_delta_sensor_async.py
[2026-09-08T13:51:27.960+0000] {processor.py:830} INFO - Processing file /home/airflow/.local/lib/python3.8/site-packages/airflow/example_dags/example_time_delta_sensor_async.py for tasks to queue
[2026-09-08T13:51:27.965+0000] {logging_mixin.py:188} INFO - [2026-09-08T13:51:27.964+0000] {dagbag.py:540} INFO - Filling up the DagBag from /home/airflow/.local/lib/python3.8/site-packages/airflow/example_dags/example_time_delta_sensor_async.py
[2026-09-08T13:51:27.977+0000] {processor.py:840} INFO - DAG(s) 'example_time_delta_sensor_async' retrieved from /home/airflow/.local/lib/python3.8/site-packages/airflow/example_dags/example_time_delta_sensor_async.py
[2026-09-08T13:51:28.008+0000] {logging_mixin.py:188} INFO - [2026-09-08T13:51:28.008+0000] {dag.py:3047} INFO - Sync 1 DAGs
[2026-09-08T13:51:28.023+0000] {logging_mixin.py:188} INFO - [2026-09-08T13:51:28.023+0000] {dag.py:3834} INFO - Setting next_dagrun for example_time_delta_sensor_async to None, run_after=None
[2026-09-08T13:51:28.049+0000] {processor.py:183} INFO - Processing /home/airflow/.local/lib/python3.8/site-packages/airflow/example_dags/example_time_delta_sensor_async.py took 0.095 seconds
[2026-09-08T13:51:58.880+0000] {processor.py:161} INFO - Started process (PID=912) to work on /home/airflow/.local/lib/python3.8/site-packages/airflow/example_dags/example_time_delta_sensor_async.py
[2026-09-08T13:51:58.882+0000] {processor.py:830} INFO - Processing file /home/airflow/.local/lib/python3.8/site-packages/airflow/example_dags/example_time_delta_sensor_async.py for tasks to queue
[2026-09-08T13:51:58.885+0000] {logging_mixin.py:188} INFO - [2026-09-08T13:51:58.885+0000] {dagbag.py:540} INFO - Filling up the DagBag from /home/airflow/.local/lib/python3.8/site-packages/airflow/example_dags/example_time_delta_sensor_async.py
[2026-09-08T13:51:58.893+0000] {processor.py:840} INFO - DAG(s) 'example_time_delta_sensor_async' retrieved from /home/airflow/.local/lib/python3.8/site-packages/airflow/example_dags/example_time_delta_sensor_async.py
[2026-09-08T13:51:58.920+0000] {logging_mixin.py:188} INFO - [2026-09-08T13:51:58.919+0000] {dag.py:3047} INFO - Sync 1 DAGs
[2026-09-08T13:51:58.934+0000] {logging_mixin.py:188} INFO - [2026-09-08T13:51:58.934+0000] {dag.py:3834} INFO - Setting next_dagrun for example_time_delta_sensor_async to None, run_after=None
[2026-09-08T13:51:58.958+0000] {processor.py:183} INFO - Processing /home/airflow/.local/lib/python3.8/site-packages/airflow/example_dags/example_time_delta_sensor_async.py took 0.082 seconds
[2026-09-08T13:52:29.136+0000] {processor.py:161} INFO - Started process (PID=969) to work on /home/airflow/.local/lib/python3.8/site-packages/airflow/example_dags/example_time_delta_sensor_async.py
[2026-09-08T13:52:29.138+0000] {processor.py:830} INFO - Processing file /home/airflow/.local/lib/python3.8/site-packages/airflow/example_dags/example_time_delta_sensor_async.py for tasks to queue
[2026-09-08T13:52:29.142+0000] {logging_mixin.py:188} INFO - [2026-09-08T13:52:29.142+0000] {dagbag.py:540} INFO - Filling up the DagBag from /home/airflow/.local/lib/python3.8/site-packages/airflow/example_dags/example_time_delta_sensor_async.py
[2026-09-08T13:52:29.149+0000] {processor.py:840} INFO - DAG(s) 'example_time_delta_sensor_async' retrieved from /home/airflow/.local/lib/python3.8/site-packages/airflow/example_dags/example_time_delta_sensor_async.py
[2026-09-08T13:52:29.180+0000] {logging_mixin.py:188} INFO - [2026-09-08T13:52:29.180+0000] {dag.py:3047} INFO - Sync 1 DAGs
[2026-09-08T13:52:29.198+0000] {logging_mixin.py:188} INFO - [2026-09-08T13:52:29.198+0000] {dag.py:3834} INFO - Setting next_dagrun for example_time_delta_sensor_async to None, run_after=None
[2026-09-08T13:52:29.225+0000] {processor.py:183} INFO - Processing /home/airflow/.local/lib/python3.8/site-packages/airflow/example_dags/example_time_delta_sensor_async.py took 0.095 seconds
