[2026-09-08T13:44:43.474+0000] {processor.py:161} INFO - Started process (PID=84) to work on /home/airflow/.local/lib/python3.8/site-packages/airflow/example_dags/example_latest_only_with_trigger.py
[2026-09-08T13:44:43.477+0000] {processor.py:830} INFO - Processing file /home/airflow/.local/lib/python3.8/site-packages/airflow/example_dags/example_latest_only_with_trigger.py for tasks to queue
[2026-09-08T13:44:43.481+0000] {logging_mixin.py:188} INFO - [2026-09-08T13:44:43.480+0000] {dagbag.py:540} INFO - Filling up the DagBag from /home/airflow/.local/lib/python3.8/site-packages/airflow/example_dags/example_latest_only_with_trigger.py
[2026-09-08T13:44:43.498+0000] {processor.py:840} INFO - DAG(s) 'latest_only_with_trigger' retrieved from /home/airflow/.local/lib/python3.8/site-packages/airflow/example_dags/example_latest_only_with_trigger.py
[2026-09-08T13:44:43.528+0000] {logging_mixin.py:188} INFO - [2026-09-08T13:44:43.527+0000] {dag.py:3047} INFO - Sync 1 DAGs
[2026-09-08T13:44:43.579+0000] {logging_mixin.py:188} INFO - [2026-09-08T13:44:43.579+0000] {dag.py:3834} INFO - Setting next_dagrun for latest_only_with_trigger to 2026-09-08 08:00:00+00:00, run_after=2026-09-08 12:00:00+00:00
[2026-09-08T13:44:43.642+0000] {processor.py:183} INFO - Processing /home/airflow/.local/lib/python3.8/site-packages/airflow/example_dags/example_latest_only_with_trigger.py took 0.174 seconds
[2026-09-08T13:45:14.316+0000] {processor.py:161} INFO - Started process (PID=141) to work on /home/airflow/.local/lib/python3.8/site-packages/airflow/example_dags/example_latest_only_with_trigger.py
[2026-09-08T13:45:14.318+0000] {processor.py:830} INFO - Processing file /home/airflow/.local/lib/python3.8/site-packages/airflow/example_dags/example_latest_only_with_trigger.py for tasks to queue
[2026-09-08T13:45:14.323+0000] {logging_mixin.py:188} INFO - [2026-09-08T13:45:14.322+0000] {dagbag.py:540} INFO - Filling up the DagBag from /home/airflow/.local/lib/python3.8/site-packages/airflow/example_dags/example_latest_only_with_trigger.py
[2026-09-08T13:45:14.333+0000] {processor.py:840} INFO - DAG(s) 'latest_only_with_trigger' retrieved from /home/airflow/.local/lib/python3.8/site-packages/airflow/example_dags/example_latest_only_with_trigger.py
[2026-09-08T13:45:14.491+0000] {logging_mixin.py:188} INFO - [2026-09-08T13:45:14.491+0000] {dag.py:3047} INFO - Sync 1 DAGs
[2026-09-08T13:45:14.520+0000] {logging_mixin.py:188} INFO - [2026-09-08T13:45:14.520+0000] {dag.py:3834} INFO - Setting next_dagrun for latest_only_with_trigger to 2026-09-08 08:00:00+00:00, run_after=2026-09-08 12:00:00+00:00
[2026-09-08T13:45:14.547+0000] {processor.py:183} INFO - Processing /home/airflow/.local/lib/python3.8/site-packages/airflow/example_dags/example_latest_only_with_trigger.py took 0.236 seconds
[2026-09-08T13:45:45.986+0000] {processor.py:161} INFO - Started process (PID=198) to work on /home/airflow/.local/lib/python3.8/site-packages/airflow/example_dags/example_latest_only_with_trigger.py
[2026-09-08T13:45:45.988+0000] {processor.py:830} INFO - Processing file /home/airflow/.local/lib/python3.8/site-packages/airflow/example_dags/example_latest_only_with_trigger.py for tasks to queue
[2026-09-08T13:45:45.992+0000] {logging_mixin.py:188} INFO - [2026-09-08T13:45:45.991+0000] {dagbag.py:540} INFO - Filling up the DagBag from /home/airflow/.local/lib/python3.8/site-packages/airflow/example_dags/example_latest_only_with_trigger.py
[2026-09-08T13:45:46.020+0000] {processor.py:840} INFO - DAG(s) 'latest_only_with_trigger' retrieved from /home/airflow/.local/lib/python3.8/site-packages/airflow/example_dags/example_latest_only_with_trigger.py
[2026-09-08T13:45:46.092+0000] {logging_mixin.py:188} INFO - [2026-09-08T13:45:46.092+0000] {dag.py:3047} INFO - Sync 1 DAGs
[2026-09-08T13:45:46.174+0000] {logging_mixin.py:188} INFO - [2026-09-08T13:45:46.173+0000] {dag.py:3834} INFO - Setting next_dagrun for latest_only_with_trigger to 2026-09-08 08:00:00+00:00, run_after=2026-09-08 12:00:00+00:00
[2026-09-08T13:45:46.240+0000] {processor.py:183} INFO - Processing /home/airflow/.local/lib/python3.8/site-packages/airflow/example_dags/example_latest_only_with_trigger.py took 0.270 seconds
[2026-09-08T13:46:16.497+0000] {processor.py:161} INFO - Started process (PID=260) to work on /home/airflow/.local/lib/python3.8/site-packages/airflow/example_dags/example_latest_only_with_trigger.py
[2026-09-08T13:46:16.499+0000] {processor.py:830} INFO - Processing file /home/airflow/.local/lib/python3.8/site-packages/airflow/example_dags/example_latest_only_with_trigger.py for tasks to queue
[2026-09-08T13:46:16.502+0000] {logging_mixin.py:188} INFO - [2026-09-08T13:46:16.502+0000] {dagbag.py:540} INFO - Filling up the DagBag from /home/airflow/.local/lib/python3.8/site-packages/airflow/example_dags/example_latest_only_with_trigger.py
[2026-09-08T13:46:16.509+0000] {processor.py:840} INFO - DAG(s) 'latest_only_with_trigger' retrieved from /home/airflow/.local/lib/python3.8/site-packages/airflow/example_dags/example_latest_only_with_trigger.py
[2026-09-08T13:46:16.545+0000] {logging_mixin.py:188} INFO - [2026-09-08T13:46:16.545+0000] {dag.py:3047} INFO - Sync 1 DAGs
[2026-09-08T13:46:16.581+0000] {logging_mixin.py:188} INFO - [2026-09-08T13:46:16.581+0000] {dag.py:3834} INFO - Setting next_dagrun for latest_only_with_trigger to 2026-09-08 08:00:00+00:00, run_after=2026-09-08 12:00:00+00:00
[2026-09-08T13:46:16.619+0000] {processor.py:183} INFO - Processing /home/airflow/.local/lib/python3.8/site-packages/airflow/example_dags/example_latest_only_with_trigger.py took 0.127 seconds
[2026-09-08T13:46:47.490+0000] {processor.py:161} INFO - Started process (PID=317) to work on /home/airflow/.local/lib/python3.8/site-packages/airflow/example_dags/example_latest_only_with_trigger.py
[2026-09-08T13:46:47.492+0000] {processor.py:830} INFO - Processing file /home/airflow/.local/lib/python3.8/site-packages/airflow/example_dags/example_latest_only_with_trigger.py for tasks to queue
[2026-09-08T13:46:47.496+0000] {logging_mixin.py:188} INFO - [2026-09-08T13:46:47.495+0000] {dagbag.py:540} INFO - Filling up the DagBag from /home/airflow/.local/lib/python3.8/site-packages/airflow/example_dags/example_latest_only_with_trigger.py
[2026-09-08T13:46:47.502+0000] {processor.py:840} INFO - DAG(s) 'latest_only_with_trigger' retrieved from /home/airflow/.local/lib/python3.8/site-packages/airflow/example_dags/example_latest_only_with_trigger.py
[2026-09-08T13:46:47.531+0000] {logging_mixin.py:188} INFO - [2026-09-08T13:46:47.530+0000] {dag.py:3047} INFO - Sync 1 DAGs
[2026-09-08T13:46:47.564+0000] {logging_mixin.py:188} INFO - [2026-09-08T13:46:47.563+0000] {dag.py:3834} INFO - Setting next_dagrun for latest_only_with_trigger to 2026-09-08 08:00:00+00:00, run_after=2026-09-08 12:00:00+00:00
[2026-09-08T13:46:47.587+0000] {processor.py:183} INFO - Processing /home/airflow/.local/lib/python3.8/site-packages/airflow/example_dags/example_latest_only_with_trigger.py took 0.100 seconds
[2026-09-08T13:47:18.522+0000] {processor.py:161} INFO - Started process (PID=378) to work on /home/airflow/.local/lib/python3.8/site-packages/airflow/example_dags/example_latest_only_with_trigger.py
[2026-09-08T13:47:18.524+0000] {processor.py:830} INFO - Processing file /home/airflow/.local/lib/python3.8/site-packages/airflow/example_dags/example_latest_only_with_trigger.py for tasks to queue
[2026-09-08T13:47:18.528+0000] {logging_mixin.py:188} INFO - [2026-09-08T13:47:18.528+0000] {dagbag.py:540} INFO - Filling up the DagBag from /home/airflow/.local/lib/python3.8/site-packages/airflow/example_dags/example_latest_only_with_trigger.py
[2026-09-08T13:47:18.539+0000] {processor.py:840} INFO - DAG(s) 'latest_only_with_trigger' retrieved from /home/airflow/.local/lib/python3.8/site-packages/airflow/example_dags/example_latest_only_with_trigger.py
[2026-09-08T13:47:18.579+0000] {logging_mixin.py:188} INFO - [2026-09-08T13:47:18.579+0000] {dag.py:3047} INFO - Sync 1 DAGs
[2026-09-08T13:47:18.621+0000] {logging_mixin.py:188} INFO - [2026-09-08T13:47:18.621+0000] {dag.py:3834} INFO - Setting next_dagrun for latest_only_with_trigger to 2026-09-08 08:00:00+00:00, run_after=2026-09-08 12:00:00+00:00
[2026-09-08T13:47:18.659+0000] {processor.py:183} INFO - Processing /home/airflow/.local/lib/python3.8/site-packages/airflow/example_dags/example_latest_only_with_trigger.py took 0.142 seconds
[2026-09-08T13:47:49.240+0000] {processor.py:161} INFO - Started process (PID=435) to work on /home/airflow/.local/lib/python3.8/site-packages/airflow/example_dags/example_latest_only_with_trigger.py
[2026-09-08T13:47:49.242+0000] {processor.py:830} INFO - Processing file /home/airflow/.local/lib/python3.8/site-packages/airflow/example_dags/example_latest_only_with_trigger.py for tasks to queue
[2026-09-08T13:47:49.244+0000] {logging_mixin.py:188} INFO - [2026-09-08T13:47:49.244+0000] {dagbag.py:540} INFO - Filling up the DagBag from /home/airflow/.local/lib/python3.8/site-packages/airflow/example_dags/example_latest_only_with_trigger.py
[2026-09-08T13:47:49.251+0000] {processor.py:840} INFO - DAG(s) 'latest_only_with_trigger' retrieved from /home/airflow/.local/lib/python3.8/site-packages/airflow/example_dags/example_latest_only_with_trigger.py
[2026-09-08T13:47:49.278+0000] {logging_mixin.py:188} INFO - [2026-09-08T13:47:49.278+0000] {dag.py:3047} INFO - Sync 1 DAGs
[2026-09-08T13:47:49.304+0000] {logging_mixin.py:188} INFO - [2026-09-08T13:47:49.304+0000] {dag.py:3834} INFO - Setting next_dagrun for latest_only_with_trigger to 2026-09-08 08:00:00+00:00, run_after=2026-09-08 12:00:00+00:00
[2026-09-08T13:47:49.330+0000] {processor.py:183} INFO - Processing /home/airflow/.local/lib/python3.8/site-packages/airflow/example_dags/example_latest_only_with_trigger.py took 0.095 seconds
[2026-09-08T13:48:19.499+0000] {processor.py:161} INFO - Started process (PID=490) to work on /home/airflow/.local/lib/python3.8/site-packages/airflow/example_dags/example_latest_only_with_trigger.py
[2026-09-08T13:48:19.502+0000] {processor.py:830} INFO - Processing file /home/airflow/.local/lib/python3.8/site-packages/airflow/example_dags/example_latest_only_with_trigger.py for tasks to queue
[2026-09-08T13:48:19.505+0000] {logging_mixin.py:188} INFO - [2026-09-08T13:48:19.505+0000] {dagbag.py:540} INFO - Filling up the DagBag from /home/airflow/.local/lib/python3.8/site-packages/airflow/example_dags/example_latest_only_with_trigger.py
[2026-09-08T13:48:19.513+0000] {processor.py:840} INFO - DAG(s) 'latest_only_with_trigger' retrieved from /home/airflow/.local/lib/python3.8/site-packages/airflow/example_dags/example_latest_only_with_trigger.py
[2026-09-08T13:48:19.530+0000] {logging_mixin.py:188} INFO - [2026-09-08T13:48:19.530+0000] {dag.py:3047} INFO - Sync 1 DAGs
[2026-09-08T13:48:19.577+0000] {logging_mixin.py:188} INFO - [2026-09-08T13:48:19.577+0000] {dag.py:3834} INFO - Setting next_dagrun for latest_only_with_trigger to 2026-09-08 08:00:00+00:00, run_after=2026-09-08 12:00:00+00:00
[2026-09-08T13:48:19.608+0000] {processor.py:183} INFO - Processing /home/airflow/.local/lib/python3.8/site-packages/airflow/example_dags/example_latest_only_with_trigger.py took 0.113 seconds
[2026-09-08T13:48:50.419+0000] {processor.py:161} INFO - Started process (PID=546) to work on /home/airflow/.local/lib/python3.8/site-packages/airflow/example_dags/example_latest_only_with_trigger.py
[2026-09-08T13:48:50.421+0000] {processor.py:830} INFO - Processing file /home/airflow/.local/lib/python3.8/site-packages/airflow/example_dags/example_latest_only_with_trigger.py for tasks to queue
[2026-09-08T13:48:50.424+0000] {logging_mixin.py:188} INFO - [2026-09-08T13:48:50.424+0000] {dagbag.py:540} INFO - Filling up the DagBag from /home/airflow/.local/lib/python3.8/site-packages/airflow/example_dags/example_latest_only_with_trigger.py
[2026-09-08T13:48:50.432+0000] {processor.py:840} INFO - DAG(s) 'latest_only_with_trigger' retrieved from /home/airflow/.local/lib/python3.8/site-packages/airflow/example_dags/example_latest_only_with_trigger.py
[2026-09-08T13:48:50.553+0000] {logging_mixin.py:188} INFO - [2026-09-08T13:48:50.553+0000] {dag.py:3047} INFO - Sync 1 DAGs
[2026-09-08T13:48:50.579+0000] {logging_mixin.py:188} INFO - [2026-09-08T13:48:50.578+0000] {dag.py:3834} INFO - Setting next_dagrun for latest_only_with_trigger to 2026-09-08 08:00:00+00:00, run_after=2026-09-08 12:00:00+00:00
[2026-09-08T13:48:50.603+0000] {processor.py:183} INFO - Processing /home/airflow/.local/lib/python3.8/site-packages/airflow/example_dags/example_latest_only_with_trigger.py took 0.190 seconds
[2026-09-08T13:49:21.460+0000] {processor.py:161} INFO - Started process (PID=603) to work on /home/airflow/.local/lib/python3.8/site-packages/airflow/example_dags/example_latest_only_with_trigger.py
[2026-09-08T13:49:21.462+0000] {processor.py:830} INFO - Processing file /home/airflow/.local/lib/python3.8/site-packages/airflow/example_dags/example_latest_only_with_trigger.py for tasks to queue
[2026-09-08T13:49:21.466+0000] {logging_mixin.py:188} INFO - [2026-09-08T13:49:21.464+0000] {dagbag.py:540} INFO - Filling up the DagBag from /home/airflow/.local/lib/python3.8/site-packages/airflow/example_dags/example_latest_only_with_trigger.py
[2026-09-08T13:49:21.475+0000] {processor.py:840} INFO - DAG(s) 'latest_only_with_trigger' retrieved from /home/airflow/.local/lib/python3.8/site-packages/airflow/example_dags/example_latest_only_with_trigger.py
[2026-09-08T13:49:21.503+0000] {logging_mixin.py:188} INFO - [2026-09-08T13:49:21.502+0000] {dag.py:3047} INFO - Sync 1 DAGs
[2026-09-08T13:49:21.532+0000] {logging_mixin.py:188} INFO - [2026-09-08T13:49:21.531+0000] {dag.py:3834} INFO - Setting next_dagrun for latest_only_with_trigger to 2026-09-08 08:00:00+00:00, run_after=2026-09-08 12:00:00+00:00
[2026-09-08T13:49:21.558+0000] {processor.py:183} INFO - Processing /home/airflow/.local/lib/python3.8/site-packages/airflow/example_dags/example_latest_only_with_trigger.py took 0.102 seconds
[2026-09-08T13:49:51.649+0000] {processor.py:161} INFO - Started process (PID=660) to work on /home/airflow/.local/lib/python3.8/site-packages/airflow/example_dags/example_latest_only_with_trigger.py
[2026-09-08T13:49:51.652+0000] {processor.py:830} INFO - Processing file /home/airflow/.local/lib/python3.8/site-packages/airflow/example_dags/example_latest_only_with_trigger.py for tasks to queue
[2026-09-08T13:49:51.655+0000] {logging_mixin.py:188} INFO - [2026-09-08T13:49:51.654+0000] {dagbag.py:540} INFO - Filling up the DagBag from /home/airflow/.local/lib/python3.8/site-packages/airflow/example_dags/example_latest_only_with_trigger.py
[2026-09-08T13:49:51.664+0000] {processor.py:840} INFO - DAG(s) 'latest_only_with_trigger' retrieved from /home/airflow/.local/lib/python3.8/site-packages/airflow/example_dags/example_latest_only_with_trigger.py
[2026-09-08T13:49:51.690+0000] {logging_mixin.py:188} INFO - [2026-09-08T13:49:51.689+0000] {dag.py:3047} INFO - Sync 1 DAGs
[2026-09-08T13:49:51.716+0000] {logging_mixin.py:188} INFO - [2026-09-08T13:49:51.716+0000] {dag.py:3834} INFO - Setting next_dagrun for latest_only_with_trigger to 2026-09-08 08:00:00+00:00, run_after=2026-09-08 12:00:00+00:00
[2026-09-08T13:49:51.737+0000] {processor.py:183} INFO - Processing /home/airflow/.local/lib/python3.8/site-packages/airflow/example_dags/example_latest_only_with_trigger.py took 0.092 seconds
[2026-09-08T13:50:21.970+0000] {processor.py:161} INFO - Started process (PID=717) to work on /home/airflow/.local/lib/python3.8/site-packages/airflow/example_dags/example_latest_only_with_trigger.py
[2026-09-08T13:50:21.972+0000] {processor.py:830} INFO - Processing file /home/airflow/.local/lib/python3.8/site-packages/airflow/example_dags/example_latest_only_with_trigger.py for tasks to queue
[2026-09-08T13:50:21.977+0000] {logging_mixin.py:188} INFO - [2026-09-08T13:50:21.975+0000] {dagbag.py:540} INFO - Filling up the DagBag from /home/airflow/.local/lib/python3.8/site-packages/airflow/example_dags/example_latest_only_with_trigger.py
[2026-09-08T13:50:21.985+0000] {processor.py:840} INFO - DAG(s) 'latest_only_with_trigger' retrieved from /home/airflow/.local/lib/python3.8/site-packages/airflow/example_dags/example_latest_only_with_trigger.py
[2026-09-08T13:50:22.010+0000] {logging_mixin.py:188} INFO - [2026-09-08T13:50:22.009+0000] {dag.py:3047} INFO - Sync 1 DAGs
[2026-09-08T13:50:22.033+0000] {logging_mixin.py:188} INFO - [2026-09-08T13:50:22.033+0000] {dag.py:3834} INFO - Setting next_dagrun for latest_only_with_trigger to 2026-09-08 08:00:00+00:00, run_after=2026-09-08 12:00:00+00:00
[2026-09-08T13:50:22.057+0000] {processor.py:183} INFO - Processing /home/airflow/.local/lib/python3.8/site-packages/airflow/example_dags/example_latest_only_with_trigger.py took 0.093 seconds
[2026-09-08T13:50:52.196+0000] {processor.py:161} INFO - Started process (PID=774) to work on /home/airflow/.local/lib/python3.8/site-packages/airflow/example_dags/example_latest_only_with_trigger.py
[2026-09-08T13:50:52.197+0000] {processor.py:830} INFO - Processing file /home/airflow/.local/lib/python3.8/site-packages/airflow/example_dags/example_latest_only_with_trigger.py for tasks to queue
[2026-09-08T13:50:52.200+0000] {logging_mixin.py:188} INFO - [2026-09-08T13:50:52.200+0000] {dagbag.py:540} INFO - Filling up the DagBag from /home/airflow/.local/lib/python3.8/site-packages/airflow/example_dags/example_latest_only_with_trigger.py
[2026-09-08T13:50:52.208+0000] {processor.py:840} INFO - DAG(s) 'latest_only_with_trigger' retrieved from /home/airflow/.local/lib/python3.8/site-packages/airflow/example_dags/example_latest_only_with_trigger.py
[2026-09-08T13:50:52.234+0000] {logging_mixin.py:188} INFO - [2026-09-08T13:50:52.233+0000] {dag.py:3047} INFO - Sync 1 DAGs
[2026-09-08T13:50:52.258+0000] {logging_mixin.py:188} INFO - [2026-09-08T13:50:52.258+0000] {dag.py:3834} INFO - Setting next_dagrun for latest_only_with_trigger to 2026-09-08 08:00:00+00:00, run_after=2026-09-08 12:00:00+00:00
[2026-09-08T13:50:52.279+0000] {processor.py:183} INFO - Processing /home/airflow/.local/lib/python3.8/site-packages/airflow/example_dags/example_latest_only_with_trigger.py took 0.087 seconds
[2026-09-08T13:51:22.398+0000] {processor.py:161} INFO - Started process (PID=831) to work on /home/airflow/.local/lib/python3.8/site-packages/airflow/example_dags/example_latest_only_with_trigger.py
[2026-09-08T13:51:22.400+0000] {processor.py:830} INFO - Processing file /home/airflow/.local/lib/python3.8/site-packages/airflow/example_dags/example_latest_only_with_trigger.py for tasks to queue
[2026-09-08T13:51:22.402+0000] {logging_mixin.py:188} INFO - [2026-09-08T13:51:22.402+0000] {dagbag.py:540} INFO - Filling up the DagBag from /home/airflow/.local/lib/python3.8/site-packages/airflow/example_dags/example_latest_only_with_trigger.py
[2026-09-08T13:51:22.409+0000] {processor.py:840} INFO - DAG(s) 'latest_only_with_trigger' retrieved from /home/airflow/.local/lib/python3.8/site-packages/airflow/example_dags/example_latest_only_with_trigger.py
[2026-09-08T13:51:22.433+0000] {logging_mixin.py:188} INFO - [2026-09-08T13:51:22.433+0000] {dag.py:3047} INFO - Sync 1 DAGs
[2026-09-08T13:51:22.457+0000] {logging_mixin.py:188} INFO - [2026-09-08T13:51:22.457+0000] {dag.py:3834} INFO - Setting next_dagrun for latest_only_with_trigger to 2026-09-08 08:00:00+00:00, run_after=2026-09-08 12:00:00+00:00
[2026-09-08T13:51:22.482+0000] {processor.py:183} INFO - Processing /home/airflow/.local/lib/python3.8/site-packages/airflow/example_dags/example_latest_only_with_trigger.py took 0.087 seconds
[2026-09-08T13:51:52.632+0000] {processor.py:161} INFO - Started process (PID=888) to work on /home/airflow/.local/lib/python3.8/site-packages/airflow/example_dags/example_latest_only_with_trigger.py
[2026-09-08T13:51:52.633+0000] {processor.py:830} INFO - Processing file /home/airflow/.local/lib/python3.8/site-packages/airflow/example_dags/example_latest_only_with_trigger.py for tasks to queue
[2026-09-08T13:51:52.636+0000] {logging_mixin.py:188} INFO - [2026-09-08T13:51:52.635+0000] {dagbag.py:540} INFO - Filling up the DagBag from /home/airflow/.local/lib/python3.8/site-packages/airflow/example_dags/example_latest_only_with_trigger.py
[2026-09-08T13:51:52.642+0000] {processor.py:840} INFO - DAG(s) 'latest_only_with_trigger' retrieved from /home/airflow/.local/lib/python3.8/site-packages/airflow/example_dags/example_latest_only_with_trigger.py
[2026-09-08T13:51:52.665+0000] {logging_mixin.py:188} INFO - [2026-09-08T13:51:52.664+0000] {dag.py:3047} INFO - Sync 1 DAGs
[2026-09-08T13:51:52.687+0000] {logging_mixin.py:188} INFO - [2026-09-08T13:51:52.686+0000] {dag.py:3834} INFO - Setting next_dagrun for latest_only_with_trigger to 2026-09-08 08:00:00+00:00, run_after=2026-09-08 12:00:00+00:00
[2026-09-08T13:51:52.706+0000] {processor.py:183} INFO - Processing /home/airflow/.local/lib/python3.8/site-packages/airflow/example_dags/example_latest_only_with_trigger.py took 0.078 seconds
[2026-09-08T13:52:23.187+0000] {processor.py:161} INFO - Started process (PID=945) to work on /home/airflow/.local/lib/python3.8/site-packages/airflow/example_dags/example_latest_only_with_trigger.py
[2026-09-08T13:52:23.188+0000] {processor.py:830} INFO - Processing file /home/airflow/.local/lib/python3.8/site-packages/airflow/example_dags/example_latest_only_with_trigger.py for tasks to queue
[2026-09-08T13:52:23.191+0000] {logging_mixin.py:188} INFO - [2026-09-08T13:52:23.191+0000] {dagbag.py:540} INFO - Filling up the DagBag from /home/airflow/.local/lib/python3.8/site-packages/airflow/example_dags/example_latest_only_with_trigger.py
[2026-09-08T13:52:23.202+0000] {processor.py:840} INFO - DAG(s) 'latest_only_with_trigger' retrieved from /home/airflow/.local/lib/python3.8/site-packages/airflow/example_dags/example_latest_only_with_trigger.py
[2026-09-08T13:52:23.233+0000] {logging_mixin.py:188} INFO - [2026-09-08T13:52:23.233+0000] {dag.py:3047} INFO - Sync 1 DAGs
[2026-09-08T13:52:23.267+0000] {logging_mixin.py:188} INFO - [2026-09-08T13:52:23.267+0000] {dag.py:3834} INFO - Setting next_dagrun for latest_only_with_trigger to 2026-09-08 08:00:00+00:00, run_after=2026-09-08 12:00:00+00:00
[2026-09-08T13:52:23.293+0000] {processor.py:183} INFO - Processing /home/airflow/.local/lib/python3.8/site-packages/airflow/example_dags/example_latest_only_with_trigger.py took 0.111 seconds
