[2026-09-08T13:44:47.143+0000] {processor.py:161} INFO - Started process (PID=100) to work on /home/airflow/.local/lib/python3.8/site-packages/airflow/example_dags/example_branch_day_of_week_operator.py
[2026-09-08T13:44:47.145+0000] {processor.py:830} INFO - Processing file /home/airflow/.local/lib/python3.8/site-packages/airflow/example_dags/example_branch_day_of_week_operator.py for tasks to queue
[2026-09-08T13:44:47.154+0000] {logging_mixin.py:188} INFO - [2026-09-08T13:44:47.154+0000] {dagbag.py:540} INFO - Filling up the DagBag from /home/airflow/.local/lib/python3.8/site-packages/airflow/example_dags/example_branch_day_of_week_operator.py
[2026-09-08T13:44:47.170+0000] {processor.py:840} INFO - DAG(s) 'example_weekday_branch_operator' retrieved from /home/airflow/.local/lib/python3.8/site-packages/airflow/example_dags/example_branch_day_of_week_operator.py
[2026-09-08T13:44:47.188+0000] {logging_mixin.py:188} INFO - [2026-09-08T13:44:47.188+0000] {dag.py:3047} INFO - Sync 1 DAGs
[2026-09-08T13:44:47.240+0000] {logging_mixin.py:188} INFO - [2026-09-08T13:44:47.240+0000] {dag.py:3834} INFO - Setting next_dagrun for example_weekday_branch_operator to 2026-09-07 00:00:00+00:00, run_after=2026-09-08 00:00:00+00:00
[2026-09-08T13:44:47.273+0000] {processor.py:183} INFO - Processing /home/airflow/.local/lib/python3.8/site-packages/airflow/example_dags/example_branch_day_of_week_operator.py took 0.135 seconds
[2026-09-08T13:45:18.880+0000] {processor.py:161} INFO - Started process (PID=157) to work on /home/airflow/.local/lib/python3.8/site-packages/airflow/example_dags/example_branch_day_of_week_operator.py
[2026-09-08T13:45:18.883+0000] {processor.py:830} INFO - Processing file /home/airflow/.local/lib/python3.8/site-packages/airflow/example_dags/example_branch_day_of_week_operator.py for tasks to queue
[2026-09-08T13:45:18.887+0000] {logging_mixin.py:188} INFO - [2026-09-08T13:45:18.886+0000] {dagbag.py:540} INFO - Filling up the DagBag from /home/airflow/.local/lib/python3.8/site-packages/airflow/example_dags/example_branch_day_of_week_operator.py
[2026-09-08T13:45:18.905+0000] {processor.py:840} INFO - DAG(s) 'example_weekday_branch_operator' retrieved from /home/airflow/.local/lib/python3.8/site-packages/airflow/example_dags/example_branch_day_of_week_operator.py
[2026-09-08T13:45:19.166+0000] {logging_mixin.py:188} INFO - [2026-09-08T13:45:19.165+0000] {dag.py:3047} INFO - Sync 1 DAGs
[2026-09-08T13:45:19.199+0000] {logging_mixin.py:188} INFO - [2026-09-08T13:45:19.199+0000] {dag.py:3834} INFO - Setting next_dagrun for example_weekday_branch_operator to 2026-09-07 00:00:00+00:00, run_after=2026-09-08 00:00:00+00:00
[2026-09-08T13:45:19.231+0000] {processor.py:183} INFO - Processing /home/airflow/.local/lib/python3.8/site-packages/airflow/example_dags/example_branch_day_of_week_operator.py took 0.361 seconds
[2026-09-08T13:45:49.569+0000] {processor.py:161} INFO - Started process (PID=214) to work on /home/airflow/.local/lib/python3.8/site-packages/airflow/example_dags/example_branch_day_of_week_operator.py
[2026-09-08T13:45:49.581+0000] {processor.py:830} INFO - Processing file /home/airflow/.local/lib/python3.8/site-packages/airflow/example_dags/example_branch_day_of_week_operator.py for tasks to queue
[2026-09-08T13:45:49.584+0000] {logging_mixin.py:188} INFO - [2026-09-08T13:45:49.584+0000] {dagbag.py:540} INFO - Filling up the DagBag from /home/airflow/.local/lib/python3.8/site-packages/airflow/example_dags/example_branch_day_of_week_operator.py
[2026-09-08T13:45:49.617+0000] {processor.py:840} INFO - DAG(s) 'example_weekday_branch_operator' retrieved from /home/airflow/.local/lib/python3.8/site-packages/airflow/example_dags/example_branch_day_of_week_operator.py
[2026-09-08T13:45:49.680+0000] {logging_mixin.py:188} INFO - [2026-09-08T13:45:49.680+0000] {dag.py:3047} INFO - Sync 1 DAGs
[2026-09-08T13:45:49.757+0000] {logging_mixin.py:188} INFO - [2026-09-08T13:45:49.756+0000] {dag.py:3834} INFO - Setting next_dagrun for example_weekday_branch_operator to 2026-09-07 00:00:00+00:00, run_after=2026-09-08 00:00:00+00:00
[2026-09-08T13:45:49.813+0000] {processor.py:183} INFO - Processing /home/airflow/.local/lib/python3.8/site-packages/airflow/example_dags/example_branch_day_of_week_operator.py took 0.249 seconds
[2026-09-08T13:46:20.059+0000] {processor.py:161} INFO - Started process (PID=276) to work on /home/airflow/.local/lib/python3.8/site-packages/airflow/example_dags/example_branch_day_of_week_operator.py
[2026-09-08T13:46:20.061+0000] {processor.py:830} INFO - Processing file /home/airflow/.local/lib/python3.8/site-packages/airflow/example_dags/example_branch_day_of_week_operator.py for tasks to queue
[2026-09-08T13:46:20.064+0000] {logging_mixin.py:188} INFO - [2026-09-08T13:46:20.063+0000] {dagbag.py:540} INFO - Filling up the DagBag from /home/airflow/.local/lib/python3.8/site-packages/airflow/example_dags/example_branch_day_of_week_operator.py
[2026-09-08T13:46:20.074+0000] {processor.py:840} INFO - DAG(s) 'example_weekday_branch_operator' retrieved from /home/airflow/.local/lib/python3.8/site-packages/airflow/example_dags/example_branch_day_of_week_operator.py
[2026-09-08T13:46:20.110+0000] {logging_mixin.py:188} INFO - [2026-09-08T13:46:20.110+0000] {dag.py:3047} INFO - Sync 1 DAGs
[2026-09-08T13:46:20.137+0000] {logging_mixin.py:188} INFO - [2026-09-08T13:46:20.137+0000] {dag.py:3834} INFO - Setting next_dagrun for example_weekday_branch_operator to 2026-09-07 00:00:00+00:00, run_after=2026-09-08 00:00:00+00:00
[2026-09-08T13:46:20.179+0000] {processor.py:183} INFO - Processing /home/airflow/.local/lib/python3.8/site-packages/airflow/example_dags/example_branch_day_of_week_operator.py took 0.124 seconds
[2026-09-08T13:46:50.636+0000] {processor.py:161} INFO - Started process (PID=333) to work on /home/airflow/.local/lib/python3.8/site-packages/airflow/example_dags/example_branch_day_of_week_operator.py
[2026-09-08T13:46:50.637+0000] {processor.py:830} INFO - Processing file /home/airflow/.local/lib/python3.8/site-packages/airflow/example_dags/example_branch_day_of_week_operator.py for tasks to queue
[2026-09-08T13:46:50.639+0000] {logging_mixin.py:188} INFO - [2026-09-08T13:46:50.639+0000] {dagbag.py:540} INFO - Filling up the DagBag from /home/airflow/.local/lib/python3.8/site-packages/airflow/example_dags/example_branch_day_of_week_operator.py
[2026-09-08T13:46:50.650+0000] {processor.py:840} INFO - DAG(s) 'example_weekday_branch_operator' retrieved from /home/airflow/.local/lib/python3.8/site-packages/airflow/example_dags/example_branch_day_of_week_operator.py
[2026-09-08T13:46:50.677+0000] {logging_mixin.py:188} INFO - [2026-09-08T13:46:50.676+0000] {dag.py:3047} INFO - Sync 1 DAGs
[2026-09-08T13:46:50.709+0000] {logging_mixin.py:188} INFO - [2026-09-08T13:46:50.709+0000] {dag.py:3834} INFO - Setting next_dagrun for example_weekday_branch_operator to 2026-09-07 00:00:00+00:00, run_after=2026-09-08 00:00:00+00:00
[2026-09-08T13:46:50.736+0000] {processor.py:183} INFO - Processing /home/airflow/.local/lib/python3.8/site-packages/airflow/example_dags/example_branch_day_of_week_operator.py took 0.105 seconds
[2026-09-08T13:47:21.333+0000] {processor.py:161} INFO - Started process (PID=394) to work on /home/airflow/.local/lib/python3.8/site-packages/airflow/example_dags/example_branch_day_of_week_operator.py
[2026-09-08T13:47:21.335+0000] {processor.py:830} INFO - Processing file /home/airflow/.local/lib/python3.8/site-packages/airflow/example_dags/example_branch_day_of_week_operator.py for tasks to queue
[2026-09-08T13:47:21.338+0000] {logging_mixin.py:188} INFO - [2026-09-08T13:47:21.338+0000] {dagbag.py:540} INFO - Filling up the DagBag from /home/airflow/.local/lib/python3.8/site-packages/airflow/example_dags/example_branch_day_of_week_operator.py
[2026-09-08T13:47:21.352+0000] {processor.py:840} INFO - DAG(s) 'example_weekday_branch_operator' retrieved from /home/airflow/.local/lib/python3.8/site-packages/airflow/example_dags/example_branch_day_of_week_operator.py
[2026-09-08T13:47:21.387+0000] {logging_mixin.py:188} INFO - [2026-09-08T13:47:21.387+0000] {dag.py:3047} INFO - Sync 1 DAGs
[2026-09-08T13:47:21.422+0000] {logging_mixin.py:188} INFO - [2026-09-08T13:47:21.422+0000] {dag.py:3834} INFO - Setting next_dagrun for example_weekday_branch_operator to 2026-09-07 00:00:00+00:00, run_after=2026-09-08 00:00:00+00:00
[2026-09-08T13:47:21.453+0000] {processor.py:183} INFO - Processing /home/airflow/.local/lib/python3.8/site-packages/airflow/example_dags/example_branch_day_of_week_operator.py took 0.127 seconds
[2026-09-08T13:47:51.579+0000] {processor.py:161} INFO - Started process (PID=451) to work on /home/airflow/.local/lib/python3.8/site-packages/airflow/example_dags/example_branch_day_of_week_operator.py
[2026-09-08T13:47:51.581+0000] {processor.py:830} INFO - Processing file /home/airflow/.local/lib/python3.8/site-packages/airflow/example_dags/example_branch_day_of_week_operator.py for tasks to queue
[2026-09-08T13:47:51.584+0000] {logging_mixin.py:188} INFO - [2026-09-08T13:47:51.583+0000] {dagbag.py:540} INFO - Filling up the DagBag from /home/airflow/.local/lib/python3.8/site-packages/airflow/example_dags/example_branch_day_of_week_operator.py
[2026-09-08T13:47:51.595+0000] {processor.py:840} INFO - DAG(s) 'example_weekday_branch_operator' retrieved from /home/airflow/.local/lib/python3.8/site-packages/airflow/example_dags/example_branch_day_of_week_operator.py
[2026-09-08T13:47:51.613+0000] {logging_mixin.py:188} INFO - [2026-09-08T13:47:51.612+0000] {dag.py:3047} INFO - Sync 1 DAGs
[2026-09-08T13:47:51.641+0000] {logging_mixin.py:188} INFO - [2026-09-08T13:47:51.641+0000] {dag.py:3834} INFO - Setting next_dagrun for example_weekday_branch_operator to 2026-09-07 00:00:00+00:00, run_after=2026-09-08 00:00:00+00:00
[2026-09-08T13:47:51.668+0000] {processor.py:183} INFO - Processing /home/airflow/.local/lib/python3.8/site-packages/airflow/example_dags/example_branch_day_of_week_operator.py took 0.093 seconds
[2026-09-08T13:48:22.986+0000] {processor.py:161} INFO - Started process (PID=508) to work on /home/airflow/.local/lib/python3.8/site-packages/airflow/example_dags/example_branch_day_of_week_operator.py
[2026-09-08T13:48:22.988+0000] {processor.py:830} INFO - Processing file /home/airflow/.local/lib/python3.8/site-packages/airflow/example_dags/example_branch_day_of_week_operator.py for tasks to queue
[2026-09-08T13:48:22.991+0000] {logging_mixin.py:188} INFO - [2026-09-08T13:48:22.991+0000] {dagbag.py:540} INFO - Filling up the DagBag from /home/airflow/.local/lib/python3.8/site-packages/airflow/example_dags/example_branch_day_of_week_operator.py
[2026-09-08T13:48:23.003+0000] {processor.py:840} INFO - DAG(s) 'example_weekday_branch_operator' retrieved from /home/airflow/.local/lib/python3.8/site-packages/airflow/example_dags/example_branch_day_of_week_operator.py
[2026-09-08T13:48:23.144+0000] {logging_mixin.py:188} INFO - [2026-09-08T13:48:23.144+0000] {dag.py:3047} INFO - Sync 1 DAGs
[2026-09-08T13:48:23.176+0000] {logging_mixin.py:188} INFO - [2026-09-08T13:48:23.175+0000] {dag.py:3834} INFO - Setting next_dagrun for example_weekday_branch_operator to 2026-09-07 00:00:00+00:00, run_after=2026-09-08 00:00:00+00:00
[2026-09-08T13:48:23.208+0000] {processor.py:183} INFO - Processing /home/airflow/.local/lib/python3.8/site-packages/airflow/example_dags/example_branch_day_of_week_operator.py took 0.226 seconds
[2026-09-08T13:48:54.090+0000] {processor.py:161} INFO - Started process (PID=564) to work on /home/airflow/.local/lib/python3.8/site-packages/airflow/example_dags/example_branch_day_of_week_operator.py
[2026-09-08T13:48:54.093+0000] {processor.py:830} INFO - Processing file /home/airflow/.local/lib/python3.8/site-packages/airflow/example_dags/example_branch_day_of_week_operator.py for tasks to queue
[2026-09-08T13:48:54.100+0000] {logging_mixin.py:188} INFO - [2026-09-08T13:48:54.098+0000] {dagbag.py:540} INFO - Filling up the DagBag from /home/airflow/.local/lib/python3.8/site-packages/airflow/example_dags/example_branch_day_of_week_operator.py
[2026-09-08T13:48:54.118+0000] {processor.py:840} INFO - DAG(s) 'example_weekday_branch_operator' retrieved from /home/airflow/.local/lib/python3.8/site-packages/airflow/example_dags/example_branch_day_of_week_operator.py
[2026-09-08T13:48:54.169+0000] {logging_mixin.py:188} INFO - [2026-09-08T13:48:54.168+0000] {dag.py:3047} INFO - Sync 1 DAGs
[2026-09-08T13:48:54.215+0000] {logging_mixin.py:188} INFO - [2026-09-08T13:48:54.215+0000] {dag.py:3834} INFO - Setting next_dagrun for example_weekday_branch_operator to 2026-09-07 00:00:00+00:00, run_after=2026-09-08 00:00:00+00:00
[2026-09-08T13:48:54.244+0000] {processor.py:183} INFO - Processing /home/airflow/.local/lib/python3.8/site-packages/airflow/example_dags/example_branch_day_of_week_operator.py took 0.160 seconds
[2026-09-08T13:49:24.415+0000] {processor.py:161} INFO - Started process (PID=621) to work on /home/airflow/.local/lib/python3.8/site-packages/airflow/example_dags/example_branch_day_of_week_operator.py
[2026-09-08T13:49:24.419+0000] {processor.py:830} INFO - Processing file /home/airflow/.local/lib/python3.8/site-packages/airflow/example_dags/example_branch_day_of_week_operator.py for tasks to queue
[2026-09-08T13:49:24.424+0000] {logging_mixin.py:188} INFO - [2026-09-08T13:49:24.424+0000] {dagbag.py:540} INFO - Filling up the DagBag from /home/airflow/.local/lib/python3.8/site-packages/airflow/example_dags/example_branch_day_of_week_operator.py
[2026-09-08T13:49:24.441+0000] {processor.py:840} INFO - DAG(s) 'example_weekday_branch_operator' retrieved from /home/airflow/.local/lib/python3.8/site-packages/airflow/example_dags/example_branch_day_of_week_operator.py
[2026-09-08T13:49:24.477+0000] {logging_mixin.py:188} INFO - [2026-09-08T13:49:24.477+0000] {dag.py:3047} INFO - Sync 1 DAGs
[2026-09-08T13:49:24.511+0000] {logging_mixin.py:188} INFO - [2026-09-08T13:49:24.510+0000] {dag.py:3834} INFO - Setting next_dagrun for example_weekday_branch_operator to 2026-09-07 00:00:00+00:00, run_after=2026-09-08 00:00:00+00:00
[2026-09-08T13:49:24.540+0000] {processor.py:183} INFO - Processing /home/airflow/.local/lib/python3.8/site-packages/airflow/example_dags/example_branch_day_of_week_operator.py took 0.132 seconds
[2026-09-08T13:49:55.236+0000] {processor.py:161} INFO - Started process (PID=678) to work on /home/airflow/.local/lib/python3.8/site-packages/airflow/example_dags/example_branch_day_of_week_operator.py
[2026-09-08T13:49:55.239+0000] {processor.py:830} INFO - Processing file /home/airflow/.local/lib/python3.8/site-packages/airflow/example_dags/example_branch_day_of_week_operator.py for tasks to queue
[2026-09-08T13:49:55.243+0000] {logging_mixin.py:188} INFO - [2026-09-08T13:49:55.243+0000] {dagbag.py:540} INFO - Filling up the DagBag from /home/airflow/.local/lib/python3.8/site-packages/airflow/example_dags/example_branch_day_of_week_operator.py
[2026-09-08T13:49:55.258+0000] {processor.py:840} INFO - DAG(s) 'example_weekday_branch_operator' retrieved from /home/airflow/.local/lib/python3.8/site-packages/airflow/example_dags/example_branch_day_of_week_operator.py
[2026-09-08T13:49:55.290+0000] {logging_mixin.py:188} INFO - [2026-09-08T13:49:55.289+0000] {dag.py:3047} INFO - Sync 1 DAGs
[2026-09-08T13:49:55.320+0000] {logging_mixin.py:188} INFO - [2026-09-08T13:49:55.320+0000] {dag.py:3834} INFO - Setting next_dagrun for example_weekday_branch_operator to 2026-09-07 00:00:00+00:00, run_after=2026-09-08 00:00:00+00:00
[2026-09-08T13:49:55.346+0000] {processor.py:183} INFO - Processing /home/airflow/.local/lib/python3.8/site-packages/airflow/example_dags/example_branch_day_of_week_operator.py took 0.117 seconds
[2026-09-08T13:50:25.490+0000] {processor.py:161} INFO - Started process (PID=735) to work on /home/airflow/.local/lib/python3.8/site-packages/airflow/example_dags/example_branch_day_of_week_operator.py
[2026-09-08T13:50:25.492+0000] {processor.py:830} INFO - Processing file /home/airflow/.local/lib/python3.8/site-packages/airflow/example_dags/example_branch_day_of_week_operator.py for tasks to queue
[2026-09-08T13:50:25.495+0000] {logging_mixin.py:188} INFO - [2026-09-08T13:50:25.494+0000] {dagbag.py:540} INFO - Filling up the DagBag from /home/airflow/.local/lib/python3.8/site-packages/airflow/example_dags/example_branch_day_of_week_operator.py
[2026-09-08T13:50:25.504+0000] {processor.py:840} INFO - DAG(s) 'example_weekday_branch_operator' retrieved from /home/airflow/.local/lib/python3.8/site-packages/airflow/example_dags/example_branch_day_of_week_operator.py
[2026-09-08T13:50:25.534+0000] {logging_mixin.py:188} INFO - [2026-09-08T13:50:25.533+0000] {dag.py:3047} INFO - Sync 1 DAGs
[2026-09-08T13:50:25.569+0000] {logging_mixin.py:188} INFO - [2026-09-08T13:50:25.568+0000] {dag.py:3834} INFO - Setting next_dagrun for example_weekday_branch_operator to 2026-09-07 00:00:00+00:00, run_after=2026-09-08 00:00:00+00:00
[2026-09-08T13:50:25.591+0000] {processor.py:183} INFO - Processing /home/airflow/.local/lib/python3.8/site-packages/airflow/example_dags/example_branch_day_of_week_operator.py took 0.105 seconds
[2026-09-08T13:50:55.829+0000] {processor.py:161} INFO - Started process (PID=792) to work on /home/airflow/.local/lib/python3.8/site-packages/airflow/example_dags/example_branch_day_of_week_operator.py
[2026-09-08T13:50:55.831+0000] {processor.py:830} INFO - Processing file /home/airflow/.local/lib/python3.8/site-packages/airflow/example_dags/example_branch_day_of_week_operator.py for tasks to queue
[2026-09-08T13:50:55.834+0000] {logging_mixin.py:188} INFO - [2026-09-08T13:50:55.833+0000] {dagbag.py:540} INFO - Filling up the DagBag from /home/airflow/.local/lib/python3.8/site-packages/airflow/example_dags/example_branch_day_of_week_operator.py
[2026-09-08T13:50:55.844+0000] {processor.py:840} INFO - DAG(s) 'example_weekday_branch_operator' retrieved from /home/airflow/.local/lib/python3.8/site-packages/airflow/example_dags/example_branch_day_of_week_operator.py
[2026-09-08T13:50:55.876+0000] {logging_mixin.py:188} INFO - [2026-09-08T13:50:55.875+0000] {dag.py:3047} INFO - Sync 1 DAGs
[2026-09-08T13:50:55.901+0000] {logging_mixin.py:188} INFO - [2026-09-08T13:50:55.901+0000] {dag.py:3834} INFO - Setting next_dagrun for example_weekday_branch_operator to 2026-09-07 00:00:00+00:00, run_after=2026-09-08 00:00:00+00:00
[2026-09-08T13:50:55.925+0000] {processor.py:183} INFO - Processing /home/airflow/.local/lib/python3.8/site-packages/airflow/example_dags/example_branch_day_of_week_operator.py took 0.101 seconds
[2026-09-08T13:51:26.013+0000] {processor.py:161} INFO - Started process (PID=847) to work on /home/airflow/.local/lib/python3.8/site-packages/airflow/example_dags/example_branch_day_of_week_operator.py
[2026-09-08T13:51:26.015+0000] {processor.py:830} INFO - Processing file /home/airflow/.local/lib/python3.8/site-packages/airflow/example_dags/example_branch_day_of_week_operator.py for tasks to queue
[2026-09-08T13:51:26.019+0000] {logging_mixin.py:188} INFO - [2026-09-08T13:51:26.018+0000] {dagbag.py:540} INFO - Filling up the DagBag from /home/airflow/.local/lib/python3.8/site-packages/airflow/example_dags/example_branch_day_of_week_operator.py
[2026-09-08T13:51:26.030+0000] {processor.py:840} INFO - DAG(s) 'example_weekday_branch_operator' retrieved from /home/airflow/.local/lib/python3.8/site-packages/airflow/example_dags/example_branch_day_of_week_operator.py
[2026-09-08T13:51:26.058+0000] {logging_mixin.py:188} INFO - [2026-09-08T13:51:26.057+0000] {dag.py:3047} INFO - Sync 1 DAGs
[2026-09-08T13:51:26.082+0000] {logging_mixin.py:188} INFO - [2026-09-08T13:51:26.082+0000] {dag.py:3834} INFO - Setting next_dagrun for example_weekday_branch_operator to 2026-09-07 00:00:00+00:00, run_after=2026-09-08 00:00:00+00:00
[2026-09-08T13:51:26.103+0000] {processor.py:183} INFO - Processing /home/airflow/.local/lib/python3.8/site-packages/airflow/example_dags/example_branch_day_of_week_operator.py took 0.096 seconds
[2026-09-08T13:51:56.185+0000] {processor.py:161} INFO - Started process (PID=904) to work on /home/airflow/.local/lib/python3.8/site-packages/airflow/example_dags/example_branch_day_of_week_operator.py
[2026-09-08T13:51:56.187+0000] {processor.py:830} INFO - Processing file /home/airflow/.local/lib/python3.8/site-packages/airflow/example_dags/example_branch_day_of_week_operator.py for tasks to queue
[2026-09-08T13:51:56.190+0000] {logging_mixin.py:188} INFO - [2026-09-08T13:51:56.189+0000] {dagbag.py:540} INFO - Filling up the DagBag from /home/airflow/.local/lib/python3.8/site-packages/airflow/example_dags/example_branch_day_of_week_operator.py
[2026-09-08T13:51:56.199+0000] {processor.py:840} INFO - DAG(s) 'example_weekday_branch_operator' retrieved from /home/airflow/.local/lib/python3.8/site-packages/airflow/example_dags/example_branch_day_of_week_operator.py
[2026-09-08T13:51:56.224+0000] {logging_mixin.py:188} INFO - [2026-09-08T13:51:56.223+0000] {dag.py:3047} INFO - Sync 1 DAGs
[2026-09-08T13:51:56.256+0000] {logging_mixin.py:188} INFO - [2026-09-08T13:51:56.256+0000] {dag.py:3834} INFO - Setting next_dagrun for example_weekday_branch_operator to 2026-09-07 00:00:00+00:00, run_after=2026-09-08 00:00:00+00:00
[2026-09-08T13:51:56.277+0000] {processor.py:183} INFO - Processing /home/airflow/.local/lib/python3.8/site-packages/airflow/example_dags/example_branch_day_of_week_operator.py took 0.096 seconds
[2026-09-08T13:52:26.329+0000] {processor.py:161} INFO - Started process (PID=961) to work on /home/airflow/.local/lib/python3.8/site-packages/airflow/example_dags/example_branch_day_of_week_operator.py
[2026-09-08T13:52:26.331+0000] {processor.py:830} INFO - Processing file /home/airflow/.local/lib/python3.8/site-packages/airflow/example_dags/example_branch_day_of_week_operator.py for tasks to queue
[2026-09-08T13:52:26.333+0000] {logging_mixin.py:188} INFO - [2026-09-08T13:52:26.333+0000] {dagbag.py:540} INFO - Filling up the DagBag from /home/airflow/.local/lib/python3.8/site-packages/airflow/example_dags/example_branch_day_of_week_operator.py
[2026-09-08T13:52:26.342+0000] {processor.py:840} INFO - DAG(s) 'example_weekday_branch_operator' retrieved from /home/airflow/.local/lib/python3.8/site-packages/airflow/example_dags/example_branch_day_of_week_operator.py
[2026-09-08T13:52:26.369+0000] {logging_mixin.py:188} INFO - [2026-09-08T13:52:26.368+0000] {dag.py:3047} INFO - Sync 1 DAGs
[2026-09-08T13:52:26.393+0000] {logging_mixin.py:188} INFO - [2026-09-08T13:52:26.392+0000] {dag.py:3834} INFO - Setting next_dagrun for example_weekday_branch_operator to 2026-09-07 00:00:00+00:00, run_after=2026-09-08 00:00:00+00:00
[2026-09-08T13:52:26.415+0000] {processor.py:183} INFO - Processing /home/airflow/.local/lib/python3.8/site-packages/airflow/example_dags/example_branch_day_of_week_operator.py took 0.090 seconds
