[2026-09-08T13:44:50.141+0000] {processor.py:161} INFO - Started process (PID=113) to work on /home/airflow/.local/lib/python3.8/site-packages/airflow/example_dags/example_xcom.py
[2026-09-08T13:44:50.143+0000] {processor.py:830} INFO - Processing file /home/airflow/.local/lib/python3.8/site-packages/airflow/example_dags/example_xcom.py for tasks to queue
[2026-09-08T13:44:50.147+0000] {logging_mixin.py:188} INFO - [2026-09-08T13:44:50.146+0000] {dagbag.py:540} INFO - Filling up the DagBag from /home/airflow/.local/lib/python3.8/site-packages/airflow/example_dags/example_xcom.py
[2026-09-08T13:44:50.161+0000] {processor.py:840} INFO - DAG(s) 'example_xcom' retrieved from /home/airflow/.local/lib/python3.8/site-packages/airflow/example_dags/example_xcom.py
[2026-09-08T13:44:50.187+0000] {logging_mixin.py:188} INFO - [2026-09-08T13:44:50.187+0000] {dag.py:3047} INFO - Sync 1 DAGs
[2026-09-08T13:44:50.234+0000] {logging_mixin.py:188} INFO - [2026-09-08T13:44:50.233+0000] {dag.py:3834} INFO - Setting next_dagrun for example_xcom to 2021-01-01 00:00:00+00:00, run_after=2021-01-01 00:00:00+00:00
[2026-09-08T13:44:50.264+0000] {processor.py:183} INFO - Processing /home/airflow/.local/lib/python3.8/site-packages/airflow/example_dags/example_xcom.py took 0.128 seconds
[2026-09-08T13:45:21.164+0000] {processor.py:161} INFO - Started process (PID=169) to work on /home/airflow/.local/lib/python3.8/site-packages/airflow/example_dags/example_xcom.py
[2026-09-08T13:45:21.167+0000] {processor.py:830} INFO - Processing file /home/airflow/.local/lib/python3.8/site-packages/airflow/example_dags/example_xcom.py for tasks to queue
[2026-09-08T13:45:21.170+0000] {logging_mixin.py:188} INFO - [2026-09-08T13:45:21.169+0000] {dagbag.py:540} INFO - Filling up the DagBag from /home/airflow/.local/lib/python3.8/site-packages/airflow/example_dags/example_xcom.py
[2026-09-08T13:45:21.182+0000] {processor.py:840} INFO - DAG(s) 'example_xcom' retrieved from /home/airflow/.local/lib/python3.8/site-packages/airflow/example_dags/example_xcom.py
[2026-09-08T13:45:21.383+0000] {logging_mixin.py:188} INFO - [2026-09-08T13:45:21.382+0000] {dag.py:3047} INFO - Sync 1 DAGs
[2026-09-08T13:45:21.427+0000] {logging_mixin.py:188} INFO - [2026-09-08T13:45:21.427+0000] {dag.py:3834} INFO - Setting next_dagrun for example_xcom to 2021-01-01 00:00:00+00:00, run_after=2021-01-01 00:00:00+00:00
[2026-09-08T13:45:24.956+0000] {processor.py:183} INFO - Processing /home/airflow/.local/lib/python3.8/site-packages/airflow/example_dags/example_xcom.py took 3.797 seconds
[2026-09-08T13:45:55.624+0000] {processor.py:161} INFO - Started process (PID=227) to work on /home/airflow/.local/lib/python3.8/site-packages/airflow/example_dags/example_xcom.py
[2026-09-08T13:45:55.626+0000] {processor.py:830} INFO - Processing file /home/airflow/.local/lib/python3.8/site-packages/airflow/example_dags/example_xcom.py for tasks to queue
[2026-09-08T13:45:55.632+0000] {logging_mixin.py:188} INFO - [2026-09-08T13:45:55.631+0000] {dagbag.py:540} INFO - Filling up the DagBag from /home/airflow/.local/lib/python3.8/site-packages/airflow/example_dags/example_xcom.py
[2026-09-08T13:45:55.648+0000] {processor.py:840} INFO - DAG(s) 'example_xcom' retrieved from /home/airflow/.local/lib/python3.8/site-packages/airflow/example_dags/example_xcom.py
[2026-09-08T13:45:55.687+0000] {logging_mixin.py:188} INFO - [2026-09-08T13:45:55.687+0000] {dag.py:3047} INFO - Sync 1 DAGs
[2026-09-08T13:45:55.732+0000] {logging_mixin.py:188} INFO - [2026-09-08T13:45:55.732+0000] {dag.py:3834} INFO - Setting next_dagrun for example_xcom to 2021-01-01 00:00:00+00:00, run_after=2021-01-01 00:00:00+00:00
[2026-09-08T13:45:55.789+0000] {processor.py:183} INFO - Processing /home/airflow/.local/lib/python3.8/site-packages/airflow/example_dags/example_xcom.py took 0.170 seconds
[2026-09-08T13:46:26.170+0000] {processor.py:161} INFO - Started process (PID=288) to work on /home/airflow/.local/lib/python3.8/site-packages/airflow/example_dags/example_xcom.py
[2026-09-08T13:46:26.172+0000] {processor.py:830} INFO - Processing file /home/airflow/.local/lib/python3.8/site-packages/airflow/example_dags/example_xcom.py for tasks to queue
[2026-09-08T13:46:26.175+0000] {logging_mixin.py:188} INFO - [2026-09-08T13:46:26.175+0000] {dagbag.py:540} INFO - Filling up the DagBag from /home/airflow/.local/lib/python3.8/site-packages/airflow/example_dags/example_xcom.py
[2026-09-08T13:46:26.186+0000] {processor.py:840} INFO - DAG(s) 'example_xcom' retrieved from /home/airflow/.local/lib/python3.8/site-packages/airflow/example_dags/example_xcom.py
[2026-09-08T13:46:26.220+0000] {logging_mixin.py:188} INFO - [2026-09-08T13:46:26.219+0000] {dag.py:3047} INFO - Sync 1 DAGs
[2026-09-08T13:46:26.255+0000] {logging_mixin.py:188} INFO - [2026-09-08T13:46:26.254+0000] {dag.py:3834} INFO - Setting next_dagrun for example_xcom to 2021-01-01 00:00:00+00:00, run_after=2021-01-01 00:00:00+00:00
[2026-09-08T13:46:26.285+0000] {processor.py:183} INFO - Processing /home/airflow/.local/lib/python3.8/site-packages/airflow/example_dags/example_xcom.py took 0.119 seconds
[2026-09-08T13:46:56.506+0000] {processor.py:161} INFO - Started process (PID=345) to work on /home/airflow/.local/lib/python3.8/site-packages/airflow/example_dags/example_xcom.py
[2026-09-08T13:46:56.508+0000] {processor.py:830} INFO - Processing file /home/airflow/.local/lib/python3.8/site-packages/airflow/example_dags/example_xcom.py for tasks to queue
[2026-09-08T13:46:56.511+0000] {logging_mixin.py:188} INFO - [2026-09-08T13:46:56.510+0000] {dagbag.py:540} INFO - Filling up the DagBag from /home/airflow/.local/lib/python3.8/site-packages/airflow/example_dags/example_xcom.py
[2026-09-08T13:46:56.524+0000] {processor.py:840} INFO - DAG(s) 'example_xcom' retrieved from /home/airflow/.local/lib/python3.8/site-packages/airflow/example_dags/example_xcom.py
[2026-09-08T13:46:56.552+0000] {logging_mixin.py:188} INFO - [2026-09-08T13:46:56.552+0000] {dag.py:3047} INFO - Sync 1 DAGs
[2026-09-08T13:46:56.589+0000] {logging_mixin.py:188} INFO - [2026-09-08T13:46:56.588+0000] {dag.py:3834} INFO - Setting next_dagrun for example_xcom to 2021-01-01 00:00:00+00:00, run_after=2021-01-01 00:00:00+00:00
[2026-09-08T13:46:56.618+0000] {processor.py:183} INFO - Processing /home/airflow/.local/lib/python3.8/site-packages/airflow/example_dags/example_xcom.py took 0.117 seconds
[2026-09-08T13:47:27.320+0000] {processor.py:161} INFO - Started process (PID=406) to work on /home/airflow/.local/lib/python3.8/site-packages/airflow/example_dags/example_xcom.py
[2026-09-08T13:47:27.322+0000] {processor.py:830} INFO - Processing file /home/airflow/.local/lib/python3.8/site-packages/airflow/example_dags/example_xcom.py for tasks to queue
[2026-09-08T13:47:27.325+0000] {logging_mixin.py:188} INFO - [2026-09-08T13:47:27.324+0000] {dagbag.py:540} INFO - Filling up the DagBag from /home/airflow/.local/lib/python3.8/site-packages/airflow/example_dags/example_xcom.py
[2026-09-08T13:47:27.334+0000] {processor.py:840} INFO - DAG(s) 'example_xcom' retrieved from /home/airflow/.local/lib/python3.8/site-packages/airflow/example_dags/example_xcom.py
[2026-09-08T13:47:27.359+0000] {logging_mixin.py:188} INFO - [2026-09-08T13:47:27.359+0000] {dag.py:3047} INFO - Sync 1 DAGs
[2026-09-08T13:47:27.382+0000] {logging_mixin.py:188} INFO - [2026-09-08T13:47:27.381+0000] {dag.py:3834} INFO - Setting next_dagrun for example_xcom to 2021-01-01 00:00:00+00:00, run_after=2021-01-01 00:00:00+00:00
[2026-09-08T13:47:27.407+0000] {processor.py:183} INFO - Processing /home/airflow/.local/lib/python3.8/site-packages/airflow/example_dags/example_xcom.py took 0.091 seconds
[2026-09-08T13:47:58.026+0000] {processor.py:161} INFO - Started process (PID=463) to work on /home/airflow/.local/lib/python3.8/site-packages/airflow/example_dags/example_xcom.py
[2026-09-08T13:47:58.028+0000] {processor.py:830} INFO - Processing file /home/airflow/.local/lib/python3.8/site-packages/airflow/example_dags/example_xcom.py for tasks to queue
[2026-09-08T13:47:58.033+0000] {logging_mixin.py:188} INFO - [2026-09-08T13:47:58.032+0000] {dagbag.py:540} INFO - Filling up the DagBag from /home/airflow/.local/lib/python3.8/site-packages/airflow/example_dags/example_xcom.py
[2026-09-08T13:47:58.046+0000] {processor.py:840} INFO - DAG(s) 'example_xcom' retrieved from /home/airflow/.local/lib/python3.8/site-packages/airflow/example_dags/example_xcom.py
[2026-09-08T13:47:58.065+0000] {logging_mixin.py:188} INFO - [2026-09-08T13:47:58.065+0000] {dag.py:3047} INFO - Sync 1 DAGs
[2026-09-08T13:47:58.095+0000] {logging_mixin.py:188} INFO - [2026-09-08T13:47:58.095+0000] {dag.py:3834} INFO - Setting next_dagrun for example_xcom to 2021-01-01 00:00:00+00:00, run_after=2021-01-01 00:00:00+00:00
[2026-09-08T13:47:58.118+0000] {processor.py:183} INFO - Processing /home/airflow/.local/lib/python3.8/site-packages/airflow/example_dags/example_xcom.py took 0.099 seconds
[2026-09-08T13:48:28.666+0000] {processor.py:161} INFO - Started process (PID=520) to work on /home/airflow/.local/lib/python3.8/site-packages/airflow/example_dags/example_xcom.py
[2026-09-08T13:48:28.669+0000] {processor.py:830} INFO - Processing file /home/airflow/.local/lib/python3.8/site-packages/airflow/example_dags/example_xcom.py for tasks to queue
[2026-09-08T13:48:28.671+0000] {logging_mixin.py:188} INFO - [2026-09-08T13:48:28.671+0000] {dagbag.py:540} INFO - Filling up the DagBag from /home/airflow/.local/lib/python3.8/site-packages/airflow/example_dags/example_xcom.py
[2026-09-08T13:48:28.685+0000] {processor.py:840} INFO - DAG(s) 'example_xcom' retrieved from /home/airflow/.local/lib/python3.8/site-packages/airflow/example_dags/example_xcom.py
[2026-09-08T13:48:28.829+0000] {logging_mixin.py:188} INFO - [2026-09-08T13:48:28.827+0000] {dag.py:3047} INFO - Sync 1 DAGs
[2026-09-08T13:48:28.857+0000] {logging_mixin.py:188} INFO - [2026-09-08T13:48:28.856+0000] {dag.py:3834} INFO - Setting next_dagrun for example_xcom to 2021-01-01 00:00:00+00:00, run_after=2021-01-01 00:00:00+00:00
[2026-09-08T13:48:28.886+0000] {processor.py:183} INFO - Processing /home/airflow/.local/lib/python3.8/site-packages/airflow/example_dags/example_xcom.py took 0.227 seconds
[2026-09-08T13:48:59.144+0000] {processor.py:161} INFO - Started process (PID=576) to work on /home/airflow/.local/lib/python3.8/site-packages/airflow/example_dags/example_xcom.py
[2026-09-08T13:48:59.146+0000] {processor.py:830} INFO - Processing file /home/airflow/.local/lib/python3.8/site-packages/airflow/example_dags/example_xcom.py for tasks to queue
[2026-09-08T13:48:59.150+0000] {logging_mixin.py:188} INFO - [2026-09-08T13:48:59.149+0000] {dagbag.py:540} INFO - Filling up the DagBag from /home/airflow/.local/lib/python3.8/site-packages/airflow/example_dags/example_xcom.py
[2026-09-08T13:48:59.162+0000] {processor.py:840} INFO - DAG(s) 'example_xcom' retrieved from /home/airflow/.local/lib/python3.8/site-packages/airflow/example_dags/example_xcom.py
[2026-09-08T13:48:59.217+0000] {logging_mixin.py:188} INFO - [2026-09-08T13:48:59.217+0000] {dag.py:3047} INFO - Sync 1 DAGs
[2026-09-08T13:48:59.248+0000] {logging_mixin.py:188} INFO - [2026-09-08T13:48:59.247+0000] {dag.py:3834} INFO - Setting next_dagrun for example_xcom to 2021-01-01 00:00:00+00:00, run_after=2021-01-01 00:00:00+00:00
[2026-09-08T13:48:59.271+0000] {processor.py:183} INFO - Processing /home/airflow/.local/lib/python3.8/site-packages/airflow/example_dags/example_xcom.py took 0.132 seconds
[2026-09-08T13:49:29.787+0000] {processor.py:161} INFO - Started process (PID=633) to work on /home/airflow/.local/lib/python3.8/site-packages/airflow/example_dags/example_xcom.py
[2026-09-08T13:49:29.788+0000] {processor.py:830} INFO - Processing file /home/airflow/.local/lib/python3.8/site-packages/airflow/example_dags/example_xcom.py for tasks to queue
[2026-09-08T13:49:29.792+0000] {logging_mixin.py:188} INFO - [2026-09-08T13:49:29.791+0000] {dagbag.py:540} INFO - Filling up the DagBag from /home/airflow/.local/lib/python3.8/site-packages/airflow/example_dags/example_xcom.py
[2026-09-08T13:49:29.801+0000] {processor.py:840} INFO - DAG(s) 'example_xcom' retrieved from /home/airflow/.local/lib/python3.8/site-packages/airflow/example_dags/example_xcom.py
[2026-09-08T13:49:29.828+0000] {logging_mixin.py:188} INFO - [2026-09-08T13:49:29.828+0000] {dag.py:3047} INFO - Sync 1 DAGs
[2026-09-08T13:49:29.854+0000] {logging_mixin.py:188} INFO - [2026-09-08T13:49:29.853+0000] {dag.py:3834} INFO - Setting next_dagrun for example_xcom to 2021-01-01 00:00:00+00:00, run_after=2021-01-01 00:00:00+00:00
[2026-09-08T13:49:29.878+0000] {processor.py:183} INFO - Processing /home/airflow/.local/lib/python3.8/site-packages/airflow/example_dags/example_xcom.py took 0.095 seconds
[2026-09-08T13:50:00.310+0000] {processor.py:161} INFO - Started process (PID=690) to work on /home/airflow/.local/lib/python3.8/site-packages/airflow/example_dags/example_xcom.py
[2026-09-08T13:50:00.311+0000] {processor.py:830} INFO - Processing file /home/airflow/.local/lib/python3.8/site-packages/airflow/example_dags/example_xcom.py for tasks to queue
[2026-09-08T13:50:00.314+0000] {logging_mixin.py:188} INFO - [2026-09-08T13:50:00.314+0000] {dagbag.py:540} INFO - Filling up the DagBag from /home/airflow/.local/lib/python3.8/site-packages/airflow/example_dags/example_xcom.py
[2026-09-08T13:50:00.323+0000] {processor.py:840} INFO - DAG(s) 'example_xcom' retrieved from /home/airflow/.local/lib/python3.8/site-packages/airflow/example_dags/example_xcom.py
[2026-09-08T13:50:00.356+0000] {logging_mixin.py:188} INFO - [2026-09-08T13:50:00.356+0000] {dag.py:3047} INFO - Sync 1 DAGs
[2026-09-08T13:50:00.388+0000] {logging_mixin.py:188} INFO - [2026-09-08T13:50:00.388+0000] {dag.py:3834} INFO - Setting next_dagrun for example_xcom to 2021-01-01 00:00:00+00:00, run_after=2021-01-01 00:00:00+00:00
[2026-09-08T13:50:00.411+0000] {processor.py:183} INFO - Processing /home/airflow/.local/lib/python3.8/site-packages/airflow/example_dags/example_xcom.py took 0.105 seconds
[2026-09-08T13:50:30.520+0000] {processor.py:161} INFO - Started process (PID=747) to work on /home/airflow/.local/lib/python3.8/site-packages/airflow/example_dags/example_xcom.py
[2026-09-08T13:50:30.522+0000] {processor.py:830} INFO - Processing file /home/airflow/.local/lib/python3.8/site-packages/airflow/example_dags/example_xcom.py for tasks to queue
[2026-09-08T13:50:30.524+0000] {logging_mixin.py:188} INFO - [2026-09-08T13:50:30.524+0000] {dagbag.py:540} INFO - Filling up the DagBag from /home/airflow/.local/lib/python3.8/site-packages/airflow/example_dags/example_xcom.py
[2026-09-08T13:50:30.533+0000] {processor.py:840} INFO - DAG(s) 'example_xcom' retrieved from /home/airflow/.local/lib/python3.8/site-packages/airflow/example_dags/example_xcom.py
[2026-09-08T13:50:30.557+0000] {logging_mixin.py:188} INFO - [2026-09-08T13:50:30.557+0000] {dag.py:3047} INFO - Sync 1 DAGs
[2026-09-08T13:50:30.583+0000] {logging_mixin.py:188} INFO - [2026-09-08T13:50:30.583+0000] {dag.py:3834} INFO - Setting next_dagrun for example_xcom to 2021-01-01 00:00:00+00:00, run_after=2021-01-01 00:00:00+00:00
[2026-09-08T13:50:30.605+0000] {processor.py:183} INFO - Processing /home/airflow/.local/lib/python3.8/site-packages/airflow/example_dags/example_xcom.py took 0.088 seconds
[2026-09-08T13:51:00.765+0000] {processor.py:161} INFO - Started process (PID=804) to work on /home/airflow/.local/lib/python3.8/site-packages/airflow/example_dags/example_xcom.py
[2026-09-08T13:51:00.768+0000] {processor.py:830} INFO - Processing file /home/airflow/.local/lib/python3.8/site-packages/airflow/example_dags/example_xcom.py for tasks to queue
[2026-09-08T13:51:00.772+0000] {logging_mixin.py:188} INFO - [2026-09-08T13:51:00.771+0000] {dagbag.py:540} INFO - Filling up the DagBag from /home/airflow/.local/lib/python3.8/site-packages/airflow/example_dags/example_xcom.py
[2026-09-08T13:51:00.783+0000] {processor.py:840} INFO - DAG(s) 'example_xcom' retrieved from /home/airflow/.local/lib/python3.8/site-packages/airflow/example_dags/example_xcom.py
[2026-09-08T13:51:00.809+0000] {logging_mixin.py:188} INFO - [2026-09-08T13:51:00.808+0000] {dag.py:3047} INFO - Sync 1 DAGs
[2026-09-08T13:51:00.835+0000] {logging_mixin.py:188} INFO - [2026-09-08T13:51:00.835+0000] {dag.py:3834} INFO - Setting next_dagrun for example_xcom to 2021-01-01 00:00:00+00:00, run_after=2021-01-01 00:00:00+00:00
[2026-09-08T13:51:00.856+0000] {processor.py:183} INFO - Processing /home/airflow/.local/lib/python3.8/site-packages/airflow/example_dags/example_xcom.py took 0.095 seconds
[2026-09-08T13:51:31.352+0000] {processor.py:161} INFO - Started process (PID=861) to work on /home/airflow/.local/lib/python3.8/site-packages/airflow/example_dags/example_xcom.py
[2026-09-08T13:51:31.354+0000] {processor.py:830} INFO - Processing file /home/airflow/.local/lib/python3.8/site-packages/airflow/example_dags/example_xcom.py for tasks to queue
[2026-09-08T13:51:31.357+0000] {logging_mixin.py:188} INFO - [2026-09-08T13:51:31.356+0000] {dagbag.py:540} INFO - Filling up the DagBag from /home/airflow/.local/lib/python3.8/site-packages/airflow/example_dags/example_xcom.py
[2026-09-08T13:51:31.365+0000] {processor.py:840} INFO - DAG(s) 'example_xcom' retrieved from /home/airflow/.local/lib/python3.8/site-packages/airflow/example_dags/example_xcom.py
[2026-09-08T13:51:31.390+0000] {logging_mixin.py:188} INFO - [2026-09-08T13:51:31.390+0000] {dag.py:3047} INFO - Sync 1 DAGs
[2026-09-08T13:51:31.415+0000] {logging_mixin.py:188} INFO - [2026-09-08T13:51:31.415+0000] {dag.py:3834} INFO - Setting next_dagrun for example_xcom to 2021-01-01 00:00:00+00:00, run_after=2021-01-01 00:00:00+00:00
[2026-09-08T13:51:31.437+0000] {processor.py:183} INFO - Processing /home/airflow/.local/lib/python3.8/site-packages/airflow/example_dags/example_xcom.py took 0.088 seconds
[2026-09-08T13:52:02.289+0000] {processor.py:161} INFO - Started process (PID=918) to work on /home/airflow/.local/lib/python3.8/site-packages/airflow/example_dags/example_xcom.py
[2026-09-08T13:52:02.291+0000] {processor.py:830} INFO - Processing file /home/airflow/.local/lib/python3.8/site-packages/airflow/example_dags/example_xcom.py for tasks to queue
[2026-09-08T13:52:02.295+0000] {logging_mixin.py:188} INFO - [2026-09-08T13:52:02.295+0000] {dagbag.py:540} INFO - Filling up the DagBag from /home/airflow/.local/lib/python3.8/site-packages/airflow/example_dags/example_xcom.py
[2026-09-08T13:52:02.306+0000] {processor.py:840} INFO - DAG(s) 'example_xcom' retrieved from /home/airflow/.local/lib/python3.8/site-packages/airflow/example_dags/example_xcom.py
[2026-09-08T13:52:02.333+0000] {logging_mixin.py:188} INFO - [2026-09-08T13:52:02.332+0000] {dag.py:3047} INFO - Sync 1 DAGs
[2026-09-08T13:52:02.357+0000] {logging_mixin.py:188} INFO - [2026-09-08T13:52:02.356+0000] {dag.py:3834} INFO - Setting next_dagrun for example_xcom to 2021-01-01 00:00:00+00:00, run_after=2021-01-01 00:00:00+00:00
[2026-09-08T13:52:02.378+0000] {processor.py:183} INFO - Processing /home/airflow/.local/lib/python3.8/site-packages/airflow/example_dags/example_xcom.py took 0.092 seconds
[2026-09-08T13:52:32.577+0000] {processor.py:161} INFO - Started process (PID=975) to work on /home/airflow/.local/lib/python3.8/site-packages/airflow/example_dags/example_xcom.py
[2026-09-08T13:52:32.579+0000] {processor.py:830} INFO - Processing file /home/airflow/.local/lib/python3.8/site-packages/airflow/example_dags/example_xcom.py for tasks to queue
[2026-09-08T13:52:32.582+0000] {logging_mixin.py:188} INFO - [2026-09-08T13:52:32.581+0000] {dagbag.py:540} INFO - Filling up the DagBag from /home/airflow/.local/lib/python3.8/site-packages/airflow/example_dags/example_xcom.py
[2026-09-08T13:52:32.593+0000] {processor.py:840} INFO - DAG(s) 'example_xcom' retrieved from /home/airflow/.local/lib/python3.8/site-packages/airflow/example_dags/example_xcom.py
[2026-09-08T13:52:32.617+0000] {logging_mixin.py:188} INFO - [2026-09-08T13:52:32.616+0000] {dag.py:3047} INFO - Sync 1 DAGs
[2026-09-08T13:52:32.643+0000] {logging_mixin.py:188} INFO - [2026-09-08T13:52:32.643+0000] {dag.py:3834} INFO - Setting next_dagrun for example_xcom to 2021-01-01 00:00:00+00:00, run_after=2021-01-01 00:00:00+00:00
[2026-09-08T13:52:32.664+0000] {processor.py:183} INFO - Processing /home/airflow/.local/lib/python3.8/site-packages/airflow/example_dags/example_xcom.py took 0.092 seconds
