[2026-09-08T13:44:50.320+0000] {processor.py:161} INFO - Started process (PID=114) to work on /home/airflow/.local/lib/python3.8/site-packages/airflow/example_dags/example_datasets.py
[2026-09-08T13:44:50.325+0000] {processor.py:830} INFO - Processing file /home/airflow/.local/lib/python3.8/site-packages/airflow/example_dags/example_datasets.py for tasks to queue
[2026-09-08T13:44:50.328+0000] {logging_mixin.py:188} INFO - [2026-09-08T13:44:50.328+0000] {dagbag.py:540} INFO - Filling up the DagBag from /home/airflow/.local/lib/python3.8/site-packages/airflow/example_dags/example_datasets.py
[2026-09-08T13:44:50.364+0000] {processor.py:840} INFO - DAG(s) 'dataset_consumes_1_and_2', 'dataset_consumes_1', 'dataset_produces_1', 'dataset_consumes_1_never_scheduled', 'dataset_produces_2', 'dataset_consumes_unknown_never_scheduled' retrieved from /home/airflow/.local/lib/python3.8/site-packages/airflow/example_dags/example_datasets.py
[2026-09-08T13:44:50.450+0000] {logging_mixin.py:188} INFO - [2026-09-08T13:44:50.450+0000] {dag.py:3047} INFO - Sync 6 DAGs
[2026-09-08T13:44:50.521+0000] {logging_mixin.py:188} INFO - [2026-09-08T13:44:50.520+0000] {dag.py:3834} INFO - Setting next_dagrun for dataset_consumes_1 to None, run_after=None
[2026-09-08T13:44:50.532+0000] {logging_mixin.py:188} INFO - [2026-09-08T13:44:50.531+0000] {dag.py:3834} INFO - Setting next_dagrun for dataset_consumes_1_and_2 to None, run_after=None
[2026-09-08T13:44:50.535+0000] {logging_mixin.py:188} INFO - [2026-09-08T13:44:50.535+0000] {dag.py:3834} INFO - Setting next_dagrun for dataset_consumes_1_never_scheduled to None, run_after=None
[2026-09-08T13:44:50.540+0000] {logging_mixin.py:188} INFO - [2026-09-08T13:44:50.539+0000] {dag.py:3834} INFO - Setting next_dagrun for dataset_consumes_unknown_never_scheduled to None, run_after=None
[2026-09-08T13:44:50.546+0000] {logging_mixin.py:188} INFO - [2026-09-08T13:44:50.546+0000] {dag.py:3834} INFO - Setting next_dagrun for dataset_produces_1 to 2026-09-07 00:00:00+00:00, run_after=2026-09-08 00:00:00+00:00
[2026-09-08T13:44:50.550+0000] {logging_mixin.py:188} INFO - [2026-09-08T13:44:50.550+0000] {dag.py:3834} INFO - Setting next_dagrun for dataset_produces_2 to None, run_after=None
[2026-09-08T13:44:50.626+0000] {processor.py:183} INFO - Processing /home/airflow/.local/lib/python3.8/site-packages/airflow/example_dags/example_datasets.py took 0.314 seconds
[2026-09-08T13:45:25.002+0000] {processor.py:161} INFO - Started process (PID=171) to work on /home/airflow/.local/lib/python3.8/site-packages/airflow/example_dags/example_datasets.py
[2026-09-08T13:45:25.007+0000] {processor.py:830} INFO - Processing file /home/airflow/.local/lib/python3.8/site-packages/airflow/example_dags/example_datasets.py for tasks to queue
[2026-09-08T13:45:25.010+0000] {logging_mixin.py:188} INFO - [2026-09-08T13:45:25.010+0000] {dagbag.py:540} INFO - Filling up the DagBag from /home/airflow/.local/lib/python3.8/site-packages/airflow/example_dags/example_datasets.py
[2026-09-08T13:45:25.024+0000] {processor.py:840} INFO - DAG(s) 'dataset_produces_1', 'dataset_consumes_1_and_2', 'dataset_consumes_1', 'dataset_consumes_1_never_scheduled', 'dataset_consumes_unknown_never_scheduled', 'dataset_produces_2' retrieved from /home/airflow/.local/lib/python3.8/site-packages/airflow/example_dags/example_datasets.py
[2026-09-08T13:45:25.262+0000] {logging_mixin.py:188} INFO - [2026-09-08T13:45:25.262+0000] {dag.py:3047} INFO - Sync 6 DAGs
[2026-09-08T13:45:25.303+0000] {logging_mixin.py:188} INFO - [2026-09-08T13:45:25.302+0000] {dag.py:3834} INFO - Setting next_dagrun for dataset_consumes_1 to None, run_after=None
[2026-09-08T13:45:25.309+0000] {logging_mixin.py:188} INFO - [2026-09-08T13:45:25.308+0000] {dag.py:3834} INFO - Setting next_dagrun for dataset_consumes_1_and_2 to None, run_after=None
[2026-09-08T13:45:25.312+0000] {logging_mixin.py:188} INFO - [2026-09-08T13:45:25.312+0000] {dag.py:3834} INFO - Setting next_dagrun for dataset_consumes_1_never_scheduled to None, run_after=None
[2026-09-08T13:45:25.318+0000] {logging_mixin.py:188} INFO - [2026-09-08T13:45:25.317+0000] {dag.py:3834} INFO - Setting next_dagrun for dataset_consumes_unknown_never_scheduled to None, run_after=None
[2026-09-08T13:45:25.326+0000] {logging_mixin.py:188} INFO - [2026-09-08T13:45:25.325+0000] {dag.py:3834} INFO - Setting next_dagrun for dataset_produces_1 to 2026-09-07 00:00:00+00:00, run_after=2026-09-08 00:00:00+00:00
[2026-09-08T13:45:25.328+0000] {logging_mixin.py:188} INFO - [2026-09-08T13:45:25.328+0000] {dag.py:3834} INFO - Setting next_dagrun for dataset_produces_2 to None, run_after=None
[2026-09-08T13:45:25.387+0000] {processor.py:183} INFO - Processing /home/airflow/.local/lib/python3.8/site-packages/airflow/example_dags/example_datasets.py took 0.390 seconds
[2026-09-08T13:45:55.900+0000] {processor.py:161} INFO - Started process (PID=232) to work on /home/airflow/.local/lib/python3.8/site-packages/airflow/example_dags/example_datasets.py
[2026-09-08T13:45:55.912+0000] {processor.py:830} INFO - Processing file /home/airflow/.local/lib/python3.8/site-packages/airflow/example_dags/example_datasets.py for tasks to queue
[2026-09-08T13:45:55.918+0000] {logging_mixin.py:188} INFO - [2026-09-08T13:45:55.917+0000] {dagbag.py:540} INFO - Filling up the DagBag from /home/airflow/.local/lib/python3.8/site-packages/airflow/example_dags/example_datasets.py
[2026-09-08T13:45:55.962+0000] {processor.py:840} INFO - DAG(s) 'dataset_consumes_1_never_scheduled', 'dataset_produces_2', 'dataset_consumes_unknown_never_scheduled', 'dataset_consumes_1', 'dataset_produces_1', 'dataset_consumes_1_and_2' retrieved from /home/airflow/.local/lib/python3.8/site-packages/airflow/example_dags/example_datasets.py
[2026-09-08T13:45:56.102+0000] {logging_mixin.py:188} INFO - [2026-09-08T13:45:56.101+0000] {dag.py:3047} INFO - Sync 6 DAGs
[2026-09-08T13:45:56.223+0000] {logging_mixin.py:188} INFO - [2026-09-08T13:45:56.222+0000] {dag.py:3834} INFO - Setting next_dagrun for dataset_consumes_1 to None, run_after=None
[2026-09-08T13:45:56.235+0000] {logging_mixin.py:188} INFO - [2026-09-08T13:45:56.234+0000] {dag.py:3834} INFO - Setting next_dagrun for dataset_consumes_1_and_2 to None, run_after=None
[2026-09-08T13:45:56.257+0000] {logging_mixin.py:188} INFO - [2026-09-08T13:45:56.256+0000] {dag.py:3834} INFO - Setting next_dagrun for dataset_consumes_1_never_scheduled to None, run_after=None
[2026-09-08T13:45:56.272+0000] {logging_mixin.py:188} INFO - [2026-09-08T13:45:56.272+0000] {dag.py:3834} INFO - Setting next_dagrun for dataset_consumes_unknown_never_scheduled to None, run_after=None
[2026-09-08T13:45:56.286+0000] {logging_mixin.py:188} INFO - [2026-09-08T13:45:56.285+0000] {dag.py:3834} INFO - Setting next_dagrun for dataset_produces_1 to 2026-09-07 00:00:00+00:00, run_after=2026-09-08 00:00:00+00:00
[2026-09-08T13:45:56.289+0000] {logging_mixin.py:188} INFO - [2026-09-08T13:45:56.289+0000] {dag.py:3834} INFO - Setting next_dagrun for dataset_produces_2 to None, run_after=None
[2026-09-08T13:45:56.418+0000] {processor.py:183} INFO - Processing /home/airflow/.local/lib/python3.8/site-packages/airflow/example_dags/example_datasets.py took 0.537 seconds
[2026-09-08T13:46:27.302+0000] {processor.py:161} INFO - Started process (PID=290) to work on /home/airflow/.local/lib/python3.8/site-packages/airflow/example_dags/example_datasets.py
[2026-09-08T13:46:27.304+0000] {processor.py:830} INFO - Processing file /home/airflow/.local/lib/python3.8/site-packages/airflow/example_dags/example_datasets.py for tasks to queue
[2026-09-08T13:46:27.307+0000] {logging_mixin.py:188} INFO - [2026-09-08T13:46:27.307+0000] {dagbag.py:540} INFO - Filling up the DagBag from /home/airflow/.local/lib/python3.8/site-packages/airflow/example_dags/example_datasets.py
[2026-09-08T13:46:27.319+0000] {processor.py:840} INFO - DAG(s) 'dataset_consumes_unknown_never_scheduled', 'dataset_consumes_1', 'dataset_produces_2', 'dataset_consumes_1_and_2', 'dataset_produces_1', 'dataset_consumes_1_never_scheduled' retrieved from /home/airflow/.local/lib/python3.8/site-packages/airflow/example_dags/example_datasets.py
[2026-09-08T13:46:27.361+0000] {logging_mixin.py:188} INFO - [2026-09-08T13:46:27.361+0000] {dag.py:3047} INFO - Sync 6 DAGs
[2026-09-08T13:46:27.389+0000] {logging_mixin.py:188} INFO - [2026-09-08T13:46:27.388+0000] {dag.py:3834} INFO - Setting next_dagrun for dataset_consumes_1 to None, run_after=None
[2026-09-08T13:46:27.394+0000] {logging_mixin.py:188} INFO - [2026-09-08T13:46:27.394+0000] {dag.py:3834} INFO - Setting next_dagrun for dataset_consumes_1_and_2 to None, run_after=None
[2026-09-08T13:46:27.398+0000] {logging_mixin.py:188} INFO - [2026-09-08T13:46:27.397+0000] {dag.py:3834} INFO - Setting next_dagrun for dataset_consumes_1_never_scheduled to None, run_after=None
[2026-09-08T13:46:27.401+0000] {logging_mixin.py:188} INFO - [2026-09-08T13:46:27.400+0000] {dag.py:3834} INFO - Setting next_dagrun for dataset_consumes_unknown_never_scheduled to None, run_after=None
[2026-09-08T13:46:27.404+0000] {logging_mixin.py:188} INFO - [2026-09-08T13:46:27.404+0000] {dag.py:3834} INFO - Setting next_dagrun for dataset_produces_1 to 2026-09-07 00:00:00+00:00, run_after=2026-09-08 00:00:00+00:00
[2026-09-08T13:46:27.407+0000] {logging_mixin.py:188} INFO - [2026-09-08T13:46:27.407+0000] {dag.py:3834} INFO - Setting next_dagrun for dataset_produces_2 to None, run_after=None
[2026-09-08T13:46:27.449+0000] {processor.py:183} INFO - Processing /home/airflow/.local/lib/python3.8/site-packages/airflow/example_dags/example_datasets.py took 0.150 seconds
[2026-09-08T13:46:57.575+0000] {processor.py:161} INFO - Started process (PID=346) to work on /home/airflow/.local/lib/python3.8/site-packages/airflow/example_dags/example_datasets.py
[2026-09-08T13:46:57.577+0000] {processor.py:830} INFO - Processing file /home/airflow/.local/lib/python3.8/site-packages/airflow/example_dags/example_datasets.py for tasks to queue
[2026-09-08T13:46:57.579+0000] {logging_mixin.py:188} INFO - [2026-09-08T13:46:57.579+0000] {dagbag.py:540} INFO - Filling up the DagBag from /home/airflow/.local/lib/python3.8/site-packages/airflow/example_dags/example_datasets.py
[2026-09-08T13:46:57.591+0000] {processor.py:840} INFO - DAG(s) 'dataset_consumes_1_and_2', 'dataset_produces_2', 'dataset_consumes_1', 'dataset_consumes_1_never_scheduled', 'dataset_produces_1', 'dataset_consumes_unknown_never_scheduled' retrieved from /home/airflow/.local/lib/python3.8/site-packages/airflow/example_dags/example_datasets.py
[2026-09-08T13:46:57.632+0000] {logging_mixin.py:188} INFO - [2026-09-08T13:46:57.631+0000] {dag.py:3047} INFO - Sync 6 DAGs
[2026-09-08T13:46:57.662+0000] {logging_mixin.py:188} INFO - [2026-09-08T13:46:57.662+0000] {dag.py:3834} INFO - Setting next_dagrun for dataset_consumes_1 to None, run_after=None
[2026-09-08T13:46:57.666+0000] {logging_mixin.py:188} INFO - [2026-09-08T13:46:57.666+0000] {dag.py:3834} INFO - Setting next_dagrun for dataset_consumes_1_and_2 to None, run_after=None
[2026-09-08T13:46:57.669+0000] {logging_mixin.py:188} INFO - [2026-09-08T13:46:57.669+0000] {dag.py:3834} INFO - Setting next_dagrun for dataset_consumes_1_never_scheduled to None, run_after=None
[2026-09-08T13:46:57.673+0000] {logging_mixin.py:188} INFO - [2026-09-08T13:46:57.672+0000] {dag.py:3834} INFO - Setting next_dagrun for dataset_consumes_unknown_never_scheduled to None, run_after=None
[2026-09-08T13:46:57.679+0000] {logging_mixin.py:188} INFO - [2026-09-08T13:46:57.678+0000] {dag.py:3834} INFO - Setting next_dagrun for dataset_produces_1 to 2026-09-07 00:00:00+00:00, run_after=2026-09-08 00:00:00+00:00
[2026-09-08T13:46:57.682+0000] {logging_mixin.py:188} INFO - [2026-09-08T13:46:57.681+0000] {dag.py:3834} INFO - Setting next_dagrun for dataset_produces_2 to None, run_after=None
[2026-09-08T13:46:57.736+0000] {processor.py:183} INFO - Processing /home/airflow/.local/lib/python3.8/site-packages/airflow/example_dags/example_datasets.py took 0.166 seconds
[2026-09-08T13:47:28.462+0000] {processor.py:161} INFO - Started process (PID=408) to work on /home/airflow/.local/lib/python3.8/site-packages/airflow/example_dags/example_datasets.py
[2026-09-08T13:47:28.463+0000] {processor.py:830} INFO - Processing file /home/airflow/.local/lib/python3.8/site-packages/airflow/example_dags/example_datasets.py for tasks to queue
[2026-09-08T13:47:28.466+0000] {logging_mixin.py:188} INFO - [2026-09-08T13:47:28.466+0000] {dagbag.py:540} INFO - Filling up the DagBag from /home/airflow/.local/lib/python3.8/site-packages/airflow/example_dags/example_datasets.py
[2026-09-08T13:47:28.479+0000] {processor.py:840} INFO - DAG(s) 'dataset_produces_2', 'dataset_consumes_1', 'dataset_consumes_1_and_2', 'dataset_produces_1', 'dataset_consumes_1_never_scheduled', 'dataset_consumes_unknown_never_scheduled' retrieved from /home/airflow/.local/lib/python3.8/site-packages/airflow/example_dags/example_datasets.py
[2026-09-08T13:47:28.533+0000] {logging_mixin.py:188} INFO - [2026-09-08T13:47:28.533+0000] {dag.py:3047} INFO - Sync 6 DAGs
[2026-09-08T13:47:28.565+0000] {logging_mixin.py:188} INFO - [2026-09-08T13:47:28.565+0000] {dag.py:3834} INFO - Setting next_dagrun for dataset_consumes_1 to None, run_after=None
[2026-09-08T13:47:28.571+0000] {logging_mixin.py:188} INFO - [2026-09-08T13:47:28.570+0000] {dag.py:3834} INFO - Setting next_dagrun for dataset_consumes_1_and_2 to None, run_after=None
[2026-09-08T13:47:28.574+0000] {logging_mixin.py:188} INFO - [2026-09-08T13:47:28.573+0000] {dag.py:3834} INFO - Setting next_dagrun for dataset_consumes_1_never_scheduled to None, run_after=None
[2026-09-08T13:47:28.576+0000] {logging_mixin.py:188} INFO - [2026-09-08T13:47:28.576+0000] {dag.py:3834} INFO - Setting next_dagrun for dataset_consumes_unknown_never_scheduled to None, run_after=None
[2026-09-08T13:47:28.580+0000] {logging_mixin.py:188} INFO - [2026-09-08T13:47:28.580+0000] {dag.py:3834} INFO - Setting next_dagrun for dataset_produces_1 to 2026-09-07 00:00:00+00:00, run_after=2026-09-08 00:00:00+00:00
[2026-09-08T13:47:28.582+0000] {logging_mixin.py:188} INFO - [2026-09-08T13:47:28.582+0000] {dag.py:3834} INFO - Setting next_dagrun for dataset_produces_2 to None, run_after=None
[2026-09-08T13:47:28.628+0000] {processor.py:183} INFO - Processing /home/airflow/.local/lib/python3.8/site-packages/airflow/example_dags/example_datasets.py took 0.171 seconds
[2026-09-08T13:47:59.052+0000] {processor.py:161} INFO - Started process (PID=465) to work on /home/airflow/.local/lib/python3.8/site-packages/airflow/example_dags/example_datasets.py
[2026-09-08T13:47:59.054+0000] {processor.py:830} INFO - Processing file /home/airflow/.local/lib/python3.8/site-packages/airflow/example_dags/example_datasets.py for tasks to queue
[2026-09-08T13:47:59.057+0000] {logging_mixin.py:188} INFO - [2026-09-08T13:47:59.056+0000] {dagbag.py:540} INFO - Filling up the DagBag from /home/airflow/.local/lib/python3.8/site-packages/airflow/example_dags/example_datasets.py
[2026-09-08T13:47:59.070+0000] {processor.py:840} INFO - DAG(s) 'dataset_consumes_1_never_scheduled', 'dataset_produces_1', 'dataset_consumes_1', 'dataset_consumes_unknown_never_scheduled', 'dataset_consumes_1_and_2', 'dataset_produces_2' retrieved from /home/airflow/.local/lib/python3.8/site-packages/airflow/example_dags/example_datasets.py
[2026-09-08T13:47:59.092+0000] {logging_mixin.py:188} INFO - [2026-09-08T13:47:59.091+0000] {dag.py:3047} INFO - Sync 6 DAGs
[2026-09-08T13:47:59.122+0000] {logging_mixin.py:188} INFO - [2026-09-08T13:47:59.122+0000] {dag.py:3834} INFO - Setting next_dagrun for dataset_consumes_1 to None, run_after=None
[2026-09-08T13:47:59.127+0000] {logging_mixin.py:188} INFO - [2026-09-08T13:47:59.127+0000] {dag.py:3834} INFO - Setting next_dagrun for dataset_consumes_1_and_2 to None, run_after=None
[2026-09-08T13:47:59.130+0000] {logging_mixin.py:188} INFO - [2026-09-08T13:47:59.130+0000] {dag.py:3834} INFO - Setting next_dagrun for dataset_consumes_1_never_scheduled to None, run_after=None
[2026-09-08T13:47:59.134+0000] {logging_mixin.py:188} INFO - [2026-09-08T13:47:59.134+0000] {dag.py:3834} INFO - Setting next_dagrun for dataset_consumes_unknown_never_scheduled to None, run_after=None
[2026-09-08T13:47:59.141+0000] {logging_mixin.py:188} INFO - [2026-09-08T13:47:59.140+0000] {dag.py:3834} INFO - Setting next_dagrun for dataset_produces_1 to 2026-09-07 00:00:00+00:00, run_after=2026-09-08 00:00:00+00:00
[2026-09-08T13:47:59.143+0000] {logging_mixin.py:188} INFO - [2026-09-08T13:47:59.143+0000] {dag.py:3834} INFO - Setting next_dagrun for dataset_produces_2 to None, run_after=None
[2026-09-08T13:47:59.188+0000] {processor.py:183} INFO - Processing /home/airflow/.local/lib/python3.8/site-packages/airflow/example_dags/example_datasets.py took 0.140 seconds
[2026-09-08T13:48:29.717+0000] {processor.py:161} INFO - Started process (PID=522) to work on /home/airflow/.local/lib/python3.8/site-packages/airflow/example_dags/example_datasets.py
[2026-09-08T13:48:29.719+0000] {processor.py:830} INFO - Processing file /home/airflow/.local/lib/python3.8/site-packages/airflow/example_dags/example_datasets.py for tasks to queue
[2026-09-08T13:48:29.722+0000] {logging_mixin.py:188} INFO - [2026-09-08T13:48:29.722+0000] {dagbag.py:540} INFO - Filling up the DagBag from /home/airflow/.local/lib/python3.8/site-packages/airflow/example_dags/example_datasets.py
[2026-09-08T13:48:29.739+0000] {processor.py:840} INFO - DAG(s) 'dataset_produces_2', 'dataset_consumes_1', 'dataset_produces_1', 'dataset_consumes_1_never_scheduled', 'dataset_consumes_1_and_2', 'dataset_consumes_unknown_never_scheduled' retrieved from /home/airflow/.local/lib/python3.8/site-packages/airflow/example_dags/example_datasets.py
[2026-09-08T13:48:29.962+0000] {logging_mixin.py:188} INFO - [2026-09-08T13:48:29.961+0000] {dag.py:3047} INFO - Sync 6 DAGs
[2026-09-08T13:48:30.003+0000] {logging_mixin.py:188} INFO - [2026-09-08T13:48:30.003+0000] {dag.py:3834} INFO - Setting next_dagrun for dataset_consumes_1 to None, run_after=None
[2026-09-08T13:48:30.011+0000] {logging_mixin.py:188} INFO - [2026-09-08T13:48:30.011+0000] {dag.py:3834} INFO - Setting next_dagrun for dataset_consumes_1_and_2 to None, run_after=None
[2026-09-08T13:48:30.017+0000] {logging_mixin.py:188} INFO - [2026-09-08T13:48:30.016+0000] {dag.py:3834} INFO - Setting next_dagrun for dataset_consumes_1_never_scheduled to None, run_after=None
[2026-09-08T13:48:30.022+0000] {logging_mixin.py:188} INFO - [2026-09-08T13:48:30.021+0000] {dag.py:3834} INFO - Setting next_dagrun for dataset_consumes_unknown_never_scheduled to None, run_after=None
[2026-09-08T13:48:30.028+0000] {logging_mixin.py:188} INFO - [2026-09-08T13:48:30.027+0000] {dag.py:3834} INFO - Setting next_dagrun for dataset_produces_1 to 2026-09-07 00:00:00+00:00, run_after=2026-09-08 00:00:00+00:00
[2026-09-08T13:48:30.032+0000] {logging_mixin.py:188} INFO - [2026-09-08T13:48:30.031+0000] {dag.py:3834} INFO - Setting next_dagrun for dataset_produces_2 to None, run_after=None
[2026-09-08T13:48:30.103+0000] {processor.py:183} INFO - Processing /home/airflow/.local/lib/python3.8/site-packages/airflow/example_dags/example_datasets.py took 0.389 seconds
[2026-09-08T13:49:00.261+0000] {processor.py:161} INFO - Started process (PID=578) to work on /home/airflow/.local/lib/python3.8/site-packages/airflow/example_dags/example_datasets.py
[2026-09-08T13:49:00.266+0000] {processor.py:830} INFO - Processing file /home/airflow/.local/lib/python3.8/site-packages/airflow/example_dags/example_datasets.py for tasks to queue
[2026-09-08T13:49:00.274+0000] {logging_mixin.py:188} INFO - [2026-09-08T13:49:00.273+0000] {dagbag.py:540} INFO - Filling up the DagBag from /home/airflow/.local/lib/python3.8/site-packages/airflow/example_dags/example_datasets.py
[2026-09-08T13:49:00.306+0000] {processor.py:840} INFO - DAG(s) 'dataset_consumes_1_and_2', 'dataset_consumes_1_never_scheduled', 'dataset_produces_1', 'dataset_consumes_1', 'dataset_produces_2', 'dataset_consumes_unknown_never_scheduled' retrieved from /home/airflow/.local/lib/python3.8/site-packages/airflow/example_dags/example_datasets.py
[2026-09-08T13:49:00.376+0000] {logging_mixin.py:188} INFO - [2026-09-08T13:49:00.375+0000] {dag.py:3047} INFO - Sync 6 DAGs
[2026-09-08T13:49:00.424+0000] {logging_mixin.py:188} INFO - [2026-09-08T13:49:00.424+0000] {dag.py:3834} INFO - Setting next_dagrun for dataset_consumes_1 to None, run_after=None
[2026-09-08T13:49:00.433+0000] {logging_mixin.py:188} INFO - [2026-09-08T13:49:00.433+0000] {dag.py:3834} INFO - Setting next_dagrun for dataset_consumes_1_and_2 to None, run_after=None
[2026-09-08T13:49:00.436+0000] {logging_mixin.py:188} INFO - [2026-09-08T13:49:00.435+0000] {dag.py:3834} INFO - Setting next_dagrun for dataset_consumes_1_never_scheduled to None, run_after=None
[2026-09-08T13:49:00.438+0000] {logging_mixin.py:188} INFO - [2026-09-08T13:49:00.438+0000] {dag.py:3834} INFO - Setting next_dagrun for dataset_consumes_unknown_never_scheduled to None, run_after=None
[2026-09-08T13:49:00.443+0000] {logging_mixin.py:188} INFO - [2026-09-08T13:49:00.442+0000] {dag.py:3834} INFO - Setting next_dagrun for dataset_produces_1 to 2026-09-07 00:00:00+00:00, run_after=2026-09-08 00:00:00+00:00
[2026-09-08T13:49:00.445+0000] {logging_mixin.py:188} INFO - [2026-09-08T13:49:00.445+0000] {dag.py:3834} INFO - Setting next_dagrun for dataset_produces_2 to None, run_after=None
[2026-09-08T13:49:00.491+0000] {processor.py:183} INFO - Processing /home/airflow/.local/lib/python3.8/site-packages/airflow/example_dags/example_datasets.py took 0.247 seconds
[2026-09-08T13:49:30.896+0000] {processor.py:161} INFO - Started process (PID=635) to work on /home/airflow/.local/lib/python3.8/site-packages/airflow/example_dags/example_datasets.py
[2026-09-08T13:49:30.898+0000] {processor.py:830} INFO - Processing file /home/airflow/.local/lib/python3.8/site-packages/airflow/example_dags/example_datasets.py for tasks to queue
[2026-09-08T13:49:30.902+0000] {logging_mixin.py:188} INFO - [2026-09-08T13:49:30.902+0000] {dagbag.py:540} INFO - Filling up the DagBag from /home/airflow/.local/lib/python3.8/site-packages/airflow/example_dags/example_datasets.py
[2026-09-08T13:49:30.917+0000] {processor.py:840} INFO - DAG(s) 'dataset_consumes_1_never_scheduled', 'dataset_produces_1', 'dataset_consumes_1_and_2', 'dataset_produces_2', 'dataset_consumes_1', 'dataset_consumes_unknown_never_scheduled' retrieved from /home/airflow/.local/lib/python3.8/site-packages/airflow/example_dags/example_datasets.py
[2026-09-08T13:49:30.969+0000] {logging_mixin.py:188} INFO - [2026-09-08T13:49:30.969+0000] {dag.py:3047} INFO - Sync 6 DAGs
[2026-09-08T13:49:30.998+0000] {logging_mixin.py:188} INFO - [2026-09-08T13:49:30.998+0000] {dag.py:3834} INFO - Setting next_dagrun for dataset_consumes_1 to None, run_after=None
[2026-09-08T13:49:31.004+0000] {logging_mixin.py:188} INFO - [2026-09-08T13:49:31.003+0000] {dag.py:3834} INFO - Setting next_dagrun for dataset_consumes_1_and_2 to None, run_after=None
[2026-09-08T13:49:31.007+0000] {logging_mixin.py:188} INFO - [2026-09-08T13:49:31.006+0000] {dag.py:3834} INFO - Setting next_dagrun for dataset_consumes_1_never_scheduled to None, run_after=None
[2026-09-08T13:49:31.010+0000] {logging_mixin.py:188} INFO - [2026-09-08T13:49:31.010+0000] {dag.py:3834} INFO - Setting next_dagrun for dataset_consumes_unknown_never_scheduled to None, run_after=None
[2026-09-08T13:49:31.016+0000] {logging_mixin.py:188} INFO - [2026-09-08T13:49:31.016+0000] {dag.py:3834} INFO - Setting next_dagrun for dataset_produces_1 to 2026-09-07 00:00:00+00:00, run_after=2026-09-08 00:00:00+00:00
[2026-09-08T13:49:31.019+0000] {logging_mixin.py:188} INFO - [2026-09-08T13:49:31.018+0000] {dag.py:3834} INFO - Setting next_dagrun for dataset_produces_2 to None, run_after=None
[2026-09-08T13:49:31.062+0000] {processor.py:183} INFO - Processing /home/airflow/.local/lib/python3.8/site-packages/airflow/example_dags/example_datasets.py took 0.172 seconds
[2026-09-08T13:50:01.378+0000] {processor.py:161} INFO - Started process (PID=692) to work on /home/airflow/.local/lib/python3.8/site-packages/airflow/example_dags/example_datasets.py
[2026-09-08T13:50:01.380+0000] {processor.py:830} INFO - Processing file /home/airflow/.local/lib/python3.8/site-packages/airflow/example_dags/example_datasets.py for tasks to queue
[2026-09-08T13:50:01.383+0000] {logging_mixin.py:188} INFO - [2026-09-08T13:50:01.382+0000] {dagbag.py:540} INFO - Filling up the DagBag from /home/airflow/.local/lib/python3.8/site-packages/airflow/example_dags/example_datasets.py
[2026-09-08T13:50:01.400+0000] {processor.py:840} INFO - DAG(s) 'dataset_produces_2', 'dataset_consumes_1', 'dataset_consumes_unknown_never_scheduled', 'dataset_consumes_1_and_2', 'dataset_consumes_1_never_scheduled', 'dataset_produces_1' retrieved from /home/airflow/.local/lib/python3.8/site-packages/airflow/example_dags/example_datasets.py
[2026-09-08T13:50:01.467+0000] {logging_mixin.py:188} INFO - [2026-09-08T13:50:01.467+0000] {dag.py:3047} INFO - Sync 6 DAGs
[2026-09-08T13:50:01.504+0000] {logging_mixin.py:188} INFO - [2026-09-08T13:50:01.504+0000] {dag.py:3834} INFO - Setting next_dagrun for dataset_consumes_1 to None, run_after=None
[2026-09-08T13:50:01.512+0000] {logging_mixin.py:188} INFO - [2026-09-08T13:50:01.512+0000] {dag.py:3834} INFO - Setting next_dagrun for dataset_consumes_1_and_2 to None, run_after=None
[2026-09-08T13:50:01.516+0000] {logging_mixin.py:188} INFO - [2026-09-08T13:50:01.516+0000] {dag.py:3834} INFO - Setting next_dagrun for dataset_consumes_1_never_scheduled to None, run_after=None
[2026-09-08T13:50:01.519+0000] {logging_mixin.py:188} INFO - [2026-09-08T13:50:01.518+0000] {dag.py:3834} INFO - Setting next_dagrun for dataset_consumes_unknown_never_scheduled to None, run_after=None
[2026-09-08T13:50:01.527+0000] {logging_mixin.py:188} INFO - [2026-09-08T13:50:01.527+0000] {dag.py:3834} INFO - Setting next_dagrun for dataset_produces_1 to 2026-09-07 00:00:00+00:00, run_after=2026-09-08 00:00:00+00:00
[2026-09-08T13:50:01.531+0000] {logging_mixin.py:188} INFO - [2026-09-08T13:50:01.530+0000] {dag.py:3834} INFO - Setting next_dagrun for dataset_produces_2 to None, run_after=None
[2026-09-08T13:50:01.604+0000] {processor.py:183} INFO - Processing /home/airflow/.local/lib/python3.8/site-packages/airflow/example_dags/example_datasets.py took 0.232 seconds
[2026-09-08T13:50:32.598+0000] {processor.py:161} INFO - Started process (PID=749) to work on /home/airflow/.local/lib/python3.8/site-packages/airflow/example_dags/example_datasets.py
[2026-09-08T13:50:32.601+0000] {processor.py:830} INFO - Processing file /home/airflow/.local/lib/python3.8/site-packages/airflow/example_dags/example_datasets.py for tasks to queue
[2026-09-08T13:50:32.607+0000] {logging_mixin.py:188} INFO - [2026-09-08T13:50:32.607+0000] {dagbag.py:540} INFO - Filling up the DagBag from /home/airflow/.local/lib/python3.8/site-packages/airflow/example_dags/example_datasets.py
[2026-09-08T13:50:32.626+0000] {processor.py:840} INFO - DAG(s) 'dataset_consumes_1_never_scheduled', 'dataset_consumes_1_and_2', 'dataset_produces_2', 'dataset_consumes_unknown_never_scheduled', 'dataset_produces_1', 'dataset_consumes_1' retrieved from /home/airflow/.local/lib/python3.8/site-packages/airflow/example_dags/example_datasets.py
[2026-09-08T13:50:32.680+0000] {logging_mixin.py:188} INFO - [2026-09-08T13:50:32.680+0000] {dag.py:3047} INFO - Sync 6 DAGs
[2026-09-08T13:50:32.719+0000] {logging_mixin.py:188} INFO - [2026-09-08T13:50:32.716+0000] {dag.py:3834} INFO - Setting next_dagrun for dataset_consumes_1 to None, run_after=None
[2026-09-08T13:50:32.727+0000] {logging_mixin.py:188} INFO - [2026-09-08T13:50:32.727+0000] {dag.py:3834} INFO - Setting next_dagrun for dataset_consumes_1_and_2 to None, run_after=None
[2026-09-08T13:50:32.729+0000] {logging_mixin.py:188} INFO - [2026-09-08T13:50:32.729+0000] {dag.py:3834} INFO - Setting next_dagrun for dataset_consumes_1_never_scheduled to None, run_after=None
[2026-09-08T13:50:32.731+0000] {logging_mixin.py:188} INFO - [2026-09-08T13:50:32.731+0000] {dag.py:3834} INFO - Setting next_dagrun for dataset_consumes_unknown_never_scheduled to None, run_after=None
[2026-09-08T13:50:32.741+0000] {logging_mixin.py:188} INFO - [2026-09-08T13:50:32.740+0000] {dag.py:3834} INFO - Setting next_dagrun for dataset_produces_1 to 2026-09-07 00:00:00+00:00, run_after=2026-09-08 00:00:00+00:00
[2026-09-08T13:50:32.744+0000] {logging_mixin.py:188} INFO - [2026-09-08T13:50:32.743+0000] {dag.py:3834} INFO - Setting next_dagrun for dataset_produces_2 to None, run_after=None
[2026-09-08T13:50:32.798+0000] {processor.py:183} INFO - Processing /home/airflow/.local/lib/python3.8/site-packages/airflow/example_dags/example_datasets.py took 0.203 seconds
[2026-09-08T13:51:02.844+0000] {processor.py:161} INFO - Started process (PID=805) to work on /home/airflow/.local/lib/python3.8/site-packages/airflow/example_dags/example_datasets.py
[2026-09-08T13:51:02.845+0000] {processor.py:830} INFO - Processing file /home/airflow/.local/lib/python3.8/site-packages/airflow/example_dags/example_datasets.py for tasks to queue
[2026-09-08T13:51:02.848+0000] {logging_mixin.py:188} INFO - [2026-09-08T13:51:02.848+0000] {dagbag.py:540} INFO - Filling up the DagBag from /home/airflow/.local/lib/python3.8/site-packages/airflow/example_dags/example_datasets.py
[2026-09-08T13:51:02.858+0000] {processor.py:840} INFO - DAG(s) 'dataset_consumes_1', 'dataset_consumes_unknown_never_scheduled', 'dataset_consumes_1_and_2', 'dataset_produces_2', 'dataset_produces_1', 'dataset_consumes_1_never_scheduled' retrieved from /home/airflow/.local/lib/python3.8/site-packages/airflow/example_dags/example_datasets.py
[2026-09-08T13:51:02.912+0000] {logging_mixin.py:188} INFO - [2026-09-08T13:51:02.911+0000] {dag.py:3047} INFO - Sync 6 DAGs
[2026-09-08T13:51:02.942+0000] {logging_mixin.py:188} INFO - [2026-09-08T13:51:02.942+0000] {dag.py:3834} INFO - Setting next_dagrun for dataset_consumes_1 to None, run_after=None
[2026-09-08T13:51:02.949+0000] {logging_mixin.py:188} INFO - [2026-09-08T13:51:02.948+0000] {dag.py:3834} INFO - Setting next_dagrun for dataset_consumes_1_and_2 to None, run_after=None
[2026-09-08T13:51:02.952+0000] {logging_mixin.py:188} INFO - [2026-09-08T13:51:02.952+0000] {dag.py:3834} INFO - Setting next_dagrun for dataset_consumes_1_never_scheduled to None, run_after=None
[2026-09-08T13:51:02.955+0000] {logging_mixin.py:188} INFO - [2026-09-08T13:51:02.954+0000] {dag.py:3834} INFO - Setting next_dagrun for dataset_consumes_unknown_never_scheduled to None, run_after=None
[2026-09-08T13:51:02.958+0000] {logging_mixin.py:188} INFO - [2026-09-08T13:51:02.958+0000] {dag.py:3834} INFO - Setting next_dagrun for dataset_produces_1 to 2026-09-07 00:00:00+00:00, run_after=2026-09-08 00:00:00+00:00
[2026-09-08T13:51:02.961+0000] {logging_mixin.py:188} INFO - [2026-09-08T13:51:02.960+0000] {dag.py:3834} INFO - Setting next_dagrun for dataset_produces_2 to None, run_after=None
[2026-09-08T13:51:03.003+0000] {processor.py:183} INFO - Processing /home/airflow/.local/lib/python3.8/site-packages/airflow/example_dags/example_datasets.py took 0.164 seconds
[2026-09-08T13:51:33.422+0000] {processor.py:161} INFO - Started process (PID=863) to work on /home/airflow/.local/lib/python3.8/site-packages/airflow/example_dags/example_datasets.py
[2026-09-08T13:51:33.424+0000] {processor.py:830} INFO - Processing file /home/airflow/.local/lib/python3.8/site-packages/airflow/example_dags/example_datasets.py for tasks to queue
[2026-09-08T13:51:33.427+0000] {logging_mixin.py:188} INFO - [2026-09-08T13:51:33.426+0000] {dagbag.py:540} INFO - Filling up the DagBag from /home/airflow/.local/lib/python3.8/site-packages/airflow/example_dags/example_datasets.py
[2026-09-08T13:51:33.439+0000] {processor.py:840} INFO - DAG(s) 'dataset_produces_1', 'dataset_consumes_1_never_scheduled', 'dataset_produces_2', 'dataset_consumes_1', 'dataset_consumes_unknown_never_scheduled', 'dataset_consumes_1_and_2' retrieved from /home/airflow/.local/lib/python3.8/site-packages/airflow/example_dags/example_datasets.py
[2026-09-08T13:51:33.480+0000] {logging_mixin.py:188} INFO - [2026-09-08T13:51:33.480+0000] {dag.py:3047} INFO - Sync 6 DAGs
[2026-09-08T13:51:33.506+0000] {logging_mixin.py:188} INFO - [2026-09-08T13:51:33.505+0000] {dag.py:3834} INFO - Setting next_dagrun for dataset_consumes_1 to None, run_after=None
[2026-09-08T13:51:33.513+0000] {logging_mixin.py:188} INFO - [2026-09-08T13:51:33.513+0000] {dag.py:3834} INFO - Setting next_dagrun for dataset_consumes_1_and_2 to None, run_after=None
[2026-09-08T13:51:33.516+0000] {logging_mixin.py:188} INFO - [2026-09-08T13:51:33.516+0000] {dag.py:3834} INFO - Setting next_dagrun for dataset_consumes_1_never_scheduled to None, run_after=None
[2026-09-08T13:51:33.520+0000] {logging_mixin.py:188} INFO - [2026-09-08T13:51:33.519+0000] {dag.py:3834} INFO - Setting next_dagrun for dataset_consumes_unknown_never_scheduled to None, run_after=None
[2026-09-08T13:51:33.524+0000] {logging_mixin.py:188} INFO - [2026-09-08T13:51:33.524+0000] {dag.py:3834} INFO - Setting next_dagrun for dataset_produces_1 to 2026-09-07 00:00:00+00:00, run_after=2026-09-08 00:00:00+00:00
[2026-09-08T13:51:33.527+0000] {logging_mixin.py:188} INFO - [2026-09-08T13:51:33.526+0000] {dag.py:3834} INFO - Setting next_dagrun for dataset_produces_2 to None, run_after=None
[2026-09-08T13:51:33.566+0000] {processor.py:183} INFO - Processing /home/airflow/.local/lib/python3.8/site-packages/airflow/example_dags/example_datasets.py took 0.148 seconds
[2026-09-08T13:52:04.353+0000] {processor.py:161} INFO - Started process (PID=920) to work on /home/airflow/.local/lib/python3.8/site-packages/airflow/example_dags/example_datasets.py
[2026-09-08T13:52:04.355+0000] {processor.py:830} INFO - Processing file /home/airflow/.local/lib/python3.8/site-packages/airflow/example_dags/example_datasets.py for tasks to queue
[2026-09-08T13:52:04.360+0000] {logging_mixin.py:188} INFO - [2026-09-08T13:52:04.359+0000] {dagbag.py:540} INFO - Filling up the DagBag from /home/airflow/.local/lib/python3.8/site-packages/airflow/example_dags/example_datasets.py
[2026-09-08T13:52:04.374+0000] {processor.py:840} INFO - DAG(s) 'dataset_consumes_1_and_2', 'dataset_produces_2', 'dataset_produces_1', 'dataset_consumes_unknown_never_scheduled', 'dataset_consumes_1_never_scheduled', 'dataset_consumes_1' retrieved from /home/airflow/.local/lib/python3.8/site-packages/airflow/example_dags/example_datasets.py
[2026-09-08T13:52:04.424+0000] {logging_mixin.py:188} INFO - [2026-09-08T13:52:04.423+0000] {dag.py:3047} INFO - Sync 6 DAGs
[2026-09-08T13:52:04.452+0000] {logging_mixin.py:188} INFO - [2026-09-08T13:52:04.451+0000] {dag.py:3834} INFO - Setting next_dagrun for dataset_consumes_1 to None, run_after=None
[2026-09-08T13:52:04.459+0000] {logging_mixin.py:188} INFO - [2026-09-08T13:52:04.458+0000] {dag.py:3834} INFO - Setting next_dagrun for dataset_consumes_1_and_2 to None, run_after=None
[2026-09-08T13:52:04.462+0000] {logging_mixin.py:188} INFO - [2026-09-08T13:52:04.462+0000] {dag.py:3834} INFO - Setting next_dagrun for dataset_consumes_1_never_scheduled to None, run_after=None
[2026-09-08T13:52:04.465+0000] {logging_mixin.py:188} INFO - [2026-09-08T13:52:04.464+0000] {dag.py:3834} INFO - Setting next_dagrun for dataset_consumes_unknown_never_scheduled to None, run_after=None
[2026-09-08T13:52:04.468+0000] {logging_mixin.py:188} INFO - [2026-09-08T13:52:04.468+0000] {dag.py:3834} INFO - Setting next_dagrun for dataset_produces_1 to 2026-09-07 00:00:00+00:00, run_after=2026-09-08 00:00:00+00:00
[2026-09-08T13:52:04.471+0000] {logging_mixin.py:188} INFO - [2026-09-08T13:52:04.471+0000] {dag.py:3834} INFO - Setting next_dagrun for dataset_produces_2 to None, run_after=None
[2026-09-08T13:52:04.509+0000] {processor.py:183} INFO - Processing /home/airflow/.local/lib/python3.8/site-packages/airflow/example_dags/example_datasets.py took 0.160 seconds
[2026-09-08T13:52:34.644+0000] {processor.py:161} INFO - Started process (PID=976) to work on /home/airflow/.local/lib/python3.8/site-packages/airflow/example_dags/example_datasets.py
[2026-09-08T13:52:34.646+0000] {processor.py:830} INFO - Processing file /home/airflow/.local/lib/python3.8/site-packages/airflow/example_dags/example_datasets.py for tasks to queue
[2026-09-08T13:52:34.649+0000] {logging_mixin.py:188} INFO - [2026-09-08T13:52:34.649+0000] {dagbag.py:540} INFO - Filling up the DagBag from /home/airflow/.local/lib/python3.8/site-packages/airflow/example_dags/example_datasets.py
[2026-09-08T13:52:34.663+0000] {processor.py:840} INFO - DAG(s) 'dataset_produces_1', 'dataset_consumes_1_never_scheduled', 'dataset_consumes_unknown_never_scheduled', 'dataset_consumes_1_and_2', 'dataset_consumes_1', 'dataset_produces_2' retrieved from /home/airflow/.local/lib/python3.8/site-packages/airflow/example_dags/example_datasets.py
[2026-09-08T13:52:34.719+0000] {logging_mixin.py:188} INFO - [2026-09-08T13:52:34.719+0000] {dag.py:3047} INFO - Sync 6 DAGs
[2026-09-08T13:52:34.752+0000] {logging_mixin.py:188} INFO - [2026-09-08T13:52:34.751+0000] {dag.py:3834} INFO - Setting next_dagrun for dataset_consumes_1 to None, run_after=None
[2026-09-08T13:52:34.757+0000] {logging_mixin.py:188} INFO - [2026-09-08T13:52:34.757+0000] {dag.py:3834} INFO - Setting next_dagrun for dataset_consumes_1_and_2 to None, run_after=None
[2026-09-08T13:52:34.760+0000] {logging_mixin.py:188} INFO - [2026-09-08T13:52:34.760+0000] {dag.py:3834} INFO - Setting next_dagrun for dataset_consumes_1_never_scheduled to None, run_after=None
[2026-09-08T13:52:34.763+0000] {logging_mixin.py:188} INFO - [2026-09-08T13:52:34.762+0000] {dag.py:3834} INFO - Setting next_dagrun for dataset_consumes_unknown_never_scheduled to None, run_after=None
[2026-09-08T13:52:34.766+0000] {logging_mixin.py:188} INFO - [2026-09-08T13:52:34.766+0000] {dag.py:3834} INFO - Setting next_dagrun for dataset_produces_1 to 2026-09-07 00:00:00+00:00, run_after=2026-09-08 00:00:00+00:00
[2026-09-08T13:52:34.768+0000] {logging_mixin.py:188} INFO - [2026-09-08T13:52:34.768+0000] {dag.py:3834} INFO - Setting next_dagrun for dataset_produces_2 to None, run_after=None
[2026-09-08T13:52:34.811+0000] {processor.py:183} INFO - Processing /home/airflow/.local/lib/python3.8/site-packages/airflow/example_dags/example_datasets.py took 0.174 seconds
