[2026-09-08T13:44:44.479+0000] {processor.py:161} INFO - Started process (PID=89) to work on /home/airflow/.local/lib/python3.8/site-packages/airflow/example_dags/tutorial.py
[2026-09-08T13:44:44.486+0000] {processor.py:830} INFO - Processing file /home/airflow/.local/lib/python3.8/site-packages/airflow/example_dags/tutorial.py for tasks to queue
[2026-09-08T13:44:44.494+0000] {logging_mixin.py:188} INFO - [2026-09-08T13:44:44.492+0000] {dagbag.py:540} INFO - Filling up the DagBag from /home/airflow/.local/lib/python3.8/site-packages/airflow/example_dags/tutorial.py
[2026-09-08T13:44:44.518+0000] {processor.py:840} INFO - DAG(s) 'tutorial' retrieved from /home/airflow/.local/lib/python3.8/site-packages/airflow/example_dags/tutorial.py
[2026-09-08T13:44:44.561+0000] {logging_mixin.py:188} INFO - [2026-09-08T13:44:44.560+0000] {dag.py:3047} INFO - Sync 1 DAGs
[2026-09-08T13:44:44.641+0000] {logging_mixin.py:188} INFO - [2026-09-08T13:44:44.640+0000] {dag.py:3834} INFO - Setting next_dagrun for tutorial to 2026-09-07 00:00:00+00:00, run_after=2026-09-08 00:00:00+00:00
[2026-09-08T13:44:44.706+0000] {processor.py:183} INFO - Processing /home/airflow/.local/lib/python3.8/site-packages/airflow/example_dags/tutorial.py took 0.244 seconds
[2026-09-08T13:45:14.955+0000] {processor.py:161} INFO - Started process (PID=146) to work on /home/airflow/.local/lib/python3.8/site-packages/airflow/example_dags/tutorial.py
[2026-09-08T13:45:14.957+0000] {processor.py:830} INFO - Processing file /home/airflow/.local/lib/python3.8/site-packages/airflow/example_dags/tutorial.py for tasks to queue
[2026-09-08T13:45:14.960+0000] {logging_mixin.py:188} INFO - [2026-09-08T13:45:14.960+0000] {dagbag.py:540} INFO - Filling up the DagBag from /home/airflow/.local/lib/python3.8/site-packages/airflow/example_dags/tutorial.py
[2026-09-08T13:45:14.967+0000] {processor.py:840} INFO - DAG(s) 'tutorial' retrieved from /home/airflow/.local/lib/python3.8/site-packages/airflow/example_dags/tutorial.py
[2026-09-08T13:45:15.132+0000] {logging_mixin.py:188} INFO - [2026-09-08T13:45:15.132+0000] {dag.py:3047} INFO - Sync 1 DAGs
[2026-09-08T13:45:15.166+0000] {logging_mixin.py:188} INFO - [2026-09-08T13:45:15.166+0000] {dag.py:3834} INFO - Setting next_dagrun for tutorial to 2026-09-07 00:00:00+00:00, run_after=2026-09-08 00:00:00+00:00
[2026-09-08T13:45:15.197+0000] {processor.py:183} INFO - Processing /home/airflow/.local/lib/python3.8/site-packages/airflow/example_dags/tutorial.py took 0.248 seconds
[2026-09-08T13:45:47.281+0000] {processor.py:161} INFO - Started process (PID=203) to work on /home/airflow/.local/lib/python3.8/site-packages/airflow/example_dags/tutorial.py
[2026-09-08T13:45:47.292+0000] {processor.py:830} INFO - Processing file /home/airflow/.local/lib/python3.8/site-packages/airflow/example_dags/tutorial.py for tasks to queue
[2026-09-08T13:45:47.296+0000] {logging_mixin.py:188} INFO - [2026-09-08T13:45:47.296+0000] {dagbag.py:540} INFO - Filling up the DagBag from /home/airflow/.local/lib/python3.8/site-packages/airflow/example_dags/tutorial.py
[2026-09-08T13:45:47.326+0000] {processor.py:840} INFO - DAG(s) 'tutorial' retrieved from /home/airflow/.local/lib/python3.8/site-packages/airflow/example_dags/tutorial.py
[2026-09-08T13:45:47.394+0000] {logging_mixin.py:188} INFO - [2026-09-08T13:45:47.393+0000] {dag.py:3047} INFO - Sync 1 DAGs
[2026-09-08T13:45:47.493+0000] {logging_mixin.py:188} INFO - [2026-09-08T13:45:47.493+0000] {dag.py:3834} INFO - Setting next_dagrun for tutorial to 2026-09-07 00:00:00+00:00, run_after=2026-09-08 00:00:00+00:00
[2026-09-08T13:45:47.561+0000] {processor.py:183} INFO - Processing /home/airflow/.local/lib/python3.8/site-packages/airflow/example_dags/tutorial.py took 0.289 seconds
[2026-09-08T13:46:18.057+0000] {processor.py:161} INFO - Started process (PID=265) to work on /home/airflow/.local/lib/python3.8/site-packages/airflow/example_dags/tutorial.py
[2026-09-08T13:46:18.059+0000] {processor.py:830} INFO - Processing file /home/airflow/.local/lib/python3.8/site-packages/airflow/example_dags/tutorial.py for tasks to queue
[2026-09-08T13:46:18.062+0000] {logging_mixin.py:188} INFO - [2026-09-08T13:46:18.062+0000] {dagbag.py:540} INFO - Filling up the DagBag from /home/airflow/.local/lib/python3.8/site-packages/airflow/example_dags/tutorial.py
[2026-09-08T13:46:18.075+0000] {processor.py:840} INFO - DAG(s) 'tutorial' retrieved from /home/airflow/.local/lib/python3.8/site-packages/airflow/example_dags/tutorial.py
[2026-09-08T13:46:18.111+0000] {logging_mixin.py:188} INFO - [2026-09-08T13:46:18.110+0000] {dag.py:3047} INFO - Sync 1 DAGs
[2026-09-08T13:46:18.147+0000] {logging_mixin.py:188} INFO - [2026-09-08T13:46:18.147+0000] {dag.py:3834} INFO - Setting next_dagrun for tutorial to 2026-09-07 00:00:00+00:00, run_after=2026-09-08 00:00:00+00:00
[2026-09-08T13:46:18.187+0000] {processor.py:183} INFO - Processing /home/airflow/.local/lib/python3.8/site-packages/airflow/example_dags/tutorial.py took 0.136 seconds
[2026-09-08T13:46:48.879+0000] {processor.py:161} INFO - Started process (PID=322) to work on /home/airflow/.local/lib/python3.8/site-packages/airflow/example_dags/tutorial.py
[2026-09-08T13:46:48.910+0000] {processor.py:830} INFO - Processing file /home/airflow/.local/lib/python3.8/site-packages/airflow/example_dags/tutorial.py for tasks to queue
[2026-09-08T13:46:48.914+0000] {logging_mixin.py:188} INFO - [2026-09-08T13:46:48.914+0000] {dagbag.py:540} INFO - Filling up the DagBag from /home/airflow/.local/lib/python3.8/site-packages/airflow/example_dags/tutorial.py
[2026-09-08T13:46:48.922+0000] {processor.py:840} INFO - DAG(s) 'tutorial' retrieved from /home/airflow/.local/lib/python3.8/site-packages/airflow/example_dags/tutorial.py
[2026-09-08T13:46:48.952+0000] {logging_mixin.py:188} INFO - [2026-09-08T13:46:48.951+0000] {dag.py:3047} INFO - Sync 1 DAGs
[2026-09-08T13:46:48.976+0000] {logging_mixin.py:188} INFO - [2026-09-08T13:46:48.976+0000] {dag.py:3834} INFO - Setting next_dagrun for tutorial to 2026-09-07 00:00:00+00:00, run_after=2026-09-08 00:00:00+00:00
[2026-09-08T13:46:49.003+0000] {processor.py:183} INFO - Processing /home/airflow/.local/lib/python3.8/site-packages/airflow/example_dags/tutorial.py took 0.128 seconds
[2026-09-08T13:47:19.242+0000] {processor.py:161} INFO - Started process (PID=383) to work on /home/airflow/.local/lib/python3.8/site-packages/airflow/example_dags/tutorial.py
[2026-09-08T13:47:19.244+0000] {processor.py:830} INFO - Processing file /home/airflow/.local/lib/python3.8/site-packages/airflow/example_dags/tutorial.py for tasks to queue
[2026-09-08T13:47:19.247+0000] {logging_mixin.py:188} INFO - [2026-09-08T13:47:19.247+0000] {dagbag.py:540} INFO - Filling up the DagBag from /home/airflow/.local/lib/python3.8/site-packages/airflow/example_dags/tutorial.py
[2026-09-08T13:47:19.257+0000] {processor.py:840} INFO - DAG(s) 'tutorial' retrieved from /home/airflow/.local/lib/python3.8/site-packages/airflow/example_dags/tutorial.py
[2026-09-08T13:47:19.297+0000] {logging_mixin.py:188} INFO - [2026-09-08T13:47:19.296+0000] {dag.py:3047} INFO - Sync 1 DAGs
[2026-09-08T13:47:19.329+0000] {logging_mixin.py:188} INFO - [2026-09-08T13:47:19.329+0000] {dag.py:3834} INFO - Setting next_dagrun for tutorial to 2026-09-07 00:00:00+00:00, run_after=2026-09-08 00:00:00+00:00
[2026-09-08T13:47:19.354+0000] {processor.py:183} INFO - Processing /home/airflow/.local/lib/python3.8/site-packages/airflow/example_dags/tutorial.py took 0.117 seconds
[2026-09-08T13:47:49.803+0000] {processor.py:161} INFO - Started process (PID=440) to work on /home/airflow/.local/lib/python3.8/site-packages/airflow/example_dags/tutorial.py
[2026-09-08T13:47:49.805+0000] {processor.py:830} INFO - Processing file /home/airflow/.local/lib/python3.8/site-packages/airflow/example_dags/tutorial.py for tasks to queue
[2026-09-08T13:47:49.810+0000] {logging_mixin.py:188} INFO - [2026-09-08T13:47:49.810+0000] {dagbag.py:540} INFO - Filling up the DagBag from /home/airflow/.local/lib/python3.8/site-packages/airflow/example_dags/tutorial.py
[2026-09-08T13:47:49.819+0000] {processor.py:840} INFO - DAG(s) 'tutorial' retrieved from /home/airflow/.local/lib/python3.8/site-packages/airflow/example_dags/tutorial.py
[2026-09-08T13:47:49.851+0000] {logging_mixin.py:188} INFO - [2026-09-08T13:47:49.851+0000] {dag.py:3047} INFO - Sync 1 DAGs
[2026-09-08T13:47:49.885+0000] {logging_mixin.py:188} INFO - [2026-09-08T13:47:49.885+0000] {dag.py:3834} INFO - Setting next_dagrun for tutorial to 2026-09-07 00:00:00+00:00, run_after=2026-09-08 00:00:00+00:00
[2026-09-08T13:47:49.912+0000] {processor.py:183} INFO - Processing /home/airflow/.local/lib/python3.8/site-packages/airflow/example_dags/tutorial.py took 0.113 seconds
[2026-09-08T13:48:20.715+0000] {processor.py:161} INFO - Started process (PID=497) to work on /home/airflow/.local/lib/python3.8/site-packages/airflow/example_dags/tutorial.py
[2026-09-08T13:48:20.717+0000] {processor.py:830} INFO - Processing file /home/airflow/.local/lib/python3.8/site-packages/airflow/example_dags/tutorial.py for tasks to queue
[2026-09-08T13:48:20.729+0000] {logging_mixin.py:188} INFO - [2026-09-08T13:48:20.729+0000] {dagbag.py:540} INFO - Filling up the DagBag from /home/airflow/.local/lib/python3.8/site-packages/airflow/example_dags/tutorial.py
[2026-09-08T13:48:20.741+0000] {processor.py:840} INFO - DAG(s) 'tutorial' retrieved from /home/airflow/.local/lib/python3.8/site-packages/airflow/example_dags/tutorial.py
[2026-09-08T13:48:20.913+0000] {logging_mixin.py:188} INFO - [2026-09-08T13:48:20.913+0000] {dag.py:3047} INFO - Sync 1 DAGs
[2026-09-08T13:48:20.939+0000] {logging_mixin.py:188} INFO - [2026-09-08T13:48:20.939+0000] {dag.py:3834} INFO - Setting next_dagrun for tutorial to 2026-09-07 00:00:00+00:00, run_after=2026-09-08 00:00:00+00:00
[2026-09-08T13:48:21.059+0000] {processor.py:183} INFO - Processing /home/airflow/.local/lib/python3.8/site-packages/airflow/example_dags/tutorial.py took 0.355 seconds
[2026-09-08T13:48:51.225+0000] {processor.py:161} INFO - Started process (PID=553) to work on /home/airflow/.local/lib/python3.8/site-packages/airflow/example_dags/tutorial.py
[2026-09-08T13:48:51.227+0000] {processor.py:830} INFO - Processing file /home/airflow/.local/lib/python3.8/site-packages/airflow/example_dags/tutorial.py for tasks to queue
[2026-09-08T13:48:51.230+0000] {logging_mixin.py:188} INFO - [2026-09-08T13:48:51.229+0000] {dagbag.py:540} INFO - Filling up the DagBag from /home/airflow/.local/lib/python3.8/site-packages/airflow/example_dags/tutorial.py
[2026-09-08T13:48:51.239+0000] {processor.py:840} INFO - DAG(s) 'tutorial' retrieved from /home/airflow/.local/lib/python3.8/site-packages/airflow/example_dags/tutorial.py
[2026-09-08T13:48:51.266+0000] {logging_mixin.py:188} INFO - [2026-09-08T13:48:51.266+0000] {dag.py:3047} INFO - Sync 1 DAGs
[2026-09-08T13:48:51.296+0000] {logging_mixin.py:188} INFO - [2026-09-08T13:48:51.296+0000] {dag.py:3834} INFO - Setting next_dagrun for tutorial to 2026-09-07 00:00:00+00:00, run_after=2026-09-08 00:00:00+00:00
[2026-09-08T13:48:51.334+0000] {processor.py:183} INFO - Processing /home/airflow/.local/lib/python3.8/site-packages/airflow/example_dags/tutorial.py took 0.112 seconds
[2026-09-08T13:49:21.937+0000] {processor.py:161} INFO - Started process (PID=609) to work on /home/airflow/.local/lib/python3.8/site-packages/airflow/example_dags/tutorial.py
[2026-09-08T13:49:21.939+0000] {processor.py:830} INFO - Processing file /home/airflow/.local/lib/python3.8/site-packages/airflow/example_dags/tutorial.py for tasks to queue
[2026-09-08T13:49:21.943+0000] {logging_mixin.py:188} INFO - [2026-09-08T13:49:21.942+0000] {dagbag.py:540} INFO - Filling up the DagBag from /home/airflow/.local/lib/python3.8/site-packages/airflow/example_dags/tutorial.py
[2026-09-08T13:49:21.951+0000] {processor.py:840} INFO - DAG(s) 'tutorial' retrieved from /home/airflow/.local/lib/python3.8/site-packages/airflow/example_dags/tutorial.py
[2026-09-08T13:49:21.979+0000] {logging_mixin.py:188} INFO - [2026-09-08T13:49:21.978+0000] {dag.py:3047} INFO - Sync 1 DAGs
[2026-09-08T13:49:22.006+0000] {logging_mixin.py:188} INFO - [2026-09-08T13:49:22.006+0000] {dag.py:3834} INFO - Setting next_dagrun for tutorial to 2026-09-07 00:00:00+00:00, run_after=2026-09-08 00:00:00+00:00
[2026-09-08T13:49:22.029+0000] {processor.py:183} INFO - Processing /home/airflow/.local/lib/python3.8/site-packages/airflow/example_dags/tutorial.py took 0.096 seconds
[2026-09-08T13:49:52.089+0000] {processor.py:161} INFO - Started process (PID=665) to work on /home/airflow/.local/lib/python3.8/site-packages/airflow/example_dags/tutorial.py
[2026-09-08T13:49:52.090+0000] {processor.py:830} INFO - Processing file /home/airflow/.local/lib/python3.8/site-packages/airflow/example_dags/tutorial.py for tasks to queue
[2026-09-08T13:49:52.093+0000] {logging_mixin.py:188} INFO - [2026-09-08T13:49:52.092+0000] {dagbag.py:540} INFO - Filling up the DagBag from /home/airflow/.local/lib/python3.8/site-packages/airflow/example_dags/tutorial.py
[2026-09-08T13:49:52.100+0000] {processor.py:840} INFO - DAG(s) 'tutorial' retrieved from /home/airflow/.local/lib/python3.8/site-packages/airflow/example_dags/tutorial.py
[2026-09-08T13:49:52.123+0000] {logging_mixin.py:188} INFO - [2026-09-08T13:49:52.123+0000] {dag.py:3047} INFO - Sync 1 DAGs
[2026-09-08T13:49:52.147+0000] {logging_mixin.py:188} INFO - [2026-09-08T13:49:52.147+0000] {dag.py:3834} INFO - Setting next_dagrun for tutorial to 2026-09-07 00:00:00+00:00, run_after=2026-09-08 00:00:00+00:00
[2026-09-08T13:49:52.171+0000] {processor.py:183} INFO - Processing /home/airflow/.local/lib/python3.8/site-packages/airflow/example_dags/tutorial.py took 0.086 seconds
[2026-09-08T13:50:22.399+0000] {processor.py:161} INFO - Started process (PID=722) to work on /home/airflow/.local/lib/python3.8/site-packages/airflow/example_dags/tutorial.py
[2026-09-08T13:50:22.400+0000] {processor.py:830} INFO - Processing file /home/airflow/.local/lib/python3.8/site-packages/airflow/example_dags/tutorial.py for tasks to queue
[2026-09-08T13:50:22.403+0000] {logging_mixin.py:188} INFO - [2026-09-08T13:50:22.402+0000] {dagbag.py:540} INFO - Filling up the DagBag from /home/airflow/.local/lib/python3.8/site-packages/airflow/example_dags/tutorial.py
[2026-09-08T13:50:22.411+0000] {processor.py:840} INFO - DAG(s) 'tutorial' retrieved from /home/airflow/.local/lib/python3.8/site-packages/airflow/example_dags/tutorial.py
[2026-09-08T13:50:22.437+0000] {logging_mixin.py:188} INFO - [2026-09-08T13:50:22.437+0000] {dag.py:3047} INFO - Sync 1 DAGs
[2026-09-08T13:50:22.466+0000] {logging_mixin.py:188} INFO - [2026-09-08T13:50:22.466+0000] {dag.py:3834} INFO - Setting next_dagrun for tutorial to 2026-09-07 00:00:00+00:00, run_after=2026-09-08 00:00:00+00:00
[2026-09-08T13:50:22.492+0000] {processor.py:183} INFO - Processing /home/airflow/.local/lib/python3.8/site-packages/airflow/example_dags/tutorial.py took 0.097 seconds
[2026-09-08T13:50:52.600+0000] {processor.py:161} INFO - Started process (PID=779) to work on /home/airflow/.local/lib/python3.8/site-packages/airflow/example_dags/tutorial.py
[2026-09-08T13:50:52.602+0000] {processor.py:830} INFO - Processing file /home/airflow/.local/lib/python3.8/site-packages/airflow/example_dags/tutorial.py for tasks to queue
[2026-09-08T13:50:52.606+0000] {logging_mixin.py:188} INFO - [2026-09-08T13:50:52.606+0000] {dagbag.py:540} INFO - Filling up the DagBag from /home/airflow/.local/lib/python3.8/site-packages/airflow/example_dags/tutorial.py
[2026-09-08T13:50:52.614+0000] {processor.py:840} INFO - DAG(s) 'tutorial' retrieved from /home/airflow/.local/lib/python3.8/site-packages/airflow/example_dags/tutorial.py
[2026-09-08T13:50:52.640+0000] {logging_mixin.py:188} INFO - [2026-09-08T13:50:52.639+0000] {dag.py:3047} INFO - Sync 1 DAGs
[2026-09-08T13:50:52.666+0000] {logging_mixin.py:188} INFO - [2026-09-08T13:50:52.666+0000] {dag.py:3834} INFO - Setting next_dagrun for tutorial to 2026-09-07 00:00:00+00:00, run_after=2026-09-08 00:00:00+00:00
[2026-09-08T13:50:52.687+0000] {processor.py:183} INFO - Processing /home/airflow/.local/lib/python3.8/site-packages/airflow/example_dags/tutorial.py took 0.092 seconds
[2026-09-08T13:51:22.938+0000] {processor.py:161} INFO - Started process (PID=836) to work on /home/airflow/.local/lib/python3.8/site-packages/airflow/example_dags/tutorial.py
[2026-09-08T13:51:22.940+0000] {processor.py:830} INFO - Processing file /home/airflow/.local/lib/python3.8/site-packages/airflow/example_dags/tutorial.py for tasks to queue
[2026-09-08T13:51:22.943+0000] {logging_mixin.py:188} INFO - [2026-09-08T13:51:22.942+0000] {dagbag.py:540} INFO - Filling up the DagBag from /home/airflow/.local/lib/python3.8/site-packages/airflow/example_dags/tutorial.py
[2026-09-08T13:51:22.949+0000] {processor.py:840} INFO - DAG(s) 'tutorial' retrieved from /home/airflow/.local/lib/python3.8/site-packages/airflow/example_dags/tutorial.py
[2026-09-08T13:51:22.973+0000] {logging_mixin.py:188} INFO - [2026-09-08T13:51:22.973+0000] {dag.py:3047} INFO - Sync 1 DAGs
[2026-09-08T13:51:22.996+0000] {logging_mixin.py:188} INFO - [2026-09-08T13:51:22.996+0000] {dag.py:3834} INFO - Setting next_dagrun for tutorial to 2026-09-07 00:00:00+00:00, run_after=2026-09-08 00:00:00+00:00
[2026-09-08T13:51:23.019+0000] {processor.py:183} INFO - Processing /home/airflow/.local/lib/python3.8/site-packages/airflow/example_dags/tutorial.py took 0.084 seconds
[2026-09-08T13:51:53.138+0000] {processor.py:161} INFO - Started process (PID=893) to work on /home/airflow/.local/lib/python3.8/site-packages/airflow/example_dags/tutorial.py
[2026-09-08T13:51:53.140+0000] {processor.py:830} INFO - Processing file /home/airflow/.local/lib/python3.8/site-packages/airflow/example_dags/tutorial.py for tasks to queue
[2026-09-08T13:51:53.142+0000] {logging_mixin.py:188} INFO - [2026-09-08T13:51:53.142+0000] {dagbag.py:540} INFO - Filling up the DagBag from /home/airflow/.local/lib/python3.8/site-packages/airflow/example_dags/tutorial.py
[2026-09-08T13:51:53.149+0000] {processor.py:840} INFO - DAG(s) 'tutorial' retrieved from /home/airflow/.local/lib/python3.8/site-packages/airflow/example_dags/tutorial.py
[2026-09-08T13:51:53.172+0000] {logging_mixin.py:188} INFO - [2026-09-08T13:51:53.171+0000] {dag.py:3047} INFO - Sync 1 DAGs
[2026-09-08T13:51:53.194+0000] {logging_mixin.py:188} INFO - [2026-09-08T13:51:53.194+0000] {dag.py:3834} INFO - Setting next_dagrun for tutorial to 2026-09-07 00:00:00+00:00, run_after=2026-09-08 00:00:00+00:00
[2026-09-08T13:51:53.218+0000] {processor.py:183} INFO - Processing /home/airflow/.local/lib/python3.8/site-packages/airflow/example_dags/tutorial.py took 0.083 seconds
[2026-09-08T13:52:23.506+0000] {processor.py:161} INFO - Started process (PID=950) to work on /home/airflow/.local/lib/python3.8/site-packages/airflow/example_dags/tutorial.py
[2026-09-08T13:52:23.508+0000] {processor.py:830} INFO - Processing file /home/airflow/.local/lib/python3.8/site-packages/airflow/example_dags/tutorial.py for tasks to queue
[2026-09-08T13:52:23.511+0000] {logging_mixin.py:188} INFO - [2026-09-08T13:52:23.510+0000] {dagbag.py:540} INFO - Filling up the DagBag from /home/airflow/.local/lib/python3.8/site-packages/airflow/example_dags/tutorial.py
[2026-09-08T13:52:23.518+0000] {processor.py:840} INFO - DAG(s) 'tutorial' retrieved from /home/airflow/.local/lib/python3.8/site-packages/airflow/example_dags/tutorial.py
[2026-09-08T13:52:23.539+0000] {logging_mixin.py:188} INFO - [2026-09-08T13:52:23.539+0000] {dag.py:3047} INFO - Sync 1 DAGs
[2026-09-08T13:52:23.564+0000] {logging_mixin.py:188} INFO - [2026-09-08T13:52:23.563+0000] {dag.py:3834} INFO - Setting next_dagrun for tutorial to 2026-09-07 00:00:00+00:00, run_after=2026-09-08 00:00:00+00:00
[2026-09-08T13:52:23.581+0000] {processor.py:183} INFO - Processing /home/airflow/.local/lib/python3.8/site-packages/airflow/example_dags/tutorial.py took 0.079 seconds
