[2026-09-08T13:44:47.323+0000] {processor.py:161} INFO - Started process (PID=101) to work on /home/airflow/.local/lib/python3.8/site-packages/airflow/example_dags/tutorial_taskflow_api.py
[2026-09-08T13:44:47.325+0000] {processor.py:830} INFO - Processing file /home/airflow/.local/lib/python3.8/site-packages/airflow/example_dags/tutorial_taskflow_api.py for tasks to queue
[2026-09-08T13:44:47.331+0000] {logging_mixin.py:188} INFO - [2026-09-08T13:44:47.330+0000] {dagbag.py:540} INFO - Filling up the DagBag from /home/airflow/.local/lib/python3.8/site-packages/airflow/example_dags/tutorial_taskflow_api.py
[2026-09-08T13:44:47.349+0000] {processor.py:840} INFO - DAG(s) 'tutorial_taskflow_api' retrieved from /home/airflow/.local/lib/python3.8/site-packages/airflow/example_dags/tutorial_taskflow_api.py
[2026-09-08T13:44:47.379+0000] {logging_mixin.py:188} INFO - [2026-09-08T13:44:47.379+0000] {dag.py:3047} INFO - Sync 1 DAGs
[2026-09-08T13:44:47.411+0000] {logging_mixin.py:188} INFO - [2026-09-08T13:44:47.410+0000] {dag.py:3834} INFO - Setting next_dagrun for tutorial_taskflow_api to None, run_after=None
[2026-09-08T13:44:47.469+0000] {processor.py:183} INFO - Processing /home/airflow/.local/lib/python3.8/site-packages/airflow/example_dags/tutorial_taskflow_api.py took 0.154 seconds
[2026-09-08T13:45:19.043+0000] {processor.py:161} INFO - Started process (PID=158) to work on /home/airflow/.local/lib/python3.8/site-packages/airflow/example_dags/tutorial_taskflow_api.py
[2026-09-08T13:45:19.046+0000] {processor.py:830} INFO - Processing file /home/airflow/.local/lib/python3.8/site-packages/airflow/example_dags/tutorial_taskflow_api.py for tasks to queue
[2026-09-08T13:45:19.051+0000] {logging_mixin.py:188} INFO - [2026-09-08T13:45:19.050+0000] {dagbag.py:540} INFO - Filling up the DagBag from /home/airflow/.local/lib/python3.8/site-packages/airflow/example_dags/tutorial_taskflow_api.py
[2026-09-08T13:45:19.066+0000] {processor.py:840} INFO - DAG(s) 'tutorial_taskflow_api' retrieved from /home/airflow/.local/lib/python3.8/site-packages/airflow/example_dags/tutorial_taskflow_api.py
[2026-09-08T13:45:19.258+0000] {logging_mixin.py:188} INFO - [2026-09-08T13:45:19.257+0000] {dag.py:3047} INFO - Sync 1 DAGs
[2026-09-08T13:45:19.279+0000] {logging_mixin.py:188} INFO - [2026-09-08T13:45:19.279+0000] {dag.py:3834} INFO - Setting next_dagrun for tutorial_taskflow_api to None, run_after=None
[2026-09-08T13:45:19.317+0000] {processor.py:183} INFO - Processing /home/airflow/.local/lib/python3.8/site-packages/airflow/example_dags/tutorial_taskflow_api.py took 0.281 seconds
[2026-09-08T13:45:49.688+0000] {processor.py:161} INFO - Started process (PID=215) to work on /home/airflow/.local/lib/python3.8/site-packages/airflow/example_dags/tutorial_taskflow_api.py
[2026-09-08T13:45:49.690+0000] {processor.py:830} INFO - Processing file /home/airflow/.local/lib/python3.8/site-packages/airflow/example_dags/tutorial_taskflow_api.py for tasks to queue
[2026-09-08T13:45:49.694+0000] {logging_mixin.py:188} INFO - [2026-09-08T13:45:49.693+0000] {dagbag.py:540} INFO - Filling up the DagBag from /home/airflow/.local/lib/python3.8/site-packages/airflow/example_dags/tutorial_taskflow_api.py
[2026-09-08T13:45:49.716+0000] {processor.py:840} INFO - DAG(s) 'tutorial_taskflow_api' retrieved from /home/airflow/.local/lib/python3.8/site-packages/airflow/example_dags/tutorial_taskflow_api.py
[2026-09-08T13:45:49.790+0000] {logging_mixin.py:188} INFO - [2026-09-08T13:45:49.789+0000] {dag.py:3047} INFO - Sync 1 DAGs
[2026-09-08T13:45:49.849+0000] {logging_mixin.py:188} INFO - [2026-09-08T13:45:49.849+0000] {dag.py:3834} INFO - Setting next_dagrun for tutorial_taskflow_api to None, run_after=None
[2026-09-08T13:45:49.907+0000] {processor.py:183} INFO - Processing /home/airflow/.local/lib/python3.8/site-packages/airflow/example_dags/tutorial_taskflow_api.py took 0.234 seconds
[2026-09-08T13:46:20.231+0000] {processor.py:161} INFO - Started process (PID=277) to work on /home/airflow/.local/lib/python3.8/site-packages/airflow/example_dags/tutorial_taskflow_api.py
[2026-09-08T13:46:20.234+0000] {processor.py:830} INFO - Processing file /home/airflow/.local/lib/python3.8/site-packages/airflow/example_dags/tutorial_taskflow_api.py for tasks to queue
[2026-09-08T13:46:20.237+0000] {logging_mixin.py:188} INFO - [2026-09-08T13:46:20.237+0000] {dagbag.py:540} INFO - Filling up the DagBag from /home/airflow/.local/lib/python3.8/site-packages/airflow/example_dags/tutorial_taskflow_api.py
[2026-09-08T13:46:20.247+0000] {processor.py:840} INFO - DAG(s) 'tutorial_taskflow_api' retrieved from /home/airflow/.local/lib/python3.8/site-packages/airflow/example_dags/tutorial_taskflow_api.py
[2026-09-08T13:46:20.274+0000] {logging_mixin.py:188} INFO - [2026-09-08T13:46:20.274+0000] {dag.py:3047} INFO - Sync 1 DAGs
[2026-09-08T13:46:20.294+0000] {logging_mixin.py:188} INFO - [2026-09-08T13:46:20.294+0000] {dag.py:3834} INFO - Setting next_dagrun for tutorial_taskflow_api to None, run_after=None
[2026-09-08T13:46:20.341+0000] {processor.py:183} INFO - Processing /home/airflow/.local/lib/python3.8/site-packages/airflow/example_dags/tutorial_taskflow_api.py took 0.116 seconds
[2026-09-08T13:46:50.729+0000] {processor.py:161} INFO - Started process (PID=334) to work on /home/airflow/.local/lib/python3.8/site-packages/airflow/example_dags/tutorial_taskflow_api.py
[2026-09-08T13:46:50.733+0000] {processor.py:830} INFO - Processing file /home/airflow/.local/lib/python3.8/site-packages/airflow/example_dags/tutorial_taskflow_api.py for tasks to queue
[2026-09-08T13:46:50.737+0000] {logging_mixin.py:188} INFO - [2026-09-08T13:46:50.736+0000] {dagbag.py:540} INFO - Filling up the DagBag from /home/airflow/.local/lib/python3.8/site-packages/airflow/example_dags/tutorial_taskflow_api.py
[2026-09-08T13:46:50.746+0000] {processor.py:840} INFO - DAG(s) 'tutorial_taskflow_api' retrieved from /home/airflow/.local/lib/python3.8/site-packages/airflow/example_dags/tutorial_taskflow_api.py
[2026-09-08T13:46:50.779+0000] {logging_mixin.py:188} INFO - [2026-09-08T13:46:50.779+0000] {dag.py:3047} INFO - Sync 1 DAGs
[2026-09-08T13:46:50.803+0000] {logging_mixin.py:188} INFO - [2026-09-08T13:46:50.802+0000] {dag.py:3834} INFO - Setting next_dagrun for tutorial_taskflow_api to None, run_after=None
[2026-09-08T13:46:50.830+0000] {processor.py:183} INFO - Processing /home/airflow/.local/lib/python3.8/site-packages/airflow/example_dags/tutorial_taskflow_api.py took 0.104 seconds
[2026-09-08T13:47:21.415+0000] {processor.py:161} INFO - Started process (PID=395) to work on /home/airflow/.local/lib/python3.8/site-packages/airflow/example_dags/tutorial_taskflow_api.py
[2026-09-08T13:47:21.417+0000] {processor.py:830} INFO - Processing file /home/airflow/.local/lib/python3.8/site-packages/airflow/example_dags/tutorial_taskflow_api.py for tasks to queue
[2026-09-08T13:47:21.420+0000] {logging_mixin.py:188} INFO - [2026-09-08T13:47:21.420+0000] {dagbag.py:540} INFO - Filling up the DagBag from /home/airflow/.local/lib/python3.8/site-packages/airflow/example_dags/tutorial_taskflow_api.py
[2026-09-08T13:47:21.434+0000] {processor.py:840} INFO - DAG(s) 'tutorial_taskflow_api' retrieved from /home/airflow/.local/lib/python3.8/site-packages/airflow/example_dags/tutorial_taskflow_api.py
[2026-09-08T13:47:21.470+0000] {logging_mixin.py:188} INFO - [2026-09-08T13:47:21.470+0000] {dag.py:3047} INFO - Sync 1 DAGs
[2026-09-08T13:47:21.493+0000] {logging_mixin.py:188} INFO - [2026-09-08T13:47:21.493+0000] {dag.py:3834} INFO - Setting next_dagrun for tutorial_taskflow_api to None, run_after=None
[2026-09-08T13:47:21.537+0000] {processor.py:183} INFO - Processing /home/airflow/.local/lib/python3.8/site-packages/airflow/example_dags/tutorial_taskflow_api.py took 0.129 seconds
[2026-09-08T13:47:51.743+0000] {processor.py:161} INFO - Started process (PID=452) to work on /home/airflow/.local/lib/python3.8/site-packages/airflow/example_dags/tutorial_taskflow_api.py
[2026-09-08T13:47:51.747+0000] {processor.py:830} INFO - Processing file /home/airflow/.local/lib/python3.8/site-packages/airflow/example_dags/tutorial_taskflow_api.py for tasks to queue
[2026-09-08T13:47:51.751+0000] {logging_mixin.py:188} INFO - [2026-09-08T13:47:51.750+0000] {dagbag.py:540} INFO - Filling up the DagBag from /home/airflow/.local/lib/python3.8/site-packages/airflow/example_dags/tutorial_taskflow_api.py
[2026-09-08T13:47:51.765+0000] {processor.py:840} INFO - DAG(s) 'tutorial_taskflow_api' retrieved from /home/airflow/.local/lib/python3.8/site-packages/airflow/example_dags/tutorial_taskflow_api.py
[2026-09-08T13:47:51.786+0000] {logging_mixin.py:188} INFO - [2026-09-08T13:47:51.785+0000] {dag.py:3047} INFO - Sync 1 DAGs
[2026-09-08T13:47:51.813+0000] {logging_mixin.py:188} INFO - [2026-09-08T13:47:51.813+0000] {dag.py:3834} INFO - Setting next_dagrun for tutorial_taskflow_api to None, run_after=None
[2026-09-08T13:47:51.845+0000] {processor.py:183} INFO - Processing /home/airflow/.local/lib/python3.8/site-packages/airflow/example_dags/tutorial_taskflow_api.py took 0.112 seconds
[2026-09-08T13:48:23.221+0000] {processor.py:161} INFO - Started process (PID=509) to work on /home/airflow/.local/lib/python3.8/site-packages/airflow/example_dags/tutorial_taskflow_api.py
[2026-09-08T13:48:23.224+0000] {processor.py:830} INFO - Processing file /home/airflow/.local/lib/python3.8/site-packages/airflow/example_dags/tutorial_taskflow_api.py for tasks to queue
[2026-09-08T13:48:23.227+0000] {logging_mixin.py:188} INFO - [2026-09-08T13:48:23.226+0000] {dagbag.py:540} INFO - Filling up the DagBag from /home/airflow/.local/lib/python3.8/site-packages/airflow/example_dags/tutorial_taskflow_api.py
[2026-09-08T13:48:23.239+0000] {processor.py:840} INFO - DAG(s) 'tutorial_taskflow_api' retrieved from /home/airflow/.local/lib/python3.8/site-packages/airflow/example_dags/tutorial_taskflow_api.py
[2026-09-08T13:48:23.384+0000] {logging_mixin.py:188} INFO - [2026-09-08T13:48:23.383+0000] {dag.py:3047} INFO - Sync 1 DAGs
[2026-09-08T13:48:23.399+0000] {logging_mixin.py:188} INFO - [2026-09-08T13:48:23.399+0000] {dag.py:3834} INFO - Setting next_dagrun for tutorial_taskflow_api to None, run_after=None
[2026-09-08T13:48:23.429+0000] {processor.py:183} INFO - Processing /home/airflow/.local/lib/python3.8/site-packages/airflow/example_dags/tutorial_taskflow_api.py took 0.214 seconds
[2026-09-08T13:48:54.291+0000] {processor.py:161} INFO - Started process (PID=565) to work on /home/airflow/.local/lib/python3.8/site-packages/airflow/example_dags/tutorial_taskflow_api.py
[2026-09-08T13:48:54.293+0000] {processor.py:830} INFO - Processing file /home/airflow/.local/lib/python3.8/site-packages/airflow/example_dags/tutorial_taskflow_api.py for tasks to queue
[2026-09-08T13:48:54.296+0000] {logging_mixin.py:188} INFO - [2026-09-08T13:48:54.295+0000] {dagbag.py:540} INFO - Filling up the DagBag from /home/airflow/.local/lib/python3.8/site-packages/airflow/example_dags/tutorial_taskflow_api.py
[2026-09-08T13:48:54.303+0000] {processor.py:840} INFO - DAG(s) 'tutorial_taskflow_api' retrieved from /home/airflow/.local/lib/python3.8/site-packages/airflow/example_dags/tutorial_taskflow_api.py
[2026-09-08T13:48:54.329+0000] {logging_mixin.py:188} INFO - [2026-09-08T13:48:54.329+0000] {dag.py:3047} INFO - Sync 1 DAGs
[2026-09-08T13:48:54.345+0000] {logging_mixin.py:188} INFO - [2026-09-08T13:48:54.345+0000] {dag.py:3834} INFO - Setting next_dagrun for tutorial_taskflow_api to None, run_after=None
[2026-09-08T13:48:54.366+0000] {processor.py:183} INFO - Processing /home/airflow/.local/lib/python3.8/site-packages/airflow/example_dags/tutorial_taskflow_api.py took 0.081 seconds
[2026-09-08T13:49:24.578+0000] {processor.py:161} INFO - Started process (PID=622) to work on /home/airflow/.local/lib/python3.8/site-packages/airflow/example_dags/tutorial_taskflow_api.py
[2026-09-08T13:49:24.580+0000] {processor.py:830} INFO - Processing file /home/airflow/.local/lib/python3.8/site-packages/airflow/example_dags/tutorial_taskflow_api.py for tasks to queue
[2026-09-08T13:49:24.583+0000] {logging_mixin.py:188} INFO - [2026-09-08T13:49:24.582+0000] {dagbag.py:540} INFO - Filling up the DagBag from /home/airflow/.local/lib/python3.8/site-packages/airflow/example_dags/tutorial_taskflow_api.py
[2026-09-08T13:49:24.592+0000] {processor.py:840} INFO - DAG(s) 'tutorial_taskflow_api' retrieved from /home/airflow/.local/lib/python3.8/site-packages/airflow/example_dags/tutorial_taskflow_api.py
[2026-09-08T13:49:24.615+0000] {logging_mixin.py:188} INFO - [2026-09-08T13:49:24.615+0000] {dag.py:3047} INFO - Sync 1 DAGs
[2026-09-08T13:49:24.630+0000] {logging_mixin.py:188} INFO - [2026-09-08T13:49:24.630+0000] {dag.py:3834} INFO - Setting next_dagrun for tutorial_taskflow_api to None, run_after=None
[2026-09-08T13:49:24.656+0000] {processor.py:183} INFO - Processing /home/airflow/.local/lib/python3.8/site-packages/airflow/example_dags/tutorial_taskflow_api.py took 0.082 seconds
[2026-09-08T13:49:55.392+0000] {processor.py:161} INFO - Started process (PID=679) to work on /home/airflow/.local/lib/python3.8/site-packages/airflow/example_dags/tutorial_taskflow_api.py
[2026-09-08T13:49:55.395+0000] {processor.py:830} INFO - Processing file /home/airflow/.local/lib/python3.8/site-packages/airflow/example_dags/tutorial_taskflow_api.py for tasks to queue
[2026-09-08T13:49:55.398+0000] {logging_mixin.py:188} INFO - [2026-09-08T13:49:55.398+0000] {dagbag.py:540} INFO - Filling up the DagBag from /home/airflow/.local/lib/python3.8/site-packages/airflow/example_dags/tutorial_taskflow_api.py
[2026-09-08T13:49:55.407+0000] {processor.py:840} INFO - DAG(s) 'tutorial_taskflow_api' retrieved from /home/airflow/.local/lib/python3.8/site-packages/airflow/example_dags/tutorial_taskflow_api.py
[2026-09-08T13:49:55.434+0000] {logging_mixin.py:188} INFO - [2026-09-08T13:49:55.433+0000] {dag.py:3047} INFO - Sync 1 DAGs
[2026-09-08T13:49:55.449+0000] {logging_mixin.py:188} INFO - [2026-09-08T13:49:55.448+0000] {dag.py:3834} INFO - Setting next_dagrun for tutorial_taskflow_api to None, run_after=None
[2026-09-08T13:49:55.474+0000] {processor.py:183} INFO - Processing /home/airflow/.local/lib/python3.8/site-packages/airflow/example_dags/tutorial_taskflow_api.py took 0.087 seconds
[2026-09-08T13:50:25.562+0000] {processor.py:161} INFO - Started process (PID=736) to work on /home/airflow/.local/lib/python3.8/site-packages/airflow/example_dags/tutorial_taskflow_api.py
[2026-09-08T13:50:25.564+0000] {processor.py:830} INFO - Processing file /home/airflow/.local/lib/python3.8/site-packages/airflow/example_dags/tutorial_taskflow_api.py for tasks to queue
[2026-09-08T13:50:25.567+0000] {logging_mixin.py:188} INFO - [2026-09-08T13:50:25.566+0000] {dagbag.py:540} INFO - Filling up the DagBag from /home/airflow/.local/lib/python3.8/site-packages/airflow/example_dags/tutorial_taskflow_api.py
[2026-09-08T13:50:25.574+0000] {processor.py:840} INFO - DAG(s) 'tutorial_taskflow_api' retrieved from /home/airflow/.local/lib/python3.8/site-packages/airflow/example_dags/tutorial_taskflow_api.py
[2026-09-08T13:50:25.599+0000] {logging_mixin.py:188} INFO - [2026-09-08T13:50:25.599+0000] {dag.py:3047} INFO - Sync 1 DAGs
[2026-09-08T13:50:25.616+0000] {logging_mixin.py:188} INFO - [2026-09-08T13:50:25.616+0000] {dag.py:3834} INFO - Setting next_dagrun for tutorial_taskflow_api to None, run_after=None
[2026-09-08T13:50:25.638+0000] {processor.py:183} INFO - Processing /home/airflow/.local/lib/python3.8/site-packages/airflow/example_dags/tutorial_taskflow_api.py took 0.083 seconds
[2026-09-08T13:50:55.964+0000] {processor.py:161} INFO - Started process (PID=793) to work on /home/airflow/.local/lib/python3.8/site-packages/airflow/example_dags/tutorial_taskflow_api.py
[2026-09-08T13:50:55.966+0000] {processor.py:830} INFO - Processing file /home/airflow/.local/lib/python3.8/site-packages/airflow/example_dags/tutorial_taskflow_api.py for tasks to queue
[2026-09-08T13:50:55.969+0000] {logging_mixin.py:188} INFO - [2026-09-08T13:50:55.969+0000] {dagbag.py:540} INFO - Filling up the DagBag from /home/airflow/.local/lib/python3.8/site-packages/airflow/example_dags/tutorial_taskflow_api.py
[2026-09-08T13:50:55.979+0000] {processor.py:840} INFO - DAG(s) 'tutorial_taskflow_api' retrieved from /home/airflow/.local/lib/python3.8/site-packages/airflow/example_dags/tutorial_taskflow_api.py
[2026-09-08T13:50:56.006+0000] {logging_mixin.py:188} INFO - [2026-09-08T13:50:56.005+0000] {dag.py:3047} INFO - Sync 1 DAGs
[2026-09-08T13:50:56.020+0000] {logging_mixin.py:188} INFO - [2026-09-08T13:50:56.020+0000] {dag.py:3834} INFO - Setting next_dagrun for tutorial_taskflow_api to None, run_after=None
[2026-09-08T13:50:56.045+0000] {processor.py:183} INFO - Processing /home/airflow/.local/lib/python3.8/site-packages/airflow/example_dags/tutorial_taskflow_api.py took 0.086 seconds
[2026-09-08T13:51:26.141+0000] {processor.py:161} INFO - Started process (PID=848) to work on /home/airflow/.local/lib/python3.8/site-packages/airflow/example_dags/tutorial_taskflow_api.py
[2026-09-08T13:51:26.143+0000] {processor.py:830} INFO - Processing file /home/airflow/.local/lib/python3.8/site-packages/airflow/example_dags/tutorial_taskflow_api.py for tasks to queue
[2026-09-08T13:51:26.145+0000] {logging_mixin.py:188} INFO - [2026-09-08T13:51:26.145+0000] {dagbag.py:540} INFO - Filling up the DagBag from /home/airflow/.local/lib/python3.8/site-packages/airflow/example_dags/tutorial_taskflow_api.py
[2026-09-08T13:51:26.152+0000] {processor.py:840} INFO - DAG(s) 'tutorial_taskflow_api' retrieved from /home/airflow/.local/lib/python3.8/site-packages/airflow/example_dags/tutorial_taskflow_api.py
[2026-09-08T13:51:26.176+0000] {logging_mixin.py:188} INFO - [2026-09-08T13:51:26.175+0000] {dag.py:3047} INFO - Sync 1 DAGs
[2026-09-08T13:51:26.191+0000] {logging_mixin.py:188} INFO - [2026-09-08T13:51:26.191+0000] {dag.py:3834} INFO - Setting next_dagrun for tutorial_taskflow_api to None, run_after=None
[2026-09-08T13:51:26.212+0000] {processor.py:183} INFO - Processing /home/airflow/.local/lib/python3.8/site-packages/airflow/example_dags/tutorial_taskflow_api.py took 0.075 seconds
[2026-09-08T13:51:56.316+0000] {processor.py:161} INFO - Started process (PID=905) to work on /home/airflow/.local/lib/python3.8/site-packages/airflow/example_dags/tutorial_taskflow_api.py
[2026-09-08T13:51:56.318+0000] {processor.py:830} INFO - Processing file /home/airflow/.local/lib/python3.8/site-packages/airflow/example_dags/tutorial_taskflow_api.py for tasks to queue
[2026-09-08T13:51:56.322+0000] {logging_mixin.py:188} INFO - [2026-09-08T13:51:56.321+0000] {dagbag.py:540} INFO - Filling up the DagBag from /home/airflow/.local/lib/python3.8/site-packages/airflow/example_dags/tutorial_taskflow_api.py
[2026-09-08T13:51:56.329+0000] {processor.py:840} INFO - DAG(s) 'tutorial_taskflow_api' retrieved from /home/airflow/.local/lib/python3.8/site-packages/airflow/example_dags/tutorial_taskflow_api.py
[2026-09-08T13:51:56.353+0000] {logging_mixin.py:188} INFO - [2026-09-08T13:51:56.353+0000] {dag.py:3047} INFO - Sync 1 DAGs
[2026-09-08T13:51:56.367+0000] {logging_mixin.py:188} INFO - [2026-09-08T13:51:56.367+0000] {dag.py:3834} INFO - Setting next_dagrun for tutorial_taskflow_api to None, run_after=None
[2026-09-08T13:51:56.388+0000] {processor.py:183} INFO - Processing /home/airflow/.local/lib/python3.8/site-packages/airflow/example_dags/tutorial_taskflow_api.py took 0.075 seconds
[2026-09-08T13:52:26.458+0000] {processor.py:161} INFO - Started process (PID=962) to work on /home/airflow/.local/lib/python3.8/site-packages/airflow/example_dags/tutorial_taskflow_api.py
[2026-09-08T13:52:26.460+0000] {processor.py:830} INFO - Processing file /home/airflow/.local/lib/python3.8/site-packages/airflow/example_dags/tutorial_taskflow_api.py for tasks to queue
[2026-09-08T13:52:26.463+0000] {logging_mixin.py:188} INFO - [2026-09-08T13:52:26.462+0000] {dagbag.py:540} INFO - Filling up the DagBag from /home/airflow/.local/lib/python3.8/site-packages/airflow/example_dags/tutorial_taskflow_api.py
[2026-09-08T13:52:26.471+0000] {processor.py:840} INFO - DAG(s) 'tutorial_taskflow_api' retrieved from /home/airflow/.local/lib/python3.8/site-packages/airflow/example_dags/tutorial_taskflow_api.py
[2026-09-08T13:52:26.495+0000] {logging_mixin.py:188} INFO - [2026-09-08T13:52:26.495+0000] {dag.py:3047} INFO - Sync 1 DAGs
[2026-09-08T13:52:26.509+0000] {logging_mixin.py:188} INFO - [2026-09-08T13:52:26.509+0000] {dag.py:3834} INFO - Setting next_dagrun for tutorial_taskflow_api to None, run_after=None
[2026-09-08T13:52:26.531+0000] {processor.py:183} INFO - Processing /home/airflow/.local/lib/python3.8/site-packages/airflow/example_dags/tutorial_taskflow_api.py took 0.077 seconds
