[2026-09-08T13:44:49.969+0000] {processor.py:161} INFO - Started process (PID=111) to work on /home/airflow/.local/lib/python3.8/site-packages/airflow/example_dags/tutorial_objectstorage.py
[2026-09-08T13:44:49.973+0000] {processor.py:830} INFO - Processing file /home/airflow/.local/lib/python3.8/site-packages/airflow/example_dags/tutorial_objectstorage.py for tasks to queue
[2026-09-08T13:44:49.980+0000] {logging_mixin.py:188} INFO - [2026-09-08T13:44:49.980+0000] {dagbag.py:540} INFO - Filling up the DagBag from /home/airflow/.local/lib/python3.8/site-packages/airflow/example_dags/tutorial_objectstorage.py
[2026-09-08T13:44:49.998+0000] {processor.py:840} INFO - DAG(s) 'tutorial_objectstorage' retrieved from /home/airflow/.local/lib/python3.8/site-packages/airflow/example_dags/tutorial_objectstorage.py
[2026-09-08T13:44:50.028+0000] {logging_mixin.py:188} INFO - [2026-09-08T13:44:50.028+0000] {dag.py:3047} INFO - Sync 1 DAGs
[2026-09-08T13:44:50.051+0000] {logging_mixin.py:188} INFO - [2026-09-08T13:44:50.051+0000] {dag.py:3834} INFO - Setting next_dagrun for tutorial_objectstorage to None, run_after=None
[2026-09-08T13:44:50.082+0000] {processor.py:183} INFO - Processing /home/airflow/.local/lib/python3.8/site-packages/airflow/example_dags/tutorial_objectstorage.py took 0.120 seconds
[2026-09-08T13:45:21.076+0000] {processor.py:161} INFO - Started process (PID=168) to work on /home/airflow/.local/lib/python3.8/site-packages/airflow/example_dags/tutorial_objectstorage.py
[2026-09-08T13:45:21.081+0000] {processor.py:830} INFO - Processing file /home/airflow/.local/lib/python3.8/site-packages/airflow/example_dags/tutorial_objectstorage.py for tasks to queue
[2026-09-08T13:45:21.085+0000] {logging_mixin.py:188} INFO - [2026-09-08T13:45:21.084+0000] {dagbag.py:540} INFO - Filling up the DagBag from /home/airflow/.local/lib/python3.8/site-packages/airflow/example_dags/tutorial_objectstorage.py
[2026-09-08T13:45:21.101+0000] {processor.py:840} INFO - DAG(s) 'tutorial_objectstorage' retrieved from /home/airflow/.local/lib/python3.8/site-packages/airflow/example_dags/tutorial_objectstorage.py
[2026-09-08T13:45:21.286+0000] {logging_mixin.py:188} INFO - [2026-09-08T13:45:21.286+0000] {dag.py:3047} INFO - Sync 1 DAGs
[2026-09-08T13:45:21.311+0000] {logging_mixin.py:188} INFO - [2026-09-08T13:45:21.310+0000] {dag.py:3834} INFO - Setting next_dagrun for tutorial_objectstorage to None, run_after=None
[2026-09-08T13:45:21.346+0000] {processor.py:183} INFO - Processing /home/airflow/.local/lib/python3.8/site-packages/airflow/example_dags/tutorial_objectstorage.py took 0.275 seconds
[2026-09-08T13:45:51.576+0000] {processor.py:161} INFO - Started process (PID=225) to work on /home/airflow/.local/lib/python3.8/site-packages/airflow/example_dags/tutorial_objectstorage.py
[2026-09-08T13:45:51.578+0000] {processor.py:830} INFO - Processing file /home/airflow/.local/lib/python3.8/site-packages/airflow/example_dags/tutorial_objectstorage.py for tasks to queue
[2026-09-08T13:45:51.581+0000] {logging_mixin.py:188} INFO - [2026-09-08T13:45:51.581+0000] {dagbag.py:540} INFO - Filling up the DagBag from /home/airflow/.local/lib/python3.8/site-packages/airflow/example_dags/tutorial_objectstorage.py
[2026-09-08T13:45:51.594+0000] {processor.py:840} INFO - DAG(s) 'tutorial_objectstorage' retrieved from /home/airflow/.local/lib/python3.8/site-packages/airflow/example_dags/tutorial_objectstorage.py
[2026-09-08T13:45:51.641+0000] {logging_mixin.py:188} INFO - [2026-09-08T13:45:51.641+0000] {dag.py:3047} INFO - Sync 1 DAGs
[2026-09-08T13:45:51.666+0000] {logging_mixin.py:188} INFO - [2026-09-08T13:45:51.665+0000] {dag.py:3834} INFO - Setting next_dagrun for tutorial_objectstorage to None, run_after=None
[2026-09-08T13:45:51.700+0000] {processor.py:183} INFO - Processing /home/airflow/.local/lib/python3.8/site-packages/airflow/example_dags/tutorial_objectstorage.py took 0.129 seconds
[2026-09-08T13:46:23.139+0000] {processor.py:161} INFO - Started process (PID=287) to work on /home/airflow/.local/lib/python3.8/site-packages/airflow/example_dags/tutorial_objectstorage.py
[2026-09-08T13:46:23.140+0000] {processor.py:830} INFO - Processing file /home/airflow/.local/lib/python3.8/site-packages/airflow/example_dags/tutorial_objectstorage.py for tasks to queue
[2026-09-08T13:46:23.143+0000] {logging_mixin.py:188} INFO - [2026-09-08T13:46:23.143+0000] {dagbag.py:540} INFO - Filling up the DagBag from /home/airflow/.local/lib/python3.8/site-packages/airflow/example_dags/tutorial_objectstorage.py
[2026-09-08T13:46:23.151+0000] {processor.py:840} INFO - DAG(s) 'tutorial_objectstorage' retrieved from /home/airflow/.local/lib/python3.8/site-packages/airflow/example_dags/tutorial_objectstorage.py
[2026-09-08T13:46:23.188+0000] {logging_mixin.py:188} INFO - [2026-09-08T13:46:23.187+0000] {dag.py:3047} INFO - Sync 1 DAGs
[2026-09-08T13:46:23.206+0000] {logging_mixin.py:188} INFO - [2026-09-08T13:46:23.205+0000] {dag.py:3834} INFO - Setting next_dagrun for tutorial_objectstorage to None, run_after=None
[2026-09-08T13:46:23.232+0000] {processor.py:183} INFO - Processing /home/airflow/.local/lib/python3.8/site-packages/airflow/example_dags/tutorial_objectstorage.py took 0.102 seconds
[2026-09-08T13:46:53.423+0000] {processor.py:161} INFO - Started process (PID=344) to work on /home/airflow/.local/lib/python3.8/site-packages/airflow/example_dags/tutorial_objectstorage.py
[2026-09-08T13:46:53.424+0000] {processor.py:830} INFO - Processing file /home/airflow/.local/lib/python3.8/site-packages/airflow/example_dags/tutorial_objectstorage.py for tasks to queue
[2026-09-08T13:46:53.427+0000] {logging_mixin.py:188} INFO - [2026-09-08T13:46:53.427+0000] {dagbag.py:540} INFO - Filling up the DagBag from /home/airflow/.local/lib/python3.8/site-packages/airflow/example_dags/tutorial_objectstorage.py
[2026-09-08T13:46:53.435+0000] {processor.py:840} INFO - DAG(s) 'tutorial_objectstorage' retrieved from /home/airflow/.local/lib/python3.8/site-packages/airflow/example_dags/tutorial_objectstorage.py
[2026-09-08T13:46:53.462+0000] {logging_mixin.py:188} INFO - [2026-09-08T13:46:53.461+0000] {dag.py:3047} INFO - Sync 1 DAGs
[2026-09-08T13:46:53.480+0000] {logging_mixin.py:188} INFO - [2026-09-08T13:46:53.480+0000] {dag.py:3834} INFO - Setting next_dagrun for tutorial_objectstorage to None, run_after=None
[2026-09-08T13:46:53.510+0000] {processor.py:183} INFO - Processing /home/airflow/.local/lib/python3.8/site-packages/airflow/example_dags/tutorial_objectstorage.py took 0.091 seconds
[2026-09-08T13:47:24.246+0000] {processor.py:161} INFO - Started process (PID=405) to work on /home/airflow/.local/lib/python3.8/site-packages/airflow/example_dags/tutorial_objectstorage.py
[2026-09-08T13:47:24.249+0000] {processor.py:830} INFO - Processing file /home/airflow/.local/lib/python3.8/site-packages/airflow/example_dags/tutorial_objectstorage.py for tasks to queue
[2026-09-08T13:47:24.252+0000] {logging_mixin.py:188} INFO - [2026-09-08T13:47:24.251+0000] {dagbag.py:540} INFO - Filling up the DagBag from /home/airflow/.local/lib/python3.8/site-packages/airflow/example_dags/tutorial_objectstorage.py
[2026-09-08T13:47:24.262+0000] {processor.py:840} INFO - DAG(s) 'tutorial_objectstorage' retrieved from /home/airflow/.local/lib/python3.8/site-packages/airflow/example_dags/tutorial_objectstorage.py
[2026-09-08T13:47:24.290+0000] {logging_mixin.py:188} INFO - [2026-09-08T13:47:24.289+0000] {dag.py:3047} INFO - Sync 1 DAGs
[2026-09-08T13:47:24.313+0000] {logging_mixin.py:188} INFO - [2026-09-08T13:47:24.313+0000] {dag.py:3834} INFO - Setting next_dagrun for tutorial_objectstorage to None, run_after=None
[2026-09-08T13:47:24.383+0000] {processor.py:183} INFO - Processing /home/airflow/.local/lib/python3.8/site-packages/airflow/example_dags/tutorial_objectstorage.py took 0.140 seconds
[2026-09-08T13:47:54.860+0000] {processor.py:161} INFO - Started process (PID=462) to work on /home/airflow/.local/lib/python3.8/site-packages/airflow/example_dags/tutorial_objectstorage.py
[2026-09-08T13:47:54.863+0000] {processor.py:830} INFO - Processing file /home/airflow/.local/lib/python3.8/site-packages/airflow/example_dags/tutorial_objectstorage.py for tasks to queue
[2026-09-08T13:47:54.866+0000] {logging_mixin.py:188} INFO - [2026-09-08T13:47:54.866+0000] {dagbag.py:540} INFO - Filling up the DagBag from /home/airflow/.local/lib/python3.8/site-packages/airflow/example_dags/tutorial_objectstorage.py
[2026-09-08T13:47:54.880+0000] {processor.py:840} INFO - DAG(s) 'tutorial_objectstorage' retrieved from /home/airflow/.local/lib/python3.8/site-packages/airflow/example_dags/tutorial_objectstorage.py
[2026-09-08T13:47:54.900+0000] {logging_mixin.py:188} INFO - [2026-09-08T13:47:54.899+0000] {dag.py:3047} INFO - Sync 1 DAGs
[2026-09-08T13:47:54.920+0000] {logging_mixin.py:188} INFO - [2026-09-08T13:47:54.920+0000] {dag.py:3834} INFO - Setting next_dagrun for tutorial_objectstorage to None, run_after=None
[2026-09-08T13:47:54.951+0000] {processor.py:183} INFO - Processing /home/airflow/.local/lib/python3.8/site-packages/airflow/example_dags/tutorial_objectstorage.py took 0.096 seconds
[2026-09-08T13:48:25.278+0000] {processor.py:161} INFO - Started process (PID=519) to work on /home/airflow/.local/lib/python3.8/site-packages/airflow/example_dags/tutorial_objectstorage.py
[2026-09-08T13:48:25.281+0000] {processor.py:830} INFO - Processing file /home/airflow/.local/lib/python3.8/site-packages/airflow/example_dags/tutorial_objectstorage.py for tasks to queue
[2026-09-08T13:48:25.285+0000] {logging_mixin.py:188} INFO - [2026-09-08T13:48:25.284+0000] {dagbag.py:540} INFO - Filling up the DagBag from /home/airflow/.local/lib/python3.8/site-packages/airflow/example_dags/tutorial_objectstorage.py
[2026-09-08T13:48:25.304+0000] {processor.py:840} INFO - DAG(s) 'tutorial_objectstorage' retrieved from /home/airflow/.local/lib/python3.8/site-packages/airflow/example_dags/tutorial_objectstorage.py
[2026-09-08T13:48:25.569+0000] {logging_mixin.py:188} INFO - [2026-09-08T13:48:25.569+0000] {dag.py:3047} INFO - Sync 1 DAGs
[2026-09-08T13:48:25.593+0000] {logging_mixin.py:188} INFO - [2026-09-08T13:48:25.593+0000] {dag.py:3834} INFO - Setting next_dagrun for tutorial_objectstorage to None, run_after=None
[2026-09-08T13:48:25.631+0000] {processor.py:183} INFO - Processing /home/airflow/.local/lib/python3.8/site-packages/airflow/example_dags/tutorial_objectstorage.py took 0.363 seconds
[2026-09-08T13:48:56.071+0000] {processor.py:161} INFO - Started process (PID=575) to work on /home/airflow/.local/lib/python3.8/site-packages/airflow/example_dags/tutorial_objectstorage.py
[2026-09-08T13:48:56.074+0000] {processor.py:830} INFO - Processing file /home/airflow/.local/lib/python3.8/site-packages/airflow/example_dags/tutorial_objectstorage.py for tasks to queue
[2026-09-08T13:48:56.078+0000] {logging_mixin.py:188} INFO - [2026-09-08T13:48:56.077+0000] {dagbag.py:540} INFO - Filling up the DagBag from /home/airflow/.local/lib/python3.8/site-packages/airflow/example_dags/tutorial_objectstorage.py
[2026-09-08T13:48:56.091+0000] {processor.py:840} INFO - DAG(s) 'tutorial_objectstorage' retrieved from /home/airflow/.local/lib/python3.8/site-packages/airflow/example_dags/tutorial_objectstorage.py
[2026-09-08T13:48:56.113+0000] {logging_mixin.py:188} INFO - [2026-09-08T13:48:56.113+0000] {dag.py:3047} INFO - Sync 1 DAGs
[2026-09-08T13:48:56.126+0000] {logging_mixin.py:188} INFO - [2026-09-08T13:48:56.126+0000] {dag.py:3834} INFO - Setting next_dagrun for tutorial_objectstorage to None, run_after=None
[2026-09-08T13:48:56.148+0000] {processor.py:183} INFO - Processing /home/airflow/.local/lib/python3.8/site-packages/airflow/example_dags/tutorial_objectstorage.py took 0.082 seconds
[2026-09-08T13:49:26.674+0000] {processor.py:161} INFO - Started process (PID=632) to work on /home/airflow/.local/lib/python3.8/site-packages/airflow/example_dags/tutorial_objectstorage.py
[2026-09-08T13:49:26.676+0000] {processor.py:830} INFO - Processing file /home/airflow/.local/lib/python3.8/site-packages/airflow/example_dags/tutorial_objectstorage.py for tasks to queue
[2026-09-08T13:49:26.680+0000] {logging_mixin.py:188} INFO - [2026-09-08T13:49:26.680+0000] {dagbag.py:540} INFO - Filling up the DagBag from /home/airflow/.local/lib/python3.8/site-packages/airflow/example_dags/tutorial_objectstorage.py
[2026-09-08T13:49:26.696+0000] {processor.py:840} INFO - DAG(s) 'tutorial_objectstorage' retrieved from /home/airflow/.local/lib/python3.8/site-packages/airflow/example_dags/tutorial_objectstorage.py
[2026-09-08T13:49:26.742+0000] {logging_mixin.py:188} INFO - [2026-09-08T13:49:26.741+0000] {dag.py:3047} INFO - Sync 1 DAGs
[2026-09-08T13:49:26.756+0000] {logging_mixin.py:188} INFO - [2026-09-08T13:49:26.756+0000] {dag.py:3834} INFO - Setting next_dagrun for tutorial_objectstorage to None, run_after=None
[2026-09-08T13:49:26.808+0000] {processor.py:183} INFO - Processing /home/airflow/.local/lib/python3.8/site-packages/airflow/example_dags/tutorial_objectstorage.py took 0.145 seconds
[2026-09-08T13:49:57.230+0000] {processor.py:161} INFO - Started process (PID=689) to work on /home/airflow/.local/lib/python3.8/site-packages/airflow/example_dags/tutorial_objectstorage.py
[2026-09-08T13:49:57.233+0000] {processor.py:830} INFO - Processing file /home/airflow/.local/lib/python3.8/site-packages/airflow/example_dags/tutorial_objectstorage.py for tasks to queue
[2026-09-08T13:49:57.236+0000] {logging_mixin.py:188} INFO - [2026-09-08T13:49:57.236+0000] {dagbag.py:540} INFO - Filling up the DagBag from /home/airflow/.local/lib/python3.8/site-packages/airflow/example_dags/tutorial_objectstorage.py
[2026-09-08T13:49:57.244+0000] {processor.py:840} INFO - DAG(s) 'tutorial_objectstorage' retrieved from /home/airflow/.local/lib/python3.8/site-packages/airflow/example_dags/tutorial_objectstorage.py
[2026-09-08T13:49:57.269+0000] {logging_mixin.py:188} INFO - [2026-09-08T13:49:57.268+0000] {dag.py:3047} INFO - Sync 1 DAGs
[2026-09-08T13:49:57.282+0000] {logging_mixin.py:188} INFO - [2026-09-08T13:49:57.282+0000] {dag.py:3834} INFO - Setting next_dagrun for tutorial_objectstorage to None, run_after=None
[2026-09-08T13:49:57.304+0000] {processor.py:183} INFO - Processing /home/airflow/.local/lib/python3.8/site-packages/airflow/example_dags/tutorial_objectstorage.py took 0.078 seconds
[2026-09-08T13:50:27.438+0000] {processor.py:161} INFO - Started process (PID=746) to work on /home/airflow/.local/lib/python3.8/site-packages/airflow/example_dags/tutorial_objectstorage.py
[2026-09-08T13:50:27.439+0000] {processor.py:830} INFO - Processing file /home/airflow/.local/lib/python3.8/site-packages/airflow/example_dags/tutorial_objectstorage.py for tasks to queue
[2026-09-08T13:50:27.442+0000] {logging_mixin.py:188} INFO - [2026-09-08T13:50:27.441+0000] {dagbag.py:540} INFO - Filling up the DagBag from /home/airflow/.local/lib/python3.8/site-packages/airflow/example_dags/tutorial_objectstorage.py
[2026-09-08T13:50:27.450+0000] {processor.py:840} INFO - DAG(s) 'tutorial_objectstorage' retrieved from /home/airflow/.local/lib/python3.8/site-packages/airflow/example_dags/tutorial_objectstorage.py
[2026-09-08T13:50:27.476+0000] {logging_mixin.py:188} INFO - [2026-09-08T13:50:27.475+0000] {dag.py:3047} INFO - Sync 1 DAGs
[2026-09-08T13:50:27.490+0000] {logging_mixin.py:188} INFO - [2026-09-08T13:50:27.490+0000] {dag.py:3834} INFO - Setting next_dagrun for tutorial_objectstorage to None, run_after=None
[2026-09-08T13:50:27.511+0000] {processor.py:183} INFO - Processing /home/airflow/.local/lib/python3.8/site-packages/airflow/example_dags/tutorial_objectstorage.py took 0.077 seconds
[2026-09-08T13:50:57.696+0000] {processor.py:161} INFO - Started process (PID=803) to work on /home/airflow/.local/lib/python3.8/site-packages/airflow/example_dags/tutorial_objectstorage.py
[2026-09-08T13:50:57.698+0000] {processor.py:830} INFO - Processing file /home/airflow/.local/lib/python3.8/site-packages/airflow/example_dags/tutorial_objectstorage.py for tasks to queue
[2026-09-08T13:50:57.701+0000] {logging_mixin.py:188} INFO - [2026-09-08T13:50:57.701+0000] {dagbag.py:540} INFO - Filling up the DagBag from /home/airflow/.local/lib/python3.8/site-packages/airflow/example_dags/tutorial_objectstorage.py
[2026-09-08T13:50:57.712+0000] {processor.py:840} INFO - DAG(s) 'tutorial_objectstorage' retrieved from /home/airflow/.local/lib/python3.8/site-packages/airflow/example_dags/tutorial_objectstorage.py
[2026-09-08T13:50:57.737+0000] {logging_mixin.py:188} INFO - [2026-09-08T13:50:57.737+0000] {dag.py:3047} INFO - Sync 1 DAGs
[2026-09-08T13:50:57.751+0000] {logging_mixin.py:188} INFO - [2026-09-08T13:50:57.751+0000] {dag.py:3834} INFO - Setting next_dagrun for tutorial_objectstorage to None, run_after=None
[2026-09-08T13:50:57.771+0000] {processor.py:183} INFO - Processing /home/airflow/.local/lib/python3.8/site-packages/airflow/example_dags/tutorial_objectstorage.py took 0.081 seconds
[2026-09-08T13:51:28.276+0000] {processor.py:161} INFO - Started process (PID=860) to work on /home/airflow/.local/lib/python3.8/site-packages/airflow/example_dags/tutorial_objectstorage.py
[2026-09-08T13:51:28.278+0000] {processor.py:830} INFO - Processing file /home/airflow/.local/lib/python3.8/site-packages/airflow/example_dags/tutorial_objectstorage.py for tasks to queue
[2026-09-08T13:51:28.281+0000] {logging_mixin.py:188} INFO - [2026-09-08T13:51:28.281+0000] {dagbag.py:540} INFO - Filling up the DagBag from /home/airflow/.local/lib/python3.8/site-packages/airflow/example_dags/tutorial_objectstorage.py
[2026-09-08T13:51:28.290+0000] {processor.py:840} INFO - DAG(s) 'tutorial_objectstorage' retrieved from /home/airflow/.local/lib/python3.8/site-packages/airflow/example_dags/tutorial_objectstorage.py
[2026-09-08T13:51:28.315+0000] {logging_mixin.py:188} INFO - [2026-09-08T13:51:28.314+0000] {dag.py:3047} INFO - Sync 1 DAGs
[2026-09-08T13:51:28.328+0000] {logging_mixin.py:188} INFO - [2026-09-08T13:51:28.327+0000] {dag.py:3834} INFO - Setting next_dagrun for tutorial_objectstorage to None, run_after=None
[2026-09-08T13:51:28.349+0000] {processor.py:183} INFO - Processing /home/airflow/.local/lib/python3.8/site-packages/airflow/example_dags/tutorial_objectstorage.py took 0.077 seconds
[2026-09-08T13:51:59.201+0000] {processor.py:161} INFO - Started process (PID=917) to work on /home/airflow/.local/lib/python3.8/site-packages/airflow/example_dags/tutorial_objectstorage.py
[2026-09-08T13:51:59.203+0000] {processor.py:830} INFO - Processing file /home/airflow/.local/lib/python3.8/site-packages/airflow/example_dags/tutorial_objectstorage.py for tasks to queue
[2026-09-08T13:51:59.207+0000] {logging_mixin.py:188} INFO - [2026-09-08T13:51:59.206+0000] {dagbag.py:540} INFO - Filling up the DagBag from /home/airflow/.local/lib/python3.8/site-packages/airflow/example_dags/tutorial_objectstorage.py
[2026-09-08T13:51:59.215+0000] {processor.py:840} INFO - DAG(s) 'tutorial_objectstorage' retrieved from /home/airflow/.local/lib/python3.8/site-packages/airflow/example_dags/tutorial_objectstorage.py
[2026-09-08T13:51:59.238+0000] {logging_mixin.py:188} INFO - [2026-09-08T13:51:59.238+0000] {dag.py:3047} INFO - Sync 1 DAGs
[2026-09-08T13:51:59.253+0000] {logging_mixin.py:188} INFO - [2026-09-08T13:51:59.252+0000] {dag.py:3834} INFO - Setting next_dagrun for tutorial_objectstorage to None, run_after=None
[2026-09-08T13:51:59.275+0000] {processor.py:183} INFO - Processing /home/airflow/.local/lib/python3.8/site-packages/airflow/example_dags/tutorial_objectstorage.py took 0.078 seconds
[2026-09-08T13:52:29.484+0000] {processor.py:161} INFO - Started process (PID=974) to work on /home/airflow/.local/lib/python3.8/site-packages/airflow/example_dags/tutorial_objectstorage.py
[2026-09-08T13:52:29.487+0000] {processor.py:830} INFO - Processing file /home/airflow/.local/lib/python3.8/site-packages/airflow/example_dags/tutorial_objectstorage.py for tasks to queue
[2026-09-08T13:52:29.490+0000] {logging_mixin.py:188} INFO - [2026-09-08T13:52:29.489+0000] {dagbag.py:540} INFO - Filling up the DagBag from /home/airflow/.local/lib/python3.8/site-packages/airflow/example_dags/tutorial_objectstorage.py
[2026-09-08T13:52:29.498+0000] {processor.py:840} INFO - DAG(s) 'tutorial_objectstorage' retrieved from /home/airflow/.local/lib/python3.8/site-packages/airflow/example_dags/tutorial_objectstorage.py
[2026-09-08T13:52:29.526+0000] {logging_mixin.py:188} INFO - [2026-09-08T13:52:29.525+0000] {dag.py:3047} INFO - Sync 1 DAGs
[2026-09-08T13:52:29.542+0000] {logging_mixin.py:188} INFO - [2026-09-08T13:52:29.541+0000] {dag.py:3834} INFO - Setting next_dagrun for tutorial_objectstorage to None, run_after=None
[2026-09-08T13:52:29.562+0000] {processor.py:183} INFO - Processing /home/airflow/.local/lib/python3.8/site-packages/airflow/example_dags/tutorial_objectstorage.py took 0.082 seconds
