[2026-09-08T13:44:41.938+0000] {processor.py:161} INFO - Started process (PID=76) to work on /home/airflow/.local/lib/python3.8/site-packages/airflow/example_dags/tutorial_dag.py
[2026-09-08T13:44:41.942+0000] {processor.py:830} INFO - Processing file /home/airflow/.local/lib/python3.8/site-packages/airflow/example_dags/tutorial_dag.py for tasks to queue
[2026-09-08T13:44:41.947+0000] {logging_mixin.py:188} INFO - [2026-09-08T13:44:41.946+0000] {dagbag.py:540} INFO - Filling up the DagBag from /home/airflow/.local/lib/python3.8/site-packages/airflow/example_dags/tutorial_dag.py
[2026-09-08T13:44:41.961+0000] {processor.py:840} INFO - DAG(s) 'tutorial_dag' retrieved from /home/airflow/.local/lib/python3.8/site-packages/airflow/example_dags/tutorial_dag.py
[2026-09-08T13:44:41.989+0000] {logging_mixin.py:188} INFO - [2026-09-08T13:44:41.988+0000] {dag.py:3047} INFO - Sync 1 DAGs
[2026-09-08T13:44:42.018+0000] {logging_mixin.py:188} INFO - [2026-09-08T13:44:42.017+0000] {dag.py:3834} INFO - Setting next_dagrun for tutorial_dag to None, run_after=None
[2026-09-08T13:44:42.052+0000] {processor.py:183} INFO - Processing /home/airflow/.local/lib/python3.8/site-packages/airflow/example_dags/tutorial_dag.py took 0.122 seconds
[2026-09-08T13:45:12.224+0000] {processor.py:161} INFO - Started process (PID=131) to work on /home/airflow/.local/lib/python3.8/site-packages/airflow/example_dags/tutorial_dag.py
[2026-09-08T13:45:12.226+0000] {processor.py:830} INFO - Processing file /home/airflow/.local/lib/python3.8/site-packages/airflow/example_dags/tutorial_dag.py for tasks to queue
[2026-09-08T13:45:12.228+0000] {logging_mixin.py:188} INFO - [2026-09-08T13:45:12.228+0000] {dagbag.py:540} INFO - Filling up the DagBag from /home/airflow/.local/lib/python3.8/site-packages/airflow/example_dags/tutorial_dag.py
[2026-09-08T13:45:12.243+0000] {processor.py:840} INFO - DAG(s) 'tutorial_dag' retrieved from /home/airflow/.local/lib/python3.8/site-packages/airflow/example_dags/tutorial_dag.py
[2026-09-08T13:45:12.377+0000] {logging_mixin.py:188} INFO - [2026-09-08T13:45:12.376+0000] {dag.py:3047} INFO - Sync 1 DAGs
[2026-09-08T13:45:12.394+0000] {logging_mixin.py:188} INFO - [2026-09-08T13:45:12.393+0000] {dag.py:3834} INFO - Setting next_dagrun for tutorial_dag to None, run_after=None
[2026-09-08T13:45:12.420+0000] {processor.py:183} INFO - Processing /home/airflow/.local/lib/python3.8/site-packages/airflow/example_dags/tutorial_dag.py took 0.206 seconds
[2026-09-08T13:45:42.911+0000] {processor.py:161} INFO - Started process (PID=188) to work on /home/airflow/.local/lib/python3.8/site-packages/airflow/example_dags/tutorial_dag.py
[2026-09-08T13:45:42.914+0000] {processor.py:830} INFO - Processing file /home/airflow/.local/lib/python3.8/site-packages/airflow/example_dags/tutorial_dag.py for tasks to queue
[2026-09-08T13:45:42.917+0000] {logging_mixin.py:188} INFO - [2026-09-08T13:45:42.917+0000] {dagbag.py:540} INFO - Filling up the DagBag from /home/airflow/.local/lib/python3.8/site-packages/airflow/example_dags/tutorial_dag.py
[2026-09-08T13:45:42.933+0000] {processor.py:840} INFO - DAG(s) 'tutorial_dag' retrieved from /home/airflow/.local/lib/python3.8/site-packages/airflow/example_dags/tutorial_dag.py
[2026-09-08T13:45:42.988+0000] {logging_mixin.py:188} INFO - [2026-09-08T13:45:42.987+0000] {dag.py:3047} INFO - Sync 1 DAGs
[2026-09-08T13:45:43.025+0000] {logging_mixin.py:188} INFO - [2026-09-08T13:45:43.025+0000] {dag.py:3834} INFO - Setting next_dagrun for tutorial_dag to None, run_after=None
[2026-09-08T13:45:43.107+0000] {processor.py:183} INFO - Processing /home/airflow/.local/lib/python3.8/site-packages/airflow/example_dags/tutorial_dag.py took 0.206 seconds
[2026-09-08T13:46:13.489+0000] {processor.py:161} INFO - Started process (PID=250) to work on /home/airflow/.local/lib/python3.8/site-packages/airflow/example_dags/tutorial_dag.py
[2026-09-08T13:46:13.491+0000] {processor.py:830} INFO - Processing file /home/airflow/.local/lib/python3.8/site-packages/airflow/example_dags/tutorial_dag.py for tasks to queue
[2026-09-08T13:46:13.495+0000] {logging_mixin.py:188} INFO - [2026-09-08T13:46:13.495+0000] {dagbag.py:540} INFO - Filling up the DagBag from /home/airflow/.local/lib/python3.8/site-packages/airflow/example_dags/tutorial_dag.py
[2026-09-08T13:46:13.506+0000] {processor.py:840} INFO - DAG(s) 'tutorial_dag' retrieved from /home/airflow/.local/lib/python3.8/site-packages/airflow/example_dags/tutorial_dag.py
[2026-09-08T13:46:13.570+0000] {logging_mixin.py:188} INFO - [2026-09-08T13:46:13.569+0000] {dag.py:3047} INFO - Sync 1 DAGs
[2026-09-08T13:46:13.608+0000] {logging_mixin.py:188} INFO - [2026-09-08T13:46:13.607+0000] {dag.py:3834} INFO - Setting next_dagrun for tutorial_dag to None, run_after=None
[2026-09-08T13:46:13.658+0000] {processor.py:183} INFO - Processing /home/airflow/.local/lib/python3.8/site-packages/airflow/example_dags/tutorial_dag.py took 0.173 seconds
[2026-09-08T13:46:44.645+0000] {processor.py:161} INFO - Started process (PID=307) to work on /home/airflow/.local/lib/python3.8/site-packages/airflow/example_dags/tutorial_dag.py
[2026-09-08T13:46:44.648+0000] {processor.py:830} INFO - Processing file /home/airflow/.local/lib/python3.8/site-packages/airflow/example_dags/tutorial_dag.py for tasks to queue
[2026-09-08T13:46:44.652+0000] {logging_mixin.py:188} INFO - [2026-09-08T13:46:44.651+0000] {dagbag.py:540} INFO - Filling up the DagBag from /home/airflow/.local/lib/python3.8/site-packages/airflow/example_dags/tutorial_dag.py
[2026-09-08T13:46:44.666+0000] {processor.py:840} INFO - DAG(s) 'tutorial_dag' retrieved from /home/airflow/.local/lib/python3.8/site-packages/airflow/example_dags/tutorial_dag.py
[2026-09-08T13:46:44.695+0000] {logging_mixin.py:188} INFO - [2026-09-08T13:46:44.695+0000] {dag.py:3047} INFO - Sync 1 DAGs
[2026-09-08T13:46:44.718+0000] {logging_mixin.py:188} INFO - [2026-09-08T13:46:44.718+0000] {dag.py:3834} INFO - Setting next_dagrun for tutorial_dag to None, run_after=None
[2026-09-08T13:46:44.748+0000] {processor.py:183} INFO - Processing /home/airflow/.local/lib/python3.8/site-packages/airflow/example_dags/tutorial_dag.py took 0.109 seconds
[2026-09-08T13:47:15.080+0000] {processor.py:161} INFO - Started process (PID=368) to work on /home/airflow/.local/lib/python3.8/site-packages/airflow/example_dags/tutorial_dag.py
[2026-09-08T13:47:15.083+0000] {processor.py:830} INFO - Processing file /home/airflow/.local/lib/python3.8/site-packages/airflow/example_dags/tutorial_dag.py for tasks to queue
[2026-09-08T13:47:15.088+0000] {logging_mixin.py:188} INFO - [2026-09-08T13:47:15.087+0000] {dagbag.py:540} INFO - Filling up the DagBag from /home/airflow/.local/lib/python3.8/site-packages/airflow/example_dags/tutorial_dag.py
[2026-09-08T13:47:15.102+0000] {processor.py:840} INFO - DAG(s) 'tutorial_dag' retrieved from /home/airflow/.local/lib/python3.8/site-packages/airflow/example_dags/tutorial_dag.py
[2026-09-08T13:47:15.140+0000] {logging_mixin.py:188} INFO - [2026-09-08T13:47:15.140+0000] {dag.py:3047} INFO - Sync 1 DAGs
[2026-09-08T13:47:15.165+0000] {logging_mixin.py:188} INFO - [2026-09-08T13:47:15.165+0000] {dag.py:3834} INFO - Setting next_dagrun for tutorial_dag to None, run_after=None
[2026-09-08T13:47:15.227+0000] {processor.py:183} INFO - Processing /home/airflow/.local/lib/python3.8/site-packages/airflow/example_dags/tutorial_dag.py took 0.154 seconds
[2026-09-08T13:47:45.537+0000] {processor.py:161} INFO - Started process (PID=425) to work on /home/airflow/.local/lib/python3.8/site-packages/airflow/example_dags/tutorial_dag.py
[2026-09-08T13:47:45.540+0000] {processor.py:830} INFO - Processing file /home/airflow/.local/lib/python3.8/site-packages/airflow/example_dags/tutorial_dag.py for tasks to queue
[2026-09-08T13:47:45.543+0000] {logging_mixin.py:188} INFO - [2026-09-08T13:47:45.543+0000] {dagbag.py:540} INFO - Filling up the DagBag from /home/airflow/.local/lib/python3.8/site-packages/airflow/example_dags/tutorial_dag.py
[2026-09-08T13:47:45.558+0000] {processor.py:840} INFO - DAG(s) 'tutorial_dag' retrieved from /home/airflow/.local/lib/python3.8/site-packages/airflow/example_dags/tutorial_dag.py
[2026-09-08T13:47:45.591+0000] {logging_mixin.py:188} INFO - [2026-09-08T13:47:45.591+0000] {dag.py:3047} INFO - Sync 1 DAGs
[2026-09-08T13:47:45.609+0000] {logging_mixin.py:188} INFO - [2026-09-08T13:47:45.609+0000] {dag.py:3834} INFO - Setting next_dagrun for tutorial_dag to None, run_after=None
[2026-09-08T13:47:45.636+0000] {processor.py:183} INFO - Processing /home/airflow/.local/lib/python3.8/site-packages/airflow/example_dags/tutorial_dag.py took 0.108 seconds
[2026-09-08T13:48:15.889+0000] {processor.py:161} INFO - Started process (PID=482) to work on /home/airflow/.local/lib/python3.8/site-packages/airflow/example_dags/tutorial_dag.py
[2026-09-08T13:48:15.891+0000] {processor.py:830} INFO - Processing file /home/airflow/.local/lib/python3.8/site-packages/airflow/example_dags/tutorial_dag.py for tasks to queue
[2026-09-08T13:48:15.894+0000] {logging_mixin.py:188} INFO - [2026-09-08T13:48:15.894+0000] {dagbag.py:540} INFO - Filling up the DagBag from /home/airflow/.local/lib/python3.8/site-packages/airflow/example_dags/tutorial_dag.py
[2026-09-08T13:48:15.904+0000] {processor.py:840} INFO - DAG(s) 'tutorial_dag' retrieved from /home/airflow/.local/lib/python3.8/site-packages/airflow/example_dags/tutorial_dag.py
[2026-09-08T13:48:15.923+0000] {logging_mixin.py:188} INFO - [2026-09-08T13:48:15.922+0000] {dag.py:3047} INFO - Sync 1 DAGs
[2026-09-08T13:48:15.947+0000] {logging_mixin.py:188} INFO - [2026-09-08T13:48:15.947+0000] {dag.py:3834} INFO - Setting next_dagrun for tutorial_dag to None, run_after=None
[2026-09-08T13:48:15.979+0000] {processor.py:183} INFO - Processing /home/airflow/.local/lib/python3.8/site-packages/airflow/example_dags/tutorial_dag.py took 0.096 seconds
[2026-09-08T13:48:46.390+0000] {processor.py:161} INFO - Started process (PID=538) to work on /home/airflow/.local/lib/python3.8/site-packages/airflow/example_dags/tutorial_dag.py
[2026-09-08T13:48:46.393+0000] {processor.py:830} INFO - Processing file /home/airflow/.local/lib/python3.8/site-packages/airflow/example_dags/tutorial_dag.py for tasks to queue
[2026-09-08T13:48:46.396+0000] {logging_mixin.py:188} INFO - [2026-09-08T13:48:46.395+0000] {dagbag.py:540} INFO - Filling up the DagBag from /home/airflow/.local/lib/python3.8/site-packages/airflow/example_dags/tutorial_dag.py
[2026-09-08T13:48:46.404+0000] {processor.py:840} INFO - DAG(s) 'tutorial_dag' retrieved from /home/airflow/.local/lib/python3.8/site-packages/airflow/example_dags/tutorial_dag.py
[2026-09-08T13:48:46.538+0000] {logging_mixin.py:188} INFO - [2026-09-08T13:48:46.537+0000] {dag.py:3047} INFO - Sync 1 DAGs
[2026-09-08T13:48:46.551+0000] {logging_mixin.py:188} INFO - [2026-09-08T13:48:46.550+0000] {dag.py:3834} INFO - Setting next_dagrun for tutorial_dag to None, run_after=None
[2026-09-08T13:48:46.577+0000] {processor.py:183} INFO - Processing /home/airflow/.local/lib/python3.8/site-packages/airflow/example_dags/tutorial_dag.py took 0.191 seconds
[2026-09-08T13:49:16.672+0000] {processor.py:161} INFO - Started process (PID=595) to work on /home/airflow/.local/lib/python3.8/site-packages/airflow/example_dags/tutorial_dag.py
[2026-09-08T13:49:16.675+0000] {processor.py:830} INFO - Processing file /home/airflow/.local/lib/python3.8/site-packages/airflow/example_dags/tutorial_dag.py for tasks to queue
[2026-09-08T13:49:16.681+0000] {logging_mixin.py:188} INFO - [2026-09-08T13:49:16.680+0000] {dagbag.py:540} INFO - Filling up the DagBag from /home/airflow/.local/lib/python3.8/site-packages/airflow/example_dags/tutorial_dag.py
[2026-09-08T13:49:16.696+0000] {processor.py:840} INFO - DAG(s) 'tutorial_dag' retrieved from /home/airflow/.local/lib/python3.8/site-packages/airflow/example_dags/tutorial_dag.py
[2026-09-08T13:49:16.736+0000] {logging_mixin.py:188} INFO - [2026-09-08T13:49:16.735+0000] {dag.py:3047} INFO - Sync 1 DAGs
[2026-09-08T13:49:16.771+0000] {logging_mixin.py:188} INFO - [2026-09-08T13:49:16.771+0000] {dag.py:3834} INFO - Setting next_dagrun for tutorial_dag to None, run_after=None
[2026-09-08T13:49:16.815+0000] {processor.py:183} INFO - Processing /home/airflow/.local/lib/python3.8/site-packages/airflow/example_dags/tutorial_dag.py took 0.152 seconds
[2026-09-08T13:49:46.927+0000] {processor.py:161} INFO - Started process (PID=652) to work on /home/airflow/.local/lib/python3.8/site-packages/airflow/example_dags/tutorial_dag.py
[2026-09-08T13:49:46.929+0000] {processor.py:830} INFO - Processing file /home/airflow/.local/lib/python3.8/site-packages/airflow/example_dags/tutorial_dag.py for tasks to queue
[2026-09-08T13:49:46.932+0000] {logging_mixin.py:188} INFO - [2026-09-08T13:49:46.932+0000] {dagbag.py:540} INFO - Filling up the DagBag from /home/airflow/.local/lib/python3.8/site-packages/airflow/example_dags/tutorial_dag.py
[2026-09-08T13:49:46.939+0000] {processor.py:840} INFO - DAG(s) 'tutorial_dag' retrieved from /home/airflow/.local/lib/python3.8/site-packages/airflow/example_dags/tutorial_dag.py
[2026-09-08T13:49:46.961+0000] {logging_mixin.py:188} INFO - [2026-09-08T13:49:46.961+0000] {dag.py:3047} INFO - Sync 1 DAGs
[2026-09-08T13:49:46.976+0000] {logging_mixin.py:188} INFO - [2026-09-08T13:49:46.976+0000] {dag.py:3834} INFO - Setting next_dagrun for tutorial_dag to None, run_after=None
[2026-09-08T13:49:47.004+0000] {processor.py:183} INFO - Processing /home/airflow/.local/lib/python3.8/site-packages/airflow/example_dags/tutorial_dag.py took 0.084 seconds
[2026-09-08T13:50:17.354+0000] {processor.py:161} INFO - Started process (PID=709) to work on /home/airflow/.local/lib/python3.8/site-packages/airflow/example_dags/tutorial_dag.py
[2026-09-08T13:50:17.357+0000] {processor.py:830} INFO - Processing file /home/airflow/.local/lib/python3.8/site-packages/airflow/example_dags/tutorial_dag.py for tasks to queue
[2026-09-08T13:50:17.360+0000] {logging_mixin.py:188} INFO - [2026-09-08T13:50:17.359+0000] {dagbag.py:540} INFO - Filling up the DagBag from /home/airflow/.local/lib/python3.8/site-packages/airflow/example_dags/tutorial_dag.py
[2026-09-08T13:50:17.367+0000] {processor.py:840} INFO - DAG(s) 'tutorial_dag' retrieved from /home/airflow/.local/lib/python3.8/site-packages/airflow/example_dags/tutorial_dag.py
[2026-09-08T13:50:17.395+0000] {logging_mixin.py:188} INFO - [2026-09-08T13:50:17.395+0000] {dag.py:3047} INFO - Sync 1 DAGs
[2026-09-08T13:50:17.411+0000] {logging_mixin.py:188} INFO - [2026-09-08T13:50:17.410+0000] {dag.py:3834} INFO - Setting next_dagrun for tutorial_dag to None, run_after=None
[2026-09-08T13:50:17.435+0000] {processor.py:183} INFO - Processing /home/airflow/.local/lib/python3.8/site-packages/airflow/example_dags/tutorial_dag.py took 0.085 seconds
[2026-09-08T13:50:47.597+0000] {processor.py:161} INFO - Started process (PID=766) to work on /home/airflow/.local/lib/python3.8/site-packages/airflow/example_dags/tutorial_dag.py
[2026-09-08T13:50:47.600+0000] {processor.py:830} INFO - Processing file /home/airflow/.local/lib/python3.8/site-packages/airflow/example_dags/tutorial_dag.py for tasks to queue
[2026-09-08T13:50:47.605+0000] {logging_mixin.py:188} INFO - [2026-09-08T13:50:47.604+0000] {dagbag.py:540} INFO - Filling up the DagBag from /home/airflow/.local/lib/python3.8/site-packages/airflow/example_dags/tutorial_dag.py
[2026-09-08T13:50:47.613+0000] {processor.py:840} INFO - DAG(s) 'tutorial_dag' retrieved from /home/airflow/.local/lib/python3.8/site-packages/airflow/example_dags/tutorial_dag.py
[2026-09-08T13:50:47.646+0000] {logging_mixin.py:188} INFO - [2026-09-08T13:50:47.646+0000] {dag.py:3047} INFO - Sync 1 DAGs
[2026-09-08T13:50:47.664+0000] {logging_mixin.py:188} INFO - [2026-09-08T13:50:47.663+0000] {dag.py:3834} INFO - Setting next_dagrun for tutorial_dag to None, run_after=None
[2026-09-08T13:50:47.690+0000] {processor.py:183} INFO - Processing /home/airflow/.local/lib/python3.8/site-packages/airflow/example_dags/tutorial_dag.py took 0.098 seconds
[2026-09-08T13:51:17.929+0000] {processor.py:161} INFO - Started process (PID=823) to work on /home/airflow/.local/lib/python3.8/site-packages/airflow/example_dags/tutorial_dag.py
[2026-09-08T13:51:17.931+0000] {processor.py:830} INFO - Processing file /home/airflow/.local/lib/python3.8/site-packages/airflow/example_dags/tutorial_dag.py for tasks to queue
[2026-09-08T13:51:17.939+0000] {logging_mixin.py:188} INFO - [2026-09-08T13:51:17.938+0000] {dagbag.py:540} INFO - Filling up the DagBag from /home/airflow/.local/lib/python3.8/site-packages/airflow/example_dags/tutorial_dag.py
[2026-09-08T13:51:17.949+0000] {processor.py:840} INFO - DAG(s) 'tutorial_dag' retrieved from /home/airflow/.local/lib/python3.8/site-packages/airflow/example_dags/tutorial_dag.py
[2026-09-08T13:51:17.976+0000] {logging_mixin.py:188} INFO - [2026-09-08T13:51:17.976+0000] {dag.py:3047} INFO - Sync 1 DAGs
[2026-09-08T13:51:17.992+0000] {logging_mixin.py:188} INFO - [2026-09-08T13:51:17.992+0000] {dag.py:3834} INFO - Setting next_dagrun for tutorial_dag to None, run_after=None
[2026-09-08T13:51:18.020+0000] {processor.py:183} INFO - Processing /home/airflow/.local/lib/python3.8/site-packages/airflow/example_dags/tutorial_dag.py took 0.097 seconds
[2026-09-08T13:51:48.182+0000] {processor.py:161} INFO - Started process (PID=880) to work on /home/airflow/.local/lib/python3.8/site-packages/airflow/example_dags/tutorial_dag.py
[2026-09-08T13:51:48.184+0000] {processor.py:830} INFO - Processing file /home/airflow/.local/lib/python3.8/site-packages/airflow/example_dags/tutorial_dag.py for tasks to queue
[2026-09-08T13:51:48.186+0000] {logging_mixin.py:188} INFO - [2026-09-08T13:51:48.186+0000] {dagbag.py:540} INFO - Filling up the DagBag from /home/airflow/.local/lib/python3.8/site-packages/airflow/example_dags/tutorial_dag.py
[2026-09-08T13:51:48.192+0000] {processor.py:840} INFO - DAG(s) 'tutorial_dag' retrieved from /home/airflow/.local/lib/python3.8/site-packages/airflow/example_dags/tutorial_dag.py
[2026-09-08T13:51:48.218+0000] {logging_mixin.py:188} INFO - [2026-09-08T13:51:48.218+0000] {dag.py:3047} INFO - Sync 1 DAGs
[2026-09-08T13:51:48.236+0000] {logging_mixin.py:188} INFO - [2026-09-08T13:51:48.235+0000] {dag.py:3834} INFO - Setting next_dagrun for tutorial_dag to None, run_after=None
[2026-09-08T13:51:48.261+0000] {processor.py:183} INFO - Processing /home/airflow/.local/lib/python3.8/site-packages/airflow/example_dags/tutorial_dag.py took 0.082 seconds
[2026-09-08T13:52:18.629+0000] {processor.py:161} INFO - Started process (PID=937) to work on /home/airflow/.local/lib/python3.8/site-packages/airflow/example_dags/tutorial_dag.py
[2026-09-08T13:52:18.632+0000] {processor.py:830} INFO - Processing file /home/airflow/.local/lib/python3.8/site-packages/airflow/example_dags/tutorial_dag.py for tasks to queue
[2026-09-08T13:52:18.636+0000] {logging_mixin.py:188} INFO - [2026-09-08T13:52:18.636+0000] {dagbag.py:540} INFO - Filling up the DagBag from /home/airflow/.local/lib/python3.8/site-packages/airflow/example_dags/tutorial_dag.py
[2026-09-08T13:52:18.650+0000] {processor.py:840} INFO - DAG(s) 'tutorial_dag' retrieved from /home/airflow/.local/lib/python3.8/site-packages/airflow/example_dags/tutorial_dag.py
[2026-09-08T13:52:18.697+0000] {logging_mixin.py:188} INFO - [2026-09-08T13:52:18.697+0000] {dag.py:3047} INFO - Sync 1 DAGs
[2026-09-08T13:52:18.720+0000] {logging_mixin.py:188} INFO - [2026-09-08T13:52:18.720+0000] {dag.py:3834} INFO - Setting next_dagrun for tutorial_dag to None, run_after=None
[2026-09-08T13:52:18.751+0000] {processor.py:183} INFO - Processing /home/airflow/.local/lib/python3.8/site-packages/airflow/example_dags/tutorial_dag.py took 0.134 seconds
