[2026-08-21T22:46:39.542+0000] {processor.py:161} INFO - Started process (PID=52) to work on /opt/airflow/dags/dag_vertex_pipeline.py
[2026-08-21T22:46:39.544+0000] {processor.py:830} INFO - Processing file /opt/airflow/dags/dag_vertex_pipeline.py for tasks to queue
[2026-08-21T22:46:39.547+0000] {logging_mixin.py:188} INFO - [2026-08-21T22:46:39.547+0000] {dagbag.py:540} INFO - Filling up the DagBag from /opt/airflow/dags/dag_vertex_pipeline.py
[2026-08-21T22:46:41.380+0000] {processor.py:840} INFO - DAG(s) 'pipeline_vertex_etl' retrieved from /opt/airflow/dags/dag_vertex_pipeline.py
[2026-08-21T22:46:41.764+0000] {logging_mixin.py:188} INFO - [2026-08-21T22:46:41.763+0000] {dag.py:3047} INFO - Sync 1 DAGs
[2026-08-21T22:46:41.798+0000] {logging_mixin.py:188} INFO - [2026-08-21T22:46:41.798+0000] {dag.py:3834} INFO - Setting next_dagrun for pipeline_vertex_etl to 2026-09-01 00:00:00+00:00, run_after=2026-10-01 00:00:00+00:00
[2026-08-21T22:46:42.795+0000] {processor.py:183} INFO - Processing /opt/airflow/dags/dag_vertex_pipeline.py took 3.260 seconds
[2026-08-21T22:47:13.304+0000] {processor.py:161} INFO - Started process (PID=131) to work on /opt/airflow/dags/dag_vertex_pipeline.py
[2026-08-21T22:47:13.305+0000] {processor.py:830} INFO - Processing file /opt/airflow/dags/dag_vertex_pipeline.py for tasks to queue
[2026-08-21T22:47:13.309+0000] {logging_mixin.py:188} INFO - [2026-08-21T22:47:13.309+0000] {dagbag.py:540} INFO - Filling up the DagBag from /opt/airflow/dags/dag_vertex_pipeline.py
[2026-08-21T22:47:13.683+0000] {processor.py:840} INFO - DAG(s) 'pipeline_vertex_etl' retrieved from /opt/airflow/dags/dag_vertex_pipeline.py
[2026-08-21T22:47:13.709+0000] {logging_mixin.py:188} INFO - [2026-08-21T22:47:13.708+0000] {dag.py:3047} INFO - Sync 1 DAGs
[2026-08-21T22:47:13.735+0000] {logging_mixin.py:188} INFO - [2026-08-21T22:47:13.734+0000] {dag.py:3834} INFO - Setting next_dagrun for pipeline_vertex_etl to 2026-09-01 00:00:00+00:00, run_after=2026-10-01 00:00:00+00:00
[2026-08-21T22:47:13.760+0000] {processor.py:183} INFO - Processing /opt/airflow/dags/dag_vertex_pipeline.py took 0.461 seconds
[2026-08-21T22:47:44.385+0000] {processor.py:161} INFO - Started process (PID=188) to work on /opt/airflow/dags/dag_vertex_pipeline.py
[2026-08-21T22:47:44.389+0000] {processor.py:830} INFO - Processing file /opt/airflow/dags/dag_vertex_pipeline.py for tasks to queue
[2026-08-21T22:47:44.395+0000] {logging_mixin.py:188} INFO - [2026-08-21T22:47:44.395+0000] {dagbag.py:540} INFO - Filling up the DagBag from /opt/airflow/dags/dag_vertex_pipeline.py
[2026-08-21T22:47:44.977+0000] {processor.py:840} INFO - DAG(s) 'pipeline_vertex_etl' retrieved from /opt/airflow/dags/dag_vertex_pipeline.py
[2026-08-21T22:47:45.024+0000] {logging_mixin.py:188} INFO - [2026-08-21T22:47:45.020+0000] {dag.py:3047} INFO - Sync 1 DAGs
[2026-08-21T22:47:45.547+0000] {logging_mixin.py:188} INFO - [2026-08-21T22:47:45.538+0000] {dag.py:3834} INFO - Setting next_dagrun for pipeline_vertex_etl to 2026-09-01 00:00:00+00:00, run_after=2026-10-01 00:00:00+00:00
[2026-08-21T22:47:45.618+0000] {processor.py:183} INFO - Processing /opt/airflow/dags/dag_vertex_pipeline.py took 1.245 seconds
[2026-08-21T22:48:15.685+0000] {processor.py:161} INFO - Started process (PID=249) to work on /opt/airflow/dags/dag_vertex_pipeline.py
[2026-08-21T22:48:15.686+0000] {processor.py:830} INFO - Processing file /opt/airflow/dags/dag_vertex_pipeline.py for tasks to queue
[2026-08-21T22:48:15.691+0000] {logging_mixin.py:188} INFO - [2026-08-21T22:48:15.690+0000] {dagbag.py:540} INFO - Filling up the DagBag from /opt/airflow/dags/dag_vertex_pipeline.py
[2026-08-21T22:48:15.995+0000] {processor.py:840} INFO - DAG(s) 'pipeline_vertex_etl' retrieved from /opt/airflow/dags/dag_vertex_pipeline.py
[2026-08-21T22:48:16.017+0000] {logging_mixin.py:188} INFO - [2026-08-21T22:48:16.016+0000] {dag.py:3047} INFO - Sync 1 DAGs
[2026-08-21T22:48:16.189+0000] {logging_mixin.py:188} INFO - [2026-08-21T22:48:16.188+0000] {dag.py:3834} INFO - Setting next_dagrun for pipeline_vertex_etl to 2026-09-01 00:00:00+00:00, run_after=2026-10-01 00:00:00+00:00
[2026-08-21T22:48:16.209+0000] {processor.py:183} INFO - Processing /opt/airflow/dags/dag_vertex_pipeline.py took 0.528 seconds
[2026-08-21T22:48:47.159+0000] {processor.py:161} INFO - Started process (PID=306) to work on /opt/airflow/dags/dag_vertex_pipeline.py
[2026-08-21T22:48:47.160+0000] {processor.py:830} INFO - Processing file /opt/airflow/dags/dag_vertex_pipeline.py for tasks to queue
[2026-08-21T22:48:47.164+0000] {logging_mixin.py:188} INFO - [2026-08-21T22:48:47.163+0000] {dagbag.py:540} INFO - Filling up the DagBag from /opt/airflow/dags/dag_vertex_pipeline.py
[2026-08-21T22:48:47.553+0000] {processor.py:840} INFO - DAG(s) 'pipeline_vertex_etl' retrieved from /opt/airflow/dags/dag_vertex_pipeline.py
[2026-08-21T22:48:47.579+0000] {logging_mixin.py:188} INFO - [2026-08-21T22:48:47.579+0000] {dag.py:3047} INFO - Sync 1 DAGs
[2026-08-21T22:48:47.779+0000] {logging_mixin.py:188} INFO - [2026-08-21T22:48:47.779+0000] {dag.py:3834} INFO - Setting next_dagrun for pipeline_vertex_etl to 2026-09-01 00:00:00+00:00, run_after=2026-10-01 00:00:00+00:00
[2026-08-21T22:48:47.803+0000] {processor.py:183} INFO - Processing /opt/airflow/dags/dag_vertex_pipeline.py took 0.652 seconds
[2026-08-21T22:49:17.931+0000] {processor.py:161} INFO - Started process (PID=367) to work on /opt/airflow/dags/dag_vertex_pipeline.py
[2026-08-21T22:49:17.932+0000] {processor.py:830} INFO - Processing file /opt/airflow/dags/dag_vertex_pipeline.py for tasks to queue
[2026-08-21T22:49:17.935+0000] {logging_mixin.py:188} INFO - [2026-08-21T22:49:17.935+0000] {dagbag.py:540} INFO - Filling up the DagBag from /opt/airflow/dags/dag_vertex_pipeline.py
[2026-08-21T22:49:18.280+0000] {processor.py:840} INFO - DAG(s) 'pipeline_vertex_etl' retrieved from /opt/airflow/dags/dag_vertex_pipeline.py
[2026-08-21T22:49:18.304+0000] {logging_mixin.py:188} INFO - [2026-08-21T22:49:18.303+0000] {dag.py:3047} INFO - Sync 1 DAGs
[2026-08-21T22:49:18.336+0000] {logging_mixin.py:188} INFO - [2026-08-21T22:49:18.336+0000] {dag.py:3834} INFO - Setting next_dagrun for pipeline_vertex_etl to 2026-09-01 00:00:00+00:00, run_after=2026-10-01 00:00:00+00:00
[2026-08-21T22:49:18.511+0000] {processor.py:183} INFO - Processing /opt/airflow/dags/dag_vertex_pipeline.py took 0.584 seconds
[2026-08-21T22:49:48.655+0000] {processor.py:161} INFO - Started process (PID=428) to work on /opt/airflow/dags/dag_vertex_pipeline.py
[2026-08-21T22:49:48.657+0000] {processor.py:830} INFO - Processing file /opt/airflow/dags/dag_vertex_pipeline.py for tasks to queue
[2026-08-21T22:49:48.659+0000] {logging_mixin.py:188} INFO - [2026-08-21T22:49:48.659+0000] {dagbag.py:540} INFO - Filling up the DagBag from /opt/airflow/dags/dag_vertex_pipeline.py
[2026-08-21T22:49:49.221+0000] {processor.py:840} INFO - DAG(s) 'pipeline_vertex_etl' retrieved from /opt/airflow/dags/dag_vertex_pipeline.py
[2026-08-21T22:49:49.246+0000] {logging_mixin.py:188} INFO - [2026-08-21T22:49:49.245+0000] {dag.py:3047} INFO - Sync 1 DAGs
[2026-08-21T22:49:49.287+0000] {logging_mixin.py:188} INFO - [2026-08-21T22:49:49.287+0000] {dag.py:3834} INFO - Setting next_dagrun for pipeline_vertex_etl to 2026-09-01 00:00:00+00:00, run_after=2026-10-01 00:00:00+00:00
[2026-08-21T22:49:49.329+0000] {processor.py:183} INFO - Processing /opt/airflow/dags/dag_vertex_pipeline.py took 0.678 seconds
[2026-08-21T22:50:19.384+0000] {processor.py:161} INFO - Started process (PID=489) to work on /opt/airflow/dags/dag_vertex_pipeline.py
[2026-08-21T22:50:19.386+0000] {processor.py:830} INFO - Processing file /opt/airflow/dags/dag_vertex_pipeline.py for tasks to queue
[2026-08-21T22:50:19.388+0000] {logging_mixin.py:188} INFO - [2026-08-21T22:50:19.388+0000] {dagbag.py:540} INFO - Filling up the DagBag from /opt/airflow/dags/dag_vertex_pipeline.py
[2026-08-21T22:50:19.802+0000] {processor.py:840} INFO - DAG(s) 'pipeline_vertex_etl' retrieved from /opt/airflow/dags/dag_vertex_pipeline.py
[2026-08-21T22:50:19.821+0000] {logging_mixin.py:188} INFO - [2026-08-21T22:50:19.820+0000] {dag.py:3047} INFO - Sync 1 DAGs
[2026-08-21T22:50:19.841+0000] {logging_mixin.py:188} INFO - [2026-08-21T22:50:19.841+0000] {dag.py:3834} INFO - Setting next_dagrun for pipeline_vertex_etl to 2026-09-01 00:00:00+00:00, run_after=2026-10-01 00:00:00+00:00
[2026-08-21T22:50:19.861+0000] {processor.py:183} INFO - Processing /opt/airflow/dags/dag_vertex_pipeline.py took 0.480 seconds
[2026-08-21T22:50:50.451+0000] {processor.py:161} INFO - Started process (PID=546) to work on /opt/airflow/dags/dag_vertex_pipeline.py
[2026-08-21T22:50:50.453+0000] {processor.py:830} INFO - Processing file /opt/airflow/dags/dag_vertex_pipeline.py for tasks to queue
[2026-08-21T22:50:50.456+0000] {logging_mixin.py:188} INFO - [2026-08-21T22:50:50.455+0000] {dagbag.py:540} INFO - Filling up the DagBag from /opt/airflow/dags/dag_vertex_pipeline.py
[2026-08-21T22:50:50.983+0000] {processor.py:840} INFO - DAG(s) 'pipeline_vertex_etl' retrieved from /opt/airflow/dags/dag_vertex_pipeline.py
[2026-08-21T22:50:51.004+0000] {logging_mixin.py:188} INFO - [2026-08-21T22:50:51.003+0000] {dag.py:3047} INFO - Sync 1 DAGs
[2026-08-21T22:50:51.029+0000] {logging_mixin.py:188} INFO - [2026-08-21T22:50:51.028+0000] {dag.py:3834} INFO - Setting next_dagrun for pipeline_vertex_etl to 2026-09-01 00:00:00+00:00, run_after=2026-10-01 00:00:00+00:00
[2026-08-21T22:50:51.070+0000] {processor.py:183} INFO - Processing /opt/airflow/dags/dag_vertex_pipeline.py took 0.626 seconds
[2026-08-21T22:51:22.002+0000] {processor.py:161} INFO - Started process (PID=606) to work on /opt/airflow/dags/dag_vertex_pipeline.py
[2026-08-21T22:51:22.004+0000] {processor.py:830} INFO - Processing file /opt/airflow/dags/dag_vertex_pipeline.py for tasks to queue
[2026-08-21T22:51:22.007+0000] {logging_mixin.py:188} INFO - [2026-08-21T22:51:22.007+0000] {dagbag.py:540} INFO - Filling up the DagBag from /opt/airflow/dags/dag_vertex_pipeline.py
[2026-08-21T22:51:22.447+0000] {processor.py:840} INFO - DAG(s) 'pipeline_vertex_etl' retrieved from /opt/airflow/dags/dag_vertex_pipeline.py
[2026-08-21T22:51:22.465+0000] {logging_mixin.py:188} INFO - [2026-08-21T22:51:22.465+0000] {dag.py:3047} INFO - Sync 1 DAGs
[2026-08-21T22:51:22.486+0000] {logging_mixin.py:188} INFO - [2026-08-21T22:51:22.486+0000] {dag.py:3834} INFO - Setting next_dagrun for pipeline_vertex_etl to 2026-09-01 00:00:00+00:00, run_after=2026-10-01 00:00:00+00:00
[2026-08-21T22:51:22.510+0000] {processor.py:183} INFO - Processing /opt/airflow/dags/dag_vertex_pipeline.py took 0.513 seconds
[2026-08-21T22:51:53.425+0000] {processor.py:161} INFO - Started process (PID=664) to work on /opt/airflow/dags/dag_vertex_pipeline.py
[2026-08-21T22:51:53.428+0000] {processor.py:830} INFO - Processing file /opt/airflow/dags/dag_vertex_pipeline.py for tasks to queue
[2026-08-21T22:51:53.431+0000] {logging_mixin.py:188} INFO - [2026-08-21T22:51:53.430+0000] {dagbag.py:540} INFO - Filling up the DagBag from /opt/airflow/dags/dag_vertex_pipeline.py
[2026-08-21T22:51:53.942+0000] {processor.py:840} INFO - DAG(s) 'pipeline_vertex_etl' retrieved from /opt/airflow/dags/dag_vertex_pipeline.py
[2026-08-21T22:51:53.962+0000] {logging_mixin.py:188} INFO - [2026-08-21T22:51:53.962+0000] {dag.py:3047} INFO - Sync 1 DAGs
[2026-08-21T22:51:53.986+0000] {logging_mixin.py:188} INFO - [2026-08-21T22:51:53.985+0000] {dag.py:3834} INFO - Setting next_dagrun for pipeline_vertex_etl to 2026-09-01 00:00:00+00:00, run_after=2026-10-01 00:00:00+00:00
[2026-08-21T22:51:54.010+0000] {processor.py:183} INFO - Processing /opt/airflow/dags/dag_vertex_pipeline.py took 0.591 seconds
[2026-08-21T22:52:24.127+0000] {processor.py:161} INFO - Started process (PID=725) to work on /opt/airflow/dags/dag_vertex_pipeline.py
[2026-08-21T22:52:24.129+0000] {processor.py:830} INFO - Processing file /opt/airflow/dags/dag_vertex_pipeline.py for tasks to queue
[2026-08-21T22:52:24.131+0000] {logging_mixin.py:188} INFO - [2026-08-21T22:52:24.131+0000] {dagbag.py:540} INFO - Filling up the DagBag from /opt/airflow/dags/dag_vertex_pipeline.py
[2026-08-21T22:52:24.626+0000] {processor.py:840} INFO - DAG(s) 'pipeline_vertex_etl' retrieved from /opt/airflow/dags/dag_vertex_pipeline.py
[2026-08-21T22:52:24.647+0000] {logging_mixin.py:188} INFO - [2026-08-21T22:52:24.646+0000] {dag.py:3047} INFO - Sync 1 DAGs
[2026-08-21T22:52:24.677+0000] {logging_mixin.py:188} INFO - [2026-08-21T22:52:24.676+0000] {dag.py:3834} INFO - Setting next_dagrun for pipeline_vertex_etl to 2026-09-01 00:00:00+00:00, run_after=2026-10-01 00:00:00+00:00
[2026-08-21T22:52:24.720+0000] {processor.py:183} INFO - Processing /opt/airflow/dags/dag_vertex_pipeline.py took 0.597 seconds
[2026-08-21T22:52:54.826+0000] {processor.py:161} INFO - Started process (PID=784) to work on /opt/airflow/dags/dag_vertex_pipeline.py
[2026-08-21T22:52:54.828+0000] {processor.py:830} INFO - Processing file /opt/airflow/dags/dag_vertex_pipeline.py for tasks to queue
[2026-08-21T22:52:54.830+0000] {logging_mixin.py:188} INFO - [2026-08-21T22:52:54.830+0000] {dagbag.py:540} INFO - Filling up the DagBag from /opt/airflow/dags/dag_vertex_pipeline.py
[2026-08-21T22:52:55.587+0000] {processor.py:840} INFO - DAG(s) 'pipeline_vertex_etl' retrieved from /opt/airflow/dags/dag_vertex_pipeline.py
[2026-08-21T22:52:55.667+0000] {logging_mixin.py:188} INFO - [2026-08-21T22:52:55.666+0000] {dag.py:3047} INFO - Sync 1 DAGs
[2026-08-21T22:52:55.701+0000] {logging_mixin.py:188} INFO - [2026-08-21T22:52:55.700+0000] {dag.py:3834} INFO - Setting next_dagrun for pipeline_vertex_etl to 2026-09-01 00:00:00+00:00, run_after=2026-10-01 00:00:00+00:00
[2026-08-21T22:52:55.727+0000] {processor.py:183} INFO - Processing /opt/airflow/dags/dag_vertex_pipeline.py took 0.906 seconds
[2026-08-21T22:53:26.249+0000] {processor.py:161} INFO - Started process (PID=841) to work on /opt/airflow/dags/dag_vertex_pipeline.py
[2026-08-21T22:53:26.251+0000] {processor.py:830} INFO - Processing file /opt/airflow/dags/dag_vertex_pipeline.py for tasks to queue
[2026-08-21T22:53:26.254+0000] {logging_mixin.py:188} INFO - [2026-08-21T22:53:26.253+0000] {dagbag.py:540} INFO - Filling up the DagBag from /opt/airflow/dags/dag_vertex_pipeline.py
[2026-08-21T22:53:26.728+0000] {processor.py:840} INFO - DAG(s) 'pipeline_vertex_etl' retrieved from /opt/airflow/dags/dag_vertex_pipeline.py
[2026-08-21T22:53:26.750+0000] {logging_mixin.py:188} INFO - [2026-08-21T22:53:26.749+0000] {dag.py:3047} INFO - Sync 1 DAGs
[2026-08-21T22:53:26.775+0000] {logging_mixin.py:188} INFO - [2026-08-21T22:53:26.775+0000] {dag.py:3834} INFO - Setting next_dagrun for pipeline_vertex_etl to 2026-09-01 00:00:00+00:00, run_after=2026-10-01 00:00:00+00:00
[2026-08-21T22:53:26.797+0000] {processor.py:183} INFO - Processing /opt/airflow/dags/dag_vertex_pipeline.py took 0.552 seconds
[2026-08-21T22:53:57.020+0000] {processor.py:161} INFO - Started process (PID=900) to work on /opt/airflow/dags/dag_vertex_pipeline.py
[2026-08-21T22:53:57.021+0000] {processor.py:830} INFO - Processing file /opt/airflow/dags/dag_vertex_pipeline.py for tasks to queue
[2026-08-21T22:53:57.024+0000] {logging_mixin.py:188} INFO - [2026-08-21T22:53:57.024+0000] {dagbag.py:540} INFO - Filling up the DagBag from /opt/airflow/dags/dag_vertex_pipeline.py
[2026-08-21T22:53:57.549+0000] {processor.py:840} INFO - DAG(s) 'pipeline_vertex_etl' retrieved from /opt/airflow/dags/dag_vertex_pipeline.py
[2026-08-21T22:53:57.573+0000] {logging_mixin.py:188} INFO - [2026-08-21T22:53:57.572+0000] {dag.py:3047} INFO - Sync 1 DAGs
[2026-08-21T22:53:57.596+0000] {logging_mixin.py:188} INFO - [2026-08-21T22:53:57.596+0000] {dag.py:3834} INFO - Setting next_dagrun for pipeline_vertex_etl to 2026-09-01 00:00:00+00:00, run_after=2026-10-01 00:00:00+00:00
[2026-08-21T22:53:57.617+0000] {processor.py:183} INFO - Processing /opt/airflow/dags/dag_vertex_pipeline.py took 0.602 seconds
[2026-08-21T22:54:27.665+0000] {processor.py:161} INFO - Started process (PID=961) to work on /opt/airflow/dags/dag_vertex_pipeline.py
[2026-08-21T22:54:27.667+0000] {processor.py:830} INFO - Processing file /opt/airflow/dags/dag_vertex_pipeline.py for tasks to queue
[2026-08-21T22:54:27.669+0000] {logging_mixin.py:188} INFO - [2026-08-21T22:54:27.669+0000] {dagbag.py:540} INFO - Filling up the DagBag from /opt/airflow/dags/dag_vertex_pipeline.py
[2026-08-21T22:54:28.111+0000] {processor.py:840} INFO - DAG(s) 'pipeline_vertex_etl' retrieved from /opt/airflow/dags/dag_vertex_pipeline.py
[2026-08-21T22:54:28.130+0000] {logging_mixin.py:188} INFO - [2026-08-21T22:54:28.129+0000] {dag.py:3047} INFO - Sync 1 DAGs
[2026-08-21T22:54:28.154+0000] {logging_mixin.py:188} INFO - [2026-08-21T22:54:28.154+0000] {dag.py:3834} INFO - Setting next_dagrun for pipeline_vertex_etl to 2026-09-01 00:00:00+00:00, run_after=2026-10-01 00:00:00+00:00
[2026-08-21T22:54:28.175+0000] {processor.py:183} INFO - Processing /opt/airflow/dags/dag_vertex_pipeline.py took 0.514 seconds
[2026-08-21T22:54:59.132+0000] {processor.py:161} INFO - Started process (PID=1018) to work on /opt/airflow/dags/dag_vertex_pipeline.py
[2026-08-21T22:54:59.134+0000] {processor.py:830} INFO - Processing file /opt/airflow/dags/dag_vertex_pipeline.py for tasks to queue
[2026-08-21T22:54:59.136+0000] {logging_mixin.py:188} INFO - [2026-08-21T22:54:59.136+0000] {dagbag.py:540} INFO - Filling up the DagBag from /opt/airflow/dags/dag_vertex_pipeline.py
[2026-08-21T22:54:59.565+0000] {processor.py:840} INFO - DAG(s) 'pipeline_vertex_etl' retrieved from /opt/airflow/dags/dag_vertex_pipeline.py
[2026-08-21T22:54:59.584+0000] {logging_mixin.py:188} INFO - [2026-08-21T22:54:59.583+0000] {dag.py:3047} INFO - Sync 1 DAGs
[2026-08-21T22:54:59.605+0000] {logging_mixin.py:188} INFO - [2026-08-21T22:54:59.605+0000] {dag.py:3834} INFO - Setting next_dagrun for pipeline_vertex_etl to 2026-09-01 00:00:00+00:00, run_after=2026-10-01 00:00:00+00:00
[2026-08-21T22:54:59.626+0000] {processor.py:183} INFO - Processing /opt/airflow/dags/dag_vertex_pipeline.py took 0.499 seconds
[2026-08-21T22:55:29.796+0000] {processor.py:161} INFO - Started process (PID=1075) to work on /opt/airflow/dags/dag_vertex_pipeline.py
[2026-08-21T22:55:29.797+0000] {processor.py:830} INFO - Processing file /opt/airflow/dags/dag_vertex_pipeline.py for tasks to queue
[2026-08-21T22:55:29.801+0000] {logging_mixin.py:188} INFO - [2026-08-21T22:55:29.800+0000] {dagbag.py:540} INFO - Filling up the DagBag from /opt/airflow/dags/dag_vertex_pipeline.py
[2026-08-21T22:55:30.313+0000] {processor.py:840} INFO - DAG(s) 'pipeline_vertex_etl' retrieved from /opt/airflow/dags/dag_vertex_pipeline.py
[2026-08-21T22:55:30.334+0000] {logging_mixin.py:188} INFO - [2026-08-21T22:55:30.334+0000] {dag.py:3047} INFO - Sync 1 DAGs
[2026-08-21T22:55:30.356+0000] {logging_mixin.py:188} INFO - [2026-08-21T22:55:30.356+0000] {dag.py:3834} INFO - Setting next_dagrun for pipeline_vertex_etl to 2026-09-01 00:00:00+00:00, run_after=2026-10-01 00:00:00+00:00
[2026-08-21T22:55:30.381+0000] {processor.py:183} INFO - Processing /opt/airflow/dags/dag_vertex_pipeline.py took 0.590 seconds
[2026-08-21T22:56:01.243+0000] {processor.py:161} INFO - Started process (PID=1132) to work on /opt/airflow/dags/dag_vertex_pipeline.py
[2026-08-21T22:56:01.245+0000] {processor.py:830} INFO - Processing file /opt/airflow/dags/dag_vertex_pipeline.py for tasks to queue
[2026-08-21T22:56:01.249+0000] {logging_mixin.py:188} INFO - [2026-08-21T22:56:01.248+0000] {dagbag.py:540} INFO - Filling up the DagBag from /opt/airflow/dags/dag_vertex_pipeline.py
[2026-08-21T22:56:01.762+0000] {processor.py:840} INFO - DAG(s) 'pipeline_vertex_etl' retrieved from /opt/airflow/dags/dag_vertex_pipeline.py
[2026-08-21T22:56:01.786+0000] {logging_mixin.py:188} INFO - [2026-08-21T22:56:01.786+0000] {dag.py:3047} INFO - Sync 1 DAGs
[2026-08-21T22:56:01.811+0000] {logging_mixin.py:188} INFO - [2026-08-21T22:56:01.811+0000] {dag.py:3834} INFO - Setting next_dagrun for pipeline_vertex_etl to 2026-09-01 00:00:00+00:00, run_after=2026-10-01 00:00:00+00:00
[2026-08-21T22:56:01.839+0000] {processor.py:183} INFO - Processing /opt/airflow/dags/dag_vertex_pipeline.py took 0.602 seconds
[2026-08-21T22:56:31.910+0000] {processor.py:161} INFO - Started process (PID=1189) to work on /opt/airflow/dags/dag_vertex_pipeline.py
[2026-08-21T22:56:31.912+0000] {processor.py:830} INFO - Processing file /opt/airflow/dags/dag_vertex_pipeline.py for tasks to queue
[2026-08-21T22:56:31.915+0000] {logging_mixin.py:188} INFO - [2026-08-21T22:56:31.914+0000] {dagbag.py:540} INFO - Filling up the DagBag from /opt/airflow/dags/dag_vertex_pipeline.py
[2026-08-21T22:56:32.456+0000] {processor.py:840} INFO - DAG(s) 'pipeline_vertex_etl' retrieved from /opt/airflow/dags/dag_vertex_pipeline.py
[2026-08-21T22:56:32.486+0000] {logging_mixin.py:188} INFO - [2026-08-21T22:56:32.486+0000] {dag.py:3047} INFO - Sync 1 DAGs
[2026-08-21T22:56:32.516+0000] {logging_mixin.py:188} INFO - [2026-08-21T22:56:32.516+0000] {dag.py:3834} INFO - Setting next_dagrun for pipeline_vertex_etl to 2026-09-01 00:00:00+00:00, run_after=2026-10-01 00:00:00+00:00
[2026-08-21T22:56:32.548+0000] {processor.py:183} INFO - Processing /opt/airflow/dags/dag_vertex_pipeline.py took 0.643 seconds
[2026-08-21T22:57:02.622+0000] {processor.py:161} INFO - Started process (PID=1246) to work on /opt/airflow/dags/dag_vertex_pipeline.py
[2026-08-21T22:57:02.624+0000] {processor.py:830} INFO - Processing file /opt/airflow/dags/dag_vertex_pipeline.py for tasks to queue
[2026-08-21T22:57:02.626+0000] {logging_mixin.py:188} INFO - [2026-08-21T22:57:02.626+0000] {dagbag.py:540} INFO - Filling up the DagBag from /opt/airflow/dags/dag_vertex_pipeline.py
[2026-08-21T22:57:03.085+0000] {processor.py:840} INFO - DAG(s) 'pipeline_vertex_etl' retrieved from /opt/airflow/dags/dag_vertex_pipeline.py
[2026-08-21T22:57:03.106+0000] {logging_mixin.py:188} INFO - [2026-08-21T22:57:03.105+0000] {dag.py:3047} INFO - Sync 1 DAGs
[2026-08-21T22:57:03.127+0000] {logging_mixin.py:188} INFO - [2026-08-21T22:57:03.126+0000] {dag.py:3834} INFO - Setting next_dagrun for pipeline_vertex_etl to 2026-09-01 00:00:00+00:00, run_after=2026-10-01 00:00:00+00:00
[2026-08-21T22:57:03.146+0000] {processor.py:183} INFO - Processing /opt/airflow/dags/dag_vertex_pipeline.py took 0.528 seconds
[2026-08-21T22:57:33.232+0000] {processor.py:161} INFO - Started process (PID=1303) to work on /opt/airflow/dags/dag_vertex_pipeline.py
[2026-08-21T22:57:33.234+0000] {processor.py:830} INFO - Processing file /opt/airflow/dags/dag_vertex_pipeline.py for tasks to queue
[2026-08-21T22:57:33.237+0000] {logging_mixin.py:188} INFO - [2026-08-21T22:57:33.237+0000] {dagbag.py:540} INFO - Filling up the DagBag from /opt/airflow/dags/dag_vertex_pipeline.py
[2026-08-21T22:57:33.690+0000] {processor.py:840} INFO - DAG(s) 'pipeline_vertex_etl' retrieved from /opt/airflow/dags/dag_vertex_pipeline.py
[2026-08-21T22:57:33.714+0000] {logging_mixin.py:188} INFO - [2026-08-21T22:57:33.713+0000] {dag.py:3047} INFO - Sync 1 DAGs
[2026-08-21T22:57:33.737+0000] {logging_mixin.py:188} INFO - [2026-08-21T22:57:33.736+0000] {dag.py:3834} INFO - Setting next_dagrun for pipeline_vertex_etl to 2026-09-01 00:00:00+00:00, run_after=2026-10-01 00:00:00+00:00
[2026-08-21T22:57:33.760+0000] {processor.py:183} INFO - Processing /opt/airflow/dags/dag_vertex_pipeline.py took 0.533 seconds
[2026-08-21T22:58:04.487+0000] {processor.py:161} INFO - Started process (PID=1360) to work on /opt/airflow/dags/dag_vertex_pipeline.py
[2026-08-21T22:58:04.489+0000] {processor.py:830} INFO - Processing file /opt/airflow/dags/dag_vertex_pipeline.py for tasks to queue
[2026-08-21T22:58:04.493+0000] {logging_mixin.py:188} INFO - [2026-08-21T22:58:04.492+0000] {dagbag.py:540} INFO - Filling up the DagBag from /opt/airflow/dags/dag_vertex_pipeline.py
[2026-08-21T22:58:04.984+0000] {processor.py:840} INFO - DAG(s) 'pipeline_vertex_etl' retrieved from /opt/airflow/dags/dag_vertex_pipeline.py
[2026-08-21T22:58:05.003+0000] {logging_mixin.py:188} INFO - [2026-08-21T22:58:05.002+0000] {dag.py:3047} INFO - Sync 1 DAGs
[2026-08-21T22:58:05.026+0000] {logging_mixin.py:188} INFO - [2026-08-21T22:58:05.025+0000] {dag.py:3834} INFO - Setting next_dagrun for pipeline_vertex_etl to 2026-09-01 00:00:00+00:00, run_after=2026-10-01 00:00:00+00:00
[2026-08-21T22:58:05.056+0000] {processor.py:183} INFO - Processing /opt/airflow/dags/dag_vertex_pipeline.py took 0.574 seconds
[2026-08-21T22:58:35.194+0000] {processor.py:161} INFO - Started process (PID=1417) to work on /opt/airflow/dags/dag_vertex_pipeline.py
[2026-08-21T22:58:35.195+0000] {processor.py:830} INFO - Processing file /opt/airflow/dags/dag_vertex_pipeline.py for tasks to queue
[2026-08-21T22:58:35.198+0000] {logging_mixin.py:188} INFO - [2026-08-21T22:58:35.198+0000] {dagbag.py:540} INFO - Filling up the DagBag from /opt/airflow/dags/dag_vertex_pipeline.py
[2026-08-21T22:58:35.711+0000] {processor.py:840} INFO - DAG(s) 'pipeline_vertex_etl' retrieved from /opt/airflow/dags/dag_vertex_pipeline.py
[2026-08-21T22:58:35.729+0000] {logging_mixin.py:188} INFO - [2026-08-21T22:58:35.728+0000] {dag.py:3047} INFO - Sync 1 DAGs
[2026-08-21T22:58:35.752+0000] {logging_mixin.py:188} INFO - [2026-08-21T22:58:35.752+0000] {dag.py:3834} INFO - Setting next_dagrun for pipeline_vertex_etl to 2026-09-01 00:00:00+00:00, run_after=2026-10-01 00:00:00+00:00
[2026-08-21T22:58:35.773+0000] {processor.py:183} INFO - Processing /opt/airflow/dags/dag_vertex_pipeline.py took 0.582 seconds
[2026-08-21T22:59:06.557+0000] {processor.py:161} INFO - Started process (PID=1474) to work on /opt/airflow/dags/dag_vertex_pipeline.py
[2026-08-21T22:59:06.559+0000] {processor.py:830} INFO - Processing file /opt/airflow/dags/dag_vertex_pipeline.py for tasks to queue
[2026-08-21T22:59:06.563+0000] {logging_mixin.py:188} INFO - [2026-08-21T22:59:06.562+0000] {dagbag.py:540} INFO - Filling up the DagBag from /opt/airflow/dags/dag_vertex_pipeline.py
[2026-08-21T22:59:07.100+0000] {processor.py:840} INFO - DAG(s) 'pipeline_vertex_etl' retrieved from /opt/airflow/dags/dag_vertex_pipeline.py
[2026-08-21T22:59:07.123+0000] {logging_mixin.py:188} INFO - [2026-08-21T22:59:07.122+0000] {dag.py:3047} INFO - Sync 1 DAGs
[2026-08-21T22:59:07.152+0000] {logging_mixin.py:188} INFO - [2026-08-21T22:59:07.151+0000] {dag.py:3834} INFO - Setting next_dagrun for pipeline_vertex_etl to 2026-09-01 00:00:00+00:00, run_after=2026-10-01 00:00:00+00:00
[2026-08-21T22:59:07.176+0000] {processor.py:183} INFO - Processing /opt/airflow/dags/dag_vertex_pipeline.py took 0.623 seconds
[2026-08-21T22:59:37.979+0000] {processor.py:161} INFO - Started process (PID=1531) to work on /opt/airflow/dags/dag_vertex_pipeline.py
[2026-08-21T22:59:37.981+0000] {processor.py:830} INFO - Processing file /opt/airflow/dags/dag_vertex_pipeline.py for tasks to queue
[2026-08-21T22:59:37.985+0000] {logging_mixin.py:188} INFO - [2026-08-21T22:59:37.984+0000] {dagbag.py:540} INFO - Filling up the DagBag from /opt/airflow/dags/dag_vertex_pipeline.py
[2026-08-21T22:59:38.474+0000] {processor.py:840} INFO - DAG(s) 'pipeline_vertex_etl' retrieved from /opt/airflow/dags/dag_vertex_pipeline.py
[2026-08-21T22:59:38.498+0000] {logging_mixin.py:188} INFO - [2026-08-21T22:59:38.497+0000] {dag.py:3047} INFO - Sync 1 DAGs
[2026-08-21T22:59:38.526+0000] {logging_mixin.py:188} INFO - [2026-08-21T22:59:38.526+0000] {dag.py:3834} INFO - Setting next_dagrun for pipeline_vertex_etl to 2026-09-01 00:00:00+00:00, run_after=2026-10-01 00:00:00+00:00
[2026-08-21T22:59:38.553+0000] {processor.py:183} INFO - Processing /opt/airflow/dags/dag_vertex_pipeline.py took 0.579 seconds
[2026-08-21T23:00:09.512+0000] {processor.py:161} INFO - Started process (PID=1588) to work on /opt/airflow/dags/dag_vertex_pipeline.py
[2026-08-21T23:00:09.514+0000] {processor.py:830} INFO - Processing file /opt/airflow/dags/dag_vertex_pipeline.py for tasks to queue
[2026-08-21T23:00:09.516+0000] {logging_mixin.py:188} INFO - [2026-08-21T23:00:09.516+0000] {dagbag.py:540} INFO - Filling up the DagBag from /opt/airflow/dags/dag_vertex_pipeline.py
[2026-08-21T23:00:10.029+0000] {processor.py:840} INFO - DAG(s) 'pipeline_vertex_etl' retrieved from /opt/airflow/dags/dag_vertex_pipeline.py
[2026-08-21T23:00:10.048+0000] {logging_mixin.py:188} INFO - [2026-08-21T23:00:10.048+0000] {dag.py:3047} INFO - Sync 1 DAGs
[2026-08-21T23:00:10.071+0000] {logging_mixin.py:188} INFO - [2026-08-21T23:00:10.071+0000] {dag.py:3834} INFO - Setting next_dagrun for pipeline_vertex_etl to 2026-09-01 00:00:00+00:00, run_after=2026-10-01 00:00:00+00:00
[2026-08-21T23:00:10.101+0000] {processor.py:183} INFO - Processing /opt/airflow/dags/dag_vertex_pipeline.py took 0.592 seconds
[2026-08-21T23:00:40.860+0000] {processor.py:161} INFO - Started process (PID=1645) to work on /opt/airflow/dags/dag_vertex_pipeline.py
[2026-08-21T23:00:40.862+0000] {processor.py:830} INFO - Processing file /opt/airflow/dags/dag_vertex_pipeline.py for tasks to queue
[2026-08-21T23:00:40.866+0000] {logging_mixin.py:188} INFO - [2026-08-21T23:00:40.866+0000] {dagbag.py:540} INFO - Filling up the DagBag from /opt/airflow/dags/dag_vertex_pipeline.py
[2026-08-21T23:00:41.329+0000] {processor.py:840} INFO - DAG(s) 'pipeline_vertex_etl' retrieved from /opt/airflow/dags/dag_vertex_pipeline.py
[2026-08-21T23:00:41.353+0000] {logging_mixin.py:188} INFO - [2026-08-21T23:00:41.352+0000] {dag.py:3047} INFO - Sync 1 DAGs
[2026-08-21T23:00:41.377+0000] {logging_mixin.py:188} INFO - [2026-08-21T23:00:41.376+0000] {dag.py:3834} INFO - Setting next_dagrun for pipeline_vertex_etl to 2026-09-01 00:00:00+00:00, run_after=2026-10-01 00:00:00+00:00
[2026-08-21T23:00:41.397+0000] {processor.py:183} INFO - Processing /opt/airflow/dags/dag_vertex_pipeline.py took 0.544 seconds
[2026-08-21T23:01:11.725+0000] {processor.py:161} INFO - Started process (PID=1702) to work on /opt/airflow/dags/dag_vertex_pipeline.py
[2026-08-21T23:01:11.726+0000] {processor.py:830} INFO - Processing file /opt/airflow/dags/dag_vertex_pipeline.py for tasks to queue
[2026-08-21T23:01:11.730+0000] {logging_mixin.py:188} INFO - [2026-08-21T23:01:11.729+0000] {dagbag.py:540} INFO - Filling up the DagBag from /opt/airflow/dags/dag_vertex_pipeline.py
[2026-08-21T23:01:12.195+0000] {processor.py:840} INFO - DAG(s) 'pipeline_vertex_etl' retrieved from /opt/airflow/dags/dag_vertex_pipeline.py
[2026-08-21T23:01:12.215+0000] {logging_mixin.py:188} INFO - [2026-08-21T23:01:12.214+0000] {dag.py:3047} INFO - Sync 1 DAGs
[2026-08-21T23:01:12.237+0000] {logging_mixin.py:188} INFO - [2026-08-21T23:01:12.237+0000] {dag.py:3834} INFO - Setting next_dagrun for pipeline_vertex_etl to 2026-09-01 00:00:00+00:00, run_after=2026-10-01 00:00:00+00:00
[2026-08-21T23:01:12.259+0000] {processor.py:183} INFO - Processing /opt/airflow/dags/dag_vertex_pipeline.py took 0.541 seconds
[2026-08-21T23:01:43.141+0000] {processor.py:161} INFO - Started process (PID=1759) to work on /opt/airflow/dags/dag_vertex_pipeline.py
[2026-08-21T23:01:43.143+0000] {processor.py:830} INFO - Processing file /opt/airflow/dags/dag_vertex_pipeline.py for tasks to queue
[2026-08-21T23:01:43.147+0000] {logging_mixin.py:188} INFO - [2026-08-21T23:01:43.146+0000] {dagbag.py:540} INFO - Filling up the DagBag from /opt/airflow/dags/dag_vertex_pipeline.py
[2026-08-21T23:01:43.660+0000] {processor.py:840} INFO - DAG(s) 'pipeline_vertex_etl' retrieved from /opt/airflow/dags/dag_vertex_pipeline.py
[2026-08-21T23:01:43.680+0000] {logging_mixin.py:188} INFO - [2026-08-21T23:01:43.679+0000] {dag.py:3047} INFO - Sync 1 DAGs
[2026-08-21T23:01:43.702+0000] {logging_mixin.py:188} INFO - [2026-08-21T23:01:43.701+0000] {dag.py:3834} INFO - Setting next_dagrun for pipeline_vertex_etl to 2026-09-01 00:00:00+00:00, run_after=2026-10-01 00:00:00+00:00
[2026-08-21T23:01:43.721+0000] {processor.py:183} INFO - Processing /opt/airflow/dags/dag_vertex_pipeline.py took 0.587 seconds
[2026-08-21T23:02:14.274+0000] {processor.py:161} INFO - Started process (PID=1816) to work on /opt/airflow/dags/dag_vertex_pipeline.py
[2026-08-21T23:02:14.276+0000] {processor.py:830} INFO - Processing file /opt/airflow/dags/dag_vertex_pipeline.py for tasks to queue
[2026-08-21T23:02:14.278+0000] {logging_mixin.py:188} INFO - [2026-08-21T23:02:14.278+0000] {dagbag.py:540} INFO - Filling up the DagBag from /opt/airflow/dags/dag_vertex_pipeline.py
[2026-08-21T23:02:14.785+0000] {processor.py:840} INFO - DAG(s) 'pipeline_vertex_etl' retrieved from /opt/airflow/dags/dag_vertex_pipeline.py
[2026-08-21T23:02:14.823+0000] {logging_mixin.py:188} INFO - [2026-08-21T23:02:14.822+0000] {dag.py:3047} INFO - Sync 1 DAGs
[2026-08-21T23:02:14.872+0000] {logging_mixin.py:188} INFO - [2026-08-21T23:02:14.872+0000] {dag.py:3834} INFO - Setting next_dagrun for pipeline_vertex_etl to 2026-09-01 00:00:00+00:00, run_after=2026-10-01 00:00:00+00:00
[2026-08-21T23:02:14.893+0000] {processor.py:183} INFO - Processing /opt/airflow/dags/dag_vertex_pipeline.py took 0.622 seconds
[2026-08-21T23:02:41.191+0000] {processor.py:161} INFO - Started process (PID=1873) to work on /opt/airflow/dags/dag_vertex_pipeline.py
[2026-08-21T23:02:41.194+0000] {processor.py:830} INFO - Processing file /opt/airflow/dags/dag_vertex_pipeline.py for tasks to queue
[2026-08-21T23:02:41.199+0000] {logging_mixin.py:188} INFO - [2026-08-21T23:02:41.198+0000] {dagbag.py:540} INFO - Filling up the DagBag from /opt/airflow/dags/dag_vertex_pipeline.py
[2026-08-21T23:02:41.978+0000] {processor.py:840} INFO - DAG(s) 'pipeline_vertex_etl' retrieved from /opt/airflow/dags/dag_vertex_pipeline.py
[2026-08-21T23:02:42.149+0000] {logging_mixin.py:188} INFO - [2026-08-21T23:02:42.149+0000] {dag.py:3047} INFO - Sync 1 DAGs
[2026-08-21T23:02:42.180+0000] {logging_mixin.py:188} INFO - [2026-08-21T23:02:42.179+0000] {dag.py:3834} INFO - Setting next_dagrun for pipeline_vertex_etl to 2026-09-01 00:00:00+00:00, run_after=2026-10-01 00:00:00+00:00
[2026-08-21T23:02:42.206+0000] {processor.py:183} INFO - Processing /opt/airflow/dags/dag_vertex_pipeline.py took 1.021 seconds
[2026-08-21T23:03:12.331+0000] {processor.py:161} INFO - Started process (PID=1930) to work on /opt/airflow/dags/dag_vertex_pipeline.py
[2026-08-21T23:03:12.333+0000] {processor.py:830} INFO - Processing file /opt/airflow/dags/dag_vertex_pipeline.py for tasks to queue
[2026-08-21T23:03:12.336+0000] {logging_mixin.py:188} INFO - [2026-08-21T23:03:12.335+0000] {dagbag.py:540} INFO - Filling up the DagBag from /opt/airflow/dags/dag_vertex_pipeline.py
[2026-08-21T23:03:12.843+0000] {processor.py:840} INFO - DAG(s) 'pipeline_vertex_etl' retrieved from /opt/airflow/dags/dag_vertex_pipeline.py
[2026-08-21T23:03:12.867+0000] {logging_mixin.py:188} INFO - [2026-08-21T23:03:12.867+0000] {dag.py:3047} INFO - Sync 1 DAGs
[2026-08-21T23:03:12.891+0000] {logging_mixin.py:188} INFO - [2026-08-21T23:03:12.891+0000] {dag.py:3834} INFO - Setting next_dagrun for pipeline_vertex_etl to 2026-09-01 00:00:00+00:00, run_after=2026-10-01 00:00:00+00:00
[2026-08-21T23:03:12.916+0000] {processor.py:183} INFO - Processing /opt/airflow/dags/dag_vertex_pipeline.py took 0.588 seconds
[2026-08-21T23:03:43.398+0000] {processor.py:161} INFO - Started process (PID=1987) to work on /opt/airflow/dags/dag_vertex_pipeline.py
[2026-08-21T23:03:43.400+0000] {processor.py:830} INFO - Processing file /opt/airflow/dags/dag_vertex_pipeline.py for tasks to queue
[2026-08-21T23:03:43.403+0000] {logging_mixin.py:188} INFO - [2026-08-21T23:03:43.402+0000] {dagbag.py:540} INFO - Filling up the DagBag from /opt/airflow/dags/dag_vertex_pipeline.py
[2026-08-21T23:03:43.905+0000] {processor.py:840} INFO - DAG(s) 'pipeline_vertex_etl' retrieved from /opt/airflow/dags/dag_vertex_pipeline.py
[2026-08-21T23:03:43.924+0000] {logging_mixin.py:188} INFO - [2026-08-21T23:03:43.924+0000] {dag.py:3047} INFO - Sync 1 DAGs
[2026-08-21T23:03:43.947+0000] {logging_mixin.py:188} INFO - [2026-08-21T23:03:43.946+0000] {dag.py:3834} INFO - Setting next_dagrun for pipeline_vertex_etl to 2026-09-01 00:00:00+00:00, run_after=2026-10-01 00:00:00+00:00
[2026-08-21T23:03:43.968+0000] {processor.py:183} INFO - Processing /opt/airflow/dags/dag_vertex_pipeline.py took 0.575 seconds
[2026-08-21T23:04:14.034+0000] {processor.py:161} INFO - Started process (PID=2044) to work on /opt/airflow/dags/dag_vertex_pipeline.py
[2026-08-21T23:04:14.036+0000] {processor.py:830} INFO - Processing file /opt/airflow/dags/dag_vertex_pipeline.py for tasks to queue
[2026-08-21T23:04:14.039+0000] {logging_mixin.py:188} INFO - [2026-08-21T23:04:14.039+0000] {dagbag.py:540} INFO - Filling up the DagBag from /opt/airflow/dags/dag_vertex_pipeline.py
[2026-08-21T23:04:14.505+0000] {processor.py:840} INFO - DAG(s) 'pipeline_vertex_etl' retrieved from /opt/airflow/dags/dag_vertex_pipeline.py
[2026-08-21T23:04:14.530+0000] {logging_mixin.py:188} INFO - [2026-08-21T23:04:14.529+0000] {dag.py:3047} INFO - Sync 1 DAGs
[2026-08-21T23:04:14.560+0000] {logging_mixin.py:188} INFO - [2026-08-21T23:04:14.559+0000] {dag.py:3834} INFO - Setting next_dagrun for pipeline_vertex_etl to 2026-09-01 00:00:00+00:00, run_after=2026-10-01 00:00:00+00:00
[2026-08-21T23:04:14.583+0000] {processor.py:183} INFO - Processing /opt/airflow/dags/dag_vertex_pipeline.py took 0.553 seconds
[2026-08-21T23:04:45.077+0000] {processor.py:161} INFO - Started process (PID=2107) to work on /opt/airflow/dags/dag_vertex_pipeline.py
[2026-08-21T23:04:45.078+0000] {processor.py:830} INFO - Processing file /opt/airflow/dags/dag_vertex_pipeline.py for tasks to queue
[2026-08-21T23:04:45.081+0000] {logging_mixin.py:188} INFO - [2026-08-21T23:04:45.080+0000] {dagbag.py:540} INFO - Filling up the DagBag from /opt/airflow/dags/dag_vertex_pipeline.py
[2026-08-21T23:04:45.506+0000] {processor.py:840} INFO - DAG(s) 'pipeline_vertex_etl' retrieved from /opt/airflow/dags/dag_vertex_pipeline.py
[2026-08-21T23:04:45.525+0000] {logging_mixin.py:188} INFO - [2026-08-21T23:04:45.525+0000] {dag.py:3047} INFO - Sync 1 DAGs
[2026-08-21T23:04:45.546+0000] {logging_mixin.py:188} INFO - [2026-08-21T23:04:45.545+0000] {dag.py:3834} INFO - Setting next_dagrun for pipeline_vertex_etl to 2026-09-01 00:00:00+00:00, run_after=2026-10-01 00:00:00+00:00
[2026-08-21T23:04:45.565+0000] {processor.py:183} INFO - Processing /opt/airflow/dags/dag_vertex_pipeline.py took 0.492 seconds
[2026-08-21T23:05:15.896+0000] {processor.py:161} INFO - Started process (PID=2164) to work on /opt/airflow/dags/dag_vertex_pipeline.py
[2026-08-21T23:05:15.899+0000] {processor.py:830} INFO - Processing file /opt/airflow/dags/dag_vertex_pipeline.py for tasks to queue
[2026-08-21T23:05:15.903+0000] {logging_mixin.py:188} INFO - [2026-08-21T23:05:15.902+0000] {dagbag.py:540} INFO - Filling up the DagBag from /opt/airflow/dags/dag_vertex_pipeline.py
[2026-08-21T23:05:16.396+0000] {processor.py:840} INFO - DAG(s) 'pipeline_vertex_etl' retrieved from /opt/airflow/dags/dag_vertex_pipeline.py
[2026-08-21T23:05:16.432+0000] {logging_mixin.py:188} INFO - [2026-08-21T23:05:16.432+0000] {dag.py:3047} INFO - Sync 1 DAGs
[2026-08-21T23:05:16.462+0000] {logging_mixin.py:188} INFO - [2026-08-21T23:05:16.461+0000] {dag.py:3834} INFO - Setting next_dagrun for pipeline_vertex_etl to 2026-09-01 00:00:00+00:00, run_after=2026-10-01 00:00:00+00:00
[2026-08-21T23:05:16.484+0000] {processor.py:183} INFO - Processing /opt/airflow/dags/dag_vertex_pipeline.py took 0.592 seconds
[2026-08-21T23:05:47.308+0000] {processor.py:161} INFO - Started process (PID=2221) to work on /opt/airflow/dags/dag_vertex_pipeline.py
[2026-08-21T23:05:47.310+0000] {processor.py:830} INFO - Processing file /opt/airflow/dags/dag_vertex_pipeline.py for tasks to queue
[2026-08-21T23:05:47.312+0000] {logging_mixin.py:188} INFO - [2026-08-21T23:05:47.312+0000] {dagbag.py:540} INFO - Filling up the DagBag from /opt/airflow/dags/dag_vertex_pipeline.py
[2026-08-21T23:05:47.825+0000] {processor.py:840} INFO - DAG(s) 'pipeline_vertex_etl' retrieved from /opt/airflow/dags/dag_vertex_pipeline.py
[2026-08-21T23:05:47.847+0000] {logging_mixin.py:188} INFO - [2026-08-21T23:05:47.846+0000] {dag.py:3047} INFO - Sync 1 DAGs
[2026-08-21T23:05:47.871+0000] {logging_mixin.py:188} INFO - [2026-08-21T23:05:47.871+0000] {dag.py:3834} INFO - Setting next_dagrun for pipeline_vertex_etl to 2026-09-01 00:00:00+00:00, run_after=2026-10-01 00:00:00+00:00
[2026-08-21T23:05:47.896+0000] {processor.py:183} INFO - Processing /opt/airflow/dags/dag_vertex_pipeline.py took 0.592 seconds
[2026-08-21T23:06:18.045+0000] {processor.py:161} INFO - Started process (PID=2278) to work on /opt/airflow/dags/dag_vertex_pipeline.py
[2026-08-21T23:06:18.046+0000] {processor.py:830} INFO - Processing file /opt/airflow/dags/dag_vertex_pipeline.py for tasks to queue
[2026-08-21T23:06:18.050+0000] {logging_mixin.py:188} INFO - [2026-08-21T23:06:18.050+0000] {dagbag.py:540} INFO - Filling up the DagBag from /opt/airflow/dags/dag_vertex_pipeline.py
[2026-08-21T23:06:18.588+0000] {processor.py:840} INFO - DAG(s) 'pipeline_vertex_etl' retrieved from /opt/airflow/dags/dag_vertex_pipeline.py
[2026-08-21T23:06:18.607+0000] {logging_mixin.py:188} INFO - [2026-08-21T23:06:18.607+0000] {dag.py:3047} INFO - Sync 1 DAGs
[2026-08-21T23:06:18.638+0000] {logging_mixin.py:188} INFO - [2026-08-21T23:06:18.638+0000] {dag.py:3834} INFO - Setting next_dagrun for pipeline_vertex_etl to 2026-09-01 00:00:00+00:00, run_after=2026-10-01 00:00:00+00:00
[2026-08-21T23:06:18.667+0000] {processor.py:183} INFO - Processing /opt/airflow/dags/dag_vertex_pipeline.py took 0.628 seconds
[2026-08-21T23:06:48.877+0000] {processor.py:161} INFO - Started process (PID=2335) to work on /opt/airflow/dags/dag_vertex_pipeline.py
[2026-08-21T23:06:48.879+0000] {processor.py:830} INFO - Processing file /opt/airflow/dags/dag_vertex_pipeline.py for tasks to queue
[2026-08-21T23:06:48.884+0000] {logging_mixin.py:188} INFO - [2026-08-21T23:06:48.883+0000] {dagbag.py:540} INFO - Filling up the DagBag from /opt/airflow/dags/dag_vertex_pipeline.py
[2026-08-21T23:06:49.540+0000] {processor.py:840} INFO - DAG(s) 'pipeline_vertex_etl' retrieved from /opt/airflow/dags/dag_vertex_pipeline.py
[2026-08-21T23:06:49.574+0000] {logging_mixin.py:188} INFO - [2026-08-21T23:06:49.573+0000] {dag.py:3047} INFO - Sync 1 DAGs
[2026-08-21T23:06:49.619+0000] {logging_mixin.py:188} INFO - [2026-08-21T23:06:49.618+0000] {dag.py:3834} INFO - Setting next_dagrun for pipeline_vertex_etl to 2026-09-01 00:00:00+00:00, run_after=2026-10-01 00:00:00+00:00
[2026-08-21T23:06:49.651+0000] {processor.py:183} INFO - Processing /opt/airflow/dags/dag_vertex_pipeline.py took 0.779 seconds
[2026-08-21T23:07:19.868+0000] {processor.py:161} INFO - Started process (PID=2392) to work on /opt/airflow/dags/dag_vertex_pipeline.py
[2026-08-21T23:07:19.870+0000] {processor.py:830} INFO - Processing file /opt/airflow/dags/dag_vertex_pipeline.py for tasks to queue
[2026-08-21T23:07:19.873+0000] {logging_mixin.py:188} INFO - [2026-08-21T23:07:19.873+0000] {dagbag.py:540} INFO - Filling up the DagBag from /opt/airflow/dags/dag_vertex_pipeline.py
[2026-08-21T23:07:20.383+0000] {processor.py:840} INFO - DAG(s) 'pipeline_vertex_etl' retrieved from /opt/airflow/dags/dag_vertex_pipeline.py
[2026-08-21T23:07:20.405+0000] {logging_mixin.py:188} INFO - [2026-08-21T23:07:20.404+0000] {dag.py:3047} INFO - Sync 1 DAGs
[2026-08-21T23:07:20.428+0000] {logging_mixin.py:188} INFO - [2026-08-21T23:07:20.428+0000] {dag.py:3834} INFO - Setting next_dagrun for pipeline_vertex_etl to 2026-09-01 00:00:00+00:00, run_after=2026-10-01 00:00:00+00:00
[2026-08-21T23:07:20.452+0000] {processor.py:183} INFO - Processing /opt/airflow/dags/dag_vertex_pipeline.py took 0.588 seconds
[2026-08-21T23:07:50.876+0000] {processor.py:161} INFO - Started process (PID=2449) to work on /opt/airflow/dags/dag_vertex_pipeline.py
[2026-08-21T23:07:50.879+0000] {processor.py:830} INFO - Processing file /opt/airflow/dags/dag_vertex_pipeline.py for tasks to queue
[2026-08-21T23:07:50.883+0000] {logging_mixin.py:188} INFO - [2026-08-21T23:07:50.882+0000] {dagbag.py:540} INFO - Filling up the DagBag from /opt/airflow/dags/dag_vertex_pipeline.py
[2026-08-21T23:07:51.341+0000] {processor.py:840} INFO - DAG(s) 'pipeline_vertex_etl' retrieved from /opt/airflow/dags/dag_vertex_pipeline.py
[2026-08-21T23:07:51.368+0000] {logging_mixin.py:188} INFO - [2026-08-21T23:07:51.368+0000] {dag.py:3047} INFO - Sync 1 DAGs
[2026-08-21T23:07:51.400+0000] {logging_mixin.py:188} INFO - [2026-08-21T23:07:51.400+0000] {dag.py:3834} INFO - Setting next_dagrun for pipeline_vertex_etl to 2026-09-01 00:00:00+00:00, run_after=2026-10-01 00:00:00+00:00
[2026-08-21T23:07:51.424+0000] {processor.py:183} INFO - Processing /opt/airflow/dags/dag_vertex_pipeline.py took 0.554 seconds
[2026-08-21T23:07:54.837+0000] {processor.py:161} INFO - Started process (PID=2453) to work on /opt/airflow/dags/dag_vertex_pipeline.py
[2026-08-21T23:07:54.839+0000] {processor.py:830} INFO - Processing file /opt/airflow/dags/dag_vertex_pipeline.py for tasks to queue
[2026-08-21T23:07:54.842+0000] {logging_mixin.py:188} INFO - [2026-08-21T23:07:54.842+0000] {dagbag.py:540} INFO - Filling up the DagBag from /opt/airflow/dags/dag_vertex_pipeline.py
[2026-08-21T23:07:55.418+0000] {processor.py:840} INFO - DAG(s) 'pipeline_vertex_etl' retrieved from /opt/airflow/dags/dag_vertex_pipeline.py
[2026-08-21T23:07:55.444+0000] {logging_mixin.py:188} INFO - [2026-08-21T23:07:55.443+0000] {dag.py:3047} INFO - Sync 1 DAGs
[2026-08-21T23:07:55.473+0000] {logging_mixin.py:188} INFO - [2026-08-21T23:07:55.472+0000] {dag.py:3834} INFO - Setting next_dagrun for pipeline_vertex_etl to 2026-09-01 00:00:00+00:00, run_after=2026-10-01 00:00:00+00:00
[2026-08-21T23:07:55.504+0000] {processor.py:183} INFO - Processing /opt/airflow/dags/dag_vertex_pipeline.py took 0.673 seconds
