[2026-08-21T22:46:47.305+0000] {processor.py:161} INFO - Started process (PID=102) to work on /home/airflow/.local/lib/python3.8/site-packages/airflow/example_dags/example_xcom.py
[2026-08-21T22:46:47.307+0000] {processor.py:830} INFO - Processing file /home/airflow/.local/lib/python3.8/site-packages/airflow/example_dags/example_xcom.py for tasks to queue
[2026-08-21T22:46:47.312+0000] {logging_mixin.py:188} INFO - [2026-08-21T22:46:47.311+0000] {dagbag.py:540} INFO - Filling up the DagBag from /home/airflow/.local/lib/python3.8/site-packages/airflow/example_dags/example_xcom.py
[2026-08-21T22:46:47.331+0000] {processor.py:840} INFO - DAG(s) 'example_xcom' retrieved from /home/airflow/.local/lib/python3.8/site-packages/airflow/example_dags/example_xcom.py
[2026-08-21T22:46:47.492+0000] {logging_mixin.py:188} INFO - [2026-08-21T22:46:47.492+0000] {dag.py:3047} INFO - Sync 1 DAGs
[2026-08-21T22:46:47.524+0000] {logging_mixin.py:188} INFO - [2026-08-21T22:46:47.524+0000] {dag.py:3834} INFO - Setting next_dagrun for example_xcom to 2021-01-01 00:00:00+00:00, run_after=2021-01-01 00:00:00+00:00
[2026-08-21T22:46:47.549+0000] {processor.py:183} INFO - Processing /home/airflow/.local/lib/python3.8/site-packages/airflow/example_dags/example_xcom.py took 0.251 seconds
[2026-08-21T22:47:18.023+0000] {processor.py:161} INFO - Started process (PID=159) to work on /home/airflow/.local/lib/python3.8/site-packages/airflow/example_dags/example_xcom.py
[2026-08-21T22:47:18.025+0000] {processor.py:830} INFO - Processing file /home/airflow/.local/lib/python3.8/site-packages/airflow/example_dags/example_xcom.py for tasks to queue
[2026-08-21T22:47:18.027+0000] {logging_mixin.py:188} INFO - [2026-08-21T22:47:18.027+0000] {dagbag.py:540} INFO - Filling up the DagBag from /home/airflow/.local/lib/python3.8/site-packages/airflow/example_dags/example_xcom.py
[2026-08-21T22:47:18.037+0000] {processor.py:840} INFO - DAG(s) 'example_xcom' retrieved from /home/airflow/.local/lib/python3.8/site-packages/airflow/example_dags/example_xcom.py
[2026-08-21T22:47:18.065+0000] {logging_mixin.py:188} INFO - [2026-08-21T22:47:18.065+0000] {dag.py:3047} INFO - Sync 1 DAGs
[2026-08-21T22:47:18.100+0000] {logging_mixin.py:188} INFO - [2026-08-21T22:47:18.100+0000] {dag.py:3834} INFO - Setting next_dagrun for example_xcom to 2021-01-01 00:00:00+00:00, run_after=2021-01-01 00:00:00+00:00
[2026-08-21T22:47:18.128+0000] {processor.py:183} INFO - Processing /home/airflow/.local/lib/python3.8/site-packages/airflow/example_dags/example_xcom.py took 0.108 seconds
[2026-08-21T22:47:48.695+0000] {processor.py:161} INFO - Started process (PID=216) to work on /home/airflow/.local/lib/python3.8/site-packages/airflow/example_dags/example_xcom.py
[2026-08-21T22:47:48.697+0000] {processor.py:830} INFO - Processing file /home/airflow/.local/lib/python3.8/site-packages/airflow/example_dags/example_xcom.py for tasks to queue
[2026-08-21T22:47:48.701+0000] {logging_mixin.py:188} INFO - [2026-08-21T22:47:48.700+0000] {dagbag.py:540} INFO - Filling up the DagBag from /home/airflow/.local/lib/python3.8/site-packages/airflow/example_dags/example_xcom.py
[2026-08-21T22:47:48.713+0000] {processor.py:840} INFO - DAG(s) 'example_xcom' retrieved from /home/airflow/.local/lib/python3.8/site-packages/airflow/example_dags/example_xcom.py
[2026-08-21T22:47:48.741+0000] {logging_mixin.py:188} INFO - [2026-08-21T22:47:48.741+0000] {dag.py:3047} INFO - Sync 1 DAGs
[2026-08-21T22:47:48.767+0000] {logging_mixin.py:188} INFO - [2026-08-21T22:47:48.767+0000] {dag.py:3834} INFO - Setting next_dagrun for example_xcom to 2021-01-01 00:00:00+00:00, run_after=2021-01-01 00:00:00+00:00
[2026-08-21T22:47:48.788+0000] {processor.py:183} INFO - Processing /home/airflow/.local/lib/python3.8/site-packages/airflow/example_dags/example_xcom.py took 0.100 seconds
[2026-08-21T22:48:19.176+0000] {processor.py:161} INFO - Started process (PID=273) to work on /home/airflow/.local/lib/python3.8/site-packages/airflow/example_dags/example_xcom.py
[2026-08-21T22:48:19.179+0000] {processor.py:830} INFO - Processing file /home/airflow/.local/lib/python3.8/site-packages/airflow/example_dags/example_xcom.py for tasks to queue
[2026-08-21T22:48:19.183+0000] {logging_mixin.py:188} INFO - [2026-08-21T22:48:19.183+0000] {dagbag.py:540} INFO - Filling up the DagBag from /home/airflow/.local/lib/python3.8/site-packages/airflow/example_dags/example_xcom.py
[2026-08-21T22:48:19.198+0000] {processor.py:840} INFO - DAG(s) 'example_xcom' retrieved from /home/airflow/.local/lib/python3.8/site-packages/airflow/example_dags/example_xcom.py
[2026-08-21T22:48:19.224+0000] {logging_mixin.py:188} INFO - [2026-08-21T22:48:19.223+0000] {dag.py:3047} INFO - Sync 1 DAGs
[2026-08-21T22:48:19.249+0000] {logging_mixin.py:188} INFO - [2026-08-21T22:48:19.249+0000] {dag.py:3834} INFO - Setting next_dagrun for example_xcom to 2021-01-01 00:00:00+00:00, run_after=2021-01-01 00:00:00+00:00
[2026-08-21T22:48:19.275+0000] {processor.py:183} INFO - Processing /home/airflow/.local/lib/python3.8/site-packages/airflow/example_dags/example_xcom.py took 0.107 seconds
[2026-08-21T22:48:50.045+0000] {processor.py:161} INFO - Started process (PID=330) to work on /home/airflow/.local/lib/python3.8/site-packages/airflow/example_dags/example_xcom.py
[2026-08-21T22:48:50.047+0000] {processor.py:830} INFO - Processing file /home/airflow/.local/lib/python3.8/site-packages/airflow/example_dags/example_xcom.py for tasks to queue
[2026-08-21T22:48:50.049+0000] {logging_mixin.py:188} INFO - [2026-08-21T22:48:50.049+0000] {dagbag.py:540} INFO - Filling up the DagBag from /home/airflow/.local/lib/python3.8/site-packages/airflow/example_dags/example_xcom.py
[2026-08-21T22:48:50.059+0000] {processor.py:840} INFO - DAG(s) 'example_xcom' retrieved from /home/airflow/.local/lib/python3.8/site-packages/airflow/example_dags/example_xcom.py
[2026-08-21T22:48:50.085+0000] {logging_mixin.py:188} INFO - [2026-08-21T22:48:50.084+0000] {dag.py:3047} INFO - Sync 1 DAGs
[2026-08-21T22:48:50.111+0000] {logging_mixin.py:188} INFO - [2026-08-21T22:48:50.110+0000] {dag.py:3834} INFO - Setting next_dagrun for example_xcom to 2021-01-01 00:00:00+00:00, run_after=2021-01-01 00:00:00+00:00
[2026-08-21T22:48:50.131+0000] {processor.py:183} INFO - Processing /home/airflow/.local/lib/python3.8/site-packages/airflow/example_dags/example_xcom.py took 0.089 seconds
[2026-08-21T22:49:20.432+0000] {processor.py:161} INFO - Started process (PID=387) to work on /home/airflow/.local/lib/python3.8/site-packages/airflow/example_dags/example_xcom.py
[2026-08-21T22:49:20.434+0000] {processor.py:830} INFO - Processing file /home/airflow/.local/lib/python3.8/site-packages/airflow/example_dags/example_xcom.py for tasks to queue
[2026-08-21T22:49:20.437+0000] {logging_mixin.py:188} INFO - [2026-08-21T22:49:20.436+0000] {dagbag.py:540} INFO - Filling up the DagBag from /home/airflow/.local/lib/python3.8/site-packages/airflow/example_dags/example_xcom.py
[2026-08-21T22:49:20.447+0000] {processor.py:840} INFO - DAG(s) 'example_xcom' retrieved from /home/airflow/.local/lib/python3.8/site-packages/airflow/example_dags/example_xcom.py
[2026-08-21T22:49:20.473+0000] {logging_mixin.py:188} INFO - [2026-08-21T22:49:20.472+0000] {dag.py:3047} INFO - Sync 1 DAGs
[2026-08-21T22:49:20.496+0000] {logging_mixin.py:188} INFO - [2026-08-21T22:49:20.496+0000] {dag.py:3834} INFO - Setting next_dagrun for example_xcom to 2021-01-01 00:00:00+00:00, run_after=2021-01-01 00:00:00+00:00
[2026-08-21T22:49:20.520+0000] {processor.py:183} INFO - Processing /home/airflow/.local/lib/python3.8/site-packages/airflow/example_dags/example_xcom.py took 0.093 seconds
[2026-08-21T22:49:50.931+0000] {processor.py:161} INFO - Started process (PID=443) to work on /home/airflow/.local/lib/python3.8/site-packages/airflow/example_dags/example_xcom.py
[2026-08-21T22:49:50.933+0000] {processor.py:830} INFO - Processing file /home/airflow/.local/lib/python3.8/site-packages/airflow/example_dags/example_xcom.py for tasks to queue
[2026-08-21T22:49:50.937+0000] {logging_mixin.py:188} INFO - [2026-08-21T22:49:50.936+0000] {dagbag.py:540} INFO - Filling up the DagBag from /home/airflow/.local/lib/python3.8/site-packages/airflow/example_dags/example_xcom.py
[2026-08-21T22:49:50.952+0000] {processor.py:840} INFO - DAG(s) 'example_xcom' retrieved from /home/airflow/.local/lib/python3.8/site-packages/airflow/example_dags/example_xcom.py
[2026-08-21T22:49:50.984+0000] {logging_mixin.py:188} INFO - [2026-08-21T22:49:50.984+0000] {dag.py:3047} INFO - Sync 1 DAGs
[2026-08-21T22:49:51.015+0000] {logging_mixin.py:188} INFO - [2026-08-21T22:49:51.015+0000] {dag.py:3834} INFO - Setting next_dagrun for example_xcom to 2021-01-01 00:00:00+00:00, run_after=2021-01-01 00:00:00+00:00
[2026-08-21T22:49:51.038+0000] {processor.py:183} INFO - Processing /home/airflow/.local/lib/python3.8/site-packages/airflow/example_dags/example_xcom.py took 0.112 seconds
[2026-08-21T22:50:21.418+0000] {processor.py:161} INFO - Started process (PID=500) to work on /home/airflow/.local/lib/python3.8/site-packages/airflow/example_dags/example_xcom.py
[2026-08-21T22:50:21.420+0000] {processor.py:830} INFO - Processing file /home/airflow/.local/lib/python3.8/site-packages/airflow/example_dags/example_xcom.py for tasks to queue
[2026-08-21T22:50:21.422+0000] {logging_mixin.py:188} INFO - [2026-08-21T22:50:21.422+0000] {dagbag.py:540} INFO - Filling up the DagBag from /home/airflow/.local/lib/python3.8/site-packages/airflow/example_dags/example_xcom.py
[2026-08-21T22:50:21.432+0000] {processor.py:840} INFO - DAG(s) 'example_xcom' retrieved from /home/airflow/.local/lib/python3.8/site-packages/airflow/example_dags/example_xcom.py
[2026-08-21T22:50:21.461+0000] {logging_mixin.py:188} INFO - [2026-08-21T22:50:21.461+0000] {dag.py:3047} INFO - Sync 1 DAGs
[2026-08-21T22:50:21.500+0000] {logging_mixin.py:188} INFO - [2026-08-21T22:50:21.500+0000] {dag.py:3834} INFO - Setting next_dagrun for example_xcom to 2021-01-01 00:00:00+00:00, run_after=2021-01-01 00:00:00+00:00
[2026-08-21T22:50:21.533+0000] {processor.py:183} INFO - Processing /home/airflow/.local/lib/python3.8/site-packages/airflow/example_dags/example_xcom.py took 0.119 seconds
[2026-08-21T22:50:52.572+0000] {processor.py:161} INFO - Started process (PID=558) to work on /home/airflow/.local/lib/python3.8/site-packages/airflow/example_dags/example_xcom.py
[2026-08-21T22:50:52.574+0000] {processor.py:830} INFO - Processing file /home/airflow/.local/lib/python3.8/site-packages/airflow/example_dags/example_xcom.py for tasks to queue
[2026-08-21T22:50:52.576+0000] {logging_mixin.py:188} INFO - [2026-08-21T22:50:52.576+0000] {dagbag.py:540} INFO - Filling up the DagBag from /home/airflow/.local/lib/python3.8/site-packages/airflow/example_dags/example_xcom.py
[2026-08-21T22:50:52.588+0000] {processor.py:840} INFO - DAG(s) 'example_xcom' retrieved from /home/airflow/.local/lib/python3.8/site-packages/airflow/example_dags/example_xcom.py
[2026-08-21T22:50:52.618+0000] {logging_mixin.py:188} INFO - [2026-08-21T22:50:52.618+0000] {dag.py:3047} INFO - Sync 1 DAGs
[2026-08-21T22:50:52.654+0000] {logging_mixin.py:188} INFO - [2026-08-21T22:50:52.654+0000] {dag.py:3834} INFO - Setting next_dagrun for example_xcom to 2021-01-01 00:00:00+00:00, run_after=2021-01-01 00:00:00+00:00
[2026-08-21T22:50:52.679+0000] {processor.py:183} INFO - Processing /home/airflow/.local/lib/python3.8/site-packages/airflow/example_dags/example_xcom.py took 0.112 seconds
[2026-08-21T22:51:22.847+0000] {processor.py:161} INFO - Started process (PID=614) to work on /home/airflow/.local/lib/python3.8/site-packages/airflow/example_dags/example_xcom.py
[2026-08-21T22:51:22.850+0000] {processor.py:830} INFO - Processing file /home/airflow/.local/lib/python3.8/site-packages/airflow/example_dags/example_xcom.py for tasks to queue
[2026-08-21T22:51:22.856+0000] {logging_mixin.py:188} INFO - [2026-08-21T22:51:22.855+0000] {dagbag.py:540} INFO - Filling up the DagBag from /home/airflow/.local/lib/python3.8/site-packages/airflow/example_dags/example_xcom.py
[2026-08-21T22:51:22.871+0000] {processor.py:840} INFO - DAG(s) 'example_xcom' retrieved from /home/airflow/.local/lib/python3.8/site-packages/airflow/example_dags/example_xcom.py
[2026-08-21T22:51:22.903+0000] {logging_mixin.py:188} INFO - [2026-08-21T22:51:22.903+0000] {dag.py:3047} INFO - Sync 1 DAGs
[2026-08-21T22:51:22.939+0000] {logging_mixin.py:188} INFO - [2026-08-21T22:51:22.938+0000] {dag.py:3834} INFO - Setting next_dagrun for example_xcom to 2021-01-01 00:00:00+00:00, run_after=2021-01-01 00:00:00+00:00
[2026-08-21T22:51:22.968+0000] {processor.py:183} INFO - Processing /home/airflow/.local/lib/python3.8/site-packages/airflow/example_dags/example_xcom.py took 0.126 seconds
[2026-08-21T22:51:54.126+0000] {processor.py:161} INFO - Started process (PID=672) to work on /home/airflow/.local/lib/python3.8/site-packages/airflow/example_dags/example_xcom.py
[2026-08-21T22:51:54.128+0000] {processor.py:830} INFO - Processing file /home/airflow/.local/lib/python3.8/site-packages/airflow/example_dags/example_xcom.py for tasks to queue
[2026-08-21T22:51:54.131+0000] {logging_mixin.py:188} INFO - [2026-08-21T22:51:54.131+0000] {dagbag.py:540} INFO - Filling up the DagBag from /home/airflow/.local/lib/python3.8/site-packages/airflow/example_dags/example_xcom.py
[2026-08-21T22:51:54.141+0000] {processor.py:840} INFO - DAG(s) 'example_xcom' retrieved from /home/airflow/.local/lib/python3.8/site-packages/airflow/example_dags/example_xcom.py
[2026-08-21T22:51:54.165+0000] {logging_mixin.py:188} INFO - [2026-08-21T22:51:54.164+0000] {dag.py:3047} INFO - Sync 1 DAGs
[2026-08-21T22:51:54.190+0000] {logging_mixin.py:188} INFO - [2026-08-21T22:51:54.189+0000] {dag.py:3834} INFO - Setting next_dagrun for example_xcom to 2021-01-01 00:00:00+00:00, run_after=2021-01-01 00:00:00+00:00
[2026-08-21T22:51:54.212+0000] {processor.py:183} INFO - Processing /home/airflow/.local/lib/python3.8/site-packages/airflow/example_dags/example_xcom.py took 0.090 seconds
[2026-08-21T22:52:24.276+0000] {processor.py:161} INFO - Started process (PID=728) to work on /home/airflow/.local/lib/python3.8/site-packages/airflow/example_dags/example_xcom.py
[2026-08-21T22:52:24.278+0000] {processor.py:830} INFO - Processing file /home/airflow/.local/lib/python3.8/site-packages/airflow/example_dags/example_xcom.py for tasks to queue
[2026-08-21T22:52:24.281+0000] {logging_mixin.py:188} INFO - [2026-08-21T22:52:24.280+0000] {dagbag.py:540} INFO - Filling up the DagBag from /home/airflow/.local/lib/python3.8/site-packages/airflow/example_dags/example_xcom.py
[2026-08-21T22:52:24.290+0000] {processor.py:840} INFO - DAG(s) 'example_xcom' retrieved from /home/airflow/.local/lib/python3.8/site-packages/airflow/example_dags/example_xcom.py
[2026-08-21T22:52:24.318+0000] {logging_mixin.py:188} INFO - [2026-08-21T22:52:24.318+0000] {dag.py:3047} INFO - Sync 1 DAGs
[2026-08-21T22:52:24.344+0000] {logging_mixin.py:188} INFO - [2026-08-21T22:52:24.344+0000] {dag.py:3834} INFO - Setting next_dagrun for example_xcom to 2021-01-01 00:00:00+00:00, run_after=2021-01-01 00:00:00+00:00
[2026-08-21T22:52:24.365+0000] {processor.py:183} INFO - Processing /home/airflow/.local/lib/python3.8/site-packages/airflow/example_dags/example_xcom.py took 0.093 seconds
[2026-08-21T22:52:54.721+0000] {processor.py:161} INFO - Started process (PID=783) to work on /home/airflow/.local/lib/python3.8/site-packages/airflow/example_dags/example_xcom.py
[2026-08-21T22:52:54.723+0000] {processor.py:830} INFO - Processing file /home/airflow/.local/lib/python3.8/site-packages/airflow/example_dags/example_xcom.py for tasks to queue
[2026-08-21T22:52:54.726+0000] {logging_mixin.py:188} INFO - [2026-08-21T22:52:54.726+0000] {dagbag.py:540} INFO - Filling up the DagBag from /home/airflow/.local/lib/python3.8/site-packages/airflow/example_dags/example_xcom.py
[2026-08-21T22:52:54.740+0000] {processor.py:840} INFO - DAG(s) 'example_xcom' retrieved from /home/airflow/.local/lib/python3.8/site-packages/airflow/example_dags/example_xcom.py
[2026-08-21T22:52:54.775+0000] {logging_mixin.py:188} INFO - [2026-08-21T22:52:54.775+0000] {dag.py:3047} INFO - Sync 1 DAGs
[2026-08-21T22:52:54.808+0000] {logging_mixin.py:188} INFO - [2026-08-21T22:52:54.807+0000] {dag.py:3834} INFO - Setting next_dagrun for example_xcom to 2021-01-01 00:00:00+00:00, run_after=2021-01-01 00:00:00+00:00
[2026-08-21T22:52:54.834+0000] {processor.py:183} INFO - Processing /home/airflow/.local/lib/python3.8/site-packages/airflow/example_dags/example_xcom.py took 0.119 seconds
[2026-08-21T22:53:25.158+0000] {processor.py:161} INFO - Started process (PID=840) to work on /home/airflow/.local/lib/python3.8/site-packages/airflow/example_dags/example_xcom.py
[2026-08-21T22:53:25.160+0000] {processor.py:830} INFO - Processing file /home/airflow/.local/lib/python3.8/site-packages/airflow/example_dags/example_xcom.py for tasks to queue
[2026-08-21T22:53:25.162+0000] {logging_mixin.py:188} INFO - [2026-08-21T22:53:25.162+0000] {dagbag.py:540} INFO - Filling up the DagBag from /home/airflow/.local/lib/python3.8/site-packages/airflow/example_dags/example_xcom.py
[2026-08-21T22:53:25.171+0000] {processor.py:840} INFO - DAG(s) 'example_xcom' retrieved from /home/airflow/.local/lib/python3.8/site-packages/airflow/example_dags/example_xcom.py
[2026-08-21T22:53:25.198+0000] {logging_mixin.py:188} INFO - [2026-08-21T22:53:25.198+0000] {dag.py:3047} INFO - Sync 1 DAGs
[2026-08-21T22:53:25.222+0000] {logging_mixin.py:188} INFO - [2026-08-21T22:53:25.222+0000] {dag.py:3834} INFO - Setting next_dagrun for example_xcom to 2021-01-01 00:00:00+00:00, run_after=2021-01-01 00:00:00+00:00
[2026-08-21T22:53:25.242+0000] {processor.py:183} INFO - Processing /home/airflow/.local/lib/python3.8/site-packages/airflow/example_dags/example_xcom.py took 0.088 seconds
[2026-08-21T22:53:55.755+0000] {processor.py:161} INFO - Started process (PID=897) to work on /home/airflow/.local/lib/python3.8/site-packages/airflow/example_dags/example_xcom.py
[2026-08-21T22:53:55.757+0000] {processor.py:830} INFO - Processing file /home/airflow/.local/lib/python3.8/site-packages/airflow/example_dags/example_xcom.py for tasks to queue
[2026-08-21T22:53:55.759+0000] {logging_mixin.py:188} INFO - [2026-08-21T22:53:55.759+0000] {dagbag.py:540} INFO - Filling up the DagBag from /home/airflow/.local/lib/python3.8/site-packages/airflow/example_dags/example_xcom.py
[2026-08-21T22:53:55.769+0000] {processor.py:840} INFO - DAG(s) 'example_xcom' retrieved from /home/airflow/.local/lib/python3.8/site-packages/airflow/example_dags/example_xcom.py
[2026-08-21T22:53:55.795+0000] {logging_mixin.py:188} INFO - [2026-08-21T22:53:55.795+0000] {dag.py:3047} INFO - Sync 1 DAGs
[2026-08-21T22:53:55.824+0000] {logging_mixin.py:188} INFO - [2026-08-21T22:53:55.824+0000] {dag.py:3834} INFO - Setting next_dagrun for example_xcom to 2021-01-01 00:00:00+00:00, run_after=2021-01-01 00:00:00+00:00
[2026-08-21T22:53:55.850+0000] {processor.py:183} INFO - Processing /home/airflow/.local/lib/python3.8/site-packages/airflow/example_dags/example_xcom.py took 0.099 seconds
[2026-08-21T22:54:26.029+0000] {processor.py:161} INFO - Started process (PID=954) to work on /home/airflow/.local/lib/python3.8/site-packages/airflow/example_dags/example_xcom.py
[2026-08-21T22:54:26.031+0000] {processor.py:830} INFO - Processing file /home/airflow/.local/lib/python3.8/site-packages/airflow/example_dags/example_xcom.py for tasks to queue
[2026-08-21T22:54:26.034+0000] {logging_mixin.py:188} INFO - [2026-08-21T22:54:26.033+0000] {dagbag.py:540} INFO - Filling up the DagBag from /home/airflow/.local/lib/python3.8/site-packages/airflow/example_dags/example_xcom.py
[2026-08-21T22:54:26.045+0000] {processor.py:840} INFO - DAG(s) 'example_xcom' retrieved from /home/airflow/.local/lib/python3.8/site-packages/airflow/example_dags/example_xcom.py
[2026-08-21T22:54:26.076+0000] {logging_mixin.py:188} INFO - [2026-08-21T22:54:26.076+0000] {dag.py:3047} INFO - Sync 1 DAGs
[2026-08-21T22:54:26.105+0000] {logging_mixin.py:188} INFO - [2026-08-21T22:54:26.105+0000] {dag.py:3834} INFO - Setting next_dagrun for example_xcom to 2021-01-01 00:00:00+00:00, run_after=2021-01-01 00:00:00+00:00
[2026-08-21T22:54:26.132+0000] {processor.py:183} INFO - Processing /home/airflow/.local/lib/python3.8/site-packages/airflow/example_dags/example_xcom.py took 0.107 seconds
[2026-08-21T22:54:56.571+0000] {processor.py:161} INFO - Started process (PID=1011) to work on /home/airflow/.local/lib/python3.8/site-packages/airflow/example_dags/example_xcom.py
[2026-08-21T22:54:56.572+0000] {processor.py:830} INFO - Processing file /home/airflow/.local/lib/python3.8/site-packages/airflow/example_dags/example_xcom.py for tasks to queue
[2026-08-21T22:54:56.575+0000] {logging_mixin.py:188} INFO - [2026-08-21T22:54:56.574+0000] {dagbag.py:540} INFO - Filling up the DagBag from /home/airflow/.local/lib/python3.8/site-packages/airflow/example_dags/example_xcom.py
[2026-08-21T22:54:56.584+0000] {processor.py:840} INFO - DAG(s) 'example_xcom' retrieved from /home/airflow/.local/lib/python3.8/site-packages/airflow/example_dags/example_xcom.py
[2026-08-21T22:54:56.615+0000] {logging_mixin.py:188} INFO - [2026-08-21T22:54:56.615+0000] {dag.py:3047} INFO - Sync 1 DAGs
[2026-08-21T22:54:56.643+0000] {logging_mixin.py:188} INFO - [2026-08-21T22:54:56.642+0000] {dag.py:3834} INFO - Setting next_dagrun for example_xcom to 2021-01-01 00:00:00+00:00, run_after=2021-01-01 00:00:00+00:00
[2026-08-21T22:54:56.665+0000] {processor.py:183} INFO - Processing /home/airflow/.local/lib/python3.8/site-packages/airflow/example_dags/example_xcom.py took 0.098 seconds
[2026-08-21T22:55:27.247+0000] {processor.py:161} INFO - Started process (PID=1068) to work on /home/airflow/.local/lib/python3.8/site-packages/airflow/example_dags/example_xcom.py
[2026-08-21T22:55:27.249+0000] {processor.py:830} INFO - Processing file /home/airflow/.local/lib/python3.8/site-packages/airflow/example_dags/example_xcom.py for tasks to queue
[2026-08-21T22:55:27.251+0000] {logging_mixin.py:188} INFO - [2026-08-21T22:55:27.251+0000] {dagbag.py:540} INFO - Filling up the DagBag from /home/airflow/.local/lib/python3.8/site-packages/airflow/example_dags/example_xcom.py
[2026-08-21T22:55:27.261+0000] {processor.py:840} INFO - DAG(s) 'example_xcom' retrieved from /home/airflow/.local/lib/python3.8/site-packages/airflow/example_dags/example_xcom.py
[2026-08-21T22:55:27.287+0000] {logging_mixin.py:188} INFO - [2026-08-21T22:55:27.286+0000] {dag.py:3047} INFO - Sync 1 DAGs
[2026-08-21T22:55:27.312+0000] {logging_mixin.py:188} INFO - [2026-08-21T22:55:27.312+0000] {dag.py:3834} INFO - Setting next_dagrun for example_xcom to 2021-01-01 00:00:00+00:00, run_after=2021-01-01 00:00:00+00:00
[2026-08-21T22:55:27.332+0000] {processor.py:183} INFO - Processing /home/airflow/.local/lib/python3.8/site-packages/airflow/example_dags/example_xcom.py took 0.088 seconds
[2026-08-21T22:55:57.526+0000] {processor.py:161} INFO - Started process (PID=1125) to work on /home/airflow/.local/lib/python3.8/site-packages/airflow/example_dags/example_xcom.py
[2026-08-21T22:55:57.528+0000] {processor.py:830} INFO - Processing file /home/airflow/.local/lib/python3.8/site-packages/airflow/example_dags/example_xcom.py for tasks to queue
[2026-08-21T22:55:57.533+0000] {logging_mixin.py:188} INFO - [2026-08-21T22:55:57.532+0000] {dagbag.py:540} INFO - Filling up the DagBag from /home/airflow/.local/lib/python3.8/site-packages/airflow/example_dags/example_xcom.py
[2026-08-21T22:55:57.548+0000] {processor.py:840} INFO - DAG(s) 'example_xcom' retrieved from /home/airflow/.local/lib/python3.8/site-packages/airflow/example_dags/example_xcom.py
[2026-08-21T22:55:57.595+0000] {logging_mixin.py:188} INFO - [2026-08-21T22:55:57.594+0000] {dag.py:3047} INFO - Sync 1 DAGs
[2026-08-21T22:55:57.629+0000] {logging_mixin.py:188} INFO - [2026-08-21T22:55:57.628+0000] {dag.py:3834} INFO - Setting next_dagrun for example_xcom to 2021-01-01 00:00:00+00:00, run_after=2021-01-01 00:00:00+00:00
[2026-08-21T22:55:57.656+0000] {processor.py:183} INFO - Processing /home/airflow/.local/lib/python3.8/site-packages/airflow/example_dags/example_xcom.py took 0.136 seconds
[2026-08-21T22:56:28.344+0000] {processor.py:161} INFO - Started process (PID=1182) to work on /home/airflow/.local/lib/python3.8/site-packages/airflow/example_dags/example_xcom.py
[2026-08-21T22:56:28.346+0000] {processor.py:830} INFO - Processing file /home/airflow/.local/lib/python3.8/site-packages/airflow/example_dags/example_xcom.py for tasks to queue
[2026-08-21T22:56:28.349+0000] {logging_mixin.py:188} INFO - [2026-08-21T22:56:28.348+0000] {dagbag.py:540} INFO - Filling up the DagBag from /home/airflow/.local/lib/python3.8/site-packages/airflow/example_dags/example_xcom.py
[2026-08-21T22:56:28.357+0000] {processor.py:840} INFO - DAG(s) 'example_xcom' retrieved from /home/airflow/.local/lib/python3.8/site-packages/airflow/example_dags/example_xcom.py
[2026-08-21T22:56:28.380+0000] {logging_mixin.py:188} INFO - [2026-08-21T22:56:28.379+0000] {dag.py:3047} INFO - Sync 1 DAGs
[2026-08-21T22:56:28.404+0000] {logging_mixin.py:188} INFO - [2026-08-21T22:56:28.404+0000] {dag.py:3834} INFO - Setting next_dagrun for example_xcom to 2021-01-01 00:00:00+00:00, run_after=2021-01-01 00:00:00+00:00
[2026-08-21T22:56:28.425+0000] {processor.py:183} INFO - Processing /home/airflow/.local/lib/python3.8/site-packages/airflow/example_dags/example_xcom.py took 0.084 seconds
[2026-08-21T22:56:59.021+0000] {processor.py:161} INFO - Started process (PID=1239) to work on /home/airflow/.local/lib/python3.8/site-packages/airflow/example_dags/example_xcom.py
[2026-08-21T22:56:59.022+0000] {processor.py:830} INFO - Processing file /home/airflow/.local/lib/python3.8/site-packages/airflow/example_dags/example_xcom.py for tasks to queue
[2026-08-21T22:56:59.025+0000] {logging_mixin.py:188} INFO - [2026-08-21T22:56:59.025+0000] {dagbag.py:540} INFO - Filling up the DagBag from /home/airflow/.local/lib/python3.8/site-packages/airflow/example_dags/example_xcom.py
[2026-08-21T22:56:59.035+0000] {processor.py:840} INFO - DAG(s) 'example_xcom' retrieved from /home/airflow/.local/lib/python3.8/site-packages/airflow/example_dags/example_xcom.py
[2026-08-21T22:56:59.061+0000] {logging_mixin.py:188} INFO - [2026-08-21T22:56:59.060+0000] {dag.py:3047} INFO - Sync 1 DAGs
[2026-08-21T22:56:59.088+0000] {logging_mixin.py:188} INFO - [2026-08-21T22:56:59.088+0000] {dag.py:3834} INFO - Setting next_dagrun for example_xcom to 2021-01-01 00:00:00+00:00, run_after=2021-01-01 00:00:00+00:00
[2026-08-21T22:56:59.114+0000] {processor.py:183} INFO - Processing /home/airflow/.local/lib/python3.8/site-packages/airflow/example_dags/example_xcom.py took 0.099 seconds
[2026-08-21T22:57:29.579+0000] {processor.py:161} INFO - Started process (PID=1296) to work on /home/airflow/.local/lib/python3.8/site-packages/airflow/example_dags/example_xcom.py
[2026-08-21T22:57:29.582+0000] {processor.py:830} INFO - Processing file /home/airflow/.local/lib/python3.8/site-packages/airflow/example_dags/example_xcom.py for tasks to queue
[2026-08-21T22:57:29.584+0000] {logging_mixin.py:188} INFO - [2026-08-21T22:57:29.584+0000] {dagbag.py:540} INFO - Filling up the DagBag from /home/airflow/.local/lib/python3.8/site-packages/airflow/example_dags/example_xcom.py
[2026-08-21T22:57:29.593+0000] {processor.py:840} INFO - DAG(s) 'example_xcom' retrieved from /home/airflow/.local/lib/python3.8/site-packages/airflow/example_dags/example_xcom.py
[2026-08-21T22:57:29.619+0000] {logging_mixin.py:188} INFO - [2026-08-21T22:57:29.618+0000] {dag.py:3047} INFO - Sync 1 DAGs
[2026-08-21T22:57:29.647+0000] {logging_mixin.py:188} INFO - [2026-08-21T22:57:29.647+0000] {dag.py:3834} INFO - Setting next_dagrun for example_xcom to 2021-01-01 00:00:00+00:00, run_after=2021-01-01 00:00:00+00:00
[2026-08-21T22:57:29.668+0000] {processor.py:183} INFO - Processing /home/airflow/.local/lib/python3.8/site-packages/airflow/example_dags/example_xcom.py took 0.093 seconds
[2026-08-21T22:57:59.938+0000] {processor.py:161} INFO - Started process (PID=1353) to work on /home/airflow/.local/lib/python3.8/site-packages/airflow/example_dags/example_xcom.py
[2026-08-21T22:57:59.939+0000] {processor.py:830} INFO - Processing file /home/airflow/.local/lib/python3.8/site-packages/airflow/example_dags/example_xcom.py for tasks to queue
[2026-08-21T22:57:59.942+0000] {logging_mixin.py:188} INFO - [2026-08-21T22:57:59.942+0000] {dagbag.py:540} INFO - Filling up the DagBag from /home/airflow/.local/lib/python3.8/site-packages/airflow/example_dags/example_xcom.py
[2026-08-21T22:57:59.953+0000] {processor.py:840} INFO - DAG(s) 'example_xcom' retrieved from /home/airflow/.local/lib/python3.8/site-packages/airflow/example_dags/example_xcom.py
[2026-08-21T22:57:59.981+0000] {logging_mixin.py:188} INFO - [2026-08-21T22:57:59.981+0000] {dag.py:3047} INFO - Sync 1 DAGs
[2026-08-21T22:58:00.006+0000] {logging_mixin.py:188} INFO - [2026-08-21T22:58:00.006+0000] {dag.py:3834} INFO - Setting next_dagrun for example_xcom to 2021-01-01 00:00:00+00:00, run_after=2021-01-01 00:00:00+00:00
[2026-08-21T22:58:00.028+0000] {processor.py:183} INFO - Processing /home/airflow/.local/lib/python3.8/site-packages/airflow/example_dags/example_xcom.py took 0.094 seconds
[2026-08-21T22:58:30.634+0000] {processor.py:161} INFO - Started process (PID=1410) to work on /home/airflow/.local/lib/python3.8/site-packages/airflow/example_dags/example_xcom.py
[2026-08-21T22:58:30.636+0000] {processor.py:830} INFO - Processing file /home/airflow/.local/lib/python3.8/site-packages/airflow/example_dags/example_xcom.py for tasks to queue
[2026-08-21T22:58:30.639+0000] {logging_mixin.py:188} INFO - [2026-08-21T22:58:30.639+0000] {dagbag.py:540} INFO - Filling up the DagBag from /home/airflow/.local/lib/python3.8/site-packages/airflow/example_dags/example_xcom.py
[2026-08-21T22:58:30.651+0000] {processor.py:840} INFO - DAG(s) 'example_xcom' retrieved from /home/airflow/.local/lib/python3.8/site-packages/airflow/example_dags/example_xcom.py
[2026-08-21T22:58:30.680+0000] {logging_mixin.py:188} INFO - [2026-08-21T22:58:30.680+0000] {dag.py:3047} INFO - Sync 1 DAGs
[2026-08-21T22:58:30.706+0000] {logging_mixin.py:188} INFO - [2026-08-21T22:58:30.706+0000] {dag.py:3834} INFO - Setting next_dagrun for example_xcom to 2021-01-01 00:00:00+00:00, run_after=2021-01-01 00:00:00+00:00
[2026-08-21T22:58:30.731+0000] {processor.py:183} INFO - Processing /home/airflow/.local/lib/python3.8/site-packages/airflow/example_dags/example_xcom.py took 0.103 seconds
[2026-08-21T22:59:00.937+0000] {processor.py:161} INFO - Started process (PID=1467) to work on /home/airflow/.local/lib/python3.8/site-packages/airflow/example_dags/example_xcom.py
[2026-08-21T22:59:00.939+0000] {processor.py:830} INFO - Processing file /home/airflow/.local/lib/python3.8/site-packages/airflow/example_dags/example_xcom.py for tasks to queue
[2026-08-21T22:59:00.942+0000] {logging_mixin.py:188} INFO - [2026-08-21T22:59:00.942+0000] {dagbag.py:540} INFO - Filling up the DagBag from /home/airflow/.local/lib/python3.8/site-packages/airflow/example_dags/example_xcom.py
[2026-08-21T22:59:00.951+0000] {processor.py:840} INFO - DAG(s) 'example_xcom' retrieved from /home/airflow/.local/lib/python3.8/site-packages/airflow/example_dags/example_xcom.py
[2026-08-21T22:59:00.973+0000] {logging_mixin.py:188} INFO - [2026-08-21T22:59:00.973+0000] {dag.py:3047} INFO - Sync 1 DAGs
[2026-08-21T22:59:01.001+0000] {logging_mixin.py:188} INFO - [2026-08-21T22:59:01.000+0000] {dag.py:3834} INFO - Setting next_dagrun for example_xcom to 2021-01-01 00:00:00+00:00, run_after=2021-01-01 00:00:00+00:00
[2026-08-21T22:59:01.022+0000] {processor.py:183} INFO - Processing /home/airflow/.local/lib/python3.8/site-packages/airflow/example_dags/example_xcom.py took 0.088 seconds
[2026-08-21T22:59:31.364+0000] {processor.py:161} INFO - Started process (PID=1524) to work on /home/airflow/.local/lib/python3.8/site-packages/airflow/example_dags/example_xcom.py
[2026-08-21T22:59:31.366+0000] {processor.py:830} INFO - Processing file /home/airflow/.local/lib/python3.8/site-packages/airflow/example_dags/example_xcom.py for tasks to queue
[2026-08-21T22:59:31.368+0000] {logging_mixin.py:188} INFO - [2026-08-21T22:59:31.367+0000] {dagbag.py:540} INFO - Filling up the DagBag from /home/airflow/.local/lib/python3.8/site-packages/airflow/example_dags/example_xcom.py
[2026-08-21T22:59:31.377+0000] {processor.py:840} INFO - DAG(s) 'example_xcom' retrieved from /home/airflow/.local/lib/python3.8/site-packages/airflow/example_dags/example_xcom.py
[2026-08-21T22:59:31.401+0000] {logging_mixin.py:188} INFO - [2026-08-21T22:59:31.401+0000] {dag.py:3047} INFO - Sync 1 DAGs
[2026-08-21T22:59:31.424+0000] {logging_mixin.py:188} INFO - [2026-08-21T22:59:31.424+0000] {dag.py:3834} INFO - Setting next_dagrun for example_xcom to 2021-01-01 00:00:00+00:00, run_after=2021-01-01 00:00:00+00:00
[2026-08-21T22:59:31.443+0000] {processor.py:183} INFO - Processing /home/airflow/.local/lib/python3.8/site-packages/airflow/example_dags/example_xcom.py took 0.083 seconds
[2026-08-21T23:00:02.017+0000] {processor.py:161} INFO - Started process (PID=1581) to work on /home/airflow/.local/lib/python3.8/site-packages/airflow/example_dags/example_xcom.py
[2026-08-21T23:00:02.019+0000] {processor.py:830} INFO - Processing file /home/airflow/.local/lib/python3.8/site-packages/airflow/example_dags/example_xcom.py for tasks to queue
[2026-08-21T23:00:02.022+0000] {logging_mixin.py:188} INFO - [2026-08-21T23:00:02.022+0000] {dagbag.py:540} INFO - Filling up the DagBag from /home/airflow/.local/lib/python3.8/site-packages/airflow/example_dags/example_xcom.py
[2026-08-21T23:00:02.034+0000] {processor.py:840} INFO - DAG(s) 'example_xcom' retrieved from /home/airflow/.local/lib/python3.8/site-packages/airflow/example_dags/example_xcom.py
[2026-08-21T23:00:02.072+0000] {logging_mixin.py:188} INFO - [2026-08-21T23:00:02.071+0000] {dag.py:3047} INFO - Sync 1 DAGs
[2026-08-21T23:00:02.106+0000] {logging_mixin.py:188} INFO - [2026-08-21T23:00:02.106+0000] {dag.py:3834} INFO - Setting next_dagrun for example_xcom to 2021-01-01 00:00:00+00:00, run_after=2021-01-01 00:00:00+00:00
[2026-08-21T23:00:02.129+0000] {processor.py:183} INFO - Processing /home/airflow/.local/lib/python3.8/site-packages/airflow/example_dags/example_xcom.py took 0.117 seconds
[2026-08-21T23:00:32.306+0000] {processor.py:161} INFO - Started process (PID=1638) to work on /home/airflow/.local/lib/python3.8/site-packages/airflow/example_dags/example_xcom.py
[2026-08-21T23:00:32.307+0000] {processor.py:830} INFO - Processing file /home/airflow/.local/lib/python3.8/site-packages/airflow/example_dags/example_xcom.py for tasks to queue
[2026-08-21T23:00:32.310+0000] {logging_mixin.py:188} INFO - [2026-08-21T23:00:32.310+0000] {dagbag.py:540} INFO - Filling up the DagBag from /home/airflow/.local/lib/python3.8/site-packages/airflow/example_dags/example_xcom.py
[2026-08-21T23:00:32.321+0000] {processor.py:840} INFO - DAG(s) 'example_xcom' retrieved from /home/airflow/.local/lib/python3.8/site-packages/airflow/example_dags/example_xcom.py
[2026-08-21T23:00:32.344+0000] {logging_mixin.py:188} INFO - [2026-08-21T23:00:32.343+0000] {dag.py:3047} INFO - Sync 1 DAGs
[2026-08-21T23:00:32.369+0000] {logging_mixin.py:188} INFO - [2026-08-21T23:00:32.369+0000] {dag.py:3834} INFO - Setting next_dagrun for example_xcom to 2021-01-01 00:00:00+00:00, run_after=2021-01-01 00:00:00+00:00
[2026-08-21T23:00:32.390+0000] {processor.py:183} INFO - Processing /home/airflow/.local/lib/python3.8/site-packages/airflow/example_dags/example_xcom.py took 0.089 seconds
[2026-08-21T23:01:03.126+0000] {processor.py:161} INFO - Started process (PID=1695) to work on /home/airflow/.local/lib/python3.8/site-packages/airflow/example_dags/example_xcom.py
[2026-08-21T23:01:03.130+0000] {processor.py:830} INFO - Processing file /home/airflow/.local/lib/python3.8/site-packages/airflow/example_dags/example_xcom.py for tasks to queue
[2026-08-21T23:01:03.139+0000] {logging_mixin.py:188} INFO - [2026-08-21T23:01:03.139+0000] {dagbag.py:540} INFO - Filling up the DagBag from /home/airflow/.local/lib/python3.8/site-packages/airflow/example_dags/example_xcom.py
[2026-08-21T23:01:03.152+0000] {processor.py:840} INFO - DAG(s) 'example_xcom' retrieved from /home/airflow/.local/lib/python3.8/site-packages/airflow/example_dags/example_xcom.py
[2026-08-21T23:01:03.190+0000] {logging_mixin.py:188} INFO - [2026-08-21T23:01:03.190+0000] {dag.py:3047} INFO - Sync 1 DAGs
[2026-08-21T23:01:03.224+0000] {logging_mixin.py:188} INFO - [2026-08-21T23:01:03.224+0000] {dag.py:3834} INFO - Setting next_dagrun for example_xcom to 2021-01-01 00:00:00+00:00, run_after=2021-01-01 00:00:00+00:00
[2026-08-21T23:01:03.252+0000] {processor.py:183} INFO - Processing /home/airflow/.local/lib/python3.8/site-packages/airflow/example_dags/example_xcom.py took 0.133 seconds
[2026-08-21T23:01:33.317+0000] {processor.py:161} INFO - Started process (PID=1752) to work on /home/airflow/.local/lib/python3.8/site-packages/airflow/example_dags/example_xcom.py
[2026-08-21T23:01:33.319+0000] {processor.py:830} INFO - Processing file /home/airflow/.local/lib/python3.8/site-packages/airflow/example_dags/example_xcom.py for tasks to queue
[2026-08-21T23:01:33.322+0000] {logging_mixin.py:188} INFO - [2026-08-21T23:01:33.322+0000] {dagbag.py:540} INFO - Filling up the DagBag from /home/airflow/.local/lib/python3.8/site-packages/airflow/example_dags/example_xcom.py
[2026-08-21T23:01:33.332+0000] {processor.py:840} INFO - DAG(s) 'example_xcom' retrieved from /home/airflow/.local/lib/python3.8/site-packages/airflow/example_dags/example_xcom.py
[2026-08-21T23:01:33.362+0000] {logging_mixin.py:188} INFO - [2026-08-21T23:01:33.362+0000] {dag.py:3047} INFO - Sync 1 DAGs
[2026-08-21T23:01:33.391+0000] {logging_mixin.py:188} INFO - [2026-08-21T23:01:33.391+0000] {dag.py:3834} INFO - Setting next_dagrun for example_xcom to 2021-01-01 00:00:00+00:00, run_after=2021-01-01 00:00:00+00:00
[2026-08-21T23:01:33.419+0000] {processor.py:183} INFO - Processing /home/airflow/.local/lib/python3.8/site-packages/airflow/example_dags/example_xcom.py took 0.106 seconds
[2026-08-21T23:02:03.742+0000] {processor.py:161} INFO - Started process (PID=1809) to work on /home/airflow/.local/lib/python3.8/site-packages/airflow/example_dags/example_xcom.py
[2026-08-21T23:02:03.752+0000] {processor.py:830} INFO - Processing file /home/airflow/.local/lib/python3.8/site-packages/airflow/example_dags/example_xcom.py for tasks to queue
[2026-08-21T23:02:03.756+0000] {logging_mixin.py:188} INFO - [2026-08-21T23:02:03.755+0000] {dagbag.py:540} INFO - Filling up the DagBag from /home/airflow/.local/lib/python3.8/site-packages/airflow/example_dags/example_xcom.py
[2026-08-21T23:02:03.769+0000] {processor.py:840} INFO - DAG(s) 'example_xcom' retrieved from /home/airflow/.local/lib/python3.8/site-packages/airflow/example_dags/example_xcom.py
[2026-08-21T23:02:03.795+0000] {logging_mixin.py:188} INFO - [2026-08-21T23:02:03.795+0000] {dag.py:3047} INFO - Sync 1 DAGs
[2026-08-21T23:02:03.820+0000] {logging_mixin.py:188} INFO - [2026-08-21T23:02:03.820+0000] {dag.py:3834} INFO - Setting next_dagrun for example_xcom to 2021-01-01 00:00:00+00:00, run_after=2021-01-01 00:00:00+00:00
[2026-08-21T23:02:03.844+0000] {processor.py:183} INFO - Processing /home/airflow/.local/lib/python3.8/site-packages/airflow/example_dags/example_xcom.py took 0.108 seconds
[2026-08-21T23:02:33.982+0000] {processor.py:161} INFO - Started process (PID=1866) to work on /home/airflow/.local/lib/python3.8/site-packages/airflow/example_dags/example_xcom.py
[2026-08-21T23:02:33.984+0000] {processor.py:830} INFO - Processing file /home/airflow/.local/lib/python3.8/site-packages/airflow/example_dags/example_xcom.py for tasks to queue
[2026-08-21T23:02:33.988+0000] {logging_mixin.py:188} INFO - [2026-08-21T23:02:33.987+0000] {dagbag.py:540} INFO - Filling up the DagBag from /home/airflow/.local/lib/python3.8/site-packages/airflow/example_dags/example_xcom.py
[2026-08-21T23:02:34.004+0000] {processor.py:840} INFO - DAG(s) 'example_xcom' retrieved from /home/airflow/.local/lib/python3.8/site-packages/airflow/example_dags/example_xcom.py
[2026-08-21T23:02:34.036+0000] {logging_mixin.py:188} INFO - [2026-08-21T23:02:34.036+0000] {dag.py:3047} INFO - Sync 1 DAGs
[2026-08-21T23:02:34.063+0000] {logging_mixin.py:188} INFO - [2026-08-21T23:02:34.063+0000] {dag.py:3834} INFO - Setting next_dagrun for example_xcom to 2021-01-01 00:00:00+00:00, run_after=2021-01-01 00:00:00+00:00
[2026-08-21T23:02:34.099+0000] {processor.py:183} INFO - Processing /home/airflow/.local/lib/python3.8/site-packages/airflow/example_dags/example_xcom.py took 0.124 seconds
[2026-08-21T23:03:04.450+0000] {processor.py:161} INFO - Started process (PID=1923) to work on /home/airflow/.local/lib/python3.8/site-packages/airflow/example_dags/example_xcom.py
[2026-08-21T23:03:04.452+0000] {processor.py:830} INFO - Processing file /home/airflow/.local/lib/python3.8/site-packages/airflow/example_dags/example_xcom.py for tasks to queue
[2026-08-21T23:03:04.456+0000] {logging_mixin.py:188} INFO - [2026-08-21T23:03:04.456+0000] {dagbag.py:540} INFO - Filling up the DagBag from /home/airflow/.local/lib/python3.8/site-packages/airflow/example_dags/example_xcom.py
[2026-08-21T23:03:04.465+0000] {processor.py:840} INFO - DAG(s) 'example_xcom' retrieved from /home/airflow/.local/lib/python3.8/site-packages/airflow/example_dags/example_xcom.py
[2026-08-21T23:03:04.517+0000] {logging_mixin.py:188} INFO - [2026-08-21T23:03:04.517+0000] {dag.py:3047} INFO - Sync 1 DAGs
[2026-08-21T23:03:04.575+0000] {logging_mixin.py:188} INFO - [2026-08-21T23:03:04.574+0000] {dag.py:3834} INFO - Setting next_dagrun for example_xcom to 2021-01-01 00:00:00+00:00, run_after=2021-01-01 00:00:00+00:00
[2026-08-21T23:03:04.604+0000] {processor.py:183} INFO - Processing /home/airflow/.local/lib/python3.8/site-packages/airflow/example_dags/example_xcom.py took 0.158 seconds
[2026-08-21T23:03:34.711+0000] {processor.py:161} INFO - Started process (PID=1980) to work on /home/airflow/.local/lib/python3.8/site-packages/airflow/example_dags/example_xcom.py
[2026-08-21T23:03:34.713+0000] {processor.py:830} INFO - Processing file /home/airflow/.local/lib/python3.8/site-packages/airflow/example_dags/example_xcom.py for tasks to queue
[2026-08-21T23:03:34.715+0000] {logging_mixin.py:188} INFO - [2026-08-21T23:03:34.715+0000] {dagbag.py:540} INFO - Filling up the DagBag from /home/airflow/.local/lib/python3.8/site-packages/airflow/example_dags/example_xcom.py
[2026-08-21T23:03:34.740+0000] {processor.py:840} INFO - DAG(s) 'example_xcom' retrieved from /home/airflow/.local/lib/python3.8/site-packages/airflow/example_dags/example_xcom.py
[2026-08-21T23:03:34.817+0000] {logging_mixin.py:188} INFO - [2026-08-21T23:03:34.807+0000] {dag.py:3047} INFO - Sync 1 DAGs
[2026-08-21T23:03:34.880+0000] {logging_mixin.py:188} INFO - [2026-08-21T23:03:34.879+0000] {dag.py:3834} INFO - Setting next_dagrun for example_xcom to 2021-01-01 00:00:00+00:00, run_after=2021-01-01 00:00:00+00:00
[2026-08-21T23:03:34.904+0000] {processor.py:183} INFO - Processing /home/airflow/.local/lib/python3.8/site-packages/airflow/example_dags/example_xcom.py took 0.196 seconds
[2026-08-21T23:04:05.396+0000] {processor.py:161} INFO - Started process (PID=2037) to work on /home/airflow/.local/lib/python3.8/site-packages/airflow/example_dags/example_xcom.py
[2026-08-21T23:04:05.400+0000] {processor.py:830} INFO - Processing file /home/airflow/.local/lib/python3.8/site-packages/airflow/example_dags/example_xcom.py for tasks to queue
[2026-08-21T23:04:05.402+0000] {logging_mixin.py:188} INFO - [2026-08-21T23:04:05.402+0000] {dagbag.py:540} INFO - Filling up the DagBag from /home/airflow/.local/lib/python3.8/site-packages/airflow/example_dags/example_xcom.py
[2026-08-21T23:04:05.412+0000] {processor.py:840} INFO - DAG(s) 'example_xcom' retrieved from /home/airflow/.local/lib/python3.8/site-packages/airflow/example_dags/example_xcom.py
[2026-08-21T23:04:05.440+0000] {logging_mixin.py:188} INFO - [2026-08-21T23:04:05.439+0000] {dag.py:3047} INFO - Sync 1 DAGs
[2026-08-21T23:04:05.470+0000] {logging_mixin.py:188} INFO - [2026-08-21T23:04:05.470+0000] {dag.py:3834} INFO - Setting next_dagrun for example_xcom to 2021-01-01 00:00:00+00:00, run_after=2021-01-01 00:00:00+00:00
[2026-08-21T23:04:05.494+0000] {processor.py:183} INFO - Processing /home/airflow/.local/lib/python3.8/site-packages/airflow/example_dags/example_xcom.py took 0.102 seconds
[2026-08-21T23:04:36.349+0000] {processor.py:161} INFO - Started process (PID=2094) to work on /home/airflow/.local/lib/python3.8/site-packages/airflow/example_dags/example_xcom.py
[2026-08-21T23:04:36.351+0000] {processor.py:830} INFO - Processing file /home/airflow/.local/lib/python3.8/site-packages/airflow/example_dags/example_xcom.py for tasks to queue
[2026-08-21T23:04:36.354+0000] {logging_mixin.py:188} INFO - [2026-08-21T23:04:36.354+0000] {dagbag.py:540} INFO - Filling up the DagBag from /home/airflow/.local/lib/python3.8/site-packages/airflow/example_dags/example_xcom.py
[2026-08-21T23:04:36.363+0000] {processor.py:840} INFO - DAG(s) 'example_xcom' retrieved from /home/airflow/.local/lib/python3.8/site-packages/airflow/example_dags/example_xcom.py
[2026-08-21T23:04:36.391+0000] {logging_mixin.py:188} INFO - [2026-08-21T23:04:36.390+0000] {dag.py:3047} INFO - Sync 1 DAGs
[2026-08-21T23:04:36.419+0000] {logging_mixin.py:188} INFO - [2026-08-21T23:04:36.418+0000] {dag.py:3834} INFO - Setting next_dagrun for example_xcom to 2021-01-01 00:00:00+00:00, run_after=2021-01-01 00:00:00+00:00
[2026-08-21T23:04:36.440+0000] {processor.py:183} INFO - Processing /home/airflow/.local/lib/python3.8/site-packages/airflow/example_dags/example_xcom.py took 0.097 seconds
[2026-08-21T23:05:06.734+0000] {processor.py:161} INFO - Started process (PID=2151) to work on /home/airflow/.local/lib/python3.8/site-packages/airflow/example_dags/example_xcom.py
[2026-08-21T23:05:06.736+0000] {processor.py:830} INFO - Processing file /home/airflow/.local/lib/python3.8/site-packages/airflow/example_dags/example_xcom.py for tasks to queue
[2026-08-21T23:05:06.740+0000] {logging_mixin.py:188} INFO - [2026-08-21T23:05:06.739+0000] {dagbag.py:540} INFO - Filling up the DagBag from /home/airflow/.local/lib/python3.8/site-packages/airflow/example_dags/example_xcom.py
[2026-08-21T23:05:06.748+0000] {processor.py:840} INFO - DAG(s) 'example_xcom' retrieved from /home/airflow/.local/lib/python3.8/site-packages/airflow/example_dags/example_xcom.py
[2026-08-21T23:05:06.777+0000] {logging_mixin.py:188} INFO - [2026-08-21T23:05:06.776+0000] {dag.py:3047} INFO - Sync 1 DAGs
[2026-08-21T23:05:06.806+0000] {logging_mixin.py:188} INFO - [2026-08-21T23:05:06.806+0000] {dag.py:3834} INFO - Setting next_dagrun for example_xcom to 2021-01-01 00:00:00+00:00, run_after=2021-01-01 00:00:00+00:00
[2026-08-21T23:05:06.832+0000] {processor.py:183} INFO - Processing /home/airflow/.local/lib/python3.8/site-packages/airflow/example_dags/example_xcom.py took 0.102 seconds
[2026-08-21T23:05:36.869+0000] {processor.py:161} INFO - Started process (PID=2208) to work on /home/airflow/.local/lib/python3.8/site-packages/airflow/example_dags/example_xcom.py
[2026-08-21T23:05:36.871+0000] {processor.py:830} INFO - Processing file /home/airflow/.local/lib/python3.8/site-packages/airflow/example_dags/example_xcom.py for tasks to queue
[2026-08-21T23:05:36.874+0000] {logging_mixin.py:188} INFO - [2026-08-21T23:05:36.874+0000] {dagbag.py:540} INFO - Filling up the DagBag from /home/airflow/.local/lib/python3.8/site-packages/airflow/example_dags/example_xcom.py
[2026-08-21T23:05:36.883+0000] {processor.py:840} INFO - DAG(s) 'example_xcom' retrieved from /home/airflow/.local/lib/python3.8/site-packages/airflow/example_dags/example_xcom.py
[2026-08-21T23:05:36.908+0000] {logging_mixin.py:188} INFO - [2026-08-21T23:05:36.908+0000] {dag.py:3047} INFO - Sync 1 DAGs
[2026-08-21T23:05:36.931+0000] {logging_mixin.py:188} INFO - [2026-08-21T23:05:36.930+0000] {dag.py:3834} INFO - Setting next_dagrun for example_xcom to 2021-01-01 00:00:00+00:00, run_after=2021-01-01 00:00:00+00:00
[2026-08-21T23:05:36.950+0000] {processor.py:183} INFO - Processing /home/airflow/.local/lib/python3.8/site-packages/airflow/example_dags/example_xcom.py took 0.084 seconds
[2026-08-21T23:06:07.399+0000] {processor.py:161} INFO - Started process (PID=2265) to work on /home/airflow/.local/lib/python3.8/site-packages/airflow/example_dags/example_xcom.py
[2026-08-21T23:06:07.402+0000] {processor.py:830} INFO - Processing file /home/airflow/.local/lib/python3.8/site-packages/airflow/example_dags/example_xcom.py for tasks to queue
[2026-08-21T23:06:07.405+0000] {logging_mixin.py:188} INFO - [2026-08-21T23:06:07.405+0000] {dagbag.py:540} INFO - Filling up the DagBag from /home/airflow/.local/lib/python3.8/site-packages/airflow/example_dags/example_xcom.py
[2026-08-21T23:06:07.415+0000] {processor.py:840} INFO - DAG(s) 'example_xcom' retrieved from /home/airflow/.local/lib/python3.8/site-packages/airflow/example_dags/example_xcom.py
[2026-08-21T23:06:07.442+0000] {logging_mixin.py:188} INFO - [2026-08-21T23:06:07.441+0000] {dag.py:3047} INFO - Sync 1 DAGs
[2026-08-21T23:06:07.467+0000] {logging_mixin.py:188} INFO - [2026-08-21T23:06:07.466+0000] {dag.py:3834} INFO - Setting next_dagrun for example_xcom to 2021-01-01 00:00:00+00:00, run_after=2021-01-01 00:00:00+00:00
[2026-08-21T23:06:07.487+0000] {processor.py:183} INFO - Processing /home/airflow/.local/lib/python3.8/site-packages/airflow/example_dags/example_xcom.py took 0.091 seconds
[2026-08-21T23:06:38.030+0000] {processor.py:161} INFO - Started process (PID=2322) to work on /home/airflow/.local/lib/python3.8/site-packages/airflow/example_dags/example_xcom.py
[2026-08-21T23:06:38.032+0000] {processor.py:830} INFO - Processing file /home/airflow/.local/lib/python3.8/site-packages/airflow/example_dags/example_xcom.py for tasks to queue
[2026-08-21T23:06:38.035+0000] {logging_mixin.py:188} INFO - [2026-08-21T23:06:38.034+0000] {dagbag.py:540} INFO - Filling up the DagBag from /home/airflow/.local/lib/python3.8/site-packages/airflow/example_dags/example_xcom.py
[2026-08-21T23:06:38.044+0000] {processor.py:840} INFO - DAG(s) 'example_xcom' retrieved from /home/airflow/.local/lib/python3.8/site-packages/airflow/example_dags/example_xcom.py
[2026-08-21T23:06:38.069+0000] {logging_mixin.py:188} INFO - [2026-08-21T23:06:38.069+0000] {dag.py:3047} INFO - Sync 1 DAGs
[2026-08-21T23:06:38.096+0000] {logging_mixin.py:188} INFO - [2026-08-21T23:06:38.095+0000] {dag.py:3834} INFO - Setting next_dagrun for example_xcom to 2021-01-01 00:00:00+00:00, run_after=2021-01-01 00:00:00+00:00
[2026-08-21T23:06:38.131+0000] {processor.py:183} INFO - Processing /home/airflow/.local/lib/python3.8/site-packages/airflow/example_dags/example_xcom.py took 0.106 seconds
[2026-08-21T23:07:08.409+0000] {processor.py:161} INFO - Started process (PID=2379) to work on /home/airflow/.local/lib/python3.8/site-packages/airflow/example_dags/example_xcom.py
[2026-08-21T23:07:08.410+0000] {processor.py:830} INFO - Processing file /home/airflow/.local/lib/python3.8/site-packages/airflow/example_dags/example_xcom.py for tasks to queue
[2026-08-21T23:07:08.413+0000] {logging_mixin.py:188} INFO - [2026-08-21T23:07:08.412+0000] {dagbag.py:540} INFO - Filling up the DagBag from /home/airflow/.local/lib/python3.8/site-packages/airflow/example_dags/example_xcom.py
[2026-08-21T23:07:08.421+0000] {processor.py:840} INFO - DAG(s) 'example_xcom' retrieved from /home/airflow/.local/lib/python3.8/site-packages/airflow/example_dags/example_xcom.py
[2026-08-21T23:07:08.442+0000] {logging_mixin.py:188} INFO - [2026-08-21T23:07:08.442+0000] {dag.py:3047} INFO - Sync 1 DAGs
[2026-08-21T23:07:08.465+0000] {logging_mixin.py:188} INFO - [2026-08-21T23:07:08.465+0000] {dag.py:3834} INFO - Setting next_dagrun for example_xcom to 2021-01-01 00:00:00+00:00, run_after=2021-01-01 00:00:00+00:00
[2026-08-21T23:07:08.487+0000] {processor.py:183} INFO - Processing /home/airflow/.local/lib/python3.8/site-packages/airflow/example_dags/example_xcom.py took 0.082 seconds
[2026-08-21T23:07:39.337+0000] {processor.py:161} INFO - Started process (PID=2436) to work on /home/airflow/.local/lib/python3.8/site-packages/airflow/example_dags/example_xcom.py
[2026-08-21T23:07:39.340+0000] {processor.py:830} INFO - Processing file /home/airflow/.local/lib/python3.8/site-packages/airflow/example_dags/example_xcom.py for tasks to queue
[2026-08-21T23:07:39.343+0000] {logging_mixin.py:188} INFO - [2026-08-21T23:07:39.343+0000] {dagbag.py:540} INFO - Filling up the DagBag from /home/airflow/.local/lib/python3.8/site-packages/airflow/example_dags/example_xcom.py
[2026-08-21T23:07:39.360+0000] {processor.py:840} INFO - DAG(s) 'example_xcom' retrieved from /home/airflow/.local/lib/python3.8/site-packages/airflow/example_dags/example_xcom.py
[2026-08-21T23:07:39.410+0000] {logging_mixin.py:188} INFO - [2026-08-21T23:07:39.410+0000] {dag.py:3047} INFO - Sync 1 DAGs
[2026-08-21T23:07:39.455+0000] {logging_mixin.py:188} INFO - [2026-08-21T23:07:39.455+0000] {dag.py:3834} INFO - Setting next_dagrun for example_xcom to 2021-01-01 00:00:00+00:00, run_after=2021-01-01 00:00:00+00:00
[2026-08-21T23:07:39.486+0000] {processor.py:183} INFO - Processing /home/airflow/.local/lib/python3.8/site-packages/airflow/example_dags/example_xcom.py took 0.158 seconds
