[2026-08-21T22:46:47.299+0000] {processor.py:161} INFO - Started process (PID=101) to work on /home/airflow/.local/lib/python3.8/site-packages/airflow/example_dags/example_dag_decorator.py
[2026-08-21T22:46:47.302+0000] {processor.py:830} INFO - Processing file /home/airflow/.local/lib/python3.8/site-packages/airflow/example_dags/example_dag_decorator.py for tasks to queue
[2026-08-21T22:46:47.306+0000] {logging_mixin.py:188} INFO - [2026-08-21T22:46:47.306+0000] {dagbag.py:540} INFO - Filling up the DagBag from /home/airflow/.local/lib/python3.8/site-packages/airflow/example_dags/example_dag_decorator.py
[2026-08-21T22:46:47.612+0000] {processor.py:840} INFO - DAG(s) 'example_dag_decorator' retrieved from /home/airflow/.local/lib/python3.8/site-packages/airflow/example_dags/example_dag_decorator.py
[2026-08-21T22:46:47.797+0000] {logging_mixin.py:188} INFO - [2026-08-21T22:46:47.796+0000] {dag.py:3047} INFO - Sync 1 DAGs
[2026-08-21T22:46:47.816+0000] {logging_mixin.py:188} INFO - [2026-08-21T22:46:47.815+0000] {dag.py:3834} INFO - Setting next_dagrun for example_dag_decorator to None, run_after=None
[2026-08-21T22:46:47.843+0000] {processor.py:183} INFO - Processing /home/airflow/.local/lib/python3.8/site-packages/airflow/example_dags/example_dag_decorator.py took 0.553 seconds
[2026-08-21T22:47:17.947+0000] {processor.py:161} INFO - Started process (PID=158) to work on /home/airflow/.local/lib/python3.8/site-packages/airflow/example_dags/example_dag_decorator.py
[2026-08-21T22:47:17.950+0000] {processor.py:830} INFO - Processing file /home/airflow/.local/lib/python3.8/site-packages/airflow/example_dags/example_dag_decorator.py for tasks to queue
[2026-08-21T22:47:17.953+0000] {logging_mixin.py:188} INFO - [2026-08-21T22:47:17.952+0000] {dagbag.py:540} INFO - Filling up the DagBag from /home/airflow/.local/lib/python3.8/site-packages/airflow/example_dags/example_dag_decorator.py
[2026-08-21T22:47:18.057+0000] {processor.py:840} INFO - DAG(s) 'example_dag_decorator' retrieved from /home/airflow/.local/lib/python3.8/site-packages/airflow/example_dags/example_dag_decorator.py
[2026-08-21T22:47:18.220+0000] {logging_mixin.py:188} INFO - [2026-08-21T22:47:18.220+0000] {dag.py:3047} INFO - Sync 1 DAGs
[2026-08-21T22:47:18.237+0000] {logging_mixin.py:188} INFO - [2026-08-21T22:47:18.237+0000] {dag.py:3834} INFO - Setting next_dagrun for example_dag_decorator to None, run_after=None
[2026-08-21T22:47:18.268+0000] {processor.py:183} INFO - Processing /home/airflow/.local/lib/python3.8/site-packages/airflow/example_dags/example_dag_decorator.py took 0.326 seconds
[2026-08-21T22:47:48.596+0000] {processor.py:161} INFO - Started process (PID=215) to work on /home/airflow/.local/lib/python3.8/site-packages/airflow/example_dags/example_dag_decorator.py
[2026-08-21T22:47:48.598+0000] {processor.py:830} INFO - Processing file /home/airflow/.local/lib/python3.8/site-packages/airflow/example_dags/example_dag_decorator.py for tasks to queue
[2026-08-21T22:47:48.601+0000] {logging_mixin.py:188} INFO - [2026-08-21T22:47:48.600+0000] {dagbag.py:540} INFO - Filling up the DagBag from /home/airflow/.local/lib/python3.8/site-packages/airflow/example_dags/example_dag_decorator.py
[2026-08-21T22:47:48.719+0000] {processor.py:840} INFO - DAG(s) 'example_dag_decorator' retrieved from /home/airflow/.local/lib/python3.8/site-packages/airflow/example_dags/example_dag_decorator.py
[2026-08-21T22:47:48.847+0000] {logging_mixin.py:188} INFO - [2026-08-21T22:47:48.846+0000] {dag.py:3047} INFO - Sync 1 DAGs
[2026-08-21T22:47:48.857+0000] {logging_mixin.py:188} INFO - [2026-08-21T22:47:48.857+0000] {dag.py:3834} INFO - Setting next_dagrun for example_dag_decorator to None, run_after=None
[2026-08-21T22:47:48.877+0000] {processor.py:183} INFO - Processing /home/airflow/.local/lib/python3.8/site-packages/airflow/example_dags/example_dag_decorator.py took 0.285 seconds
[2026-08-21T22:48:19.100+0000] {processor.py:161} INFO - Started process (PID=272) to work on /home/airflow/.local/lib/python3.8/site-packages/airflow/example_dags/example_dag_decorator.py
[2026-08-21T22:48:19.101+0000] {processor.py:830} INFO - Processing file /home/airflow/.local/lib/python3.8/site-packages/airflow/example_dags/example_dag_decorator.py for tasks to queue
[2026-08-21T22:48:19.105+0000] {logging_mixin.py:188} INFO - [2026-08-21T22:48:19.104+0000] {dagbag.py:540} INFO - Filling up the DagBag from /home/airflow/.local/lib/python3.8/site-packages/airflow/example_dags/example_dag_decorator.py
[2026-08-21T22:48:19.241+0000] {processor.py:840} INFO - DAG(s) 'example_dag_decorator' retrieved from /home/airflow/.local/lib/python3.8/site-packages/airflow/example_dags/example_dag_decorator.py
[2026-08-21T22:48:19.409+0000] {logging_mixin.py:188} INFO - [2026-08-21T22:48:19.408+0000] {dag.py:3047} INFO - Sync 1 DAGs
[2026-08-21T22:48:19.427+0000] {logging_mixin.py:188} INFO - [2026-08-21T22:48:19.426+0000] {dag.py:3834} INFO - Setting next_dagrun for example_dag_decorator to None, run_after=None
[2026-08-21T22:48:19.451+0000] {processor.py:183} INFO - Processing /home/airflow/.local/lib/python3.8/site-packages/airflow/example_dags/example_dag_decorator.py took 0.355 seconds
[2026-08-21T22:48:49.962+0000] {processor.py:161} INFO - Started process (PID=329) to work on /home/airflow/.local/lib/python3.8/site-packages/airflow/example_dags/example_dag_decorator.py
[2026-08-21T22:48:49.964+0000] {processor.py:830} INFO - Processing file /home/airflow/.local/lib/python3.8/site-packages/airflow/example_dags/example_dag_decorator.py for tasks to queue
[2026-08-21T22:48:49.967+0000] {logging_mixin.py:188} INFO - [2026-08-21T22:48:49.966+0000] {dagbag.py:540} INFO - Filling up the DagBag from /home/airflow/.local/lib/python3.8/site-packages/airflow/example_dags/example_dag_decorator.py
[2026-08-21T22:48:50.092+0000] {processor.py:840} INFO - DAG(s) 'example_dag_decorator' retrieved from /home/airflow/.local/lib/python3.8/site-packages/airflow/example_dags/example_dag_decorator.py
[2026-08-21T22:48:50.221+0000] {logging_mixin.py:188} INFO - [2026-08-21T22:48:50.221+0000] {dag.py:3047} INFO - Sync 1 DAGs
[2026-08-21T22:48:50.232+0000] {logging_mixin.py:188} INFO - [2026-08-21T22:48:50.232+0000] {dag.py:3834} INFO - Setting next_dagrun for example_dag_decorator to None, run_after=None
[2026-08-21T22:48:50.257+0000] {processor.py:183} INFO - Processing /home/airflow/.local/lib/python3.8/site-packages/airflow/example_dags/example_dag_decorator.py took 0.302 seconds
[2026-08-21T22:49:20.356+0000] {processor.py:161} INFO - Started process (PID=386) to work on /home/airflow/.local/lib/python3.8/site-packages/airflow/example_dags/example_dag_decorator.py
[2026-08-21T22:49:20.357+0000] {processor.py:830} INFO - Processing file /home/airflow/.local/lib/python3.8/site-packages/airflow/example_dags/example_dag_decorator.py for tasks to queue
[2026-08-21T22:49:20.360+0000] {logging_mixin.py:188} INFO - [2026-08-21T22:49:20.360+0000] {dagbag.py:540} INFO - Filling up the DagBag from /home/airflow/.local/lib/python3.8/site-packages/airflow/example_dags/example_dag_decorator.py
[2026-08-21T22:49:20.469+0000] {processor.py:840} INFO - DAG(s) 'example_dag_decorator' retrieved from /home/airflow/.local/lib/python3.8/site-packages/airflow/example_dags/example_dag_decorator.py
[2026-08-21T22:49:20.582+0000] {logging_mixin.py:188} INFO - [2026-08-21T22:49:20.581+0000] {dag.py:3047} INFO - Sync 1 DAGs
[2026-08-21T22:49:20.593+0000] {logging_mixin.py:188} INFO - [2026-08-21T22:49:20.592+0000] {dag.py:3834} INFO - Setting next_dagrun for example_dag_decorator to None, run_after=None
[2026-08-21T22:49:20.615+0000] {processor.py:183} INFO - Processing /home/airflow/.local/lib/python3.8/site-packages/airflow/example_dags/example_dag_decorator.py took 0.263 seconds
[2026-08-21T22:49:51.005+0000] {processor.py:161} INFO - Started process (PID=444) to work on /home/airflow/.local/lib/python3.8/site-packages/airflow/example_dags/example_dag_decorator.py
[2026-08-21T22:49:51.007+0000] {processor.py:830} INFO - Processing file /home/airflow/.local/lib/python3.8/site-packages/airflow/example_dags/example_dag_decorator.py for tasks to queue
[2026-08-21T22:49:51.009+0000] {logging_mixin.py:188} INFO - [2026-08-21T22:49:51.009+0000] {dagbag.py:540} INFO - Filling up the DagBag from /home/airflow/.local/lib/python3.8/site-packages/airflow/example_dags/example_dag_decorator.py
[2026-08-21T22:49:51.123+0000] {processor.py:840} INFO - DAG(s) 'example_dag_decorator' retrieved from /home/airflow/.local/lib/python3.8/site-packages/airflow/example_dags/example_dag_decorator.py
[2026-08-21T22:49:51.234+0000] {logging_mixin.py:188} INFO - [2026-08-21T22:49:51.233+0000] {dag.py:3047} INFO - Sync 1 DAGs
[2026-08-21T22:49:51.250+0000] {logging_mixin.py:188} INFO - [2026-08-21T22:49:51.250+0000] {dag.py:3834} INFO - Setting next_dagrun for example_dag_decorator to None, run_after=None
[2026-08-21T22:49:51.271+0000] {processor.py:183} INFO - Processing /home/airflow/.local/lib/python3.8/site-packages/airflow/example_dags/example_dag_decorator.py took 0.272 seconds
[2026-08-21T22:50:21.496+0000] {processor.py:161} INFO - Started process (PID=501) to work on /home/airflow/.local/lib/python3.8/site-packages/airflow/example_dags/example_dag_decorator.py
[2026-08-21T22:50:21.498+0000] {processor.py:830} INFO - Processing file /home/airflow/.local/lib/python3.8/site-packages/airflow/example_dags/example_dag_decorator.py for tasks to queue
[2026-08-21T22:50:21.501+0000] {logging_mixin.py:188} INFO - [2026-08-21T22:50:21.501+0000] {dagbag.py:540} INFO - Filling up the DagBag from /home/airflow/.local/lib/python3.8/site-packages/airflow/example_dags/example_dag_decorator.py
[2026-08-21T22:50:21.667+0000] {processor.py:840} INFO - DAG(s) 'example_dag_decorator' retrieved from /home/airflow/.local/lib/python3.8/site-packages/airflow/example_dags/example_dag_decorator.py
[2026-08-21T22:50:21.798+0000] {logging_mixin.py:188} INFO - [2026-08-21T22:50:21.797+0000] {dag.py:3047} INFO - Sync 1 DAGs
[2026-08-21T22:50:21.815+0000] {logging_mixin.py:188} INFO - [2026-08-21T22:50:21.815+0000] {dag.py:3834} INFO - Setting next_dagrun for example_dag_decorator to None, run_after=None
[2026-08-21T22:50:21.835+0000] {processor.py:183} INFO - Processing /home/airflow/.local/lib/python3.8/site-packages/airflow/example_dags/example_dag_decorator.py took 0.345 seconds
[2026-08-21T22:50:52.570+0000] {processor.py:161} INFO - Started process (PID=557) to work on /home/airflow/.local/lib/python3.8/site-packages/airflow/example_dags/example_dag_decorator.py
[2026-08-21T22:50:52.572+0000] {processor.py:830} INFO - Processing file /home/airflow/.local/lib/python3.8/site-packages/airflow/example_dags/example_dag_decorator.py for tasks to queue
[2026-08-21T22:50:52.574+0000] {logging_mixin.py:188} INFO - [2026-08-21T22:50:52.574+0000] {dagbag.py:540} INFO - Filling up the DagBag from /home/airflow/.local/lib/python3.8/site-packages/airflow/example_dags/example_dag_decorator.py
[2026-08-21T22:50:52.687+0000] {processor.py:840} INFO - DAG(s) 'example_dag_decorator' retrieved from /home/airflow/.local/lib/python3.8/site-packages/airflow/example_dags/example_dag_decorator.py
[2026-08-21T22:50:52.846+0000] {logging_mixin.py:188} INFO - [2026-08-21T22:50:52.845+0000] {dag.py:3047} INFO - Sync 1 DAGs
[2026-08-21T22:50:52.874+0000] {logging_mixin.py:188} INFO - [2026-08-21T22:50:52.873+0000] {dag.py:3834} INFO - Setting next_dagrun for example_dag_decorator to None, run_after=None
[2026-08-21T22:50:52.908+0000] {processor.py:183} INFO - Processing /home/airflow/.local/lib/python3.8/site-packages/airflow/example_dags/example_dag_decorator.py took 0.342 seconds
[2026-08-21T22:51:22.955+0000] {processor.py:161} INFO - Started process (PID=615) to work on /home/airflow/.local/lib/python3.8/site-packages/airflow/example_dags/example_dag_decorator.py
[2026-08-21T22:51:22.957+0000] {processor.py:830} INFO - Processing file /home/airflow/.local/lib/python3.8/site-packages/airflow/example_dags/example_dag_decorator.py for tasks to queue
[2026-08-21T22:51:22.962+0000] {logging_mixin.py:188} INFO - [2026-08-21T22:51:22.962+0000] {dagbag.py:540} INFO - Filling up the DagBag from /home/airflow/.local/lib/python3.8/site-packages/airflow/example_dags/example_dag_decorator.py
[2026-08-21T22:51:23.073+0000] {processor.py:840} INFO - DAG(s) 'example_dag_decorator' retrieved from /home/airflow/.local/lib/python3.8/site-packages/airflow/example_dags/example_dag_decorator.py
[2026-08-21T22:51:23.200+0000] {logging_mixin.py:188} INFO - [2026-08-21T22:51:23.200+0000] {dag.py:3047} INFO - Sync 1 DAGs
[2026-08-21T22:51:23.213+0000] {logging_mixin.py:188} INFO - [2026-08-21T22:51:23.213+0000] {dag.py:3834} INFO - Setting next_dagrun for example_dag_decorator to None, run_after=None
[2026-08-21T22:51:23.237+0000] {processor.py:183} INFO - Processing /home/airflow/.local/lib/python3.8/site-packages/airflow/example_dags/example_dag_decorator.py took 0.287 seconds
[2026-08-21T22:51:54.056+0000] {processor.py:161} INFO - Started process (PID=671) to work on /home/airflow/.local/lib/python3.8/site-packages/airflow/example_dags/example_dag_decorator.py
[2026-08-21T22:51:54.058+0000] {processor.py:830} INFO - Processing file /home/airflow/.local/lib/python3.8/site-packages/airflow/example_dags/example_dag_decorator.py for tasks to queue
[2026-08-21T22:51:54.061+0000] {logging_mixin.py:188} INFO - [2026-08-21T22:51:54.061+0000] {dagbag.py:540} INFO - Filling up the DagBag from /home/airflow/.local/lib/python3.8/site-packages/airflow/example_dags/example_dag_decorator.py
[2026-08-21T22:51:54.169+0000] {processor.py:840} INFO - DAG(s) 'example_dag_decorator' retrieved from /home/airflow/.local/lib/python3.8/site-packages/airflow/example_dags/example_dag_decorator.py
[2026-08-21T22:51:54.288+0000] {logging_mixin.py:188} INFO - [2026-08-21T22:51:54.287+0000] {dag.py:3047} INFO - Sync 1 DAGs
[2026-08-21T22:51:54.301+0000] {logging_mixin.py:188} INFO - [2026-08-21T22:51:54.300+0000] {dag.py:3834} INFO - Setting next_dagrun for example_dag_decorator to None, run_after=None
[2026-08-21T22:51:54.327+0000] {processor.py:183} INFO - Processing /home/airflow/.local/lib/python3.8/site-packages/airflow/example_dags/example_dag_decorator.py took 0.275 seconds
[2026-08-21T22:52:24.405+0000] {processor.py:161} INFO - Started process (PID=729) to work on /home/airflow/.local/lib/python3.8/site-packages/airflow/example_dags/example_dag_decorator.py
[2026-08-21T22:52:24.407+0000] {processor.py:830} INFO - Processing file /home/airflow/.local/lib/python3.8/site-packages/airflow/example_dags/example_dag_decorator.py for tasks to queue
[2026-08-21T22:52:24.410+0000] {logging_mixin.py:188} INFO - [2026-08-21T22:52:24.410+0000] {dagbag.py:540} INFO - Filling up the DagBag from /home/airflow/.local/lib/python3.8/site-packages/airflow/example_dags/example_dag_decorator.py
[2026-08-21T22:52:24.529+0000] {processor.py:840} INFO - DAG(s) 'example_dag_decorator' retrieved from /home/airflow/.local/lib/python3.8/site-packages/airflow/example_dags/example_dag_decorator.py
[2026-08-21T22:52:24.674+0000] {logging_mixin.py:188} INFO - [2026-08-21T22:52:24.674+0000] {dag.py:3047} INFO - Sync 1 DAGs
[2026-08-21T22:52:24.687+0000] {logging_mixin.py:188} INFO - [2026-08-21T22:52:24.686+0000] {dag.py:3834} INFO - Setting next_dagrun for example_dag_decorator to None, run_after=None
[2026-08-21T22:52:24.755+0000] {processor.py:183} INFO - Processing /home/airflow/.local/lib/python3.8/site-packages/airflow/example_dags/example_dag_decorator.py took 0.354 seconds
[2026-08-21T22:52:54.874+0000] {processor.py:161} INFO - Started process (PID=785) to work on /home/airflow/.local/lib/python3.8/site-packages/airflow/example_dags/example_dag_decorator.py
[2026-08-21T22:52:54.877+0000] {processor.py:830} INFO - Processing file /home/airflow/.local/lib/python3.8/site-packages/airflow/example_dags/example_dag_decorator.py for tasks to queue
[2026-08-21T22:52:54.880+0000] {logging_mixin.py:188} INFO - [2026-08-21T22:52:54.880+0000] {dagbag.py:540} INFO - Filling up the DagBag from /home/airflow/.local/lib/python3.8/site-packages/airflow/example_dags/example_dag_decorator.py
[2026-08-21T22:52:55.024+0000] {processor.py:840} INFO - DAG(s) 'example_dag_decorator' retrieved from /home/airflow/.local/lib/python3.8/site-packages/airflow/example_dags/example_dag_decorator.py
[2026-08-21T22:52:55.227+0000] {logging_mixin.py:188} INFO - [2026-08-21T22:52:55.227+0000] {dag.py:3047} INFO - Sync 1 DAGs
[2026-08-21T22:52:55.251+0000] {logging_mixin.py:188} INFO - [2026-08-21T22:52:55.251+0000] {dag.py:3834} INFO - Setting next_dagrun for example_dag_decorator to None, run_after=None
[2026-08-21T22:52:55.277+0000] {processor.py:183} INFO - Processing /home/airflow/.local/lib/python3.8/site-packages/airflow/example_dags/example_dag_decorator.py took 0.409 seconds
[2026-08-21T22:53:26.257+0000] {processor.py:161} INFO - Started process (PID=842) to work on /home/airflow/.local/lib/python3.8/site-packages/airflow/example_dags/example_dag_decorator.py
[2026-08-21T22:53:26.260+0000] {processor.py:830} INFO - Processing file /home/airflow/.local/lib/python3.8/site-packages/airflow/example_dags/example_dag_decorator.py for tasks to queue
[2026-08-21T22:53:26.264+0000] {logging_mixin.py:188} INFO - [2026-08-21T22:53:26.264+0000] {dagbag.py:540} INFO - Filling up the DagBag from /home/airflow/.local/lib/python3.8/site-packages/airflow/example_dags/example_dag_decorator.py
[2026-08-21T22:53:26.367+0000] {processor.py:840} INFO - DAG(s) 'example_dag_decorator' retrieved from /home/airflow/.local/lib/python3.8/site-packages/airflow/example_dags/example_dag_decorator.py
[2026-08-21T22:53:26.490+0000] {logging_mixin.py:188} INFO - [2026-08-21T22:53:26.490+0000] {dag.py:3047} INFO - Sync 1 DAGs
[2026-08-21T22:53:26.504+0000] {logging_mixin.py:188} INFO - [2026-08-21T22:53:26.504+0000] {dag.py:3834} INFO - Setting next_dagrun for example_dag_decorator to None, run_after=None
[2026-08-21T22:53:26.531+0000] {processor.py:183} INFO - Processing /home/airflow/.local/lib/python3.8/site-packages/airflow/example_dags/example_dag_decorator.py took 0.278 seconds
[2026-08-21T22:53:56.838+0000] {processor.py:161} INFO - Started process (PID=898) to work on /home/airflow/.local/lib/python3.8/site-packages/airflow/example_dags/example_dag_decorator.py
[2026-08-21T22:53:56.840+0000] {processor.py:830} INFO - Processing file /home/airflow/.local/lib/python3.8/site-packages/airflow/example_dags/example_dag_decorator.py for tasks to queue
[2026-08-21T22:53:56.843+0000] {logging_mixin.py:188} INFO - [2026-08-21T22:53:56.843+0000] {dagbag.py:540} INFO - Filling up the DagBag from /home/airflow/.local/lib/python3.8/site-packages/airflow/example_dags/example_dag_decorator.py
[2026-08-21T22:53:56.954+0000] {processor.py:840} INFO - DAG(s) 'example_dag_decorator' retrieved from /home/airflow/.local/lib/python3.8/site-packages/airflow/example_dags/example_dag_decorator.py
[2026-08-21T22:53:57.074+0000] {logging_mixin.py:188} INFO - [2026-08-21T22:53:57.074+0000] {dag.py:3047} INFO - Sync 1 DAGs
[2026-08-21T22:53:57.087+0000] {logging_mixin.py:188} INFO - [2026-08-21T22:53:57.087+0000] {dag.py:3834} INFO - Setting next_dagrun for example_dag_decorator to None, run_after=None
[2026-08-21T22:53:57.112+0000] {processor.py:183} INFO - Processing /home/airflow/.local/lib/python3.8/site-packages/airflow/example_dags/example_dag_decorator.py took 0.279 seconds
[2026-08-21T22:54:27.172+0000] {processor.py:161} INFO - Started process (PID=956) to work on /home/airflow/.local/lib/python3.8/site-packages/airflow/example_dags/example_dag_decorator.py
[2026-08-21T22:54:27.174+0000] {processor.py:830} INFO - Processing file /home/airflow/.local/lib/python3.8/site-packages/airflow/example_dags/example_dag_decorator.py for tasks to queue
[2026-08-21T22:54:27.177+0000] {logging_mixin.py:188} INFO - [2026-08-21T22:54:27.177+0000] {dagbag.py:540} INFO - Filling up the DagBag from /home/airflow/.local/lib/python3.8/site-packages/airflow/example_dags/example_dag_decorator.py
[2026-08-21T22:54:27.282+0000] {processor.py:840} INFO - DAG(s) 'example_dag_decorator' retrieved from /home/airflow/.local/lib/python3.8/site-packages/airflow/example_dags/example_dag_decorator.py
[2026-08-21T22:54:27.384+0000] {logging_mixin.py:188} INFO - [2026-08-21T22:54:27.384+0000] {dag.py:3047} INFO - Sync 1 DAGs
[2026-08-21T22:54:27.396+0000] {logging_mixin.py:188} INFO - [2026-08-21T22:54:27.395+0000] {dag.py:3834} INFO - Setting next_dagrun for example_dag_decorator to None, run_after=None
[2026-08-21T22:54:27.418+0000] {processor.py:183} INFO - Processing /home/airflow/.local/lib/python3.8/site-packages/airflow/example_dags/example_dag_decorator.py took 0.250 seconds
[2026-08-21T22:54:57.668+0000] {processor.py:161} INFO - Started process (PID=1012) to work on /home/airflow/.local/lib/python3.8/site-packages/airflow/example_dags/example_dag_decorator.py
[2026-08-21T22:54:57.670+0000] {processor.py:830} INFO - Processing file /home/airflow/.local/lib/python3.8/site-packages/airflow/example_dags/example_dag_decorator.py for tasks to queue
[2026-08-21T22:54:57.674+0000] {logging_mixin.py:188} INFO - [2026-08-21T22:54:57.673+0000] {dagbag.py:540} INFO - Filling up the DagBag from /home/airflow/.local/lib/python3.8/site-packages/airflow/example_dags/example_dag_decorator.py
[2026-08-21T22:54:57.806+0000] {processor.py:840} INFO - DAG(s) 'example_dag_decorator' retrieved from /home/airflow/.local/lib/python3.8/site-packages/airflow/example_dags/example_dag_decorator.py
[2026-08-21T22:54:57.938+0000] {logging_mixin.py:188} INFO - [2026-08-21T22:54:57.937+0000] {dag.py:3047} INFO - Sync 1 DAGs
[2026-08-21T22:54:57.951+0000] {logging_mixin.py:188} INFO - [2026-08-21T22:54:57.950+0000] {dag.py:3834} INFO - Setting next_dagrun for example_dag_decorator to None, run_after=None
[2026-08-21T22:54:57.976+0000] {processor.py:183} INFO - Processing /home/airflow/.local/lib/python3.8/site-packages/airflow/example_dags/example_dag_decorator.py took 0.312 seconds
[2026-08-21T22:55:28.345+0000] {processor.py:161} INFO - Started process (PID=1069) to work on /home/airflow/.local/lib/python3.8/site-packages/airflow/example_dags/example_dag_decorator.py
[2026-08-21T22:55:28.347+0000] {processor.py:830} INFO - Processing file /home/airflow/.local/lib/python3.8/site-packages/airflow/example_dags/example_dag_decorator.py for tasks to queue
[2026-08-21T22:55:28.350+0000] {logging_mixin.py:188} INFO - [2026-08-21T22:55:28.350+0000] {dagbag.py:540} INFO - Filling up the DagBag from /home/airflow/.local/lib/python3.8/site-packages/airflow/example_dags/example_dag_decorator.py
[2026-08-21T22:55:28.456+0000] {processor.py:840} INFO - DAG(s) 'example_dag_decorator' retrieved from /home/airflow/.local/lib/python3.8/site-packages/airflow/example_dags/example_dag_decorator.py
[2026-08-21T22:55:28.585+0000] {logging_mixin.py:188} INFO - [2026-08-21T22:55:28.584+0000] {dag.py:3047} INFO - Sync 1 DAGs
[2026-08-21T22:55:28.597+0000] {logging_mixin.py:188} INFO - [2026-08-21T22:55:28.597+0000] {dag.py:3834} INFO - Setting next_dagrun for example_dag_decorator to None, run_after=None
[2026-08-21T22:55:28.621+0000] {processor.py:183} INFO - Processing /home/airflow/.local/lib/python3.8/site-packages/airflow/example_dags/example_dag_decorator.py took 0.282 seconds
[2026-08-21T22:55:58.719+0000] {processor.py:161} INFO - Started process (PID=1127) to work on /home/airflow/.local/lib/python3.8/site-packages/airflow/example_dags/example_dag_decorator.py
[2026-08-21T22:55:58.721+0000] {processor.py:830} INFO - Processing file /home/airflow/.local/lib/python3.8/site-packages/airflow/example_dags/example_dag_decorator.py for tasks to queue
[2026-08-21T22:55:58.726+0000] {logging_mixin.py:188} INFO - [2026-08-21T22:55:58.725+0000] {dagbag.py:540} INFO - Filling up the DagBag from /home/airflow/.local/lib/python3.8/site-packages/airflow/example_dags/example_dag_decorator.py
[2026-08-21T22:55:58.864+0000] {processor.py:840} INFO - DAG(s) 'example_dag_decorator' retrieved from /home/airflow/.local/lib/python3.8/site-packages/airflow/example_dags/example_dag_decorator.py
[2026-08-21T22:55:59.050+0000] {logging_mixin.py:188} INFO - [2026-08-21T22:55:59.050+0000] {dag.py:3047} INFO - Sync 1 DAGs
[2026-08-21T22:55:59.065+0000] {logging_mixin.py:188} INFO - [2026-08-21T22:55:59.064+0000] {dag.py:3834} INFO - Setting next_dagrun for example_dag_decorator to None, run_after=None
[2026-08-21T22:55:59.095+0000] {processor.py:183} INFO - Processing /home/airflow/.local/lib/python3.8/site-packages/airflow/example_dags/example_dag_decorator.py took 0.381 seconds
[2026-08-21T22:56:29.441+0000] {processor.py:161} INFO - Started process (PID=1183) to work on /home/airflow/.local/lib/python3.8/site-packages/airflow/example_dags/example_dag_decorator.py
[2026-08-21T22:56:29.445+0000] {processor.py:830} INFO - Processing file /home/airflow/.local/lib/python3.8/site-packages/airflow/example_dags/example_dag_decorator.py for tasks to queue
[2026-08-21T22:56:29.448+0000] {logging_mixin.py:188} INFO - [2026-08-21T22:56:29.447+0000] {dagbag.py:540} INFO - Filling up the DagBag from /home/airflow/.local/lib/python3.8/site-packages/airflow/example_dags/example_dag_decorator.py
[2026-08-21T22:56:29.551+0000] {processor.py:840} INFO - DAG(s) 'example_dag_decorator' retrieved from /home/airflow/.local/lib/python3.8/site-packages/airflow/example_dags/example_dag_decorator.py
[2026-08-21T22:56:29.674+0000] {logging_mixin.py:188} INFO - [2026-08-21T22:56:29.673+0000] {dag.py:3047} INFO - Sync 1 DAGs
[2026-08-21T22:56:29.686+0000] {logging_mixin.py:188} INFO - [2026-08-21T22:56:29.686+0000] {dag.py:3834} INFO - Setting next_dagrun for example_dag_decorator to None, run_after=None
[2026-08-21T22:56:29.714+0000] {processor.py:183} INFO - Processing /home/airflow/.local/lib/python3.8/site-packages/airflow/example_dags/example_dag_decorator.py took 0.278 seconds
[2026-08-21T22:57:00.138+0000] {processor.py:161} INFO - Started process (PID=1240) to work on /home/airflow/.local/lib/python3.8/site-packages/airflow/example_dags/example_dag_decorator.py
[2026-08-21T22:57:00.141+0000] {processor.py:830} INFO - Processing file /home/airflow/.local/lib/python3.8/site-packages/airflow/example_dags/example_dag_decorator.py for tasks to queue
[2026-08-21T22:57:00.144+0000] {logging_mixin.py:188} INFO - [2026-08-21T22:57:00.144+0000] {dagbag.py:540} INFO - Filling up the DagBag from /home/airflow/.local/lib/python3.8/site-packages/airflow/example_dags/example_dag_decorator.py
[2026-08-21T22:57:00.277+0000] {processor.py:840} INFO - DAG(s) 'example_dag_decorator' retrieved from /home/airflow/.local/lib/python3.8/site-packages/airflow/example_dags/example_dag_decorator.py
[2026-08-21T22:57:00.413+0000] {logging_mixin.py:188} INFO - [2026-08-21T22:57:00.413+0000] {dag.py:3047} INFO - Sync 1 DAGs
[2026-08-21T22:57:00.427+0000] {logging_mixin.py:188} INFO - [2026-08-21T22:57:00.427+0000] {dag.py:3834} INFO - Setting next_dagrun for example_dag_decorator to None, run_after=None
[2026-08-21T22:57:00.458+0000] {processor.py:183} INFO - Processing /home/airflow/.local/lib/python3.8/site-packages/airflow/example_dags/example_dag_decorator.py took 0.326 seconds
[2026-08-21T22:57:30.717+0000] {processor.py:161} INFO - Started process (PID=1297) to work on /home/airflow/.local/lib/python3.8/site-packages/airflow/example_dags/example_dag_decorator.py
[2026-08-21T22:57:30.721+0000] {processor.py:830} INFO - Processing file /home/airflow/.local/lib/python3.8/site-packages/airflow/example_dags/example_dag_decorator.py for tasks to queue
[2026-08-21T22:57:30.725+0000] {logging_mixin.py:188} INFO - [2026-08-21T22:57:30.725+0000] {dagbag.py:540} INFO - Filling up the DagBag from /home/airflow/.local/lib/python3.8/site-packages/airflow/example_dags/example_dag_decorator.py
[2026-08-21T22:57:30.854+0000] {processor.py:840} INFO - DAG(s) 'example_dag_decorator' retrieved from /home/airflow/.local/lib/python3.8/site-packages/airflow/example_dags/example_dag_decorator.py
[2026-08-21T22:57:30.992+0000] {logging_mixin.py:188} INFO - [2026-08-21T22:57:30.992+0000] {dag.py:3047} INFO - Sync 1 DAGs
[2026-08-21T22:57:31.005+0000] {logging_mixin.py:188} INFO - [2026-08-21T22:57:31.005+0000] {dag.py:3834} INFO - Setting next_dagrun for example_dag_decorator to None, run_after=None
[2026-08-21T22:57:31.030+0000] {processor.py:183} INFO - Processing /home/airflow/.local/lib/python3.8/site-packages/airflow/example_dags/example_dag_decorator.py took 0.320 seconds
[2026-08-21T22:58:01.073+0000] {processor.py:161} INFO - Started process (PID=1355) to work on /home/airflow/.local/lib/python3.8/site-packages/airflow/example_dags/example_dag_decorator.py
[2026-08-21T22:58:01.075+0000] {processor.py:830} INFO - Processing file /home/airflow/.local/lib/python3.8/site-packages/airflow/example_dags/example_dag_decorator.py for tasks to queue
[2026-08-21T22:58:01.078+0000] {logging_mixin.py:188} INFO - [2026-08-21T22:58:01.078+0000] {dagbag.py:540} INFO - Filling up the DagBag from /home/airflow/.local/lib/python3.8/site-packages/airflow/example_dags/example_dag_decorator.py
[2026-08-21T22:58:01.187+0000] {processor.py:840} INFO - DAG(s) 'example_dag_decorator' retrieved from /home/airflow/.local/lib/python3.8/site-packages/airflow/example_dags/example_dag_decorator.py
[2026-08-21T22:58:01.298+0000] {logging_mixin.py:188} INFO - [2026-08-21T22:58:01.298+0000] {dag.py:3047} INFO - Sync 1 DAGs
[2026-08-21T22:58:01.311+0000] {logging_mixin.py:188} INFO - [2026-08-21T22:58:01.310+0000] {dag.py:3834} INFO - Setting next_dagrun for example_dag_decorator to None, run_after=None
[2026-08-21T22:58:01.338+0000] {processor.py:183} INFO - Processing /home/airflow/.local/lib/python3.8/site-packages/airflow/example_dags/example_dag_decorator.py took 0.270 seconds
[2026-08-21T22:58:31.742+0000] {processor.py:161} INFO - Started process (PID=1411) to work on /home/airflow/.local/lib/python3.8/site-packages/airflow/example_dags/example_dag_decorator.py
[2026-08-21T22:58:31.745+0000] {processor.py:830} INFO - Processing file /home/airflow/.local/lib/python3.8/site-packages/airflow/example_dags/example_dag_decorator.py for tasks to queue
[2026-08-21T22:58:31.750+0000] {logging_mixin.py:188} INFO - [2026-08-21T22:58:31.749+0000] {dagbag.py:540} INFO - Filling up the DagBag from /home/airflow/.local/lib/python3.8/site-packages/airflow/example_dags/example_dag_decorator.py
[2026-08-21T22:58:31.860+0000] {processor.py:840} INFO - DAG(s) 'example_dag_decorator' retrieved from /home/airflow/.local/lib/python3.8/site-packages/airflow/example_dags/example_dag_decorator.py
[2026-08-21T22:58:31.994+0000] {logging_mixin.py:188} INFO - [2026-08-21T22:58:31.993+0000] {dag.py:3047} INFO - Sync 1 DAGs
[2026-08-21T22:58:32.007+0000] {logging_mixin.py:188} INFO - [2026-08-21T22:58:32.007+0000] {dag.py:3834} INFO - Setting next_dagrun for example_dag_decorator to None, run_after=None
[2026-08-21T22:58:32.032+0000] {processor.py:183} INFO - Processing /home/airflow/.local/lib/python3.8/site-packages/airflow/example_dags/example_dag_decorator.py took 0.295 seconds
[2026-08-21T22:59:02.072+0000] {processor.py:161} INFO - Started process (PID=1469) to work on /home/airflow/.local/lib/python3.8/site-packages/airflow/example_dags/example_dag_decorator.py
[2026-08-21T22:59:02.074+0000] {processor.py:830} INFO - Processing file /home/airflow/.local/lib/python3.8/site-packages/airflow/example_dags/example_dag_decorator.py for tasks to queue
[2026-08-21T22:59:02.077+0000] {logging_mixin.py:188} INFO - [2026-08-21T22:59:02.077+0000] {dagbag.py:540} INFO - Filling up the DagBag from /home/airflow/.local/lib/python3.8/site-packages/airflow/example_dags/example_dag_decorator.py
[2026-08-21T22:59:02.227+0000] {processor.py:840} INFO - DAG(s) 'example_dag_decorator' retrieved from /home/airflow/.local/lib/python3.8/site-packages/airflow/example_dags/example_dag_decorator.py
[2026-08-21T22:59:02.348+0000] {logging_mixin.py:188} INFO - [2026-08-21T22:59:02.347+0000] {dag.py:3047} INFO - Sync 1 DAGs
[2026-08-21T22:59:02.362+0000] {logging_mixin.py:188} INFO - [2026-08-21T22:59:02.361+0000] {dag.py:3834} INFO - Setting next_dagrun for example_dag_decorator to None, run_after=None
[2026-08-21T22:59:02.387+0000] {processor.py:183} INFO - Processing /home/airflow/.local/lib/python3.8/site-packages/airflow/example_dags/example_dag_decorator.py took 0.320 seconds
[2026-08-21T22:59:32.453+0000] {processor.py:161} INFO - Started process (PID=1525) to work on /home/airflow/.local/lib/python3.8/site-packages/airflow/example_dags/example_dag_decorator.py
[2026-08-21T22:59:32.457+0000] {processor.py:830} INFO - Processing file /home/airflow/.local/lib/python3.8/site-packages/airflow/example_dags/example_dag_decorator.py for tasks to queue
[2026-08-21T22:59:32.461+0000] {logging_mixin.py:188} INFO - [2026-08-21T22:59:32.461+0000] {dagbag.py:540} INFO - Filling up the DagBag from /home/airflow/.local/lib/python3.8/site-packages/airflow/example_dags/example_dag_decorator.py
[2026-08-21T22:59:32.578+0000] {processor.py:840} INFO - DAG(s) 'example_dag_decorator' retrieved from /home/airflow/.local/lib/python3.8/site-packages/airflow/example_dags/example_dag_decorator.py
[2026-08-21T22:59:32.711+0000] {logging_mixin.py:188} INFO - [2026-08-21T22:59:32.711+0000] {dag.py:3047} INFO - Sync 1 DAGs
[2026-08-21T22:59:32.725+0000] {logging_mixin.py:188} INFO - [2026-08-21T22:59:32.725+0000] {dag.py:3834} INFO - Setting next_dagrun for example_dag_decorator to None, run_after=None
[2026-08-21T22:59:32.757+0000] {processor.py:183} INFO - Processing /home/airflow/.local/lib/python3.8/site-packages/airflow/example_dags/example_dag_decorator.py took 0.312 seconds
[2026-08-21T23:00:03.114+0000] {processor.py:161} INFO - Started process (PID=1582) to work on /home/airflow/.local/lib/python3.8/site-packages/airflow/example_dags/example_dag_decorator.py
[2026-08-21T23:00:03.116+0000] {processor.py:830} INFO - Processing file /home/airflow/.local/lib/python3.8/site-packages/airflow/example_dags/example_dag_decorator.py for tasks to queue
[2026-08-21T23:00:03.119+0000] {logging_mixin.py:188} INFO - [2026-08-21T23:00:03.118+0000] {dagbag.py:540} INFO - Filling up the DagBag from /home/airflow/.local/lib/python3.8/site-packages/airflow/example_dags/example_dag_decorator.py
[2026-08-21T23:00:03.231+0000] {processor.py:840} INFO - DAG(s) 'example_dag_decorator' retrieved from /home/airflow/.local/lib/python3.8/site-packages/airflow/example_dags/example_dag_decorator.py
[2026-08-21T23:00:03.260+0000] {logging_mixin.py:188} INFO - [2026-08-21T23:00:03.260+0000] {dag.py:3047} INFO - Sync 1 DAGs
[2026-08-21T23:00:03.273+0000] {logging_mixin.py:188} INFO - [2026-08-21T23:00:03.273+0000] {dag.py:3834} INFO - Setting next_dagrun for example_dag_decorator to None, run_after=None
[2026-08-21T23:00:03.297+0000] {processor.py:183} INFO - Processing /home/airflow/.local/lib/python3.8/site-packages/airflow/example_dags/example_dag_decorator.py took 0.187 seconds
[2026-08-21T23:00:33.408+0000] {processor.py:161} INFO - Started process (PID=1639) to work on /home/airflow/.local/lib/python3.8/site-packages/airflow/example_dags/example_dag_decorator.py
[2026-08-21T23:00:33.410+0000] {processor.py:830} INFO - Processing file /home/airflow/.local/lib/python3.8/site-packages/airflow/example_dags/example_dag_decorator.py for tasks to queue
[2026-08-21T23:00:33.413+0000] {logging_mixin.py:188} INFO - [2026-08-21T23:00:33.413+0000] {dagbag.py:540} INFO - Filling up the DagBag from /home/airflow/.local/lib/python3.8/site-packages/airflow/example_dags/example_dag_decorator.py
[2026-08-21T23:00:33.513+0000] {processor.py:840} INFO - DAG(s) 'example_dag_decorator' retrieved from /home/airflow/.local/lib/python3.8/site-packages/airflow/example_dags/example_dag_decorator.py
[2026-08-21T23:00:33.638+0000] {logging_mixin.py:188} INFO - [2026-08-21T23:00:33.638+0000] {dag.py:3047} INFO - Sync 1 DAGs
[2026-08-21T23:00:33.651+0000] {logging_mixin.py:188} INFO - [2026-08-21T23:00:33.650+0000] {dag.py:3834} INFO - Setting next_dagrun for example_dag_decorator to None, run_after=None
[2026-08-21T23:00:33.674+0000] {processor.py:183} INFO - Processing /home/airflow/.local/lib/python3.8/site-packages/airflow/example_dags/example_dag_decorator.py took 0.272 seconds
[2026-08-21T23:01:04.243+0000] {processor.py:161} INFO - Started process (PID=1696) to work on /home/airflow/.local/lib/python3.8/site-packages/airflow/example_dags/example_dag_decorator.py
[2026-08-21T23:01:04.245+0000] {processor.py:830} INFO - Processing file /home/airflow/.local/lib/python3.8/site-packages/airflow/example_dags/example_dag_decorator.py for tasks to queue
[2026-08-21T23:01:04.248+0000] {logging_mixin.py:188} INFO - [2026-08-21T23:01:04.247+0000] {dagbag.py:540} INFO - Filling up the DagBag from /home/airflow/.local/lib/python3.8/site-packages/airflow/example_dags/example_dag_decorator.py
[2026-08-21T23:01:04.353+0000] {processor.py:840} INFO - DAG(s) 'example_dag_decorator' retrieved from /home/airflow/.local/lib/python3.8/site-packages/airflow/example_dags/example_dag_decorator.py
[2026-08-21T23:01:04.483+0000] {logging_mixin.py:188} INFO - [2026-08-21T23:01:04.483+0000] {dag.py:3047} INFO - Sync 1 DAGs
[2026-08-21T23:01:04.495+0000] {logging_mixin.py:188} INFO - [2026-08-21T23:01:04.495+0000] {dag.py:3834} INFO - Setting next_dagrun for example_dag_decorator to None, run_after=None
[2026-08-21T23:01:04.521+0000] {processor.py:183} INFO - Processing /home/airflow/.local/lib/python3.8/site-packages/airflow/example_dags/example_dag_decorator.py took 0.281 seconds
[2026-08-21T23:01:34.656+0000] {processor.py:161} INFO - Started process (PID=1754) to work on /home/airflow/.local/lib/python3.8/site-packages/airflow/example_dags/example_dag_decorator.py
[2026-08-21T23:01:34.658+0000] {processor.py:830} INFO - Processing file /home/airflow/.local/lib/python3.8/site-packages/airflow/example_dags/example_dag_decorator.py for tasks to queue
[2026-08-21T23:01:34.660+0000] {logging_mixin.py:188} INFO - [2026-08-21T23:01:34.660+0000] {dagbag.py:540} INFO - Filling up the DagBag from /home/airflow/.local/lib/python3.8/site-packages/airflow/example_dags/example_dag_decorator.py
[2026-08-21T23:01:34.764+0000] {processor.py:840} INFO - DAG(s) 'example_dag_decorator' retrieved from /home/airflow/.local/lib/python3.8/site-packages/airflow/example_dags/example_dag_decorator.py
[2026-08-21T23:01:34.888+0000] {logging_mixin.py:188} INFO - [2026-08-21T23:01:34.888+0000] {dag.py:3047} INFO - Sync 1 DAGs
[2026-08-21T23:01:34.902+0000] {logging_mixin.py:188} INFO - [2026-08-21T23:01:34.901+0000] {dag.py:3834} INFO - Setting next_dagrun for example_dag_decorator to None, run_after=None
[2026-08-21T23:01:35.058+0000] {processor.py:183} INFO - Processing /home/airflow/.local/lib/python3.8/site-packages/airflow/example_dags/example_dag_decorator.py took 0.407 seconds
[2026-08-21T23:02:05.173+0000] {processor.py:161} INFO - Started process (PID=1815) to work on /home/airflow/.local/lib/python3.8/site-packages/airflow/example_dags/example_dag_decorator.py
[2026-08-21T23:02:05.175+0000] {processor.py:830} INFO - Processing file /home/airflow/.local/lib/python3.8/site-packages/airflow/example_dags/example_dag_decorator.py for tasks to queue
[2026-08-21T23:02:05.180+0000] {logging_mixin.py:188} INFO - [2026-08-21T23:02:05.179+0000] {dagbag.py:540} INFO - Filling up the DagBag from /home/airflow/.local/lib/python3.8/site-packages/airflow/example_dags/example_dag_decorator.py
[2026-08-21T23:02:05.280+0000] {processor.py:840} INFO - DAG(s) 'example_dag_decorator' retrieved from /home/airflow/.local/lib/python3.8/site-packages/airflow/example_dags/example_dag_decorator.py
[2026-08-21T23:02:05.396+0000] {logging_mixin.py:188} INFO - [2026-08-21T23:02:05.396+0000] {dag.py:3047} INFO - Sync 1 DAGs
[2026-08-21T23:02:05.409+0000] {logging_mixin.py:188} INFO - [2026-08-21T23:02:05.408+0000] {dag.py:3834} INFO - Setting next_dagrun for example_dag_decorator to None, run_after=None
[2026-08-21T23:02:05.581+0000] {processor.py:183} INFO - Processing /home/airflow/.local/lib/python3.8/site-packages/airflow/example_dags/example_dag_decorator.py took 0.411 seconds
[2026-08-21T23:02:36.455+0000] {processor.py:161} INFO - Started process (PID=1872) to work on /home/airflow/.local/lib/python3.8/site-packages/airflow/example_dags/example_dag_decorator.py
[2026-08-21T23:02:36.458+0000] {processor.py:830} INFO - Processing file /home/airflow/.local/lib/python3.8/site-packages/airflow/example_dags/example_dag_decorator.py for tasks to queue
[2026-08-21T23:02:36.471+0000] {logging_mixin.py:188} INFO - [2026-08-21T23:02:36.470+0000] {dagbag.py:540} INFO - Filling up the DagBag from /home/airflow/.local/lib/python3.8/site-packages/airflow/example_dags/example_dag_decorator.py
[2026-08-21T23:02:36.710+0000] {processor.py:840} INFO - DAG(s) 'example_dag_decorator' retrieved from /home/airflow/.local/lib/python3.8/site-packages/airflow/example_dags/example_dag_decorator.py
[2026-08-21T23:02:36.978+0000] {logging_mixin.py:188} INFO - [2026-08-21T23:02:36.978+0000] {dag.py:3047} INFO - Sync 1 DAGs
[2026-08-21T23:02:37.032+0000] {logging_mixin.py:188} INFO - [2026-08-21T23:02:37.031+0000] {dag.py:3834} INFO - Setting next_dagrun for example_dag_decorator to None, run_after=None
[2026-08-21T23:02:37.103+0000] {processor.py:183} INFO - Processing /home/airflow/.local/lib/python3.8/site-packages/airflow/example_dags/example_dag_decorator.py took 0.656 seconds
[2026-08-21T23:03:08.001+0000] {processor.py:161} INFO - Started process (PID=1929) to work on /home/airflow/.local/lib/python3.8/site-packages/airflow/example_dags/example_dag_decorator.py
[2026-08-21T23:03:08.003+0000] {processor.py:830} INFO - Processing file /home/airflow/.local/lib/python3.8/site-packages/airflow/example_dags/example_dag_decorator.py for tasks to queue
[2026-08-21T23:03:08.005+0000] {logging_mixin.py:188} INFO - [2026-08-21T23:03:08.005+0000] {dagbag.py:540} INFO - Filling up the DagBag from /home/airflow/.local/lib/python3.8/site-packages/airflow/example_dags/example_dag_decorator.py
[2026-08-21T23:03:08.102+0000] {processor.py:840} INFO - DAG(s) 'example_dag_decorator' retrieved from /home/airflow/.local/lib/python3.8/site-packages/airflow/example_dags/example_dag_decorator.py
[2026-08-21T23:03:08.225+0000] {logging_mixin.py:188} INFO - [2026-08-21T23:03:08.225+0000] {dag.py:3047} INFO - Sync 1 DAGs
[2026-08-21T23:03:08.241+0000] {logging_mixin.py:188} INFO - [2026-08-21T23:03:08.241+0000] {dag.py:3834} INFO - Setting next_dagrun for example_dag_decorator to None, run_after=None
[2026-08-21T23:03:08.266+0000] {processor.py:183} INFO - Processing /home/airflow/.local/lib/python3.8/site-packages/airflow/example_dags/example_dag_decorator.py took 0.269 seconds
[2026-08-21T23:03:38.325+0000] {processor.py:161} INFO - Started process (PID=1986) to work on /home/airflow/.local/lib/python3.8/site-packages/airflow/example_dags/example_dag_decorator.py
[2026-08-21T23:03:38.327+0000] {processor.py:830} INFO - Processing file /home/airflow/.local/lib/python3.8/site-packages/airflow/example_dags/example_dag_decorator.py for tasks to queue
[2026-08-21T23:03:38.330+0000] {logging_mixin.py:188} INFO - [2026-08-21T23:03:38.329+0000] {dagbag.py:540} INFO - Filling up the DagBag from /home/airflow/.local/lib/python3.8/site-packages/airflow/example_dags/example_dag_decorator.py
[2026-08-21T23:03:38.455+0000] {processor.py:840} INFO - DAG(s) 'example_dag_decorator' retrieved from /home/airflow/.local/lib/python3.8/site-packages/airflow/example_dags/example_dag_decorator.py
[2026-08-21T23:03:38.582+0000] {logging_mixin.py:188} INFO - [2026-08-21T23:03:38.582+0000] {dag.py:3047} INFO - Sync 1 DAGs
[2026-08-21T23:03:38.595+0000] {logging_mixin.py:188} INFO - [2026-08-21T23:03:38.595+0000] {dag.py:3834} INFO - Setting next_dagrun for example_dag_decorator to None, run_after=None
[2026-08-21T23:03:38.625+0000] {processor.py:183} INFO - Processing /home/airflow/.local/lib/python3.8/site-packages/airflow/example_dags/example_dag_decorator.py took 0.305 seconds
[2026-08-21T23:04:08.784+0000] {processor.py:161} INFO - Started process (PID=2043) to work on /home/airflow/.local/lib/python3.8/site-packages/airflow/example_dags/example_dag_decorator.py
[2026-08-21T23:04:08.787+0000] {processor.py:830} INFO - Processing file /home/airflow/.local/lib/python3.8/site-packages/airflow/example_dags/example_dag_decorator.py for tasks to queue
[2026-08-21T23:04:08.790+0000] {logging_mixin.py:188} INFO - [2026-08-21T23:04:08.789+0000] {dagbag.py:540} INFO - Filling up the DagBag from /home/airflow/.local/lib/python3.8/site-packages/airflow/example_dags/example_dag_decorator.py
[2026-08-21T23:04:08.898+0000] {processor.py:840} INFO - DAG(s) 'example_dag_decorator' retrieved from /home/airflow/.local/lib/python3.8/site-packages/airflow/example_dags/example_dag_decorator.py
[2026-08-21T23:04:08.927+0000] {logging_mixin.py:188} INFO - [2026-08-21T23:04:08.927+0000] {dag.py:3047} INFO - Sync 1 DAGs
[2026-08-21T23:04:08.940+0000] {logging_mixin.py:188} INFO - [2026-08-21T23:04:08.940+0000] {dag.py:3834} INFO - Setting next_dagrun for example_dag_decorator to None, run_after=None
[2026-08-21T23:04:08.961+0000] {processor.py:183} INFO - Processing /home/airflow/.local/lib/python3.8/site-packages/airflow/example_dags/example_dag_decorator.py took 0.182 seconds
[2026-08-21T23:04:39.030+0000] {processor.py:161} INFO - Started process (PID=2100) to work on /home/airflow/.local/lib/python3.8/site-packages/airflow/example_dags/example_dag_decorator.py
[2026-08-21T23:04:39.032+0000] {processor.py:830} INFO - Processing file /home/airflow/.local/lib/python3.8/site-packages/airflow/example_dags/example_dag_decorator.py for tasks to queue
[2026-08-21T23:04:39.035+0000] {logging_mixin.py:188} INFO - [2026-08-21T23:04:39.035+0000] {dagbag.py:540} INFO - Filling up the DagBag from /home/airflow/.local/lib/python3.8/site-packages/airflow/example_dags/example_dag_decorator.py
[2026-08-21T23:04:39.160+0000] {processor.py:840} INFO - DAG(s) 'example_dag_decorator' retrieved from /home/airflow/.local/lib/python3.8/site-packages/airflow/example_dags/example_dag_decorator.py
[2026-08-21T23:04:39.287+0000] {logging_mixin.py:188} INFO - [2026-08-21T23:04:39.287+0000] {dag.py:3047} INFO - Sync 1 DAGs
[2026-08-21T23:04:39.300+0000] {logging_mixin.py:188} INFO - [2026-08-21T23:04:39.300+0000] {dag.py:3834} INFO - Setting next_dagrun for example_dag_decorator to None, run_after=None
[2026-08-21T23:04:39.324+0000] {processor.py:183} INFO - Processing /home/airflow/.local/lib/python3.8/site-packages/airflow/example_dags/example_dag_decorator.py took 0.297 seconds
[2026-08-21T23:05:10.316+0000] {processor.py:161} INFO - Started process (PID=2157) to work on /home/airflow/.local/lib/python3.8/site-packages/airflow/example_dags/example_dag_decorator.py
[2026-08-21T23:05:10.318+0000] {processor.py:830} INFO - Processing file /home/airflow/.local/lib/python3.8/site-packages/airflow/example_dags/example_dag_decorator.py for tasks to queue
[2026-08-21T23:05:10.320+0000] {logging_mixin.py:188} INFO - [2026-08-21T23:05:10.320+0000] {dagbag.py:540} INFO - Filling up the DagBag from /home/airflow/.local/lib/python3.8/site-packages/airflow/example_dags/example_dag_decorator.py
[2026-08-21T23:05:10.459+0000] {processor.py:840} INFO - DAG(s) 'example_dag_decorator' retrieved from /home/airflow/.local/lib/python3.8/site-packages/airflow/example_dags/example_dag_decorator.py
[2026-08-21T23:05:10.782+0000] {logging_mixin.py:188} INFO - [2026-08-21T23:05:10.781+0000] {dag.py:3047} INFO - Sync 1 DAGs
[2026-08-21T23:05:10.793+0000] {logging_mixin.py:188} INFO - [2026-08-21T23:05:10.793+0000] {dag.py:3834} INFO - Setting next_dagrun for example_dag_decorator to None, run_after=None
[2026-08-21T23:05:10.815+0000] {processor.py:183} INFO - Processing /home/airflow/.local/lib/python3.8/site-packages/airflow/example_dags/example_dag_decorator.py took 0.503 seconds
[2026-08-21T23:05:41.247+0000] {processor.py:161} INFO - Started process (PID=2214) to work on /home/airflow/.local/lib/python3.8/site-packages/airflow/example_dags/example_dag_decorator.py
[2026-08-21T23:05:41.248+0000] {processor.py:830} INFO - Processing file /home/airflow/.local/lib/python3.8/site-packages/airflow/example_dags/example_dag_decorator.py for tasks to queue
[2026-08-21T23:05:41.251+0000] {logging_mixin.py:188} INFO - [2026-08-21T23:05:41.250+0000] {dagbag.py:540} INFO - Filling up the DagBag from /home/airflow/.local/lib/python3.8/site-packages/airflow/example_dags/example_dag_decorator.py
[2026-08-21T23:05:41.343+0000] {processor.py:840} INFO - DAG(s) 'example_dag_decorator' retrieved from /home/airflow/.local/lib/python3.8/site-packages/airflow/example_dags/example_dag_decorator.py
[2026-08-21T23:05:41.369+0000] {logging_mixin.py:188} INFO - [2026-08-21T23:05:41.369+0000] {dag.py:3047} INFO - Sync 1 DAGs
[2026-08-21T23:05:41.382+0000] {logging_mixin.py:188} INFO - [2026-08-21T23:05:41.381+0000] {dag.py:3834} INFO - Setting next_dagrun for example_dag_decorator to None, run_after=None
[2026-08-21T23:05:41.402+0000] {processor.py:183} INFO - Processing /home/airflow/.local/lib/python3.8/site-packages/airflow/example_dags/example_dag_decorator.py took 0.159 seconds
[2026-08-21T23:06:11.805+0000] {processor.py:161} INFO - Started process (PID=2271) to work on /home/airflow/.local/lib/python3.8/site-packages/airflow/example_dags/example_dag_decorator.py
[2026-08-21T23:06:11.807+0000] {processor.py:830} INFO - Processing file /home/airflow/.local/lib/python3.8/site-packages/airflow/example_dags/example_dag_decorator.py for tasks to queue
[2026-08-21T23:06:11.810+0000] {logging_mixin.py:188} INFO - [2026-08-21T23:06:11.809+0000] {dagbag.py:540} INFO - Filling up the DagBag from /home/airflow/.local/lib/python3.8/site-packages/airflow/example_dags/example_dag_decorator.py
[2026-08-21T23:06:11.904+0000] {processor.py:840} INFO - DAG(s) 'example_dag_decorator' retrieved from /home/airflow/.local/lib/python3.8/site-packages/airflow/example_dags/example_dag_decorator.py
[2026-08-21T23:06:11.931+0000] {logging_mixin.py:188} INFO - [2026-08-21T23:06:11.931+0000] {dag.py:3047} INFO - Sync 1 DAGs
[2026-08-21T23:06:11.945+0000] {logging_mixin.py:188} INFO - [2026-08-21T23:06:11.945+0000] {dag.py:3834} INFO - Setting next_dagrun for example_dag_decorator to None, run_after=None
[2026-08-21T23:06:11.968+0000] {processor.py:183} INFO - Processing /home/airflow/.local/lib/python3.8/site-packages/airflow/example_dags/example_dag_decorator.py took 0.166 seconds
[2026-08-21T23:06:42.617+0000] {processor.py:161} INFO - Started process (PID=2328) to work on /home/airflow/.local/lib/python3.8/site-packages/airflow/example_dags/example_dag_decorator.py
[2026-08-21T23:06:42.619+0000] {processor.py:830} INFO - Processing file /home/airflow/.local/lib/python3.8/site-packages/airflow/example_dags/example_dag_decorator.py for tasks to queue
[2026-08-21T23:06:42.621+0000] {logging_mixin.py:188} INFO - [2026-08-21T23:06:42.621+0000] {dagbag.py:540} INFO - Filling up the DagBag from /home/airflow/.local/lib/python3.8/site-packages/airflow/example_dags/example_dag_decorator.py
[2026-08-21T23:06:42.721+0000] {processor.py:840} INFO - DAG(s) 'example_dag_decorator' retrieved from /home/airflow/.local/lib/python3.8/site-packages/airflow/example_dags/example_dag_decorator.py
[2026-08-21T23:06:42.749+0000] {logging_mixin.py:188} INFO - [2026-08-21T23:06:42.749+0000] {dag.py:3047} INFO - Sync 1 DAGs
[2026-08-21T23:06:42.765+0000] {logging_mixin.py:188} INFO - [2026-08-21T23:06:42.765+0000] {dag.py:3834} INFO - Setting next_dagrun for example_dag_decorator to None, run_after=None
[2026-08-21T23:06:42.790+0000] {processor.py:183} INFO - Processing /home/airflow/.local/lib/python3.8/site-packages/airflow/example_dags/example_dag_decorator.py took 0.177 seconds
[2026-08-21T23:07:13.770+0000] {processor.py:161} INFO - Started process (PID=2385) to work on /home/airflow/.local/lib/python3.8/site-packages/airflow/example_dags/example_dag_decorator.py
[2026-08-21T23:07:13.772+0000] {processor.py:830} INFO - Processing file /home/airflow/.local/lib/python3.8/site-packages/airflow/example_dags/example_dag_decorator.py for tasks to queue
[2026-08-21T23:07:13.776+0000] {logging_mixin.py:188} INFO - [2026-08-21T23:07:13.775+0000] {dagbag.py:540} INFO - Filling up the DagBag from /home/airflow/.local/lib/python3.8/site-packages/airflow/example_dags/example_dag_decorator.py
[2026-08-21T23:07:13.869+0000] {processor.py:840} INFO - DAG(s) 'example_dag_decorator' retrieved from /home/airflow/.local/lib/python3.8/site-packages/airflow/example_dags/example_dag_decorator.py
[2026-08-21T23:07:14.100+0000] {logging_mixin.py:188} INFO - [2026-08-21T23:07:14.100+0000] {dag.py:3047} INFO - Sync 1 DAGs
[2026-08-21T23:07:14.112+0000] {logging_mixin.py:188} INFO - [2026-08-21T23:07:14.111+0000] {dag.py:3834} INFO - Setting next_dagrun for example_dag_decorator to None, run_after=None
[2026-08-21T23:07:14.131+0000] {processor.py:183} INFO - Processing /home/airflow/.local/lib/python3.8/site-packages/airflow/example_dags/example_dag_decorator.py took 0.364 seconds
[2026-08-21T23:07:44.801+0000] {processor.py:161} INFO - Started process (PID=2442) to work on /home/airflow/.local/lib/python3.8/site-packages/airflow/example_dags/example_dag_decorator.py
[2026-08-21T23:07:44.803+0000] {processor.py:830} INFO - Processing file /home/airflow/.local/lib/python3.8/site-packages/airflow/example_dags/example_dag_decorator.py for tasks to queue
[2026-08-21T23:07:44.807+0000] {logging_mixin.py:188} INFO - [2026-08-21T23:07:44.806+0000] {dagbag.py:540} INFO - Filling up the DagBag from /home/airflow/.local/lib/python3.8/site-packages/airflow/example_dags/example_dag_decorator.py
[2026-08-21T23:07:44.907+0000] {processor.py:840} INFO - DAG(s) 'example_dag_decorator' retrieved from /home/airflow/.local/lib/python3.8/site-packages/airflow/example_dags/example_dag_decorator.py
[2026-08-21T23:07:44.935+0000] {logging_mixin.py:188} INFO - [2026-08-21T23:07:44.934+0000] {dag.py:3047} INFO - Sync 1 DAGs
[2026-08-21T23:07:45.094+0000] {logging_mixin.py:188} INFO - [2026-08-21T23:07:45.094+0000] {dag.py:3834} INFO - Setting next_dagrun for example_dag_decorator to None, run_after=None
[2026-08-21T23:07:45.116+0000] {processor.py:183} INFO - Processing /home/airflow/.local/lib/python3.8/site-packages/airflow/example_dags/example_dag_decorator.py took 0.318 seconds
