[2026-08-21T22:46:46.439+0000] {processor.py:161} INFO - Started process (PID=97) to work on /home/airflow/.local/lib/python3.8/site-packages/airflow/example_dags/example_python_operator.py
[2026-08-21T22:46:46.441+0000] {processor.py:830} INFO - Processing file /home/airflow/.local/lib/python3.8/site-packages/airflow/example_dags/example_python_operator.py for tasks to queue
[2026-08-21T22:46:46.444+0000] {logging_mixin.py:188} INFO - [2026-08-21T22:46:46.444+0000] {dagbag.py:540} INFO - Filling up the DagBag from /home/airflow/.local/lib/python3.8/site-packages/airflow/example_dags/example_python_operator.py
[2026-08-21T22:46:46.463+0000] {processor.py:840} INFO - DAG(s) 'example_python_operator' retrieved from /home/airflow/.local/lib/python3.8/site-packages/airflow/example_dags/example_python_operator.py
[2026-08-21T22:46:46.699+0000] {logging_mixin.py:188} INFO - [2026-08-21T22:46:46.699+0000] {dag.py:3047} INFO - Sync 1 DAGs
[2026-08-21T22:46:46.718+0000] {logging_mixin.py:188} INFO - [2026-08-21T22:46:46.718+0000] {dag.py:3834} INFO - Setting next_dagrun for example_python_operator to None, run_after=None
[2026-08-21T22:46:46.748+0000] {processor.py:183} INFO - Processing /home/airflow/.local/lib/python3.8/site-packages/airflow/example_dags/example_python_operator.py took 0.313 seconds
[2026-08-21T22:47:17.524+0000] {processor.py:161} INFO - Started process (PID=154) to work on /home/airflow/.local/lib/python3.8/site-packages/airflow/example_dags/example_python_operator.py
[2026-08-21T22:47:17.529+0000] {processor.py:830} INFO - Processing file /home/airflow/.local/lib/python3.8/site-packages/airflow/example_dags/example_python_operator.py for tasks to queue
[2026-08-21T22:47:17.534+0000] {logging_mixin.py:188} INFO - [2026-08-21T22:47:17.533+0000] {dagbag.py:540} INFO - Filling up the DagBag from /home/airflow/.local/lib/python3.8/site-packages/airflow/example_dags/example_python_operator.py
[2026-08-21T22:47:17.552+0000] {processor.py:840} INFO - DAG(s) 'example_python_operator' retrieved from /home/airflow/.local/lib/python3.8/site-packages/airflow/example_dags/example_python_operator.py
[2026-08-21T22:47:17.592+0000] {logging_mixin.py:188} INFO - [2026-08-21T22:47:17.592+0000] {dag.py:3047} INFO - Sync 1 DAGs
[2026-08-21T22:47:17.617+0000] {logging_mixin.py:188} INFO - [2026-08-21T22:47:17.617+0000] {dag.py:3834} INFO - Setting next_dagrun for example_python_operator to None, run_after=None
[2026-08-21T22:47:17.655+0000] {processor.py:183} INFO - Processing /home/airflow/.local/lib/python3.8/site-packages/airflow/example_dags/example_python_operator.py took 0.135 seconds
[2026-08-21T22:47:48.079+0000] {processor.py:161} INFO - Started process (PID=211) to work on /home/airflow/.local/lib/python3.8/site-packages/airflow/example_dags/example_python_operator.py
[2026-08-21T22:47:48.082+0000] {processor.py:830} INFO - Processing file /home/airflow/.local/lib/python3.8/site-packages/airflow/example_dags/example_python_operator.py for tasks to queue
[2026-08-21T22:47:48.085+0000] {logging_mixin.py:188} INFO - [2026-08-21T22:47:48.085+0000] {dagbag.py:540} INFO - Filling up the DagBag from /home/airflow/.local/lib/python3.8/site-packages/airflow/example_dags/example_python_operator.py
[2026-08-21T22:47:48.113+0000] {processor.py:840} INFO - DAG(s) 'example_python_operator' retrieved from /home/airflow/.local/lib/python3.8/site-packages/airflow/example_dags/example_python_operator.py
[2026-08-21T22:47:48.188+0000] {logging_mixin.py:188} INFO - [2026-08-21T22:47:48.187+0000] {dag.py:3047} INFO - Sync 1 DAGs
[2026-08-21T22:47:48.231+0000] {logging_mixin.py:188} INFO - [2026-08-21T22:47:48.230+0000] {dag.py:3834} INFO - Setting next_dagrun for example_python_operator to None, run_after=None
[2026-08-21T22:47:48.295+0000] {processor.py:183} INFO - Processing /home/airflow/.local/lib/python3.8/site-packages/airflow/example_dags/example_python_operator.py took 0.222 seconds
[2026-08-21T22:48:18.814+0000] {processor.py:161} INFO - Started process (PID=268) to work on /home/airflow/.local/lib/python3.8/site-packages/airflow/example_dags/example_python_operator.py
[2026-08-21T22:48:18.815+0000] {processor.py:830} INFO - Processing file /home/airflow/.local/lib/python3.8/site-packages/airflow/example_dags/example_python_operator.py for tasks to queue
[2026-08-21T22:48:18.818+0000] {logging_mixin.py:188} INFO - [2026-08-21T22:48:18.818+0000] {dagbag.py:540} INFO - Filling up the DagBag from /home/airflow/.local/lib/python3.8/site-packages/airflow/example_dags/example_python_operator.py
[2026-08-21T22:48:18.833+0000] {processor.py:840} INFO - DAG(s) 'example_python_operator' retrieved from /home/airflow/.local/lib/python3.8/site-packages/airflow/example_dags/example_python_operator.py
[2026-08-21T22:48:18.861+0000] {logging_mixin.py:188} INFO - [2026-08-21T22:48:18.860+0000] {dag.py:3047} INFO - Sync 1 DAGs
[2026-08-21T22:48:18.875+0000] {logging_mixin.py:188} INFO - [2026-08-21T22:48:18.875+0000] {dag.py:3834} INFO - Setting next_dagrun for example_python_operator to None, run_after=None
[2026-08-21T22:48:18.896+0000] {processor.py:183} INFO - Processing /home/airflow/.local/lib/python3.8/site-packages/airflow/example_dags/example_python_operator.py took 0.086 seconds
[2026-08-21T22:48:49.627+0000] {processor.py:161} INFO - Started process (PID=325) to work on /home/airflow/.local/lib/python3.8/site-packages/airflow/example_dags/example_python_operator.py
[2026-08-21T22:48:49.629+0000] {processor.py:830} INFO - Processing file /home/airflow/.local/lib/python3.8/site-packages/airflow/example_dags/example_python_operator.py for tasks to queue
[2026-08-21T22:48:49.632+0000] {logging_mixin.py:188} INFO - [2026-08-21T22:48:49.631+0000] {dagbag.py:540} INFO - Filling up the DagBag from /home/airflow/.local/lib/python3.8/site-packages/airflow/example_dags/example_python_operator.py
[2026-08-21T22:48:49.651+0000] {processor.py:840} INFO - DAG(s) 'example_python_operator' retrieved from /home/airflow/.local/lib/python3.8/site-packages/airflow/example_dags/example_python_operator.py
[2026-08-21T22:48:49.683+0000] {logging_mixin.py:188} INFO - [2026-08-21T22:48:49.683+0000] {dag.py:3047} INFO - Sync 1 DAGs
[2026-08-21T22:48:49.708+0000] {logging_mixin.py:188} INFO - [2026-08-21T22:48:49.708+0000] {dag.py:3834} INFO - Setting next_dagrun for example_python_operator to None, run_after=None
[2026-08-21T22:48:49.755+0000] {processor.py:183} INFO - Processing /home/airflow/.local/lib/python3.8/site-packages/airflow/example_dags/example_python_operator.py took 0.134 seconds
[2026-08-21T22:49:20.054+0000] {processor.py:161} INFO - Started process (PID=382) to work on /home/airflow/.local/lib/python3.8/site-packages/airflow/example_dags/example_python_operator.py
[2026-08-21T22:49:20.056+0000] {processor.py:830} INFO - Processing file /home/airflow/.local/lib/python3.8/site-packages/airflow/example_dags/example_python_operator.py for tasks to queue
[2026-08-21T22:49:20.059+0000] {logging_mixin.py:188} INFO - [2026-08-21T22:49:20.058+0000] {dagbag.py:540} INFO - Filling up the DagBag from /home/airflow/.local/lib/python3.8/site-packages/airflow/example_dags/example_python_operator.py
[2026-08-21T22:49:20.076+0000] {processor.py:840} INFO - DAG(s) 'example_python_operator' retrieved from /home/airflow/.local/lib/python3.8/site-packages/airflow/example_dags/example_python_operator.py
[2026-08-21T22:49:20.104+0000] {logging_mixin.py:188} INFO - [2026-08-21T22:49:20.103+0000] {dag.py:3047} INFO - Sync 1 DAGs
[2026-08-21T22:49:20.118+0000] {logging_mixin.py:188} INFO - [2026-08-21T22:49:20.117+0000] {dag.py:3834} INFO - Setting next_dagrun for example_python_operator to None, run_after=None
[2026-08-21T22:49:20.144+0000] {processor.py:183} INFO - Processing /home/airflow/.local/lib/python3.8/site-packages/airflow/example_dags/example_python_operator.py took 0.094 seconds
[2026-08-21T22:49:50.622+0000] {processor.py:161} INFO - Started process (PID=439) to work on /home/airflow/.local/lib/python3.8/site-packages/airflow/example_dags/example_python_operator.py
[2026-08-21T22:49:50.624+0000] {processor.py:830} INFO - Processing file /home/airflow/.local/lib/python3.8/site-packages/airflow/example_dags/example_python_operator.py for tasks to queue
[2026-08-21T22:49:50.628+0000] {logging_mixin.py:188} INFO - [2026-08-21T22:49:50.627+0000] {dagbag.py:540} INFO - Filling up the DagBag from /home/airflow/.local/lib/python3.8/site-packages/airflow/example_dags/example_python_operator.py
[2026-08-21T22:49:50.643+0000] {processor.py:840} INFO - DAG(s) 'example_python_operator' retrieved from /home/airflow/.local/lib/python3.8/site-packages/airflow/example_dags/example_python_operator.py
[2026-08-21T22:49:50.674+0000] {logging_mixin.py:188} INFO - [2026-08-21T22:49:50.674+0000] {dag.py:3047} INFO - Sync 1 DAGs
[2026-08-21T22:49:50.690+0000] {logging_mixin.py:188} INFO - [2026-08-21T22:49:50.690+0000] {dag.py:3834} INFO - Setting next_dagrun for example_python_operator to None, run_after=None
[2026-08-21T22:49:50.715+0000] {processor.py:183} INFO - Processing /home/airflow/.local/lib/python3.8/site-packages/airflow/example_dags/example_python_operator.py took 0.096 seconds
[2026-08-21T22:50:21.116+0000] {processor.py:161} INFO - Started process (PID=496) to work on /home/airflow/.local/lib/python3.8/site-packages/airflow/example_dags/example_python_operator.py
[2026-08-21T22:50:21.118+0000] {processor.py:830} INFO - Processing file /home/airflow/.local/lib/python3.8/site-packages/airflow/example_dags/example_python_operator.py for tasks to queue
[2026-08-21T22:50:21.121+0000] {logging_mixin.py:188} INFO - [2026-08-21T22:50:21.121+0000] {dagbag.py:540} INFO - Filling up the DagBag from /home/airflow/.local/lib/python3.8/site-packages/airflow/example_dags/example_python_operator.py
[2026-08-21T22:50:21.134+0000] {processor.py:840} INFO - DAG(s) 'example_python_operator' retrieved from /home/airflow/.local/lib/python3.8/site-packages/airflow/example_dags/example_python_operator.py
[2026-08-21T22:50:21.160+0000] {logging_mixin.py:188} INFO - [2026-08-21T22:50:21.160+0000] {dag.py:3047} INFO - Sync 1 DAGs
[2026-08-21T22:50:21.175+0000] {logging_mixin.py:188} INFO - [2026-08-21T22:50:21.175+0000] {dag.py:3834} INFO - Setting next_dagrun for example_python_operator to None, run_after=None
[2026-08-21T22:50:21.200+0000] {processor.py:183} INFO - Processing /home/airflow/.local/lib/python3.8/site-packages/airflow/example_dags/example_python_operator.py took 0.088 seconds
[2026-08-21T22:50:52.132+0000] {processor.py:161} INFO - Started process (PID=553) to work on /home/airflow/.local/lib/python3.8/site-packages/airflow/example_dags/example_python_operator.py
[2026-08-21T22:50:52.133+0000] {processor.py:830} INFO - Processing file /home/airflow/.local/lib/python3.8/site-packages/airflow/example_dags/example_python_operator.py for tasks to queue
[2026-08-21T22:50:52.136+0000] {logging_mixin.py:188} INFO - [2026-08-21T22:50:52.136+0000] {dagbag.py:540} INFO - Filling up the DagBag from /home/airflow/.local/lib/python3.8/site-packages/airflow/example_dags/example_python_operator.py
[2026-08-21T22:50:52.150+0000] {processor.py:840} INFO - DAG(s) 'example_python_operator' retrieved from /home/airflow/.local/lib/python3.8/site-packages/airflow/example_dags/example_python_operator.py
[2026-08-21T22:50:52.180+0000] {logging_mixin.py:188} INFO - [2026-08-21T22:50:52.180+0000] {dag.py:3047} INFO - Sync 1 DAGs
[2026-08-21T22:50:52.194+0000] {logging_mixin.py:188} INFO - [2026-08-21T22:50:52.194+0000] {dag.py:3834} INFO - Setting next_dagrun for example_python_operator to None, run_after=None
[2026-08-21T22:50:52.241+0000] {processor.py:183} INFO - Processing /home/airflow/.local/lib/python3.8/site-packages/airflow/example_dags/example_python_operator.py took 0.114 seconds
[2026-08-21T22:51:22.562+0000] {processor.py:161} INFO - Started process (PID=610) to work on /home/airflow/.local/lib/python3.8/site-packages/airflow/example_dags/example_python_operator.py
[2026-08-21T22:51:22.564+0000] {processor.py:830} INFO - Processing file /home/airflow/.local/lib/python3.8/site-packages/airflow/example_dags/example_python_operator.py for tasks to queue
[2026-08-21T22:51:22.566+0000] {logging_mixin.py:188} INFO - [2026-08-21T22:51:22.566+0000] {dagbag.py:540} INFO - Filling up the DagBag from /home/airflow/.local/lib/python3.8/site-packages/airflow/example_dags/example_python_operator.py
[2026-08-21T22:51:22.579+0000] {processor.py:840} INFO - DAG(s) 'example_python_operator' retrieved from /home/airflow/.local/lib/python3.8/site-packages/airflow/example_dags/example_python_operator.py
[2026-08-21T22:51:22.605+0000] {logging_mixin.py:188} INFO - [2026-08-21T22:51:22.605+0000] {dag.py:3047} INFO - Sync 1 DAGs
[2026-08-21T22:51:22.621+0000] {logging_mixin.py:188} INFO - [2026-08-21T22:51:22.620+0000] {dag.py:3834} INFO - Setting next_dagrun for example_python_operator to None, run_after=None
[2026-08-21T22:51:22.644+0000] {processor.py:183} INFO - Processing /home/airflow/.local/lib/python3.8/site-packages/airflow/example_dags/example_python_operator.py took 0.086 seconds
[2026-08-21T22:51:53.609+0000] {processor.py:161} INFO - Started process (PID=667) to work on /home/airflow/.local/lib/python3.8/site-packages/airflow/example_dags/example_python_operator.py
[2026-08-21T22:51:53.611+0000] {processor.py:830} INFO - Processing file /home/airflow/.local/lib/python3.8/site-packages/airflow/example_dags/example_python_operator.py for tasks to queue
[2026-08-21T22:51:53.614+0000] {logging_mixin.py:188} INFO - [2026-08-21T22:51:53.614+0000] {dagbag.py:540} INFO - Filling up the DagBag from /home/airflow/.local/lib/python3.8/site-packages/airflow/example_dags/example_python_operator.py
[2026-08-21T22:51:53.627+0000] {processor.py:840} INFO - DAG(s) 'example_python_operator' retrieved from /home/airflow/.local/lib/python3.8/site-packages/airflow/example_dags/example_python_operator.py
[2026-08-21T22:51:53.655+0000] {logging_mixin.py:188} INFO - [2026-08-21T22:51:53.655+0000] {dag.py:3047} INFO - Sync 1 DAGs
[2026-08-21T22:51:53.672+0000] {logging_mixin.py:188} INFO - [2026-08-21T22:51:53.672+0000] {dag.py:3834} INFO - Setting next_dagrun for example_python_operator to None, run_after=None
[2026-08-21T22:51:53.695+0000] {processor.py:183} INFO - Processing /home/airflow/.local/lib/python3.8/site-packages/airflow/example_dags/example_python_operator.py took 0.092 seconds
[2026-08-21T22:52:23.838+0000] {processor.py:161} INFO - Started process (PID=722) to work on /home/airflow/.local/lib/python3.8/site-packages/airflow/example_dags/example_python_operator.py
[2026-08-21T22:52:23.840+0000] {processor.py:830} INFO - Processing file /home/airflow/.local/lib/python3.8/site-packages/airflow/example_dags/example_python_operator.py for tasks to queue
[2026-08-21T22:52:23.844+0000] {logging_mixin.py:188} INFO - [2026-08-21T22:52:23.843+0000] {dagbag.py:540} INFO - Filling up the DagBag from /home/airflow/.local/lib/python3.8/site-packages/airflow/example_dags/example_python_operator.py
[2026-08-21T22:52:23.855+0000] {processor.py:840} INFO - DAG(s) 'example_python_operator' retrieved from /home/airflow/.local/lib/python3.8/site-packages/airflow/example_dags/example_python_operator.py
[2026-08-21T22:52:23.883+0000] {logging_mixin.py:188} INFO - [2026-08-21T22:52:23.883+0000] {dag.py:3047} INFO - Sync 1 DAGs
[2026-08-21T22:52:23.897+0000] {logging_mixin.py:188} INFO - [2026-08-21T22:52:23.897+0000] {dag.py:3834} INFO - Setting next_dagrun for example_python_operator to None, run_after=None
[2026-08-21T22:52:23.919+0000] {processor.py:183} INFO - Processing /home/airflow/.local/lib/python3.8/site-packages/airflow/example_dags/example_python_operator.py took 0.085 seconds
[2026-08-21T22:52:54.242+0000] {processor.py:161} INFO - Started process (PID=779) to work on /home/airflow/.local/lib/python3.8/site-packages/airflow/example_dags/example_python_operator.py
[2026-08-21T22:52:54.244+0000] {processor.py:830} INFO - Processing file /home/airflow/.local/lib/python3.8/site-packages/airflow/example_dags/example_python_operator.py for tasks to queue
[2026-08-21T22:52:54.257+0000] {logging_mixin.py:188} INFO - [2026-08-21T22:52:54.256+0000] {dagbag.py:540} INFO - Filling up the DagBag from /home/airflow/.local/lib/python3.8/site-packages/airflow/example_dags/example_python_operator.py
[2026-08-21T22:52:54.287+0000] {processor.py:840} INFO - DAG(s) 'example_python_operator' retrieved from /home/airflow/.local/lib/python3.8/site-packages/airflow/example_dags/example_python_operator.py
[2026-08-21T22:52:54.339+0000] {logging_mixin.py:188} INFO - [2026-08-21T22:52:54.338+0000] {dag.py:3047} INFO - Sync 1 DAGs
[2026-08-21T22:52:54.387+0000] {logging_mixin.py:188} INFO - [2026-08-21T22:52:54.384+0000] {dag.py:3834} INFO - Setting next_dagrun for example_python_operator to None, run_after=None
[2026-08-21T22:52:54.478+0000] {processor.py:183} INFO - Processing /home/airflow/.local/lib/python3.8/site-packages/airflow/example_dags/example_python_operator.py took 0.246 seconds
[2026-08-21T22:53:24.867+0000] {processor.py:161} INFO - Started process (PID=836) to work on /home/airflow/.local/lib/python3.8/site-packages/airflow/example_dags/example_python_operator.py
[2026-08-21T22:53:24.869+0000] {processor.py:830} INFO - Processing file /home/airflow/.local/lib/python3.8/site-packages/airflow/example_dags/example_python_operator.py for tasks to queue
[2026-08-21T22:53:24.872+0000] {logging_mixin.py:188} INFO - [2026-08-21T22:53:24.871+0000] {dagbag.py:540} INFO - Filling up the DagBag from /home/airflow/.local/lib/python3.8/site-packages/airflow/example_dags/example_python_operator.py
[2026-08-21T22:53:24.886+0000] {processor.py:840} INFO - DAG(s) 'example_python_operator' retrieved from /home/airflow/.local/lib/python3.8/site-packages/airflow/example_dags/example_python_operator.py
[2026-08-21T22:53:24.918+0000] {logging_mixin.py:188} INFO - [2026-08-21T22:53:24.918+0000] {dag.py:3047} INFO - Sync 1 DAGs
[2026-08-21T22:53:24.933+0000] {logging_mixin.py:188} INFO - [2026-08-21T22:53:24.932+0000] {dag.py:3834} INFO - Setting next_dagrun for example_python_operator to None, run_after=None
[2026-08-21T22:53:24.955+0000] {processor.py:183} INFO - Processing /home/airflow/.local/lib/python3.8/site-packages/airflow/example_dags/example_python_operator.py took 0.093 seconds
[2026-08-21T22:53:55.418+0000] {processor.py:161} INFO - Started process (PID=893) to work on /home/airflow/.local/lib/python3.8/site-packages/airflow/example_dags/example_python_operator.py
[2026-08-21T22:53:55.422+0000] {processor.py:830} INFO - Processing file /home/airflow/.local/lib/python3.8/site-packages/airflow/example_dags/example_python_operator.py for tasks to queue
[2026-08-21T22:53:55.427+0000] {logging_mixin.py:188} INFO - [2026-08-21T22:53:55.426+0000] {dagbag.py:540} INFO - Filling up the DagBag from /home/airflow/.local/lib/python3.8/site-packages/airflow/example_dags/example_python_operator.py
[2026-08-21T22:53:55.453+0000] {processor.py:840} INFO - DAG(s) 'example_python_operator' retrieved from /home/airflow/.local/lib/python3.8/site-packages/airflow/example_dags/example_python_operator.py
[2026-08-21T22:53:55.504+0000] {logging_mixin.py:188} INFO - [2026-08-21T22:53:55.504+0000] {dag.py:3047} INFO - Sync 1 DAGs
[2026-08-21T22:53:55.528+0000] {logging_mixin.py:188} INFO - [2026-08-21T22:53:55.528+0000] {dag.py:3834} INFO - Setting next_dagrun for example_python_operator to None, run_after=None
[2026-08-21T22:53:55.556+0000] {processor.py:183} INFO - Processing /home/airflow/.local/lib/python3.8/site-packages/airflow/example_dags/example_python_operator.py took 0.150 seconds
[2026-08-21T22:54:25.676+0000] {processor.py:161} INFO - Started process (PID=950) to work on /home/airflow/.local/lib/python3.8/site-packages/airflow/example_dags/example_python_operator.py
[2026-08-21T22:54:25.679+0000] {processor.py:830} INFO - Processing file /home/airflow/.local/lib/python3.8/site-packages/airflow/example_dags/example_python_operator.py for tasks to queue
[2026-08-21T22:54:25.683+0000] {logging_mixin.py:188} INFO - [2026-08-21T22:54:25.682+0000] {dagbag.py:540} INFO - Filling up the DagBag from /home/airflow/.local/lib/python3.8/site-packages/airflow/example_dags/example_python_operator.py
[2026-08-21T22:54:25.702+0000] {processor.py:840} INFO - DAG(s) 'example_python_operator' retrieved from /home/airflow/.local/lib/python3.8/site-packages/airflow/example_dags/example_python_operator.py
[2026-08-21T22:54:25.734+0000] {logging_mixin.py:188} INFO - [2026-08-21T22:54:25.733+0000] {dag.py:3047} INFO - Sync 1 DAGs
[2026-08-21T22:54:25.752+0000] {logging_mixin.py:188} INFO - [2026-08-21T22:54:25.751+0000] {dag.py:3834} INFO - Setting next_dagrun for example_python_operator to None, run_after=None
[2026-08-21T22:54:25.784+0000] {processor.py:183} INFO - Processing /home/airflow/.local/lib/python3.8/site-packages/airflow/example_dags/example_python_operator.py took 0.114 seconds
[2026-08-21T22:54:56.239+0000] {processor.py:161} INFO - Started process (PID=1007) to work on /home/airflow/.local/lib/python3.8/site-packages/airflow/example_dags/example_python_operator.py
[2026-08-21T22:54:56.241+0000] {processor.py:830} INFO - Processing file /home/airflow/.local/lib/python3.8/site-packages/airflow/example_dags/example_python_operator.py for tasks to queue
[2026-08-21T22:54:56.246+0000] {logging_mixin.py:188} INFO - [2026-08-21T22:54:56.245+0000] {dagbag.py:540} INFO - Filling up the DagBag from /home/airflow/.local/lib/python3.8/site-packages/airflow/example_dags/example_python_operator.py
[2026-08-21T22:54:56.257+0000] {processor.py:840} INFO - DAG(s) 'example_python_operator' retrieved from /home/airflow/.local/lib/python3.8/site-packages/airflow/example_dags/example_python_operator.py
[2026-08-21T22:54:56.285+0000] {logging_mixin.py:188} INFO - [2026-08-21T22:54:56.284+0000] {dag.py:3047} INFO - Sync 1 DAGs
[2026-08-21T22:54:56.299+0000] {logging_mixin.py:188} INFO - [2026-08-21T22:54:56.298+0000] {dag.py:3834} INFO - Setting next_dagrun for example_python_operator to None, run_after=None
[2026-08-21T22:54:56.323+0000] {processor.py:183} INFO - Processing /home/airflow/.local/lib/python3.8/site-packages/airflow/example_dags/example_python_operator.py took 0.087 seconds
[2026-08-21T22:55:26.951+0000] {processor.py:161} INFO - Started process (PID=1064) to work on /home/airflow/.local/lib/python3.8/site-packages/airflow/example_dags/example_python_operator.py
[2026-08-21T22:55:26.953+0000] {processor.py:830} INFO - Processing file /home/airflow/.local/lib/python3.8/site-packages/airflow/example_dags/example_python_operator.py for tasks to queue
[2026-08-21T22:55:26.956+0000] {logging_mixin.py:188} INFO - [2026-08-21T22:55:26.956+0000] {dagbag.py:540} INFO - Filling up the DagBag from /home/airflow/.local/lib/python3.8/site-packages/airflow/example_dags/example_python_operator.py
[2026-08-21T22:55:26.971+0000] {processor.py:840} INFO - DAG(s) 'example_python_operator' retrieved from /home/airflow/.local/lib/python3.8/site-packages/airflow/example_dags/example_python_operator.py
[2026-08-21T22:55:27.000+0000] {logging_mixin.py:188} INFO - [2026-08-21T22:55:26.999+0000] {dag.py:3047} INFO - Sync 1 DAGs
[2026-08-21T22:55:27.016+0000] {logging_mixin.py:188} INFO - [2026-08-21T22:55:27.016+0000] {dag.py:3834} INFO - Setting next_dagrun for example_python_operator to None, run_after=None
[2026-08-21T22:55:27.039+0000] {processor.py:183} INFO - Processing /home/airflow/.local/lib/python3.8/site-packages/airflow/example_dags/example_python_operator.py took 0.091 seconds
[2026-08-21T22:55:57.214+0000] {processor.py:161} INFO - Started process (PID=1121) to work on /home/airflow/.local/lib/python3.8/site-packages/airflow/example_dags/example_python_operator.py
[2026-08-21T22:55:57.216+0000] {processor.py:830} INFO - Processing file /home/airflow/.local/lib/python3.8/site-packages/airflow/example_dags/example_python_operator.py for tasks to queue
[2026-08-21T22:55:57.220+0000] {logging_mixin.py:188} INFO - [2026-08-21T22:55:57.219+0000] {dagbag.py:540} INFO - Filling up the DagBag from /home/airflow/.local/lib/python3.8/site-packages/airflow/example_dags/example_python_operator.py
[2026-08-21T22:55:57.237+0000] {processor.py:840} INFO - DAG(s) 'example_python_operator' retrieved from /home/airflow/.local/lib/python3.8/site-packages/airflow/example_dags/example_python_operator.py
[2026-08-21T22:55:57.268+0000] {logging_mixin.py:188} INFO - [2026-08-21T22:55:57.268+0000] {dag.py:3047} INFO - Sync 1 DAGs
[2026-08-21T22:55:57.286+0000] {logging_mixin.py:188} INFO - [2026-08-21T22:55:57.285+0000] {dag.py:3834} INFO - Setting next_dagrun for example_python_operator to None, run_after=None
[2026-08-21T22:55:57.309+0000] {processor.py:183} INFO - Processing /home/airflow/.local/lib/python3.8/site-packages/airflow/example_dags/example_python_operator.py took 0.099 seconds
[2026-08-21T22:56:28.042+0000] {processor.py:161} INFO - Started process (PID=1178) to work on /home/airflow/.local/lib/python3.8/site-packages/airflow/example_dags/example_python_operator.py
[2026-08-21T22:56:28.044+0000] {processor.py:830} INFO - Processing file /home/airflow/.local/lib/python3.8/site-packages/airflow/example_dags/example_python_operator.py for tasks to queue
[2026-08-21T22:56:28.047+0000] {logging_mixin.py:188} INFO - [2026-08-21T22:56:28.047+0000] {dagbag.py:540} INFO - Filling up the DagBag from /home/airflow/.local/lib/python3.8/site-packages/airflow/example_dags/example_python_operator.py
[2026-08-21T22:56:28.063+0000] {processor.py:840} INFO - DAG(s) 'example_python_operator' retrieved from /home/airflow/.local/lib/python3.8/site-packages/airflow/example_dags/example_python_operator.py
[2026-08-21T22:56:28.090+0000] {logging_mixin.py:188} INFO - [2026-08-21T22:56:28.090+0000] {dag.py:3047} INFO - Sync 1 DAGs
[2026-08-21T22:56:28.111+0000] {logging_mixin.py:188} INFO - [2026-08-21T22:56:28.111+0000] {dag.py:3834} INFO - Setting next_dagrun for example_python_operator to None, run_after=None
[2026-08-21T22:56:28.138+0000] {processor.py:183} INFO - Processing /home/airflow/.local/lib/python3.8/site-packages/airflow/example_dags/example_python_operator.py took 0.101 seconds
[2026-08-21T22:56:58.708+0000] {processor.py:161} INFO - Started process (PID=1235) to work on /home/airflow/.local/lib/python3.8/site-packages/airflow/example_dags/example_python_operator.py
[2026-08-21T22:56:58.710+0000] {processor.py:830} INFO - Processing file /home/airflow/.local/lib/python3.8/site-packages/airflow/example_dags/example_python_operator.py for tasks to queue
[2026-08-21T22:56:58.715+0000] {logging_mixin.py:188} INFO - [2026-08-21T22:56:58.714+0000] {dagbag.py:540} INFO - Filling up the DagBag from /home/airflow/.local/lib/python3.8/site-packages/airflow/example_dags/example_python_operator.py
[2026-08-21T22:56:58.737+0000] {processor.py:840} INFO - DAG(s) 'example_python_operator' retrieved from /home/airflow/.local/lib/python3.8/site-packages/airflow/example_dags/example_python_operator.py
[2026-08-21T22:56:58.772+0000] {logging_mixin.py:188} INFO - [2026-08-21T22:56:58.772+0000] {dag.py:3047} INFO - Sync 1 DAGs
[2026-08-21T22:56:58.788+0000] {logging_mixin.py:188} INFO - [2026-08-21T22:56:58.787+0000] {dag.py:3834} INFO - Setting next_dagrun for example_python_operator to None, run_after=None
[2026-08-21T22:56:58.811+0000] {processor.py:183} INFO - Processing /home/airflow/.local/lib/python3.8/site-packages/airflow/example_dags/example_python_operator.py took 0.109 seconds
[2026-08-21T22:57:29.281+0000] {processor.py:161} INFO - Started process (PID=1292) to work on /home/airflow/.local/lib/python3.8/site-packages/airflow/example_dags/example_python_operator.py
[2026-08-21T22:57:29.283+0000] {processor.py:830} INFO - Processing file /home/airflow/.local/lib/python3.8/site-packages/airflow/example_dags/example_python_operator.py for tasks to queue
[2026-08-21T22:57:29.287+0000] {logging_mixin.py:188} INFO - [2026-08-21T22:57:29.287+0000] {dagbag.py:540} INFO - Filling up the DagBag from /home/airflow/.local/lib/python3.8/site-packages/airflow/example_dags/example_python_operator.py
[2026-08-21T22:57:29.304+0000] {processor.py:840} INFO - DAG(s) 'example_python_operator' retrieved from /home/airflow/.local/lib/python3.8/site-packages/airflow/example_dags/example_python_operator.py
[2026-08-21T22:57:29.336+0000] {logging_mixin.py:188} INFO - [2026-08-21T22:57:29.336+0000] {dag.py:3047} INFO - Sync 1 DAGs
[2026-08-21T22:57:29.356+0000] {logging_mixin.py:188} INFO - [2026-08-21T22:57:29.356+0000] {dag.py:3834} INFO - Setting next_dagrun for example_python_operator to None, run_after=None
[2026-08-21T22:57:29.379+0000] {processor.py:183} INFO - Processing /home/airflow/.local/lib/python3.8/site-packages/airflow/example_dags/example_python_operator.py took 0.103 seconds
[2026-08-21T22:57:59.631+0000] {processor.py:161} INFO - Started process (PID=1349) to work on /home/airflow/.local/lib/python3.8/site-packages/airflow/example_dags/example_python_operator.py
[2026-08-21T22:57:59.633+0000] {processor.py:830} INFO - Processing file /home/airflow/.local/lib/python3.8/site-packages/airflow/example_dags/example_python_operator.py for tasks to queue
[2026-08-21T22:57:59.635+0000] {logging_mixin.py:188} INFO - [2026-08-21T22:57:59.635+0000] {dagbag.py:540} INFO - Filling up the DagBag from /home/airflow/.local/lib/python3.8/site-packages/airflow/example_dags/example_python_operator.py
[2026-08-21T22:57:59.647+0000] {processor.py:840} INFO - DAG(s) 'example_python_operator' retrieved from /home/airflow/.local/lib/python3.8/site-packages/airflow/example_dags/example_python_operator.py
[2026-08-21T22:57:59.674+0000] {logging_mixin.py:188} INFO - [2026-08-21T22:57:59.674+0000] {dag.py:3047} INFO - Sync 1 DAGs
[2026-08-21T22:57:59.690+0000] {logging_mixin.py:188} INFO - [2026-08-21T22:57:59.690+0000] {dag.py:3834} INFO - Setting next_dagrun for example_python_operator to None, run_after=None
[2026-08-21T22:57:59.714+0000] {processor.py:183} INFO - Processing /home/airflow/.local/lib/python3.8/site-packages/airflow/example_dags/example_python_operator.py took 0.087 seconds
[2026-08-21T22:58:30.338+0000] {processor.py:161} INFO - Started process (PID=1406) to work on /home/airflow/.local/lib/python3.8/site-packages/airflow/example_dags/example_python_operator.py
[2026-08-21T22:58:30.340+0000] {processor.py:830} INFO - Processing file /home/airflow/.local/lib/python3.8/site-packages/airflow/example_dags/example_python_operator.py for tasks to queue
[2026-08-21T22:58:30.344+0000] {logging_mixin.py:188} INFO - [2026-08-21T22:58:30.343+0000] {dagbag.py:540} INFO - Filling up the DagBag from /home/airflow/.local/lib/python3.8/site-packages/airflow/example_dags/example_python_operator.py
[2026-08-21T22:58:30.360+0000] {processor.py:840} INFO - DAG(s) 'example_python_operator' retrieved from /home/airflow/.local/lib/python3.8/site-packages/airflow/example_dags/example_python_operator.py
[2026-08-21T22:58:30.387+0000] {logging_mixin.py:188} INFO - [2026-08-21T22:58:30.387+0000] {dag.py:3047} INFO - Sync 1 DAGs
[2026-08-21T22:58:30.403+0000] {logging_mixin.py:188} INFO - [2026-08-21T22:58:30.403+0000] {dag.py:3834} INFO - Setting next_dagrun for example_python_operator to None, run_after=None
[2026-08-21T22:58:30.427+0000] {processor.py:183} INFO - Processing /home/airflow/.local/lib/python3.8/site-packages/airflow/example_dags/example_python_operator.py took 0.092 seconds
[2026-08-21T22:59:00.621+0000] {processor.py:161} INFO - Started process (PID=1463) to work on /home/airflow/.local/lib/python3.8/site-packages/airflow/example_dags/example_python_operator.py
[2026-08-21T22:59:00.623+0000] {processor.py:830} INFO - Processing file /home/airflow/.local/lib/python3.8/site-packages/airflow/example_dags/example_python_operator.py for tasks to queue
[2026-08-21T22:59:00.628+0000] {logging_mixin.py:188} INFO - [2026-08-21T22:59:00.627+0000] {dagbag.py:540} INFO - Filling up the DagBag from /home/airflow/.local/lib/python3.8/site-packages/airflow/example_dags/example_python_operator.py
[2026-08-21T22:59:00.645+0000] {processor.py:840} INFO - DAG(s) 'example_python_operator' retrieved from /home/airflow/.local/lib/python3.8/site-packages/airflow/example_dags/example_python_operator.py
[2026-08-21T22:59:00.675+0000] {logging_mixin.py:188} INFO - [2026-08-21T22:59:00.675+0000] {dag.py:3047} INFO - Sync 1 DAGs
[2026-08-21T22:59:00.689+0000] {logging_mixin.py:188} INFO - [2026-08-21T22:59:00.689+0000] {dag.py:3834} INFO - Setting next_dagrun for example_python_operator to None, run_after=None
[2026-08-21T22:59:00.713+0000] {processor.py:183} INFO - Processing /home/airflow/.local/lib/python3.8/site-packages/airflow/example_dags/example_python_operator.py took 0.096 seconds
[2026-08-21T22:59:31.073+0000] {processor.py:161} INFO - Started process (PID=1520) to work on /home/airflow/.local/lib/python3.8/site-packages/airflow/example_dags/example_python_operator.py
[2026-08-21T22:59:31.075+0000] {processor.py:830} INFO - Processing file /home/airflow/.local/lib/python3.8/site-packages/airflow/example_dags/example_python_operator.py for tasks to queue
[2026-08-21T22:59:31.078+0000] {logging_mixin.py:188} INFO - [2026-08-21T22:59:31.077+0000] {dagbag.py:540} INFO - Filling up the DagBag from /home/airflow/.local/lib/python3.8/site-packages/airflow/example_dags/example_python_operator.py
[2026-08-21T22:59:31.090+0000] {processor.py:840} INFO - DAG(s) 'example_python_operator' retrieved from /home/airflow/.local/lib/python3.8/site-packages/airflow/example_dags/example_python_operator.py
[2026-08-21T22:59:31.117+0000] {logging_mixin.py:188} INFO - [2026-08-21T22:59:31.117+0000] {dag.py:3047} INFO - Sync 1 DAGs
[2026-08-21T22:59:31.131+0000] {logging_mixin.py:188} INFO - [2026-08-21T22:59:31.131+0000] {dag.py:3834} INFO - Setting next_dagrun for example_python_operator to None, run_after=None
[2026-08-21T22:59:31.153+0000] {processor.py:183} INFO - Processing /home/airflow/.local/lib/python3.8/site-packages/airflow/example_dags/example_python_operator.py took 0.083 seconds
[2026-08-21T23:00:01.693+0000] {processor.py:161} INFO - Started process (PID=1577) to work on /home/airflow/.local/lib/python3.8/site-packages/airflow/example_dags/example_python_operator.py
[2026-08-21T23:00:01.694+0000] {processor.py:830} INFO - Processing file /home/airflow/.local/lib/python3.8/site-packages/airflow/example_dags/example_python_operator.py for tasks to queue
[2026-08-21T23:00:01.697+0000] {logging_mixin.py:188} INFO - [2026-08-21T23:00:01.697+0000] {dagbag.py:540} INFO - Filling up the DagBag from /home/airflow/.local/lib/python3.8/site-packages/airflow/example_dags/example_python_operator.py
[2026-08-21T23:00:01.710+0000] {processor.py:840} INFO - DAG(s) 'example_python_operator' retrieved from /home/airflow/.local/lib/python3.8/site-packages/airflow/example_dags/example_python_operator.py
[2026-08-21T23:00:01.737+0000] {logging_mixin.py:188} INFO - [2026-08-21T23:00:01.737+0000] {dag.py:3047} INFO - Sync 1 DAGs
[2026-08-21T23:00:01.751+0000] {logging_mixin.py:188} INFO - [2026-08-21T23:00:01.750+0000] {dag.py:3834} INFO - Setting next_dagrun for example_python_operator to None, run_after=None
[2026-08-21T23:00:01.780+0000] {processor.py:183} INFO - Processing /home/airflow/.local/lib/python3.8/site-packages/airflow/example_dags/example_python_operator.py took 0.091 seconds
[2026-08-21T23:00:31.988+0000] {processor.py:161} INFO - Started process (PID=1634) to work on /home/airflow/.local/lib/python3.8/site-packages/airflow/example_dags/example_python_operator.py
[2026-08-21T23:00:31.990+0000] {processor.py:830} INFO - Processing file /home/airflow/.local/lib/python3.8/site-packages/airflow/example_dags/example_python_operator.py for tasks to queue
[2026-08-21T23:00:31.994+0000] {logging_mixin.py:188} INFO - [2026-08-21T23:00:31.993+0000] {dagbag.py:540} INFO - Filling up the DagBag from /home/airflow/.local/lib/python3.8/site-packages/airflow/example_dags/example_python_operator.py
[2026-08-21T23:00:32.011+0000] {processor.py:840} INFO - DAG(s) 'example_python_operator' retrieved from /home/airflow/.local/lib/python3.8/site-packages/airflow/example_dags/example_python_operator.py
[2026-08-21T23:00:32.046+0000] {logging_mixin.py:188} INFO - [2026-08-21T23:00:32.046+0000] {dag.py:3047} INFO - Sync 1 DAGs
[2026-08-21T23:00:32.062+0000] {logging_mixin.py:188} INFO - [2026-08-21T23:00:32.062+0000] {dag.py:3834} INFO - Setting next_dagrun for example_python_operator to None, run_after=None
[2026-08-21T23:00:32.092+0000] {processor.py:183} INFO - Processing /home/airflow/.local/lib/python3.8/site-packages/airflow/example_dags/example_python_operator.py took 0.108 seconds
[2026-08-21T23:01:02.714+0000] {processor.py:161} INFO - Started process (PID=1691) to work on /home/airflow/.local/lib/python3.8/site-packages/airflow/example_dags/example_python_operator.py
[2026-08-21T23:01:02.716+0000] {processor.py:830} INFO - Processing file /home/airflow/.local/lib/python3.8/site-packages/airflow/example_dags/example_python_operator.py for tasks to queue
[2026-08-21T23:01:02.720+0000] {logging_mixin.py:188} INFO - [2026-08-21T23:01:02.720+0000] {dagbag.py:540} INFO - Filling up the DagBag from /home/airflow/.local/lib/python3.8/site-packages/airflow/example_dags/example_python_operator.py
[2026-08-21T23:01:02.742+0000] {processor.py:840} INFO - DAG(s) 'example_python_operator' retrieved from /home/airflow/.local/lib/python3.8/site-packages/airflow/example_dags/example_python_operator.py
[2026-08-21T23:01:02.776+0000] {logging_mixin.py:188} INFO - [2026-08-21T23:01:02.776+0000] {dag.py:3047} INFO - Sync 1 DAGs
[2026-08-21T23:01:02.796+0000] {logging_mixin.py:188} INFO - [2026-08-21T23:01:02.795+0000] {dag.py:3834} INFO - Setting next_dagrun for example_python_operator to None, run_after=None
[2026-08-21T23:01:02.824+0000] {processor.py:183} INFO - Processing /home/airflow/.local/lib/python3.8/site-packages/airflow/example_dags/example_python_operator.py took 0.116 seconds
[2026-08-21T23:01:32.989+0000] {processor.py:161} INFO - Started process (PID=1748) to work on /home/airflow/.local/lib/python3.8/site-packages/airflow/example_dags/example_python_operator.py
[2026-08-21T23:01:32.992+0000] {processor.py:830} INFO - Processing file /home/airflow/.local/lib/python3.8/site-packages/airflow/example_dags/example_python_operator.py for tasks to queue
[2026-08-21T23:01:32.995+0000] {logging_mixin.py:188} INFO - [2026-08-21T23:01:32.994+0000] {dagbag.py:540} INFO - Filling up the DagBag from /home/airflow/.local/lib/python3.8/site-packages/airflow/example_dags/example_python_operator.py
[2026-08-21T23:01:33.007+0000] {processor.py:840} INFO - DAG(s) 'example_python_operator' retrieved from /home/airflow/.local/lib/python3.8/site-packages/airflow/example_dags/example_python_operator.py
[2026-08-21T23:01:33.043+0000] {logging_mixin.py:188} INFO - [2026-08-21T23:01:33.043+0000] {dag.py:3047} INFO - Sync 1 DAGs
[2026-08-21T23:01:33.059+0000] {logging_mixin.py:188} INFO - [2026-08-21T23:01:33.059+0000] {dag.py:3834} INFO - Setting next_dagrun for example_python_operator to None, run_after=None
[2026-08-21T23:01:33.083+0000] {processor.py:183} INFO - Processing /home/airflow/.local/lib/python3.8/site-packages/airflow/example_dags/example_python_operator.py took 0.098 seconds
[2026-08-21T23:02:03.367+0000] {processor.py:161} INFO - Started process (PID=1805) to work on /home/airflow/.local/lib/python3.8/site-packages/airflow/example_dags/example_python_operator.py
[2026-08-21T23:02:03.368+0000] {processor.py:830} INFO - Processing file /home/airflow/.local/lib/python3.8/site-packages/airflow/example_dags/example_python_operator.py for tasks to queue
[2026-08-21T23:02:03.371+0000] {logging_mixin.py:188} INFO - [2026-08-21T23:02:03.371+0000] {dagbag.py:540} INFO - Filling up the DagBag from /home/airflow/.local/lib/python3.8/site-packages/airflow/example_dags/example_python_operator.py
[2026-08-21T23:02:03.383+0000] {processor.py:840} INFO - DAG(s) 'example_python_operator' retrieved from /home/airflow/.local/lib/python3.8/site-packages/airflow/example_dags/example_python_operator.py
[2026-08-21T23:02:03.413+0000] {logging_mixin.py:188} INFO - [2026-08-21T23:02:03.412+0000] {dag.py:3047} INFO - Sync 1 DAGs
[2026-08-21T23:02:03.427+0000] {logging_mixin.py:188} INFO - [2026-08-21T23:02:03.426+0000] {dag.py:3834} INFO - Setting next_dagrun for example_python_operator to None, run_after=None
[2026-08-21T23:02:03.452+0000] {processor.py:183} INFO - Processing /home/airflow/.local/lib/python3.8/site-packages/airflow/example_dags/example_python_operator.py took 0.088 seconds
[2026-08-21T23:02:33.611+0000] {processor.py:161} INFO - Started process (PID=1862) to work on /home/airflow/.local/lib/python3.8/site-packages/airflow/example_dags/example_python_operator.py
[2026-08-21T23:02:33.613+0000] {processor.py:830} INFO - Processing file /home/airflow/.local/lib/python3.8/site-packages/airflow/example_dags/example_python_operator.py for tasks to queue
[2026-08-21T23:02:33.617+0000] {logging_mixin.py:188} INFO - [2026-08-21T23:02:33.616+0000] {dagbag.py:540} INFO - Filling up the DagBag from /home/airflow/.local/lib/python3.8/site-packages/airflow/example_dags/example_python_operator.py
[2026-08-21T23:02:33.638+0000] {processor.py:840} INFO - DAG(s) 'example_python_operator' retrieved from /home/airflow/.local/lib/python3.8/site-packages/airflow/example_dags/example_python_operator.py
[2026-08-21T23:02:33.676+0000] {logging_mixin.py:188} INFO - [2026-08-21T23:02:33.676+0000] {dag.py:3047} INFO - Sync 1 DAGs
[2026-08-21T23:02:33.704+0000] {logging_mixin.py:188} INFO - [2026-08-21T23:02:33.704+0000] {dag.py:3834} INFO - Setting next_dagrun for example_python_operator to None, run_after=None
[2026-08-21T23:02:33.741+0000] {processor.py:183} INFO - Processing /home/airflow/.local/lib/python3.8/site-packages/airflow/example_dags/example_python_operator.py took 0.134 seconds
[2026-08-21T23:03:04.121+0000] {processor.py:161} INFO - Started process (PID=1919) to work on /home/airflow/.local/lib/python3.8/site-packages/airflow/example_dags/example_python_operator.py
[2026-08-21T23:03:04.127+0000] {processor.py:830} INFO - Processing file /home/airflow/.local/lib/python3.8/site-packages/airflow/example_dags/example_python_operator.py for tasks to queue
[2026-08-21T23:03:04.132+0000] {logging_mixin.py:188} INFO - [2026-08-21T23:03:04.131+0000] {dagbag.py:540} INFO - Filling up the DagBag from /home/airflow/.local/lib/python3.8/site-packages/airflow/example_dags/example_python_operator.py
[2026-08-21T23:03:04.150+0000] {processor.py:840} INFO - DAG(s) 'example_python_operator' retrieved from /home/airflow/.local/lib/python3.8/site-packages/airflow/example_dags/example_python_operator.py
[2026-08-21T23:03:04.183+0000] {logging_mixin.py:188} INFO - [2026-08-21T23:03:04.182+0000] {dag.py:3047} INFO - Sync 1 DAGs
[2026-08-21T23:03:04.198+0000] {logging_mixin.py:188} INFO - [2026-08-21T23:03:04.198+0000] {dag.py:3834} INFO - Setting next_dagrun for example_python_operator to None, run_after=None
[2026-08-21T23:03:04.224+0000] {processor.py:183} INFO - Processing /home/airflow/.local/lib/python3.8/site-packages/airflow/example_dags/example_python_operator.py took 0.110 seconds
[2026-08-21T23:03:34.324+0000] {processor.py:161} INFO - Started process (PID=1976) to work on /home/airflow/.local/lib/python3.8/site-packages/airflow/example_dags/example_python_operator.py
[2026-08-21T23:03:34.326+0000] {processor.py:830} INFO - Processing file /home/airflow/.local/lib/python3.8/site-packages/airflow/example_dags/example_python_operator.py for tasks to queue
[2026-08-21T23:03:34.330+0000] {logging_mixin.py:188} INFO - [2026-08-21T23:03:34.329+0000] {dagbag.py:540} INFO - Filling up the DagBag from /home/airflow/.local/lib/python3.8/site-packages/airflow/example_dags/example_python_operator.py
[2026-08-21T23:03:34.356+0000] {processor.py:840} INFO - DAG(s) 'example_python_operator' retrieved from /home/airflow/.local/lib/python3.8/site-packages/airflow/example_dags/example_python_operator.py
[2026-08-21T23:03:34.402+0000] {logging_mixin.py:188} INFO - [2026-08-21T23:03:34.402+0000] {dag.py:3047} INFO - Sync 1 DAGs
[2026-08-21T23:03:34.424+0000] {logging_mixin.py:188} INFO - [2026-08-21T23:03:34.424+0000] {dag.py:3834} INFO - Setting next_dagrun for example_python_operator to None, run_after=None
[2026-08-21T23:03:34.455+0000] {processor.py:183} INFO - Processing /home/airflow/.local/lib/python3.8/site-packages/airflow/example_dags/example_python_operator.py took 0.137 seconds
[2026-08-21T23:04:04.829+0000] {processor.py:161} INFO - Started process (PID=2033) to work on /home/airflow/.local/lib/python3.8/site-packages/airflow/example_dags/example_python_operator.py
[2026-08-21T23:04:04.832+0000] {processor.py:830} INFO - Processing file /home/airflow/.local/lib/python3.8/site-packages/airflow/example_dags/example_python_operator.py for tasks to queue
[2026-08-21T23:04:04.836+0000] {logging_mixin.py:188} INFO - [2026-08-21T23:04:04.836+0000] {dagbag.py:540} INFO - Filling up the DagBag from /home/airflow/.local/lib/python3.8/site-packages/airflow/example_dags/example_python_operator.py
[2026-08-21T23:04:04.864+0000] {processor.py:840} INFO - DAG(s) 'example_python_operator' retrieved from /home/airflow/.local/lib/python3.8/site-packages/airflow/example_dags/example_python_operator.py
[2026-08-21T23:04:04.921+0000] {logging_mixin.py:188} INFO - [2026-08-21T23:04:04.920+0000] {dag.py:3047} INFO - Sync 1 DAGs
[2026-08-21T23:04:04.954+0000] {logging_mixin.py:188} INFO - [2026-08-21T23:04:04.954+0000] {dag.py:3834} INFO - Setting next_dagrun for example_python_operator to None, run_after=None
[2026-08-21T23:04:04.987+0000] {processor.py:183} INFO - Processing /home/airflow/.local/lib/python3.8/site-packages/airflow/example_dags/example_python_operator.py took 0.166 seconds
[2026-08-21T23:04:35.061+0000] {processor.py:161} INFO - Started process (PID=2090) to work on /home/airflow/.local/lib/python3.8/site-packages/airflow/example_dags/example_python_operator.py
[2026-08-21T23:04:35.064+0000] {processor.py:830} INFO - Processing file /home/airflow/.local/lib/python3.8/site-packages/airflow/example_dags/example_python_operator.py for tasks to queue
[2026-08-21T23:04:35.067+0000] {logging_mixin.py:188} INFO - [2026-08-21T23:04:35.067+0000] {dagbag.py:540} INFO - Filling up the DagBag from /home/airflow/.local/lib/python3.8/site-packages/airflow/example_dags/example_python_operator.py
[2026-08-21T23:04:35.080+0000] {processor.py:840} INFO - DAG(s) 'example_python_operator' retrieved from /home/airflow/.local/lib/python3.8/site-packages/airflow/example_dags/example_python_operator.py
[2026-08-21T23:04:35.109+0000] {logging_mixin.py:188} INFO - [2026-08-21T23:04:35.109+0000] {dag.py:3047} INFO - Sync 1 DAGs
[2026-08-21T23:04:35.125+0000] {logging_mixin.py:188} INFO - [2026-08-21T23:04:35.125+0000] {dag.py:3834} INFO - Setting next_dagrun for example_python_operator to None, run_after=None
[2026-08-21T23:04:35.150+0000] {processor.py:183} INFO - Processing /home/airflow/.local/lib/python3.8/site-packages/airflow/example_dags/example_python_operator.py took 0.093 seconds
[2026-08-21T23:05:05.222+0000] {processor.py:161} INFO - Started process (PID=2146) to work on /home/airflow/.local/lib/python3.8/site-packages/airflow/example_dags/example_python_operator.py
[2026-08-21T23:05:05.227+0000] {processor.py:830} INFO - Processing file /home/airflow/.local/lib/python3.8/site-packages/airflow/example_dags/example_python_operator.py for tasks to queue
[2026-08-21T23:05:05.231+0000] {logging_mixin.py:188} INFO - [2026-08-21T23:05:05.231+0000] {dagbag.py:540} INFO - Filling up the DagBag from /home/airflow/.local/lib/python3.8/site-packages/airflow/example_dags/example_python_operator.py
[2026-08-21T23:05:05.264+0000] {processor.py:840} INFO - DAG(s) 'example_python_operator' retrieved from /home/airflow/.local/lib/python3.8/site-packages/airflow/example_dags/example_python_operator.py
[2026-08-21T23:05:05.317+0000] {logging_mixin.py:188} INFO - [2026-08-21T23:05:05.317+0000] {dag.py:3047} INFO - Sync 1 DAGs
[2026-08-21T23:05:05.347+0000] {logging_mixin.py:188} INFO - [2026-08-21T23:05:05.347+0000] {dag.py:3834} INFO - Setting next_dagrun for example_python_operator to None, run_after=None
[2026-08-21T23:05:05.387+0000] {processor.py:183} INFO - Processing /home/airflow/.local/lib/python3.8/site-packages/airflow/example_dags/example_python_operator.py took 0.173 seconds
[2026-08-21T23:05:35.598+0000] {processor.py:161} INFO - Started process (PID=2204) to work on /home/airflow/.local/lib/python3.8/site-packages/airflow/example_dags/example_python_operator.py
[2026-08-21T23:05:35.600+0000] {processor.py:830} INFO - Processing file /home/airflow/.local/lib/python3.8/site-packages/airflow/example_dags/example_python_operator.py for tasks to queue
[2026-08-21T23:05:35.603+0000] {logging_mixin.py:188} INFO - [2026-08-21T23:05:35.603+0000] {dagbag.py:540} INFO - Filling up the DagBag from /home/airflow/.local/lib/python3.8/site-packages/airflow/example_dags/example_python_operator.py
[2026-08-21T23:05:35.615+0000] {processor.py:840} INFO - DAG(s) 'example_python_operator' retrieved from /home/airflow/.local/lib/python3.8/site-packages/airflow/example_dags/example_python_operator.py
[2026-08-21T23:05:35.645+0000] {logging_mixin.py:188} INFO - [2026-08-21T23:05:35.644+0000] {dag.py:3047} INFO - Sync 1 DAGs
[2026-08-21T23:05:35.661+0000] {logging_mixin.py:188} INFO - [2026-08-21T23:05:35.660+0000] {dag.py:3834} INFO - Setting next_dagrun for example_python_operator to None, run_after=None
[2026-08-21T23:05:35.685+0000] {processor.py:183} INFO - Processing /home/airflow/.local/lib/python3.8/site-packages/airflow/example_dags/example_python_operator.py took 0.090 seconds
[2026-08-21T23:06:06.168+0000] {processor.py:161} INFO - Started process (PID=2261) to work on /home/airflow/.local/lib/python3.8/site-packages/airflow/example_dags/example_python_operator.py
[2026-08-21T23:06:06.172+0000] {processor.py:830} INFO - Processing file /home/airflow/.local/lib/python3.8/site-packages/airflow/example_dags/example_python_operator.py for tasks to queue
[2026-08-21T23:06:06.175+0000] {logging_mixin.py:188} INFO - [2026-08-21T23:06:06.175+0000] {dagbag.py:540} INFO - Filling up the DagBag from /home/airflow/.local/lib/python3.8/site-packages/airflow/example_dags/example_python_operator.py
[2026-08-21T23:06:06.190+0000] {processor.py:840} INFO - DAG(s) 'example_python_operator' retrieved from /home/airflow/.local/lib/python3.8/site-packages/airflow/example_dags/example_python_operator.py
[2026-08-21T23:06:06.219+0000] {logging_mixin.py:188} INFO - [2026-08-21T23:06:06.219+0000] {dag.py:3047} INFO - Sync 1 DAGs
[2026-08-21T23:06:06.235+0000] {logging_mixin.py:188} INFO - [2026-08-21T23:06:06.235+0000] {dag.py:3834} INFO - Setting next_dagrun for example_python_operator to None, run_after=None
[2026-08-21T23:06:06.259+0000] {processor.py:183} INFO - Processing /home/airflow/.local/lib/python3.8/site-packages/airflow/example_dags/example_python_operator.py took 0.096 seconds
[2026-08-21T23:06:36.771+0000] {processor.py:161} INFO - Started process (PID=2318) to work on /home/airflow/.local/lib/python3.8/site-packages/airflow/example_dags/example_python_operator.py
[2026-08-21T23:06:36.773+0000] {processor.py:830} INFO - Processing file /home/airflow/.local/lib/python3.8/site-packages/airflow/example_dags/example_python_operator.py for tasks to queue
[2026-08-21T23:06:36.776+0000] {logging_mixin.py:188} INFO - [2026-08-21T23:06:36.775+0000] {dagbag.py:540} INFO - Filling up the DagBag from /home/airflow/.local/lib/python3.8/site-packages/airflow/example_dags/example_python_operator.py
[2026-08-21T23:06:36.788+0000] {processor.py:840} INFO - DAG(s) 'example_python_operator' retrieved from /home/airflow/.local/lib/python3.8/site-packages/airflow/example_dags/example_python_operator.py
[2026-08-21T23:06:36.815+0000] {logging_mixin.py:188} INFO - [2026-08-21T23:06:36.815+0000] {dag.py:3047} INFO - Sync 1 DAGs
[2026-08-21T23:06:36.830+0000] {logging_mixin.py:188} INFO - [2026-08-21T23:06:36.830+0000] {dag.py:3834} INFO - Setting next_dagrun for example_python_operator to None, run_after=None
[2026-08-21T23:06:36.852+0000] {processor.py:183} INFO - Processing /home/airflow/.local/lib/python3.8/site-packages/airflow/example_dags/example_python_operator.py took 0.087 seconds
[2026-08-21T23:07:07.036+0000] {processor.py:161} INFO - Started process (PID=2375) to work on /home/airflow/.local/lib/python3.8/site-packages/airflow/example_dags/example_python_operator.py
[2026-08-21T23:07:07.038+0000] {processor.py:830} INFO - Processing file /home/airflow/.local/lib/python3.8/site-packages/airflow/example_dags/example_python_operator.py for tasks to queue
[2026-08-21T23:07:07.040+0000] {logging_mixin.py:188} INFO - [2026-08-21T23:07:07.040+0000] {dagbag.py:540} INFO - Filling up the DagBag from /home/airflow/.local/lib/python3.8/site-packages/airflow/example_dags/example_python_operator.py
[2026-08-21T23:07:07.054+0000] {processor.py:840} INFO - DAG(s) 'example_python_operator' retrieved from /home/airflow/.local/lib/python3.8/site-packages/airflow/example_dags/example_python_operator.py
[2026-08-21T23:07:07.080+0000] {logging_mixin.py:188} INFO - [2026-08-21T23:07:07.080+0000] {dag.py:3047} INFO - Sync 1 DAGs
[2026-08-21T23:07:07.097+0000] {logging_mixin.py:188} INFO - [2026-08-21T23:07:07.096+0000] {dag.py:3834} INFO - Setting next_dagrun for example_python_operator to None, run_after=None
[2026-08-21T23:07:07.123+0000] {processor.py:183} INFO - Processing /home/airflow/.local/lib/python3.8/site-packages/airflow/example_dags/example_python_operator.py took 0.091 seconds
[2026-08-21T23:07:37.869+0000] {processor.py:161} INFO - Started process (PID=2432) to work on /home/airflow/.local/lib/python3.8/site-packages/airflow/example_dags/example_python_operator.py
[2026-08-21T23:07:37.871+0000] {processor.py:830} INFO - Processing file /home/airflow/.local/lib/python3.8/site-packages/airflow/example_dags/example_python_operator.py for tasks to queue
[2026-08-21T23:07:37.874+0000] {logging_mixin.py:188} INFO - [2026-08-21T23:07:37.873+0000] {dagbag.py:540} INFO - Filling up the DagBag from /home/airflow/.local/lib/python3.8/site-packages/airflow/example_dags/example_python_operator.py
[2026-08-21T23:07:37.889+0000] {processor.py:840} INFO - DAG(s) 'example_python_operator' retrieved from /home/airflow/.local/lib/python3.8/site-packages/airflow/example_dags/example_python_operator.py
[2026-08-21T23:07:37.921+0000] {logging_mixin.py:188} INFO - [2026-08-21T23:07:37.920+0000] {dag.py:3047} INFO - Sync 1 DAGs
[2026-08-21T23:07:37.937+0000] {logging_mixin.py:188} INFO - [2026-08-21T23:07:37.937+0000] {dag.py:3834} INFO - Setting next_dagrun for example_python_operator to None, run_after=None
[2026-08-21T23:07:37.961+0000] {processor.py:183} INFO - Processing /home/airflow/.local/lib/python3.8/site-packages/airflow/example_dags/example_python_operator.py took 0.096 seconds
