[2026-08-21T22:46:43.637+0000] {processor.py:161} INFO - Started process (PID=81) to work on /home/airflow/.local/lib/python3.8/site-packages/airflow/example_dags/example_branch_labels.py
[2026-08-21T22:46:43.641+0000] {processor.py:830} INFO - Processing file /home/airflow/.local/lib/python3.8/site-packages/airflow/example_dags/example_branch_labels.py for tasks to queue
[2026-08-21T22:46:43.646+0000] {logging_mixin.py:188} INFO - [2026-08-21T22:46:43.645+0000] {dagbag.py:540} INFO - Filling up the DagBag from /home/airflow/.local/lib/python3.8/site-packages/airflow/example_dags/example_branch_labels.py
[2026-08-21T22:46:43.748+0000] {processor.py:840} INFO - DAG(s) 'example_branch_labels' retrieved from /home/airflow/.local/lib/python3.8/site-packages/airflow/example_dags/example_branch_labels.py
[2026-08-21T22:46:43.879+0000] {logging_mixin.py:188} INFO - [2026-08-21T22:46:43.878+0000] {dag.py:3047} INFO - Sync 1 DAGs
[2026-08-21T22:46:43.952+0000] {logging_mixin.py:188} INFO - [2026-08-21T22:46:43.952+0000] {dag.py:3834} INFO - Setting next_dagrun for example_branch_labels to 2026-08-20 00:00:00+00:00, run_after=2026-08-21 00:00:00+00:00
[2026-08-21T22:46:44.045+0000] {processor.py:183} INFO - Processing /home/airflow/.local/lib/python3.8/site-packages/airflow/example_dags/example_branch_labels.py took 0.421 seconds
[2026-08-21T22:47:14.245+0000] {processor.py:161} INFO - Started process (PID=138) to work on /home/airflow/.local/lib/python3.8/site-packages/airflow/example_dags/example_branch_labels.py
[2026-08-21T22:47:14.247+0000] {processor.py:830} INFO - Processing file /home/airflow/.local/lib/python3.8/site-packages/airflow/example_dags/example_branch_labels.py for tasks to queue
[2026-08-21T22:47:14.250+0000] {logging_mixin.py:188} INFO - [2026-08-21T22:47:14.250+0000] {dagbag.py:540} INFO - Filling up the DagBag from /home/airflow/.local/lib/python3.8/site-packages/airflow/example_dags/example_branch_labels.py
[2026-08-21T22:47:14.264+0000] {processor.py:840} INFO - DAG(s) 'example_branch_labels' retrieved from /home/airflow/.local/lib/python3.8/site-packages/airflow/example_dags/example_branch_labels.py
[2026-08-21T22:47:14.388+0000] {logging_mixin.py:188} INFO - [2026-08-21T22:47:14.387+0000] {dag.py:3047} INFO - Sync 1 DAGs
[2026-08-21T22:47:14.412+0000] {logging_mixin.py:188} INFO - [2026-08-21T22:47:14.412+0000] {dag.py:3834} INFO - Setting next_dagrun for example_branch_labels to 2026-08-20 00:00:00+00:00, run_after=2026-08-21 00:00:00+00:00
[2026-08-21T22:47:14.441+0000] {processor.py:183} INFO - Processing /home/airflow/.local/lib/python3.8/site-packages/airflow/example_dags/example_branch_labels.py took 0.202 seconds
[2026-08-21T22:47:45.684+0000] {processor.py:161} INFO - Started process (PID=195) to work on /home/airflow/.local/lib/python3.8/site-packages/airflow/example_dags/example_branch_labels.py
[2026-08-21T22:47:45.686+0000] {processor.py:830} INFO - Processing file /home/airflow/.local/lib/python3.8/site-packages/airflow/example_dags/example_branch_labels.py for tasks to queue
[2026-08-21T22:47:45.700+0000] {logging_mixin.py:188} INFO - [2026-08-21T22:47:45.699+0000] {dagbag.py:540} INFO - Filling up the DagBag from /home/airflow/.local/lib/python3.8/site-packages/airflow/example_dags/example_branch_labels.py
[2026-08-21T22:47:45.713+0000] {processor.py:840} INFO - DAG(s) 'example_branch_labels' retrieved from /home/airflow/.local/lib/python3.8/site-packages/airflow/example_dags/example_branch_labels.py
[2026-08-21T22:47:45.750+0000] {logging_mixin.py:188} INFO - [2026-08-21T22:47:45.749+0000] {dag.py:3047} INFO - Sync 1 DAGs
[2026-08-21T22:47:45.800+0000] {logging_mixin.py:188} INFO - [2026-08-21T22:47:45.799+0000] {dag.py:3834} INFO - Setting next_dagrun for example_branch_labels to 2026-08-20 00:00:00+00:00, run_after=2026-08-21 00:00:00+00:00
[2026-08-21T22:47:45.835+0000] {processor.py:183} INFO - Processing /home/airflow/.local/lib/python3.8/site-packages/airflow/example_dags/example_branch_labels.py took 0.155 seconds
[2026-08-21T22:48:16.261+0000] {processor.py:161} INFO - Started process (PID=252) to work on /home/airflow/.local/lib/python3.8/site-packages/airflow/example_dags/example_branch_labels.py
[2026-08-21T22:48:16.263+0000] {processor.py:830} INFO - Processing file /home/airflow/.local/lib/python3.8/site-packages/airflow/example_dags/example_branch_labels.py for tasks to queue
[2026-08-21T22:48:16.266+0000] {logging_mixin.py:188} INFO - [2026-08-21T22:48:16.266+0000] {dagbag.py:540} INFO - Filling up the DagBag from /home/airflow/.local/lib/python3.8/site-packages/airflow/example_dags/example_branch_labels.py
[2026-08-21T22:48:16.277+0000] {processor.py:840} INFO - DAG(s) 'example_branch_labels' retrieved from /home/airflow/.local/lib/python3.8/site-packages/airflow/example_dags/example_branch_labels.py
[2026-08-21T22:48:16.301+0000] {logging_mixin.py:188} INFO - [2026-08-21T22:48:16.301+0000] {dag.py:3047} INFO - Sync 1 DAGs
[2026-08-21T22:48:16.325+0000] {logging_mixin.py:188} INFO - [2026-08-21T22:48:16.325+0000] {dag.py:3834} INFO - Setting next_dagrun for example_branch_labels to 2026-08-20 00:00:00+00:00, run_after=2026-08-21 00:00:00+00:00
[2026-08-21T22:48:16.350+0000] {processor.py:183} INFO - Processing /home/airflow/.local/lib/python3.8/site-packages/airflow/example_dags/example_branch_labels.py took 0.094 seconds
[2026-08-21T22:48:47.294+0000] {processor.py:161} INFO - Started process (PID=308) to work on /home/airflow/.local/lib/python3.8/site-packages/airflow/example_dags/example_branch_labels.py
[2026-08-21T22:48:47.296+0000] {processor.py:830} INFO - Processing file /home/airflow/.local/lib/python3.8/site-packages/airflow/example_dags/example_branch_labels.py for tasks to queue
[2026-08-21T22:48:47.299+0000] {logging_mixin.py:188} INFO - [2026-08-21T22:48:47.298+0000] {dagbag.py:540} INFO - Filling up the DagBag from /home/airflow/.local/lib/python3.8/site-packages/airflow/example_dags/example_branch_labels.py
[2026-08-21T22:48:47.311+0000] {processor.py:840} INFO - DAG(s) 'example_branch_labels' retrieved from /home/airflow/.local/lib/python3.8/site-packages/airflow/example_dags/example_branch_labels.py
[2026-08-21T22:48:47.342+0000] {logging_mixin.py:188} INFO - [2026-08-21T22:48:47.342+0000] {dag.py:3047} INFO - Sync 1 DAGs
[2026-08-21T22:48:47.369+0000] {logging_mixin.py:188} INFO - [2026-08-21T22:48:47.369+0000] {dag.py:3834} INFO - Setting next_dagrun for example_branch_labels to 2026-08-20 00:00:00+00:00, run_after=2026-08-21 00:00:00+00:00
[2026-08-21T22:48:47.395+0000] {processor.py:183} INFO - Processing /home/airflow/.local/lib/python3.8/site-packages/airflow/example_dags/example_branch_labels.py took 0.104 seconds
[2026-08-21T22:49:17.556+0000] {processor.py:161} INFO - Started process (PID=364) to work on /home/airflow/.local/lib/python3.8/site-packages/airflow/example_dags/example_branch_labels.py
[2026-08-21T22:49:17.558+0000] {processor.py:830} INFO - Processing file /home/airflow/.local/lib/python3.8/site-packages/airflow/example_dags/example_branch_labels.py for tasks to queue
[2026-08-21T22:49:17.561+0000] {logging_mixin.py:188} INFO - [2026-08-21T22:49:17.560+0000] {dagbag.py:540} INFO - Filling up the DagBag from /home/airflow/.local/lib/python3.8/site-packages/airflow/example_dags/example_branch_labels.py
[2026-08-21T22:49:17.571+0000] {processor.py:840} INFO - DAG(s) 'example_branch_labels' retrieved from /home/airflow/.local/lib/python3.8/site-packages/airflow/example_dags/example_branch_labels.py
[2026-08-21T22:49:17.601+0000] {logging_mixin.py:188} INFO - [2026-08-21T22:49:17.601+0000] {dag.py:3047} INFO - Sync 1 DAGs
[2026-08-21T22:49:17.633+0000] {logging_mixin.py:188} INFO - [2026-08-21T22:49:17.633+0000] {dag.py:3834} INFO - Setting next_dagrun for example_branch_labels to 2026-08-20 00:00:00+00:00, run_after=2026-08-21 00:00:00+00:00
[2026-08-21T22:49:17.656+0000] {processor.py:183} INFO - Processing /home/airflow/.local/lib/python3.8/site-packages/airflow/example_dags/example_branch_labels.py took 0.103 seconds
[2026-08-21T22:49:47.872+0000] {processor.py:161} INFO - Started process (PID=421) to work on /home/airflow/.local/lib/python3.8/site-packages/airflow/example_dags/example_branch_labels.py
[2026-08-21T22:49:47.874+0000] {processor.py:830} INFO - Processing file /home/airflow/.local/lib/python3.8/site-packages/airflow/example_dags/example_branch_labels.py for tasks to queue
[2026-08-21T22:49:47.878+0000] {logging_mixin.py:188} INFO - [2026-08-21T22:49:47.877+0000] {dagbag.py:540} INFO - Filling up the DagBag from /home/airflow/.local/lib/python3.8/site-packages/airflow/example_dags/example_branch_labels.py
[2026-08-21T22:49:47.897+0000] {processor.py:840} INFO - DAG(s) 'example_branch_labels' retrieved from /home/airflow/.local/lib/python3.8/site-packages/airflow/example_dags/example_branch_labels.py
[2026-08-21T22:49:47.930+0000] {logging_mixin.py:188} INFO - [2026-08-21T22:49:47.929+0000] {dag.py:3047} INFO - Sync 1 DAGs
[2026-08-21T22:49:47.957+0000] {logging_mixin.py:188} INFO - [2026-08-21T22:49:47.956+0000] {dag.py:3834} INFO - Setting next_dagrun for example_branch_labels to 2026-08-20 00:00:00+00:00, run_after=2026-08-21 00:00:00+00:00
[2026-08-21T22:49:47.978+0000] {processor.py:183} INFO - Processing /home/airflow/.local/lib/python3.8/site-packages/airflow/example_dags/example_branch_labels.py took 0.114 seconds
[2026-08-21T22:50:18.368+0000] {processor.py:161} INFO - Started process (PID=478) to work on /home/airflow/.local/lib/python3.8/site-packages/airflow/example_dags/example_branch_labels.py
[2026-08-21T22:50:18.370+0000] {processor.py:830} INFO - Processing file /home/airflow/.local/lib/python3.8/site-packages/airflow/example_dags/example_branch_labels.py for tasks to queue
[2026-08-21T22:50:18.372+0000] {logging_mixin.py:188} INFO - [2026-08-21T22:50:18.372+0000] {dagbag.py:540} INFO - Filling up the DagBag from /home/airflow/.local/lib/python3.8/site-packages/airflow/example_dags/example_branch_labels.py
[2026-08-21T22:50:18.381+0000] {processor.py:840} INFO - DAG(s) 'example_branch_labels' retrieved from /home/airflow/.local/lib/python3.8/site-packages/airflow/example_dags/example_branch_labels.py
[2026-08-21T22:50:18.404+0000] {logging_mixin.py:188} INFO - [2026-08-21T22:50:18.404+0000] {dag.py:3047} INFO - Sync 1 DAGs
[2026-08-21T22:50:18.432+0000] {logging_mixin.py:188} INFO - [2026-08-21T22:50:18.431+0000] {dag.py:3834} INFO - Setting next_dagrun for example_branch_labels to 2026-08-20 00:00:00+00:00, run_after=2026-08-21 00:00:00+00:00
[2026-08-21T22:50:18.456+0000] {processor.py:183} INFO - Processing /home/airflow/.local/lib/python3.8/site-packages/airflow/example_dags/example_branch_labels.py took 0.091 seconds
[2026-08-21T22:50:48.582+0000] {processor.py:161} INFO - Started process (PID=535) to work on /home/airflow/.local/lib/python3.8/site-packages/airflow/example_dags/example_branch_labels.py
[2026-08-21T22:50:48.583+0000] {processor.py:830} INFO - Processing file /home/airflow/.local/lib/python3.8/site-packages/airflow/example_dags/example_branch_labels.py for tasks to queue
[2026-08-21T22:50:48.586+0000] {logging_mixin.py:188} INFO - [2026-08-21T22:50:48.586+0000] {dagbag.py:540} INFO - Filling up the DagBag from /home/airflow/.local/lib/python3.8/site-packages/airflow/example_dags/example_branch_labels.py
[2026-08-21T22:50:48.595+0000] {processor.py:840} INFO - DAG(s) 'example_branch_labels' retrieved from /home/airflow/.local/lib/python3.8/site-packages/airflow/example_dags/example_branch_labels.py
[2026-08-21T22:50:48.619+0000] {logging_mixin.py:188} INFO - [2026-08-21T22:50:48.619+0000] {dag.py:3047} INFO - Sync 1 DAGs
[2026-08-21T22:50:48.644+0000] {logging_mixin.py:188} INFO - [2026-08-21T22:50:48.644+0000] {dag.py:3834} INFO - Setting next_dagrun for example_branch_labels to 2026-08-20 00:00:00+00:00, run_after=2026-08-21 00:00:00+00:00
[2026-08-21T22:50:48.666+0000] {processor.py:183} INFO - Processing /home/airflow/.local/lib/python3.8/site-packages/airflow/example_dags/example_branch_labels.py took 0.088 seconds
[2026-08-21T22:51:18.935+0000] {processor.py:161} INFO - Started process (PID=592) to work on /home/airflow/.local/lib/python3.8/site-packages/airflow/example_dags/example_branch_labels.py
[2026-08-21T22:51:18.937+0000] {processor.py:830} INFO - Processing file /home/airflow/.local/lib/python3.8/site-packages/airflow/example_dags/example_branch_labels.py for tasks to queue
[2026-08-21T22:51:18.940+0000] {logging_mixin.py:188} INFO - [2026-08-21T22:51:18.940+0000] {dagbag.py:540} INFO - Filling up the DagBag from /home/airflow/.local/lib/python3.8/site-packages/airflow/example_dags/example_branch_labels.py
[2026-08-21T22:51:18.952+0000] {processor.py:840} INFO - DAG(s) 'example_branch_labels' retrieved from /home/airflow/.local/lib/python3.8/site-packages/airflow/example_dags/example_branch_labels.py
[2026-08-21T22:51:18.977+0000] {logging_mixin.py:188} INFO - [2026-08-21T22:51:18.977+0000] {dag.py:3047} INFO - Sync 1 DAGs
[2026-08-21T22:51:19.001+0000] {logging_mixin.py:188} INFO - [2026-08-21T22:51:19.001+0000] {dag.py:3834} INFO - Setting next_dagrun for example_branch_labels to 2026-08-20 00:00:00+00:00, run_after=2026-08-21 00:00:00+00:00
[2026-08-21T22:51:19.024+0000] {processor.py:183} INFO - Processing /home/airflow/.local/lib/python3.8/site-packages/airflow/example_dags/example_branch_labels.py took 0.093 seconds
[2026-08-21T22:51:49.225+0000] {processor.py:161} INFO - Started process (PID=649) to work on /home/airflow/.local/lib/python3.8/site-packages/airflow/example_dags/example_branch_labels.py
[2026-08-21T22:51:49.227+0000] {processor.py:830} INFO - Processing file /home/airflow/.local/lib/python3.8/site-packages/airflow/example_dags/example_branch_labels.py for tasks to queue
[2026-08-21T22:51:49.230+0000] {logging_mixin.py:188} INFO - [2026-08-21T22:51:49.230+0000] {dagbag.py:540} INFO - Filling up the DagBag from /home/airflow/.local/lib/python3.8/site-packages/airflow/example_dags/example_branch_labels.py
[2026-08-21T22:51:49.244+0000] {processor.py:840} INFO - DAG(s) 'example_branch_labels' retrieved from /home/airflow/.local/lib/python3.8/site-packages/airflow/example_dags/example_branch_labels.py
[2026-08-21T22:51:49.275+0000] {logging_mixin.py:188} INFO - [2026-08-21T22:51:49.274+0000] {dag.py:3047} INFO - Sync 1 DAGs
[2026-08-21T22:51:49.302+0000] {logging_mixin.py:188} INFO - [2026-08-21T22:51:49.302+0000] {dag.py:3834} INFO - Setting next_dagrun for example_branch_labels to 2026-08-20 00:00:00+00:00, run_after=2026-08-21 00:00:00+00:00
[2026-08-21T22:51:49.330+0000] {processor.py:183} INFO - Processing /home/airflow/.local/lib/python3.8/site-packages/airflow/example_dags/example_branch_labels.py took 0.110 seconds
[2026-08-21T22:52:19.654+0000] {processor.py:161} INFO - Started process (PID=706) to work on /home/airflow/.local/lib/python3.8/site-packages/airflow/example_dags/example_branch_labels.py
[2026-08-21T22:52:19.656+0000] {processor.py:830} INFO - Processing file /home/airflow/.local/lib/python3.8/site-packages/airflow/example_dags/example_branch_labels.py for tasks to queue
[2026-08-21T22:52:19.659+0000] {logging_mixin.py:188} INFO - [2026-08-21T22:52:19.658+0000] {dagbag.py:540} INFO - Filling up the DagBag from /home/airflow/.local/lib/python3.8/site-packages/airflow/example_dags/example_branch_labels.py
[2026-08-21T22:52:19.669+0000] {processor.py:840} INFO - DAG(s) 'example_branch_labels' retrieved from /home/airflow/.local/lib/python3.8/site-packages/airflow/example_dags/example_branch_labels.py
[2026-08-21T22:52:19.696+0000] {logging_mixin.py:188} INFO - [2026-08-21T22:52:19.695+0000] {dag.py:3047} INFO - Sync 1 DAGs
[2026-08-21T22:52:19.723+0000] {logging_mixin.py:188} INFO - [2026-08-21T22:52:19.722+0000] {dag.py:3834} INFO - Setting next_dagrun for example_branch_labels to 2026-08-20 00:00:00+00:00, run_after=2026-08-21 00:00:00+00:00
[2026-08-21T22:52:19.747+0000] {processor.py:183} INFO - Processing /home/airflow/.local/lib/python3.8/site-packages/airflow/example_dags/example_branch_labels.py took 0.098 seconds
[2026-08-21T22:52:49.979+0000] {processor.py:161} INFO - Started process (PID=763) to work on /home/airflow/.local/lib/python3.8/site-packages/airflow/example_dags/example_branch_labels.py
[2026-08-21T22:52:49.982+0000] {processor.py:830} INFO - Processing file /home/airflow/.local/lib/python3.8/site-packages/airflow/example_dags/example_branch_labels.py for tasks to queue
[2026-08-21T22:52:49.986+0000] {logging_mixin.py:188} INFO - [2026-08-21T22:52:49.985+0000] {dagbag.py:540} INFO - Filling up the DagBag from /home/airflow/.local/lib/python3.8/site-packages/airflow/example_dags/example_branch_labels.py
[2026-08-21T22:52:50.000+0000] {processor.py:840} INFO - DAG(s) 'example_branch_labels' retrieved from /home/airflow/.local/lib/python3.8/site-packages/airflow/example_dags/example_branch_labels.py
[2026-08-21T22:52:50.030+0000] {logging_mixin.py:188} INFO - [2026-08-21T22:52:50.029+0000] {dag.py:3047} INFO - Sync 1 DAGs
[2026-08-21T22:52:50.057+0000] {logging_mixin.py:188} INFO - [2026-08-21T22:52:50.057+0000] {dag.py:3834} INFO - Setting next_dagrun for example_branch_labels to 2026-08-20 00:00:00+00:00, run_after=2026-08-21 00:00:00+00:00
[2026-08-21T22:52:50.081+0000] {processor.py:183} INFO - Processing /home/airflow/.local/lib/python3.8/site-packages/airflow/example_dags/example_branch_labels.py took 0.106 seconds
[2026-08-21T22:53:20.901+0000] {processor.py:161} INFO - Started process (PID=820) to work on /home/airflow/.local/lib/python3.8/site-packages/airflow/example_dags/example_branch_labels.py
[2026-08-21T22:53:20.903+0000] {processor.py:830} INFO - Processing file /home/airflow/.local/lib/python3.8/site-packages/airflow/example_dags/example_branch_labels.py for tasks to queue
[2026-08-21T22:53:20.907+0000] {logging_mixin.py:188} INFO - [2026-08-21T22:53:20.906+0000] {dagbag.py:540} INFO - Filling up the DagBag from /home/airflow/.local/lib/python3.8/site-packages/airflow/example_dags/example_branch_labels.py
[2026-08-21T22:53:20.919+0000] {processor.py:840} INFO - DAG(s) 'example_branch_labels' retrieved from /home/airflow/.local/lib/python3.8/site-packages/airflow/example_dags/example_branch_labels.py
[2026-08-21T22:53:20.943+0000] {logging_mixin.py:188} INFO - [2026-08-21T22:53:20.942+0000] {dag.py:3047} INFO - Sync 1 DAGs
[2026-08-21T22:53:20.969+0000] {logging_mixin.py:188} INFO - [2026-08-21T22:53:20.969+0000] {dag.py:3834} INFO - Setting next_dagrun for example_branch_labels to 2026-08-20 00:00:00+00:00, run_after=2026-08-21 00:00:00+00:00
[2026-08-21T22:53:20.995+0000] {processor.py:183} INFO - Processing /home/airflow/.local/lib/python3.8/site-packages/airflow/example_dags/example_branch_labels.py took 0.098 seconds
[2026-08-21T22:53:51.132+0000] {processor.py:161} INFO - Started process (PID=877) to work on /home/airflow/.local/lib/python3.8/site-packages/airflow/example_dags/example_branch_labels.py
[2026-08-21T22:53:51.134+0000] {processor.py:830} INFO - Processing file /home/airflow/.local/lib/python3.8/site-packages/airflow/example_dags/example_branch_labels.py for tasks to queue
[2026-08-21T22:53:51.137+0000] {logging_mixin.py:188} INFO - [2026-08-21T22:53:51.136+0000] {dagbag.py:540} INFO - Filling up the DagBag from /home/airflow/.local/lib/python3.8/site-packages/airflow/example_dags/example_branch_labels.py
[2026-08-21T22:53:51.150+0000] {processor.py:840} INFO - DAG(s) 'example_branch_labels' retrieved from /home/airflow/.local/lib/python3.8/site-packages/airflow/example_dags/example_branch_labels.py
[2026-08-21T22:53:51.181+0000] {logging_mixin.py:188} INFO - [2026-08-21T22:53:51.181+0000] {dag.py:3047} INFO - Sync 1 DAGs
[2026-08-21T22:53:51.211+0000] {logging_mixin.py:188} INFO - [2026-08-21T22:53:51.210+0000] {dag.py:3834} INFO - Setting next_dagrun for example_branch_labels to 2026-08-20 00:00:00+00:00, run_after=2026-08-21 00:00:00+00:00
[2026-08-21T22:53:51.237+0000] {processor.py:183} INFO - Processing /home/airflow/.local/lib/python3.8/site-packages/airflow/example_dags/example_branch_labels.py took 0.110 seconds
[2026-08-21T22:54:21.404+0000] {processor.py:161} INFO - Started process (PID=934) to work on /home/airflow/.local/lib/python3.8/site-packages/airflow/example_dags/example_branch_labels.py
[2026-08-21T22:54:21.407+0000] {processor.py:830} INFO - Processing file /home/airflow/.local/lib/python3.8/site-packages/airflow/example_dags/example_branch_labels.py for tasks to queue
[2026-08-21T22:54:21.411+0000] {logging_mixin.py:188} INFO - [2026-08-21T22:54:21.410+0000] {dagbag.py:540} INFO - Filling up the DagBag from /home/airflow/.local/lib/python3.8/site-packages/airflow/example_dags/example_branch_labels.py
[2026-08-21T22:54:21.426+0000] {processor.py:840} INFO - DAG(s) 'example_branch_labels' retrieved from /home/airflow/.local/lib/python3.8/site-packages/airflow/example_dags/example_branch_labels.py
[2026-08-21T22:54:21.452+0000] {logging_mixin.py:188} INFO - [2026-08-21T22:54:21.452+0000] {dag.py:3047} INFO - Sync 1 DAGs
[2026-08-21T22:54:21.481+0000] {logging_mixin.py:188} INFO - [2026-08-21T22:54:21.480+0000] {dag.py:3834} INFO - Setting next_dagrun for example_branch_labels to 2026-08-20 00:00:00+00:00, run_after=2026-08-21 00:00:00+00:00
[2026-08-21T22:54:21.507+0000] {processor.py:183} INFO - Processing /home/airflow/.local/lib/python3.8/site-packages/airflow/example_dags/example_branch_labels.py took 0.107 seconds
[2026-08-21T22:54:52.200+0000] {processor.py:161} INFO - Started process (PID=991) to work on /home/airflow/.local/lib/python3.8/site-packages/airflow/example_dags/example_branch_labels.py
[2026-08-21T22:54:52.202+0000] {processor.py:830} INFO - Processing file /home/airflow/.local/lib/python3.8/site-packages/airflow/example_dags/example_branch_labels.py for tasks to queue
[2026-08-21T22:54:52.206+0000] {logging_mixin.py:188} INFO - [2026-08-21T22:54:52.206+0000] {dagbag.py:540} INFO - Filling up the DagBag from /home/airflow/.local/lib/python3.8/site-packages/airflow/example_dags/example_branch_labels.py
[2026-08-21T22:54:52.216+0000] {processor.py:840} INFO - DAG(s) 'example_branch_labels' retrieved from /home/airflow/.local/lib/python3.8/site-packages/airflow/example_dags/example_branch_labels.py
[2026-08-21T22:54:52.245+0000] {logging_mixin.py:188} INFO - [2026-08-21T22:54:52.245+0000] {dag.py:3047} INFO - Sync 1 DAGs
[2026-08-21T22:54:52.271+0000] {logging_mixin.py:188} INFO - [2026-08-21T22:54:52.270+0000] {dag.py:3834} INFO - Setting next_dagrun for example_branch_labels to 2026-08-20 00:00:00+00:00, run_after=2026-08-21 00:00:00+00:00
[2026-08-21T22:54:52.295+0000] {processor.py:183} INFO - Processing /home/airflow/.local/lib/python3.8/site-packages/airflow/example_dags/example_branch_labels.py took 0.099 seconds
[2026-08-21T22:55:22.667+0000] {processor.py:161} INFO - Started process (PID=1048) to work on /home/airflow/.local/lib/python3.8/site-packages/airflow/example_dags/example_branch_labels.py
[2026-08-21T22:55:22.671+0000] {processor.py:830} INFO - Processing file /home/airflow/.local/lib/python3.8/site-packages/airflow/example_dags/example_branch_labels.py for tasks to queue
[2026-08-21T22:55:22.675+0000] {logging_mixin.py:188} INFO - [2026-08-21T22:55:22.675+0000] {dagbag.py:540} INFO - Filling up the DagBag from /home/airflow/.local/lib/python3.8/site-packages/airflow/example_dags/example_branch_labels.py
[2026-08-21T22:55:22.686+0000] {processor.py:840} INFO - DAG(s) 'example_branch_labels' retrieved from /home/airflow/.local/lib/python3.8/site-packages/airflow/example_dags/example_branch_labels.py
[2026-08-21T22:55:22.717+0000] {logging_mixin.py:188} INFO - [2026-08-21T22:55:22.717+0000] {dag.py:3047} INFO - Sync 1 DAGs
[2026-08-21T22:55:22.755+0000] {logging_mixin.py:188} INFO - [2026-08-21T22:55:22.755+0000] {dag.py:3834} INFO - Setting next_dagrun for example_branch_labels to 2026-08-20 00:00:00+00:00, run_after=2026-08-21 00:00:00+00:00
[2026-08-21T22:55:22.783+0000] {processor.py:183} INFO - Processing /home/airflow/.local/lib/python3.8/site-packages/airflow/example_dags/example_branch_labels.py took 0.121 seconds
[2026-08-21T22:55:52.913+0000] {processor.py:161} INFO - Started process (PID=1105) to work on /home/airflow/.local/lib/python3.8/site-packages/airflow/example_dags/example_branch_labels.py
[2026-08-21T22:55:52.915+0000] {processor.py:830} INFO - Processing file /home/airflow/.local/lib/python3.8/site-packages/airflow/example_dags/example_branch_labels.py for tasks to queue
[2026-08-21T22:55:52.919+0000] {logging_mixin.py:188} INFO - [2026-08-21T22:55:52.918+0000] {dagbag.py:540} INFO - Filling up the DagBag from /home/airflow/.local/lib/python3.8/site-packages/airflow/example_dags/example_branch_labels.py
[2026-08-21T22:55:52.934+0000] {processor.py:840} INFO - DAG(s) 'example_branch_labels' retrieved from /home/airflow/.local/lib/python3.8/site-packages/airflow/example_dags/example_branch_labels.py
[2026-08-21T22:55:52.964+0000] {logging_mixin.py:188} INFO - [2026-08-21T22:55:52.963+0000] {dag.py:3047} INFO - Sync 1 DAGs
[2026-08-21T22:55:52.998+0000] {logging_mixin.py:188} INFO - [2026-08-21T22:55:52.997+0000] {dag.py:3834} INFO - Setting next_dagrun for example_branch_labels to 2026-08-20 00:00:00+00:00, run_after=2026-08-21 00:00:00+00:00
[2026-08-21T22:55:53.026+0000] {processor.py:183} INFO - Processing /home/airflow/.local/lib/python3.8/site-packages/airflow/example_dags/example_branch_labels.py took 0.117 seconds
[2026-08-21T22:56:23.944+0000] {processor.py:161} INFO - Started process (PID=1162) to work on /home/airflow/.local/lib/python3.8/site-packages/airflow/example_dags/example_branch_labels.py
[2026-08-21T22:56:23.945+0000] {processor.py:830} INFO - Processing file /home/airflow/.local/lib/python3.8/site-packages/airflow/example_dags/example_branch_labels.py for tasks to queue
[2026-08-21T22:56:23.948+0000] {logging_mixin.py:188} INFO - [2026-08-21T22:56:23.948+0000] {dagbag.py:540} INFO - Filling up the DagBag from /home/airflow/.local/lib/python3.8/site-packages/airflow/example_dags/example_branch_labels.py
[2026-08-21T22:56:23.962+0000] {processor.py:840} INFO - DAG(s) 'example_branch_labels' retrieved from /home/airflow/.local/lib/python3.8/site-packages/airflow/example_dags/example_branch_labels.py
[2026-08-21T22:56:23.991+0000] {logging_mixin.py:188} INFO - [2026-08-21T22:56:23.991+0000] {dag.py:3047} INFO - Sync 1 DAGs
[2026-08-21T22:56:24.017+0000] {logging_mixin.py:188} INFO - [2026-08-21T22:56:24.016+0000] {dag.py:3834} INFO - Setting next_dagrun for example_branch_labels to 2026-08-20 00:00:00+00:00, run_after=2026-08-21 00:00:00+00:00
[2026-08-21T22:56:24.046+0000] {processor.py:183} INFO - Processing /home/airflow/.local/lib/python3.8/site-packages/airflow/example_dags/example_branch_labels.py took 0.106 seconds
[2026-08-21T22:56:54.404+0000] {processor.py:161} INFO - Started process (PID=1219) to work on /home/airflow/.local/lib/python3.8/site-packages/airflow/example_dags/example_branch_labels.py
[2026-08-21T22:56:54.407+0000] {processor.py:830} INFO - Processing file /home/airflow/.local/lib/python3.8/site-packages/airflow/example_dags/example_branch_labels.py for tasks to queue
[2026-08-21T22:56:54.409+0000] {logging_mixin.py:188} INFO - [2026-08-21T22:56:54.409+0000] {dagbag.py:540} INFO - Filling up the DagBag from /home/airflow/.local/lib/python3.8/site-packages/airflow/example_dags/example_branch_labels.py
[2026-08-21T22:56:54.420+0000] {processor.py:840} INFO - DAG(s) 'example_branch_labels' retrieved from /home/airflow/.local/lib/python3.8/site-packages/airflow/example_dags/example_branch_labels.py
[2026-08-21T22:56:54.449+0000] {logging_mixin.py:188} INFO - [2026-08-21T22:56:54.449+0000] {dag.py:3047} INFO - Sync 1 DAGs
[2026-08-21T22:56:54.479+0000] {logging_mixin.py:188} INFO - [2026-08-21T22:56:54.478+0000] {dag.py:3834} INFO - Setting next_dagrun for example_branch_labels to 2026-08-20 00:00:00+00:00, run_after=2026-08-21 00:00:00+00:00
[2026-08-21T22:56:54.504+0000] {processor.py:183} INFO - Processing /home/airflow/.local/lib/python3.8/site-packages/airflow/example_dags/example_branch_labels.py took 0.105 seconds
[2026-08-21T22:57:25.186+0000] {processor.py:161} INFO - Started process (PID=1276) to work on /home/airflow/.local/lib/python3.8/site-packages/airflow/example_dags/example_branch_labels.py
[2026-08-21T22:57:25.187+0000] {processor.py:830} INFO - Processing file /home/airflow/.local/lib/python3.8/site-packages/airflow/example_dags/example_branch_labels.py for tasks to queue
[2026-08-21T22:57:25.190+0000] {logging_mixin.py:188} INFO - [2026-08-21T22:57:25.189+0000] {dagbag.py:540} INFO - Filling up the DagBag from /home/airflow/.local/lib/python3.8/site-packages/airflow/example_dags/example_branch_labels.py
[2026-08-21T22:57:25.199+0000] {processor.py:840} INFO - DAG(s) 'example_branch_labels' retrieved from /home/airflow/.local/lib/python3.8/site-packages/airflow/example_dags/example_branch_labels.py
[2026-08-21T22:57:25.231+0000] {logging_mixin.py:188} INFO - [2026-08-21T22:57:25.231+0000] {dag.py:3047} INFO - Sync 1 DAGs
[2026-08-21T22:57:25.255+0000] {logging_mixin.py:188} INFO - [2026-08-21T22:57:25.255+0000] {dag.py:3834} INFO - Setting next_dagrun for example_branch_labels to 2026-08-20 00:00:00+00:00, run_after=2026-08-21 00:00:00+00:00
[2026-08-21T22:57:25.279+0000] {processor.py:183} INFO - Processing /home/airflow/.local/lib/python3.8/site-packages/airflow/example_dags/example_branch_labels.py took 0.097 seconds
[2026-08-21T22:57:55.677+0000] {processor.py:161} INFO - Started process (PID=1333) to work on /home/airflow/.local/lib/python3.8/site-packages/airflow/example_dags/example_branch_labels.py
[2026-08-21T22:57:55.680+0000] {processor.py:830} INFO - Processing file /home/airflow/.local/lib/python3.8/site-packages/airflow/example_dags/example_branch_labels.py for tasks to queue
[2026-08-21T22:57:55.685+0000] {logging_mixin.py:188} INFO - [2026-08-21T22:57:55.684+0000] {dagbag.py:540} INFO - Filling up the DagBag from /home/airflow/.local/lib/python3.8/site-packages/airflow/example_dags/example_branch_labels.py
[2026-08-21T22:57:55.698+0000] {processor.py:840} INFO - DAG(s) 'example_branch_labels' retrieved from /home/airflow/.local/lib/python3.8/site-packages/airflow/example_dags/example_branch_labels.py
[2026-08-21T22:57:55.722+0000] {logging_mixin.py:188} INFO - [2026-08-21T22:57:55.722+0000] {dag.py:3047} INFO - Sync 1 DAGs
[2026-08-21T22:57:55.752+0000] {logging_mixin.py:188} INFO - [2026-08-21T22:57:55.751+0000] {dag.py:3834} INFO - Setting next_dagrun for example_branch_labels to 2026-08-20 00:00:00+00:00, run_after=2026-08-21 00:00:00+00:00
[2026-08-21T22:57:55.775+0000] {processor.py:183} INFO - Processing /home/airflow/.local/lib/python3.8/site-packages/airflow/example_dags/example_branch_labels.py took 0.107 seconds
[2026-08-21T22:58:26.035+0000] {processor.py:161} INFO - Started process (PID=1390) to work on /home/airflow/.local/lib/python3.8/site-packages/airflow/example_dags/example_branch_labels.py
[2026-08-21T22:58:26.037+0000] {processor.py:830} INFO - Processing file /home/airflow/.local/lib/python3.8/site-packages/airflow/example_dags/example_branch_labels.py for tasks to queue
[2026-08-21T22:58:26.042+0000] {logging_mixin.py:188} INFO - [2026-08-21T22:58:26.041+0000] {dagbag.py:540} INFO - Filling up the DagBag from /home/airflow/.local/lib/python3.8/site-packages/airflow/example_dags/example_branch_labels.py
[2026-08-21T22:58:26.051+0000] {processor.py:840} INFO - DAG(s) 'example_branch_labels' retrieved from /home/airflow/.local/lib/python3.8/site-packages/airflow/example_dags/example_branch_labels.py
[2026-08-21T22:58:26.080+0000] {logging_mixin.py:188} INFO - [2026-08-21T22:58:26.080+0000] {dag.py:3047} INFO - Sync 1 DAGs
[2026-08-21T22:58:26.112+0000] {logging_mixin.py:188} INFO - [2026-08-21T22:58:26.112+0000] {dag.py:3834} INFO - Setting next_dagrun for example_branch_labels to 2026-08-20 00:00:00+00:00, run_after=2026-08-21 00:00:00+00:00
[2026-08-21T22:58:26.141+0000] {processor.py:183} INFO - Processing /home/airflow/.local/lib/python3.8/site-packages/airflow/example_dags/example_branch_labels.py took 0.110 seconds
[2026-08-21T22:58:56.562+0000] {processor.py:161} INFO - Started process (PID=1447) to work on /home/airflow/.local/lib/python3.8/site-packages/airflow/example_dags/example_branch_labels.py
[2026-08-21T22:58:56.564+0000] {processor.py:830} INFO - Processing file /home/airflow/.local/lib/python3.8/site-packages/airflow/example_dags/example_branch_labels.py for tasks to queue
[2026-08-21T22:58:56.567+0000] {logging_mixin.py:188} INFO - [2026-08-21T22:58:56.567+0000] {dagbag.py:540} INFO - Filling up the DagBag from /home/airflow/.local/lib/python3.8/site-packages/airflow/example_dags/example_branch_labels.py
[2026-08-21T22:58:56.579+0000] {processor.py:840} INFO - DAG(s) 'example_branch_labels' retrieved from /home/airflow/.local/lib/python3.8/site-packages/airflow/example_dags/example_branch_labels.py
[2026-08-21T22:58:56.604+0000] {logging_mixin.py:188} INFO - [2026-08-21T22:58:56.604+0000] {dag.py:3047} INFO - Sync 1 DAGs
[2026-08-21T22:58:56.629+0000] {logging_mixin.py:188} INFO - [2026-08-21T22:58:56.629+0000] {dag.py:3834} INFO - Setting next_dagrun for example_branch_labels to 2026-08-20 00:00:00+00:00, run_after=2026-08-21 00:00:00+00:00
[2026-08-21T22:58:56.650+0000] {processor.py:183} INFO - Processing /home/airflow/.local/lib/python3.8/site-packages/airflow/example_dags/example_branch_labels.py took 0.093 seconds
[2026-08-21T22:59:27.081+0000] {processor.py:161} INFO - Started process (PID=1504) to work on /home/airflow/.local/lib/python3.8/site-packages/airflow/example_dags/example_branch_labels.py
[2026-08-21T22:59:27.083+0000] {processor.py:830} INFO - Processing file /home/airflow/.local/lib/python3.8/site-packages/airflow/example_dags/example_branch_labels.py for tasks to queue
[2026-08-21T22:59:27.086+0000] {logging_mixin.py:188} INFO - [2026-08-21T22:59:27.085+0000] {dagbag.py:540} INFO - Filling up the DagBag from /home/airflow/.local/lib/python3.8/site-packages/airflow/example_dags/example_branch_labels.py
[2026-08-21T22:59:27.096+0000] {processor.py:840} INFO - DAG(s) 'example_branch_labels' retrieved from /home/airflow/.local/lib/python3.8/site-packages/airflow/example_dags/example_branch_labels.py
[2026-08-21T22:59:27.120+0000] {logging_mixin.py:188} INFO - [2026-08-21T22:59:27.119+0000] {dag.py:3047} INFO - Sync 1 DAGs
[2026-08-21T22:59:27.145+0000] {logging_mixin.py:188} INFO - [2026-08-21T22:59:27.145+0000] {dag.py:3834} INFO - Setting next_dagrun for example_branch_labels to 2026-08-20 00:00:00+00:00, run_after=2026-08-21 00:00:00+00:00
[2026-08-21T22:59:27.168+0000] {processor.py:183} INFO - Processing /home/airflow/.local/lib/python3.8/site-packages/airflow/example_dags/example_branch_labels.py took 0.091 seconds
[2026-08-21T22:59:57.467+0000] {processor.py:161} INFO - Started process (PID=1561) to work on /home/airflow/.local/lib/python3.8/site-packages/airflow/example_dags/example_branch_labels.py
[2026-08-21T22:59:57.469+0000] {processor.py:830} INFO - Processing file /home/airflow/.local/lib/python3.8/site-packages/airflow/example_dags/example_branch_labels.py for tasks to queue
[2026-08-21T22:59:57.473+0000] {logging_mixin.py:188} INFO - [2026-08-21T22:59:57.472+0000] {dagbag.py:540} INFO - Filling up the DagBag from /home/airflow/.local/lib/python3.8/site-packages/airflow/example_dags/example_branch_labels.py
[2026-08-21T22:59:57.483+0000] {processor.py:840} INFO - DAG(s) 'example_branch_labels' retrieved from /home/airflow/.local/lib/python3.8/site-packages/airflow/example_dags/example_branch_labels.py
[2026-08-21T22:59:57.514+0000] {logging_mixin.py:188} INFO - [2026-08-21T22:59:57.513+0000] {dag.py:3047} INFO - Sync 1 DAGs
[2026-08-21T22:59:57.545+0000] {logging_mixin.py:188} INFO - [2026-08-21T22:59:57.545+0000] {dag.py:3834} INFO - Setting next_dagrun for example_branch_labels to 2026-08-20 00:00:00+00:00, run_after=2026-08-21 00:00:00+00:00
[2026-08-21T22:59:57.574+0000] {processor.py:183} INFO - Processing /home/airflow/.local/lib/python3.8/site-packages/airflow/example_dags/example_branch_labels.py took 0.112 seconds
[2026-08-21T23:00:27.846+0000] {processor.py:161} INFO - Started process (PID=1618) to work on /home/airflow/.local/lib/python3.8/site-packages/airflow/example_dags/example_branch_labels.py
[2026-08-21T23:00:27.848+0000] {processor.py:830} INFO - Processing file /home/airflow/.local/lib/python3.8/site-packages/airflow/example_dags/example_branch_labels.py for tasks to queue
[2026-08-21T23:00:27.851+0000] {logging_mixin.py:188} INFO - [2026-08-21T23:00:27.851+0000] {dagbag.py:540} INFO - Filling up the DagBag from /home/airflow/.local/lib/python3.8/site-packages/airflow/example_dags/example_branch_labels.py
[2026-08-21T23:00:27.860+0000] {processor.py:840} INFO - DAG(s) 'example_branch_labels' retrieved from /home/airflow/.local/lib/python3.8/site-packages/airflow/example_dags/example_branch_labels.py
[2026-08-21T23:00:27.892+0000] {logging_mixin.py:188} INFO - [2026-08-21T23:00:27.891+0000] {dag.py:3047} INFO - Sync 1 DAGs
[2026-08-21T23:00:27.921+0000] {logging_mixin.py:188} INFO - [2026-08-21T23:00:27.921+0000] {dag.py:3834} INFO - Setting next_dagrun for example_branch_labels to 2026-08-20 00:00:00+00:00, run_after=2026-08-21 00:00:00+00:00
[2026-08-21T23:00:27.945+0000] {processor.py:183} INFO - Processing /home/airflow/.local/lib/python3.8/site-packages/airflow/example_dags/example_branch_labels.py took 0.104 seconds
[2026-08-21T23:00:58.708+0000] {processor.py:161} INFO - Started process (PID=1675) to work on /home/airflow/.local/lib/python3.8/site-packages/airflow/example_dags/example_branch_labels.py
[2026-08-21T23:00:58.711+0000] {processor.py:830} INFO - Processing file /home/airflow/.local/lib/python3.8/site-packages/airflow/example_dags/example_branch_labels.py for tasks to queue
[2026-08-21T23:00:58.714+0000] {logging_mixin.py:188} INFO - [2026-08-21T23:00:58.713+0000] {dagbag.py:540} INFO - Filling up the DagBag from /home/airflow/.local/lib/python3.8/site-packages/airflow/example_dags/example_branch_labels.py
[2026-08-21T23:00:58.723+0000] {processor.py:840} INFO - DAG(s) 'example_branch_labels' retrieved from /home/airflow/.local/lib/python3.8/site-packages/airflow/example_dags/example_branch_labels.py
[2026-08-21T23:00:58.749+0000] {logging_mixin.py:188} INFO - [2026-08-21T23:00:58.749+0000] {dag.py:3047} INFO - Sync 1 DAGs
[2026-08-21T23:00:58.773+0000] {logging_mixin.py:188} INFO - [2026-08-21T23:00:58.773+0000] {dag.py:3834} INFO - Setting next_dagrun for example_branch_labels to 2026-08-20 00:00:00+00:00, run_after=2026-08-21 00:00:00+00:00
[2026-08-21T23:00:58.798+0000] {processor.py:183} INFO - Processing /home/airflow/.local/lib/python3.8/site-packages/airflow/example_dags/example_branch_labels.py took 0.094 seconds
[2026-08-21T23:01:29.730+0000] {processor.py:161} INFO - Started process (PID=1732) to work on /home/airflow/.local/lib/python3.8/site-packages/airflow/example_dags/example_branch_labels.py
[2026-08-21T23:01:29.732+0000] {processor.py:830} INFO - Processing file /home/airflow/.local/lib/python3.8/site-packages/airflow/example_dags/example_branch_labels.py for tasks to queue
[2026-08-21T23:01:29.735+0000] {logging_mixin.py:188} INFO - [2026-08-21T23:01:29.734+0000] {dagbag.py:540} INFO - Filling up the DagBag from /home/airflow/.local/lib/python3.8/site-packages/airflow/example_dags/example_branch_labels.py
[2026-08-21T23:01:29.746+0000] {processor.py:840} INFO - DAG(s) 'example_branch_labels' retrieved from /home/airflow/.local/lib/python3.8/site-packages/airflow/example_dags/example_branch_labels.py
[2026-08-21T23:01:29.774+0000] {logging_mixin.py:188} INFO - [2026-08-21T23:01:29.774+0000] {dag.py:3047} INFO - Sync 1 DAGs
[2026-08-21T23:01:29.803+0000] {logging_mixin.py:188} INFO - [2026-08-21T23:01:29.803+0000] {dag.py:3834} INFO - Setting next_dagrun for example_branch_labels to 2026-08-20 00:00:00+00:00, run_after=2026-08-21 00:00:00+00:00
[2026-08-21T23:01:29.833+0000] {processor.py:183} INFO - Processing /home/airflow/.local/lib/python3.8/site-packages/airflow/example_dags/example_branch_labels.py took 0.109 seconds
[2026-08-21T23:02:00.299+0000] {processor.py:161} INFO - Started process (PID=1789) to work on /home/airflow/.local/lib/python3.8/site-packages/airflow/example_dags/example_branch_labels.py
[2026-08-21T23:02:00.301+0000] {processor.py:830} INFO - Processing file /home/airflow/.local/lib/python3.8/site-packages/airflow/example_dags/example_branch_labels.py for tasks to queue
[2026-08-21T23:02:00.304+0000] {logging_mixin.py:188} INFO - [2026-08-21T23:02:00.304+0000] {dagbag.py:540} INFO - Filling up the DagBag from /home/airflow/.local/lib/python3.8/site-packages/airflow/example_dags/example_branch_labels.py
[2026-08-21T23:02:00.318+0000] {processor.py:840} INFO - DAG(s) 'example_branch_labels' retrieved from /home/airflow/.local/lib/python3.8/site-packages/airflow/example_dags/example_branch_labels.py
[2026-08-21T23:02:00.348+0000] {logging_mixin.py:188} INFO - [2026-08-21T23:02:00.348+0000] {dag.py:3047} INFO - Sync 1 DAGs
[2026-08-21T23:02:00.380+0000] {logging_mixin.py:188} INFO - [2026-08-21T23:02:00.380+0000] {dag.py:3834} INFO - Setting next_dagrun for example_branch_labels to 2026-08-20 00:00:00+00:00, run_after=2026-08-21 00:00:00+00:00
[2026-08-21T23:02:00.402+0000] {processor.py:183} INFO - Processing /home/airflow/.local/lib/python3.8/site-packages/airflow/example_dags/example_branch_labels.py took 0.107 seconds
[2026-08-21T23:02:30.504+0000] {processor.py:161} INFO - Started process (PID=1846) to work on /home/airflow/.local/lib/python3.8/site-packages/airflow/example_dags/example_branch_labels.py
[2026-08-21T23:02:30.506+0000] {processor.py:830} INFO - Processing file /home/airflow/.local/lib/python3.8/site-packages/airflow/example_dags/example_branch_labels.py for tasks to queue
[2026-08-21T23:02:30.510+0000] {logging_mixin.py:188} INFO - [2026-08-21T23:02:30.509+0000] {dagbag.py:540} INFO - Filling up the DagBag from /home/airflow/.local/lib/python3.8/site-packages/airflow/example_dags/example_branch_labels.py
[2026-08-21T23:02:30.524+0000] {processor.py:840} INFO - DAG(s) 'example_branch_labels' retrieved from /home/airflow/.local/lib/python3.8/site-packages/airflow/example_dags/example_branch_labels.py
[2026-08-21T23:02:30.558+0000] {logging_mixin.py:188} INFO - [2026-08-21T23:02:30.558+0000] {dag.py:3047} INFO - Sync 1 DAGs
[2026-08-21T23:02:30.598+0000] {logging_mixin.py:188} INFO - [2026-08-21T23:02:30.597+0000] {dag.py:3834} INFO - Setting next_dagrun for example_branch_labels to 2026-08-20 00:00:00+00:00, run_after=2026-08-21 00:00:00+00:00
[2026-08-21T23:02:30.629+0000] {processor.py:183} INFO - Processing /home/airflow/.local/lib/python3.8/site-packages/airflow/example_dags/example_branch_labels.py took 0.130 seconds
[2026-08-21T23:03:01.016+0000] {processor.py:161} INFO - Started process (PID=1903) to work on /home/airflow/.local/lib/python3.8/site-packages/airflow/example_dags/example_branch_labels.py
[2026-08-21T23:03:01.019+0000] {processor.py:830} INFO - Processing file /home/airflow/.local/lib/python3.8/site-packages/airflow/example_dags/example_branch_labels.py for tasks to queue
[2026-08-21T23:03:01.023+0000] {logging_mixin.py:188} INFO - [2026-08-21T23:03:01.022+0000] {dagbag.py:540} INFO - Filling up the DagBag from /home/airflow/.local/lib/python3.8/site-packages/airflow/example_dags/example_branch_labels.py
[2026-08-21T23:03:01.035+0000] {processor.py:840} INFO - DAG(s) 'example_branch_labels' retrieved from /home/airflow/.local/lib/python3.8/site-packages/airflow/example_dags/example_branch_labels.py
[2026-08-21T23:03:01.065+0000] {logging_mixin.py:188} INFO - [2026-08-21T23:03:01.064+0000] {dag.py:3047} INFO - Sync 1 DAGs
[2026-08-21T23:03:01.097+0000] {logging_mixin.py:188} INFO - [2026-08-21T23:03:01.097+0000] {dag.py:3834} INFO - Setting next_dagrun for example_branch_labels to 2026-08-20 00:00:00+00:00, run_after=2026-08-21 00:00:00+00:00
[2026-08-21T23:03:01.130+0000] {processor.py:183} INFO - Processing /home/airflow/.local/lib/python3.8/site-packages/airflow/example_dags/example_branch_labels.py took 0.120 seconds
[2026-08-21T23:03:31.682+0000] {processor.py:161} INFO - Started process (PID=1960) to work on /home/airflow/.local/lib/python3.8/site-packages/airflow/example_dags/example_branch_labels.py
[2026-08-21T23:03:31.685+0000] {processor.py:830} INFO - Processing file /home/airflow/.local/lib/python3.8/site-packages/airflow/example_dags/example_branch_labels.py for tasks to queue
[2026-08-21T23:03:31.690+0000] {logging_mixin.py:188} INFO - [2026-08-21T23:03:31.689+0000] {dagbag.py:540} INFO - Filling up the DagBag from /home/airflow/.local/lib/python3.8/site-packages/airflow/example_dags/example_branch_labels.py
[2026-08-21T23:03:31.707+0000] {processor.py:840} INFO - DAG(s) 'example_branch_labels' retrieved from /home/airflow/.local/lib/python3.8/site-packages/airflow/example_dags/example_branch_labels.py
[2026-08-21T23:03:31.746+0000] {logging_mixin.py:188} INFO - [2026-08-21T23:03:31.745+0000] {dag.py:3047} INFO - Sync 1 DAGs
[2026-08-21T23:03:31.792+0000] {logging_mixin.py:188} INFO - [2026-08-21T23:03:31.791+0000] {dag.py:3834} INFO - Setting next_dagrun for example_branch_labels to 2026-08-20 00:00:00+00:00, run_after=2026-08-21 00:00:00+00:00
[2026-08-21T23:03:31.834+0000] {processor.py:183} INFO - Processing /home/airflow/.local/lib/python3.8/site-packages/airflow/example_dags/example_branch_labels.py took 0.160 seconds
[2026-08-21T23:04:01.945+0000] {processor.py:161} INFO - Started process (PID=2017) to work on /home/airflow/.local/lib/python3.8/site-packages/airflow/example_dags/example_branch_labels.py
[2026-08-21T23:04:01.951+0000] {processor.py:830} INFO - Processing file /home/airflow/.local/lib/python3.8/site-packages/airflow/example_dags/example_branch_labels.py for tasks to queue
[2026-08-21T23:04:01.954+0000] {logging_mixin.py:188} INFO - [2026-08-21T23:04:01.954+0000] {dagbag.py:540} INFO - Filling up the DagBag from /home/airflow/.local/lib/python3.8/site-packages/airflow/example_dags/example_branch_labels.py
[2026-08-21T23:04:01.976+0000] {processor.py:840} INFO - DAG(s) 'example_branch_labels' retrieved from /home/airflow/.local/lib/python3.8/site-packages/airflow/example_dags/example_branch_labels.py
[2026-08-21T23:04:02.007+0000] {logging_mixin.py:188} INFO - [2026-08-21T23:04:02.007+0000] {dag.py:3047} INFO - Sync 1 DAGs
[2026-08-21T23:04:02.041+0000] {logging_mixin.py:188} INFO - [2026-08-21T23:04:02.041+0000] {dag.py:3834} INFO - Setting next_dagrun for example_branch_labels to 2026-08-20 00:00:00+00:00, run_after=2026-08-21 00:00:00+00:00
[2026-08-21T23:04:02.067+0000] {processor.py:183} INFO - Processing /home/airflow/.local/lib/python3.8/site-packages/airflow/example_dags/example_branch_labels.py took 0.129 seconds
[2026-08-21T23:04:32.672+0000] {processor.py:161} INFO - Started process (PID=2074) to work on /home/airflow/.local/lib/python3.8/site-packages/airflow/example_dags/example_branch_labels.py
[2026-08-21T23:04:32.674+0000] {processor.py:830} INFO - Processing file /home/airflow/.local/lib/python3.8/site-packages/airflow/example_dags/example_branch_labels.py for tasks to queue
[2026-08-21T23:04:32.678+0000] {logging_mixin.py:188} INFO - [2026-08-21T23:04:32.677+0000] {dagbag.py:540} INFO - Filling up the DagBag from /home/airflow/.local/lib/python3.8/site-packages/airflow/example_dags/example_branch_labels.py
[2026-08-21T23:04:32.690+0000] {processor.py:840} INFO - DAG(s) 'example_branch_labels' retrieved from /home/airflow/.local/lib/python3.8/site-packages/airflow/example_dags/example_branch_labels.py
[2026-08-21T23:04:32.722+0000] {logging_mixin.py:188} INFO - [2026-08-21T23:04:32.722+0000] {dag.py:3047} INFO - Sync 1 DAGs
[2026-08-21T23:04:32.752+0000] {logging_mixin.py:188} INFO - [2026-08-21T23:04:32.751+0000] {dag.py:3834} INFO - Setting next_dagrun for example_branch_labels to 2026-08-20 00:00:00+00:00, run_after=2026-08-21 00:00:00+00:00
[2026-08-21T23:04:32.777+0000] {processor.py:183} INFO - Processing /home/airflow/.local/lib/python3.8/site-packages/airflow/example_dags/example_branch_labels.py took 0.110 seconds
[2026-08-21T23:05:02.985+0000] {processor.py:161} INFO - Started process (PID=2131) to work on /home/airflow/.local/lib/python3.8/site-packages/airflow/example_dags/example_branch_labels.py
[2026-08-21T23:05:02.987+0000] {processor.py:830} INFO - Processing file /home/airflow/.local/lib/python3.8/site-packages/airflow/example_dags/example_branch_labels.py for tasks to queue
[2026-08-21T23:05:02.991+0000] {logging_mixin.py:188} INFO - [2026-08-21T23:05:02.991+0000] {dagbag.py:540} INFO - Filling up the DagBag from /home/airflow/.local/lib/python3.8/site-packages/airflow/example_dags/example_branch_labels.py
[2026-08-21T23:05:03.003+0000] {processor.py:840} INFO - DAG(s) 'example_branch_labels' retrieved from /home/airflow/.local/lib/python3.8/site-packages/airflow/example_dags/example_branch_labels.py
[2026-08-21T23:05:03.028+0000] {logging_mixin.py:188} INFO - [2026-08-21T23:05:03.028+0000] {dag.py:3047} INFO - Sync 1 DAGs
[2026-08-21T23:05:03.058+0000] {logging_mixin.py:188} INFO - [2026-08-21T23:05:03.057+0000] {dag.py:3834} INFO - Setting next_dagrun for example_branch_labels to 2026-08-20 00:00:00+00:00, run_after=2026-08-21 00:00:00+00:00
[2026-08-21T23:05:03.085+0000] {processor.py:183} INFO - Processing /home/airflow/.local/lib/python3.8/site-packages/airflow/example_dags/example_branch_labels.py took 0.106 seconds
[2026-08-21T23:05:33.242+0000] {processor.py:161} INFO - Started process (PID=2188) to work on /home/airflow/.local/lib/python3.8/site-packages/airflow/example_dags/example_branch_labels.py
[2026-08-21T23:05:33.245+0000] {processor.py:830} INFO - Processing file /home/airflow/.local/lib/python3.8/site-packages/airflow/example_dags/example_branch_labels.py for tasks to queue
[2026-08-21T23:05:33.248+0000] {logging_mixin.py:188} INFO - [2026-08-21T23:05:33.248+0000] {dagbag.py:540} INFO - Filling up the DagBag from /home/airflow/.local/lib/python3.8/site-packages/airflow/example_dags/example_branch_labels.py
[2026-08-21T23:05:33.258+0000] {processor.py:840} INFO - DAG(s) 'example_branch_labels' retrieved from /home/airflow/.local/lib/python3.8/site-packages/airflow/example_dags/example_branch_labels.py
[2026-08-21T23:05:33.284+0000] {logging_mixin.py:188} INFO - [2026-08-21T23:05:33.284+0000] {dag.py:3047} INFO - Sync 1 DAGs
[2026-08-21T23:05:33.310+0000] {logging_mixin.py:188} INFO - [2026-08-21T23:05:33.310+0000] {dag.py:3834} INFO - Setting next_dagrun for example_branch_labels to 2026-08-20 00:00:00+00:00, run_after=2026-08-21 00:00:00+00:00
[2026-08-21T23:05:33.333+0000] {processor.py:183} INFO - Processing /home/airflow/.local/lib/python3.8/site-packages/airflow/example_dags/example_branch_labels.py took 0.094 seconds
[2026-08-21T23:06:03.748+0000] {processor.py:161} INFO - Started process (PID=2245) to work on /home/airflow/.local/lib/python3.8/site-packages/airflow/example_dags/example_branch_labels.py
[2026-08-21T23:06:03.750+0000] {processor.py:830} INFO - Processing file /home/airflow/.local/lib/python3.8/site-packages/airflow/example_dags/example_branch_labels.py for tasks to queue
[2026-08-21T23:06:03.754+0000] {logging_mixin.py:188} INFO - [2026-08-21T23:06:03.753+0000] {dagbag.py:540} INFO - Filling up the DagBag from /home/airflow/.local/lib/python3.8/site-packages/airflow/example_dags/example_branch_labels.py
[2026-08-21T23:06:03.764+0000] {processor.py:840} INFO - DAG(s) 'example_branch_labels' retrieved from /home/airflow/.local/lib/python3.8/site-packages/airflow/example_dags/example_branch_labels.py
[2026-08-21T23:06:03.796+0000] {logging_mixin.py:188} INFO - [2026-08-21T23:06:03.795+0000] {dag.py:3047} INFO - Sync 1 DAGs
[2026-08-21T23:06:03.827+0000] {logging_mixin.py:188} INFO - [2026-08-21T23:06:03.827+0000] {dag.py:3834} INFO - Setting next_dagrun for example_branch_labels to 2026-08-20 00:00:00+00:00, run_after=2026-08-21 00:00:00+00:00
[2026-08-21T23:06:03.854+0000] {processor.py:183} INFO - Processing /home/airflow/.local/lib/python3.8/site-packages/airflow/example_dags/example_branch_labels.py took 0.111 seconds
[2026-08-21T23:06:34.565+0000] {processor.py:161} INFO - Started process (PID=2302) to work on /home/airflow/.local/lib/python3.8/site-packages/airflow/example_dags/example_branch_labels.py
[2026-08-21T23:06:34.568+0000] {processor.py:830} INFO - Processing file /home/airflow/.local/lib/python3.8/site-packages/airflow/example_dags/example_branch_labels.py for tasks to queue
[2026-08-21T23:06:34.571+0000] {logging_mixin.py:188} INFO - [2026-08-21T23:06:34.571+0000] {dagbag.py:540} INFO - Filling up the DagBag from /home/airflow/.local/lib/python3.8/site-packages/airflow/example_dags/example_branch_labels.py
[2026-08-21T23:06:34.584+0000] {processor.py:840} INFO - DAG(s) 'example_branch_labels' retrieved from /home/airflow/.local/lib/python3.8/site-packages/airflow/example_dags/example_branch_labels.py
[2026-08-21T23:06:34.613+0000] {logging_mixin.py:188} INFO - [2026-08-21T23:06:34.612+0000] {dag.py:3047} INFO - Sync 1 DAGs
[2026-08-21T23:06:34.640+0000] {logging_mixin.py:188} INFO - [2026-08-21T23:06:34.640+0000] {dag.py:3834} INFO - Setting next_dagrun for example_branch_labels to 2026-08-20 00:00:00+00:00, run_after=2026-08-21 00:00:00+00:00
[2026-08-21T23:06:34.667+0000] {processor.py:183} INFO - Processing /home/airflow/.local/lib/python3.8/site-packages/airflow/example_dags/example_branch_labels.py took 0.107 seconds
[2026-08-21T23:07:04.973+0000] {processor.py:161} INFO - Started process (PID=2359) to work on /home/airflow/.local/lib/python3.8/site-packages/airflow/example_dags/example_branch_labels.py
[2026-08-21T23:07:04.975+0000] {processor.py:830} INFO - Processing file /home/airflow/.local/lib/python3.8/site-packages/airflow/example_dags/example_branch_labels.py for tasks to queue
[2026-08-21T23:07:04.978+0000] {logging_mixin.py:188} INFO - [2026-08-21T23:07:04.977+0000] {dagbag.py:540} INFO - Filling up the DagBag from /home/airflow/.local/lib/python3.8/site-packages/airflow/example_dags/example_branch_labels.py
[2026-08-21T23:07:04.987+0000] {processor.py:840} INFO - DAG(s) 'example_branch_labels' retrieved from /home/airflow/.local/lib/python3.8/site-packages/airflow/example_dags/example_branch_labels.py
[2026-08-21T23:07:05.011+0000] {logging_mixin.py:188} INFO - [2026-08-21T23:07:05.011+0000] {dag.py:3047} INFO - Sync 1 DAGs
[2026-08-21T23:07:05.040+0000] {logging_mixin.py:188} INFO - [2026-08-21T23:07:05.040+0000] {dag.py:3834} INFO - Setting next_dagrun for example_branch_labels to 2026-08-20 00:00:00+00:00, run_after=2026-08-21 00:00:00+00:00
[2026-08-21T23:07:05.065+0000] {processor.py:183} INFO - Processing /home/airflow/.local/lib/python3.8/site-packages/airflow/example_dags/example_branch_labels.py took 0.096 seconds
[2026-08-21T23:07:35.566+0000] {processor.py:161} INFO - Started process (PID=2416) to work on /home/airflow/.local/lib/python3.8/site-packages/airflow/example_dags/example_branch_labels.py
[2026-08-21T23:07:35.568+0000] {processor.py:830} INFO - Processing file /home/airflow/.local/lib/python3.8/site-packages/airflow/example_dags/example_branch_labels.py for tasks to queue
[2026-08-21T23:07:35.574+0000] {logging_mixin.py:188} INFO - [2026-08-21T23:07:35.573+0000] {dagbag.py:540} INFO - Filling up the DagBag from /home/airflow/.local/lib/python3.8/site-packages/airflow/example_dags/example_branch_labels.py
[2026-08-21T23:07:35.587+0000] {processor.py:840} INFO - DAG(s) 'example_branch_labels' retrieved from /home/airflow/.local/lib/python3.8/site-packages/airflow/example_dags/example_branch_labels.py
[2026-08-21T23:07:35.625+0000] {logging_mixin.py:188} INFO - [2026-08-21T23:07:35.625+0000] {dag.py:3047} INFO - Sync 1 DAGs
[2026-08-21T23:07:35.659+0000] {logging_mixin.py:188} INFO - [2026-08-21T23:07:35.659+0000] {dag.py:3834} INFO - Setting next_dagrun for example_branch_labels to 2026-08-20 00:00:00+00:00, run_after=2026-08-21 00:00:00+00:00
[2026-08-21T23:07:35.689+0000] {processor.py:183} INFO - Processing /home/airflow/.local/lib/python3.8/site-packages/airflow/example_dags/example_branch_labels.py took 0.129 seconds
[2026-08-21T23:08:05.922+0000] {processor.py:161} INFO - Started process (PID=2475) to work on /home/airflow/.local/lib/python3.8/site-packages/airflow/example_dags/example_branch_labels.py
[2026-08-21T23:08:05.924+0000] {processor.py:830} INFO - Processing file /home/airflow/.local/lib/python3.8/site-packages/airflow/example_dags/example_branch_labels.py for tasks to queue
[2026-08-21T23:08:05.928+0000] {logging_mixin.py:188} INFO - [2026-08-21T23:08:05.927+0000] {dagbag.py:540} INFO - Filling up the DagBag from /home/airflow/.local/lib/python3.8/site-packages/airflow/example_dags/example_branch_labels.py
[2026-08-21T23:08:05.938+0000] {processor.py:840} INFO - DAG(s) 'example_branch_labels' retrieved from /home/airflow/.local/lib/python3.8/site-packages/airflow/example_dags/example_branch_labels.py
[2026-08-21T23:08:05.994+0000] {logging_mixin.py:188} INFO - [2026-08-21T23:08:05.994+0000] {dag.py:3047} INFO - Sync 1 DAGs
[2026-08-21T23:08:06.087+0000] {logging_mixin.py:188} INFO - [2026-08-21T23:08:06.086+0000] {dag.py:3834} INFO - Setting next_dagrun for example_branch_labels to 2026-08-20 00:00:00+00:00, run_after=2026-08-21 00:00:00+00:00
[2026-08-21T23:08:06.146+0000] {processor.py:183} INFO - Processing /home/airflow/.local/lib/python3.8/site-packages/airflow/example_dags/example_branch_labels.py took 0.231 seconds
