[2026-08-21T22:46:46.627+0000] {processor.py:161} INFO - Started process (PID=98) to work on /home/airflow/.local/lib/python3.8/site-packages/airflow/example_dags/example_local_kubernetes_executor.py
[2026-08-21T22:46:46.629+0000] {processor.py:830} INFO - Processing file /home/airflow/.local/lib/python3.8/site-packages/airflow/example_dags/example_local_kubernetes_executor.py for tasks to queue
[2026-08-21T22:46:46.632+0000] {logging_mixin.py:188} INFO - [2026-08-21T22:46:46.631+0000] {dagbag.py:540} INFO - Filling up the DagBag from /home/airflow/.local/lib/python3.8/site-packages/airflow/example_dags/example_local_kubernetes_executor.py
[2026-08-21T22:46:46.650+0000] {processor.py:840} INFO - DAG(s) 'example_local_kubernetes_executor' retrieved from /home/airflow/.local/lib/python3.8/site-packages/airflow/example_dags/example_local_kubernetes_executor.py
[2026-08-21T22:46:46.821+0000] {logging_mixin.py:188} INFO - [2026-08-21T22:46:46.820+0000] {dag.py:3047} INFO - Sync 1 DAGs
[2026-08-21T22:46:46.836+0000] {logging_mixin.py:188} INFO - [2026-08-21T22:46:46.836+0000] {dag.py:3834} INFO - Setting next_dagrun for example_local_kubernetes_executor to None, run_after=None
[2026-08-21T22:46:46.860+0000] {processor.py:183} INFO - Processing /home/airflow/.local/lib/python3.8/site-packages/airflow/example_dags/example_local_kubernetes_executor.py took 0.238 seconds
[2026-08-21T22:47:17.701+0000] {processor.py:161} INFO - Started process (PID=155) to work on /home/airflow/.local/lib/python3.8/site-packages/airflow/example_dags/example_local_kubernetes_executor.py
[2026-08-21T22:47:17.702+0000] {processor.py:830} INFO - Processing file /home/airflow/.local/lib/python3.8/site-packages/airflow/example_dags/example_local_kubernetes_executor.py for tasks to queue
[2026-08-21T22:47:17.706+0000] {logging_mixin.py:188} INFO - [2026-08-21T22:47:17.705+0000] {dagbag.py:540} INFO - Filling up the DagBag from /home/airflow/.local/lib/python3.8/site-packages/airflow/example_dags/example_local_kubernetes_executor.py
[2026-08-21T22:47:17.724+0000] {processor.py:840} INFO - DAG(s) 'example_local_kubernetes_executor' retrieved from /home/airflow/.local/lib/python3.8/site-packages/airflow/example_dags/example_local_kubernetes_executor.py
[2026-08-21T22:47:17.799+0000] {logging_mixin.py:188} INFO - [2026-08-21T22:47:17.799+0000] {dag.py:3047} INFO - Sync 1 DAGs
[2026-08-21T22:47:17.820+0000] {logging_mixin.py:188} INFO - [2026-08-21T22:47:17.820+0000] {dag.py:3834} INFO - Setting next_dagrun for example_local_kubernetes_executor to None, run_after=None
[2026-08-21T22:47:17.852+0000] {processor.py:183} INFO - Processing /home/airflow/.local/lib/python3.8/site-packages/airflow/example_dags/example_local_kubernetes_executor.py took 0.160 seconds
[2026-08-21T22:47:48.376+0000] {processor.py:161} INFO - Started process (PID=212) to work on /home/airflow/.local/lib/python3.8/site-packages/airflow/example_dags/example_local_kubernetes_executor.py
[2026-08-21T22:47:48.380+0000] {processor.py:830} INFO - Processing file /home/airflow/.local/lib/python3.8/site-packages/airflow/example_dags/example_local_kubernetes_executor.py for tasks to queue
[2026-08-21T22:47:48.391+0000] {logging_mixin.py:188} INFO - [2026-08-21T22:47:48.391+0000] {dagbag.py:540} INFO - Filling up the DagBag from /home/airflow/.local/lib/python3.8/site-packages/airflow/example_dags/example_local_kubernetes_executor.py
[2026-08-21T22:47:48.408+0000] {processor.py:840} INFO - DAG(s) 'example_local_kubernetes_executor' retrieved from /home/airflow/.local/lib/python3.8/site-packages/airflow/example_dags/example_local_kubernetes_executor.py
[2026-08-21T22:47:48.468+0000] {logging_mixin.py:188} INFO - [2026-08-21T22:47:48.467+0000] {dag.py:3047} INFO - Sync 1 DAGs
[2026-08-21T22:47:48.486+0000] {logging_mixin.py:188} INFO - [2026-08-21T22:47:48.486+0000] {dag.py:3834} INFO - Setting next_dagrun for example_local_kubernetes_executor to None, run_after=None
[2026-08-21T22:47:48.535+0000] {processor.py:183} INFO - Processing /home/airflow/.local/lib/python3.8/site-packages/airflow/example_dags/example_local_kubernetes_executor.py took 0.165 seconds
[2026-08-21T22:48:18.929+0000] {processor.py:161} INFO - Started process (PID=269) to work on /home/airflow/.local/lib/python3.8/site-packages/airflow/example_dags/example_local_kubernetes_executor.py
[2026-08-21T22:48:18.931+0000] {processor.py:830} INFO - Processing file /home/airflow/.local/lib/python3.8/site-packages/airflow/example_dags/example_local_kubernetes_executor.py for tasks to queue
[2026-08-21T22:48:18.933+0000] {logging_mixin.py:188} INFO - [2026-08-21T22:48:18.933+0000] {dagbag.py:540} INFO - Filling up the DagBag from /home/airflow/.local/lib/python3.8/site-packages/airflow/example_dags/example_local_kubernetes_executor.py
[2026-08-21T22:48:18.943+0000] {processor.py:840} INFO - DAG(s) 'example_local_kubernetes_executor' retrieved from /home/airflow/.local/lib/python3.8/site-packages/airflow/example_dags/example_local_kubernetes_executor.py
[2026-08-21T22:48:18.991+0000] {logging_mixin.py:188} INFO - [2026-08-21T22:48:18.991+0000] {dag.py:3047} INFO - Sync 1 DAGs
[2026-08-21T22:48:19.008+0000] {logging_mixin.py:188} INFO - [2026-08-21T22:48:19.007+0000] {dag.py:3834} INFO - Setting next_dagrun for example_local_kubernetes_executor to None, run_after=None
[2026-08-21T22:48:19.030+0000] {processor.py:183} INFO - Processing /home/airflow/.local/lib/python3.8/site-packages/airflow/example_dags/example_local_kubernetes_executor.py took 0.105 seconds
[2026-08-21T22:48:49.786+0000] {processor.py:161} INFO - Started process (PID=326) to work on /home/airflow/.local/lib/python3.8/site-packages/airflow/example_dags/example_local_kubernetes_executor.py
[2026-08-21T22:48:49.789+0000] {processor.py:830} INFO - Processing file /home/airflow/.local/lib/python3.8/site-packages/airflow/example_dags/example_local_kubernetes_executor.py for tasks to queue
[2026-08-21T22:48:49.792+0000] {logging_mixin.py:188} INFO - [2026-08-21T22:48:49.792+0000] {dagbag.py:540} INFO - Filling up the DagBag from /home/airflow/.local/lib/python3.8/site-packages/airflow/example_dags/example_local_kubernetes_executor.py
[2026-08-21T22:48:49.801+0000] {processor.py:840} INFO - DAG(s) 'example_local_kubernetes_executor' retrieved from /home/airflow/.local/lib/python3.8/site-packages/airflow/example_dags/example_local_kubernetes_executor.py
[2026-08-21T22:48:49.850+0000] {logging_mixin.py:188} INFO - [2026-08-21T22:48:49.850+0000] {dag.py:3047} INFO - Sync 1 DAGs
[2026-08-21T22:48:49.865+0000] {logging_mixin.py:188} INFO - [2026-08-21T22:48:49.865+0000] {dag.py:3834} INFO - Setting next_dagrun for example_local_kubernetes_executor to None, run_after=None
[2026-08-21T22:48:49.886+0000] {processor.py:183} INFO - Processing /home/airflow/.local/lib/python3.8/site-packages/airflow/example_dags/example_local_kubernetes_executor.py took 0.104 seconds
[2026-08-21T22:49:20.176+0000] {processor.py:161} INFO - Started process (PID=383) to work on /home/airflow/.local/lib/python3.8/site-packages/airflow/example_dags/example_local_kubernetes_executor.py
[2026-08-21T22:49:20.178+0000] {processor.py:830} INFO - Processing file /home/airflow/.local/lib/python3.8/site-packages/airflow/example_dags/example_local_kubernetes_executor.py for tasks to queue
[2026-08-21T22:49:20.180+0000] {logging_mixin.py:188} INFO - [2026-08-21T22:49:20.180+0000] {dagbag.py:540} INFO - Filling up the DagBag from /home/airflow/.local/lib/python3.8/site-packages/airflow/example_dags/example_local_kubernetes_executor.py
[2026-08-21T22:49:20.191+0000] {processor.py:840} INFO - DAG(s) 'example_local_kubernetes_executor' retrieved from /home/airflow/.local/lib/python3.8/site-packages/airflow/example_dags/example_local_kubernetes_executor.py
[2026-08-21T22:49:20.243+0000] {logging_mixin.py:188} INFO - [2026-08-21T22:49:20.243+0000] {dag.py:3047} INFO - Sync 1 DAGs
[2026-08-21T22:49:20.263+0000] {logging_mixin.py:188} INFO - [2026-08-21T22:49:20.263+0000] {dag.py:3834} INFO - Setting next_dagrun for example_local_kubernetes_executor to None, run_after=None
[2026-08-21T22:49:20.288+0000] {processor.py:183} INFO - Processing /home/airflow/.local/lib/python3.8/site-packages/airflow/example_dags/example_local_kubernetes_executor.py took 0.115 seconds
[2026-08-21T22:49:50.747+0000] {processor.py:161} INFO - Started process (PID=440) to work on /home/airflow/.local/lib/python3.8/site-packages/airflow/example_dags/example_local_kubernetes_executor.py
[2026-08-21T22:49:50.750+0000] {processor.py:830} INFO - Processing file /home/airflow/.local/lib/python3.8/site-packages/airflow/example_dags/example_local_kubernetes_executor.py for tasks to queue
[2026-08-21T22:49:50.752+0000] {logging_mixin.py:188} INFO - [2026-08-21T22:49:50.752+0000] {dagbag.py:540} INFO - Filling up the DagBag from /home/airflow/.local/lib/python3.8/site-packages/airflow/example_dags/example_local_kubernetes_executor.py
[2026-08-21T22:49:50.762+0000] {processor.py:840} INFO - DAG(s) 'example_local_kubernetes_executor' retrieved from /home/airflow/.local/lib/python3.8/site-packages/airflow/example_dags/example_local_kubernetes_executor.py
[2026-08-21T22:49:50.804+0000] {logging_mixin.py:188} INFO - [2026-08-21T22:49:50.804+0000] {dag.py:3047} INFO - Sync 1 DAGs
[2026-08-21T22:49:50.821+0000] {logging_mixin.py:188} INFO - [2026-08-21T22:49:50.821+0000] {dag.py:3834} INFO - Setting next_dagrun for example_local_kubernetes_executor to None, run_after=None
[2026-08-21T22:49:50.843+0000] {processor.py:183} INFO - Processing /home/airflow/.local/lib/python3.8/site-packages/airflow/example_dags/example_local_kubernetes_executor.py took 0.100 seconds
[2026-08-21T22:50:21.231+0000] {processor.py:161} INFO - Started process (PID=497) to work on /home/airflow/.local/lib/python3.8/site-packages/airflow/example_dags/example_local_kubernetes_executor.py
[2026-08-21T22:50:21.233+0000] {processor.py:830} INFO - Processing file /home/airflow/.local/lib/python3.8/site-packages/airflow/example_dags/example_local_kubernetes_executor.py for tasks to queue
[2026-08-21T22:50:21.236+0000] {logging_mixin.py:188} INFO - [2026-08-21T22:50:21.235+0000] {dagbag.py:540} INFO - Filling up the DagBag from /home/airflow/.local/lib/python3.8/site-packages/airflow/example_dags/example_local_kubernetes_executor.py
[2026-08-21T22:50:21.244+0000] {processor.py:840} INFO - DAG(s) 'example_local_kubernetes_executor' retrieved from /home/airflow/.local/lib/python3.8/site-packages/airflow/example_dags/example_local_kubernetes_executor.py
[2026-08-21T22:50:21.290+0000] {logging_mixin.py:188} INFO - [2026-08-21T22:50:21.290+0000] {dag.py:3047} INFO - Sync 1 DAGs
[2026-08-21T22:50:21.310+0000] {logging_mixin.py:188} INFO - [2026-08-21T22:50:21.310+0000] {dag.py:3834} INFO - Setting next_dagrun for example_local_kubernetes_executor to None, run_after=None
[2026-08-21T22:50:21.338+0000] {processor.py:183} INFO - Processing /home/airflow/.local/lib/python3.8/site-packages/airflow/example_dags/example_local_kubernetes_executor.py took 0.111 seconds
[2026-08-21T22:50:52.280+0000] {processor.py:161} INFO - Started process (PID=554) to work on /home/airflow/.local/lib/python3.8/site-packages/airflow/example_dags/example_local_kubernetes_executor.py
[2026-08-21T22:50:52.282+0000] {processor.py:830} INFO - Processing file /home/airflow/.local/lib/python3.8/site-packages/airflow/example_dags/example_local_kubernetes_executor.py for tasks to queue
[2026-08-21T22:50:52.285+0000] {logging_mixin.py:188} INFO - [2026-08-21T22:50:52.285+0000] {dagbag.py:540} INFO - Filling up the DagBag from /home/airflow/.local/lib/python3.8/site-packages/airflow/example_dags/example_local_kubernetes_executor.py
[2026-08-21T22:50:52.300+0000] {processor.py:840} INFO - DAG(s) 'example_local_kubernetes_executor' retrieved from /home/airflow/.local/lib/python3.8/site-packages/airflow/example_dags/example_local_kubernetes_executor.py
[2026-08-21T22:50:52.354+0000] {logging_mixin.py:188} INFO - [2026-08-21T22:50:52.353+0000] {dag.py:3047} INFO - Sync 1 DAGs
[2026-08-21T22:50:52.371+0000] {logging_mixin.py:188} INFO - [2026-08-21T22:50:52.371+0000] {dag.py:3834} INFO - Setting next_dagrun for example_local_kubernetes_executor to None, run_after=None
[2026-08-21T22:50:52.396+0000] {processor.py:183} INFO - Processing /home/airflow/.local/lib/python3.8/site-packages/airflow/example_dags/example_local_kubernetes_executor.py took 0.121 seconds
[2026-08-21T22:51:22.678+0000] {processor.py:161} INFO - Started process (PID=611) to work on /home/airflow/.local/lib/python3.8/site-packages/airflow/example_dags/example_local_kubernetes_executor.py
[2026-08-21T22:51:22.680+0000] {processor.py:830} INFO - Processing file /home/airflow/.local/lib/python3.8/site-packages/airflow/example_dags/example_local_kubernetes_executor.py for tasks to queue
[2026-08-21T22:51:22.683+0000] {logging_mixin.py:188} INFO - [2026-08-21T22:51:22.683+0000] {dagbag.py:540} INFO - Filling up the DagBag from /home/airflow/.local/lib/python3.8/site-packages/airflow/example_dags/example_local_kubernetes_executor.py
[2026-08-21T22:51:22.697+0000] {processor.py:840} INFO - DAG(s) 'example_local_kubernetes_executor' retrieved from /home/airflow/.local/lib/python3.8/site-packages/airflow/example_dags/example_local_kubernetes_executor.py
[2026-08-21T22:51:22.742+0000] {logging_mixin.py:188} INFO - [2026-08-21T22:51:22.742+0000] {dag.py:3047} INFO - Sync 1 DAGs
[2026-08-21T22:51:22.756+0000] {logging_mixin.py:188} INFO - [2026-08-21T22:51:22.756+0000] {dag.py:3834} INFO - Setting next_dagrun for example_local_kubernetes_executor to None, run_after=None
[2026-08-21T22:51:22.780+0000] {processor.py:183} INFO - Processing /home/airflow/.local/lib/python3.8/site-packages/airflow/example_dags/example_local_kubernetes_executor.py took 0.106 seconds
[2026-08-21T22:51:53.739+0000] {processor.py:161} INFO - Started process (PID=668) to work on /home/airflow/.local/lib/python3.8/site-packages/airflow/example_dags/example_local_kubernetes_executor.py
[2026-08-21T22:51:53.742+0000] {processor.py:830} INFO - Processing file /home/airflow/.local/lib/python3.8/site-packages/airflow/example_dags/example_local_kubernetes_executor.py for tasks to queue
[2026-08-21T22:51:53.746+0000] {logging_mixin.py:188} INFO - [2026-08-21T22:51:53.745+0000] {dagbag.py:540} INFO - Filling up the DagBag from /home/airflow/.local/lib/python3.8/site-packages/airflow/example_dags/example_local_kubernetes_executor.py
[2026-08-21T22:51:53.758+0000] {processor.py:840} INFO - DAG(s) 'example_local_kubernetes_executor' retrieved from /home/airflow/.local/lib/python3.8/site-packages/airflow/example_dags/example_local_kubernetes_executor.py
[2026-08-21T22:51:53.810+0000] {logging_mixin.py:188} INFO - [2026-08-21T22:51:53.810+0000] {dag.py:3047} INFO - Sync 1 DAGs
[2026-08-21T22:51:53.826+0000] {logging_mixin.py:188} INFO - [2026-08-21T22:51:53.825+0000] {dag.py:3834} INFO - Setting next_dagrun for example_local_kubernetes_executor to None, run_after=None
[2026-08-21T22:51:53.850+0000] {processor.py:183} INFO - Processing /home/airflow/.local/lib/python3.8/site-packages/airflow/example_dags/example_local_kubernetes_executor.py took 0.116 seconds
[2026-08-21T22:52:23.959+0000] {processor.py:161} INFO - Started process (PID=723) to work on /home/airflow/.local/lib/python3.8/site-packages/airflow/example_dags/example_local_kubernetes_executor.py
[2026-08-21T22:52:23.961+0000] {processor.py:830} INFO - Processing file /home/airflow/.local/lib/python3.8/site-packages/airflow/example_dags/example_local_kubernetes_executor.py for tasks to queue
[2026-08-21T22:52:23.964+0000] {logging_mixin.py:188} INFO - [2026-08-21T22:52:23.964+0000] {dagbag.py:540} INFO - Filling up the DagBag from /home/airflow/.local/lib/python3.8/site-packages/airflow/example_dags/example_local_kubernetes_executor.py
[2026-08-21T22:52:23.977+0000] {processor.py:840} INFO - DAG(s) 'example_local_kubernetes_executor' retrieved from /home/airflow/.local/lib/python3.8/site-packages/airflow/example_dags/example_local_kubernetes_executor.py
[2026-08-21T22:52:24.032+0000] {logging_mixin.py:188} INFO - [2026-08-21T22:52:24.031+0000] {dag.py:3047} INFO - Sync 1 DAGs
[2026-08-21T22:52:24.054+0000] {logging_mixin.py:188} INFO - [2026-08-21T22:52:24.054+0000] {dag.py:3834} INFO - Setting next_dagrun for example_local_kubernetes_executor to None, run_after=None
[2026-08-21T22:52:24.080+0000] {processor.py:183} INFO - Processing /home/airflow/.local/lib/python3.8/site-packages/airflow/example_dags/example_local_kubernetes_executor.py took 0.128 seconds
[2026-08-21T22:52:54.534+0000] {processor.py:161} INFO - Started process (PID=780) to work on /home/airflow/.local/lib/python3.8/site-packages/airflow/example_dags/example_local_kubernetes_executor.py
[2026-08-21T22:52:54.537+0000] {processor.py:830} INFO - Processing file /home/airflow/.local/lib/python3.8/site-packages/airflow/example_dags/example_local_kubernetes_executor.py for tasks to queue
[2026-08-21T22:52:54.546+0000] {logging_mixin.py:188} INFO - [2026-08-21T22:52:54.544+0000] {dagbag.py:540} INFO - Filling up the DagBag from /home/airflow/.local/lib/python3.8/site-packages/airflow/example_dags/example_local_kubernetes_executor.py
[2026-08-21T22:52:54.567+0000] {processor.py:840} INFO - DAG(s) 'example_local_kubernetes_executor' retrieved from /home/airflow/.local/lib/python3.8/site-packages/airflow/example_dags/example_local_kubernetes_executor.py
[2026-08-21T22:52:54.614+0000] {logging_mixin.py:188} INFO - [2026-08-21T22:52:54.614+0000] {dag.py:3047} INFO - Sync 1 DAGs
[2026-08-21T22:52:54.631+0000] {logging_mixin.py:188} INFO - [2026-08-21T22:52:54.631+0000] {dag.py:3834} INFO - Setting next_dagrun for example_local_kubernetes_executor to None, run_after=None
[2026-08-21T22:52:54.654+0000] {processor.py:183} INFO - Processing /home/airflow/.local/lib/python3.8/site-packages/airflow/example_dags/example_local_kubernetes_executor.py took 0.125 seconds
[2026-08-21T22:53:24.985+0000] {processor.py:161} INFO - Started process (PID=837) to work on /home/airflow/.local/lib/python3.8/site-packages/airflow/example_dags/example_local_kubernetes_executor.py
[2026-08-21T22:53:24.986+0000] {processor.py:830} INFO - Processing file /home/airflow/.local/lib/python3.8/site-packages/airflow/example_dags/example_local_kubernetes_executor.py for tasks to queue
[2026-08-21T22:53:24.989+0000] {logging_mixin.py:188} INFO - [2026-08-21T22:53:24.989+0000] {dagbag.py:540} INFO - Filling up the DagBag from /home/airflow/.local/lib/python3.8/site-packages/airflow/example_dags/example_local_kubernetes_executor.py
[2026-08-21T22:53:24.999+0000] {processor.py:840} INFO - DAG(s) 'example_local_kubernetes_executor' retrieved from /home/airflow/.local/lib/python3.8/site-packages/airflow/example_dags/example_local_kubernetes_executor.py
[2026-08-21T22:53:25.043+0000] {logging_mixin.py:188} INFO - [2026-08-21T22:53:25.042+0000] {dag.py:3047} INFO - Sync 1 DAGs
[2026-08-21T22:53:25.057+0000] {logging_mixin.py:188} INFO - [2026-08-21T22:53:25.057+0000] {dag.py:3834} INFO - Setting next_dagrun for example_local_kubernetes_executor to None, run_after=None
[2026-08-21T22:53:25.078+0000] {processor.py:183} INFO - Processing /home/airflow/.local/lib/python3.8/site-packages/airflow/example_dags/example_local_kubernetes_executor.py took 0.097 seconds
[2026-08-21T22:53:55.588+0000] {processor.py:161} INFO - Started process (PID=894) to work on /home/airflow/.local/lib/python3.8/site-packages/airflow/example_dags/example_local_kubernetes_executor.py
[2026-08-21T22:53:55.589+0000] {processor.py:830} INFO - Processing file /home/airflow/.local/lib/python3.8/site-packages/airflow/example_dags/example_local_kubernetes_executor.py for tasks to queue
[2026-08-21T22:53:55.591+0000] {logging_mixin.py:188} INFO - [2026-08-21T22:53:55.591+0000] {dagbag.py:540} INFO - Filling up the DagBag from /home/airflow/.local/lib/python3.8/site-packages/airflow/example_dags/example_local_kubernetes_executor.py
[2026-08-21T22:53:55.601+0000] {processor.py:840} INFO - DAG(s) 'example_local_kubernetes_executor' retrieved from /home/airflow/.local/lib/python3.8/site-packages/airflow/example_dags/example_local_kubernetes_executor.py
[2026-08-21T22:53:55.642+0000] {logging_mixin.py:188} INFO - [2026-08-21T22:53:55.642+0000] {dag.py:3047} INFO - Sync 1 DAGs
[2026-08-21T22:53:55.662+0000] {logging_mixin.py:188} INFO - [2026-08-21T22:53:55.661+0000] {dag.py:3834} INFO - Setting next_dagrun for example_local_kubernetes_executor to None, run_after=None
[2026-08-21T22:53:55.684+0000] {processor.py:183} INFO - Processing /home/airflow/.local/lib/python3.8/site-packages/airflow/example_dags/example_local_kubernetes_executor.py took 0.101 seconds
[2026-08-21T22:54:25.820+0000] {processor.py:161} INFO - Started process (PID=951) to work on /home/airflow/.local/lib/python3.8/site-packages/airflow/example_dags/example_local_kubernetes_executor.py
[2026-08-21T22:54:25.822+0000] {processor.py:830} INFO - Processing file /home/airflow/.local/lib/python3.8/site-packages/airflow/example_dags/example_local_kubernetes_executor.py for tasks to queue
[2026-08-21T22:54:25.825+0000] {logging_mixin.py:188} INFO - [2026-08-21T22:54:25.825+0000] {dagbag.py:540} INFO - Filling up the DagBag from /home/airflow/.local/lib/python3.8/site-packages/airflow/example_dags/example_local_kubernetes_executor.py
[2026-08-21T22:54:25.839+0000] {processor.py:840} INFO - DAG(s) 'example_local_kubernetes_executor' retrieved from /home/airflow/.local/lib/python3.8/site-packages/airflow/example_dags/example_local_kubernetes_executor.py
[2026-08-21T22:54:25.892+0000] {logging_mixin.py:188} INFO - [2026-08-21T22:54:25.892+0000] {dag.py:3047} INFO - Sync 1 DAGs
[2026-08-21T22:54:25.915+0000] {logging_mixin.py:188} INFO - [2026-08-21T22:54:25.915+0000] {dag.py:3834} INFO - Setting next_dagrun for example_local_kubernetes_executor to None, run_after=None
[2026-08-21T22:54:25.942+0000] {processor.py:183} INFO - Processing /home/airflow/.local/lib/python3.8/site-packages/airflow/example_dags/example_local_kubernetes_executor.py took 0.129 seconds
[2026-08-21T22:54:56.358+0000] {processor.py:161} INFO - Started process (PID=1008) to work on /home/airflow/.local/lib/python3.8/site-packages/airflow/example_dags/example_local_kubernetes_executor.py
[2026-08-21T22:54:56.361+0000] {processor.py:830} INFO - Processing file /home/airflow/.local/lib/python3.8/site-packages/airflow/example_dags/example_local_kubernetes_executor.py for tasks to queue
[2026-08-21T22:54:56.364+0000] {logging_mixin.py:188} INFO - [2026-08-21T22:54:56.364+0000] {dagbag.py:540} INFO - Filling up the DagBag from /home/airflow/.local/lib/python3.8/site-packages/airflow/example_dags/example_local_kubernetes_executor.py
[2026-08-21T22:54:56.373+0000] {processor.py:840} INFO - DAG(s) 'example_local_kubernetes_executor' retrieved from /home/airflow/.local/lib/python3.8/site-packages/airflow/example_dags/example_local_kubernetes_executor.py
[2026-08-21T22:54:56.424+0000] {logging_mixin.py:188} INFO - [2026-08-21T22:54:56.424+0000] {dag.py:3047} INFO - Sync 1 DAGs
[2026-08-21T22:54:56.439+0000] {logging_mixin.py:188} INFO - [2026-08-21T22:54:56.439+0000] {dag.py:3834} INFO - Setting next_dagrun for example_local_kubernetes_executor to None, run_after=None
[2026-08-21T22:54:56.471+0000] {processor.py:183} INFO - Processing /home/airflow/.local/lib/python3.8/site-packages/airflow/example_dags/example_local_kubernetes_executor.py took 0.117 seconds
[2026-08-21T22:55:27.075+0000] {processor.py:161} INFO - Started process (PID=1065) to work on /home/airflow/.local/lib/python3.8/site-packages/airflow/example_dags/example_local_kubernetes_executor.py
[2026-08-21T22:55:27.077+0000] {processor.py:830} INFO - Processing file /home/airflow/.local/lib/python3.8/site-packages/airflow/example_dags/example_local_kubernetes_executor.py for tasks to queue
[2026-08-21T22:55:27.080+0000] {logging_mixin.py:188} INFO - [2026-08-21T22:55:27.080+0000] {dagbag.py:540} INFO - Filling up the DagBag from /home/airflow/.local/lib/python3.8/site-packages/airflow/example_dags/example_local_kubernetes_executor.py
[2026-08-21T22:55:27.091+0000] {processor.py:840} INFO - DAG(s) 'example_local_kubernetes_executor' retrieved from /home/airflow/.local/lib/python3.8/site-packages/airflow/example_dags/example_local_kubernetes_executor.py
[2026-08-21T22:55:27.135+0000] {logging_mixin.py:188} INFO - [2026-08-21T22:55:27.134+0000] {dag.py:3047} INFO - Sync 1 DAGs
[2026-08-21T22:55:27.151+0000] {logging_mixin.py:188} INFO - [2026-08-21T22:55:27.151+0000] {dag.py:3834} INFO - Setting next_dagrun for example_local_kubernetes_executor to None, run_after=None
[2026-08-21T22:55:27.175+0000] {processor.py:183} INFO - Processing /home/airflow/.local/lib/python3.8/site-packages/airflow/example_dags/example_local_kubernetes_executor.py took 0.104 seconds
[2026-08-21T22:55:57.343+0000] {processor.py:161} INFO - Started process (PID=1122) to work on /home/airflow/.local/lib/python3.8/site-packages/airflow/example_dags/example_local_kubernetes_executor.py
[2026-08-21T22:55:57.345+0000] {processor.py:830} INFO - Processing file /home/airflow/.local/lib/python3.8/site-packages/airflow/example_dags/example_local_kubernetes_executor.py for tasks to queue
[2026-08-21T22:55:57.347+0000] {logging_mixin.py:188} INFO - [2026-08-21T22:55:57.347+0000] {dagbag.py:540} INFO - Filling up the DagBag from /home/airflow/.local/lib/python3.8/site-packages/airflow/example_dags/example_local_kubernetes_executor.py
[2026-08-21T22:55:57.359+0000] {processor.py:840} INFO - DAG(s) 'example_local_kubernetes_executor' retrieved from /home/airflow/.local/lib/python3.8/site-packages/airflow/example_dags/example_local_kubernetes_executor.py
[2026-08-21T22:55:57.403+0000] {logging_mixin.py:188} INFO - [2026-08-21T22:55:57.403+0000] {dag.py:3047} INFO - Sync 1 DAGs
[2026-08-21T22:55:57.419+0000] {logging_mixin.py:188} INFO - [2026-08-21T22:55:57.419+0000] {dag.py:3834} INFO - Setting next_dagrun for example_local_kubernetes_executor to None, run_after=None
[2026-08-21T22:55:57.443+0000] {processor.py:183} INFO - Processing /home/airflow/.local/lib/python3.8/site-packages/airflow/example_dags/example_local_kubernetes_executor.py took 0.104 seconds
[2026-08-21T22:56:28.169+0000] {processor.py:161} INFO - Started process (PID=1179) to work on /home/airflow/.local/lib/python3.8/site-packages/airflow/example_dags/example_local_kubernetes_executor.py
[2026-08-21T22:56:28.171+0000] {processor.py:830} INFO - Processing file /home/airflow/.local/lib/python3.8/site-packages/airflow/example_dags/example_local_kubernetes_executor.py for tasks to queue
[2026-08-21T22:56:28.174+0000] {logging_mixin.py:188} INFO - [2026-08-21T22:56:28.173+0000] {dagbag.py:540} INFO - Filling up the DagBag from /home/airflow/.local/lib/python3.8/site-packages/airflow/example_dags/example_local_kubernetes_executor.py
[2026-08-21T22:56:28.184+0000] {processor.py:840} INFO - DAG(s) 'example_local_kubernetes_executor' retrieved from /home/airflow/.local/lib/python3.8/site-packages/airflow/example_dags/example_local_kubernetes_executor.py
[2026-08-21T22:56:28.243+0000] {logging_mixin.py:188} INFO - [2026-08-21T22:56:28.243+0000] {dag.py:3047} INFO - Sync 1 DAGs
[2026-08-21T22:56:28.261+0000] {logging_mixin.py:188} INFO - [2026-08-21T22:56:28.261+0000] {dag.py:3834} INFO - Setting next_dagrun for example_local_kubernetes_executor to None, run_after=None
[2026-08-21T22:56:28.285+0000] {processor.py:183} INFO - Processing /home/airflow/.local/lib/python3.8/site-packages/airflow/example_dags/example_local_kubernetes_executor.py took 0.121 seconds
[2026-08-21T22:56:58.847+0000] {processor.py:161} INFO - Started process (PID=1236) to work on /home/airflow/.local/lib/python3.8/site-packages/airflow/example_dags/example_local_kubernetes_executor.py
[2026-08-21T22:56:58.849+0000] {processor.py:830} INFO - Processing file /home/airflow/.local/lib/python3.8/site-packages/airflow/example_dags/example_local_kubernetes_executor.py for tasks to queue
[2026-08-21T22:56:58.853+0000] {logging_mixin.py:188} INFO - [2026-08-21T22:56:58.853+0000] {dagbag.py:540} INFO - Filling up the DagBag from /home/airflow/.local/lib/python3.8/site-packages/airflow/example_dags/example_local_kubernetes_executor.py
[2026-08-21T22:56:58.867+0000] {processor.py:840} INFO - DAG(s) 'example_local_kubernetes_executor' retrieved from /home/airflow/.local/lib/python3.8/site-packages/airflow/example_dags/example_local_kubernetes_executor.py
[2026-08-21T22:56:58.913+0000] {logging_mixin.py:188} INFO - [2026-08-21T22:56:58.913+0000] {dag.py:3047} INFO - Sync 1 DAGs
[2026-08-21T22:56:58.930+0000] {logging_mixin.py:188} INFO - [2026-08-21T22:56:58.930+0000] {dag.py:3834} INFO - Setting next_dagrun for example_local_kubernetes_executor to None, run_after=None
[2026-08-21T22:56:58.955+0000] {processor.py:183} INFO - Processing /home/airflow/.local/lib/python3.8/site-packages/airflow/example_dags/example_local_kubernetes_executor.py took 0.113 seconds
[2026-08-21T22:57:29.411+0000] {processor.py:161} INFO - Started process (PID=1293) to work on /home/airflow/.local/lib/python3.8/site-packages/airflow/example_dags/example_local_kubernetes_executor.py
[2026-08-21T22:57:29.413+0000] {processor.py:830} INFO - Processing file /home/airflow/.local/lib/python3.8/site-packages/airflow/example_dags/example_local_kubernetes_executor.py for tasks to queue
[2026-08-21T22:57:29.417+0000] {logging_mixin.py:188} INFO - [2026-08-21T22:57:29.417+0000] {dagbag.py:540} INFO - Filling up the DagBag from /home/airflow/.local/lib/python3.8/site-packages/airflow/example_dags/example_local_kubernetes_executor.py
[2026-08-21T22:57:29.432+0000] {processor.py:840} INFO - DAG(s) 'example_local_kubernetes_executor' retrieved from /home/airflow/.local/lib/python3.8/site-packages/airflow/example_dags/example_local_kubernetes_executor.py
[2026-08-21T22:57:29.481+0000] {logging_mixin.py:188} INFO - [2026-08-21T22:57:29.480+0000] {dag.py:3047} INFO - Sync 1 DAGs
[2026-08-21T22:57:29.495+0000] {logging_mixin.py:188} INFO - [2026-08-21T22:57:29.495+0000] {dag.py:3834} INFO - Setting next_dagrun for example_local_kubernetes_executor to None, run_after=None
[2026-08-21T22:57:29.519+0000] {processor.py:183} INFO - Processing /home/airflow/.local/lib/python3.8/site-packages/airflow/example_dags/example_local_kubernetes_executor.py took 0.112 seconds
[2026-08-21T22:57:59.747+0000] {processor.py:161} INFO - Started process (PID=1350) to work on /home/airflow/.local/lib/python3.8/site-packages/airflow/example_dags/example_local_kubernetes_executor.py
[2026-08-21T22:57:59.749+0000] {processor.py:830} INFO - Processing file /home/airflow/.local/lib/python3.8/site-packages/airflow/example_dags/example_local_kubernetes_executor.py for tasks to queue
[2026-08-21T22:57:59.752+0000] {logging_mixin.py:188} INFO - [2026-08-21T22:57:59.751+0000] {dagbag.py:540} INFO - Filling up the DagBag from /home/airflow/.local/lib/python3.8/site-packages/airflow/example_dags/example_local_kubernetes_executor.py
[2026-08-21T22:57:59.763+0000] {processor.py:840} INFO - DAG(s) 'example_local_kubernetes_executor' retrieved from /home/airflow/.local/lib/python3.8/site-packages/airflow/example_dags/example_local_kubernetes_executor.py
[2026-08-21T22:57:59.806+0000] {logging_mixin.py:188} INFO - [2026-08-21T22:57:59.806+0000] {dag.py:3047} INFO - Sync 1 DAGs
[2026-08-21T22:57:59.821+0000] {logging_mixin.py:188} INFO - [2026-08-21T22:57:59.820+0000] {dag.py:3834} INFO - Setting next_dagrun for example_local_kubernetes_executor to None, run_after=None
[2026-08-21T22:57:59.844+0000] {processor.py:183} INFO - Processing /home/airflow/.local/lib/python3.8/site-packages/airflow/example_dags/example_local_kubernetes_executor.py took 0.102 seconds
[2026-08-21T22:58:30.459+0000] {processor.py:161} INFO - Started process (PID=1407) to work on /home/airflow/.local/lib/python3.8/site-packages/airflow/example_dags/example_local_kubernetes_executor.py
[2026-08-21T22:58:30.461+0000] {processor.py:830} INFO - Processing file /home/airflow/.local/lib/python3.8/site-packages/airflow/example_dags/example_local_kubernetes_executor.py for tasks to queue
[2026-08-21T22:58:30.465+0000] {logging_mixin.py:188} INFO - [2026-08-21T22:58:30.465+0000] {dagbag.py:540} INFO - Filling up the DagBag from /home/airflow/.local/lib/python3.8/site-packages/airflow/example_dags/example_local_kubernetes_executor.py
[2026-08-21T22:58:30.475+0000] {processor.py:840} INFO - DAG(s) 'example_local_kubernetes_executor' retrieved from /home/airflow/.local/lib/python3.8/site-packages/airflow/example_dags/example_local_kubernetes_executor.py
[2026-08-21T22:58:30.523+0000] {logging_mixin.py:188} INFO - [2026-08-21T22:58:30.523+0000] {dag.py:3047} INFO - Sync 1 DAGs
[2026-08-21T22:58:30.540+0000] {logging_mixin.py:188} INFO - [2026-08-21T22:58:30.540+0000] {dag.py:3834} INFO - Setting next_dagrun for example_local_kubernetes_executor to None, run_after=None
[2026-08-21T22:58:30.563+0000] {processor.py:183} INFO - Processing /home/airflow/.local/lib/python3.8/site-packages/airflow/example_dags/example_local_kubernetes_executor.py took 0.109 seconds
[2026-08-21T22:59:00.750+0000] {processor.py:161} INFO - Started process (PID=1464) to work on /home/airflow/.local/lib/python3.8/site-packages/airflow/example_dags/example_local_kubernetes_executor.py
[2026-08-21T22:59:00.751+0000] {processor.py:830} INFO - Processing file /home/airflow/.local/lib/python3.8/site-packages/airflow/example_dags/example_local_kubernetes_executor.py for tasks to queue
[2026-08-21T22:59:00.754+0000] {logging_mixin.py:188} INFO - [2026-08-21T22:59:00.754+0000] {dagbag.py:540} INFO - Filling up the DagBag from /home/airflow/.local/lib/python3.8/site-packages/airflow/example_dags/example_local_kubernetes_executor.py
[2026-08-21T22:59:00.773+0000] {processor.py:840} INFO - DAG(s) 'example_local_kubernetes_executor' retrieved from /home/airflow/.local/lib/python3.8/site-packages/airflow/example_dags/example_local_kubernetes_executor.py
[2026-08-21T22:59:00.837+0000] {logging_mixin.py:188} INFO - [2026-08-21T22:59:00.837+0000] {dag.py:3047} INFO - Sync 1 DAGs
[2026-08-21T22:59:00.854+0000] {logging_mixin.py:188} INFO - [2026-08-21T22:59:00.854+0000] {dag.py:3834} INFO - Setting next_dagrun for example_local_kubernetes_executor to None, run_after=None
[2026-08-21T22:59:00.882+0000] {processor.py:183} INFO - Processing /home/airflow/.local/lib/python3.8/site-packages/airflow/example_dags/example_local_kubernetes_executor.py took 0.136 seconds
[2026-08-21T22:59:31.183+0000] {processor.py:161} INFO - Started process (PID=1521) to work on /home/airflow/.local/lib/python3.8/site-packages/airflow/example_dags/example_local_kubernetes_executor.py
[2026-08-21T22:59:31.185+0000] {processor.py:830} INFO - Processing file /home/airflow/.local/lib/python3.8/site-packages/airflow/example_dags/example_local_kubernetes_executor.py for tasks to queue
[2026-08-21T22:59:31.188+0000] {logging_mixin.py:188} INFO - [2026-08-21T22:59:31.188+0000] {dagbag.py:540} INFO - Filling up the DagBag from /home/airflow/.local/lib/python3.8/site-packages/airflow/example_dags/example_local_kubernetes_executor.py
[2026-08-21T22:59:31.198+0000] {processor.py:840} INFO - DAG(s) 'example_local_kubernetes_executor' retrieved from /home/airflow/.local/lib/python3.8/site-packages/airflow/example_dags/example_local_kubernetes_executor.py
[2026-08-21T22:59:31.241+0000] {logging_mixin.py:188} INFO - [2026-08-21T22:59:31.240+0000] {dag.py:3047} INFO - Sync 1 DAGs
[2026-08-21T22:59:31.255+0000] {logging_mixin.py:188} INFO - [2026-08-21T22:59:31.255+0000] {dag.py:3834} INFO - Setting next_dagrun for example_local_kubernetes_executor to None, run_after=None
[2026-08-21T22:59:31.278+0000] {processor.py:183} INFO - Processing /home/airflow/.local/lib/python3.8/site-packages/airflow/example_dags/example_local_kubernetes_executor.py took 0.099 seconds
[2026-08-21T23:00:01.818+0000] {processor.py:161} INFO - Started process (PID=1578) to work on /home/airflow/.local/lib/python3.8/site-packages/airflow/example_dags/example_local_kubernetes_executor.py
[2026-08-21T23:00:01.820+0000] {processor.py:830} INFO - Processing file /home/airflow/.local/lib/python3.8/site-packages/airflow/example_dags/example_local_kubernetes_executor.py for tasks to queue
[2026-08-21T23:00:01.823+0000] {logging_mixin.py:188} INFO - [2026-08-21T23:00:01.823+0000] {dagbag.py:540} INFO - Filling up the DagBag from /home/airflow/.local/lib/python3.8/site-packages/airflow/example_dags/example_local_kubernetes_executor.py
[2026-08-21T23:00:01.833+0000] {processor.py:840} INFO - DAG(s) 'example_local_kubernetes_executor' retrieved from /home/airflow/.local/lib/python3.8/site-packages/airflow/example_dags/example_local_kubernetes_executor.py
[2026-08-21T23:00:01.884+0000] {logging_mixin.py:188} INFO - [2026-08-21T23:00:01.884+0000] {dag.py:3047} INFO - Sync 1 DAGs
[2026-08-21T23:00:01.902+0000] {logging_mixin.py:188} INFO - [2026-08-21T23:00:01.901+0000] {dag.py:3834} INFO - Setting next_dagrun for example_local_kubernetes_executor to None, run_after=None
[2026-08-21T23:00:01.927+0000] {processor.py:183} INFO - Processing /home/airflow/.local/lib/python3.8/site-packages/airflow/example_dags/example_local_kubernetes_executor.py took 0.113 seconds
[2026-08-21T23:00:32.130+0000] {processor.py:161} INFO - Started process (PID=1635) to work on /home/airflow/.local/lib/python3.8/site-packages/airflow/example_dags/example_local_kubernetes_executor.py
[2026-08-21T23:00:32.132+0000] {processor.py:830} INFO - Processing file /home/airflow/.local/lib/python3.8/site-packages/airflow/example_dags/example_local_kubernetes_executor.py for tasks to queue
[2026-08-21T23:00:32.136+0000] {logging_mixin.py:188} INFO - [2026-08-21T23:00:32.135+0000] {dagbag.py:540} INFO - Filling up the DagBag from /home/airflow/.local/lib/python3.8/site-packages/airflow/example_dags/example_local_kubernetes_executor.py
[2026-08-21T23:00:32.151+0000] {processor.py:840} INFO - DAG(s) 'example_local_kubernetes_executor' retrieved from /home/airflow/.local/lib/python3.8/site-packages/airflow/example_dags/example_local_kubernetes_executor.py
[2026-08-21T23:00:32.207+0000] {logging_mixin.py:188} INFO - [2026-08-21T23:00:32.207+0000] {dag.py:3047} INFO - Sync 1 DAGs
[2026-08-21T23:00:32.223+0000] {logging_mixin.py:188} INFO - [2026-08-21T23:00:32.223+0000] {dag.py:3834} INFO - Setting next_dagrun for example_local_kubernetes_executor to None, run_after=None
[2026-08-21T23:00:32.246+0000] {processor.py:183} INFO - Processing /home/airflow/.local/lib/python3.8/site-packages/airflow/example_dags/example_local_kubernetes_executor.py took 0.121 seconds
[2026-08-21T23:01:02.868+0000] {processor.py:161} INFO - Started process (PID=1692) to work on /home/airflow/.local/lib/python3.8/site-packages/airflow/example_dags/example_local_kubernetes_executor.py
[2026-08-21T23:01:02.873+0000] {processor.py:830} INFO - Processing file /home/airflow/.local/lib/python3.8/site-packages/airflow/example_dags/example_local_kubernetes_executor.py for tasks to queue
[2026-08-21T23:01:02.876+0000] {logging_mixin.py:188} INFO - [2026-08-21T23:01:02.875+0000] {dagbag.py:540} INFO - Filling up the DagBag from /home/airflow/.local/lib/python3.8/site-packages/airflow/example_dags/example_local_kubernetes_executor.py
[2026-08-21T23:01:02.901+0000] {processor.py:840} INFO - DAG(s) 'example_local_kubernetes_executor' retrieved from /home/airflow/.local/lib/python3.8/site-packages/airflow/example_dags/example_local_kubernetes_executor.py
[2026-08-21T23:01:02.959+0000] {logging_mixin.py:188} INFO - [2026-08-21T23:01:02.959+0000] {dag.py:3047} INFO - Sync 1 DAGs
[2026-08-21T23:01:02.978+0000] {logging_mixin.py:188} INFO - [2026-08-21T23:01:02.978+0000] {dag.py:3834} INFO - Setting next_dagrun for example_local_kubernetes_executor to None, run_after=None
[2026-08-21T23:01:03.028+0000] {processor.py:183} INFO - Processing /home/airflow/.local/lib/python3.8/site-packages/airflow/example_dags/example_local_kubernetes_executor.py took 0.168 seconds
[2026-08-21T23:01:33.119+0000] {processor.py:161} INFO - Started process (PID=1749) to work on /home/airflow/.local/lib/python3.8/site-packages/airflow/example_dags/example_local_kubernetes_executor.py
[2026-08-21T23:01:33.120+0000] {processor.py:830} INFO - Processing file /home/airflow/.local/lib/python3.8/site-packages/airflow/example_dags/example_local_kubernetes_executor.py for tasks to queue
[2026-08-21T23:01:33.123+0000] {logging_mixin.py:188} INFO - [2026-08-21T23:01:33.123+0000] {dagbag.py:540} INFO - Filling up the DagBag from /home/airflow/.local/lib/python3.8/site-packages/airflow/example_dags/example_local_kubernetes_executor.py
[2026-08-21T23:01:33.135+0000] {processor.py:840} INFO - DAG(s) 'example_local_kubernetes_executor' retrieved from /home/airflow/.local/lib/python3.8/site-packages/airflow/example_dags/example_local_kubernetes_executor.py
[2026-08-21T23:01:33.184+0000] {logging_mixin.py:188} INFO - [2026-08-21T23:01:33.183+0000] {dag.py:3047} INFO - Sync 1 DAGs
[2026-08-21T23:01:33.201+0000] {logging_mixin.py:188} INFO - [2026-08-21T23:01:33.200+0000] {dag.py:3834} INFO - Setting next_dagrun for example_local_kubernetes_executor to None, run_after=None
[2026-08-21T23:01:33.227+0000] {processor.py:183} INFO - Processing /home/airflow/.local/lib/python3.8/site-packages/airflow/example_dags/example_local_kubernetes_executor.py took 0.112 seconds
[2026-08-21T23:02:03.484+0000] {processor.py:161} INFO - Started process (PID=1806) to work on /home/airflow/.local/lib/python3.8/site-packages/airflow/example_dags/example_local_kubernetes_executor.py
[2026-08-21T23:02:03.486+0000] {processor.py:830} INFO - Processing file /home/airflow/.local/lib/python3.8/site-packages/airflow/example_dags/example_local_kubernetes_executor.py for tasks to queue
[2026-08-21T23:02:03.489+0000] {logging_mixin.py:188} INFO - [2026-08-21T23:02:03.488+0000] {dagbag.py:540} INFO - Filling up the DagBag from /home/airflow/.local/lib/python3.8/site-packages/airflow/example_dags/example_local_kubernetes_executor.py
[2026-08-21T23:02:03.502+0000] {processor.py:840} INFO - DAG(s) 'example_local_kubernetes_executor' retrieved from /home/airflow/.local/lib/python3.8/site-packages/airflow/example_dags/example_local_kubernetes_executor.py
[2026-08-21T23:02:03.551+0000] {logging_mixin.py:188} INFO - [2026-08-21T23:02:03.550+0000] {dag.py:3047} INFO - Sync 1 DAGs
[2026-08-21T23:02:03.572+0000] {logging_mixin.py:188} INFO - [2026-08-21T23:02:03.571+0000] {dag.py:3834} INFO - Setting next_dagrun for example_local_kubernetes_executor to None, run_after=None
[2026-08-21T23:02:03.601+0000] {processor.py:183} INFO - Processing /home/airflow/.local/lib/python3.8/site-packages/airflow/example_dags/example_local_kubernetes_executor.py took 0.122 seconds
[2026-08-21T23:02:33.779+0000] {processor.py:161} INFO - Started process (PID=1863) to work on /home/airflow/.local/lib/python3.8/site-packages/airflow/example_dags/example_local_kubernetes_executor.py
[2026-08-21T23:02:33.781+0000] {processor.py:830} INFO - Processing file /home/airflow/.local/lib/python3.8/site-packages/airflow/example_dags/example_local_kubernetes_executor.py for tasks to queue
[2026-08-21T23:02:33.784+0000] {logging_mixin.py:188} INFO - [2026-08-21T23:02:33.783+0000] {dagbag.py:540} INFO - Filling up the DagBag from /home/airflow/.local/lib/python3.8/site-packages/airflow/example_dags/example_local_kubernetes_executor.py
[2026-08-21T23:02:33.798+0000] {processor.py:840} INFO - DAG(s) 'example_local_kubernetes_executor' retrieved from /home/airflow/.local/lib/python3.8/site-packages/airflow/example_dags/example_local_kubernetes_executor.py
[2026-08-21T23:02:33.851+0000] {logging_mixin.py:188} INFO - [2026-08-21T23:02:33.850+0000] {dag.py:3047} INFO - Sync 1 DAGs
[2026-08-21T23:02:33.871+0000] {logging_mixin.py:188} INFO - [2026-08-21T23:02:33.870+0000] {dag.py:3834} INFO - Setting next_dagrun for example_local_kubernetes_executor to None, run_after=None
[2026-08-21T23:02:33.905+0000] {processor.py:183} INFO - Processing /home/airflow/.local/lib/python3.8/site-packages/airflow/example_dags/example_local_kubernetes_executor.py took 0.131 seconds
[2026-08-21T23:03:04.258+0000] {processor.py:161} INFO - Started process (PID=1920) to work on /home/airflow/.local/lib/python3.8/site-packages/airflow/example_dags/example_local_kubernetes_executor.py
[2026-08-21T23:03:04.260+0000] {processor.py:830} INFO - Processing file /home/airflow/.local/lib/python3.8/site-packages/airflow/example_dags/example_local_kubernetes_executor.py for tasks to queue
[2026-08-21T23:03:04.263+0000] {logging_mixin.py:188} INFO - [2026-08-21T23:03:04.262+0000] {dagbag.py:540} INFO - Filling up the DagBag from /home/airflow/.local/lib/python3.8/site-packages/airflow/example_dags/example_local_kubernetes_executor.py
[2026-08-21T23:03:04.274+0000] {processor.py:840} INFO - DAG(s) 'example_local_kubernetes_executor' retrieved from /home/airflow/.local/lib/python3.8/site-packages/airflow/example_dags/example_local_kubernetes_executor.py
[2026-08-21T23:03:04.326+0000] {logging_mixin.py:188} INFO - [2026-08-21T23:03:04.326+0000] {dag.py:3047} INFO - Sync 1 DAGs
[2026-08-21T23:03:04.343+0000] {logging_mixin.py:188} INFO - [2026-08-21T23:03:04.343+0000] {dag.py:3834} INFO - Setting next_dagrun for example_local_kubernetes_executor to None, run_after=None
[2026-08-21T23:03:04.368+0000] {processor.py:183} INFO - Processing /home/airflow/.local/lib/python3.8/site-packages/airflow/example_dags/example_local_kubernetes_executor.py took 0.114 seconds
[2026-08-21T23:03:34.497+0000] {processor.py:161} INFO - Started process (PID=1977) to work on /home/airflow/.local/lib/python3.8/site-packages/airflow/example_dags/example_local_kubernetes_executor.py
[2026-08-21T23:03:34.499+0000] {processor.py:830} INFO - Processing file /home/airflow/.local/lib/python3.8/site-packages/airflow/example_dags/example_local_kubernetes_executor.py for tasks to queue
[2026-08-21T23:03:34.505+0000] {logging_mixin.py:188} INFO - [2026-08-21T23:03:34.504+0000] {dagbag.py:540} INFO - Filling up the DagBag from /home/airflow/.local/lib/python3.8/site-packages/airflow/example_dags/example_local_kubernetes_executor.py
[2026-08-21T23:03:34.519+0000] {processor.py:840} INFO - DAG(s) 'example_local_kubernetes_executor' retrieved from /home/airflow/.local/lib/python3.8/site-packages/airflow/example_dags/example_local_kubernetes_executor.py
[2026-08-21T23:03:34.570+0000] {logging_mixin.py:188} INFO - [2026-08-21T23:03:34.569+0000] {dag.py:3047} INFO - Sync 1 DAGs
[2026-08-21T23:03:34.583+0000] {logging_mixin.py:188} INFO - [2026-08-21T23:03:34.582+0000] {dag.py:3834} INFO - Setting next_dagrun for example_local_kubernetes_executor to None, run_after=None
[2026-08-21T23:03:34.611+0000] {processor.py:183} INFO - Processing /home/airflow/.local/lib/python3.8/site-packages/airflow/example_dags/example_local_kubernetes_executor.py took 0.118 seconds
[2026-08-21T23:04:05.062+0000] {processor.py:161} INFO - Started process (PID=2034) to work on /home/airflow/.local/lib/python3.8/site-packages/airflow/example_dags/example_local_kubernetes_executor.py
[2026-08-21T23:04:05.068+0000] {processor.py:830} INFO - Processing file /home/airflow/.local/lib/python3.8/site-packages/airflow/example_dags/example_local_kubernetes_executor.py for tasks to queue
[2026-08-21T23:04:05.075+0000] {logging_mixin.py:188} INFO - [2026-08-21T23:04:05.074+0000] {dagbag.py:540} INFO - Filling up the DagBag from /home/airflow/.local/lib/python3.8/site-packages/airflow/example_dags/example_local_kubernetes_executor.py
[2026-08-21T23:04:05.103+0000] {processor.py:840} INFO - DAG(s) 'example_local_kubernetes_executor' retrieved from /home/airflow/.local/lib/python3.8/site-packages/airflow/example_dags/example_local_kubernetes_executor.py
[2026-08-21T23:04:05.167+0000] {logging_mixin.py:188} INFO - [2026-08-21T23:04:05.167+0000] {dag.py:3047} INFO - Sync 1 DAGs
[2026-08-21T23:04:05.185+0000] {logging_mixin.py:188} INFO - [2026-08-21T23:04:05.185+0000] {dag.py:3834} INFO - Setting next_dagrun for example_local_kubernetes_executor to None, run_after=None
[2026-08-21T23:04:05.210+0000] {processor.py:183} INFO - Processing /home/airflow/.local/lib/python3.8/site-packages/airflow/example_dags/example_local_kubernetes_executor.py took 0.158 seconds
[2026-08-21T23:04:36.200+0000] {processor.py:161} INFO - Started process (PID=2091) to work on /home/airflow/.local/lib/python3.8/site-packages/airflow/example_dags/example_local_kubernetes_executor.py
[2026-08-21T23:04:36.201+0000] {processor.py:830} INFO - Processing file /home/airflow/.local/lib/python3.8/site-packages/airflow/example_dags/example_local_kubernetes_executor.py for tasks to queue
[2026-08-21T23:04:36.205+0000] {logging_mixin.py:188} INFO - [2026-08-21T23:04:36.204+0000] {dagbag.py:540} INFO - Filling up the DagBag from /home/airflow/.local/lib/python3.8/site-packages/airflow/example_dags/example_local_kubernetes_executor.py
[2026-08-21T23:04:36.218+0000] {processor.py:840} INFO - DAG(s) 'example_local_kubernetes_executor' retrieved from /home/airflow/.local/lib/python3.8/site-packages/airflow/example_dags/example_local_kubernetes_executor.py
[2026-08-21T23:04:36.262+0000] {logging_mixin.py:188} INFO - [2026-08-21T23:04:36.261+0000] {dag.py:3047} INFO - Sync 1 DAGs
[2026-08-21T23:04:36.279+0000] {logging_mixin.py:188} INFO - [2026-08-21T23:04:36.278+0000] {dag.py:3834} INFO - Setting next_dagrun for example_local_kubernetes_executor to None, run_after=None
[2026-08-21T23:04:36.305+0000] {processor.py:183} INFO - Processing /home/airflow/.local/lib/python3.8/site-packages/airflow/example_dags/example_local_kubernetes_executor.py took 0.111 seconds
[2026-08-21T23:05:06.449+0000] {processor.py:161} INFO - Started process (PID=2148) to work on /home/airflow/.local/lib/python3.8/site-packages/airflow/example_dags/example_local_kubernetes_executor.py
[2026-08-21T23:05:06.451+0000] {processor.py:830} INFO - Processing file /home/airflow/.local/lib/python3.8/site-packages/airflow/example_dags/example_local_kubernetes_executor.py for tasks to queue
[2026-08-21T23:05:06.456+0000] {logging_mixin.py:188} INFO - [2026-08-21T23:05:06.455+0000] {dagbag.py:540} INFO - Filling up the DagBag from /home/airflow/.local/lib/python3.8/site-packages/airflow/example_dags/example_local_kubernetes_executor.py
[2026-08-21T23:05:06.467+0000] {processor.py:840} INFO - DAG(s) 'example_local_kubernetes_executor' retrieved from /home/airflow/.local/lib/python3.8/site-packages/airflow/example_dags/example_local_kubernetes_executor.py
[2026-08-21T23:05:06.523+0000] {logging_mixin.py:188} INFO - [2026-08-21T23:05:06.523+0000] {dag.py:3047} INFO - Sync 1 DAGs
[2026-08-21T23:05:06.545+0000] {logging_mixin.py:188} INFO - [2026-08-21T23:05:06.544+0000] {dag.py:3834} INFO - Setting next_dagrun for example_local_kubernetes_executor to None, run_after=None
[2026-08-21T23:05:06.567+0000] {processor.py:183} INFO - Processing /home/airflow/.local/lib/python3.8/site-packages/airflow/example_dags/example_local_kubernetes_executor.py took 0.122 seconds
[2026-08-21T23:05:36.738+0000] {processor.py:161} INFO - Started process (PID=2205) to work on /home/airflow/.local/lib/python3.8/site-packages/airflow/example_dags/example_local_kubernetes_executor.py
[2026-08-21T23:05:36.739+0000] {processor.py:830} INFO - Processing file /home/airflow/.local/lib/python3.8/site-packages/airflow/example_dags/example_local_kubernetes_executor.py for tasks to queue
[2026-08-21T23:05:36.742+0000] {logging_mixin.py:188} INFO - [2026-08-21T23:05:36.742+0000] {dagbag.py:540} INFO - Filling up the DagBag from /home/airflow/.local/lib/python3.8/site-packages/airflow/example_dags/example_local_kubernetes_executor.py
[2026-08-21T23:05:36.751+0000] {processor.py:840} INFO - DAG(s) 'example_local_kubernetes_executor' retrieved from /home/airflow/.local/lib/python3.8/site-packages/airflow/example_dags/example_local_kubernetes_executor.py
[2026-08-21T23:05:36.790+0000] {logging_mixin.py:188} INFO - [2026-08-21T23:05:36.790+0000] {dag.py:3047} INFO - Sync 1 DAGs
[2026-08-21T23:05:36.805+0000] {logging_mixin.py:188} INFO - [2026-08-21T23:05:36.804+0000] {dag.py:3834} INFO - Setting next_dagrun for example_local_kubernetes_executor to None, run_after=None
[2026-08-21T23:05:36.828+0000] {processor.py:183} INFO - Processing /home/airflow/.local/lib/python3.8/site-packages/airflow/example_dags/example_local_kubernetes_executor.py took 0.095 seconds
[2026-08-21T23:06:07.258+0000] {processor.py:161} INFO - Started process (PID=2262) to work on /home/airflow/.local/lib/python3.8/site-packages/airflow/example_dags/example_local_kubernetes_executor.py
[2026-08-21T23:06:07.260+0000] {processor.py:830} INFO - Processing file /home/airflow/.local/lib/python3.8/site-packages/airflow/example_dags/example_local_kubernetes_executor.py for tasks to queue
[2026-08-21T23:06:07.264+0000] {logging_mixin.py:188} INFO - [2026-08-21T23:06:07.263+0000] {dagbag.py:540} INFO - Filling up the DagBag from /home/airflow/.local/lib/python3.8/site-packages/airflow/example_dags/example_local_kubernetes_executor.py
[2026-08-21T23:06:07.276+0000] {processor.py:840} INFO - DAG(s) 'example_local_kubernetes_executor' retrieved from /home/airflow/.local/lib/python3.8/site-packages/airflow/example_dags/example_local_kubernetes_executor.py
[2026-08-21T23:06:07.319+0000] {logging_mixin.py:188} INFO - [2026-08-21T23:06:07.319+0000] {dag.py:3047} INFO - Sync 1 DAGs
[2026-08-21T23:06:07.335+0000] {logging_mixin.py:188} INFO - [2026-08-21T23:06:07.335+0000] {dag.py:3834} INFO - Setting next_dagrun for example_local_kubernetes_executor to None, run_after=None
[2026-08-21T23:06:07.360+0000] {processor.py:183} INFO - Processing /home/airflow/.local/lib/python3.8/site-packages/airflow/example_dags/example_local_kubernetes_executor.py took 0.107 seconds
[2026-08-21T23:06:37.875+0000] {processor.py:161} INFO - Started process (PID=2319) to work on /home/airflow/.local/lib/python3.8/site-packages/airflow/example_dags/example_local_kubernetes_executor.py
[2026-08-21T23:06:37.877+0000] {processor.py:830} INFO - Processing file /home/airflow/.local/lib/python3.8/site-packages/airflow/example_dags/example_local_kubernetes_executor.py for tasks to queue
[2026-08-21T23:06:37.881+0000] {logging_mixin.py:188} INFO - [2026-08-21T23:06:37.881+0000] {dagbag.py:540} INFO - Filling up the DagBag from /home/airflow/.local/lib/python3.8/site-packages/airflow/example_dags/example_local_kubernetes_executor.py
[2026-08-21T23:06:37.895+0000] {processor.py:840} INFO - DAG(s) 'example_local_kubernetes_executor' retrieved from /home/airflow/.local/lib/python3.8/site-packages/airflow/example_dags/example_local_kubernetes_executor.py
[2026-08-21T23:06:37.941+0000] {logging_mixin.py:188} INFO - [2026-08-21T23:06:37.941+0000] {dag.py:3047} INFO - Sync 1 DAGs
[2026-08-21T23:06:37.960+0000] {logging_mixin.py:188} INFO - [2026-08-21T23:06:37.960+0000] {dag.py:3834} INFO - Setting next_dagrun for example_local_kubernetes_executor to None, run_after=None
[2026-08-21T23:06:37.985+0000] {processor.py:183} INFO - Processing /home/airflow/.local/lib/python3.8/site-packages/airflow/example_dags/example_local_kubernetes_executor.py took 0.116 seconds
[2026-08-21T23:07:08.173+0000] {processor.py:161} INFO - Started process (PID=2376) to work on /home/airflow/.local/lib/python3.8/site-packages/airflow/example_dags/example_local_kubernetes_executor.py
[2026-08-21T23:07:08.175+0000] {processor.py:830} INFO - Processing file /home/airflow/.local/lib/python3.8/site-packages/airflow/example_dags/example_local_kubernetes_executor.py for tasks to queue
[2026-08-21T23:07:08.178+0000] {logging_mixin.py:188} INFO - [2026-08-21T23:07:08.177+0000] {dagbag.py:540} INFO - Filling up the DagBag from /home/airflow/.local/lib/python3.8/site-packages/airflow/example_dags/example_local_kubernetes_executor.py
[2026-08-21T23:07:08.189+0000] {processor.py:840} INFO - DAG(s) 'example_local_kubernetes_executor' retrieved from /home/airflow/.local/lib/python3.8/site-packages/airflow/example_dags/example_local_kubernetes_executor.py
[2026-08-21T23:07:08.228+0000] {logging_mixin.py:188} INFO - [2026-08-21T23:07:08.228+0000] {dag.py:3047} INFO - Sync 1 DAGs
[2026-08-21T23:07:08.243+0000] {logging_mixin.py:188} INFO - [2026-08-21T23:07:08.243+0000] {dag.py:3834} INFO - Setting next_dagrun for example_local_kubernetes_executor to None, run_after=None
[2026-08-21T23:07:08.267+0000] {processor.py:183} INFO - Processing /home/airflow/.local/lib/python3.8/site-packages/airflow/example_dags/example_local_kubernetes_executor.py took 0.098 seconds
[2026-08-21T23:07:39.034+0000] {processor.py:161} INFO - Started process (PID=2433) to work on /home/airflow/.local/lib/python3.8/site-packages/airflow/example_dags/example_local_kubernetes_executor.py
[2026-08-21T23:07:39.041+0000] {processor.py:830} INFO - Processing file /home/airflow/.local/lib/python3.8/site-packages/airflow/example_dags/example_local_kubernetes_executor.py for tasks to queue
[2026-08-21T23:07:39.047+0000] {logging_mixin.py:188} INFO - [2026-08-21T23:07:39.046+0000] {dagbag.py:540} INFO - Filling up the DagBag from /home/airflow/.local/lib/python3.8/site-packages/airflow/example_dags/example_local_kubernetes_executor.py
[2026-08-21T23:07:39.074+0000] {processor.py:840} INFO - DAG(s) 'example_local_kubernetes_executor' retrieved from /home/airflow/.local/lib/python3.8/site-packages/airflow/example_dags/example_local_kubernetes_executor.py
[2026-08-21T23:07:39.178+0000] {logging_mixin.py:188} INFO - [2026-08-21T23:07:39.178+0000] {dag.py:3047} INFO - Sync 1 DAGs
[2026-08-21T23:07:39.229+0000] {logging_mixin.py:188} INFO - [2026-08-21T23:07:39.228+0000] {dag.py:3834} INFO - Setting next_dagrun for example_local_kubernetes_executor to None, run_after=None
[2026-08-21T23:07:39.276+0000] {processor.py:183} INFO - Processing /home/airflow/.local/lib/python3.8/site-packages/airflow/example_dags/example_local_kubernetes_executor.py took 0.258 seconds
