[2026-08-21T22:46:45.797+0000] {processor.py:161} INFO - Started process (PID=93) to work on /home/airflow/.local/lib/python3.8/site-packages/airflow/example_dags/example_short_circuit_decorator.py
[2026-08-21T22:46:45.800+0000] {processor.py:830} INFO - Processing file /home/airflow/.local/lib/python3.8/site-packages/airflow/example_dags/example_short_circuit_decorator.py for tasks to queue
[2026-08-21T22:46:45.803+0000] {logging_mixin.py:188} INFO - [2026-08-21T22:46:45.803+0000] {dagbag.py:540} INFO - Filling up the DagBag from /home/airflow/.local/lib/python3.8/site-packages/airflow/example_dags/example_short_circuit_decorator.py
[2026-08-21T22:46:45.816+0000] {processor.py:840} INFO - DAG(s) 'example_short_circuit_decorator' retrieved from /home/airflow/.local/lib/python3.8/site-packages/airflow/example_dags/example_short_circuit_decorator.py
[2026-08-21T22:46:45.974+0000] {logging_mixin.py:188} INFO - [2026-08-21T22:46:45.973+0000] {dag.py:3047} INFO - Sync 1 DAGs
[2026-08-21T22:46:46.023+0000] {logging_mixin.py:188} INFO - [2026-08-21T22:46:46.023+0000] {dag.py:3834} INFO - Setting next_dagrun for example_short_circuit_decorator to 2026-08-20 00:00:00+00:00, run_after=2026-08-21 00:00:00+00:00
[2026-08-21T22:46:46.054+0000] {processor.py:183} INFO - Processing /home/airflow/.local/lib/python3.8/site-packages/airflow/example_dags/example_short_circuit_decorator.py took 0.262 seconds
[2026-08-21T22:47:16.190+0000] {processor.py:161} INFO - Started process (PID=150) to work on /home/airflow/.local/lib/python3.8/site-packages/airflow/example_dags/example_short_circuit_decorator.py
[2026-08-21T22:47:16.192+0000] {processor.py:830} INFO - Processing file /home/airflow/.local/lib/python3.8/site-packages/airflow/example_dags/example_short_circuit_decorator.py for tasks to queue
[2026-08-21T22:47:16.195+0000] {logging_mixin.py:188} INFO - [2026-08-21T22:47:16.195+0000] {dagbag.py:540} INFO - Filling up the DagBag from /home/airflow/.local/lib/python3.8/site-packages/airflow/example_dags/example_short_circuit_decorator.py
[2026-08-21T22:47:16.206+0000] {processor.py:840} INFO - DAG(s) 'example_short_circuit_decorator' retrieved from /home/airflow/.local/lib/python3.8/site-packages/airflow/example_dags/example_short_circuit_decorator.py
[2026-08-21T22:47:16.247+0000] {logging_mixin.py:188} INFO - [2026-08-21T22:47:16.246+0000] {dag.py:3047} INFO - Sync 1 DAGs
[2026-08-21T22:47:16.275+0000] {logging_mixin.py:188} INFO - [2026-08-21T22:47:16.275+0000] {dag.py:3834} INFO - Setting next_dagrun for example_short_circuit_decorator to 2026-08-20 00:00:00+00:00, run_after=2026-08-21 00:00:00+00:00
[2026-08-21T22:47:16.300+0000] {processor.py:183} INFO - Processing /home/airflow/.local/lib/python3.8/site-packages/airflow/example_dags/example_short_circuit_decorator.py took 0.115 seconds
[2026-08-21T22:47:46.907+0000] {processor.py:161} INFO - Started process (PID=207) to work on /home/airflow/.local/lib/python3.8/site-packages/airflow/example_dags/example_short_circuit_decorator.py
[2026-08-21T22:47:46.911+0000] {processor.py:830} INFO - Processing file /home/airflow/.local/lib/python3.8/site-packages/airflow/example_dags/example_short_circuit_decorator.py for tasks to queue
[2026-08-21T22:47:46.914+0000] {logging_mixin.py:188} INFO - [2026-08-21T22:47:46.913+0000] {dagbag.py:540} INFO - Filling up the DagBag from /home/airflow/.local/lib/python3.8/site-packages/airflow/example_dags/example_short_circuit_decorator.py
[2026-08-21T22:47:46.928+0000] {processor.py:840} INFO - DAG(s) 'example_short_circuit_decorator' retrieved from /home/airflow/.local/lib/python3.8/site-packages/airflow/example_dags/example_short_circuit_decorator.py
[2026-08-21T22:47:46.961+0000] {logging_mixin.py:188} INFO - [2026-08-21T22:47:46.961+0000] {dag.py:3047} INFO - Sync 1 DAGs
[2026-08-21T22:47:46.991+0000] {logging_mixin.py:188} INFO - [2026-08-21T22:47:46.990+0000] {dag.py:3834} INFO - Setting next_dagrun for example_short_circuit_decorator to 2026-08-20 00:00:00+00:00, run_after=2026-08-21 00:00:00+00:00
[2026-08-21T22:47:47.016+0000] {processor.py:183} INFO - Processing /home/airflow/.local/lib/python3.8/site-packages/airflow/example_dags/example_short_circuit_decorator.py took 0.114 seconds
[2026-08-21T22:48:17.538+0000] {processor.py:161} INFO - Started process (PID=264) to work on /home/airflow/.local/lib/python3.8/site-packages/airflow/example_dags/example_short_circuit_decorator.py
[2026-08-21T22:48:17.541+0000] {processor.py:830} INFO - Processing file /home/airflow/.local/lib/python3.8/site-packages/airflow/example_dags/example_short_circuit_decorator.py for tasks to queue
[2026-08-21T22:48:17.544+0000] {logging_mixin.py:188} INFO - [2026-08-21T22:48:17.543+0000] {dagbag.py:540} INFO - Filling up the DagBag from /home/airflow/.local/lib/python3.8/site-packages/airflow/example_dags/example_short_circuit_decorator.py
[2026-08-21T22:48:17.561+0000] {processor.py:840} INFO - DAG(s) 'example_short_circuit_decorator' retrieved from /home/airflow/.local/lib/python3.8/site-packages/airflow/example_dags/example_short_circuit_decorator.py
[2026-08-21T22:48:17.600+0000] {logging_mixin.py:188} INFO - [2026-08-21T22:48:17.599+0000] {dag.py:3047} INFO - Sync 1 DAGs
[2026-08-21T22:48:17.638+0000] {logging_mixin.py:188} INFO - [2026-08-21T22:48:17.637+0000] {dag.py:3834} INFO - Setting next_dagrun for example_short_circuit_decorator to 2026-08-20 00:00:00+00:00, run_after=2026-08-21 00:00:00+00:00
[2026-08-21T22:48:17.657+0000] {processor.py:183} INFO - Processing /home/airflow/.local/lib/python3.8/site-packages/airflow/example_dags/example_short_circuit_decorator.py took 0.124 seconds
[2026-08-21T22:48:48.366+0000] {processor.py:161} INFO - Started process (PID=321) to work on /home/airflow/.local/lib/python3.8/site-packages/airflow/example_dags/example_short_circuit_decorator.py
[2026-08-21T22:48:48.368+0000] {processor.py:830} INFO - Processing file /home/airflow/.local/lib/python3.8/site-packages/airflow/example_dags/example_short_circuit_decorator.py for tasks to queue
[2026-08-21T22:48:48.371+0000] {logging_mixin.py:188} INFO - [2026-08-21T22:48:48.370+0000] {dagbag.py:540} INFO - Filling up the DagBag from /home/airflow/.local/lib/python3.8/site-packages/airflow/example_dags/example_short_circuit_decorator.py
[2026-08-21T22:48:48.381+0000] {processor.py:840} INFO - DAG(s) 'example_short_circuit_decorator' retrieved from /home/airflow/.local/lib/python3.8/site-packages/airflow/example_dags/example_short_circuit_decorator.py
[2026-08-21T22:48:48.411+0000] {logging_mixin.py:188} INFO - [2026-08-21T22:48:48.411+0000] {dag.py:3047} INFO - Sync 1 DAGs
[2026-08-21T22:48:48.446+0000] {logging_mixin.py:188} INFO - [2026-08-21T22:48:48.445+0000] {dag.py:3834} INFO - Setting next_dagrun for example_short_circuit_decorator to 2026-08-20 00:00:00+00:00, run_after=2026-08-21 00:00:00+00:00
[2026-08-21T22:48:48.474+0000] {processor.py:183} INFO - Processing /home/airflow/.local/lib/python3.8/site-packages/airflow/example_dags/example_short_circuit_decorator.py took 0.111 seconds
[2026-08-21T22:49:18.820+0000] {processor.py:161} INFO - Started process (PID=378) to work on /home/airflow/.local/lib/python3.8/site-packages/airflow/example_dags/example_short_circuit_decorator.py
[2026-08-21T22:49:18.822+0000] {processor.py:830} INFO - Processing file /home/airflow/.local/lib/python3.8/site-packages/airflow/example_dags/example_short_circuit_decorator.py for tasks to queue
[2026-08-21T22:49:18.825+0000] {logging_mixin.py:188} INFO - [2026-08-21T22:49:18.825+0000] {dagbag.py:540} INFO - Filling up the DagBag from /home/airflow/.local/lib/python3.8/site-packages/airflow/example_dags/example_short_circuit_decorator.py
[2026-08-21T22:49:18.837+0000] {processor.py:840} INFO - DAG(s) 'example_short_circuit_decorator' retrieved from /home/airflow/.local/lib/python3.8/site-packages/airflow/example_dags/example_short_circuit_decorator.py
[2026-08-21T22:49:18.867+0000] {logging_mixin.py:188} INFO - [2026-08-21T22:49:18.867+0000] {dag.py:3047} INFO - Sync 1 DAGs
[2026-08-21T22:49:18.908+0000] {logging_mixin.py:188} INFO - [2026-08-21T22:49:18.908+0000] {dag.py:3834} INFO - Setting next_dagrun for example_short_circuit_decorator to 2026-08-20 00:00:00+00:00, run_after=2026-08-21 00:00:00+00:00
[2026-08-21T22:49:18.948+0000] {processor.py:183} INFO - Processing /home/airflow/.local/lib/python3.8/site-packages/airflow/example_dags/example_short_circuit_decorator.py took 0.133 seconds
[2026-08-21T22:49:49.384+0000] {processor.py:161} INFO - Started process (PID=435) to work on /home/airflow/.local/lib/python3.8/site-packages/airflow/example_dags/example_short_circuit_decorator.py
[2026-08-21T22:49:49.387+0000] {processor.py:830} INFO - Processing file /home/airflow/.local/lib/python3.8/site-packages/airflow/example_dags/example_short_circuit_decorator.py for tasks to queue
[2026-08-21T22:49:49.389+0000] {logging_mixin.py:188} INFO - [2026-08-21T22:49:49.389+0000] {dagbag.py:540} INFO - Filling up the DagBag from /home/airflow/.local/lib/python3.8/site-packages/airflow/example_dags/example_short_circuit_decorator.py
[2026-08-21T22:49:49.404+0000] {processor.py:840} INFO - DAG(s) 'example_short_circuit_decorator' retrieved from /home/airflow/.local/lib/python3.8/site-packages/airflow/example_dags/example_short_circuit_decorator.py
[2026-08-21T22:49:49.442+0000] {logging_mixin.py:188} INFO - [2026-08-21T22:49:49.442+0000] {dag.py:3047} INFO - Sync 1 DAGs
[2026-08-21T22:49:49.479+0000] {logging_mixin.py:188} INFO - [2026-08-21T22:49:49.479+0000] {dag.py:3834} INFO - Setting next_dagrun for example_short_circuit_decorator to 2026-08-20 00:00:00+00:00, run_after=2026-08-21 00:00:00+00:00
[2026-08-21T22:49:49.509+0000] {processor.py:183} INFO - Processing /home/airflow/.local/lib/python3.8/site-packages/airflow/example_dags/example_short_circuit_decorator.py took 0.132 seconds
[2026-08-21T22:50:19.910+0000] {processor.py:161} INFO - Started process (PID=492) to work on /home/airflow/.local/lib/python3.8/site-packages/airflow/example_dags/example_short_circuit_decorator.py
[2026-08-21T22:50:19.911+0000] {processor.py:830} INFO - Processing file /home/airflow/.local/lib/python3.8/site-packages/airflow/example_dags/example_short_circuit_decorator.py for tasks to queue
[2026-08-21T22:50:19.916+0000] {logging_mixin.py:188} INFO - [2026-08-21T22:50:19.915+0000] {dagbag.py:540} INFO - Filling up the DagBag from /home/airflow/.local/lib/python3.8/site-packages/airflow/example_dags/example_short_circuit_decorator.py
[2026-08-21T22:50:19.927+0000] {processor.py:840} INFO - DAG(s) 'example_short_circuit_decorator' retrieved from /home/airflow/.local/lib/python3.8/site-packages/airflow/example_dags/example_short_circuit_decorator.py
[2026-08-21T22:50:19.960+0000] {logging_mixin.py:188} INFO - [2026-08-21T22:50:19.960+0000] {dag.py:3047} INFO - Sync 1 DAGs
[2026-08-21T22:50:19.990+0000] {logging_mixin.py:188} INFO - [2026-08-21T22:50:19.990+0000] {dag.py:3834} INFO - Setting next_dagrun for example_short_circuit_decorator to 2026-08-20 00:00:00+00:00, run_after=2026-08-21 00:00:00+00:00
[2026-08-21T22:50:20.021+0000] {processor.py:183} INFO - Processing /home/airflow/.local/lib/python3.8/site-packages/airflow/example_dags/example_short_circuit_decorator.py took 0.114 seconds
[2026-08-21T22:50:50.638+0000] {processor.py:161} INFO - Started process (PID=549) to work on /home/airflow/.local/lib/python3.8/site-packages/airflow/example_dags/example_short_circuit_decorator.py
[2026-08-21T22:50:50.640+0000] {processor.py:830} INFO - Processing file /home/airflow/.local/lib/python3.8/site-packages/airflow/example_dags/example_short_circuit_decorator.py for tasks to queue
[2026-08-21T22:50:50.644+0000] {logging_mixin.py:188} INFO - [2026-08-21T22:50:50.643+0000] {dagbag.py:540} INFO - Filling up the DagBag from /home/airflow/.local/lib/python3.8/site-packages/airflow/example_dags/example_short_circuit_decorator.py
[2026-08-21T22:50:50.655+0000] {processor.py:840} INFO - DAG(s) 'example_short_circuit_decorator' retrieved from /home/airflow/.local/lib/python3.8/site-packages/airflow/example_dags/example_short_circuit_decorator.py
[2026-08-21T22:50:50.683+0000] {logging_mixin.py:188} INFO - [2026-08-21T22:50:50.683+0000] {dag.py:3047} INFO - Sync 1 DAGs
[2026-08-21T22:50:50.714+0000] {logging_mixin.py:188} INFO - [2026-08-21T22:50:50.714+0000] {dag.py:3834} INFO - Setting next_dagrun for example_short_circuit_decorator to 2026-08-20 00:00:00+00:00, run_after=2026-08-21 00:00:00+00:00
[2026-08-21T22:50:50.785+0000] {processor.py:183} INFO - Processing /home/airflow/.local/lib/python3.8/site-packages/airflow/example_dags/example_short_circuit_decorator.py took 0.151 seconds
[2026-08-21T22:51:20.852+0000] {processor.py:161} INFO - Started process (PID=604) to work on /home/airflow/.local/lib/python3.8/site-packages/airflow/example_dags/example_short_circuit_decorator.py
[2026-08-21T22:51:20.854+0000] {processor.py:830} INFO - Processing file /home/airflow/.local/lib/python3.8/site-packages/airflow/example_dags/example_short_circuit_decorator.py for tasks to queue
[2026-08-21T22:51:20.858+0000] {logging_mixin.py:188} INFO - [2026-08-21T22:51:20.857+0000] {dagbag.py:540} INFO - Filling up the DagBag from /home/airflow/.local/lib/python3.8/site-packages/airflow/example_dags/example_short_circuit_decorator.py
[2026-08-21T22:51:20.869+0000] {processor.py:840} INFO - DAG(s) 'example_short_circuit_decorator' retrieved from /home/airflow/.local/lib/python3.8/site-packages/airflow/example_dags/example_short_circuit_decorator.py
[2026-08-21T22:51:20.896+0000] {logging_mixin.py:188} INFO - [2026-08-21T22:51:20.896+0000] {dag.py:3047} INFO - Sync 1 DAGs
[2026-08-21T22:51:20.922+0000] {logging_mixin.py:188} INFO - [2026-08-21T22:51:20.922+0000] {dag.py:3834} INFO - Setting next_dagrun for example_short_circuit_decorator to 2026-08-20 00:00:00+00:00, run_after=2026-08-21 00:00:00+00:00
[2026-08-21T22:51:20.944+0000] {processor.py:183} INFO - Processing /home/airflow/.local/lib/python3.8/site-packages/airflow/example_dags/example_short_circuit_decorator.py took 0.095 seconds
[2026-08-21T22:51:51.156+0000] {processor.py:161} INFO - Started process (PID=661) to work on /home/airflow/.local/lib/python3.8/site-packages/airflow/example_dags/example_short_circuit_decorator.py
[2026-08-21T22:51:51.158+0000] {processor.py:830} INFO - Processing file /home/airflow/.local/lib/python3.8/site-packages/airflow/example_dags/example_short_circuit_decorator.py for tasks to queue
[2026-08-21T22:51:51.160+0000] {logging_mixin.py:188} INFO - [2026-08-21T22:51:51.160+0000] {dagbag.py:540} INFO - Filling up the DagBag from /home/airflow/.local/lib/python3.8/site-packages/airflow/example_dags/example_short_circuit_decorator.py
[2026-08-21T22:51:51.171+0000] {processor.py:840} INFO - DAG(s) 'example_short_circuit_decorator' retrieved from /home/airflow/.local/lib/python3.8/site-packages/airflow/example_dags/example_short_circuit_decorator.py
[2026-08-21T22:51:51.196+0000] {logging_mixin.py:188} INFO - [2026-08-21T22:51:51.195+0000] {dag.py:3047} INFO - Sync 1 DAGs
[2026-08-21T22:51:51.220+0000] {logging_mixin.py:188} INFO - [2026-08-21T22:51:51.219+0000] {dag.py:3834} INFO - Setting next_dagrun for example_short_circuit_decorator to 2026-08-20 00:00:00+00:00, run_after=2026-08-21 00:00:00+00:00
[2026-08-21T22:51:51.240+0000] {processor.py:183} INFO - Processing /home/airflow/.local/lib/python3.8/site-packages/airflow/example_dags/example_short_circuit_decorator.py took 0.088 seconds
[2026-08-21T22:52:21.555+0000] {processor.py:161} INFO - Started process (PID=718) to work on /home/airflow/.local/lib/python3.8/site-packages/airflow/example_dags/example_short_circuit_decorator.py
[2026-08-21T22:52:21.557+0000] {processor.py:830} INFO - Processing file /home/airflow/.local/lib/python3.8/site-packages/airflow/example_dags/example_short_circuit_decorator.py for tasks to queue
[2026-08-21T22:52:21.560+0000] {logging_mixin.py:188} INFO - [2026-08-21T22:52:21.560+0000] {dagbag.py:540} INFO - Filling up the DagBag from /home/airflow/.local/lib/python3.8/site-packages/airflow/example_dags/example_short_circuit_decorator.py
[2026-08-21T22:52:21.573+0000] {processor.py:840} INFO - DAG(s) 'example_short_circuit_decorator' retrieved from /home/airflow/.local/lib/python3.8/site-packages/airflow/example_dags/example_short_circuit_decorator.py
[2026-08-21T22:52:21.612+0000] {logging_mixin.py:188} INFO - [2026-08-21T22:52:21.611+0000] {dag.py:3047} INFO - Sync 1 DAGs
[2026-08-21T22:52:21.639+0000] {logging_mixin.py:188} INFO - [2026-08-21T22:52:21.639+0000] {dag.py:3834} INFO - Setting next_dagrun for example_short_circuit_decorator to 2026-08-20 00:00:00+00:00, run_after=2026-08-21 00:00:00+00:00
[2026-08-21T22:52:21.662+0000] {processor.py:183} INFO - Processing /home/airflow/.local/lib/python3.8/site-packages/airflow/example_dags/example_short_circuit_decorator.py took 0.112 seconds
[2026-08-21T22:52:51.809+0000] {processor.py:161} INFO - Started process (PID=775) to work on /home/airflow/.local/lib/python3.8/site-packages/airflow/example_dags/example_short_circuit_decorator.py
[2026-08-21T22:52:51.812+0000] {processor.py:830} INFO - Processing file /home/airflow/.local/lib/python3.8/site-packages/airflow/example_dags/example_short_circuit_decorator.py for tasks to queue
[2026-08-21T22:52:51.815+0000] {logging_mixin.py:188} INFO - [2026-08-21T22:52:51.815+0000] {dagbag.py:540} INFO - Filling up the DagBag from /home/airflow/.local/lib/python3.8/site-packages/airflow/example_dags/example_short_circuit_decorator.py
[2026-08-21T22:52:51.839+0000] {processor.py:840} INFO - DAG(s) 'example_short_circuit_decorator' retrieved from /home/airflow/.local/lib/python3.8/site-packages/airflow/example_dags/example_short_circuit_decorator.py
[2026-08-21T22:52:51.899+0000] {logging_mixin.py:188} INFO - [2026-08-21T22:52:51.898+0000] {dag.py:3047} INFO - Sync 1 DAGs
[2026-08-21T22:52:51.945+0000] {logging_mixin.py:188} INFO - [2026-08-21T22:52:51.945+0000] {dag.py:3834} INFO - Setting next_dagrun for example_short_circuit_decorator to 2026-08-20 00:00:00+00:00, run_after=2026-08-21 00:00:00+00:00
[2026-08-21T22:52:52.005+0000] {processor.py:183} INFO - Processing /home/airflow/.local/lib/python3.8/site-packages/airflow/example_dags/example_short_circuit_decorator.py took 0.203 seconds
[2026-08-21T22:53:22.688+0000] {processor.py:161} INFO - Started process (PID=832) to work on /home/airflow/.local/lib/python3.8/site-packages/airflow/example_dags/example_short_circuit_decorator.py
[2026-08-21T22:53:22.690+0000] {processor.py:830} INFO - Processing file /home/airflow/.local/lib/python3.8/site-packages/airflow/example_dags/example_short_circuit_decorator.py for tasks to queue
[2026-08-21T22:53:22.692+0000] {logging_mixin.py:188} INFO - [2026-08-21T22:53:22.692+0000] {dagbag.py:540} INFO - Filling up the DagBag from /home/airflow/.local/lib/python3.8/site-packages/airflow/example_dags/example_short_circuit_decorator.py
[2026-08-21T22:53:22.705+0000] {processor.py:840} INFO - DAG(s) 'example_short_circuit_decorator' retrieved from /home/airflow/.local/lib/python3.8/site-packages/airflow/example_dags/example_short_circuit_decorator.py
[2026-08-21T22:53:22.740+0000] {logging_mixin.py:188} INFO - [2026-08-21T22:53:22.740+0000] {dag.py:3047} INFO - Sync 1 DAGs
[2026-08-21T22:53:22.769+0000] {logging_mixin.py:188} INFO - [2026-08-21T22:53:22.769+0000] {dag.py:3834} INFO - Setting next_dagrun for example_short_circuit_decorator to 2026-08-20 00:00:00+00:00, run_after=2026-08-21 00:00:00+00:00
[2026-08-21T22:53:22.796+0000] {processor.py:183} INFO - Processing /home/airflow/.local/lib/python3.8/site-packages/airflow/example_dags/example_short_circuit_decorator.py took 0.111 seconds
[2026-08-21T22:53:53.117+0000] {processor.py:161} INFO - Started process (PID=889) to work on /home/airflow/.local/lib/python3.8/site-packages/airflow/example_dags/example_short_circuit_decorator.py
[2026-08-21T22:53:53.120+0000] {processor.py:830} INFO - Processing file /home/airflow/.local/lib/python3.8/site-packages/airflow/example_dags/example_short_circuit_decorator.py for tasks to queue
[2026-08-21T22:53:53.124+0000] {logging_mixin.py:188} INFO - [2026-08-21T22:53:53.124+0000] {dagbag.py:540} INFO - Filling up the DagBag from /home/airflow/.local/lib/python3.8/site-packages/airflow/example_dags/example_short_circuit_decorator.py
[2026-08-21T22:53:53.144+0000] {processor.py:840} INFO - DAG(s) 'example_short_circuit_decorator' retrieved from /home/airflow/.local/lib/python3.8/site-packages/airflow/example_dags/example_short_circuit_decorator.py
[2026-08-21T22:53:53.198+0000] {logging_mixin.py:188} INFO - [2026-08-21T22:53:53.198+0000] {dag.py:3047} INFO - Sync 1 DAGs
[2026-08-21T22:53:53.248+0000] {logging_mixin.py:188} INFO - [2026-08-21T22:53:53.247+0000] {dag.py:3834} INFO - Setting next_dagrun for example_short_circuit_decorator to 2026-08-20 00:00:00+00:00, run_after=2026-08-21 00:00:00+00:00
[2026-08-21T22:53:53.285+0000] {processor.py:183} INFO - Processing /home/airflow/.local/lib/python3.8/site-packages/airflow/example_dags/example_short_circuit_decorator.py took 0.177 seconds
[2026-08-21T22:54:23.365+0000] {processor.py:161} INFO - Started process (PID=945) to work on /home/airflow/.local/lib/python3.8/site-packages/airflow/example_dags/example_short_circuit_decorator.py
[2026-08-21T22:54:23.367+0000] {processor.py:830} INFO - Processing file /home/airflow/.local/lib/python3.8/site-packages/airflow/example_dags/example_short_circuit_decorator.py for tasks to queue
[2026-08-21T22:54:23.370+0000] {logging_mixin.py:188} INFO - [2026-08-21T22:54:23.370+0000] {dagbag.py:540} INFO - Filling up the DagBag from /home/airflow/.local/lib/python3.8/site-packages/airflow/example_dags/example_short_circuit_decorator.py
[2026-08-21T22:54:23.384+0000] {processor.py:840} INFO - DAG(s) 'example_short_circuit_decorator' retrieved from /home/airflow/.local/lib/python3.8/site-packages/airflow/example_dags/example_short_circuit_decorator.py
[2026-08-21T22:54:23.415+0000] {logging_mixin.py:188} INFO - [2026-08-21T22:54:23.414+0000] {dag.py:3047} INFO - Sync 1 DAGs
[2026-08-21T22:54:23.447+0000] {logging_mixin.py:188} INFO - [2026-08-21T22:54:23.447+0000] {dag.py:3834} INFO - Setting next_dagrun for example_short_circuit_decorator to 2026-08-20 00:00:00+00:00, run_after=2026-08-21 00:00:00+00:00
[2026-08-21T22:54:23.482+0000] {processor.py:183} INFO - Processing /home/airflow/.local/lib/python3.8/site-packages/airflow/example_dags/example_short_circuit_decorator.py took 0.123 seconds
[2026-08-21T22:54:54.017+0000] {processor.py:161} INFO - Started process (PID=1003) to work on /home/airflow/.local/lib/python3.8/site-packages/airflow/example_dags/example_short_circuit_decorator.py
[2026-08-21T22:54:54.019+0000] {processor.py:830} INFO - Processing file /home/airflow/.local/lib/python3.8/site-packages/airflow/example_dags/example_short_circuit_decorator.py for tasks to queue
[2026-08-21T22:54:54.023+0000] {logging_mixin.py:188} INFO - [2026-08-21T22:54:54.022+0000] {dagbag.py:540} INFO - Filling up the DagBag from /home/airflow/.local/lib/python3.8/site-packages/airflow/example_dags/example_short_circuit_decorator.py
[2026-08-21T22:54:54.035+0000] {processor.py:840} INFO - DAG(s) 'example_short_circuit_decorator' retrieved from /home/airflow/.local/lib/python3.8/site-packages/airflow/example_dags/example_short_circuit_decorator.py
[2026-08-21T22:54:54.065+0000] {logging_mixin.py:188} INFO - [2026-08-21T22:54:54.065+0000] {dag.py:3047} INFO - Sync 1 DAGs
[2026-08-21T22:54:54.099+0000] {logging_mixin.py:188} INFO - [2026-08-21T22:54:54.098+0000] {dag.py:3834} INFO - Setting next_dagrun for example_short_circuit_decorator to 2026-08-20 00:00:00+00:00, run_after=2026-08-21 00:00:00+00:00
[2026-08-21T22:54:54.131+0000] {processor.py:183} INFO - Processing /home/airflow/.local/lib/python3.8/site-packages/airflow/example_dags/example_short_circuit_decorator.py took 0.118 seconds
[2026-08-21T22:55:24.638+0000] {processor.py:161} INFO - Started process (PID=1060) to work on /home/airflow/.local/lib/python3.8/site-packages/airflow/example_dags/example_short_circuit_decorator.py
[2026-08-21T22:55:24.641+0000] {processor.py:830} INFO - Processing file /home/airflow/.local/lib/python3.8/site-packages/airflow/example_dags/example_short_circuit_decorator.py for tasks to queue
[2026-08-21T22:55:24.644+0000] {logging_mixin.py:188} INFO - [2026-08-21T22:55:24.644+0000] {dagbag.py:540} INFO - Filling up the DagBag from /home/airflow/.local/lib/python3.8/site-packages/airflow/example_dags/example_short_circuit_decorator.py
[2026-08-21T22:55:24.661+0000] {processor.py:840} INFO - DAG(s) 'example_short_circuit_decorator' retrieved from /home/airflow/.local/lib/python3.8/site-packages/airflow/example_dags/example_short_circuit_decorator.py
[2026-08-21T22:55:24.699+0000] {logging_mixin.py:188} INFO - [2026-08-21T22:55:24.699+0000] {dag.py:3047} INFO - Sync 1 DAGs
[2026-08-21T22:55:24.732+0000] {logging_mixin.py:188} INFO - [2026-08-21T22:55:24.732+0000] {dag.py:3834} INFO - Setting next_dagrun for example_short_circuit_decorator to 2026-08-20 00:00:00+00:00, run_after=2026-08-21 00:00:00+00:00
[2026-08-21T22:55:24.765+0000] {processor.py:183} INFO - Processing /home/airflow/.local/lib/python3.8/site-packages/airflow/example_dags/example_short_circuit_decorator.py took 0.132 seconds
[2026-08-21T22:55:54.930+0000] {processor.py:161} INFO - Started process (PID=1117) to work on /home/airflow/.local/lib/python3.8/site-packages/airflow/example_dags/example_short_circuit_decorator.py
[2026-08-21T22:55:54.931+0000] {processor.py:830} INFO - Processing file /home/airflow/.local/lib/python3.8/site-packages/airflow/example_dags/example_short_circuit_decorator.py for tasks to queue
[2026-08-21T22:55:54.935+0000] {logging_mixin.py:188} INFO - [2026-08-21T22:55:54.934+0000] {dagbag.py:540} INFO - Filling up the DagBag from /home/airflow/.local/lib/python3.8/site-packages/airflow/example_dags/example_short_circuit_decorator.py
[2026-08-21T22:55:54.951+0000] {processor.py:840} INFO - DAG(s) 'example_short_circuit_decorator' retrieved from /home/airflow/.local/lib/python3.8/site-packages/airflow/example_dags/example_short_circuit_decorator.py
[2026-08-21T22:55:54.979+0000] {logging_mixin.py:188} INFO - [2026-08-21T22:55:54.979+0000] {dag.py:3047} INFO - Sync 1 DAGs
[2026-08-21T22:55:55.010+0000] {logging_mixin.py:188} INFO - [2026-08-21T22:55:55.009+0000] {dag.py:3834} INFO - Setting next_dagrun for example_short_circuit_decorator to 2026-08-20 00:00:00+00:00, run_after=2026-08-21 00:00:00+00:00
[2026-08-21T22:55:55.033+0000] {processor.py:183} INFO - Processing /home/airflow/.local/lib/python3.8/site-packages/airflow/example_dags/example_short_circuit_decorator.py took 0.107 seconds
[2026-08-21T22:56:25.787+0000] {processor.py:161} INFO - Started process (PID=1174) to work on /home/airflow/.local/lib/python3.8/site-packages/airflow/example_dags/example_short_circuit_decorator.py
[2026-08-21T22:56:25.795+0000] {processor.py:830} INFO - Processing file /home/airflow/.local/lib/python3.8/site-packages/airflow/example_dags/example_short_circuit_decorator.py for tasks to queue
[2026-08-21T22:56:25.805+0000] {logging_mixin.py:188} INFO - [2026-08-21T22:56:25.804+0000] {dagbag.py:540} INFO - Filling up the DagBag from /home/airflow/.local/lib/python3.8/site-packages/airflow/example_dags/example_short_circuit_decorator.py
[2026-08-21T22:56:25.838+0000] {processor.py:840} INFO - DAG(s) 'example_short_circuit_decorator' retrieved from /home/airflow/.local/lib/python3.8/site-packages/airflow/example_dags/example_short_circuit_decorator.py
[2026-08-21T22:56:25.892+0000] {logging_mixin.py:188} INFO - [2026-08-21T22:56:25.892+0000] {dag.py:3047} INFO - Sync 1 DAGs
[2026-08-21T22:56:25.932+0000] {logging_mixin.py:188} INFO - [2026-08-21T22:56:25.932+0000] {dag.py:3834} INFO - Setting next_dagrun for example_short_circuit_decorator to 2026-08-20 00:00:00+00:00, run_after=2026-08-21 00:00:00+00:00
[2026-08-21T22:56:25.965+0000] {processor.py:183} INFO - Processing /home/airflow/.local/lib/python3.8/site-packages/airflow/example_dags/example_short_circuit_decorator.py took 0.189 seconds
[2026-08-21T22:56:56.342+0000] {processor.py:161} INFO - Started process (PID=1231) to work on /home/airflow/.local/lib/python3.8/site-packages/airflow/example_dags/example_short_circuit_decorator.py
[2026-08-21T22:56:56.344+0000] {processor.py:830} INFO - Processing file /home/airflow/.local/lib/python3.8/site-packages/airflow/example_dags/example_short_circuit_decorator.py for tasks to queue
[2026-08-21T22:56:56.347+0000] {logging_mixin.py:188} INFO - [2026-08-21T22:56:56.347+0000] {dagbag.py:540} INFO - Filling up the DagBag from /home/airflow/.local/lib/python3.8/site-packages/airflow/example_dags/example_short_circuit_decorator.py
[2026-08-21T22:56:56.362+0000] {processor.py:840} INFO - DAG(s) 'example_short_circuit_decorator' retrieved from /home/airflow/.local/lib/python3.8/site-packages/airflow/example_dags/example_short_circuit_decorator.py
[2026-08-21T22:56:56.405+0000] {logging_mixin.py:188} INFO - [2026-08-21T22:56:56.404+0000] {dag.py:3047} INFO - Sync 1 DAGs
[2026-08-21T22:56:56.462+0000] {logging_mixin.py:188} INFO - [2026-08-21T22:56:56.461+0000] {dag.py:3834} INFO - Setting next_dagrun for example_short_circuit_decorator to 2026-08-20 00:00:00+00:00, run_after=2026-08-21 00:00:00+00:00
[2026-08-21T22:56:56.496+0000] {processor.py:183} INFO - Processing /home/airflow/.local/lib/python3.8/site-packages/airflow/example_dags/example_short_circuit_decorator.py took 0.158 seconds
[2026-08-21T22:57:27.048+0000] {processor.py:161} INFO - Started process (PID=1288) to work on /home/airflow/.local/lib/python3.8/site-packages/airflow/example_dags/example_short_circuit_decorator.py
[2026-08-21T22:57:27.050+0000] {processor.py:830} INFO - Processing file /home/airflow/.local/lib/python3.8/site-packages/airflow/example_dags/example_short_circuit_decorator.py for tasks to queue
[2026-08-21T22:57:27.054+0000] {logging_mixin.py:188} INFO - [2026-08-21T22:57:27.054+0000] {dagbag.py:540} INFO - Filling up the DagBag from /home/airflow/.local/lib/python3.8/site-packages/airflow/example_dags/example_short_circuit_decorator.py
[2026-08-21T22:57:27.073+0000] {processor.py:840} INFO - DAG(s) 'example_short_circuit_decorator' retrieved from /home/airflow/.local/lib/python3.8/site-packages/airflow/example_dags/example_short_circuit_decorator.py
[2026-08-21T22:57:27.119+0000] {logging_mixin.py:188} INFO - [2026-08-21T22:57:27.118+0000] {dag.py:3047} INFO - Sync 1 DAGs
[2026-08-21T22:57:27.159+0000] {logging_mixin.py:188} INFO - [2026-08-21T22:57:27.159+0000] {dag.py:3834} INFO - Setting next_dagrun for example_short_circuit_decorator to 2026-08-20 00:00:00+00:00, run_after=2026-08-21 00:00:00+00:00
[2026-08-21T22:57:27.192+0000] {processor.py:183} INFO - Processing /home/airflow/.local/lib/python3.8/site-packages/airflow/example_dags/example_short_circuit_decorator.py took 0.149 seconds
[2026-08-21T22:57:57.450+0000] {processor.py:161} INFO - Started process (PID=1345) to work on /home/airflow/.local/lib/python3.8/site-packages/airflow/example_dags/example_short_circuit_decorator.py
[2026-08-21T22:57:57.452+0000] {processor.py:830} INFO - Processing file /home/airflow/.local/lib/python3.8/site-packages/airflow/example_dags/example_short_circuit_decorator.py for tasks to queue
[2026-08-21T22:57:57.454+0000] {logging_mixin.py:188} INFO - [2026-08-21T22:57:57.454+0000] {dagbag.py:540} INFO - Filling up the DagBag from /home/airflow/.local/lib/python3.8/site-packages/airflow/example_dags/example_short_circuit_decorator.py
[2026-08-21T22:57:57.466+0000] {processor.py:840} INFO - DAG(s) 'example_short_circuit_decorator' retrieved from /home/airflow/.local/lib/python3.8/site-packages/airflow/example_dags/example_short_circuit_decorator.py
[2026-08-21T22:57:57.493+0000] {logging_mixin.py:188} INFO - [2026-08-21T22:57:57.493+0000] {dag.py:3047} INFO - Sync 1 DAGs
[2026-08-21T22:57:57.522+0000] {logging_mixin.py:188} INFO - [2026-08-21T22:57:57.522+0000] {dag.py:3834} INFO - Setting next_dagrun for example_short_circuit_decorator to 2026-08-20 00:00:00+00:00, run_after=2026-08-21 00:00:00+00:00
[2026-08-21T22:57:57.549+0000] {processor.py:183} INFO - Processing /home/airflow/.local/lib/python3.8/site-packages/airflow/example_dags/example_short_circuit_decorator.py took 0.102 seconds
[2026-08-21T22:58:28.016+0000] {processor.py:161} INFO - Started process (PID=1402) to work on /home/airflow/.local/lib/python3.8/site-packages/airflow/example_dags/example_short_circuit_decorator.py
[2026-08-21T22:58:28.019+0000] {processor.py:830} INFO - Processing file /home/airflow/.local/lib/python3.8/site-packages/airflow/example_dags/example_short_circuit_decorator.py for tasks to queue
[2026-08-21T22:58:28.026+0000] {logging_mixin.py:188} INFO - [2026-08-21T22:58:28.026+0000] {dagbag.py:540} INFO - Filling up the DagBag from /home/airflow/.local/lib/python3.8/site-packages/airflow/example_dags/example_short_circuit_decorator.py
[2026-08-21T22:58:28.048+0000] {processor.py:840} INFO - DAG(s) 'example_short_circuit_decorator' retrieved from /home/airflow/.local/lib/python3.8/site-packages/airflow/example_dags/example_short_circuit_decorator.py
[2026-08-21T22:58:28.093+0000] {logging_mixin.py:188} INFO - [2026-08-21T22:58:28.093+0000] {dag.py:3047} INFO - Sync 1 DAGs
[2026-08-21T22:58:28.132+0000] {logging_mixin.py:188} INFO - [2026-08-21T22:58:28.132+0000] {dag.py:3834} INFO - Setting next_dagrun for example_short_circuit_decorator to 2026-08-20 00:00:00+00:00, run_after=2026-08-21 00:00:00+00:00
[2026-08-21T22:58:28.157+0000] {processor.py:183} INFO - Processing /home/airflow/.local/lib/python3.8/site-packages/airflow/example_dags/example_short_circuit_decorator.py took 0.147 seconds
[2026-08-21T22:58:58.321+0000] {processor.py:161} INFO - Started process (PID=1459) to work on /home/airflow/.local/lib/python3.8/site-packages/airflow/example_dags/example_short_circuit_decorator.py
[2026-08-21T22:58:58.324+0000] {processor.py:830} INFO - Processing file /home/airflow/.local/lib/python3.8/site-packages/airflow/example_dags/example_short_circuit_decorator.py for tasks to queue
[2026-08-21T22:58:58.328+0000] {logging_mixin.py:188} INFO - [2026-08-21T22:58:58.328+0000] {dagbag.py:540} INFO - Filling up the DagBag from /home/airflow/.local/lib/python3.8/site-packages/airflow/example_dags/example_short_circuit_decorator.py
[2026-08-21T22:58:58.352+0000] {processor.py:840} INFO - DAG(s) 'example_short_circuit_decorator' retrieved from /home/airflow/.local/lib/python3.8/site-packages/airflow/example_dags/example_short_circuit_decorator.py
[2026-08-21T22:58:58.387+0000] {logging_mixin.py:188} INFO - [2026-08-21T22:58:58.387+0000] {dag.py:3047} INFO - Sync 1 DAGs
[2026-08-21T22:58:58.422+0000] {logging_mixin.py:188} INFO - [2026-08-21T22:58:58.422+0000] {dag.py:3834} INFO - Setting next_dagrun for example_short_circuit_decorator to 2026-08-20 00:00:00+00:00, run_after=2026-08-21 00:00:00+00:00
[2026-08-21T22:58:58.449+0000] {processor.py:183} INFO - Processing /home/airflow/.local/lib/python3.8/site-packages/airflow/example_dags/example_short_circuit_decorator.py took 0.136 seconds
[2026-08-21T22:59:28.892+0000] {processor.py:161} INFO - Started process (PID=1516) to work on /home/airflow/.local/lib/python3.8/site-packages/airflow/example_dags/example_short_circuit_decorator.py
[2026-08-21T22:59:28.894+0000] {processor.py:830} INFO - Processing file /home/airflow/.local/lib/python3.8/site-packages/airflow/example_dags/example_short_circuit_decorator.py for tasks to queue
[2026-08-21T22:59:28.897+0000] {logging_mixin.py:188} INFO - [2026-08-21T22:59:28.896+0000] {dagbag.py:540} INFO - Filling up the DagBag from /home/airflow/.local/lib/python3.8/site-packages/airflow/example_dags/example_short_circuit_decorator.py
[2026-08-21T22:59:28.910+0000] {processor.py:840} INFO - DAG(s) 'example_short_circuit_decorator' retrieved from /home/airflow/.local/lib/python3.8/site-packages/airflow/example_dags/example_short_circuit_decorator.py
[2026-08-21T22:59:28.938+0000] {logging_mixin.py:188} INFO - [2026-08-21T22:59:28.938+0000] {dag.py:3047} INFO - Sync 1 DAGs
[2026-08-21T22:59:28.964+0000] {logging_mixin.py:188} INFO - [2026-08-21T22:59:28.964+0000] {dag.py:3834} INFO - Setting next_dagrun for example_short_circuit_decorator to 2026-08-20 00:00:00+00:00, run_after=2026-08-21 00:00:00+00:00
[2026-08-21T22:59:28.991+0000] {processor.py:183} INFO - Processing /home/airflow/.local/lib/python3.8/site-packages/airflow/example_dags/example_short_circuit_decorator.py took 0.106 seconds
[2026-08-21T22:59:59.301+0000] {processor.py:161} INFO - Started process (PID=1573) to work on /home/airflow/.local/lib/python3.8/site-packages/airflow/example_dags/example_short_circuit_decorator.py
[2026-08-21T22:59:59.304+0000] {processor.py:830} INFO - Processing file /home/airflow/.local/lib/python3.8/site-packages/airflow/example_dags/example_short_circuit_decorator.py for tasks to queue
[2026-08-21T22:59:59.307+0000] {logging_mixin.py:188} INFO - [2026-08-21T22:59:59.307+0000] {dagbag.py:540} INFO - Filling up the DagBag from /home/airflow/.local/lib/python3.8/site-packages/airflow/example_dags/example_short_circuit_decorator.py
[2026-08-21T22:59:59.323+0000] {processor.py:840} INFO - DAG(s) 'example_short_circuit_decorator' retrieved from /home/airflow/.local/lib/python3.8/site-packages/airflow/example_dags/example_short_circuit_decorator.py
[2026-08-21T22:59:59.374+0000] {logging_mixin.py:188} INFO - [2026-08-21T22:59:59.373+0000] {dag.py:3047} INFO - Sync 1 DAGs
[2026-08-21T22:59:59.424+0000] {logging_mixin.py:188} INFO - [2026-08-21T22:59:59.424+0000] {dag.py:3834} INFO - Setting next_dagrun for example_short_circuit_decorator to 2026-08-20 00:00:00+00:00, run_after=2026-08-21 00:00:00+00:00
[2026-08-21T22:59:59.474+0000] {processor.py:183} INFO - Processing /home/airflow/.local/lib/python3.8/site-packages/airflow/example_dags/example_short_circuit_decorator.py took 0.178 seconds
[2026-08-21T23:00:29.712+0000] {processor.py:161} INFO - Started process (PID=1630) to work on /home/airflow/.local/lib/python3.8/site-packages/airflow/example_dags/example_short_circuit_decorator.py
[2026-08-21T23:00:29.715+0000] {processor.py:830} INFO - Processing file /home/airflow/.local/lib/python3.8/site-packages/airflow/example_dags/example_short_circuit_decorator.py for tasks to queue
[2026-08-21T23:00:29.718+0000] {logging_mixin.py:188} INFO - [2026-08-21T23:00:29.718+0000] {dagbag.py:540} INFO - Filling up the DagBag from /home/airflow/.local/lib/python3.8/site-packages/airflow/example_dags/example_short_circuit_decorator.py
[2026-08-21T23:00:29.732+0000] {processor.py:840} INFO - DAG(s) 'example_short_circuit_decorator' retrieved from /home/airflow/.local/lib/python3.8/site-packages/airflow/example_dags/example_short_circuit_decorator.py
[2026-08-21T23:00:29.762+0000] {logging_mixin.py:188} INFO - [2026-08-21T23:00:29.762+0000] {dag.py:3047} INFO - Sync 1 DAGs
[2026-08-21T23:00:29.788+0000] {logging_mixin.py:188} INFO - [2026-08-21T23:00:29.788+0000] {dag.py:3834} INFO - Setting next_dagrun for example_short_circuit_decorator to 2026-08-20 00:00:00+00:00, run_after=2026-08-21 00:00:00+00:00
[2026-08-21T23:00:29.810+0000] {processor.py:183} INFO - Processing /home/airflow/.local/lib/python3.8/site-packages/airflow/example_dags/example_short_circuit_decorator.py took 0.101 seconds
[2026-08-21T23:01:00.452+0000] {processor.py:161} INFO - Started process (PID=1687) to work on /home/airflow/.local/lib/python3.8/site-packages/airflow/example_dags/example_short_circuit_decorator.py
[2026-08-21T23:01:00.454+0000] {processor.py:830} INFO - Processing file /home/airflow/.local/lib/python3.8/site-packages/airflow/example_dags/example_short_circuit_decorator.py for tasks to queue
[2026-08-21T23:01:00.456+0000] {logging_mixin.py:188} INFO - [2026-08-21T23:01:00.456+0000] {dagbag.py:540} INFO - Filling up the DagBag from /home/airflow/.local/lib/python3.8/site-packages/airflow/example_dags/example_short_circuit_decorator.py
[2026-08-21T23:01:00.466+0000] {processor.py:840} INFO - DAG(s) 'example_short_circuit_decorator' retrieved from /home/airflow/.local/lib/python3.8/site-packages/airflow/example_dags/example_short_circuit_decorator.py
[2026-08-21T23:01:00.493+0000] {logging_mixin.py:188} INFO - [2026-08-21T23:01:00.492+0000] {dag.py:3047} INFO - Sync 1 DAGs
[2026-08-21T23:01:00.517+0000] {logging_mixin.py:188} INFO - [2026-08-21T23:01:00.517+0000] {dag.py:3834} INFO - Setting next_dagrun for example_short_circuit_decorator to 2026-08-20 00:00:00+00:00, run_after=2026-08-21 00:00:00+00:00
[2026-08-21T23:01:00.538+0000] {processor.py:183} INFO - Processing /home/airflow/.local/lib/python3.8/site-packages/airflow/example_dags/example_short_circuit_decorator.py took 0.089 seconds
[2026-08-21T23:01:30.705+0000] {processor.py:161} INFO - Started process (PID=1744) to work on /home/airflow/.local/lib/python3.8/site-packages/airflow/example_dags/example_short_circuit_decorator.py
[2026-08-21T23:01:30.707+0000] {processor.py:830} INFO - Processing file /home/airflow/.local/lib/python3.8/site-packages/airflow/example_dags/example_short_circuit_decorator.py for tasks to queue
[2026-08-21T23:01:30.711+0000] {logging_mixin.py:188} INFO - [2026-08-21T23:01:30.710+0000] {dagbag.py:540} INFO - Filling up the DagBag from /home/airflow/.local/lib/python3.8/site-packages/airflow/example_dags/example_short_circuit_decorator.py
[2026-08-21T23:01:30.728+0000] {processor.py:840} INFO - DAG(s) 'example_short_circuit_decorator' retrieved from /home/airflow/.local/lib/python3.8/site-packages/airflow/example_dags/example_short_circuit_decorator.py
[2026-08-21T23:01:30.765+0000] {logging_mixin.py:188} INFO - [2026-08-21T23:01:30.765+0000] {dag.py:3047} INFO - Sync 1 DAGs
[2026-08-21T23:01:30.806+0000] {logging_mixin.py:188} INFO - [2026-08-21T23:01:30.806+0000] {dag.py:3834} INFO - Setting next_dagrun for example_short_circuit_decorator to 2026-08-20 00:00:00+00:00, run_after=2026-08-21 00:00:00+00:00
[2026-08-21T23:01:30.841+0000] {processor.py:183} INFO - Processing /home/airflow/.local/lib/python3.8/site-packages/airflow/example_dags/example_short_circuit_decorator.py took 0.142 seconds
[2026-08-21T23:02:01.102+0000] {processor.py:161} INFO - Started process (PID=1801) to work on /home/airflow/.local/lib/python3.8/site-packages/airflow/example_dags/example_short_circuit_decorator.py
[2026-08-21T23:02:01.104+0000] {processor.py:830} INFO - Processing file /home/airflow/.local/lib/python3.8/site-packages/airflow/example_dags/example_short_circuit_decorator.py for tasks to queue
[2026-08-21T23:02:01.107+0000] {logging_mixin.py:188} INFO - [2026-08-21T23:02:01.106+0000] {dagbag.py:540} INFO - Filling up the DagBag from /home/airflow/.local/lib/python3.8/site-packages/airflow/example_dags/example_short_circuit_decorator.py
[2026-08-21T23:02:01.120+0000] {processor.py:840} INFO - DAG(s) 'example_short_circuit_decorator' retrieved from /home/airflow/.local/lib/python3.8/site-packages/airflow/example_dags/example_short_circuit_decorator.py
[2026-08-21T23:02:01.150+0000] {logging_mixin.py:188} INFO - [2026-08-21T23:02:01.150+0000] {dag.py:3047} INFO - Sync 1 DAGs
[2026-08-21T23:02:01.176+0000] {logging_mixin.py:188} INFO - [2026-08-21T23:02:01.176+0000] {dag.py:3834} INFO - Setting next_dagrun for example_short_circuit_decorator to 2026-08-20 00:00:00+00:00, run_after=2026-08-21 00:00:00+00:00
[2026-08-21T23:02:01.201+0000] {processor.py:183} INFO - Processing /home/airflow/.local/lib/python3.8/site-packages/airflow/example_dags/example_short_circuit_decorator.py took 0.105 seconds
[2026-08-21T23:02:31.335+0000] {processor.py:161} INFO - Started process (PID=1858) to work on /home/airflow/.local/lib/python3.8/site-packages/airflow/example_dags/example_short_circuit_decorator.py
[2026-08-21T23:02:31.337+0000] {processor.py:830} INFO - Processing file /home/airflow/.local/lib/python3.8/site-packages/airflow/example_dags/example_short_circuit_decorator.py for tasks to queue
[2026-08-21T23:02:31.340+0000] {logging_mixin.py:188} INFO - [2026-08-21T23:02:31.340+0000] {dagbag.py:540} INFO - Filling up the DagBag from /home/airflow/.local/lib/python3.8/site-packages/airflow/example_dags/example_short_circuit_decorator.py
[2026-08-21T23:02:31.353+0000] {processor.py:840} INFO - DAG(s) 'example_short_circuit_decorator' retrieved from /home/airflow/.local/lib/python3.8/site-packages/airflow/example_dags/example_short_circuit_decorator.py
[2026-08-21T23:02:31.384+0000] {logging_mixin.py:188} INFO - [2026-08-21T23:02:31.384+0000] {dag.py:3047} INFO - Sync 1 DAGs
[2026-08-21T23:02:31.413+0000] {logging_mixin.py:188} INFO - [2026-08-21T23:02:31.412+0000] {dag.py:3834} INFO - Setting next_dagrun for example_short_circuit_decorator to 2026-08-20 00:00:00+00:00, run_after=2026-08-21 00:00:00+00:00
[2026-08-21T23:02:31.441+0000] {processor.py:183} INFO - Processing /home/airflow/.local/lib/python3.8/site-packages/airflow/example_dags/example_short_circuit_decorator.py took 0.109 seconds
[2026-08-21T23:03:01.896+0000] {processor.py:161} INFO - Started process (PID=1915) to work on /home/airflow/.local/lib/python3.8/site-packages/airflow/example_dags/example_short_circuit_decorator.py
[2026-08-21T23:03:01.897+0000] {processor.py:830} INFO - Processing file /home/airflow/.local/lib/python3.8/site-packages/airflow/example_dags/example_short_circuit_decorator.py for tasks to queue
[2026-08-21T23:03:01.900+0000] {logging_mixin.py:188} INFO - [2026-08-21T23:03:01.899+0000] {dagbag.py:540} INFO - Filling up the DagBag from /home/airflow/.local/lib/python3.8/site-packages/airflow/example_dags/example_short_circuit_decorator.py
[2026-08-21T23:03:01.910+0000] {processor.py:840} INFO - DAG(s) 'example_short_circuit_decorator' retrieved from /home/airflow/.local/lib/python3.8/site-packages/airflow/example_dags/example_short_circuit_decorator.py
[2026-08-21T23:03:01.937+0000] {logging_mixin.py:188} INFO - [2026-08-21T23:03:01.937+0000] {dag.py:3047} INFO - Sync 1 DAGs
[2026-08-21T23:03:01.964+0000] {logging_mixin.py:188} INFO - [2026-08-21T23:03:01.964+0000] {dag.py:3834} INFO - Setting next_dagrun for example_short_circuit_decorator to 2026-08-20 00:00:00+00:00, run_after=2026-08-21 00:00:00+00:00
[2026-08-21T23:03:01.986+0000] {processor.py:183} INFO - Processing /home/airflow/.local/lib/python3.8/site-packages/airflow/example_dags/example_short_circuit_decorator.py took 0.094 seconds
[2026-08-21T23:03:32.976+0000] {processor.py:161} INFO - Started process (PID=1972) to work on /home/airflow/.local/lib/python3.8/site-packages/airflow/example_dags/example_short_circuit_decorator.py
[2026-08-21T23:03:32.977+0000] {processor.py:830} INFO - Processing file /home/airflow/.local/lib/python3.8/site-packages/airflow/example_dags/example_short_circuit_decorator.py for tasks to queue
[2026-08-21T23:03:32.981+0000] {logging_mixin.py:188} INFO - [2026-08-21T23:03:32.981+0000] {dagbag.py:540} INFO - Filling up the DagBag from /home/airflow/.local/lib/python3.8/site-packages/airflow/example_dags/example_short_circuit_decorator.py
[2026-08-21T23:03:32.997+0000] {processor.py:840} INFO - DAG(s) 'example_short_circuit_decorator' retrieved from /home/airflow/.local/lib/python3.8/site-packages/airflow/example_dags/example_short_circuit_decorator.py
[2026-08-21T23:03:33.035+0000] {logging_mixin.py:188} INFO - [2026-08-21T23:03:33.035+0000] {dag.py:3047} INFO - Sync 1 DAGs
[2026-08-21T23:03:33.065+0000] {logging_mixin.py:188} INFO - [2026-08-21T23:03:33.064+0000] {dag.py:3834} INFO - Setting next_dagrun for example_short_circuit_decorator to 2026-08-20 00:00:00+00:00, run_after=2026-08-21 00:00:00+00:00
[2026-08-21T23:03:33.094+0000] {processor.py:183} INFO - Processing /home/airflow/.local/lib/python3.8/site-packages/airflow/example_dags/example_short_circuit_decorator.py took 0.122 seconds
[2026-08-21T23:04:04.168+0000] {processor.py:161} INFO - Started process (PID=2029) to work on /home/airflow/.local/lib/python3.8/site-packages/airflow/example_dags/example_short_circuit_decorator.py
[2026-08-21T23:04:04.175+0000] {processor.py:830} INFO - Processing file /home/airflow/.local/lib/python3.8/site-packages/airflow/example_dags/example_short_circuit_decorator.py for tasks to queue
[2026-08-21T23:04:04.213+0000] {logging_mixin.py:188} INFO - [2026-08-21T23:04:04.212+0000] {dagbag.py:540} INFO - Filling up the DagBag from /home/airflow/.local/lib/python3.8/site-packages/airflow/example_dags/example_short_circuit_decorator.py
[2026-08-21T23:04:04.269+0000] {processor.py:840} INFO - DAG(s) 'example_short_circuit_decorator' retrieved from /home/airflow/.local/lib/python3.8/site-packages/airflow/example_dags/example_short_circuit_decorator.py
[2026-08-21T23:04:04.380+0000] {logging_mixin.py:188} INFO - [2026-08-21T23:04:04.380+0000] {dag.py:3047} INFO - Sync 1 DAGs
[2026-08-21T23:04:04.503+0000] {logging_mixin.py:188} INFO - [2026-08-21T23:04:04.503+0000] {dag.py:3834} INFO - Setting next_dagrun for example_short_circuit_decorator to 2026-08-20 00:00:00+00:00, run_after=2026-08-21 00:00:00+00:00
[2026-08-21T23:04:04.572+0000] {processor.py:183} INFO - Processing /home/airflow/.local/lib/python3.8/site-packages/airflow/example_dags/example_short_circuit_decorator.py took 0.422 seconds
[2026-08-21T23:04:34.648+0000] {processor.py:161} INFO - Started process (PID=2086) to work on /home/airflow/.local/lib/python3.8/site-packages/airflow/example_dags/example_short_circuit_decorator.py
[2026-08-21T23:04:34.650+0000] {processor.py:830} INFO - Processing file /home/airflow/.local/lib/python3.8/site-packages/airflow/example_dags/example_short_circuit_decorator.py for tasks to queue
[2026-08-21T23:04:34.654+0000] {logging_mixin.py:188} INFO - [2026-08-21T23:04:34.654+0000] {dagbag.py:540} INFO - Filling up the DagBag from /home/airflow/.local/lib/python3.8/site-packages/airflow/example_dags/example_short_circuit_decorator.py
[2026-08-21T23:04:34.669+0000] {processor.py:840} INFO - DAG(s) 'example_short_circuit_decorator' retrieved from /home/airflow/.local/lib/python3.8/site-packages/airflow/example_dags/example_short_circuit_decorator.py
[2026-08-21T23:04:34.716+0000] {logging_mixin.py:188} INFO - [2026-08-21T23:04:34.715+0000] {dag.py:3047} INFO - Sync 1 DAGs
[2026-08-21T23:04:34.752+0000] {logging_mixin.py:188} INFO - [2026-08-21T23:04:34.752+0000] {dag.py:3834} INFO - Setting next_dagrun for example_short_circuit_decorator to 2026-08-20 00:00:00+00:00, run_after=2026-08-21 00:00:00+00:00
[2026-08-21T23:04:34.778+0000] {processor.py:183} INFO - Processing /home/airflow/.local/lib/python3.8/site-packages/airflow/example_dags/example_short_circuit_decorator.py took 0.137 seconds
[2026-08-21T23:05:04.924+0000] {processor.py:161} INFO - Started process (PID=2143) to work on /home/airflow/.local/lib/python3.8/site-packages/airflow/example_dags/example_short_circuit_decorator.py
[2026-08-21T23:05:04.927+0000] {processor.py:830} INFO - Processing file /home/airflow/.local/lib/python3.8/site-packages/airflow/example_dags/example_short_circuit_decorator.py for tasks to queue
[2026-08-21T23:05:04.930+0000] {logging_mixin.py:188} INFO - [2026-08-21T23:05:04.930+0000] {dagbag.py:540} INFO - Filling up the DagBag from /home/airflow/.local/lib/python3.8/site-packages/airflow/example_dags/example_short_circuit_decorator.py
[2026-08-21T23:05:04.943+0000] {processor.py:840} INFO - DAG(s) 'example_short_circuit_decorator' retrieved from /home/airflow/.local/lib/python3.8/site-packages/airflow/example_dags/example_short_circuit_decorator.py
[2026-08-21T23:05:04.980+0000] {logging_mixin.py:188} INFO - [2026-08-21T23:05:04.979+0000] {dag.py:3047} INFO - Sync 1 DAGs
[2026-08-21T23:05:05.014+0000] {logging_mixin.py:188} INFO - [2026-08-21T23:05:05.014+0000] {dag.py:3834} INFO - Setting next_dagrun for example_short_circuit_decorator to 2026-08-20 00:00:00+00:00, run_after=2026-08-21 00:00:00+00:00
[2026-08-21T23:05:05.037+0000] {processor.py:183} INFO - Processing /home/airflow/.local/lib/python3.8/site-packages/airflow/example_dags/example_short_circuit_decorator.py took 0.116 seconds
[2026-08-21T23:05:35.204+0000] {processor.py:161} INFO - Started process (PID=2200) to work on /home/airflow/.local/lib/python3.8/site-packages/airflow/example_dags/example_short_circuit_decorator.py
[2026-08-21T23:05:35.207+0000] {processor.py:830} INFO - Processing file /home/airflow/.local/lib/python3.8/site-packages/airflow/example_dags/example_short_circuit_decorator.py for tasks to queue
[2026-08-21T23:05:35.211+0000] {logging_mixin.py:188} INFO - [2026-08-21T23:05:35.211+0000] {dagbag.py:540} INFO - Filling up the DagBag from /home/airflow/.local/lib/python3.8/site-packages/airflow/example_dags/example_short_circuit_decorator.py
[2026-08-21T23:05:35.230+0000] {processor.py:840} INFO - DAG(s) 'example_short_circuit_decorator' retrieved from /home/airflow/.local/lib/python3.8/site-packages/airflow/example_dags/example_short_circuit_decorator.py
[2026-08-21T23:05:35.279+0000] {logging_mixin.py:188} INFO - [2026-08-21T23:05:35.278+0000] {dag.py:3047} INFO - Sync 1 DAGs
[2026-08-21T23:05:35.307+0000] {logging_mixin.py:188} INFO - [2026-08-21T23:05:35.306+0000] {dag.py:3834} INFO - Setting next_dagrun for example_short_circuit_decorator to 2026-08-20 00:00:00+00:00, run_after=2026-08-21 00:00:00+00:00
[2026-08-21T23:05:35.336+0000] {processor.py:183} INFO - Processing /home/airflow/.local/lib/python3.8/site-packages/airflow/example_dags/example_short_circuit_decorator.py took 0.140 seconds
[2026-08-21T23:06:05.625+0000] {processor.py:161} INFO - Started process (PID=2257) to work on /home/airflow/.local/lib/python3.8/site-packages/airflow/example_dags/example_short_circuit_decorator.py
[2026-08-21T23:06:05.627+0000] {processor.py:830} INFO - Processing file /home/airflow/.local/lib/python3.8/site-packages/airflow/example_dags/example_short_circuit_decorator.py for tasks to queue
[2026-08-21T23:06:05.630+0000] {logging_mixin.py:188} INFO - [2026-08-21T23:06:05.630+0000] {dagbag.py:540} INFO - Filling up the DagBag from /home/airflow/.local/lib/python3.8/site-packages/airflow/example_dags/example_short_circuit_decorator.py
[2026-08-21T23:06:05.661+0000] {processor.py:840} INFO - DAG(s) 'example_short_circuit_decorator' retrieved from /home/airflow/.local/lib/python3.8/site-packages/airflow/example_dags/example_short_circuit_decorator.py
[2026-08-21T23:06:05.696+0000] {logging_mixin.py:188} INFO - [2026-08-21T23:06:05.695+0000] {dag.py:3047} INFO - Sync 1 DAGs
[2026-08-21T23:06:05.725+0000] {logging_mixin.py:188} INFO - [2026-08-21T23:06:05.725+0000] {dag.py:3834} INFO - Setting next_dagrun for example_short_circuit_decorator to 2026-08-20 00:00:00+00:00, run_after=2026-08-21 00:00:00+00:00
[2026-08-21T23:06:05.748+0000] {processor.py:183} INFO - Processing /home/airflow/.local/lib/python3.8/site-packages/airflow/example_dags/example_short_circuit_decorator.py took 0.129 seconds
[2026-08-21T23:06:36.512+0000] {processor.py:161} INFO - Started process (PID=2314) to work on /home/airflow/.local/lib/python3.8/site-packages/airflow/example_dags/example_short_circuit_decorator.py
[2026-08-21T23:06:36.513+0000] {processor.py:830} INFO - Processing file /home/airflow/.local/lib/python3.8/site-packages/airflow/example_dags/example_short_circuit_decorator.py for tasks to queue
[2026-08-21T23:06:36.517+0000] {logging_mixin.py:188} INFO - [2026-08-21T23:06:36.516+0000] {dagbag.py:540} INFO - Filling up the DagBag from /home/airflow/.local/lib/python3.8/site-packages/airflow/example_dags/example_short_circuit_decorator.py
[2026-08-21T23:06:36.529+0000] {processor.py:840} INFO - DAG(s) 'example_short_circuit_decorator' retrieved from /home/airflow/.local/lib/python3.8/site-packages/airflow/example_dags/example_short_circuit_decorator.py
[2026-08-21T23:06:36.561+0000] {logging_mixin.py:188} INFO - [2026-08-21T23:06:36.560+0000] {dag.py:3047} INFO - Sync 1 DAGs
[2026-08-21T23:06:36.592+0000] {logging_mixin.py:188} INFO - [2026-08-21T23:06:36.591+0000] {dag.py:3834} INFO - Setting next_dagrun for example_short_circuit_decorator to 2026-08-20 00:00:00+00:00, run_after=2026-08-21 00:00:00+00:00
[2026-08-21T23:06:36.613+0000] {processor.py:183} INFO - Processing /home/airflow/.local/lib/python3.8/site-packages/airflow/example_dags/example_short_circuit_decorator.py took 0.105 seconds
[2026-08-21T23:07:06.787+0000] {processor.py:161} INFO - Started process (PID=2371) to work on /home/airflow/.local/lib/python3.8/site-packages/airflow/example_dags/example_short_circuit_decorator.py
[2026-08-21T23:07:06.789+0000] {processor.py:830} INFO - Processing file /home/airflow/.local/lib/python3.8/site-packages/airflow/example_dags/example_short_circuit_decorator.py for tasks to queue
[2026-08-21T23:07:06.792+0000] {logging_mixin.py:188} INFO - [2026-08-21T23:07:06.792+0000] {dagbag.py:540} INFO - Filling up the DagBag from /home/airflow/.local/lib/python3.8/site-packages/airflow/example_dags/example_short_circuit_decorator.py
[2026-08-21T23:07:06.803+0000] {processor.py:840} INFO - DAG(s) 'example_short_circuit_decorator' retrieved from /home/airflow/.local/lib/python3.8/site-packages/airflow/example_dags/example_short_circuit_decorator.py
[2026-08-21T23:07:06.832+0000] {logging_mixin.py:188} INFO - [2026-08-21T23:07:06.832+0000] {dag.py:3047} INFO - Sync 1 DAGs
[2026-08-21T23:07:06.858+0000] {logging_mixin.py:188} INFO - [2026-08-21T23:07:06.858+0000] {dag.py:3834} INFO - Setting next_dagrun for example_short_circuit_decorator to 2026-08-20 00:00:00+00:00, run_after=2026-08-21 00:00:00+00:00
[2026-08-21T23:07:06.884+0000] {processor.py:183} INFO - Processing /home/airflow/.local/lib/python3.8/site-packages/airflow/example_dags/example_short_circuit_decorator.py took 0.100 seconds
[2026-08-21T23:07:37.594+0000] {processor.py:161} INFO - Started process (PID=2428) to work on /home/airflow/.local/lib/python3.8/site-packages/airflow/example_dags/example_short_circuit_decorator.py
[2026-08-21T23:07:37.596+0000] {processor.py:830} INFO - Processing file /home/airflow/.local/lib/python3.8/site-packages/airflow/example_dags/example_short_circuit_decorator.py for tasks to queue
[2026-08-21T23:07:37.600+0000] {logging_mixin.py:188} INFO - [2026-08-21T23:07:37.599+0000] {dagbag.py:540} INFO - Filling up the DagBag from /home/airflow/.local/lib/python3.8/site-packages/airflow/example_dags/example_short_circuit_decorator.py
[2026-08-21T23:07:37.611+0000] {processor.py:840} INFO - DAG(s) 'example_short_circuit_decorator' retrieved from /home/airflow/.local/lib/python3.8/site-packages/airflow/example_dags/example_short_circuit_decorator.py
[2026-08-21T23:07:37.646+0000] {logging_mixin.py:188} INFO - [2026-08-21T23:07:37.646+0000] {dag.py:3047} INFO - Sync 1 DAGs
[2026-08-21T23:07:37.676+0000] {logging_mixin.py:188} INFO - [2026-08-21T23:07:37.676+0000] {dag.py:3834} INFO - Setting next_dagrun for example_short_circuit_decorator to 2026-08-20 00:00:00+00:00, run_after=2026-08-21 00:00:00+00:00
[2026-08-21T23:07:37.707+0000] {processor.py:183} INFO - Processing /home/airflow/.local/lib/python3.8/site-packages/airflow/example_dags/example_short_circuit_decorator.py took 0.118 seconds
