[2026-08-21T22:46:44.356+0000] {processor.py:161} INFO - Started process (PID=85) to work on /home/airflow/.local/lib/python3.8/site-packages/airflow/example_dags/example_trigger_target_dag.py
[2026-08-21T22:46:44.357+0000] {processor.py:830} INFO - Processing file /home/airflow/.local/lib/python3.8/site-packages/airflow/example_dags/example_trigger_target_dag.py for tasks to queue
[2026-08-21T22:46:44.360+0000] {logging_mixin.py:188} INFO - [2026-08-21T22:46:44.359+0000] {dagbag.py:540} INFO - Filling up the DagBag from /home/airflow/.local/lib/python3.8/site-packages/airflow/example_dags/example_trigger_target_dag.py
[2026-08-21T22:46:44.372+0000] {processor.py:840} INFO - DAG(s) 'example_trigger_target_dag' retrieved from /home/airflow/.local/lib/python3.8/site-packages/airflow/example_dags/example_trigger_target_dag.py
[2026-08-21T22:46:44.390+0000] {logging_mixin.py:188} INFO - [2026-08-21T22:46:44.389+0000] {dag.py:3047} INFO - Sync 1 DAGs
[2026-08-21T22:46:44.410+0000] {logging_mixin.py:188} INFO - [2026-08-21T22:46:44.410+0000] {dag.py:3834} INFO - Setting next_dagrun for example_trigger_target_dag to None, run_after=None
[2026-08-21T22:46:44.459+0000] {processor.py:183} INFO - Processing /home/airflow/.local/lib/python3.8/site-packages/airflow/example_dags/example_trigger_target_dag.py took 0.107 seconds
[2026-08-21T22:47:15.265+0000] {processor.py:161} INFO - Started process (PID=142) to work on /home/airflow/.local/lib/python3.8/site-packages/airflow/example_dags/example_trigger_target_dag.py
[2026-08-21T22:47:15.267+0000] {processor.py:830} INFO - Processing file /home/airflow/.local/lib/python3.8/site-packages/airflow/example_dags/example_trigger_target_dag.py for tasks to queue
[2026-08-21T22:47:15.270+0000] {logging_mixin.py:188} INFO - [2026-08-21T22:47:15.269+0000] {dagbag.py:540} INFO - Filling up the DagBag from /home/airflow/.local/lib/python3.8/site-packages/airflow/example_dags/example_trigger_target_dag.py
[2026-08-21T22:47:15.278+0000] {processor.py:840} INFO - DAG(s) 'example_trigger_target_dag' retrieved from /home/airflow/.local/lib/python3.8/site-packages/airflow/example_dags/example_trigger_target_dag.py
[2026-08-21T22:47:15.384+0000] {logging_mixin.py:188} INFO - [2026-08-21T22:47:15.384+0000] {dag.py:3047} INFO - Sync 1 DAGs
[2026-08-21T22:47:15.394+0000] {logging_mixin.py:188} INFO - [2026-08-21T22:47:15.394+0000] {dag.py:3834} INFO - Setting next_dagrun for example_trigger_target_dag to None, run_after=None
[2026-08-21T22:47:15.414+0000] {processor.py:183} INFO - Processing /home/airflow/.local/lib/python3.8/site-packages/airflow/example_dags/example_trigger_target_dag.py took 0.155 seconds
[2026-08-21T22:47:46.034+0000] {processor.py:161} INFO - Started process (PID=199) to work on /home/airflow/.local/lib/python3.8/site-packages/airflow/example_dags/example_trigger_target_dag.py
[2026-08-21T22:47:46.036+0000] {processor.py:830} INFO - Processing file /home/airflow/.local/lib/python3.8/site-packages/airflow/example_dags/example_trigger_target_dag.py for tasks to queue
[2026-08-21T22:47:46.038+0000] {logging_mixin.py:188} INFO - [2026-08-21T22:47:46.038+0000] {dagbag.py:540} INFO - Filling up the DagBag from /home/airflow/.local/lib/python3.8/site-packages/airflow/example_dags/example_trigger_target_dag.py
[2026-08-21T22:47:46.047+0000] {processor.py:840} INFO - DAG(s) 'example_trigger_target_dag' retrieved from /home/airflow/.local/lib/python3.8/site-packages/airflow/example_dags/example_trigger_target_dag.py
[2026-08-21T22:47:46.071+0000] {logging_mixin.py:188} INFO - [2026-08-21T22:47:46.071+0000] {dag.py:3047} INFO - Sync 1 DAGs
[2026-08-21T22:47:46.086+0000] {logging_mixin.py:188} INFO - [2026-08-21T22:47:46.086+0000] {dag.py:3834} INFO - Setting next_dagrun for example_trigger_target_dag to None, run_after=None
[2026-08-21T22:47:46.111+0000] {processor.py:183} INFO - Processing /home/airflow/.local/lib/python3.8/site-packages/airflow/example_dags/example_trigger_target_dag.py took 0.080 seconds
[2026-08-21T22:48:16.618+0000] {processor.py:161} INFO - Started process (PID=256) to work on /home/airflow/.local/lib/python3.8/site-packages/airflow/example_dags/example_trigger_target_dag.py
[2026-08-21T22:48:16.619+0000] {processor.py:830} INFO - Processing file /home/airflow/.local/lib/python3.8/site-packages/airflow/example_dags/example_trigger_target_dag.py for tasks to queue
[2026-08-21T22:48:16.624+0000] {logging_mixin.py:188} INFO - [2026-08-21T22:48:16.623+0000] {dagbag.py:540} INFO - Filling up the DagBag from /home/airflow/.local/lib/python3.8/site-packages/airflow/example_dags/example_trigger_target_dag.py
[2026-08-21T22:48:16.633+0000] {processor.py:840} INFO - DAG(s) 'example_trigger_target_dag' retrieved from /home/airflow/.local/lib/python3.8/site-packages/airflow/example_dags/example_trigger_target_dag.py
[2026-08-21T22:48:16.667+0000] {logging_mixin.py:188} INFO - [2026-08-21T22:48:16.667+0000] {dag.py:3047} INFO - Sync 1 DAGs
[2026-08-21T22:48:16.685+0000] {logging_mixin.py:188} INFO - [2026-08-21T22:48:16.685+0000] {dag.py:3834} INFO - Setting next_dagrun for example_trigger_target_dag to None, run_after=None
[2026-08-21T22:48:16.727+0000] {processor.py:183} INFO - Processing /home/airflow/.local/lib/python3.8/site-packages/airflow/example_dags/example_trigger_target_dag.py took 0.113 seconds
[2026-08-21T22:48:47.846+0000] {processor.py:161} INFO - Started process (PID=313) to work on /home/airflow/.local/lib/python3.8/site-packages/airflow/example_dags/example_trigger_target_dag.py
[2026-08-21T22:48:47.848+0000] {processor.py:830} INFO - Processing file /home/airflow/.local/lib/python3.8/site-packages/airflow/example_dags/example_trigger_target_dag.py for tasks to queue
[2026-08-21T22:48:47.850+0000] {logging_mixin.py:188} INFO - [2026-08-21T22:48:47.850+0000] {dagbag.py:540} INFO - Filling up the DagBag from /home/airflow/.local/lib/python3.8/site-packages/airflow/example_dags/example_trigger_target_dag.py
[2026-08-21T22:48:47.860+0000] {processor.py:840} INFO - DAG(s) 'example_trigger_target_dag' retrieved from /home/airflow/.local/lib/python3.8/site-packages/airflow/example_dags/example_trigger_target_dag.py
[2026-08-21T22:48:47.889+0000] {logging_mixin.py:188} INFO - [2026-08-21T22:48:47.889+0000] {dag.py:3047} INFO - Sync 1 DAGs
[2026-08-21T22:48:47.908+0000] {logging_mixin.py:188} INFO - [2026-08-21T22:48:47.908+0000] {dag.py:3834} INFO - Setting next_dagrun for example_trigger_target_dag to None, run_after=None
[2026-08-21T22:48:47.929+0000] {processor.py:183} INFO - Processing /home/airflow/.local/lib/python3.8/site-packages/airflow/example_dags/example_trigger_target_dag.py took 0.088 seconds
[2026-08-21T22:49:18.098+0000] {processor.py:161} INFO - Started process (PID=370) to work on /home/airflow/.local/lib/python3.8/site-packages/airflow/example_dags/example_trigger_target_dag.py
[2026-08-21T22:49:18.100+0000] {processor.py:830} INFO - Processing file /home/airflow/.local/lib/python3.8/site-packages/airflow/example_dags/example_trigger_target_dag.py for tasks to queue
[2026-08-21T22:49:18.103+0000] {logging_mixin.py:188} INFO - [2026-08-21T22:49:18.103+0000] {dagbag.py:540} INFO - Filling up the DagBag from /home/airflow/.local/lib/python3.8/site-packages/airflow/example_dags/example_trigger_target_dag.py
[2026-08-21T22:49:18.109+0000] {processor.py:840} INFO - DAG(s) 'example_trigger_target_dag' retrieved from /home/airflow/.local/lib/python3.8/site-packages/airflow/example_dags/example_trigger_target_dag.py
[2026-08-21T22:49:18.136+0000] {logging_mixin.py:188} INFO - [2026-08-21T22:49:18.135+0000] {dag.py:3047} INFO - Sync 1 DAGs
[2026-08-21T22:49:18.151+0000] {logging_mixin.py:188} INFO - [2026-08-21T22:49:18.151+0000] {dag.py:3834} INFO - Setting next_dagrun for example_trigger_target_dag to None, run_after=None
[2026-08-21T22:49:18.173+0000] {processor.py:183} INFO - Processing /home/airflow/.local/lib/python3.8/site-packages/airflow/example_dags/example_trigger_target_dag.py took 0.079 seconds
[2026-08-21T22:49:48.268+0000] {processor.py:161} INFO - Started process (PID=425) to work on /home/airflow/.local/lib/python3.8/site-packages/airflow/example_dags/example_trigger_target_dag.py
[2026-08-21T22:49:48.270+0000] {processor.py:830} INFO - Processing file /home/airflow/.local/lib/python3.8/site-packages/airflow/example_dags/example_trigger_target_dag.py for tasks to queue
[2026-08-21T22:49:48.273+0000] {logging_mixin.py:188} INFO - [2026-08-21T22:49:48.273+0000] {dagbag.py:540} INFO - Filling up the DagBag from /home/airflow/.local/lib/python3.8/site-packages/airflow/example_dags/example_trigger_target_dag.py
[2026-08-21T22:49:48.283+0000] {processor.py:840} INFO - DAG(s) 'example_trigger_target_dag' retrieved from /home/airflow/.local/lib/python3.8/site-packages/airflow/example_dags/example_trigger_target_dag.py
[2026-08-21T22:49:48.310+0000] {logging_mixin.py:188} INFO - [2026-08-21T22:49:48.310+0000] {dag.py:3047} INFO - Sync 1 DAGs
[2026-08-21T22:49:48.325+0000] {logging_mixin.py:188} INFO - [2026-08-21T22:49:48.325+0000] {dag.py:3834} INFO - Setting next_dagrun for example_trigger_target_dag to None, run_after=None
[2026-08-21T22:49:48.348+0000] {processor.py:183} INFO - Processing /home/airflow/.local/lib/python3.8/site-packages/airflow/example_dags/example_trigger_target_dag.py took 0.086 seconds
[2026-08-21T22:50:18.765+0000] {processor.py:161} INFO - Started process (PID=482) to work on /home/airflow/.local/lib/python3.8/site-packages/airflow/example_dags/example_trigger_target_dag.py
[2026-08-21T22:50:18.768+0000] {processor.py:830} INFO - Processing file /home/airflow/.local/lib/python3.8/site-packages/airflow/example_dags/example_trigger_target_dag.py for tasks to queue
[2026-08-21T22:50:18.771+0000] {logging_mixin.py:188} INFO - [2026-08-21T22:50:18.771+0000] {dagbag.py:540} INFO - Filling up the DagBag from /home/airflow/.local/lib/python3.8/site-packages/airflow/example_dags/example_trigger_target_dag.py
[2026-08-21T22:50:18.787+0000] {processor.py:840} INFO - DAG(s) 'example_trigger_target_dag' retrieved from /home/airflow/.local/lib/python3.8/site-packages/airflow/example_dags/example_trigger_target_dag.py
[2026-08-21T22:50:18.821+0000] {logging_mixin.py:188} INFO - [2026-08-21T22:50:18.820+0000] {dag.py:3047} INFO - Sync 1 DAGs
[2026-08-21T22:50:18.841+0000] {logging_mixin.py:188} INFO - [2026-08-21T22:50:18.840+0000] {dag.py:3834} INFO - Setting next_dagrun for example_trigger_target_dag to None, run_after=None
[2026-08-21T22:50:18.866+0000] {processor.py:183} INFO - Processing /home/airflow/.local/lib/python3.8/site-packages/airflow/example_dags/example_trigger_target_dag.py took 0.108 seconds
[2026-08-21T22:50:48.980+0000] {processor.py:161} INFO - Started process (PID=539) to work on /home/airflow/.local/lib/python3.8/site-packages/airflow/example_dags/example_trigger_target_dag.py
[2026-08-21T22:50:48.983+0000] {processor.py:830} INFO - Processing file /home/airflow/.local/lib/python3.8/site-packages/airflow/example_dags/example_trigger_target_dag.py for tasks to queue
[2026-08-21T22:50:48.986+0000] {logging_mixin.py:188} INFO - [2026-08-21T22:50:48.986+0000] {dagbag.py:540} INFO - Filling up the DagBag from /home/airflow/.local/lib/python3.8/site-packages/airflow/example_dags/example_trigger_target_dag.py
[2026-08-21T22:50:48.998+0000] {processor.py:840} INFO - DAG(s) 'example_trigger_target_dag' retrieved from /home/airflow/.local/lib/python3.8/site-packages/airflow/example_dags/example_trigger_target_dag.py
[2026-08-21T22:50:49.029+0000] {logging_mixin.py:188} INFO - [2026-08-21T22:50:49.028+0000] {dag.py:3047} INFO - Sync 1 DAGs
[2026-08-21T22:50:49.045+0000] {logging_mixin.py:188} INFO - [2026-08-21T22:50:49.044+0000] {dag.py:3834} INFO - Setting next_dagrun for example_trigger_target_dag to None, run_after=None
[2026-08-21T22:50:49.068+0000] {processor.py:183} INFO - Processing /home/airflow/.local/lib/python3.8/site-packages/airflow/example_dags/example_trigger_target_dag.py took 0.094 seconds
[2026-08-21T22:51:19.321+0000] {processor.py:161} INFO - Started process (PID=596) to work on /home/airflow/.local/lib/python3.8/site-packages/airflow/example_dags/example_trigger_target_dag.py
[2026-08-21T22:51:19.323+0000] {processor.py:830} INFO - Processing file /home/airflow/.local/lib/python3.8/site-packages/airflow/example_dags/example_trigger_target_dag.py for tasks to queue
[2026-08-21T22:51:19.326+0000] {logging_mixin.py:188} INFO - [2026-08-21T22:51:19.326+0000] {dagbag.py:540} INFO - Filling up the DagBag from /home/airflow/.local/lib/python3.8/site-packages/airflow/example_dags/example_trigger_target_dag.py
[2026-08-21T22:51:19.337+0000] {processor.py:840} INFO - DAG(s) 'example_trigger_target_dag' retrieved from /home/airflow/.local/lib/python3.8/site-packages/airflow/example_dags/example_trigger_target_dag.py
[2026-08-21T22:51:19.364+0000] {logging_mixin.py:188} INFO - [2026-08-21T22:51:19.364+0000] {dag.py:3047} INFO - Sync 1 DAGs
[2026-08-21T22:51:19.382+0000] {logging_mixin.py:188} INFO - [2026-08-21T22:51:19.382+0000] {dag.py:3834} INFO - Setting next_dagrun for example_trigger_target_dag to None, run_after=None
[2026-08-21T22:51:19.407+0000] {processor.py:183} INFO - Processing /home/airflow/.local/lib/python3.8/site-packages/airflow/example_dags/example_trigger_target_dag.py took 0.091 seconds
[2026-08-21T22:51:49.520+0000] {processor.py:161} INFO - Started process (PID=653) to work on /home/airflow/.local/lib/python3.8/site-packages/airflow/example_dags/example_trigger_target_dag.py
[2026-08-21T22:51:49.522+0000] {processor.py:830} INFO - Processing file /home/airflow/.local/lib/python3.8/site-packages/airflow/example_dags/example_trigger_target_dag.py for tasks to queue
[2026-08-21T22:51:49.524+0000] {logging_mixin.py:188} INFO - [2026-08-21T22:51:49.524+0000] {dagbag.py:540} INFO - Filling up the DagBag from /home/airflow/.local/lib/python3.8/site-packages/airflow/example_dags/example_trigger_target_dag.py
[2026-08-21T22:51:49.531+0000] {processor.py:840} INFO - DAG(s) 'example_trigger_target_dag' retrieved from /home/airflow/.local/lib/python3.8/site-packages/airflow/example_dags/example_trigger_target_dag.py
[2026-08-21T22:51:49.555+0000] {logging_mixin.py:188} INFO - [2026-08-21T22:51:49.555+0000] {dag.py:3047} INFO - Sync 1 DAGs
[2026-08-21T22:51:49.568+0000] {logging_mixin.py:188} INFO - [2026-08-21T22:51:49.568+0000] {dag.py:3834} INFO - Setting next_dagrun for example_trigger_target_dag to None, run_after=None
[2026-08-21T22:51:49.590+0000] {processor.py:183} INFO - Processing /home/airflow/.local/lib/python3.8/site-packages/airflow/example_dags/example_trigger_target_dag.py took 0.075 seconds
[2026-08-21T22:52:19.930+0000] {processor.py:161} INFO - Started process (PID=710) to work on /home/airflow/.local/lib/python3.8/site-packages/airflow/example_dags/example_trigger_target_dag.py
[2026-08-21T22:52:19.932+0000] {processor.py:830} INFO - Processing file /home/airflow/.local/lib/python3.8/site-packages/airflow/example_dags/example_trigger_target_dag.py for tasks to queue
[2026-08-21T22:52:19.935+0000] {logging_mixin.py:188} INFO - [2026-08-21T22:52:19.934+0000] {dagbag.py:540} INFO - Filling up the DagBag from /home/airflow/.local/lib/python3.8/site-packages/airflow/example_dags/example_trigger_target_dag.py
[2026-08-21T22:52:19.942+0000] {processor.py:840} INFO - DAG(s) 'example_trigger_target_dag' retrieved from /home/airflow/.local/lib/python3.8/site-packages/airflow/example_dags/example_trigger_target_dag.py
[2026-08-21T22:52:19.966+0000] {logging_mixin.py:188} INFO - [2026-08-21T22:52:19.965+0000] {dag.py:3047} INFO - Sync 1 DAGs
[2026-08-21T22:52:19.980+0000] {logging_mixin.py:188} INFO - [2026-08-21T22:52:19.980+0000] {dag.py:3834} INFO - Setting next_dagrun for example_trigger_target_dag to None, run_after=None
[2026-08-21T22:52:20.004+0000] {processor.py:183} INFO - Processing /home/airflow/.local/lib/python3.8/site-packages/airflow/example_dags/example_trigger_target_dag.py took 0.078 seconds
[2026-08-21T22:52:50.286+0000] {processor.py:161} INFO - Started process (PID=767) to work on /home/airflow/.local/lib/python3.8/site-packages/airflow/example_dags/example_trigger_target_dag.py
[2026-08-21T22:52:50.289+0000] {processor.py:830} INFO - Processing file /home/airflow/.local/lib/python3.8/site-packages/airflow/example_dags/example_trigger_target_dag.py for tasks to queue
[2026-08-21T22:52:50.292+0000] {logging_mixin.py:188} INFO - [2026-08-21T22:52:50.291+0000] {dagbag.py:540} INFO - Filling up the DagBag from /home/airflow/.local/lib/python3.8/site-packages/airflow/example_dags/example_trigger_target_dag.py
[2026-08-21T22:52:50.301+0000] {processor.py:840} INFO - DAG(s) 'example_trigger_target_dag' retrieved from /home/airflow/.local/lib/python3.8/site-packages/airflow/example_dags/example_trigger_target_dag.py
[2026-08-21T22:52:50.333+0000] {logging_mixin.py:188} INFO - [2026-08-21T22:52:50.333+0000] {dag.py:3047} INFO - Sync 1 DAGs
[2026-08-21T22:52:50.347+0000] {logging_mixin.py:188} INFO - [2026-08-21T22:52:50.346+0000] {dag.py:3834} INFO - Setting next_dagrun for example_trigger_target_dag to None, run_after=None
[2026-08-21T22:52:50.375+0000] {processor.py:183} INFO - Processing /home/airflow/.local/lib/python3.8/site-packages/airflow/example_dags/example_trigger_target_dag.py took 0.094 seconds
[2026-08-21T22:53:21.173+0000] {processor.py:161} INFO - Started process (PID=824) to work on /home/airflow/.local/lib/python3.8/site-packages/airflow/example_dags/example_trigger_target_dag.py
[2026-08-21T22:53:21.175+0000] {processor.py:830} INFO - Processing file /home/airflow/.local/lib/python3.8/site-packages/airflow/example_dags/example_trigger_target_dag.py for tasks to queue
[2026-08-21T22:53:21.178+0000] {logging_mixin.py:188} INFO - [2026-08-21T22:53:21.177+0000] {dagbag.py:540} INFO - Filling up the DagBag from /home/airflow/.local/lib/python3.8/site-packages/airflow/example_dags/example_trigger_target_dag.py
[2026-08-21T22:53:21.185+0000] {processor.py:840} INFO - DAG(s) 'example_trigger_target_dag' retrieved from /home/airflow/.local/lib/python3.8/site-packages/airflow/example_dags/example_trigger_target_dag.py
[2026-08-21T22:53:21.210+0000] {logging_mixin.py:188} INFO - [2026-08-21T22:53:21.210+0000] {dag.py:3047} INFO - Sync 1 DAGs
[2026-08-21T22:53:21.223+0000] {logging_mixin.py:188} INFO - [2026-08-21T22:53:21.223+0000] {dag.py:3834} INFO - Setting next_dagrun for example_trigger_target_dag to None, run_after=None
[2026-08-21T22:53:21.244+0000] {processor.py:183} INFO - Processing /home/airflow/.local/lib/python3.8/site-packages/airflow/example_dags/example_trigger_target_dag.py took 0.074 seconds
[2026-08-21T22:53:51.539+0000] {processor.py:161} INFO - Started process (PID=881) to work on /home/airflow/.local/lib/python3.8/site-packages/airflow/example_dags/example_trigger_target_dag.py
[2026-08-21T22:53:51.541+0000] {processor.py:830} INFO - Processing file /home/airflow/.local/lib/python3.8/site-packages/airflow/example_dags/example_trigger_target_dag.py for tasks to queue
[2026-08-21T22:53:51.545+0000] {logging_mixin.py:188} INFO - [2026-08-21T22:53:51.544+0000] {dagbag.py:540} INFO - Filling up the DagBag from /home/airflow/.local/lib/python3.8/site-packages/airflow/example_dags/example_trigger_target_dag.py
[2026-08-21T22:53:51.552+0000] {processor.py:840} INFO - DAG(s) 'example_trigger_target_dag' retrieved from /home/airflow/.local/lib/python3.8/site-packages/airflow/example_dags/example_trigger_target_dag.py
[2026-08-21T22:53:51.579+0000] {logging_mixin.py:188} INFO - [2026-08-21T22:53:51.579+0000] {dag.py:3047} INFO - Sync 1 DAGs
[2026-08-21T22:53:51.596+0000] {logging_mixin.py:188} INFO - [2026-08-21T22:53:51.596+0000] {dag.py:3834} INFO - Setting next_dagrun for example_trigger_target_dag to None, run_after=None
[2026-08-21T22:53:51.619+0000] {processor.py:183} INFO - Processing /home/airflow/.local/lib/python3.8/site-packages/airflow/example_dags/example_trigger_target_dag.py took 0.084 seconds
[2026-08-21T22:54:21.658+0000] {processor.py:161} INFO - Started process (PID=937) to work on /home/airflow/.local/lib/python3.8/site-packages/airflow/example_dags/example_trigger_target_dag.py
[2026-08-21T22:54:21.659+0000] {processor.py:830} INFO - Processing file /home/airflow/.local/lib/python3.8/site-packages/airflow/example_dags/example_trigger_target_dag.py for tasks to queue
[2026-08-21T22:54:21.662+0000] {logging_mixin.py:188} INFO - [2026-08-21T22:54:21.662+0000] {dagbag.py:540} INFO - Filling up the DagBag from /home/airflow/.local/lib/python3.8/site-packages/airflow/example_dags/example_trigger_target_dag.py
[2026-08-21T22:54:21.669+0000] {processor.py:840} INFO - DAG(s) 'example_trigger_target_dag' retrieved from /home/airflow/.local/lib/python3.8/site-packages/airflow/example_dags/example_trigger_target_dag.py
[2026-08-21T22:54:21.690+0000] {logging_mixin.py:188} INFO - [2026-08-21T22:54:21.690+0000] {dag.py:3047} INFO - Sync 1 DAGs
[2026-08-21T22:54:21.702+0000] {logging_mixin.py:188} INFO - [2026-08-21T22:54:21.702+0000] {dag.py:3834} INFO - Setting next_dagrun for example_trigger_target_dag to None, run_after=None
[2026-08-21T22:54:21.724+0000] {processor.py:183} INFO - Processing /home/airflow/.local/lib/python3.8/site-packages/airflow/example_dags/example_trigger_target_dag.py took 0.072 seconds
[2026-08-21T22:54:52.486+0000] {processor.py:161} INFO - Started process (PID=995) to work on /home/airflow/.local/lib/python3.8/site-packages/airflow/example_dags/example_trigger_target_dag.py
[2026-08-21T22:54:52.489+0000] {processor.py:830} INFO - Processing file /home/airflow/.local/lib/python3.8/site-packages/airflow/example_dags/example_trigger_target_dag.py for tasks to queue
[2026-08-21T22:54:52.492+0000] {logging_mixin.py:188} INFO - [2026-08-21T22:54:52.491+0000] {dagbag.py:540} INFO - Filling up the DagBag from /home/airflow/.local/lib/python3.8/site-packages/airflow/example_dags/example_trigger_target_dag.py
[2026-08-21T22:54:52.498+0000] {processor.py:840} INFO - DAG(s) 'example_trigger_target_dag' retrieved from /home/airflow/.local/lib/python3.8/site-packages/airflow/example_dags/example_trigger_target_dag.py
[2026-08-21T22:54:52.528+0000] {logging_mixin.py:188} INFO - [2026-08-21T22:54:52.528+0000] {dag.py:3047} INFO - Sync 1 DAGs
[2026-08-21T22:54:52.543+0000] {logging_mixin.py:188} INFO - [2026-08-21T22:54:52.543+0000] {dag.py:3834} INFO - Setting next_dagrun for example_trigger_target_dag to None, run_after=None
[2026-08-21T22:54:52.568+0000] {processor.py:183} INFO - Processing /home/airflow/.local/lib/python3.8/site-packages/airflow/example_dags/example_trigger_target_dag.py took 0.085 seconds
[2026-08-21T22:55:22.982+0000] {processor.py:161} INFO - Started process (PID=1052) to work on /home/airflow/.local/lib/python3.8/site-packages/airflow/example_dags/example_trigger_target_dag.py
[2026-08-21T22:55:22.984+0000] {processor.py:830} INFO - Processing file /home/airflow/.local/lib/python3.8/site-packages/airflow/example_dags/example_trigger_target_dag.py for tasks to queue
[2026-08-21T22:55:22.988+0000] {logging_mixin.py:188} INFO - [2026-08-21T22:55:22.987+0000] {dagbag.py:540} INFO - Filling up the DagBag from /home/airflow/.local/lib/python3.8/site-packages/airflow/example_dags/example_trigger_target_dag.py
[2026-08-21T22:55:22.995+0000] {processor.py:840} INFO - DAG(s) 'example_trigger_target_dag' retrieved from /home/airflow/.local/lib/python3.8/site-packages/airflow/example_dags/example_trigger_target_dag.py
[2026-08-21T22:55:23.018+0000] {logging_mixin.py:188} INFO - [2026-08-21T22:55:23.018+0000] {dag.py:3047} INFO - Sync 1 DAGs
[2026-08-21T22:55:23.032+0000] {logging_mixin.py:188} INFO - [2026-08-21T22:55:23.032+0000] {dag.py:3834} INFO - Setting next_dagrun for example_trigger_target_dag to None, run_after=None
[2026-08-21T22:55:23.060+0000] {processor.py:183} INFO - Processing /home/airflow/.local/lib/python3.8/site-packages/airflow/example_dags/example_trigger_target_dag.py took 0.082 seconds
[2026-08-21T22:55:53.216+0000] {processor.py:161} INFO - Started process (PID=1109) to work on /home/airflow/.local/lib/python3.8/site-packages/airflow/example_dags/example_trigger_target_dag.py
[2026-08-21T22:55:53.218+0000] {processor.py:830} INFO - Processing file /home/airflow/.local/lib/python3.8/site-packages/airflow/example_dags/example_trigger_target_dag.py for tasks to queue
[2026-08-21T22:55:53.221+0000] {logging_mixin.py:188} INFO - [2026-08-21T22:55:53.221+0000] {dagbag.py:540} INFO - Filling up the DagBag from /home/airflow/.local/lib/python3.8/site-packages/airflow/example_dags/example_trigger_target_dag.py
[2026-08-21T22:55:53.231+0000] {processor.py:840} INFO - DAG(s) 'example_trigger_target_dag' retrieved from /home/airflow/.local/lib/python3.8/site-packages/airflow/example_dags/example_trigger_target_dag.py
[2026-08-21T22:55:53.259+0000] {logging_mixin.py:188} INFO - [2026-08-21T22:55:53.259+0000] {dag.py:3047} INFO - Sync 1 DAGs
[2026-08-21T22:55:53.276+0000] {logging_mixin.py:188} INFO - [2026-08-21T22:55:53.275+0000] {dag.py:3834} INFO - Setting next_dagrun for example_trigger_target_dag to None, run_after=None
[2026-08-21T22:55:53.301+0000] {processor.py:183} INFO - Processing /home/airflow/.local/lib/python3.8/site-packages/airflow/example_dags/example_trigger_target_dag.py took 0.091 seconds
[2026-08-21T22:56:24.230+0000] {processor.py:161} INFO - Started process (PID=1166) to work on /home/airflow/.local/lib/python3.8/site-packages/airflow/example_dags/example_trigger_target_dag.py
[2026-08-21T22:56:24.233+0000] {processor.py:830} INFO - Processing file /home/airflow/.local/lib/python3.8/site-packages/airflow/example_dags/example_trigger_target_dag.py for tasks to queue
[2026-08-21T22:56:24.237+0000] {logging_mixin.py:188} INFO - [2026-08-21T22:56:24.236+0000] {dagbag.py:540} INFO - Filling up the DagBag from /home/airflow/.local/lib/python3.8/site-packages/airflow/example_dags/example_trigger_target_dag.py
[2026-08-21T22:56:24.246+0000] {processor.py:840} INFO - DAG(s) 'example_trigger_target_dag' retrieved from /home/airflow/.local/lib/python3.8/site-packages/airflow/example_dags/example_trigger_target_dag.py
[2026-08-21T22:56:24.280+0000] {logging_mixin.py:188} INFO - [2026-08-21T22:56:24.280+0000] {dag.py:3047} INFO - Sync 1 DAGs
[2026-08-21T22:56:24.296+0000] {logging_mixin.py:188} INFO - [2026-08-21T22:56:24.296+0000] {dag.py:3834} INFO - Setting next_dagrun for example_trigger_target_dag to None, run_after=None
[2026-08-21T22:56:24.322+0000] {processor.py:183} INFO - Processing /home/airflow/.local/lib/python3.8/site-packages/airflow/example_dags/example_trigger_target_dag.py took 0.095 seconds
[2026-08-21T22:56:54.708+0000] {processor.py:161} INFO - Started process (PID=1223) to work on /home/airflow/.local/lib/python3.8/site-packages/airflow/example_dags/example_trigger_target_dag.py
[2026-08-21T22:56:54.710+0000] {processor.py:830} INFO - Processing file /home/airflow/.local/lib/python3.8/site-packages/airflow/example_dags/example_trigger_target_dag.py for tasks to queue
[2026-08-21T22:56:54.713+0000] {logging_mixin.py:188} INFO - [2026-08-21T22:56:54.713+0000] {dagbag.py:540} INFO - Filling up the DagBag from /home/airflow/.local/lib/python3.8/site-packages/airflow/example_dags/example_trigger_target_dag.py
[2026-08-21T22:56:54.721+0000] {processor.py:840} INFO - DAG(s) 'example_trigger_target_dag' retrieved from /home/airflow/.local/lib/python3.8/site-packages/airflow/example_dags/example_trigger_target_dag.py
[2026-08-21T22:56:54.743+0000] {logging_mixin.py:188} INFO - [2026-08-21T22:56:54.743+0000] {dag.py:3047} INFO - Sync 1 DAGs
[2026-08-21T22:56:54.757+0000] {logging_mixin.py:188} INFO - [2026-08-21T22:56:54.757+0000] {dag.py:3834} INFO - Setting next_dagrun for example_trigger_target_dag to None, run_after=None
[2026-08-21T22:56:54.778+0000] {processor.py:183} INFO - Processing /home/airflow/.local/lib/python3.8/site-packages/airflow/example_dags/example_trigger_target_dag.py took 0.073 seconds
[2026-08-21T22:57:25.608+0000] {processor.py:161} INFO - Started process (PID=1280) to work on /home/airflow/.local/lib/python3.8/site-packages/airflow/example_dags/example_trigger_target_dag.py
[2026-08-21T22:57:25.610+0000] {processor.py:830} INFO - Processing file /home/airflow/.local/lib/python3.8/site-packages/airflow/example_dags/example_trigger_target_dag.py for tasks to queue
[2026-08-21T22:57:25.615+0000] {logging_mixin.py:188} INFO - [2026-08-21T22:57:25.614+0000] {dagbag.py:540} INFO - Filling up the DagBag from /home/airflow/.local/lib/python3.8/site-packages/airflow/example_dags/example_trigger_target_dag.py
[2026-08-21T22:57:25.627+0000] {processor.py:840} INFO - DAG(s) 'example_trigger_target_dag' retrieved from /home/airflow/.local/lib/python3.8/site-packages/airflow/example_dags/example_trigger_target_dag.py
[2026-08-21T22:57:25.658+0000] {logging_mixin.py:188} INFO - [2026-08-21T22:57:25.658+0000] {dag.py:3047} INFO - Sync 1 DAGs
[2026-08-21T22:57:25.680+0000] {logging_mixin.py:188} INFO - [2026-08-21T22:57:25.680+0000] {dag.py:3834} INFO - Setting next_dagrun for example_trigger_target_dag to None, run_after=None
[2026-08-21T22:57:25.706+0000] {processor.py:183} INFO - Processing /home/airflow/.local/lib/python3.8/site-packages/airflow/example_dags/example_trigger_target_dag.py took 0.107 seconds
[2026-08-21T22:57:55.954+0000] {processor.py:161} INFO - Started process (PID=1337) to work on /home/airflow/.local/lib/python3.8/site-packages/airflow/example_dags/example_trigger_target_dag.py
[2026-08-21T22:57:55.956+0000] {processor.py:830} INFO - Processing file /home/airflow/.local/lib/python3.8/site-packages/airflow/example_dags/example_trigger_target_dag.py for tasks to queue
[2026-08-21T22:57:55.959+0000] {logging_mixin.py:188} INFO - [2026-08-21T22:57:55.959+0000] {dagbag.py:540} INFO - Filling up the DagBag from /home/airflow/.local/lib/python3.8/site-packages/airflow/example_dags/example_trigger_target_dag.py
[2026-08-21T22:57:55.966+0000] {processor.py:840} INFO - DAG(s) 'example_trigger_target_dag' retrieved from /home/airflow/.local/lib/python3.8/site-packages/airflow/example_dags/example_trigger_target_dag.py
[2026-08-21T22:57:55.992+0000] {logging_mixin.py:188} INFO - [2026-08-21T22:57:55.991+0000] {dag.py:3047} INFO - Sync 1 DAGs
[2026-08-21T22:57:56.007+0000] {logging_mixin.py:188} INFO - [2026-08-21T22:57:56.006+0000] {dag.py:3834} INFO - Setting next_dagrun for example_trigger_target_dag to None, run_after=None
[2026-08-21T22:57:56.030+0000] {processor.py:183} INFO - Processing /home/airflow/.local/lib/python3.8/site-packages/airflow/example_dags/example_trigger_target_dag.py took 0.080 seconds
[2026-08-21T22:58:26.352+0000] {processor.py:161} INFO - Started process (PID=1394) to work on /home/airflow/.local/lib/python3.8/site-packages/airflow/example_dags/example_trigger_target_dag.py
[2026-08-21T22:58:26.354+0000] {processor.py:830} INFO - Processing file /home/airflow/.local/lib/python3.8/site-packages/airflow/example_dags/example_trigger_target_dag.py for tasks to queue
[2026-08-21T22:58:26.357+0000] {logging_mixin.py:188} INFO - [2026-08-21T22:58:26.357+0000] {dagbag.py:540} INFO - Filling up the DagBag from /home/airflow/.local/lib/python3.8/site-packages/airflow/example_dags/example_trigger_target_dag.py
[2026-08-21T22:58:26.364+0000] {processor.py:840} INFO - DAG(s) 'example_trigger_target_dag' retrieved from /home/airflow/.local/lib/python3.8/site-packages/airflow/example_dags/example_trigger_target_dag.py
[2026-08-21T22:58:26.388+0000] {logging_mixin.py:188} INFO - [2026-08-21T22:58:26.388+0000] {dag.py:3047} INFO - Sync 1 DAGs
[2026-08-21T22:58:26.402+0000] {logging_mixin.py:188} INFO - [2026-08-21T22:58:26.402+0000] {dag.py:3834} INFO - Setting next_dagrun for example_trigger_target_dag to None, run_after=None
[2026-08-21T22:58:26.428+0000] {processor.py:183} INFO - Processing /home/airflow/.local/lib/python3.8/site-packages/airflow/example_dags/example_trigger_target_dag.py took 0.080 seconds
[2026-08-21T22:58:56.823+0000] {processor.py:161} INFO - Started process (PID=1451) to work on /home/airflow/.local/lib/python3.8/site-packages/airflow/example_dags/example_trigger_target_dag.py
[2026-08-21T22:58:56.824+0000] {processor.py:830} INFO - Processing file /home/airflow/.local/lib/python3.8/site-packages/airflow/example_dags/example_trigger_target_dag.py for tasks to queue
[2026-08-21T22:58:56.827+0000] {logging_mixin.py:188} INFO - [2026-08-21T22:58:56.826+0000] {dagbag.py:540} INFO - Filling up the DagBag from /home/airflow/.local/lib/python3.8/site-packages/airflow/example_dags/example_trigger_target_dag.py
[2026-08-21T22:58:56.833+0000] {processor.py:840} INFO - DAG(s) 'example_trigger_target_dag' retrieved from /home/airflow/.local/lib/python3.8/site-packages/airflow/example_dags/example_trigger_target_dag.py
[2026-08-21T22:58:56.857+0000] {logging_mixin.py:188} INFO - [2026-08-21T22:58:56.856+0000] {dag.py:3047} INFO - Sync 1 DAGs
[2026-08-21T22:58:56.872+0000] {logging_mixin.py:188} INFO - [2026-08-21T22:58:56.872+0000] {dag.py:3834} INFO - Setting next_dagrun for example_trigger_target_dag to None, run_after=None
[2026-08-21T22:58:56.894+0000] {processor.py:183} INFO - Processing /home/airflow/.local/lib/python3.8/site-packages/airflow/example_dags/example_trigger_target_dag.py took 0.075 seconds
[2026-08-21T22:59:27.338+0000] {processor.py:161} INFO - Started process (PID=1508) to work on /home/airflow/.local/lib/python3.8/site-packages/airflow/example_dags/example_trigger_target_dag.py
[2026-08-21T22:59:27.339+0000] {processor.py:830} INFO - Processing file /home/airflow/.local/lib/python3.8/site-packages/airflow/example_dags/example_trigger_target_dag.py for tasks to queue
[2026-08-21T22:59:27.343+0000] {logging_mixin.py:188} INFO - [2026-08-21T22:59:27.342+0000] {dagbag.py:540} INFO - Filling up the DagBag from /home/airflow/.local/lib/python3.8/site-packages/airflow/example_dags/example_trigger_target_dag.py
[2026-08-21T22:59:27.353+0000] {processor.py:840} INFO - DAG(s) 'example_trigger_target_dag' retrieved from /home/airflow/.local/lib/python3.8/site-packages/airflow/example_dags/example_trigger_target_dag.py
[2026-08-21T22:59:27.377+0000] {logging_mixin.py:188} INFO - [2026-08-21T22:59:27.377+0000] {dag.py:3047} INFO - Sync 1 DAGs
[2026-08-21T22:59:27.396+0000] {logging_mixin.py:188} INFO - [2026-08-21T22:59:27.396+0000] {dag.py:3834} INFO - Setting next_dagrun for example_trigger_target_dag to None, run_after=None
[2026-08-21T22:59:27.422+0000] {processor.py:183} INFO - Processing /home/airflow/.local/lib/python3.8/site-packages/airflow/example_dags/example_trigger_target_dag.py took 0.089 seconds
[2026-08-21T22:59:57.753+0000] {processor.py:161} INFO - Started process (PID=1565) to work on /home/airflow/.local/lib/python3.8/site-packages/airflow/example_dags/example_trigger_target_dag.py
[2026-08-21T22:59:57.754+0000] {processor.py:830} INFO - Processing file /home/airflow/.local/lib/python3.8/site-packages/airflow/example_dags/example_trigger_target_dag.py for tasks to queue
[2026-08-21T22:59:57.757+0000] {logging_mixin.py:188} INFO - [2026-08-21T22:59:57.757+0000] {dagbag.py:540} INFO - Filling up the DagBag from /home/airflow/.local/lib/python3.8/site-packages/airflow/example_dags/example_trigger_target_dag.py
[2026-08-21T22:59:57.770+0000] {processor.py:840} INFO - DAG(s) 'example_trigger_target_dag' retrieved from /home/airflow/.local/lib/python3.8/site-packages/airflow/example_dags/example_trigger_target_dag.py
[2026-08-21T22:59:57.801+0000] {logging_mixin.py:188} INFO - [2026-08-21T22:59:57.800+0000] {dag.py:3047} INFO - Sync 1 DAGs
[2026-08-21T22:59:57.814+0000] {logging_mixin.py:188} INFO - [2026-08-21T22:59:57.814+0000] {dag.py:3834} INFO - Setting next_dagrun for example_trigger_target_dag to None, run_after=None
[2026-08-21T22:59:57.835+0000] {processor.py:183} INFO - Processing /home/airflow/.local/lib/python3.8/site-packages/airflow/example_dags/example_trigger_target_dag.py took 0.086 seconds
[2026-08-21T23:00:28.158+0000] {processor.py:161} INFO - Started process (PID=1622) to work on /home/airflow/.local/lib/python3.8/site-packages/airflow/example_dags/example_trigger_target_dag.py
[2026-08-21T23:00:28.160+0000] {processor.py:830} INFO - Processing file /home/airflow/.local/lib/python3.8/site-packages/airflow/example_dags/example_trigger_target_dag.py for tasks to queue
[2026-08-21T23:00:28.163+0000] {logging_mixin.py:188} INFO - [2026-08-21T23:00:28.163+0000] {dagbag.py:540} INFO - Filling up the DagBag from /home/airflow/.local/lib/python3.8/site-packages/airflow/example_dags/example_trigger_target_dag.py
[2026-08-21T23:00:28.171+0000] {processor.py:840} INFO - DAG(s) 'example_trigger_target_dag' retrieved from /home/airflow/.local/lib/python3.8/site-packages/airflow/example_dags/example_trigger_target_dag.py
[2026-08-21T23:00:28.198+0000] {logging_mixin.py:188} INFO - [2026-08-21T23:00:28.198+0000] {dag.py:3047} INFO - Sync 1 DAGs
[2026-08-21T23:00:28.215+0000] {logging_mixin.py:188} INFO - [2026-08-21T23:00:28.215+0000] {dag.py:3834} INFO - Setting next_dagrun for example_trigger_target_dag to None, run_after=None
[2026-08-21T23:00:28.243+0000] {processor.py:183} INFO - Processing /home/airflow/.local/lib/python3.8/site-packages/airflow/example_dags/example_trigger_target_dag.py took 0.088 seconds
[2026-08-21T23:00:58.971+0000] {processor.py:161} INFO - Started process (PID=1679) to work on /home/airflow/.local/lib/python3.8/site-packages/airflow/example_dags/example_trigger_target_dag.py
[2026-08-21T23:00:58.973+0000] {processor.py:830} INFO - Processing file /home/airflow/.local/lib/python3.8/site-packages/airflow/example_dags/example_trigger_target_dag.py for tasks to queue
[2026-08-21T23:00:58.975+0000] {logging_mixin.py:188} INFO - [2026-08-21T23:00:58.975+0000] {dagbag.py:540} INFO - Filling up the DagBag from /home/airflow/.local/lib/python3.8/site-packages/airflow/example_dags/example_trigger_target_dag.py
[2026-08-21T23:00:58.983+0000] {processor.py:840} INFO - DAG(s) 'example_trigger_target_dag' retrieved from /home/airflow/.local/lib/python3.8/site-packages/airflow/example_dags/example_trigger_target_dag.py
[2026-08-21T23:00:59.005+0000] {logging_mixin.py:188} INFO - [2026-08-21T23:00:59.005+0000] {dag.py:3047} INFO - Sync 1 DAGs
[2026-08-21T23:00:59.018+0000] {logging_mixin.py:188} INFO - [2026-08-21T23:00:59.018+0000] {dag.py:3834} INFO - Setting next_dagrun for example_trigger_target_dag to None, run_after=None
[2026-08-21T23:00:59.040+0000] {processor.py:183} INFO - Processing /home/airflow/.local/lib/python3.8/site-packages/airflow/example_dags/example_trigger_target_dag.py took 0.072 seconds
[2026-08-21T23:01:30.183+0000] {processor.py:161} INFO - Started process (PID=1736) to work on /home/airflow/.local/lib/python3.8/site-packages/airflow/example_dags/example_trigger_target_dag.py
[2026-08-21T23:01:30.185+0000] {processor.py:830} INFO - Processing file /home/airflow/.local/lib/python3.8/site-packages/airflow/example_dags/example_trigger_target_dag.py for tasks to queue
[2026-08-21T23:01:30.188+0000] {logging_mixin.py:188} INFO - [2026-08-21T23:01:30.187+0000] {dagbag.py:540} INFO - Filling up the DagBag from /home/airflow/.local/lib/python3.8/site-packages/airflow/example_dags/example_trigger_target_dag.py
[2026-08-21T23:01:30.196+0000] {processor.py:840} INFO - DAG(s) 'example_trigger_target_dag' retrieved from /home/airflow/.local/lib/python3.8/site-packages/airflow/example_dags/example_trigger_target_dag.py
[2026-08-21T23:01:30.220+0000] {logging_mixin.py:188} INFO - [2026-08-21T23:01:30.220+0000] {dag.py:3047} INFO - Sync 1 DAGs
[2026-08-21T23:01:30.236+0000] {logging_mixin.py:188} INFO - [2026-08-21T23:01:30.236+0000] {dag.py:3834} INFO - Setting next_dagrun for example_trigger_target_dag to None, run_after=None
[2026-08-21T23:01:30.260+0000] {processor.py:183} INFO - Processing /home/airflow/.local/lib/python3.8/site-packages/airflow/example_dags/example_trigger_target_dag.py took 0.081 seconds
[2026-08-21T23:02:00.564+0000] {processor.py:161} INFO - Started process (PID=1793) to work on /home/airflow/.local/lib/python3.8/site-packages/airflow/example_dags/example_trigger_target_dag.py
[2026-08-21T23:02:00.566+0000] {processor.py:830} INFO - Processing file /home/airflow/.local/lib/python3.8/site-packages/airflow/example_dags/example_trigger_target_dag.py for tasks to queue
[2026-08-21T23:02:00.568+0000] {logging_mixin.py:188} INFO - [2026-08-21T23:02:00.568+0000] {dagbag.py:540} INFO - Filling up the DagBag from /home/airflow/.local/lib/python3.8/site-packages/airflow/example_dags/example_trigger_target_dag.py
[2026-08-21T23:02:00.577+0000] {processor.py:840} INFO - DAG(s) 'example_trigger_target_dag' retrieved from /home/airflow/.local/lib/python3.8/site-packages/airflow/example_dags/example_trigger_target_dag.py
[2026-08-21T23:02:00.617+0000] {logging_mixin.py:188} INFO - [2026-08-21T23:02:00.616+0000] {dag.py:3047} INFO - Sync 1 DAGs
[2026-08-21T23:02:00.633+0000] {logging_mixin.py:188} INFO - [2026-08-21T23:02:00.632+0000] {dag.py:3834} INFO - Setting next_dagrun for example_trigger_target_dag to None, run_after=None
[2026-08-21T23:02:00.659+0000] {processor.py:183} INFO - Processing /home/airflow/.local/lib/python3.8/site-packages/airflow/example_dags/example_trigger_target_dag.py took 0.100 seconds
[2026-08-21T23:02:30.804+0000] {processor.py:161} INFO - Started process (PID=1850) to work on /home/airflow/.local/lib/python3.8/site-packages/airflow/example_dags/example_trigger_target_dag.py
[2026-08-21T23:02:30.806+0000] {processor.py:830} INFO - Processing file /home/airflow/.local/lib/python3.8/site-packages/airflow/example_dags/example_trigger_target_dag.py for tasks to queue
[2026-08-21T23:02:30.808+0000] {logging_mixin.py:188} INFO - [2026-08-21T23:02:30.808+0000] {dagbag.py:540} INFO - Filling up the DagBag from /home/airflow/.local/lib/python3.8/site-packages/airflow/example_dags/example_trigger_target_dag.py
[2026-08-21T23:02:30.815+0000] {processor.py:840} INFO - DAG(s) 'example_trigger_target_dag' retrieved from /home/airflow/.local/lib/python3.8/site-packages/airflow/example_dags/example_trigger_target_dag.py
[2026-08-21T23:02:30.838+0000] {logging_mixin.py:188} INFO - [2026-08-21T23:02:30.838+0000] {dag.py:3047} INFO - Sync 1 DAGs
[2026-08-21T23:02:30.851+0000] {logging_mixin.py:188} INFO - [2026-08-21T23:02:30.851+0000] {dag.py:3834} INFO - Setting next_dagrun for example_trigger_target_dag to None, run_after=None
[2026-08-21T23:02:30.872+0000] {processor.py:183} INFO - Processing /home/airflow/.local/lib/python3.8/site-packages/airflow/example_dags/example_trigger_target_dag.py took 0.071 seconds
[2026-08-21T23:03:01.295+0000] {processor.py:161} INFO - Started process (PID=1907) to work on /home/airflow/.local/lib/python3.8/site-packages/airflow/example_dags/example_trigger_target_dag.py
[2026-08-21T23:03:01.297+0000] {processor.py:830} INFO - Processing file /home/airflow/.local/lib/python3.8/site-packages/airflow/example_dags/example_trigger_target_dag.py for tasks to queue
[2026-08-21T23:03:01.300+0000] {logging_mixin.py:188} INFO - [2026-08-21T23:03:01.299+0000] {dagbag.py:540} INFO - Filling up the DagBag from /home/airflow/.local/lib/python3.8/site-packages/airflow/example_dags/example_trigger_target_dag.py
[2026-08-21T23:03:01.307+0000] {processor.py:840} INFO - DAG(s) 'example_trigger_target_dag' retrieved from /home/airflow/.local/lib/python3.8/site-packages/airflow/example_dags/example_trigger_target_dag.py
[2026-08-21T23:03:01.334+0000] {logging_mixin.py:188} INFO - [2026-08-21T23:03:01.333+0000] {dag.py:3047} INFO - Sync 1 DAGs
[2026-08-21T23:03:01.349+0000] {logging_mixin.py:188} INFO - [2026-08-21T23:03:01.349+0000] {dag.py:3834} INFO - Setting next_dagrun for example_trigger_target_dag to None, run_after=None
[2026-08-21T23:03:01.371+0000] {processor.py:183} INFO - Processing /home/airflow/.local/lib/python3.8/site-packages/airflow/example_dags/example_trigger_target_dag.py took 0.081 seconds
[2026-08-21T23:03:32.115+0000] {processor.py:161} INFO - Started process (PID=1964) to work on /home/airflow/.local/lib/python3.8/site-packages/airflow/example_dags/example_trigger_target_dag.py
[2026-08-21T23:03:32.117+0000] {processor.py:830} INFO - Processing file /home/airflow/.local/lib/python3.8/site-packages/airflow/example_dags/example_trigger_target_dag.py for tasks to queue
[2026-08-21T23:03:32.121+0000] {logging_mixin.py:188} INFO - [2026-08-21T23:03:32.120+0000] {dagbag.py:540} INFO - Filling up the DagBag from /home/airflow/.local/lib/python3.8/site-packages/airflow/example_dags/example_trigger_target_dag.py
[2026-08-21T23:03:32.133+0000] {processor.py:840} INFO - DAG(s) 'example_trigger_target_dag' retrieved from /home/airflow/.local/lib/python3.8/site-packages/airflow/example_dags/example_trigger_target_dag.py
[2026-08-21T23:03:32.176+0000] {logging_mixin.py:188} INFO - [2026-08-21T23:03:32.176+0000] {dag.py:3047} INFO - Sync 1 DAGs
[2026-08-21T23:03:32.210+0000] {logging_mixin.py:188} INFO - [2026-08-21T23:03:32.210+0000] {dag.py:3834} INFO - Setting next_dagrun for example_trigger_target_dag to None, run_after=None
[2026-08-21T23:03:32.253+0000] {processor.py:183} INFO - Processing /home/airflow/.local/lib/python3.8/site-packages/airflow/example_dags/example_trigger_target_dag.py took 0.145 seconds
[2026-08-21T23:04:03.268+0000] {processor.py:161} INFO - Started process (PID=2021) to work on /home/airflow/.local/lib/python3.8/site-packages/airflow/example_dags/example_trigger_target_dag.py
[2026-08-21T23:04:03.271+0000] {processor.py:830} INFO - Processing file /home/airflow/.local/lib/python3.8/site-packages/airflow/example_dags/example_trigger_target_dag.py for tasks to queue
[2026-08-21T23:04:03.275+0000] {logging_mixin.py:188} INFO - [2026-08-21T23:04:03.275+0000] {dagbag.py:540} INFO - Filling up the DagBag from /home/airflow/.local/lib/python3.8/site-packages/airflow/example_dags/example_trigger_target_dag.py
[2026-08-21T23:04:03.285+0000] {processor.py:840} INFO - DAG(s) 'example_trigger_target_dag' retrieved from /home/airflow/.local/lib/python3.8/site-packages/airflow/example_dags/example_trigger_target_dag.py
[2026-08-21T23:04:03.321+0000] {logging_mixin.py:188} INFO - [2026-08-21T23:04:03.320+0000] {dag.py:3047} INFO - Sync 1 DAGs
[2026-08-21T23:04:03.342+0000] {logging_mixin.py:188} INFO - [2026-08-21T23:04:03.341+0000] {dag.py:3834} INFO - Setting next_dagrun for example_trigger_target_dag to None, run_after=None
[2026-08-21T23:04:03.372+0000] {processor.py:183} INFO - Processing /home/airflow/.local/lib/python3.8/site-packages/airflow/example_dags/example_trigger_target_dag.py took 0.110 seconds
[2026-08-21T23:04:33.942+0000] {processor.py:161} INFO - Started process (PID=2078) to work on /home/airflow/.local/lib/python3.8/site-packages/airflow/example_dags/example_trigger_target_dag.py
[2026-08-21T23:04:33.944+0000] {processor.py:830} INFO - Processing file /home/airflow/.local/lib/python3.8/site-packages/airflow/example_dags/example_trigger_target_dag.py for tasks to queue
[2026-08-21T23:04:33.948+0000] {logging_mixin.py:188} INFO - [2026-08-21T23:04:33.947+0000] {dagbag.py:540} INFO - Filling up the DagBag from /home/airflow/.local/lib/python3.8/site-packages/airflow/example_dags/example_trigger_target_dag.py
[2026-08-21T23:04:33.954+0000] {processor.py:840} INFO - DAG(s) 'example_trigger_target_dag' retrieved from /home/airflow/.local/lib/python3.8/site-packages/airflow/example_dags/example_trigger_target_dag.py
[2026-08-21T23:04:33.983+0000] {logging_mixin.py:188} INFO - [2026-08-21T23:04:33.982+0000] {dag.py:3047} INFO - Sync 1 DAGs
[2026-08-21T23:04:34.002+0000] {logging_mixin.py:188} INFO - [2026-08-21T23:04:34.002+0000] {dag.py:3834} INFO - Setting next_dagrun for example_trigger_target_dag to None, run_after=None
[2026-08-21T23:04:34.031+0000] {processor.py:183} INFO - Processing /home/airflow/.local/lib/python3.8/site-packages/airflow/example_dags/example_trigger_target_dag.py took 0.093 seconds
[2026-08-21T23:05:04.242+0000] {processor.py:161} INFO - Started process (PID=2135) to work on /home/airflow/.local/lib/python3.8/site-packages/airflow/example_dags/example_trigger_target_dag.py
[2026-08-21T23:05:04.244+0000] {processor.py:830} INFO - Processing file /home/airflow/.local/lib/python3.8/site-packages/airflow/example_dags/example_trigger_target_dag.py for tasks to queue
[2026-08-21T23:05:04.246+0000] {logging_mixin.py:188} INFO - [2026-08-21T23:05:04.246+0000] {dagbag.py:540} INFO - Filling up the DagBag from /home/airflow/.local/lib/python3.8/site-packages/airflow/example_dags/example_trigger_target_dag.py
[2026-08-21T23:05:04.255+0000] {processor.py:840} INFO - DAG(s) 'example_trigger_target_dag' retrieved from /home/airflow/.local/lib/python3.8/site-packages/airflow/example_dags/example_trigger_target_dag.py
[2026-08-21T23:05:04.284+0000] {logging_mixin.py:188} INFO - [2026-08-21T23:05:04.284+0000] {dag.py:3047} INFO - Sync 1 DAGs
[2026-08-21T23:05:04.299+0000] {logging_mixin.py:188} INFO - [2026-08-21T23:05:04.299+0000] {dag.py:3834} INFO - Setting next_dagrun for example_trigger_target_dag to None, run_after=None
[2026-08-21T23:05:04.322+0000] {processor.py:183} INFO - Processing /home/airflow/.local/lib/python3.8/site-packages/airflow/example_dags/example_trigger_target_dag.py took 0.085 seconds
[2026-08-21T23:05:34.514+0000] {processor.py:161} INFO - Started process (PID=2192) to work on /home/airflow/.local/lib/python3.8/site-packages/airflow/example_dags/example_trigger_target_dag.py
[2026-08-21T23:05:34.516+0000] {processor.py:830} INFO - Processing file /home/airflow/.local/lib/python3.8/site-packages/airflow/example_dags/example_trigger_target_dag.py for tasks to queue
[2026-08-21T23:05:34.520+0000] {logging_mixin.py:188} INFO - [2026-08-21T23:05:34.519+0000] {dagbag.py:540} INFO - Filling up the DagBag from /home/airflow/.local/lib/python3.8/site-packages/airflow/example_dags/example_trigger_target_dag.py
[2026-08-21T23:05:34.528+0000] {processor.py:840} INFO - DAG(s) 'example_trigger_target_dag' retrieved from /home/airflow/.local/lib/python3.8/site-packages/airflow/example_dags/example_trigger_target_dag.py
[2026-08-21T23:05:34.558+0000] {logging_mixin.py:188} INFO - [2026-08-21T23:05:34.558+0000] {dag.py:3047} INFO - Sync 1 DAGs
[2026-08-21T23:05:34.573+0000] {logging_mixin.py:188} INFO - [2026-08-21T23:05:34.573+0000] {dag.py:3834} INFO - Setting next_dagrun for example_trigger_target_dag to None, run_after=None
[2026-08-21T23:05:34.596+0000] {processor.py:183} INFO - Processing /home/airflow/.local/lib/python3.8/site-packages/airflow/example_dags/example_trigger_target_dag.py took 0.086 seconds
[2026-08-21T23:06:05.046+0000] {processor.py:161} INFO - Started process (PID=2249) to work on /home/airflow/.local/lib/python3.8/site-packages/airflow/example_dags/example_trigger_target_dag.py
[2026-08-21T23:06:05.048+0000] {processor.py:830} INFO - Processing file /home/airflow/.local/lib/python3.8/site-packages/airflow/example_dags/example_trigger_target_dag.py for tasks to queue
[2026-08-21T23:06:05.051+0000] {logging_mixin.py:188} INFO - [2026-08-21T23:06:05.050+0000] {dagbag.py:540} INFO - Filling up the DagBag from /home/airflow/.local/lib/python3.8/site-packages/airflow/example_dags/example_trigger_target_dag.py
[2026-08-21T23:06:05.059+0000] {processor.py:840} INFO - DAG(s) 'example_trigger_target_dag' retrieved from /home/airflow/.local/lib/python3.8/site-packages/airflow/example_dags/example_trigger_target_dag.py
[2026-08-21T23:06:05.088+0000] {logging_mixin.py:188} INFO - [2026-08-21T23:06:05.088+0000] {dag.py:3047} INFO - Sync 1 DAGs
[2026-08-21T23:06:05.106+0000] {logging_mixin.py:188} INFO - [2026-08-21T23:06:05.106+0000] {dag.py:3834} INFO - Setting next_dagrun for example_trigger_target_dag to None, run_after=None
[2026-08-21T23:06:05.130+0000] {processor.py:183} INFO - Processing /home/airflow/.local/lib/python3.8/site-packages/airflow/example_dags/example_trigger_target_dag.py took 0.086 seconds
[2026-08-21T23:06:35.847+0000] {processor.py:161} INFO - Started process (PID=2306) to work on /home/airflow/.local/lib/python3.8/site-packages/airflow/example_dags/example_trigger_target_dag.py
[2026-08-21T23:06:35.848+0000] {processor.py:830} INFO - Processing file /home/airflow/.local/lib/python3.8/site-packages/airflow/example_dags/example_trigger_target_dag.py for tasks to queue
[2026-08-21T23:06:35.852+0000] {logging_mixin.py:188} INFO - [2026-08-21T23:06:35.851+0000] {dagbag.py:540} INFO - Filling up the DagBag from /home/airflow/.local/lib/python3.8/site-packages/airflow/example_dags/example_trigger_target_dag.py
[2026-08-21T23:06:35.859+0000] {processor.py:840} INFO - DAG(s) 'example_trigger_target_dag' retrieved from /home/airflow/.local/lib/python3.8/site-packages/airflow/example_dags/example_trigger_target_dag.py
[2026-08-21T23:06:35.893+0000] {logging_mixin.py:188} INFO - [2026-08-21T23:06:35.892+0000] {dag.py:3047} INFO - Sync 1 DAGs
[2026-08-21T23:06:35.910+0000] {logging_mixin.py:188} INFO - [2026-08-21T23:06:35.910+0000] {dag.py:3834} INFO - Setting next_dagrun for example_trigger_target_dag to None, run_after=None
[2026-08-21T23:06:35.940+0000] {processor.py:183} INFO - Processing /home/airflow/.local/lib/python3.8/site-packages/airflow/example_dags/example_trigger_target_dag.py took 0.098 seconds
[2026-08-21T23:07:06.235+0000] {processor.py:161} INFO - Started process (PID=2363) to work on /home/airflow/.local/lib/python3.8/site-packages/airflow/example_dags/example_trigger_target_dag.py
[2026-08-21T23:07:06.237+0000] {processor.py:830} INFO - Processing file /home/airflow/.local/lib/python3.8/site-packages/airflow/example_dags/example_trigger_target_dag.py for tasks to queue
[2026-08-21T23:07:06.241+0000] {logging_mixin.py:188} INFO - [2026-08-21T23:07:06.240+0000] {dagbag.py:540} INFO - Filling up the DagBag from /home/airflow/.local/lib/python3.8/site-packages/airflow/example_dags/example_trigger_target_dag.py
[2026-08-21T23:07:06.251+0000] {processor.py:840} INFO - DAG(s) 'example_trigger_target_dag' retrieved from /home/airflow/.local/lib/python3.8/site-packages/airflow/example_dags/example_trigger_target_dag.py
[2026-08-21T23:07:06.282+0000] {logging_mixin.py:188} INFO - [2026-08-21T23:07:06.282+0000] {dag.py:3047} INFO - Sync 1 DAGs
[2026-08-21T23:07:06.297+0000] {logging_mixin.py:188} INFO - [2026-08-21T23:07:06.296+0000] {dag.py:3834} INFO - Setting next_dagrun for example_trigger_target_dag to None, run_after=None
[2026-08-21T23:07:06.321+0000] {processor.py:183} INFO - Processing /home/airflow/.local/lib/python3.8/site-packages/airflow/example_dags/example_trigger_target_dag.py took 0.092 seconds
[2026-08-21T23:07:36.906+0000] {processor.py:161} INFO - Started process (PID=2420) to work on /home/airflow/.local/lib/python3.8/site-packages/airflow/example_dags/example_trigger_target_dag.py
[2026-08-21T23:07:36.909+0000] {processor.py:830} INFO - Processing file /home/airflow/.local/lib/python3.8/site-packages/airflow/example_dags/example_trigger_target_dag.py for tasks to queue
[2026-08-21T23:07:36.918+0000] {logging_mixin.py:188} INFO - [2026-08-21T23:07:36.917+0000] {dagbag.py:540} INFO - Filling up the DagBag from /home/airflow/.local/lib/python3.8/site-packages/airflow/example_dags/example_trigger_target_dag.py
[2026-08-21T23:07:36.929+0000] {processor.py:840} INFO - DAG(s) 'example_trigger_target_dag' retrieved from /home/airflow/.local/lib/python3.8/site-packages/airflow/example_dags/example_trigger_target_dag.py
[2026-08-21T23:07:36.975+0000] {logging_mixin.py:188} INFO - [2026-08-21T23:07:36.974+0000] {dag.py:3047} INFO - Sync 1 DAGs
[2026-08-21T23:07:37.011+0000] {logging_mixin.py:188} INFO - [2026-08-21T23:07:37.011+0000] {dag.py:3834} INFO - Setting next_dagrun for example_trigger_target_dag to None, run_after=None
[2026-08-21T23:07:37.066+0000] {processor.py:183} INFO - Processing /home/airflow/.local/lib/python3.8/site-packages/airflow/example_dags/example_trigger_target_dag.py took 0.169 seconds
