[2026-08-21T22:46:39.597+0000] {processor.py:161} INFO - Started process (PID=53) to work on /home/airflow/.local/lib/python3.8/site-packages/airflow/example_dags/example_nested_branch_dag.py
[2026-08-21T22:46:39.600+0000] {processor.py:830} INFO - Processing file /home/airflow/.local/lib/python3.8/site-packages/airflow/example_dags/example_nested_branch_dag.py for tasks to queue
[2026-08-21T22:46:39.605+0000] {logging_mixin.py:188} INFO - [2026-08-21T22:46:39.604+0000] {dagbag.py:540} INFO - Filling up the DagBag from /home/airflow/.local/lib/python3.8/site-packages/airflow/example_dags/example_nested_branch_dag.py
[2026-08-21T22:46:39.645+0000] {processor.py:840} INFO - DAG(s) 'example_nested_branch_dag' retrieved from /home/airflow/.local/lib/python3.8/site-packages/airflow/example_dags/example_nested_branch_dag.py
[2026-08-21T22:46:39.693+0000] {logging_mixin.py:188} INFO - [2026-08-21T22:46:39.692+0000] {dag.py:3047} INFO - Sync 1 DAGs
[2026-08-21T22:46:39.730+0000] {logging_mixin.py:188} INFO - [2026-08-21T22:46:39.730+0000] {dag.py:3834} INFO - Setting next_dagrun for example_nested_branch_dag to 2026-08-20 00:00:00+00:00, run_after=2026-08-21 00:00:00+00:00
[2026-08-21T22:46:39.759+0000] {processor.py:183} INFO - Processing /home/airflow/.local/lib/python3.8/site-packages/airflow/example_dags/example_nested_branch_dag.py took 0.168 seconds
[2026-08-21T22:47:09.926+0000] {processor.py:161} INFO - Started process (PID=110) to work on /home/airflow/.local/lib/python3.8/site-packages/airflow/example_dags/example_nested_branch_dag.py
[2026-08-21T22:47:09.928+0000] {processor.py:830} INFO - Processing file /home/airflow/.local/lib/python3.8/site-packages/airflow/example_dags/example_nested_branch_dag.py for tasks to queue
[2026-08-21T22:47:09.937+0000] {logging_mixin.py:188} INFO - [2026-08-21T22:47:09.937+0000] {dagbag.py:540} INFO - Filling up the DagBag from /home/airflow/.local/lib/python3.8/site-packages/airflow/example_dags/example_nested_branch_dag.py
[2026-08-21T22:47:09.957+0000] {processor.py:840} INFO - DAG(s) 'example_nested_branch_dag' retrieved from /home/airflow/.local/lib/python3.8/site-packages/airflow/example_dags/example_nested_branch_dag.py
[2026-08-21T22:47:10.108+0000] {logging_mixin.py:188} INFO - [2026-08-21T22:47:10.107+0000] {dag.py:3047} INFO - Sync 1 DAGs
[2026-08-21T22:47:10.151+0000] {logging_mixin.py:188} INFO - [2026-08-21T22:47:10.150+0000] {dag.py:3834} INFO - Setting next_dagrun for example_nested_branch_dag to 2026-08-20 00:00:00+00:00, run_after=2026-08-21 00:00:00+00:00
[2026-08-21T22:47:10.197+0000] {processor.py:183} INFO - Processing /home/airflow/.local/lib/python3.8/site-packages/airflow/example_dags/example_nested_branch_dag.py took 0.284 seconds
[2026-08-21T22:47:40.730+0000] {processor.py:161} INFO - Started process (PID=167) to work on /home/airflow/.local/lib/python3.8/site-packages/airflow/example_dags/example_nested_branch_dag.py
[2026-08-21T22:47:40.732+0000] {processor.py:830} INFO - Processing file /home/airflow/.local/lib/python3.8/site-packages/airflow/example_dags/example_nested_branch_dag.py for tasks to queue
[2026-08-21T22:47:40.736+0000] {logging_mixin.py:188} INFO - [2026-08-21T22:47:40.736+0000] {dagbag.py:540} INFO - Filling up the DagBag from /home/airflow/.local/lib/python3.8/site-packages/airflow/example_dags/example_nested_branch_dag.py
[2026-08-21T22:47:40.754+0000] {processor.py:840} INFO - DAG(s) 'example_nested_branch_dag' retrieved from /home/airflow/.local/lib/python3.8/site-packages/airflow/example_dags/example_nested_branch_dag.py
[2026-08-21T22:47:40.807+0000] {logging_mixin.py:188} INFO - [2026-08-21T22:47:40.806+0000] {dag.py:3047} INFO - Sync 1 DAGs
[2026-08-21T22:47:40.895+0000] {logging_mixin.py:188} INFO - [2026-08-21T22:47:40.895+0000] {dag.py:3834} INFO - Setting next_dagrun for example_nested_branch_dag to 2026-08-20 00:00:00+00:00, run_after=2026-08-21 00:00:00+00:00
[2026-08-21T22:47:40.929+0000] {processor.py:183} INFO - Processing /home/airflow/.local/lib/python3.8/site-packages/airflow/example_dags/example_nested_branch_dag.py took 0.206 seconds
[2026-08-21T22:48:11.295+0000] {processor.py:161} INFO - Started process (PID=224) to work on /home/airflow/.local/lib/python3.8/site-packages/airflow/example_dags/example_nested_branch_dag.py
[2026-08-21T22:48:11.296+0000] {processor.py:830} INFO - Processing file /home/airflow/.local/lib/python3.8/site-packages/airflow/example_dags/example_nested_branch_dag.py for tasks to queue
[2026-08-21T22:48:11.300+0000] {logging_mixin.py:188} INFO - [2026-08-21T22:48:11.300+0000] {dagbag.py:540} INFO - Filling up the DagBag from /home/airflow/.local/lib/python3.8/site-packages/airflow/example_dags/example_nested_branch_dag.py
[2026-08-21T22:48:11.310+0000] {processor.py:840} INFO - DAG(s) 'example_nested_branch_dag' retrieved from /home/airflow/.local/lib/python3.8/site-packages/airflow/example_dags/example_nested_branch_dag.py
[2026-08-21T22:48:11.339+0000] {logging_mixin.py:188} INFO - [2026-08-21T22:48:11.338+0000] {dag.py:3047} INFO - Sync 1 DAGs
[2026-08-21T22:48:11.370+0000] {logging_mixin.py:188} INFO - [2026-08-21T22:48:11.370+0000] {dag.py:3834} INFO - Setting next_dagrun for example_nested_branch_dag to 2026-08-20 00:00:00+00:00, run_after=2026-08-21 00:00:00+00:00
[2026-08-21T22:48:11.394+0000] {processor.py:183} INFO - Processing /home/airflow/.local/lib/python3.8/site-packages/airflow/example_dags/example_nested_branch_dag.py took 0.103 seconds
[2026-08-21T22:48:41.869+0000] {processor.py:161} INFO - Started process (PID=281) to work on /home/airflow/.local/lib/python3.8/site-packages/airflow/example_dags/example_nested_branch_dag.py
[2026-08-21T22:48:41.871+0000] {processor.py:830} INFO - Processing file /home/airflow/.local/lib/python3.8/site-packages/airflow/example_dags/example_nested_branch_dag.py for tasks to queue
[2026-08-21T22:48:41.875+0000] {logging_mixin.py:188} INFO - [2026-08-21T22:48:41.875+0000] {dagbag.py:540} INFO - Filling up the DagBag from /home/airflow/.local/lib/python3.8/site-packages/airflow/example_dags/example_nested_branch_dag.py
[2026-08-21T22:48:41.889+0000] {processor.py:840} INFO - DAG(s) 'example_nested_branch_dag' retrieved from /home/airflow/.local/lib/python3.8/site-packages/airflow/example_dags/example_nested_branch_dag.py
[2026-08-21T22:48:41.920+0000] {logging_mixin.py:188} INFO - [2026-08-21T22:48:41.920+0000] {dag.py:3047} INFO - Sync 1 DAGs
[2026-08-21T22:48:41.950+0000] {logging_mixin.py:188} INFO - [2026-08-21T22:48:41.950+0000] {dag.py:3834} INFO - Setting next_dagrun for example_nested_branch_dag to 2026-08-20 00:00:00+00:00, run_after=2026-08-21 00:00:00+00:00
[2026-08-21T22:48:41.986+0000] {processor.py:183} INFO - Processing /home/airflow/.local/lib/python3.8/site-packages/airflow/example_dags/example_nested_branch_dag.py took 0.121 seconds
[2026-08-21T22:49:12.210+0000] {processor.py:161} INFO - Started process (PID=338) to work on /home/airflow/.local/lib/python3.8/site-packages/airflow/example_dags/example_nested_branch_dag.py
[2026-08-21T22:49:12.212+0000] {processor.py:830} INFO - Processing file /home/airflow/.local/lib/python3.8/site-packages/airflow/example_dags/example_nested_branch_dag.py for tasks to queue
[2026-08-21T22:49:12.215+0000] {logging_mixin.py:188} INFO - [2026-08-21T22:49:12.214+0000] {dagbag.py:540} INFO - Filling up the DagBag from /home/airflow/.local/lib/python3.8/site-packages/airflow/example_dags/example_nested_branch_dag.py
[2026-08-21T22:49:12.225+0000] {processor.py:840} INFO - DAG(s) 'example_nested_branch_dag' retrieved from /home/airflow/.local/lib/python3.8/site-packages/airflow/example_dags/example_nested_branch_dag.py
[2026-08-21T22:49:12.251+0000] {logging_mixin.py:188} INFO - [2026-08-21T22:49:12.251+0000] {dag.py:3047} INFO - Sync 1 DAGs
[2026-08-21T22:49:12.275+0000] {logging_mixin.py:188} INFO - [2026-08-21T22:49:12.274+0000] {dag.py:3834} INFO - Setting next_dagrun for example_nested_branch_dag to 2026-08-20 00:00:00+00:00, run_after=2026-08-21 00:00:00+00:00
[2026-08-21T22:49:12.297+0000] {processor.py:183} INFO - Processing /home/airflow/.local/lib/python3.8/site-packages/airflow/example_dags/example_nested_branch_dag.py took 0.091 seconds
[2026-08-21T22:49:42.461+0000] {processor.py:161} INFO - Started process (PID=395) to work on /home/airflow/.local/lib/python3.8/site-packages/airflow/example_dags/example_nested_branch_dag.py
[2026-08-21T22:49:42.463+0000] {processor.py:830} INFO - Processing file /home/airflow/.local/lib/python3.8/site-packages/airflow/example_dags/example_nested_branch_dag.py for tasks to queue
[2026-08-21T22:49:42.468+0000] {logging_mixin.py:188} INFO - [2026-08-21T22:49:42.468+0000] {dagbag.py:540} INFO - Filling up the DagBag from /home/airflow/.local/lib/python3.8/site-packages/airflow/example_dags/example_nested_branch_dag.py
[2026-08-21T22:49:42.507+0000] {processor.py:840} INFO - DAG(s) 'example_nested_branch_dag' retrieved from /home/airflow/.local/lib/python3.8/site-packages/airflow/example_dags/example_nested_branch_dag.py
[2026-08-21T22:49:42.577+0000] {logging_mixin.py:188} INFO - [2026-08-21T22:49:42.576+0000] {dag.py:3047} INFO - Sync 1 DAGs
[2026-08-21T22:49:42.633+0000] {logging_mixin.py:188} INFO - [2026-08-21T22:49:42.633+0000] {dag.py:3834} INFO - Setting next_dagrun for example_nested_branch_dag to 2026-08-20 00:00:00+00:00, run_after=2026-08-21 00:00:00+00:00
[2026-08-21T22:49:42.662+0000] {processor.py:183} INFO - Processing /home/airflow/.local/lib/python3.8/site-packages/airflow/example_dags/example_nested_branch_dag.py took 0.211 seconds
[2026-08-21T22:50:12.959+0000] {processor.py:161} INFO - Started process (PID=458) to work on /home/airflow/.local/lib/python3.8/site-packages/airflow/example_dags/example_nested_branch_dag.py
[2026-08-21T22:50:12.962+0000] {processor.py:830} INFO - Processing file /home/airflow/.local/lib/python3.8/site-packages/airflow/example_dags/example_nested_branch_dag.py for tasks to queue
[2026-08-21T22:50:12.967+0000] {logging_mixin.py:188} INFO - [2026-08-21T22:50:12.967+0000] {dagbag.py:540} INFO - Filling up the DagBag from /home/airflow/.local/lib/python3.8/site-packages/airflow/example_dags/example_nested_branch_dag.py
[2026-08-21T22:50:12.983+0000] {processor.py:840} INFO - DAG(s) 'example_nested_branch_dag' retrieved from /home/airflow/.local/lib/python3.8/site-packages/airflow/example_dags/example_nested_branch_dag.py
[2026-08-21T22:50:13.013+0000] {logging_mixin.py:188} INFO - [2026-08-21T22:50:13.013+0000] {dag.py:3047} INFO - Sync 1 DAGs
[2026-08-21T22:50:13.043+0000] {logging_mixin.py:188} INFO - [2026-08-21T22:50:13.043+0000] {dag.py:3834} INFO - Setting next_dagrun for example_nested_branch_dag to 2026-08-20 00:00:00+00:00, run_after=2026-08-21 00:00:00+00:00
[2026-08-21T22:50:13.069+0000] {processor.py:183} INFO - Processing /home/airflow/.local/lib/python3.8/site-packages/airflow/example_dags/example_nested_branch_dag.py took 0.117 seconds
[2026-08-21T22:50:43.198+0000] {processor.py:161} INFO - Started process (PID=515) to work on /home/airflow/.local/lib/python3.8/site-packages/airflow/example_dags/example_nested_branch_dag.py
[2026-08-21T22:50:43.200+0000] {processor.py:830} INFO - Processing file /home/airflow/.local/lib/python3.8/site-packages/airflow/example_dags/example_nested_branch_dag.py for tasks to queue
[2026-08-21T22:50:43.204+0000] {logging_mixin.py:188} INFO - [2026-08-21T22:50:43.204+0000] {dagbag.py:540} INFO - Filling up the DagBag from /home/airflow/.local/lib/python3.8/site-packages/airflow/example_dags/example_nested_branch_dag.py
[2026-08-21T22:50:43.218+0000] {processor.py:840} INFO - DAG(s) 'example_nested_branch_dag' retrieved from /home/airflow/.local/lib/python3.8/site-packages/airflow/example_dags/example_nested_branch_dag.py
[2026-08-21T22:50:43.250+0000] {logging_mixin.py:188} INFO - [2026-08-21T22:50:43.250+0000] {dag.py:3047} INFO - Sync 1 DAGs
[2026-08-21T22:50:43.279+0000] {logging_mixin.py:188} INFO - [2026-08-21T22:50:43.278+0000] {dag.py:3834} INFO - Setting next_dagrun for example_nested_branch_dag to 2026-08-20 00:00:00+00:00, run_after=2026-08-21 00:00:00+00:00
[2026-08-21T22:50:43.301+0000] {processor.py:183} INFO - Processing /home/airflow/.local/lib/python3.8/site-packages/airflow/example_dags/example_nested_branch_dag.py took 0.108 seconds
[2026-08-21T22:51:13.372+0000] {processor.py:161} INFO - Started process (PID=572) to work on /home/airflow/.local/lib/python3.8/site-packages/airflow/example_dags/example_nested_branch_dag.py
[2026-08-21T22:51:13.374+0000] {processor.py:830} INFO - Processing file /home/airflow/.local/lib/python3.8/site-packages/airflow/example_dags/example_nested_branch_dag.py for tasks to queue
[2026-08-21T22:51:13.377+0000] {logging_mixin.py:188} INFO - [2026-08-21T22:51:13.377+0000] {dagbag.py:540} INFO - Filling up the DagBag from /home/airflow/.local/lib/python3.8/site-packages/airflow/example_dags/example_nested_branch_dag.py
[2026-08-21T22:51:13.392+0000] {processor.py:840} INFO - DAG(s) 'example_nested_branch_dag' retrieved from /home/airflow/.local/lib/python3.8/site-packages/airflow/example_dags/example_nested_branch_dag.py
[2026-08-21T22:51:13.432+0000] {logging_mixin.py:188} INFO - [2026-08-21T22:51:13.431+0000] {dag.py:3047} INFO - Sync 1 DAGs
[2026-08-21T22:51:13.470+0000] {logging_mixin.py:188} INFO - [2026-08-21T22:51:13.470+0000] {dag.py:3834} INFO - Setting next_dagrun for example_nested_branch_dag to 2026-08-20 00:00:00+00:00, run_after=2026-08-21 00:00:00+00:00
[2026-08-21T22:51:13.499+0000] {processor.py:183} INFO - Processing /home/airflow/.local/lib/python3.8/site-packages/airflow/example_dags/example_nested_branch_dag.py took 0.131 seconds
[2026-08-21T22:51:43.619+0000] {processor.py:161} INFO - Started process (PID=629) to work on /home/airflow/.local/lib/python3.8/site-packages/airflow/example_dags/example_nested_branch_dag.py
[2026-08-21T22:51:43.622+0000] {processor.py:830} INFO - Processing file /home/airflow/.local/lib/python3.8/site-packages/airflow/example_dags/example_nested_branch_dag.py for tasks to queue
[2026-08-21T22:51:43.625+0000] {logging_mixin.py:188} INFO - [2026-08-21T22:51:43.625+0000] {dagbag.py:540} INFO - Filling up the DagBag from /home/airflow/.local/lib/python3.8/site-packages/airflow/example_dags/example_nested_branch_dag.py
[2026-08-21T22:51:43.641+0000] {processor.py:840} INFO - DAG(s) 'example_nested_branch_dag' retrieved from /home/airflow/.local/lib/python3.8/site-packages/airflow/example_dags/example_nested_branch_dag.py
[2026-08-21T22:51:43.672+0000] {logging_mixin.py:188} INFO - [2026-08-21T22:51:43.672+0000] {dag.py:3047} INFO - Sync 1 DAGs
[2026-08-21T22:51:43.707+0000] {logging_mixin.py:188} INFO - [2026-08-21T22:51:43.707+0000] {dag.py:3834} INFO - Setting next_dagrun for example_nested_branch_dag to 2026-08-20 00:00:00+00:00, run_after=2026-08-21 00:00:00+00:00
[2026-08-21T22:51:43.733+0000] {processor.py:183} INFO - Processing /home/airflow/.local/lib/python3.8/site-packages/airflow/example_dags/example_nested_branch_dag.py took 0.121 seconds
[2026-08-21T22:52:14.198+0000] {processor.py:161} INFO - Started process (PID=686) to work on /home/airflow/.local/lib/python3.8/site-packages/airflow/example_dags/example_nested_branch_dag.py
[2026-08-21T22:52:14.201+0000] {processor.py:830} INFO - Processing file /home/airflow/.local/lib/python3.8/site-packages/airflow/example_dags/example_nested_branch_dag.py for tasks to queue
[2026-08-21T22:52:14.204+0000] {logging_mixin.py:188} INFO - [2026-08-21T22:52:14.203+0000] {dagbag.py:540} INFO - Filling up the DagBag from /home/airflow/.local/lib/python3.8/site-packages/airflow/example_dags/example_nested_branch_dag.py
[2026-08-21T22:52:14.219+0000] {processor.py:840} INFO - DAG(s) 'example_nested_branch_dag' retrieved from /home/airflow/.local/lib/python3.8/site-packages/airflow/example_dags/example_nested_branch_dag.py
[2026-08-21T22:52:14.247+0000] {logging_mixin.py:188} INFO - [2026-08-21T22:52:14.247+0000] {dag.py:3047} INFO - Sync 1 DAGs
[2026-08-21T22:52:14.273+0000] {logging_mixin.py:188} INFO - [2026-08-21T22:52:14.272+0000] {dag.py:3834} INFO - Setting next_dagrun for example_nested_branch_dag to 2026-08-20 00:00:00+00:00, run_after=2026-08-21 00:00:00+00:00
[2026-08-21T22:52:14.297+0000] {processor.py:183} INFO - Processing /home/airflow/.local/lib/python3.8/site-packages/airflow/example_dags/example_nested_branch_dag.py took 0.104 seconds
[2026-08-21T22:52:44.807+0000] {processor.py:161} INFO - Started process (PID=743) to work on /home/airflow/.local/lib/python3.8/site-packages/airflow/example_dags/example_nested_branch_dag.py
[2026-08-21T22:52:44.812+0000] {processor.py:830} INFO - Processing file /home/airflow/.local/lib/python3.8/site-packages/airflow/example_dags/example_nested_branch_dag.py for tasks to queue
[2026-08-21T22:52:44.815+0000] {logging_mixin.py:188} INFO - [2026-08-21T22:52:44.815+0000] {dagbag.py:540} INFO - Filling up the DagBag from /home/airflow/.local/lib/python3.8/site-packages/airflow/example_dags/example_nested_branch_dag.py
[2026-08-21T22:52:44.834+0000] {processor.py:840} INFO - DAG(s) 'example_nested_branch_dag' retrieved from /home/airflow/.local/lib/python3.8/site-packages/airflow/example_dags/example_nested_branch_dag.py
[2026-08-21T22:52:44.870+0000] {logging_mixin.py:188} INFO - [2026-08-21T22:52:44.870+0000] {dag.py:3047} INFO - Sync 1 DAGs
[2026-08-21T22:52:44.924+0000] {logging_mixin.py:188} INFO - [2026-08-21T22:52:44.923+0000] {dag.py:3834} INFO - Setting next_dagrun for example_nested_branch_dag to 2026-08-20 00:00:00+00:00, run_after=2026-08-21 00:00:00+00:00
[2026-08-21T22:52:44.973+0000] {processor.py:183} INFO - Processing /home/airflow/.local/lib/python3.8/site-packages/airflow/example_dags/example_nested_branch_dag.py took 0.171 seconds
[2026-08-21T22:53:15.081+0000] {processor.py:161} INFO - Started process (PID=800) to work on /home/airflow/.local/lib/python3.8/site-packages/airflow/example_dags/example_nested_branch_dag.py
[2026-08-21T22:53:15.083+0000] {processor.py:830} INFO - Processing file /home/airflow/.local/lib/python3.8/site-packages/airflow/example_dags/example_nested_branch_dag.py for tasks to queue
[2026-08-21T22:53:15.086+0000] {logging_mixin.py:188} INFO - [2026-08-21T22:53:15.086+0000] {dagbag.py:540} INFO - Filling up the DagBag from /home/airflow/.local/lib/python3.8/site-packages/airflow/example_dags/example_nested_branch_dag.py
[2026-08-21T22:53:15.097+0000] {processor.py:840} INFO - DAG(s) 'example_nested_branch_dag' retrieved from /home/airflow/.local/lib/python3.8/site-packages/airflow/example_dags/example_nested_branch_dag.py
[2026-08-21T22:53:15.121+0000] {logging_mixin.py:188} INFO - [2026-08-21T22:53:15.120+0000] {dag.py:3047} INFO - Sync 1 DAGs
[2026-08-21T22:53:15.144+0000] {logging_mixin.py:188} INFO - [2026-08-21T22:53:15.143+0000] {dag.py:3834} INFO - Setting next_dagrun for example_nested_branch_dag to 2026-08-20 00:00:00+00:00, run_after=2026-08-21 00:00:00+00:00
[2026-08-21T22:53:15.164+0000] {processor.py:183} INFO - Processing /home/airflow/.local/lib/python3.8/site-packages/airflow/example_dags/example_nested_branch_dag.py took 0.087 seconds
[2026-08-21T22:53:45.543+0000] {processor.py:161} INFO - Started process (PID=857) to work on /home/airflow/.local/lib/python3.8/site-packages/airflow/example_dags/example_nested_branch_dag.py
[2026-08-21T22:53:45.544+0000] {processor.py:830} INFO - Processing file /home/airflow/.local/lib/python3.8/site-packages/airflow/example_dags/example_nested_branch_dag.py for tasks to queue
[2026-08-21T22:53:45.548+0000] {logging_mixin.py:188} INFO - [2026-08-21T22:53:45.548+0000] {dagbag.py:540} INFO - Filling up the DagBag from /home/airflow/.local/lib/python3.8/site-packages/airflow/example_dags/example_nested_branch_dag.py
[2026-08-21T22:53:45.564+0000] {processor.py:840} INFO - DAG(s) 'example_nested_branch_dag' retrieved from /home/airflow/.local/lib/python3.8/site-packages/airflow/example_dags/example_nested_branch_dag.py
[2026-08-21T22:53:45.594+0000] {logging_mixin.py:188} INFO - [2026-08-21T22:53:45.594+0000] {dag.py:3047} INFO - Sync 1 DAGs
[2026-08-21T22:53:45.620+0000] {logging_mixin.py:188} INFO - [2026-08-21T22:53:45.619+0000] {dag.py:3834} INFO - Setting next_dagrun for example_nested_branch_dag to 2026-08-20 00:00:00+00:00, run_after=2026-08-21 00:00:00+00:00
[2026-08-21T22:53:45.646+0000] {processor.py:183} INFO - Processing /home/airflow/.local/lib/python3.8/site-packages/airflow/example_dags/example_nested_branch_dag.py took 0.108 seconds
[2026-08-21T22:54:15.784+0000] {processor.py:161} INFO - Started process (PID=914) to work on /home/airflow/.local/lib/python3.8/site-packages/airflow/example_dags/example_nested_branch_dag.py
[2026-08-21T22:54:15.787+0000] {processor.py:830} INFO - Processing file /home/airflow/.local/lib/python3.8/site-packages/airflow/example_dags/example_nested_branch_dag.py for tasks to queue
[2026-08-21T22:54:15.792+0000] {logging_mixin.py:188} INFO - [2026-08-21T22:54:15.791+0000] {dagbag.py:540} INFO - Filling up the DagBag from /home/airflow/.local/lib/python3.8/site-packages/airflow/example_dags/example_nested_branch_dag.py
[2026-08-21T22:54:15.807+0000] {processor.py:840} INFO - DAG(s) 'example_nested_branch_dag' retrieved from /home/airflow/.local/lib/python3.8/site-packages/airflow/example_dags/example_nested_branch_dag.py
[2026-08-21T22:54:15.837+0000] {logging_mixin.py:188} INFO - [2026-08-21T22:54:15.836+0000] {dag.py:3047} INFO - Sync 1 DAGs
[2026-08-21T22:54:15.865+0000] {logging_mixin.py:188} INFO - [2026-08-21T22:54:15.865+0000] {dag.py:3834} INFO - Setting next_dagrun for example_nested_branch_dag to 2026-08-20 00:00:00+00:00, run_after=2026-08-21 00:00:00+00:00
[2026-08-21T22:54:15.892+0000] {processor.py:183} INFO - Processing /home/airflow/.local/lib/python3.8/site-packages/airflow/example_dags/example_nested_branch_dag.py took 0.114 seconds
[2026-08-21T22:54:46.832+0000] {processor.py:161} INFO - Started process (PID=971) to work on /home/airflow/.local/lib/python3.8/site-packages/airflow/example_dags/example_nested_branch_dag.py
[2026-08-21T22:54:46.834+0000] {processor.py:830} INFO - Processing file /home/airflow/.local/lib/python3.8/site-packages/airflow/example_dags/example_nested_branch_dag.py for tasks to queue
[2026-08-21T22:54:46.837+0000] {logging_mixin.py:188} INFO - [2026-08-21T22:54:46.837+0000] {dagbag.py:540} INFO - Filling up the DagBag from /home/airflow/.local/lib/python3.8/site-packages/airflow/example_dags/example_nested_branch_dag.py
[2026-08-21T22:54:46.854+0000] {processor.py:840} INFO - DAG(s) 'example_nested_branch_dag' retrieved from /home/airflow/.local/lib/python3.8/site-packages/airflow/example_dags/example_nested_branch_dag.py
[2026-08-21T22:54:46.883+0000] {logging_mixin.py:188} INFO - [2026-08-21T22:54:46.883+0000] {dag.py:3047} INFO - Sync 1 DAGs
[2026-08-21T22:54:46.920+0000] {logging_mixin.py:188} INFO - [2026-08-21T22:54:46.920+0000] {dag.py:3834} INFO - Setting next_dagrun for example_nested_branch_dag to 2026-08-20 00:00:00+00:00, run_after=2026-08-21 00:00:00+00:00
[2026-08-21T22:54:46.945+0000] {processor.py:183} INFO - Processing /home/airflow/.local/lib/python3.8/site-packages/airflow/example_dags/example_nested_branch_dag.py took 0.118 seconds
[2026-08-21T22:55:17.275+0000] {processor.py:161} INFO - Started process (PID=1028) to work on /home/airflow/.local/lib/python3.8/site-packages/airflow/example_dags/example_nested_branch_dag.py
[2026-08-21T22:55:17.277+0000] {processor.py:830} INFO - Processing file /home/airflow/.local/lib/python3.8/site-packages/airflow/example_dags/example_nested_branch_dag.py for tasks to queue
[2026-08-21T22:55:17.281+0000] {logging_mixin.py:188} INFO - [2026-08-21T22:55:17.280+0000] {dagbag.py:540} INFO - Filling up the DagBag from /home/airflow/.local/lib/python3.8/site-packages/airflow/example_dags/example_nested_branch_dag.py
[2026-08-21T22:55:17.292+0000] {processor.py:840} INFO - DAG(s) 'example_nested_branch_dag' retrieved from /home/airflow/.local/lib/python3.8/site-packages/airflow/example_dags/example_nested_branch_dag.py
[2026-08-21T22:55:17.320+0000] {logging_mixin.py:188} INFO - [2026-08-21T22:55:17.320+0000] {dag.py:3047} INFO - Sync 1 DAGs
[2026-08-21T22:55:17.353+0000] {logging_mixin.py:188} INFO - [2026-08-21T22:55:17.353+0000] {dag.py:3834} INFO - Setting next_dagrun for example_nested_branch_dag to 2026-08-20 00:00:00+00:00, run_after=2026-08-21 00:00:00+00:00
[2026-08-21T22:55:17.376+0000] {processor.py:183} INFO - Processing /home/airflow/.local/lib/python3.8/site-packages/airflow/example_dags/example_nested_branch_dag.py took 0.104 seconds
[2026-08-21T22:55:47.421+0000] {processor.py:161} INFO - Started process (PID=1085) to work on /home/airflow/.local/lib/python3.8/site-packages/airflow/example_dags/example_nested_branch_dag.py
[2026-08-21T22:55:47.423+0000] {processor.py:830} INFO - Processing file /home/airflow/.local/lib/python3.8/site-packages/airflow/example_dags/example_nested_branch_dag.py for tasks to queue
[2026-08-21T22:55:47.425+0000] {logging_mixin.py:188} INFO - [2026-08-21T22:55:47.425+0000] {dagbag.py:540} INFO - Filling up the DagBag from /home/airflow/.local/lib/python3.8/site-packages/airflow/example_dags/example_nested_branch_dag.py
[2026-08-21T22:55:47.439+0000] {processor.py:840} INFO - DAG(s) 'example_nested_branch_dag' retrieved from /home/airflow/.local/lib/python3.8/site-packages/airflow/example_dags/example_nested_branch_dag.py
[2026-08-21T22:55:47.467+0000] {logging_mixin.py:188} INFO - [2026-08-21T22:55:47.467+0000] {dag.py:3047} INFO - Sync 1 DAGs
[2026-08-21T22:55:47.492+0000] {logging_mixin.py:188} INFO - [2026-08-21T22:55:47.491+0000] {dag.py:3834} INFO - Setting next_dagrun for example_nested_branch_dag to 2026-08-20 00:00:00+00:00, run_after=2026-08-21 00:00:00+00:00
[2026-08-21T22:55:47.517+0000] {processor.py:183} INFO - Processing /home/airflow/.local/lib/python3.8/site-packages/airflow/example_dags/example_nested_branch_dag.py took 0.100 seconds
[2026-08-21T22:56:18.420+0000] {processor.py:161} INFO - Started process (PID=1142) to work on /home/airflow/.local/lib/python3.8/site-packages/airflow/example_dags/example_nested_branch_dag.py
[2026-08-21T22:56:18.422+0000] {processor.py:830} INFO - Processing file /home/airflow/.local/lib/python3.8/site-packages/airflow/example_dags/example_nested_branch_dag.py for tasks to queue
[2026-08-21T22:56:18.426+0000] {logging_mixin.py:188} INFO - [2026-08-21T22:56:18.425+0000] {dagbag.py:540} INFO - Filling up the DagBag from /home/airflow/.local/lib/python3.8/site-packages/airflow/example_dags/example_nested_branch_dag.py
[2026-08-21T22:56:18.438+0000] {processor.py:840} INFO - DAG(s) 'example_nested_branch_dag' retrieved from /home/airflow/.local/lib/python3.8/site-packages/airflow/example_dags/example_nested_branch_dag.py
[2026-08-21T22:56:18.469+0000] {logging_mixin.py:188} INFO - [2026-08-21T22:56:18.469+0000] {dag.py:3047} INFO - Sync 1 DAGs
[2026-08-21T22:56:18.502+0000] {logging_mixin.py:188} INFO - [2026-08-21T22:56:18.501+0000] {dag.py:3834} INFO - Setting next_dagrun for example_nested_branch_dag to 2026-08-20 00:00:00+00:00, run_after=2026-08-21 00:00:00+00:00
[2026-08-21T22:56:18.531+0000] {processor.py:183} INFO - Processing /home/airflow/.local/lib/python3.8/site-packages/airflow/example_dags/example_nested_branch_dag.py took 0.117 seconds
[2026-08-21T22:56:49.076+0000] {processor.py:161} INFO - Started process (PID=1199) to work on /home/airflow/.local/lib/python3.8/site-packages/airflow/example_dags/example_nested_branch_dag.py
[2026-08-21T22:56:49.078+0000] {processor.py:830} INFO - Processing file /home/airflow/.local/lib/python3.8/site-packages/airflow/example_dags/example_nested_branch_dag.py for tasks to queue
[2026-08-21T22:56:49.083+0000] {logging_mixin.py:188} INFO - [2026-08-21T22:56:49.082+0000] {dagbag.py:540} INFO - Filling up the DagBag from /home/airflow/.local/lib/python3.8/site-packages/airflow/example_dags/example_nested_branch_dag.py
[2026-08-21T22:56:49.096+0000] {processor.py:840} INFO - DAG(s) 'example_nested_branch_dag' retrieved from /home/airflow/.local/lib/python3.8/site-packages/airflow/example_dags/example_nested_branch_dag.py
[2026-08-21T22:56:49.128+0000] {logging_mixin.py:188} INFO - [2026-08-21T22:56:49.128+0000] {dag.py:3047} INFO - Sync 1 DAGs
[2026-08-21T22:56:49.158+0000] {logging_mixin.py:188} INFO - [2026-08-21T22:56:49.158+0000] {dag.py:3834} INFO - Setting next_dagrun for example_nested_branch_dag to 2026-08-20 00:00:00+00:00, run_after=2026-08-21 00:00:00+00:00
[2026-08-21T22:56:49.185+0000] {processor.py:183} INFO - Processing /home/airflow/.local/lib/python3.8/site-packages/airflow/example_dags/example_nested_branch_dag.py took 0.115 seconds
[2026-08-21T22:57:19.789+0000] {processor.py:161} INFO - Started process (PID=1256) to work on /home/airflow/.local/lib/python3.8/site-packages/airflow/example_dags/example_nested_branch_dag.py
[2026-08-21T22:57:19.791+0000] {processor.py:830} INFO - Processing file /home/airflow/.local/lib/python3.8/site-packages/airflow/example_dags/example_nested_branch_dag.py for tasks to queue
[2026-08-21T22:57:19.794+0000] {logging_mixin.py:188} INFO - [2026-08-21T22:57:19.793+0000] {dagbag.py:540} INFO - Filling up the DagBag from /home/airflow/.local/lib/python3.8/site-packages/airflow/example_dags/example_nested_branch_dag.py
[2026-08-21T22:57:19.807+0000] {processor.py:840} INFO - DAG(s) 'example_nested_branch_dag' retrieved from /home/airflow/.local/lib/python3.8/site-packages/airflow/example_dags/example_nested_branch_dag.py
[2026-08-21T22:57:19.839+0000] {logging_mixin.py:188} INFO - [2026-08-21T22:57:19.839+0000] {dag.py:3047} INFO - Sync 1 DAGs
[2026-08-21T22:57:19.869+0000] {logging_mixin.py:188} INFO - [2026-08-21T22:57:19.868+0000] {dag.py:3834} INFO - Setting next_dagrun for example_nested_branch_dag to 2026-08-20 00:00:00+00:00, run_after=2026-08-21 00:00:00+00:00
[2026-08-21T22:57:19.895+0000] {processor.py:183} INFO - Processing /home/airflow/.local/lib/python3.8/site-packages/airflow/example_dags/example_nested_branch_dag.py took 0.110 seconds
[2026-08-21T22:57:50.356+0000] {processor.py:161} INFO - Started process (PID=1313) to work on /home/airflow/.local/lib/python3.8/site-packages/airflow/example_dags/example_nested_branch_dag.py
[2026-08-21T22:57:50.358+0000] {processor.py:830} INFO - Processing file /home/airflow/.local/lib/python3.8/site-packages/airflow/example_dags/example_nested_branch_dag.py for tasks to queue
[2026-08-21T22:57:50.361+0000] {logging_mixin.py:188} INFO - [2026-08-21T22:57:50.361+0000] {dagbag.py:540} INFO - Filling up the DagBag from /home/airflow/.local/lib/python3.8/site-packages/airflow/example_dags/example_nested_branch_dag.py
[2026-08-21T22:57:50.374+0000] {processor.py:840} INFO - DAG(s) 'example_nested_branch_dag' retrieved from /home/airflow/.local/lib/python3.8/site-packages/airflow/example_dags/example_nested_branch_dag.py
[2026-08-21T22:57:50.403+0000] {logging_mixin.py:188} INFO - [2026-08-21T22:57:50.403+0000] {dag.py:3047} INFO - Sync 1 DAGs
[2026-08-21T22:57:50.432+0000] {logging_mixin.py:188} INFO - [2026-08-21T22:57:50.432+0000] {dag.py:3834} INFO - Setting next_dagrun for example_nested_branch_dag to 2026-08-20 00:00:00+00:00, run_after=2026-08-21 00:00:00+00:00
[2026-08-21T22:57:50.462+0000] {processor.py:183} INFO - Processing /home/airflow/.local/lib/python3.8/site-packages/airflow/example_dags/example_nested_branch_dag.py took 0.110 seconds
[2026-08-21T22:58:20.627+0000] {processor.py:161} INFO - Started process (PID=1370) to work on /home/airflow/.local/lib/python3.8/site-packages/airflow/example_dags/example_nested_branch_dag.py
[2026-08-21T22:58:20.629+0000] {processor.py:830} INFO - Processing file /home/airflow/.local/lib/python3.8/site-packages/airflow/example_dags/example_nested_branch_dag.py for tasks to queue
[2026-08-21T22:58:20.633+0000] {logging_mixin.py:188} INFO - [2026-08-21T22:58:20.632+0000] {dagbag.py:540} INFO - Filling up the DagBag from /home/airflow/.local/lib/python3.8/site-packages/airflow/example_dags/example_nested_branch_dag.py
[2026-08-21T22:58:20.648+0000] {processor.py:840} INFO - DAG(s) 'example_nested_branch_dag' retrieved from /home/airflow/.local/lib/python3.8/site-packages/airflow/example_dags/example_nested_branch_dag.py
[2026-08-21T22:58:20.678+0000] {logging_mixin.py:188} INFO - [2026-08-21T22:58:20.677+0000] {dag.py:3047} INFO - Sync 1 DAGs
[2026-08-21T22:58:20.706+0000] {logging_mixin.py:188} INFO - [2026-08-21T22:58:20.706+0000] {dag.py:3834} INFO - Setting next_dagrun for example_nested_branch_dag to 2026-08-20 00:00:00+00:00, run_after=2026-08-21 00:00:00+00:00
[2026-08-21T22:58:20.729+0000] {processor.py:183} INFO - Processing /home/airflow/.local/lib/python3.8/site-packages/airflow/example_dags/example_nested_branch_dag.py took 0.107 seconds
[2026-08-21T22:58:50.920+0000] {processor.py:161} INFO - Started process (PID=1427) to work on /home/airflow/.local/lib/python3.8/site-packages/airflow/example_dags/example_nested_branch_dag.py
[2026-08-21T22:58:50.922+0000] {processor.py:830} INFO - Processing file /home/airflow/.local/lib/python3.8/site-packages/airflow/example_dags/example_nested_branch_dag.py for tasks to queue
[2026-08-21T22:58:50.925+0000] {logging_mixin.py:188} INFO - [2026-08-21T22:58:50.924+0000] {dagbag.py:540} INFO - Filling up the DagBag from /home/airflow/.local/lib/python3.8/site-packages/airflow/example_dags/example_nested_branch_dag.py
[2026-08-21T22:58:50.938+0000] {processor.py:840} INFO - DAG(s) 'example_nested_branch_dag' retrieved from /home/airflow/.local/lib/python3.8/site-packages/airflow/example_dags/example_nested_branch_dag.py
[2026-08-21T22:58:50.966+0000] {logging_mixin.py:188} INFO - [2026-08-21T22:58:50.966+0000] {dag.py:3047} INFO - Sync 1 DAGs
[2026-08-21T22:58:50.993+0000] {logging_mixin.py:188} INFO - [2026-08-21T22:58:50.992+0000] {dag.py:3834} INFO - Setting next_dagrun for example_nested_branch_dag to 2026-08-20 00:00:00+00:00, run_after=2026-08-21 00:00:00+00:00
[2026-08-21T22:58:51.018+0000] {processor.py:183} INFO - Processing /home/airflow/.local/lib/python3.8/site-packages/airflow/example_dags/example_nested_branch_dag.py took 0.102 seconds
[2026-08-21T22:59:21.690+0000] {processor.py:161} INFO - Started process (PID=1484) to work on /home/airflow/.local/lib/python3.8/site-packages/airflow/example_dags/example_nested_branch_dag.py
[2026-08-21T22:59:21.692+0000] {processor.py:830} INFO - Processing file /home/airflow/.local/lib/python3.8/site-packages/airflow/example_dags/example_nested_branch_dag.py for tasks to queue
[2026-08-21T22:59:21.695+0000] {logging_mixin.py:188} INFO - [2026-08-21T22:59:21.695+0000] {dagbag.py:540} INFO - Filling up the DagBag from /home/airflow/.local/lib/python3.8/site-packages/airflow/example_dags/example_nested_branch_dag.py
[2026-08-21T22:59:21.709+0000] {processor.py:840} INFO - DAG(s) 'example_nested_branch_dag' retrieved from /home/airflow/.local/lib/python3.8/site-packages/airflow/example_dags/example_nested_branch_dag.py
[2026-08-21T22:59:21.740+0000] {logging_mixin.py:188} INFO - [2026-08-21T22:59:21.739+0000] {dag.py:3047} INFO - Sync 1 DAGs
[2026-08-21T22:59:21.766+0000] {logging_mixin.py:188} INFO - [2026-08-21T22:59:21.765+0000] {dag.py:3834} INFO - Setting next_dagrun for example_nested_branch_dag to 2026-08-20 00:00:00+00:00, run_after=2026-08-21 00:00:00+00:00
[2026-08-21T22:59:21.789+0000] {processor.py:183} INFO - Processing /home/airflow/.local/lib/python3.8/site-packages/airflow/example_dags/example_nested_branch_dag.py took 0.104 seconds
[2026-08-21T22:59:52.119+0000] {processor.py:161} INFO - Started process (PID=1541) to work on /home/airflow/.local/lib/python3.8/site-packages/airflow/example_dags/example_nested_branch_dag.py
[2026-08-21T22:59:52.121+0000] {processor.py:830} INFO - Processing file /home/airflow/.local/lib/python3.8/site-packages/airflow/example_dags/example_nested_branch_dag.py for tasks to queue
[2026-08-21T22:59:52.123+0000] {logging_mixin.py:188} INFO - [2026-08-21T22:59:52.123+0000] {dagbag.py:540} INFO - Filling up the DagBag from /home/airflow/.local/lib/python3.8/site-packages/airflow/example_dags/example_nested_branch_dag.py
[2026-08-21T22:59:52.136+0000] {processor.py:840} INFO - DAG(s) 'example_nested_branch_dag' retrieved from /home/airflow/.local/lib/python3.8/site-packages/airflow/example_dags/example_nested_branch_dag.py
[2026-08-21T22:59:52.167+0000] {logging_mixin.py:188} INFO - [2026-08-21T22:59:52.167+0000] {dag.py:3047} INFO - Sync 1 DAGs
[2026-08-21T22:59:52.207+0000] {logging_mixin.py:188} INFO - [2026-08-21T22:59:52.207+0000] {dag.py:3834} INFO - Setting next_dagrun for example_nested_branch_dag to 2026-08-20 00:00:00+00:00, run_after=2026-08-21 00:00:00+00:00
[2026-08-21T22:59:52.240+0000] {processor.py:183} INFO - Processing /home/airflow/.local/lib/python3.8/site-packages/airflow/example_dags/example_nested_branch_dag.py took 0.125 seconds
[2026-08-21T23:00:23.254+0000] {processor.py:161} INFO - Started process (PID=1598) to work on /home/airflow/.local/lib/python3.8/site-packages/airflow/example_dags/example_nested_branch_dag.py
[2026-08-21T23:00:23.256+0000] {processor.py:830} INFO - Processing file /home/airflow/.local/lib/python3.8/site-packages/airflow/example_dags/example_nested_branch_dag.py for tasks to queue
[2026-08-21T23:00:23.263+0000] {logging_mixin.py:188} INFO - [2026-08-21T23:00:23.262+0000] {dagbag.py:540} INFO - Filling up the DagBag from /home/airflow/.local/lib/python3.8/site-packages/airflow/example_dags/example_nested_branch_dag.py
[2026-08-21T23:00:23.281+0000] {processor.py:840} INFO - DAG(s) 'example_nested_branch_dag' retrieved from /home/airflow/.local/lib/python3.8/site-packages/airflow/example_dags/example_nested_branch_dag.py
[2026-08-21T23:00:23.311+0000] {logging_mixin.py:188} INFO - [2026-08-21T23:00:23.311+0000] {dag.py:3047} INFO - Sync 1 DAGs
[2026-08-21T23:00:23.338+0000] {logging_mixin.py:188} INFO - [2026-08-21T23:00:23.338+0000] {dag.py:3834} INFO - Setting next_dagrun for example_nested_branch_dag to 2026-08-20 00:00:00+00:00, run_after=2026-08-21 00:00:00+00:00
[2026-08-21T23:00:23.371+0000] {processor.py:183} INFO - Processing /home/airflow/.local/lib/python3.8/site-packages/airflow/example_dags/example_nested_branch_dag.py took 0.125 seconds
[2026-08-21T23:00:53.480+0000] {processor.py:161} INFO - Started process (PID=1655) to work on /home/airflow/.local/lib/python3.8/site-packages/airflow/example_dags/example_nested_branch_dag.py
[2026-08-21T23:00:53.482+0000] {processor.py:830} INFO - Processing file /home/airflow/.local/lib/python3.8/site-packages/airflow/example_dags/example_nested_branch_dag.py for tasks to queue
[2026-08-21T23:00:53.485+0000] {logging_mixin.py:188} INFO - [2026-08-21T23:00:53.485+0000] {dagbag.py:540} INFO - Filling up the DagBag from /home/airflow/.local/lib/python3.8/site-packages/airflow/example_dags/example_nested_branch_dag.py
[2026-08-21T23:00:53.498+0000] {processor.py:840} INFO - DAG(s) 'example_nested_branch_dag' retrieved from /home/airflow/.local/lib/python3.8/site-packages/airflow/example_dags/example_nested_branch_dag.py
[2026-08-21T23:00:53.526+0000] {logging_mixin.py:188} INFO - [2026-08-21T23:00:53.525+0000] {dag.py:3047} INFO - Sync 1 DAGs
[2026-08-21T23:00:53.552+0000] {logging_mixin.py:188} INFO - [2026-08-21T23:00:53.552+0000] {dag.py:3834} INFO - Setting next_dagrun for example_nested_branch_dag to 2026-08-20 00:00:00+00:00, run_after=2026-08-21 00:00:00+00:00
[2026-08-21T23:00:53.584+0000] {processor.py:183} INFO - Processing /home/airflow/.local/lib/python3.8/site-packages/airflow/example_dags/example_nested_branch_dag.py took 0.110 seconds
[2026-08-21T23:01:24.339+0000] {processor.py:161} INFO - Started process (PID=1712) to work on /home/airflow/.local/lib/python3.8/site-packages/airflow/example_dags/example_nested_branch_dag.py
[2026-08-21T23:01:24.341+0000] {processor.py:830} INFO - Processing file /home/airflow/.local/lib/python3.8/site-packages/airflow/example_dags/example_nested_branch_dag.py for tasks to queue
[2026-08-21T23:01:24.343+0000] {logging_mixin.py:188} INFO - [2026-08-21T23:01:24.343+0000] {dagbag.py:540} INFO - Filling up the DagBag from /home/airflow/.local/lib/python3.8/site-packages/airflow/example_dags/example_nested_branch_dag.py
[2026-08-21T23:01:24.354+0000] {processor.py:840} INFO - DAG(s) 'example_nested_branch_dag' retrieved from /home/airflow/.local/lib/python3.8/site-packages/airflow/example_dags/example_nested_branch_dag.py
[2026-08-21T23:01:24.379+0000] {logging_mixin.py:188} INFO - [2026-08-21T23:01:24.379+0000] {dag.py:3047} INFO - Sync 1 DAGs
[2026-08-21T23:01:24.404+0000] {logging_mixin.py:188} INFO - [2026-08-21T23:01:24.403+0000] {dag.py:3834} INFO - Setting next_dagrun for example_nested_branch_dag to 2026-08-20 00:00:00+00:00, run_after=2026-08-21 00:00:00+00:00
[2026-08-21T23:01:24.430+0000] {processor.py:183} INFO - Processing /home/airflow/.local/lib/python3.8/site-packages/airflow/example_dags/example_nested_branch_dag.py took 0.096 seconds
[2026-08-21T23:01:54.802+0000] {processor.py:161} INFO - Started process (PID=1769) to work on /home/airflow/.local/lib/python3.8/site-packages/airflow/example_dags/example_nested_branch_dag.py
[2026-08-21T23:01:54.804+0000] {processor.py:830} INFO - Processing file /home/airflow/.local/lib/python3.8/site-packages/airflow/example_dags/example_nested_branch_dag.py for tasks to queue
[2026-08-21T23:01:54.808+0000] {logging_mixin.py:188} INFO - [2026-08-21T23:01:54.807+0000] {dagbag.py:540} INFO - Filling up the DagBag from /home/airflow/.local/lib/python3.8/site-packages/airflow/example_dags/example_nested_branch_dag.py
[2026-08-21T23:01:54.829+0000] {processor.py:840} INFO - DAG(s) 'example_nested_branch_dag' retrieved from /home/airflow/.local/lib/python3.8/site-packages/airflow/example_dags/example_nested_branch_dag.py
[2026-08-21T23:01:54.865+0000] {logging_mixin.py:188} INFO - [2026-08-21T23:01:54.865+0000] {dag.py:3047} INFO - Sync 1 DAGs
[2026-08-21T23:01:54.895+0000] {logging_mixin.py:188} INFO - [2026-08-21T23:01:54.895+0000] {dag.py:3834} INFO - Setting next_dagrun for example_nested_branch_dag to 2026-08-20 00:00:00+00:00, run_after=2026-08-21 00:00:00+00:00
[2026-08-21T23:01:54.917+0000] {processor.py:183} INFO - Processing /home/airflow/.local/lib/python3.8/site-packages/airflow/example_dags/example_nested_branch_dag.py took 0.124 seconds
[2026-08-21T23:02:24.993+0000] {processor.py:161} INFO - Started process (PID=1826) to work on /home/airflow/.local/lib/python3.8/site-packages/airflow/example_dags/example_nested_branch_dag.py
[2026-08-21T23:02:24.995+0000] {processor.py:830} INFO - Processing file /home/airflow/.local/lib/python3.8/site-packages/airflow/example_dags/example_nested_branch_dag.py for tasks to queue
[2026-08-21T23:02:24.998+0000] {logging_mixin.py:188} INFO - [2026-08-21T23:02:24.998+0000] {dagbag.py:540} INFO - Filling up the DagBag from /home/airflow/.local/lib/python3.8/site-packages/airflow/example_dags/example_nested_branch_dag.py
[2026-08-21T23:02:25.014+0000] {processor.py:840} INFO - DAG(s) 'example_nested_branch_dag' retrieved from /home/airflow/.local/lib/python3.8/site-packages/airflow/example_dags/example_nested_branch_dag.py
[2026-08-21T23:02:25.042+0000] {logging_mixin.py:188} INFO - [2026-08-21T23:02:25.041+0000] {dag.py:3047} INFO - Sync 1 DAGs
[2026-08-21T23:02:25.073+0000] {logging_mixin.py:188} INFO - [2026-08-21T23:02:25.073+0000] {dag.py:3834} INFO - Setting next_dagrun for example_nested_branch_dag to 2026-08-20 00:00:00+00:00, run_after=2026-08-21 00:00:00+00:00
[2026-08-21T23:02:25.096+0000] {processor.py:183} INFO - Processing /home/airflow/.local/lib/python3.8/site-packages/airflow/example_dags/example_nested_branch_dag.py took 0.107 seconds
[2026-08-21T23:02:55.380+0000] {processor.py:161} INFO - Started process (PID=1883) to work on /home/airflow/.local/lib/python3.8/site-packages/airflow/example_dags/example_nested_branch_dag.py
[2026-08-21T23:02:55.382+0000] {processor.py:830} INFO - Processing file /home/airflow/.local/lib/python3.8/site-packages/airflow/example_dags/example_nested_branch_dag.py for tasks to queue
[2026-08-21T23:02:55.385+0000] {logging_mixin.py:188} INFO - [2026-08-21T23:02:55.384+0000] {dagbag.py:540} INFO - Filling up the DagBag from /home/airflow/.local/lib/python3.8/site-packages/airflow/example_dags/example_nested_branch_dag.py
[2026-08-21T23:02:55.398+0000] {processor.py:840} INFO - DAG(s) 'example_nested_branch_dag' retrieved from /home/airflow/.local/lib/python3.8/site-packages/airflow/example_dags/example_nested_branch_dag.py
[2026-08-21T23:02:55.429+0000] {logging_mixin.py:188} INFO - [2026-08-21T23:02:55.429+0000] {dag.py:3047} INFO - Sync 1 DAGs
[2026-08-21T23:02:55.463+0000] {logging_mixin.py:188} INFO - [2026-08-21T23:02:55.463+0000] {dag.py:3834} INFO - Setting next_dagrun for example_nested_branch_dag to 2026-08-20 00:00:00+00:00, run_after=2026-08-21 00:00:00+00:00
[2026-08-21T23:02:55.488+0000] {processor.py:183} INFO - Processing /home/airflow/.local/lib/python3.8/site-packages/airflow/example_dags/example_nested_branch_dag.py took 0.113 seconds
[2026-08-21T23:03:25.975+0000] {processor.py:161} INFO - Started process (PID=1940) to work on /home/airflow/.local/lib/python3.8/site-packages/airflow/example_dags/example_nested_branch_dag.py
[2026-08-21T23:03:25.978+0000] {processor.py:830} INFO - Processing file /home/airflow/.local/lib/python3.8/site-packages/airflow/example_dags/example_nested_branch_dag.py for tasks to queue
[2026-08-21T23:03:25.984+0000] {logging_mixin.py:188} INFO - [2026-08-21T23:03:25.983+0000] {dagbag.py:540} INFO - Filling up the DagBag from /home/airflow/.local/lib/python3.8/site-packages/airflow/example_dags/example_nested_branch_dag.py
[2026-08-21T23:03:26.002+0000] {processor.py:840} INFO - DAG(s) 'example_nested_branch_dag' retrieved from /home/airflow/.local/lib/python3.8/site-packages/airflow/example_dags/example_nested_branch_dag.py
[2026-08-21T23:03:26.034+0000] {logging_mixin.py:188} INFO - [2026-08-21T23:03:26.034+0000] {dag.py:3047} INFO - Sync 1 DAGs
[2026-08-21T23:03:26.062+0000] {logging_mixin.py:188} INFO - [2026-08-21T23:03:26.061+0000] {dag.py:3834} INFO - Setting next_dagrun for example_nested_branch_dag to 2026-08-20 00:00:00+00:00, run_after=2026-08-21 00:00:00+00:00
[2026-08-21T23:03:26.087+0000] {processor.py:183} INFO - Processing /home/airflow/.local/lib/python3.8/site-packages/airflow/example_dags/example_nested_branch_dag.py took 0.117 seconds
[2026-08-21T23:03:56.610+0000] {processor.py:161} INFO - Started process (PID=1997) to work on /home/airflow/.local/lib/python3.8/site-packages/airflow/example_dags/example_nested_branch_dag.py
[2026-08-21T23:03:56.612+0000] {processor.py:830} INFO - Processing file /home/airflow/.local/lib/python3.8/site-packages/airflow/example_dags/example_nested_branch_dag.py for tasks to queue
[2026-08-21T23:03:56.616+0000] {logging_mixin.py:188} INFO - [2026-08-21T23:03:56.616+0000] {dagbag.py:540} INFO - Filling up the DagBag from /home/airflow/.local/lib/python3.8/site-packages/airflow/example_dags/example_nested_branch_dag.py
[2026-08-21T23:03:56.630+0000] {processor.py:840} INFO - DAG(s) 'example_nested_branch_dag' retrieved from /home/airflow/.local/lib/python3.8/site-packages/airflow/example_dags/example_nested_branch_dag.py
[2026-08-21T23:03:56.660+0000] {logging_mixin.py:188} INFO - [2026-08-21T23:03:56.660+0000] {dag.py:3047} INFO - Sync 1 DAGs
[2026-08-21T23:03:56.688+0000] {logging_mixin.py:188} INFO - [2026-08-21T23:03:56.688+0000] {dag.py:3834} INFO - Setting next_dagrun for example_nested_branch_dag to 2026-08-20 00:00:00+00:00, run_after=2026-08-21 00:00:00+00:00
[2026-08-21T23:03:56.714+0000] {processor.py:183} INFO - Processing /home/airflow/.local/lib/python3.8/site-packages/airflow/example_dags/example_nested_branch_dag.py took 0.110 seconds
[2026-08-21T23:04:27.128+0000] {processor.py:161} INFO - Started process (PID=2054) to work on /home/airflow/.local/lib/python3.8/site-packages/airflow/example_dags/example_nested_branch_dag.py
[2026-08-21T23:04:27.130+0000] {processor.py:830} INFO - Processing file /home/airflow/.local/lib/python3.8/site-packages/airflow/example_dags/example_nested_branch_dag.py for tasks to queue
[2026-08-21T23:04:27.133+0000] {logging_mixin.py:188} INFO - [2026-08-21T23:04:27.133+0000] {dagbag.py:540} INFO - Filling up the DagBag from /home/airflow/.local/lib/python3.8/site-packages/airflow/example_dags/example_nested_branch_dag.py
[2026-08-21T23:04:27.145+0000] {processor.py:840} INFO - DAG(s) 'example_nested_branch_dag' retrieved from /home/airflow/.local/lib/python3.8/site-packages/airflow/example_dags/example_nested_branch_dag.py
[2026-08-21T23:04:27.177+0000] {logging_mixin.py:188} INFO - [2026-08-21T23:04:27.177+0000] {dag.py:3047} INFO - Sync 1 DAGs
[2026-08-21T23:04:27.204+0000] {logging_mixin.py:188} INFO - [2026-08-21T23:04:27.203+0000] {dag.py:3834} INFO - Setting next_dagrun for example_nested_branch_dag to 2026-08-20 00:00:00+00:00, run_after=2026-08-21 00:00:00+00:00
[2026-08-21T23:04:27.226+0000] {processor.py:183} INFO - Processing /home/airflow/.local/lib/python3.8/site-packages/airflow/example_dags/example_nested_branch_dag.py took 0.101 seconds
[2026-08-21T23:04:57.708+0000] {processor.py:161} INFO - Started process (PID=2111) to work on /home/airflow/.local/lib/python3.8/site-packages/airflow/example_dags/example_nested_branch_dag.py
[2026-08-21T23:04:57.711+0000] {processor.py:830} INFO - Processing file /home/airflow/.local/lib/python3.8/site-packages/airflow/example_dags/example_nested_branch_dag.py for tasks to queue
[2026-08-21T23:04:57.715+0000] {logging_mixin.py:188} INFO - [2026-08-21T23:04:57.714+0000] {dagbag.py:540} INFO - Filling up the DagBag from /home/airflow/.local/lib/python3.8/site-packages/airflow/example_dags/example_nested_branch_dag.py
[2026-08-21T23:04:57.727+0000] {processor.py:840} INFO - DAG(s) 'example_nested_branch_dag' retrieved from /home/airflow/.local/lib/python3.8/site-packages/airflow/example_dags/example_nested_branch_dag.py
[2026-08-21T23:04:57.759+0000] {logging_mixin.py:188} INFO - [2026-08-21T23:04:57.759+0000] {dag.py:3047} INFO - Sync 1 DAGs
[2026-08-21T23:04:57.786+0000] {logging_mixin.py:188} INFO - [2026-08-21T23:04:57.786+0000] {dag.py:3834} INFO - Setting next_dagrun for example_nested_branch_dag to 2026-08-20 00:00:00+00:00, run_after=2026-08-21 00:00:00+00:00
[2026-08-21T23:04:57.812+0000] {processor.py:183} INFO - Processing /home/airflow/.local/lib/python3.8/site-packages/airflow/example_dags/example_nested_branch_dag.py took 0.110 seconds
[2026-08-21T23:05:27.906+0000] {processor.py:161} INFO - Started process (PID=2168) to work on /home/airflow/.local/lib/python3.8/site-packages/airflow/example_dags/example_nested_branch_dag.py
[2026-08-21T23:05:27.907+0000] {processor.py:830} INFO - Processing file /home/airflow/.local/lib/python3.8/site-packages/airflow/example_dags/example_nested_branch_dag.py for tasks to queue
[2026-08-21T23:05:27.911+0000] {logging_mixin.py:188} INFO - [2026-08-21T23:05:27.911+0000] {dagbag.py:540} INFO - Filling up the DagBag from /home/airflow/.local/lib/python3.8/site-packages/airflow/example_dags/example_nested_branch_dag.py
[2026-08-21T23:05:27.923+0000] {processor.py:840} INFO - DAG(s) 'example_nested_branch_dag' retrieved from /home/airflow/.local/lib/python3.8/site-packages/airflow/example_dags/example_nested_branch_dag.py
[2026-08-21T23:05:27.949+0000] {logging_mixin.py:188} INFO - [2026-08-21T23:05:27.949+0000] {dag.py:3047} INFO - Sync 1 DAGs
[2026-08-21T23:05:27.974+0000] {logging_mixin.py:188} INFO - [2026-08-21T23:05:27.974+0000] {dag.py:3834} INFO - Setting next_dagrun for example_nested_branch_dag to 2026-08-20 00:00:00+00:00, run_after=2026-08-21 00:00:00+00:00
[2026-08-21T23:05:27.998+0000] {processor.py:183} INFO - Processing /home/airflow/.local/lib/python3.8/site-packages/airflow/example_dags/example_nested_branch_dag.py took 0.096 seconds
[2026-08-21T23:05:58.053+0000] {processor.py:161} INFO - Started process (PID=2225) to work on /home/airflow/.local/lib/python3.8/site-packages/airflow/example_dags/example_nested_branch_dag.py
[2026-08-21T23:05:58.055+0000] {processor.py:830} INFO - Processing file /home/airflow/.local/lib/python3.8/site-packages/airflow/example_dags/example_nested_branch_dag.py for tasks to queue
[2026-08-21T23:05:58.057+0000] {logging_mixin.py:188} INFO - [2026-08-21T23:05:58.057+0000] {dagbag.py:540} INFO - Filling up the DagBag from /home/airflow/.local/lib/python3.8/site-packages/airflow/example_dags/example_nested_branch_dag.py
[2026-08-21T23:05:58.080+0000] {processor.py:840} INFO - DAG(s) 'example_nested_branch_dag' retrieved from /home/airflow/.local/lib/python3.8/site-packages/airflow/example_dags/example_nested_branch_dag.py
[2026-08-21T23:05:58.123+0000] {logging_mixin.py:188} INFO - [2026-08-21T23:05:58.123+0000] {dag.py:3047} INFO - Sync 1 DAGs
[2026-08-21T23:05:58.161+0000] {logging_mixin.py:188} INFO - [2026-08-21T23:05:58.161+0000] {dag.py:3834} INFO - Setting next_dagrun for example_nested_branch_dag to 2026-08-20 00:00:00+00:00, run_after=2026-08-21 00:00:00+00:00
[2026-08-21T23:05:58.190+0000] {processor.py:183} INFO - Processing /home/airflow/.local/lib/python3.8/site-packages/airflow/example_dags/example_nested_branch_dag.py took 0.141 seconds
[2026-08-21T23:06:28.278+0000] {processor.py:161} INFO - Started process (PID=2282) to work on /home/airflow/.local/lib/python3.8/site-packages/airflow/example_dags/example_nested_branch_dag.py
[2026-08-21T23:06:28.281+0000] {processor.py:830} INFO - Processing file /home/airflow/.local/lib/python3.8/site-packages/airflow/example_dags/example_nested_branch_dag.py for tasks to queue
[2026-08-21T23:06:28.285+0000] {logging_mixin.py:188} INFO - [2026-08-21T23:06:28.285+0000] {dagbag.py:540} INFO - Filling up the DagBag from /home/airflow/.local/lib/python3.8/site-packages/airflow/example_dags/example_nested_branch_dag.py
[2026-08-21T23:06:28.297+0000] {processor.py:840} INFO - DAG(s) 'example_nested_branch_dag' retrieved from /home/airflow/.local/lib/python3.8/site-packages/airflow/example_dags/example_nested_branch_dag.py
[2026-08-21T23:06:28.324+0000] {logging_mixin.py:188} INFO - [2026-08-21T23:06:28.324+0000] {dag.py:3047} INFO - Sync 1 DAGs
[2026-08-21T23:06:28.349+0000] {logging_mixin.py:188} INFO - [2026-08-21T23:06:28.348+0000] {dag.py:3834} INFO - Setting next_dagrun for example_nested_branch_dag to 2026-08-20 00:00:00+00:00, run_after=2026-08-21 00:00:00+00:00
[2026-08-21T23:06:28.388+0000] {processor.py:183} INFO - Processing /home/airflow/.local/lib/python3.8/site-packages/airflow/example_dags/example_nested_branch_dag.py took 0.114 seconds
[2026-08-21T23:06:58.468+0000] {processor.py:161} INFO - Started process (PID=2339) to work on /home/airflow/.local/lib/python3.8/site-packages/airflow/example_dags/example_nested_branch_dag.py
[2026-08-21T23:06:58.470+0000] {processor.py:830} INFO - Processing file /home/airflow/.local/lib/python3.8/site-packages/airflow/example_dags/example_nested_branch_dag.py for tasks to queue
[2026-08-21T23:06:58.473+0000] {logging_mixin.py:188} INFO - [2026-08-21T23:06:58.472+0000] {dagbag.py:540} INFO - Filling up the DagBag from /home/airflow/.local/lib/python3.8/site-packages/airflow/example_dags/example_nested_branch_dag.py
[2026-08-21T23:06:58.484+0000] {processor.py:840} INFO - DAG(s) 'example_nested_branch_dag' retrieved from /home/airflow/.local/lib/python3.8/site-packages/airflow/example_dags/example_nested_branch_dag.py
[2026-08-21T23:06:58.508+0000] {logging_mixin.py:188} INFO - [2026-08-21T23:06:58.507+0000] {dag.py:3047} INFO - Sync 1 DAGs
[2026-08-21T23:06:58.531+0000] {logging_mixin.py:188} INFO - [2026-08-21T23:06:58.531+0000] {dag.py:3834} INFO - Setting next_dagrun for example_nested_branch_dag to 2026-08-20 00:00:00+00:00, run_after=2026-08-21 00:00:00+00:00
[2026-08-21T23:06:58.553+0000] {processor.py:183} INFO - Processing /home/airflow/.local/lib/python3.8/site-packages/airflow/example_dags/example_nested_branch_dag.py took 0.088 seconds
[2026-08-21T23:07:29.144+0000] {processor.py:161} INFO - Started process (PID=2396) to work on /home/airflow/.local/lib/python3.8/site-packages/airflow/example_dags/example_nested_branch_dag.py
[2026-08-21T23:07:29.147+0000] {processor.py:830} INFO - Processing file /home/airflow/.local/lib/python3.8/site-packages/airflow/example_dags/example_nested_branch_dag.py for tasks to queue
[2026-08-21T23:07:29.150+0000] {logging_mixin.py:188} INFO - [2026-08-21T23:07:29.150+0000] {dagbag.py:540} INFO - Filling up the DagBag from /home/airflow/.local/lib/python3.8/site-packages/airflow/example_dags/example_nested_branch_dag.py
[2026-08-21T23:07:29.168+0000] {processor.py:840} INFO - DAG(s) 'example_nested_branch_dag' retrieved from /home/airflow/.local/lib/python3.8/site-packages/airflow/example_dags/example_nested_branch_dag.py
[2026-08-21T23:07:29.205+0000] {logging_mixin.py:188} INFO - [2026-08-21T23:07:29.205+0000] {dag.py:3047} INFO - Sync 1 DAGs
[2026-08-21T23:07:29.231+0000] {logging_mixin.py:188} INFO - [2026-08-21T23:07:29.231+0000] {dag.py:3834} INFO - Setting next_dagrun for example_nested_branch_dag to 2026-08-20 00:00:00+00:00, run_after=2026-08-21 00:00:00+00:00
[2026-08-21T23:07:29.254+0000] {processor.py:183} INFO - Processing /home/airflow/.local/lib/python3.8/site-packages/airflow/example_dags/example_nested_branch_dag.py took 0.118 seconds
[2026-08-21T23:07:59.533+0000] {processor.py:161} INFO - Started process (PID=2455) to work on /home/airflow/.local/lib/python3.8/site-packages/airflow/example_dags/example_nested_branch_dag.py
[2026-08-21T23:07:59.535+0000] {processor.py:830} INFO - Processing file /home/airflow/.local/lib/python3.8/site-packages/airflow/example_dags/example_nested_branch_dag.py for tasks to queue
[2026-08-21T23:07:59.538+0000] {logging_mixin.py:188} INFO - [2026-08-21T23:07:59.537+0000] {dagbag.py:540} INFO - Filling up the DagBag from /home/airflow/.local/lib/python3.8/site-packages/airflow/example_dags/example_nested_branch_dag.py
[2026-08-21T23:07:59.550+0000] {processor.py:840} INFO - DAG(s) 'example_nested_branch_dag' retrieved from /home/airflow/.local/lib/python3.8/site-packages/airflow/example_dags/example_nested_branch_dag.py
[2026-08-21T23:07:59.579+0000] {logging_mixin.py:188} INFO - [2026-08-21T23:07:59.578+0000] {dag.py:3047} INFO - Sync 1 DAGs
[2026-08-21T23:07:59.605+0000] {logging_mixin.py:188} INFO - [2026-08-21T23:07:59.605+0000] {dag.py:3834} INFO - Setting next_dagrun for example_nested_branch_dag to 2026-08-20 00:00:00+00:00, run_after=2026-08-21 00:00:00+00:00
[2026-08-21T23:07:59.632+0000] {processor.py:183} INFO - Processing /home/airflow/.local/lib/python3.8/site-packages/airflow/example_dags/example_nested_branch_dag.py took 0.102 seconds
