[2026-08-21T22:46:42.871+0000] {processor.py:161} INFO - Started process (PID=77) to work on /home/airflow/.local/lib/python3.8/site-packages/airflow/example_dags/example_external_task_marker_dag.py
[2026-08-21T22:46:42.882+0000] {processor.py:830} INFO - Processing file /home/airflow/.local/lib/python3.8/site-packages/airflow/example_dags/example_external_task_marker_dag.py for tasks to queue
[2026-08-21T22:46:42.886+0000] {logging_mixin.py:188} INFO - [2026-08-21T22:46:42.885+0000] {dagbag.py:540} INFO - Filling up the DagBag from /home/airflow/.local/lib/python3.8/site-packages/airflow/example_dags/example_external_task_marker_dag.py
[2026-08-21T22:46:42.920+0000] {processor.py:840} INFO - DAG(s) 'example_external_task_marker_child', 'example_external_task_marker_parent' retrieved from /home/airflow/.local/lib/python3.8/site-packages/airflow/example_dags/example_external_task_marker_dag.py
[2026-08-21T22:46:42.998+0000] {logging_mixin.py:188} INFO - [2026-08-21T22:46:42.998+0000] {dag.py:3047} INFO - Sync 2 DAGs
[2026-08-21T22:46:43.086+0000] {logging_mixin.py:188} INFO - [2026-08-21T22:46:43.085+0000] {dag.py:3834} INFO - Setting next_dagrun for example_external_task_marker_child to None, run_after=None
[2026-08-21T22:46:43.095+0000] {logging_mixin.py:188} INFO - [2026-08-21T22:46:43.095+0000] {dag.py:3834} INFO - Setting next_dagrun for example_external_task_marker_parent to None, run_after=None
[2026-08-21T22:46:43.148+0000] {processor.py:183} INFO - Processing /home/airflow/.local/lib/python3.8/site-packages/airflow/example_dags/example_external_task_marker_dag.py took 0.285 seconds
[2026-08-21T22:47:13.572+0000] {processor.py:161} INFO - Started process (PID=134) to work on /home/airflow/.local/lib/python3.8/site-packages/airflow/example_dags/example_external_task_marker_dag.py
[2026-08-21T22:47:13.574+0000] {processor.py:830} INFO - Processing file /home/airflow/.local/lib/python3.8/site-packages/airflow/example_dags/example_external_task_marker_dag.py for tasks to queue
[2026-08-21T22:47:13.577+0000] {logging_mixin.py:188} INFO - [2026-08-21T22:47:13.577+0000] {dagbag.py:540} INFO - Filling up the DagBag from /home/airflow/.local/lib/python3.8/site-packages/airflow/example_dags/example_external_task_marker_dag.py
[2026-08-21T22:47:13.585+0000] {processor.py:840} INFO - DAG(s) 'example_external_task_marker_parent', 'example_external_task_marker_child' retrieved from /home/airflow/.local/lib/python3.8/site-packages/airflow/example_dags/example_external_task_marker_dag.py
[2026-08-21T22:47:13.720+0000] {logging_mixin.py:188} INFO - [2026-08-21T22:47:13.719+0000] {dag.py:3047} INFO - Sync 2 DAGs
[2026-08-21T22:47:13.732+0000] {logging_mixin.py:188} INFO - [2026-08-21T22:47:13.732+0000] {dag.py:3834} INFO - Setting next_dagrun for example_external_task_marker_child to None, run_after=None
[2026-08-21T22:47:13.736+0000] {logging_mixin.py:188} INFO - [2026-08-21T22:47:13.736+0000] {dag.py:3834} INFO - Setting next_dagrun for example_external_task_marker_parent to None, run_after=None
[2026-08-21T22:47:13.760+0000] {processor.py:183} INFO - Processing /home/airflow/.local/lib/python3.8/site-packages/airflow/example_dags/example_external_task_marker_dag.py took 0.193 seconds
[2026-08-21T22:47:44.625+0000] {processor.py:161} INFO - Started process (PID=191) to work on /home/airflow/.local/lib/python3.8/site-packages/airflow/example_dags/example_external_task_marker_dag.py
[2026-08-21T22:47:44.629+0000] {processor.py:830} INFO - Processing file /home/airflow/.local/lib/python3.8/site-packages/airflow/example_dags/example_external_task_marker_dag.py for tasks to queue
[2026-08-21T22:47:44.632+0000] {logging_mixin.py:188} INFO - [2026-08-21T22:47:44.632+0000] {dagbag.py:540} INFO - Filling up the DagBag from /home/airflow/.local/lib/python3.8/site-packages/airflow/example_dags/example_external_task_marker_dag.py
[2026-08-21T22:47:44.646+0000] {processor.py:840} INFO - DAG(s) 'example_external_task_marker_child', 'example_external_task_marker_parent' retrieved from /home/airflow/.local/lib/python3.8/site-packages/airflow/example_dags/example_external_task_marker_dag.py
[2026-08-21T22:47:44.685+0000] {logging_mixin.py:188} INFO - [2026-08-21T22:47:44.684+0000] {dag.py:3047} INFO - Sync 2 DAGs
[2026-08-21T22:47:44.710+0000] {logging_mixin.py:188} INFO - [2026-08-21T22:47:44.709+0000] {dag.py:3834} INFO - Setting next_dagrun for example_external_task_marker_child to None, run_after=None
[2026-08-21T22:47:44.718+0000] {logging_mixin.py:188} INFO - [2026-08-21T22:47:44.718+0000] {dag.py:3834} INFO - Setting next_dagrun for example_external_task_marker_parent to None, run_after=None
[2026-08-21T22:47:44.754+0000] {processor.py:183} INFO - Processing /home/airflow/.local/lib/python3.8/site-packages/airflow/example_dags/example_external_task_marker_dag.py took 0.136 seconds
[2026-08-21T22:48:15.418+0000] {processor.py:161} INFO - Started process (PID=246) to work on /home/airflow/.local/lib/python3.8/site-packages/airflow/example_dags/example_external_task_marker_dag.py
[2026-08-21T22:48:15.420+0000] {processor.py:830} INFO - Processing file /home/airflow/.local/lib/python3.8/site-packages/airflow/example_dags/example_external_task_marker_dag.py for tasks to queue
[2026-08-21T22:48:15.424+0000] {logging_mixin.py:188} INFO - [2026-08-21T22:48:15.424+0000] {dagbag.py:540} INFO - Filling up the DagBag from /home/airflow/.local/lib/python3.8/site-packages/airflow/example_dags/example_external_task_marker_dag.py
[2026-08-21T22:48:15.433+0000] {processor.py:840} INFO - DAG(s) 'example_external_task_marker_parent', 'example_external_task_marker_child' retrieved from /home/airflow/.local/lib/python3.8/site-packages/airflow/example_dags/example_external_task_marker_dag.py
[2026-08-21T22:48:15.463+0000] {logging_mixin.py:188} INFO - [2026-08-21T22:48:15.463+0000] {dag.py:3047} INFO - Sync 2 DAGs
[2026-08-21T22:48:15.481+0000] {logging_mixin.py:188} INFO - [2026-08-21T22:48:15.481+0000] {dag.py:3834} INFO - Setting next_dagrun for example_external_task_marker_child to None, run_after=None
[2026-08-21T22:48:15.487+0000] {logging_mixin.py:188} INFO - [2026-08-21T22:48:15.487+0000] {dag.py:3834} INFO - Setting next_dagrun for example_external_task_marker_parent to None, run_after=None
[2026-08-21T22:48:15.510+0000] {processor.py:183} INFO - Processing /home/airflow/.local/lib/python3.8/site-packages/airflow/example_dags/example_external_task_marker_dag.py took 0.096 seconds
[2026-08-21T22:48:45.874+0000] {processor.py:161} INFO - Started process (PID=303) to work on /home/airflow/.local/lib/python3.8/site-packages/airflow/example_dags/example_external_task_marker_dag.py
[2026-08-21T22:48:45.876+0000] {processor.py:830} INFO - Processing file /home/airflow/.local/lib/python3.8/site-packages/airflow/example_dags/example_external_task_marker_dag.py for tasks to queue
[2026-08-21T22:48:45.880+0000] {logging_mixin.py:188} INFO - [2026-08-21T22:48:45.879+0000] {dagbag.py:540} INFO - Filling up the DagBag from /home/airflow/.local/lib/python3.8/site-packages/airflow/example_dags/example_external_task_marker_dag.py
[2026-08-21T22:48:45.890+0000] {processor.py:840} INFO - DAG(s) 'example_external_task_marker_child', 'example_external_task_marker_parent' retrieved from /home/airflow/.local/lib/python3.8/site-packages/airflow/example_dags/example_external_task_marker_dag.py
[2026-08-21T22:48:45.924+0000] {logging_mixin.py:188} INFO - [2026-08-21T22:48:45.924+0000] {dag.py:3047} INFO - Sync 2 DAGs
[2026-08-21T22:48:45.941+0000] {logging_mixin.py:188} INFO - [2026-08-21T22:48:45.941+0000] {dag.py:3834} INFO - Setting next_dagrun for example_external_task_marker_child to None, run_after=None
[2026-08-21T22:48:45.946+0000] {logging_mixin.py:188} INFO - [2026-08-21T22:48:45.946+0000] {dag.py:3834} INFO - Setting next_dagrun for example_external_task_marker_parent to None, run_after=None
[2026-08-21T22:48:45.969+0000] {processor.py:183} INFO - Processing /home/airflow/.local/lib/python3.8/site-packages/airflow/example_dags/example_external_task_marker_dag.py took 0.102 seconds
[2026-08-21T22:49:16.279+0000] {processor.py:161} INFO - Started process (PID=360) to work on /home/airflow/.local/lib/python3.8/site-packages/airflow/example_dags/example_external_task_marker_dag.py
[2026-08-21T22:49:16.281+0000] {processor.py:830} INFO - Processing file /home/airflow/.local/lib/python3.8/site-packages/airflow/example_dags/example_external_task_marker_dag.py for tasks to queue
[2026-08-21T22:49:16.285+0000] {logging_mixin.py:188} INFO - [2026-08-21T22:49:16.284+0000] {dagbag.py:540} INFO - Filling up the DagBag from /home/airflow/.local/lib/python3.8/site-packages/airflow/example_dags/example_external_task_marker_dag.py
[2026-08-21T22:49:16.292+0000] {processor.py:840} INFO - DAG(s) 'example_external_task_marker_child', 'example_external_task_marker_parent' retrieved from /home/airflow/.local/lib/python3.8/site-packages/airflow/example_dags/example_external_task_marker_dag.py
[2026-08-21T22:49:16.324+0000] {logging_mixin.py:188} INFO - [2026-08-21T22:49:16.323+0000] {dag.py:3047} INFO - Sync 2 DAGs
[2026-08-21T22:49:16.339+0000] {logging_mixin.py:188} INFO - [2026-08-21T22:49:16.338+0000] {dag.py:3834} INFO - Setting next_dagrun for example_external_task_marker_child to None, run_after=None
[2026-08-21T22:49:16.343+0000] {logging_mixin.py:188} INFO - [2026-08-21T22:49:16.343+0000] {dag.py:3834} INFO - Setting next_dagrun for example_external_task_marker_parent to None, run_after=None
[2026-08-21T22:49:16.366+0000] {processor.py:183} INFO - Processing /home/airflow/.local/lib/python3.8/site-packages/airflow/example_dags/example_external_task_marker_dag.py took 0.090 seconds
[2026-08-21T22:49:46.598+0000] {processor.py:161} INFO - Started process (PID=417) to work on /home/airflow/.local/lib/python3.8/site-packages/airflow/example_dags/example_external_task_marker_dag.py
[2026-08-21T22:49:46.599+0000] {processor.py:830} INFO - Processing file /home/airflow/.local/lib/python3.8/site-packages/airflow/example_dags/example_external_task_marker_dag.py for tasks to queue
[2026-08-21T22:49:46.602+0000] {logging_mixin.py:188} INFO - [2026-08-21T22:49:46.602+0000] {dagbag.py:540} INFO - Filling up the DagBag from /home/airflow/.local/lib/python3.8/site-packages/airflow/example_dags/example_external_task_marker_dag.py
[2026-08-21T22:49:46.611+0000] {processor.py:840} INFO - DAG(s) 'example_external_task_marker_parent', 'example_external_task_marker_child' retrieved from /home/airflow/.local/lib/python3.8/site-packages/airflow/example_dags/example_external_task_marker_dag.py
[2026-08-21T22:49:46.643+0000] {logging_mixin.py:188} INFO - [2026-08-21T22:49:46.643+0000] {dag.py:3047} INFO - Sync 2 DAGs
[2026-08-21T22:49:46.658+0000] {logging_mixin.py:188} INFO - [2026-08-21T22:49:46.657+0000] {dag.py:3834} INFO - Setting next_dagrun for example_external_task_marker_child to None, run_after=None
[2026-08-21T22:49:46.663+0000] {logging_mixin.py:188} INFO - [2026-08-21T22:49:46.663+0000] {dag.py:3834} INFO - Setting next_dagrun for example_external_task_marker_parent to None, run_after=None
[2026-08-21T22:49:46.687+0000] {processor.py:183} INFO - Processing /home/airflow/.local/lib/python3.8/site-packages/airflow/example_dags/example_external_task_marker_dag.py took 0.094 seconds
[2026-08-21T22:50:17.095+0000] {processor.py:161} INFO - Started process (PID=474) to work on /home/airflow/.local/lib/python3.8/site-packages/airflow/example_dags/example_external_task_marker_dag.py
[2026-08-21T22:50:17.097+0000] {processor.py:830} INFO - Processing file /home/airflow/.local/lib/python3.8/site-packages/airflow/example_dags/example_external_task_marker_dag.py for tasks to queue
[2026-08-21T22:50:17.100+0000] {logging_mixin.py:188} INFO - [2026-08-21T22:50:17.099+0000] {dagbag.py:540} INFO - Filling up the DagBag from /home/airflow/.local/lib/python3.8/site-packages/airflow/example_dags/example_external_task_marker_dag.py
[2026-08-21T22:50:17.108+0000] {processor.py:840} INFO - DAG(s) 'example_external_task_marker_parent', 'example_external_task_marker_child' retrieved from /home/airflow/.local/lib/python3.8/site-packages/airflow/example_dags/example_external_task_marker_dag.py
[2026-08-21T22:50:17.139+0000] {logging_mixin.py:188} INFO - [2026-08-21T22:50:17.139+0000] {dag.py:3047} INFO - Sync 2 DAGs
[2026-08-21T22:50:17.155+0000] {logging_mixin.py:188} INFO - [2026-08-21T22:50:17.155+0000] {dag.py:3834} INFO - Setting next_dagrun for example_external_task_marker_child to None, run_after=None
[2026-08-21T22:50:17.160+0000] {logging_mixin.py:188} INFO - [2026-08-21T22:50:17.160+0000] {dag.py:3834} INFO - Setting next_dagrun for example_external_task_marker_parent to None, run_after=None
[2026-08-21T22:50:17.182+0000] {processor.py:183} INFO - Processing /home/airflow/.local/lib/python3.8/site-packages/airflow/example_dags/example_external_task_marker_dag.py took 0.091 seconds
[2026-08-21T22:50:47.307+0000] {processor.py:161} INFO - Started process (PID=531) to work on /home/airflow/.local/lib/python3.8/site-packages/airflow/example_dags/example_external_task_marker_dag.py
[2026-08-21T22:50:47.309+0000] {processor.py:830} INFO - Processing file /home/airflow/.local/lib/python3.8/site-packages/airflow/example_dags/example_external_task_marker_dag.py for tasks to queue
[2026-08-21T22:50:47.312+0000] {logging_mixin.py:188} INFO - [2026-08-21T22:50:47.311+0000] {dagbag.py:540} INFO - Filling up the DagBag from /home/airflow/.local/lib/python3.8/site-packages/airflow/example_dags/example_external_task_marker_dag.py
[2026-08-21T22:50:47.318+0000] {processor.py:840} INFO - DAG(s) 'example_external_task_marker_child', 'example_external_task_marker_parent' retrieved from /home/airflow/.local/lib/python3.8/site-packages/airflow/example_dags/example_external_task_marker_dag.py
[2026-08-21T22:50:47.360+0000] {logging_mixin.py:188} INFO - [2026-08-21T22:50:47.360+0000] {dag.py:3047} INFO - Sync 2 DAGs
[2026-08-21T22:50:47.377+0000] {logging_mixin.py:188} INFO - [2026-08-21T22:50:47.377+0000] {dag.py:3834} INFO - Setting next_dagrun for example_external_task_marker_child to None, run_after=None
[2026-08-21T22:50:47.383+0000] {logging_mixin.py:188} INFO - [2026-08-21T22:50:47.382+0000] {dag.py:3834} INFO - Setting next_dagrun for example_external_task_marker_parent to None, run_after=None
[2026-08-21T22:50:47.404+0000] {processor.py:183} INFO - Processing /home/airflow/.local/lib/python3.8/site-packages/airflow/example_dags/example_external_task_marker_dag.py took 0.102 seconds
[2026-08-21T22:51:17.675+0000] {processor.py:161} INFO - Started process (PID=588) to work on /home/airflow/.local/lib/python3.8/site-packages/airflow/example_dags/example_external_task_marker_dag.py
[2026-08-21T22:51:17.677+0000] {processor.py:830} INFO - Processing file /home/airflow/.local/lib/python3.8/site-packages/airflow/example_dags/example_external_task_marker_dag.py for tasks to queue
[2026-08-21T22:51:17.681+0000] {logging_mixin.py:188} INFO - [2026-08-21T22:51:17.681+0000] {dagbag.py:540} INFO - Filling up the DagBag from /home/airflow/.local/lib/python3.8/site-packages/airflow/example_dags/example_external_task_marker_dag.py
[2026-08-21T22:51:17.689+0000] {processor.py:840} INFO - DAG(s) 'example_external_task_marker_parent', 'example_external_task_marker_child' retrieved from /home/airflow/.local/lib/python3.8/site-packages/airflow/example_dags/example_external_task_marker_dag.py
[2026-08-21T22:51:17.721+0000] {logging_mixin.py:188} INFO - [2026-08-21T22:51:17.721+0000] {dag.py:3047} INFO - Sync 2 DAGs
[2026-08-21T22:51:17.735+0000] {logging_mixin.py:188} INFO - [2026-08-21T22:51:17.735+0000] {dag.py:3834} INFO - Setting next_dagrun for example_external_task_marker_child to None, run_after=None
[2026-08-21T22:51:17.740+0000] {logging_mixin.py:188} INFO - [2026-08-21T22:51:17.740+0000] {dag.py:3834} INFO - Setting next_dagrun for example_external_task_marker_parent to None, run_after=None
[2026-08-21T22:51:17.762+0000] {processor.py:183} INFO - Processing /home/airflow/.local/lib/python3.8/site-packages/airflow/example_dags/example_external_task_marker_dag.py took 0.090 seconds
[2026-08-21T22:51:47.888+0000] {processor.py:161} INFO - Started process (PID=645) to work on /home/airflow/.local/lib/python3.8/site-packages/airflow/example_dags/example_external_task_marker_dag.py
[2026-08-21T22:51:47.892+0000] {processor.py:830} INFO - Processing file /home/airflow/.local/lib/python3.8/site-packages/airflow/example_dags/example_external_task_marker_dag.py for tasks to queue
[2026-08-21T22:51:47.895+0000] {logging_mixin.py:188} INFO - [2026-08-21T22:51:47.895+0000] {dagbag.py:540} INFO - Filling up the DagBag from /home/airflow/.local/lib/python3.8/site-packages/airflow/example_dags/example_external_task_marker_dag.py
[2026-08-21T22:51:47.907+0000] {processor.py:840} INFO - DAG(s) 'example_external_task_marker_child', 'example_external_task_marker_parent' retrieved from /home/airflow/.local/lib/python3.8/site-packages/airflow/example_dags/example_external_task_marker_dag.py
[2026-08-21T22:51:47.945+0000] {logging_mixin.py:188} INFO - [2026-08-21T22:51:47.945+0000] {dag.py:3047} INFO - Sync 2 DAGs
[2026-08-21T22:51:47.964+0000] {logging_mixin.py:188} INFO - [2026-08-21T22:51:47.964+0000] {dag.py:3834} INFO - Setting next_dagrun for example_external_task_marker_child to None, run_after=None
[2026-08-21T22:51:47.972+0000] {logging_mixin.py:188} INFO - [2026-08-21T22:51:47.971+0000] {dag.py:3834} INFO - Setting next_dagrun for example_external_task_marker_parent to None, run_after=None
[2026-08-21T22:51:47.996+0000] {processor.py:183} INFO - Processing /home/airflow/.local/lib/python3.8/site-packages/airflow/example_dags/example_external_task_marker_dag.py took 0.115 seconds
[2026-08-21T22:52:18.367+0000] {processor.py:161} INFO - Started process (PID=702) to work on /home/airflow/.local/lib/python3.8/site-packages/airflow/example_dags/example_external_task_marker_dag.py
[2026-08-21T22:52:18.369+0000] {processor.py:830} INFO - Processing file /home/airflow/.local/lib/python3.8/site-packages/airflow/example_dags/example_external_task_marker_dag.py for tasks to queue
[2026-08-21T22:52:18.371+0000] {logging_mixin.py:188} INFO - [2026-08-21T22:52:18.371+0000] {dagbag.py:540} INFO - Filling up the DagBag from /home/airflow/.local/lib/python3.8/site-packages/airflow/example_dags/example_external_task_marker_dag.py
[2026-08-21T22:52:18.378+0000] {processor.py:840} INFO - DAG(s) 'example_external_task_marker_parent', 'example_external_task_marker_child' retrieved from /home/airflow/.local/lib/python3.8/site-packages/airflow/example_dags/example_external_task_marker_dag.py
[2026-08-21T22:52:18.412+0000] {logging_mixin.py:188} INFO - [2026-08-21T22:52:18.412+0000] {dag.py:3047} INFO - Sync 2 DAGs
[2026-08-21T22:52:18.428+0000] {logging_mixin.py:188} INFO - [2026-08-21T22:52:18.427+0000] {dag.py:3834} INFO - Setting next_dagrun for example_external_task_marker_child to None, run_after=None
[2026-08-21T22:52:18.433+0000] {logging_mixin.py:188} INFO - [2026-08-21T22:52:18.433+0000] {dag.py:3834} INFO - Setting next_dagrun for example_external_task_marker_parent to None, run_after=None
[2026-08-21T22:52:18.455+0000] {processor.py:183} INFO - Processing /home/airflow/.local/lib/python3.8/site-packages/airflow/example_dags/example_external_task_marker_dag.py took 0.092 seconds
[2026-08-21T22:52:48.577+0000] {processor.py:161} INFO - Started process (PID=759) to work on /home/airflow/.local/lib/python3.8/site-packages/airflow/example_dags/example_external_task_marker_dag.py
[2026-08-21T22:52:48.581+0000] {processor.py:830} INFO - Processing file /home/airflow/.local/lib/python3.8/site-packages/airflow/example_dags/example_external_task_marker_dag.py for tasks to queue
[2026-08-21T22:52:48.586+0000] {logging_mixin.py:188} INFO - [2026-08-21T22:52:48.585+0000] {dagbag.py:540} INFO - Filling up the DagBag from /home/airflow/.local/lib/python3.8/site-packages/airflow/example_dags/example_external_task_marker_dag.py
[2026-08-21T22:52:48.595+0000] {processor.py:840} INFO - DAG(s) 'example_external_task_marker_child', 'example_external_task_marker_parent' retrieved from /home/airflow/.local/lib/python3.8/site-packages/airflow/example_dags/example_external_task_marker_dag.py
[2026-08-21T22:52:48.642+0000] {logging_mixin.py:188} INFO - [2026-08-21T22:52:48.641+0000] {dag.py:3047} INFO - Sync 2 DAGs
[2026-08-21T22:52:48.673+0000] {logging_mixin.py:188} INFO - [2026-08-21T22:52:48.673+0000] {dag.py:3834} INFO - Setting next_dagrun for example_external_task_marker_child to None, run_after=None
[2026-08-21T22:52:48.687+0000] {logging_mixin.py:188} INFO - [2026-08-21T22:52:48.687+0000] {dag.py:3834} INFO - Setting next_dagrun for example_external_task_marker_parent to None, run_after=None
[2026-08-21T22:52:48.748+0000] {processor.py:183} INFO - Processing /home/airflow/.local/lib/python3.8/site-packages/airflow/example_dags/example_external_task_marker_dag.py took 0.177 seconds
[2026-08-21T22:53:19.612+0000] {processor.py:161} INFO - Started process (PID=816) to work on /home/airflow/.local/lib/python3.8/site-packages/airflow/example_dags/example_external_task_marker_dag.py
[2026-08-21T22:53:19.614+0000] {processor.py:830} INFO - Processing file /home/airflow/.local/lib/python3.8/site-packages/airflow/example_dags/example_external_task_marker_dag.py for tasks to queue
[2026-08-21T22:53:19.618+0000] {logging_mixin.py:188} INFO - [2026-08-21T22:53:19.618+0000] {dagbag.py:540} INFO - Filling up the DagBag from /home/airflow/.local/lib/python3.8/site-packages/airflow/example_dags/example_external_task_marker_dag.py
[2026-08-21T22:53:19.626+0000] {processor.py:840} INFO - DAG(s) 'example_external_task_marker_child', 'example_external_task_marker_parent' retrieved from /home/airflow/.local/lib/python3.8/site-packages/airflow/example_dags/example_external_task_marker_dag.py
[2026-08-21T22:53:19.659+0000] {logging_mixin.py:188} INFO - [2026-08-21T22:53:19.659+0000] {dag.py:3047} INFO - Sync 2 DAGs
[2026-08-21T22:53:19.675+0000] {logging_mixin.py:188} INFO - [2026-08-21T22:53:19.675+0000] {dag.py:3834} INFO - Setting next_dagrun for example_external_task_marker_child to None, run_after=None
[2026-08-21T22:53:19.681+0000] {logging_mixin.py:188} INFO - [2026-08-21T22:53:19.680+0000] {dag.py:3834} INFO - Setting next_dagrun for example_external_task_marker_parent to None, run_after=None
[2026-08-21T22:53:19.708+0000] {processor.py:183} INFO - Processing /home/airflow/.local/lib/python3.8/site-packages/airflow/example_dags/example_external_task_marker_dag.py took 0.101 seconds
[2026-08-21T22:53:49.852+0000] {processor.py:161} INFO - Started process (PID=873) to work on /home/airflow/.local/lib/python3.8/site-packages/airflow/example_dags/example_external_task_marker_dag.py
[2026-08-21T22:53:49.854+0000] {processor.py:830} INFO - Processing file /home/airflow/.local/lib/python3.8/site-packages/airflow/example_dags/example_external_task_marker_dag.py for tasks to queue
[2026-08-21T22:53:49.857+0000] {logging_mixin.py:188} INFO - [2026-08-21T22:53:49.857+0000] {dagbag.py:540} INFO - Filling up the DagBag from /home/airflow/.local/lib/python3.8/site-packages/airflow/example_dags/example_external_task_marker_dag.py
[2026-08-21T22:53:49.866+0000] {processor.py:840} INFO - DAG(s) 'example_external_task_marker_child', 'example_external_task_marker_parent' retrieved from /home/airflow/.local/lib/python3.8/site-packages/airflow/example_dags/example_external_task_marker_dag.py
[2026-08-21T22:53:49.900+0000] {logging_mixin.py:188} INFO - [2026-08-21T22:53:49.900+0000] {dag.py:3047} INFO - Sync 2 DAGs
[2026-08-21T22:53:49.916+0000] {logging_mixin.py:188} INFO - [2026-08-21T22:53:49.916+0000] {dag.py:3834} INFO - Setting next_dagrun for example_external_task_marker_child to None, run_after=None
[2026-08-21T22:53:49.922+0000] {logging_mixin.py:188} INFO - [2026-08-21T22:53:49.922+0000] {dag.py:3834} INFO - Setting next_dagrun for example_external_task_marker_parent to None, run_after=None
[2026-08-21T22:53:49.949+0000] {processor.py:183} INFO - Processing /home/airflow/.local/lib/python3.8/site-packages/airflow/example_dags/example_external_task_marker_dag.py took 0.102 seconds
[2026-08-21T22:54:20.141+0000] {processor.py:161} INFO - Started process (PID=930) to work on /home/airflow/.local/lib/python3.8/site-packages/airflow/example_dags/example_external_task_marker_dag.py
[2026-08-21T22:54:20.143+0000] {processor.py:830} INFO - Processing file /home/airflow/.local/lib/python3.8/site-packages/airflow/example_dags/example_external_task_marker_dag.py for tasks to queue
[2026-08-21T22:54:20.146+0000] {logging_mixin.py:188} INFO - [2026-08-21T22:54:20.145+0000] {dagbag.py:540} INFO - Filling up the DagBag from /home/airflow/.local/lib/python3.8/site-packages/airflow/example_dags/example_external_task_marker_dag.py
[2026-08-21T22:54:20.152+0000] {processor.py:840} INFO - DAG(s) 'example_external_task_marker_parent', 'example_external_task_marker_child' retrieved from /home/airflow/.local/lib/python3.8/site-packages/airflow/example_dags/example_external_task_marker_dag.py
[2026-08-21T22:54:20.181+0000] {logging_mixin.py:188} INFO - [2026-08-21T22:54:20.181+0000] {dag.py:3047} INFO - Sync 2 DAGs
[2026-08-21T22:54:20.196+0000] {logging_mixin.py:188} INFO - [2026-08-21T22:54:20.196+0000] {dag.py:3834} INFO - Setting next_dagrun for example_external_task_marker_child to None, run_after=None
[2026-08-21T22:54:20.201+0000] {logging_mixin.py:188} INFO - [2026-08-21T22:54:20.201+0000] {dag.py:3834} INFO - Setting next_dagrun for example_external_task_marker_parent to None, run_after=None
[2026-08-21T22:54:20.220+0000] {processor.py:183} INFO - Processing /home/airflow/.local/lib/python3.8/site-packages/airflow/example_dags/example_external_task_marker_dag.py took 0.083 seconds
[2026-08-21T22:54:50.916+0000] {processor.py:161} INFO - Started process (PID=987) to work on /home/airflow/.local/lib/python3.8/site-packages/airflow/example_dags/example_external_task_marker_dag.py
[2026-08-21T22:54:50.917+0000] {processor.py:830} INFO - Processing file /home/airflow/.local/lib/python3.8/site-packages/airflow/example_dags/example_external_task_marker_dag.py for tasks to queue
[2026-08-21T22:54:50.921+0000] {logging_mixin.py:188} INFO - [2026-08-21T22:54:50.920+0000] {dagbag.py:540} INFO - Filling up the DagBag from /home/airflow/.local/lib/python3.8/site-packages/airflow/example_dags/example_external_task_marker_dag.py
[2026-08-21T22:54:50.929+0000] {processor.py:840} INFO - DAG(s) 'example_external_task_marker_parent', 'example_external_task_marker_child' retrieved from /home/airflow/.local/lib/python3.8/site-packages/airflow/example_dags/example_external_task_marker_dag.py
[2026-08-21T22:54:50.961+0000] {logging_mixin.py:188} INFO - [2026-08-21T22:54:50.961+0000] {dag.py:3047} INFO - Sync 2 DAGs
[2026-08-21T22:54:50.976+0000] {logging_mixin.py:188} INFO - [2026-08-21T22:54:50.976+0000] {dag.py:3834} INFO - Setting next_dagrun for example_external_task_marker_child to None, run_after=None
[2026-08-21T22:54:50.981+0000] {logging_mixin.py:188} INFO - [2026-08-21T22:54:50.981+0000] {dag.py:3834} INFO - Setting next_dagrun for example_external_task_marker_parent to None, run_after=None
[2026-08-21T22:54:51.002+0000] {processor.py:183} INFO - Processing /home/airflow/.local/lib/python3.8/site-packages/airflow/example_dags/example_external_task_marker_dag.py took 0.091 seconds
[2026-08-21T22:55:21.335+0000] {processor.py:161} INFO - Started process (PID=1044) to work on /home/airflow/.local/lib/python3.8/site-packages/airflow/example_dags/example_external_task_marker_dag.py
[2026-08-21T22:55:21.337+0000] {processor.py:830} INFO - Processing file /home/airflow/.local/lib/python3.8/site-packages/airflow/example_dags/example_external_task_marker_dag.py for tasks to queue
[2026-08-21T22:55:21.341+0000] {logging_mixin.py:188} INFO - [2026-08-21T22:55:21.340+0000] {dagbag.py:540} INFO - Filling up the DagBag from /home/airflow/.local/lib/python3.8/site-packages/airflow/example_dags/example_external_task_marker_dag.py
[2026-08-21T22:55:21.348+0000] {processor.py:840} INFO - DAG(s) 'example_external_task_marker_parent', 'example_external_task_marker_child' retrieved from /home/airflow/.local/lib/python3.8/site-packages/airflow/example_dags/example_external_task_marker_dag.py
[2026-08-21T22:55:21.382+0000] {logging_mixin.py:188} INFO - [2026-08-21T22:55:21.381+0000] {dag.py:3047} INFO - Sync 2 DAGs
[2026-08-21T22:55:21.397+0000] {logging_mixin.py:188} INFO - [2026-08-21T22:55:21.397+0000] {dag.py:3834} INFO - Setting next_dagrun for example_external_task_marker_child to None, run_after=None
[2026-08-21T22:55:21.404+0000] {logging_mixin.py:188} INFO - [2026-08-21T22:55:21.404+0000] {dag.py:3834} INFO - Setting next_dagrun for example_external_task_marker_parent to None, run_after=None
[2026-08-21T22:55:21.428+0000] {processor.py:183} INFO - Processing /home/airflow/.local/lib/python3.8/site-packages/airflow/example_dags/example_external_task_marker_dag.py took 0.098 seconds
[2026-08-21T22:55:51.636+0000] {processor.py:161} INFO - Started process (PID=1101) to work on /home/airflow/.local/lib/python3.8/site-packages/airflow/example_dags/example_external_task_marker_dag.py
[2026-08-21T22:55:51.638+0000] {processor.py:830} INFO - Processing file /home/airflow/.local/lib/python3.8/site-packages/airflow/example_dags/example_external_task_marker_dag.py for tasks to queue
[2026-08-21T22:55:51.642+0000] {logging_mixin.py:188} INFO - [2026-08-21T22:55:51.641+0000] {dagbag.py:540} INFO - Filling up the DagBag from /home/airflow/.local/lib/python3.8/site-packages/airflow/example_dags/example_external_task_marker_dag.py
[2026-08-21T22:55:51.651+0000] {processor.py:840} INFO - DAG(s) 'example_external_task_marker_parent', 'example_external_task_marker_child' retrieved from /home/airflow/.local/lib/python3.8/site-packages/airflow/example_dags/example_external_task_marker_dag.py
[2026-08-21T22:55:51.689+0000] {logging_mixin.py:188} INFO - [2026-08-21T22:55:51.689+0000] {dag.py:3047} INFO - Sync 2 DAGs
[2026-08-21T22:55:51.707+0000] {logging_mixin.py:188} INFO - [2026-08-21T22:55:51.706+0000] {dag.py:3834} INFO - Setting next_dagrun for example_external_task_marker_child to None, run_after=None
[2026-08-21T22:55:51.711+0000] {logging_mixin.py:188} INFO - [2026-08-21T22:55:51.711+0000] {dag.py:3834} INFO - Setting next_dagrun for example_external_task_marker_parent to None, run_after=None
[2026-08-21T22:55:51.735+0000] {processor.py:183} INFO - Processing /home/airflow/.local/lib/python3.8/site-packages/airflow/example_dags/example_external_task_marker_dag.py took 0.104 seconds
[2026-08-21T22:56:22.655+0000] {processor.py:161} INFO - Started process (PID=1158) to work on /home/airflow/.local/lib/python3.8/site-packages/airflow/example_dags/example_external_task_marker_dag.py
[2026-08-21T22:56:22.657+0000] {processor.py:830} INFO - Processing file /home/airflow/.local/lib/python3.8/site-packages/airflow/example_dags/example_external_task_marker_dag.py for tasks to queue
[2026-08-21T22:56:22.660+0000] {logging_mixin.py:188} INFO - [2026-08-21T22:56:22.660+0000] {dagbag.py:540} INFO - Filling up the DagBag from /home/airflow/.local/lib/python3.8/site-packages/airflow/example_dags/example_external_task_marker_dag.py
[2026-08-21T22:56:22.671+0000] {processor.py:840} INFO - DAG(s) 'example_external_task_marker_parent', 'example_external_task_marker_child' retrieved from /home/airflow/.local/lib/python3.8/site-packages/airflow/example_dags/example_external_task_marker_dag.py
[2026-08-21T22:56:22.707+0000] {logging_mixin.py:188} INFO - [2026-08-21T22:56:22.707+0000] {dag.py:3047} INFO - Sync 2 DAGs
[2026-08-21T22:56:22.725+0000] {logging_mixin.py:188} INFO - [2026-08-21T22:56:22.725+0000] {dag.py:3834} INFO - Setting next_dagrun for example_external_task_marker_child to None, run_after=None
[2026-08-21T22:56:22.732+0000] {logging_mixin.py:188} INFO - [2026-08-21T22:56:22.732+0000] {dag.py:3834} INFO - Setting next_dagrun for example_external_task_marker_parent to None, run_after=None
[2026-08-21T22:56:22.758+0000] {processor.py:183} INFO - Processing /home/airflow/.local/lib/python3.8/site-packages/airflow/example_dags/example_external_task_marker_dag.py took 0.109 seconds
[2026-08-21T22:56:53.124+0000] {processor.py:161} INFO - Started process (PID=1215) to work on /home/airflow/.local/lib/python3.8/site-packages/airflow/example_dags/example_external_task_marker_dag.py
[2026-08-21T22:56:53.126+0000] {processor.py:830} INFO - Processing file /home/airflow/.local/lib/python3.8/site-packages/airflow/example_dags/example_external_task_marker_dag.py for tasks to queue
[2026-08-21T22:56:53.130+0000] {logging_mixin.py:188} INFO - [2026-08-21T22:56:53.130+0000] {dagbag.py:540} INFO - Filling up the DagBag from /home/airflow/.local/lib/python3.8/site-packages/airflow/example_dags/example_external_task_marker_dag.py
[2026-08-21T22:56:53.141+0000] {processor.py:840} INFO - DAG(s) 'example_external_task_marker_parent', 'example_external_task_marker_child' retrieved from /home/airflow/.local/lib/python3.8/site-packages/airflow/example_dags/example_external_task_marker_dag.py
[2026-08-21T22:56:53.176+0000] {logging_mixin.py:188} INFO - [2026-08-21T22:56:53.175+0000] {dag.py:3047} INFO - Sync 2 DAGs
[2026-08-21T22:56:53.190+0000] {logging_mixin.py:188} INFO - [2026-08-21T22:56:53.190+0000] {dag.py:3834} INFO - Setting next_dagrun for example_external_task_marker_child to None, run_after=None
[2026-08-21T22:56:53.196+0000] {logging_mixin.py:188} INFO - [2026-08-21T22:56:53.195+0000] {dag.py:3834} INFO - Setting next_dagrun for example_external_task_marker_parent to None, run_after=None
[2026-08-21T22:56:53.217+0000] {processor.py:183} INFO - Processing /home/airflow/.local/lib/python3.8/site-packages/airflow/example_dags/example_external_task_marker_dag.py took 0.097 seconds
[2026-08-21T22:57:23.835+0000] {processor.py:161} INFO - Started process (PID=1272) to work on /home/airflow/.local/lib/python3.8/site-packages/airflow/example_dags/example_external_task_marker_dag.py
[2026-08-21T22:57:23.837+0000] {processor.py:830} INFO - Processing file /home/airflow/.local/lib/python3.8/site-packages/airflow/example_dags/example_external_task_marker_dag.py for tasks to queue
[2026-08-21T22:57:23.840+0000] {logging_mixin.py:188} INFO - [2026-08-21T22:57:23.839+0000] {dagbag.py:540} INFO - Filling up the DagBag from /home/airflow/.local/lib/python3.8/site-packages/airflow/example_dags/example_external_task_marker_dag.py
[2026-08-21T22:57:23.848+0000] {processor.py:840} INFO - DAG(s) 'example_external_task_marker_parent', 'example_external_task_marker_child' retrieved from /home/airflow/.local/lib/python3.8/site-packages/airflow/example_dags/example_external_task_marker_dag.py
[2026-08-21T22:57:23.885+0000] {logging_mixin.py:188} INFO - [2026-08-21T22:57:23.885+0000] {dag.py:3047} INFO - Sync 2 DAGs
[2026-08-21T22:57:23.902+0000] {logging_mixin.py:188} INFO - [2026-08-21T22:57:23.902+0000] {dag.py:3834} INFO - Setting next_dagrun for example_external_task_marker_child to None, run_after=None
[2026-08-21T22:57:23.908+0000] {logging_mixin.py:188} INFO - [2026-08-21T22:57:23.907+0000] {dag.py:3834} INFO - Setting next_dagrun for example_external_task_marker_parent to None, run_after=None
[2026-08-21T22:57:23.938+0000] {processor.py:183} INFO - Processing /home/airflow/.local/lib/python3.8/site-packages/airflow/example_dags/example_external_task_marker_dag.py took 0.107 seconds
[2026-08-21T22:57:54.379+0000] {processor.py:161} INFO - Started process (PID=1329) to work on /home/airflow/.local/lib/python3.8/site-packages/airflow/example_dags/example_external_task_marker_dag.py
[2026-08-21T22:57:54.381+0000] {processor.py:830} INFO - Processing file /home/airflow/.local/lib/python3.8/site-packages/airflow/example_dags/example_external_task_marker_dag.py for tasks to queue
[2026-08-21T22:57:54.384+0000] {logging_mixin.py:188} INFO - [2026-08-21T22:57:54.383+0000] {dagbag.py:540} INFO - Filling up the DagBag from /home/airflow/.local/lib/python3.8/site-packages/airflow/example_dags/example_external_task_marker_dag.py
[2026-08-21T22:57:54.393+0000] {processor.py:840} INFO - DAG(s) 'example_external_task_marker_parent', 'example_external_task_marker_child' retrieved from /home/airflow/.local/lib/python3.8/site-packages/airflow/example_dags/example_external_task_marker_dag.py
[2026-08-21T22:57:54.427+0000] {logging_mixin.py:188} INFO - [2026-08-21T22:57:54.427+0000] {dag.py:3047} INFO - Sync 2 DAGs
[2026-08-21T22:57:54.444+0000] {logging_mixin.py:188} INFO - [2026-08-21T22:57:54.444+0000] {dag.py:3834} INFO - Setting next_dagrun for example_external_task_marker_child to None, run_after=None
[2026-08-21T22:57:54.449+0000] {logging_mixin.py:188} INFO - [2026-08-21T22:57:54.449+0000] {dag.py:3834} INFO - Setting next_dagrun for example_external_task_marker_parent to None, run_after=None
[2026-08-21T22:57:54.471+0000] {processor.py:183} INFO - Processing /home/airflow/.local/lib/python3.8/site-packages/airflow/example_dags/example_external_task_marker_dag.py took 0.095 seconds
[2026-08-21T22:58:24.730+0000] {processor.py:161} INFO - Started process (PID=1386) to work on /home/airflow/.local/lib/python3.8/site-packages/airflow/example_dags/example_external_task_marker_dag.py
[2026-08-21T22:58:24.731+0000] {processor.py:830} INFO - Processing file /home/airflow/.local/lib/python3.8/site-packages/airflow/example_dags/example_external_task_marker_dag.py for tasks to queue
[2026-08-21T22:58:24.733+0000] {logging_mixin.py:188} INFO - [2026-08-21T22:58:24.733+0000] {dagbag.py:540} INFO - Filling up the DagBag from /home/airflow/.local/lib/python3.8/site-packages/airflow/example_dags/example_external_task_marker_dag.py
[2026-08-21T22:58:24.743+0000] {processor.py:840} INFO - DAG(s) 'example_external_task_marker_child', 'example_external_task_marker_parent' retrieved from /home/airflow/.local/lib/python3.8/site-packages/airflow/example_dags/example_external_task_marker_dag.py
[2026-08-21T22:58:24.784+0000] {logging_mixin.py:188} INFO - [2026-08-21T22:58:24.784+0000] {dag.py:3047} INFO - Sync 2 DAGs
[2026-08-21T22:58:24.806+0000] {logging_mixin.py:188} INFO - [2026-08-21T22:58:24.806+0000] {dag.py:3834} INFO - Setting next_dagrun for example_external_task_marker_child to None, run_after=None
[2026-08-21T22:58:24.812+0000] {logging_mixin.py:188} INFO - [2026-08-21T22:58:24.811+0000] {dag.py:3834} INFO - Setting next_dagrun for example_external_task_marker_parent to None, run_after=None
[2026-08-21T22:58:24.834+0000] {processor.py:183} INFO - Processing /home/airflow/.local/lib/python3.8/site-packages/airflow/example_dags/example_external_task_marker_dag.py took 0.108 seconds
[2026-08-21T22:58:55.283+0000] {processor.py:161} INFO - Started process (PID=1443) to work on /home/airflow/.local/lib/python3.8/site-packages/airflow/example_dags/example_external_task_marker_dag.py
[2026-08-21T22:58:55.286+0000] {processor.py:830} INFO - Processing file /home/airflow/.local/lib/python3.8/site-packages/airflow/example_dags/example_external_task_marker_dag.py for tasks to queue
[2026-08-21T22:58:55.288+0000] {logging_mixin.py:188} INFO - [2026-08-21T22:58:55.288+0000] {dagbag.py:540} INFO - Filling up the DagBag from /home/airflow/.local/lib/python3.8/site-packages/airflow/example_dags/example_external_task_marker_dag.py
[2026-08-21T22:58:55.296+0000] {processor.py:840} INFO - DAG(s) 'example_external_task_marker_child', 'example_external_task_marker_parent' retrieved from /home/airflow/.local/lib/python3.8/site-packages/airflow/example_dags/example_external_task_marker_dag.py
[2026-08-21T22:58:55.328+0000] {logging_mixin.py:188} INFO - [2026-08-21T22:58:55.328+0000] {dag.py:3047} INFO - Sync 2 DAGs
[2026-08-21T22:58:55.343+0000] {logging_mixin.py:188} INFO - [2026-08-21T22:58:55.343+0000] {dag.py:3834} INFO - Setting next_dagrun for example_external_task_marker_child to None, run_after=None
[2026-08-21T22:58:55.348+0000] {logging_mixin.py:188} INFO - [2026-08-21T22:58:55.348+0000] {dag.py:3834} INFO - Setting next_dagrun for example_external_task_marker_parent to None, run_after=None
[2026-08-21T22:58:55.370+0000] {processor.py:183} INFO - Processing /home/airflow/.local/lib/python3.8/site-packages/airflow/example_dags/example_external_task_marker_dag.py took 0.090 seconds
[2026-08-21T22:59:25.736+0000] {processor.py:161} INFO - Started process (PID=1500) to work on /home/airflow/.local/lib/python3.8/site-packages/airflow/example_dags/example_external_task_marker_dag.py
[2026-08-21T22:59:25.737+0000] {processor.py:830} INFO - Processing file /home/airflow/.local/lib/python3.8/site-packages/airflow/example_dags/example_external_task_marker_dag.py for tasks to queue
[2026-08-21T22:59:25.740+0000] {logging_mixin.py:188} INFO - [2026-08-21T22:59:25.739+0000] {dagbag.py:540} INFO - Filling up the DagBag from /home/airflow/.local/lib/python3.8/site-packages/airflow/example_dags/example_external_task_marker_dag.py
[2026-08-21T22:59:25.753+0000] {processor.py:840} INFO - DAG(s) 'example_external_task_marker_parent', 'example_external_task_marker_child' retrieved from /home/airflow/.local/lib/python3.8/site-packages/airflow/example_dags/example_external_task_marker_dag.py
[2026-08-21T22:59:25.785+0000] {logging_mixin.py:188} INFO - [2026-08-21T22:59:25.784+0000] {dag.py:3047} INFO - Sync 2 DAGs
[2026-08-21T22:59:25.803+0000] {logging_mixin.py:188} INFO - [2026-08-21T22:59:25.803+0000] {dag.py:3834} INFO - Setting next_dagrun for example_external_task_marker_child to None, run_after=None
[2026-08-21T22:59:25.808+0000] {logging_mixin.py:188} INFO - [2026-08-21T22:59:25.808+0000] {dag.py:3834} INFO - Setting next_dagrun for example_external_task_marker_parent to None, run_after=None
[2026-08-21T22:59:25.827+0000] {processor.py:183} INFO - Processing /home/airflow/.local/lib/python3.8/site-packages/airflow/example_dags/example_external_task_marker_dag.py took 0.097 seconds
[2026-08-21T22:59:56.180+0000] {processor.py:161} INFO - Started process (PID=1557) to work on /home/airflow/.local/lib/python3.8/site-packages/airflow/example_dags/example_external_task_marker_dag.py
[2026-08-21T22:59:56.183+0000] {processor.py:830} INFO - Processing file /home/airflow/.local/lib/python3.8/site-packages/airflow/example_dags/example_external_task_marker_dag.py for tasks to queue
[2026-08-21T22:59:56.187+0000] {logging_mixin.py:188} INFO - [2026-08-21T22:59:56.187+0000] {dagbag.py:540} INFO - Filling up the DagBag from /home/airflow/.local/lib/python3.8/site-packages/airflow/example_dags/example_external_task_marker_dag.py
[2026-08-21T22:59:56.195+0000] {processor.py:840} INFO - DAG(s) 'example_external_task_marker_parent', 'example_external_task_marker_child' retrieved from /home/airflow/.local/lib/python3.8/site-packages/airflow/example_dags/example_external_task_marker_dag.py
[2026-08-21T22:59:56.225+0000] {logging_mixin.py:188} INFO - [2026-08-21T22:59:56.225+0000] {dag.py:3047} INFO - Sync 2 DAGs
[2026-08-21T22:59:56.239+0000] {logging_mixin.py:188} INFO - [2026-08-21T22:59:56.239+0000] {dag.py:3834} INFO - Setting next_dagrun for example_external_task_marker_child to None, run_after=None
[2026-08-21T22:59:56.244+0000] {logging_mixin.py:188} INFO - [2026-08-21T22:59:56.244+0000] {dag.py:3834} INFO - Setting next_dagrun for example_external_task_marker_parent to None, run_after=None
[2026-08-21T22:59:56.264+0000] {processor.py:183} INFO - Processing /home/airflow/.local/lib/python3.8/site-packages/airflow/example_dags/example_external_task_marker_dag.py took 0.089 seconds
[2026-08-21T23:00:26.555+0000] {processor.py:161} INFO - Started process (PID=1614) to work on /home/airflow/.local/lib/python3.8/site-packages/airflow/example_dags/example_external_task_marker_dag.py
[2026-08-21T23:00:26.557+0000] {processor.py:830} INFO - Processing file /home/airflow/.local/lib/python3.8/site-packages/airflow/example_dags/example_external_task_marker_dag.py for tasks to queue
[2026-08-21T23:00:26.559+0000] {logging_mixin.py:188} INFO - [2026-08-21T23:00:26.559+0000] {dagbag.py:540} INFO - Filling up the DagBag from /home/airflow/.local/lib/python3.8/site-packages/airflow/example_dags/example_external_task_marker_dag.py
[2026-08-21T23:00:26.567+0000] {processor.py:840} INFO - DAG(s) 'example_external_task_marker_parent', 'example_external_task_marker_child' retrieved from /home/airflow/.local/lib/python3.8/site-packages/airflow/example_dags/example_external_task_marker_dag.py
[2026-08-21T23:00:26.603+0000] {logging_mixin.py:188} INFO - [2026-08-21T23:00:26.603+0000] {dag.py:3047} INFO - Sync 2 DAGs
[2026-08-21T23:00:26.621+0000] {logging_mixin.py:188} INFO - [2026-08-21T23:00:26.620+0000] {dag.py:3834} INFO - Setting next_dagrun for example_external_task_marker_child to None, run_after=None
[2026-08-21T23:00:26.625+0000] {logging_mixin.py:188} INFO - [2026-08-21T23:00:26.625+0000] {dag.py:3834} INFO - Setting next_dagrun for example_external_task_marker_parent to None, run_after=None
[2026-08-21T23:00:26.649+0000] {processor.py:183} INFO - Processing /home/airflow/.local/lib/python3.8/site-packages/airflow/example_dags/example_external_task_marker_dag.py took 0.097 seconds
[2026-08-21T23:00:57.455+0000] {processor.py:161} INFO - Started process (PID=1671) to work on /home/airflow/.local/lib/python3.8/site-packages/airflow/example_dags/example_external_task_marker_dag.py
[2026-08-21T23:00:57.457+0000] {processor.py:830} INFO - Processing file /home/airflow/.local/lib/python3.8/site-packages/airflow/example_dags/example_external_task_marker_dag.py for tasks to queue
[2026-08-21T23:00:57.460+0000] {logging_mixin.py:188} INFO - [2026-08-21T23:00:57.460+0000] {dagbag.py:540} INFO - Filling up the DagBag from /home/airflow/.local/lib/python3.8/site-packages/airflow/example_dags/example_external_task_marker_dag.py
[2026-08-21T23:00:57.466+0000] {processor.py:840} INFO - DAG(s) 'example_external_task_marker_child', 'example_external_task_marker_parent' retrieved from /home/airflow/.local/lib/python3.8/site-packages/airflow/example_dags/example_external_task_marker_dag.py
[2026-08-21T23:00:57.494+0000] {logging_mixin.py:188} INFO - [2026-08-21T23:00:57.493+0000] {dag.py:3047} INFO - Sync 2 DAGs
[2026-08-21T23:00:57.506+0000] {logging_mixin.py:188} INFO - [2026-08-21T23:00:57.506+0000] {dag.py:3834} INFO - Setting next_dagrun for example_external_task_marker_child to None, run_after=None
[2026-08-21T23:00:57.511+0000] {logging_mixin.py:188} INFO - [2026-08-21T23:00:57.511+0000] {dag.py:3834} INFO - Setting next_dagrun for example_external_task_marker_parent to None, run_after=None
[2026-08-21T23:00:57.535+0000] {processor.py:183} INFO - Processing /home/airflow/.local/lib/python3.8/site-packages/airflow/example_dags/example_external_task_marker_dag.py took 0.083 seconds
[2026-08-21T23:01:28.439+0000] {processor.py:161} INFO - Started process (PID=1728) to work on /home/airflow/.local/lib/python3.8/site-packages/airflow/example_dags/example_external_task_marker_dag.py
[2026-08-21T23:01:28.442+0000] {processor.py:830} INFO - Processing file /home/airflow/.local/lib/python3.8/site-packages/airflow/example_dags/example_external_task_marker_dag.py for tasks to queue
[2026-08-21T23:01:28.446+0000] {logging_mixin.py:188} INFO - [2026-08-21T23:01:28.445+0000] {dagbag.py:540} INFO - Filling up the DagBag from /home/airflow/.local/lib/python3.8/site-packages/airflow/example_dags/example_external_task_marker_dag.py
[2026-08-21T23:01:28.454+0000] {processor.py:840} INFO - DAG(s) 'example_external_task_marker_child', 'example_external_task_marker_parent' retrieved from /home/airflow/.local/lib/python3.8/site-packages/airflow/example_dags/example_external_task_marker_dag.py
[2026-08-21T23:01:28.498+0000] {logging_mixin.py:188} INFO - [2026-08-21T23:01:28.497+0000] {dag.py:3047} INFO - Sync 2 DAGs
[2026-08-21T23:01:28.521+0000] {logging_mixin.py:188} INFO - [2026-08-21T23:01:28.520+0000] {dag.py:3834} INFO - Setting next_dagrun for example_external_task_marker_child to None, run_after=None
[2026-08-21T23:01:28.528+0000] {logging_mixin.py:188} INFO - [2026-08-21T23:01:28.528+0000] {dag.py:3834} INFO - Setting next_dagrun for example_external_task_marker_parent to None, run_after=None
[2026-08-21T23:01:28.557+0000] {processor.py:183} INFO - Processing /home/airflow/.local/lib/python3.8/site-packages/airflow/example_dags/example_external_task_marker_dag.py took 0.122 seconds
[2026-08-21T23:01:59.008+0000] {processor.py:161} INFO - Started process (PID=1785) to work on /home/airflow/.local/lib/python3.8/site-packages/airflow/example_dags/example_external_task_marker_dag.py
[2026-08-21T23:01:59.010+0000] {processor.py:830} INFO - Processing file /home/airflow/.local/lib/python3.8/site-packages/airflow/example_dags/example_external_task_marker_dag.py for tasks to queue
[2026-08-21T23:01:59.014+0000] {logging_mixin.py:188} INFO - [2026-08-21T23:01:59.013+0000] {dagbag.py:540} INFO - Filling up the DagBag from /home/airflow/.local/lib/python3.8/site-packages/airflow/example_dags/example_external_task_marker_dag.py
[2026-08-21T23:01:59.025+0000] {processor.py:840} INFO - DAG(s) 'example_external_task_marker_child', 'example_external_task_marker_parent' retrieved from /home/airflow/.local/lib/python3.8/site-packages/airflow/example_dags/example_external_task_marker_dag.py
[2026-08-21T23:01:59.061+0000] {logging_mixin.py:188} INFO - [2026-08-21T23:01:59.061+0000] {dag.py:3047} INFO - Sync 2 DAGs
[2026-08-21T23:01:59.083+0000] {logging_mixin.py:188} INFO - [2026-08-21T23:01:59.083+0000] {dag.py:3834} INFO - Setting next_dagrun for example_external_task_marker_child to None, run_after=None
[2026-08-21T23:01:59.088+0000] {logging_mixin.py:188} INFO - [2026-08-21T23:01:59.088+0000] {dag.py:3834} INFO - Setting next_dagrun for example_external_task_marker_parent to None, run_after=None
[2026-08-21T23:01:59.114+0000] {processor.py:183} INFO - Processing /home/airflow/.local/lib/python3.8/site-packages/airflow/example_dags/example_external_task_marker_dag.py took 0.111 seconds
[2026-08-21T23:02:29.204+0000] {processor.py:161} INFO - Started process (PID=1842) to work on /home/airflow/.local/lib/python3.8/site-packages/airflow/example_dags/example_external_task_marker_dag.py
[2026-08-21T23:02:29.206+0000] {processor.py:830} INFO - Processing file /home/airflow/.local/lib/python3.8/site-packages/airflow/example_dags/example_external_task_marker_dag.py for tasks to queue
[2026-08-21T23:02:29.209+0000] {logging_mixin.py:188} INFO - [2026-08-21T23:02:29.209+0000] {dagbag.py:540} INFO - Filling up the DagBag from /home/airflow/.local/lib/python3.8/site-packages/airflow/example_dags/example_external_task_marker_dag.py
[2026-08-21T23:02:29.215+0000] {processor.py:840} INFO - DAG(s) 'example_external_task_marker_parent', 'example_external_task_marker_child' retrieved from /home/airflow/.local/lib/python3.8/site-packages/airflow/example_dags/example_external_task_marker_dag.py
[2026-08-21T23:02:29.247+0000] {logging_mixin.py:188} INFO - [2026-08-21T23:02:29.247+0000] {dag.py:3047} INFO - Sync 2 DAGs
[2026-08-21T23:02:29.265+0000] {logging_mixin.py:188} INFO - [2026-08-21T23:02:29.265+0000] {dag.py:3834} INFO - Setting next_dagrun for example_external_task_marker_child to None, run_after=None
[2026-08-21T23:02:29.270+0000] {logging_mixin.py:188} INFO - [2026-08-21T23:02:29.270+0000] {dag.py:3834} INFO - Setting next_dagrun for example_external_task_marker_parent to None, run_after=None
[2026-08-21T23:02:29.301+0000] {processor.py:183} INFO - Processing /home/airflow/.local/lib/python3.8/site-packages/airflow/example_dags/example_external_task_marker_dag.py took 0.100 seconds
[2026-08-21T23:02:59.710+0000] {processor.py:161} INFO - Started process (PID=1899) to work on /home/airflow/.local/lib/python3.8/site-packages/airflow/example_dags/example_external_task_marker_dag.py
[2026-08-21T23:02:59.712+0000] {processor.py:830} INFO - Processing file /home/airflow/.local/lib/python3.8/site-packages/airflow/example_dags/example_external_task_marker_dag.py for tasks to queue
[2026-08-21T23:02:59.716+0000] {logging_mixin.py:188} INFO - [2026-08-21T23:02:59.715+0000] {dagbag.py:540} INFO - Filling up the DagBag from /home/airflow/.local/lib/python3.8/site-packages/airflow/example_dags/example_external_task_marker_dag.py
[2026-08-21T23:02:59.724+0000] {processor.py:840} INFO - DAG(s) 'example_external_task_marker_parent', 'example_external_task_marker_child' retrieved from /home/airflow/.local/lib/python3.8/site-packages/airflow/example_dags/example_external_task_marker_dag.py
[2026-08-21T23:02:59.759+0000] {logging_mixin.py:188} INFO - [2026-08-21T23:02:59.759+0000] {dag.py:3047} INFO - Sync 2 DAGs
[2026-08-21T23:02:59.778+0000] {logging_mixin.py:188} INFO - [2026-08-21T23:02:59.777+0000] {dag.py:3834} INFO - Setting next_dagrun for example_external_task_marker_child to None, run_after=None
[2026-08-21T23:02:59.784+0000] {logging_mixin.py:188} INFO - [2026-08-21T23:02:59.784+0000] {dag.py:3834} INFO - Setting next_dagrun for example_external_task_marker_parent to None, run_after=None
[2026-08-21T23:02:59.805+0000] {processor.py:183} INFO - Processing /home/airflow/.local/lib/python3.8/site-packages/airflow/example_dags/example_external_task_marker_dag.py took 0.099 seconds
[2026-08-21T23:03:30.246+0000] {processor.py:161} INFO - Started process (PID=1956) to work on /home/airflow/.local/lib/python3.8/site-packages/airflow/example_dags/example_external_task_marker_dag.py
[2026-08-21T23:03:30.248+0000] {processor.py:830} INFO - Processing file /home/airflow/.local/lib/python3.8/site-packages/airflow/example_dags/example_external_task_marker_dag.py for tasks to queue
[2026-08-21T23:03:30.252+0000] {logging_mixin.py:188} INFO - [2026-08-21T23:03:30.251+0000] {dagbag.py:540} INFO - Filling up the DagBag from /home/airflow/.local/lib/python3.8/site-packages/airflow/example_dags/example_external_task_marker_dag.py
[2026-08-21T23:03:30.264+0000] {processor.py:840} INFO - DAG(s) 'example_external_task_marker_parent', 'example_external_task_marker_child' retrieved from /home/airflow/.local/lib/python3.8/site-packages/airflow/example_dags/example_external_task_marker_dag.py
[2026-08-21T23:03:30.304+0000] {logging_mixin.py:188} INFO - [2026-08-21T23:03:30.303+0000] {dag.py:3047} INFO - Sync 2 DAGs
[2026-08-21T23:03:30.327+0000] {logging_mixin.py:188} INFO - [2026-08-21T23:03:30.326+0000] {dag.py:3834} INFO - Setting next_dagrun for example_external_task_marker_child to None, run_after=None
[2026-08-21T23:03:30.333+0000] {logging_mixin.py:188} INFO - [2026-08-21T23:03:30.332+0000] {dag.py:3834} INFO - Setting next_dagrun for example_external_task_marker_parent to None, run_after=None
[2026-08-21T23:03:30.364+0000] {processor.py:183} INFO - Processing /home/airflow/.local/lib/python3.8/site-packages/airflow/example_dags/example_external_task_marker_dag.py took 0.125 seconds
[2026-08-21T23:04:00.607+0000] {processor.py:161} INFO - Started process (PID=2013) to work on /home/airflow/.local/lib/python3.8/site-packages/airflow/example_dags/example_external_task_marker_dag.py
[2026-08-21T23:04:00.609+0000] {processor.py:830} INFO - Processing file /home/airflow/.local/lib/python3.8/site-packages/airflow/example_dags/example_external_task_marker_dag.py for tasks to queue
[2026-08-21T23:04:00.612+0000] {logging_mixin.py:188} INFO - [2026-08-21T23:04:00.612+0000] {dagbag.py:540} INFO - Filling up the DagBag from /home/airflow/.local/lib/python3.8/site-packages/airflow/example_dags/example_external_task_marker_dag.py
[2026-08-21T23:04:00.620+0000] {processor.py:840} INFO - DAG(s) 'example_external_task_marker_child', 'example_external_task_marker_parent' retrieved from /home/airflow/.local/lib/python3.8/site-packages/airflow/example_dags/example_external_task_marker_dag.py
[2026-08-21T23:04:00.652+0000] {logging_mixin.py:188} INFO - [2026-08-21T23:04:00.652+0000] {dag.py:3047} INFO - Sync 2 DAGs
[2026-08-21T23:04:00.668+0000] {logging_mixin.py:188} INFO - [2026-08-21T23:04:00.668+0000] {dag.py:3834} INFO - Setting next_dagrun for example_external_task_marker_child to None, run_after=None
[2026-08-21T23:04:00.673+0000] {logging_mixin.py:188} INFO - [2026-08-21T23:04:00.673+0000] {dag.py:3834} INFO - Setting next_dagrun for example_external_task_marker_parent to None, run_after=None
[2026-08-21T23:04:00.698+0000] {processor.py:183} INFO - Processing /home/airflow/.local/lib/python3.8/site-packages/airflow/example_dags/example_external_task_marker_dag.py took 0.096 seconds
[2026-08-21T23:04:31.404+0000] {processor.py:161} INFO - Started process (PID=2070) to work on /home/airflow/.local/lib/python3.8/site-packages/airflow/example_dags/example_external_task_marker_dag.py
[2026-08-21T23:04:31.407+0000] {processor.py:830} INFO - Processing file /home/airflow/.local/lib/python3.8/site-packages/airflow/example_dags/example_external_task_marker_dag.py for tasks to queue
[2026-08-21T23:04:31.410+0000] {logging_mixin.py:188} INFO - [2026-08-21T23:04:31.409+0000] {dagbag.py:540} INFO - Filling up the DagBag from /home/airflow/.local/lib/python3.8/site-packages/airflow/example_dags/example_external_task_marker_dag.py
[2026-08-21T23:04:31.417+0000] {processor.py:840} INFO - DAG(s) 'example_external_task_marker_parent', 'example_external_task_marker_child' retrieved from /home/airflow/.local/lib/python3.8/site-packages/airflow/example_dags/example_external_task_marker_dag.py
[2026-08-21T23:04:31.452+0000] {logging_mixin.py:188} INFO - [2026-08-21T23:04:31.452+0000] {dag.py:3047} INFO - Sync 2 DAGs
[2026-08-21T23:04:31.468+0000] {logging_mixin.py:188} INFO - [2026-08-21T23:04:31.468+0000] {dag.py:3834} INFO - Setting next_dagrun for example_external_task_marker_child to None, run_after=None
[2026-08-21T23:04:31.474+0000] {logging_mixin.py:188} INFO - [2026-08-21T23:04:31.473+0000] {dag.py:3834} INFO - Setting next_dagrun for example_external_task_marker_parent to None, run_after=None
[2026-08-21T23:04:31.496+0000] {processor.py:183} INFO - Processing /home/airflow/.local/lib/python3.8/site-packages/airflow/example_dags/example_external_task_marker_dag.py took 0.096 seconds
[2026-08-21T23:05:01.725+0000] {processor.py:161} INFO - Started process (PID=2127) to work on /home/airflow/.local/lib/python3.8/site-packages/airflow/example_dags/example_external_task_marker_dag.py
[2026-08-21T23:05:01.727+0000] {processor.py:830} INFO - Processing file /home/airflow/.local/lib/python3.8/site-packages/airflow/example_dags/example_external_task_marker_dag.py for tasks to queue
[2026-08-21T23:05:01.729+0000] {logging_mixin.py:188} INFO - [2026-08-21T23:05:01.729+0000] {dagbag.py:540} INFO - Filling up the DagBag from /home/airflow/.local/lib/python3.8/site-packages/airflow/example_dags/example_external_task_marker_dag.py
[2026-08-21T23:05:01.736+0000] {processor.py:840} INFO - DAG(s) 'example_external_task_marker_parent', 'example_external_task_marker_child' retrieved from /home/airflow/.local/lib/python3.8/site-packages/airflow/example_dags/example_external_task_marker_dag.py
[2026-08-21T23:05:01.767+0000] {logging_mixin.py:188} INFO - [2026-08-21T23:05:01.766+0000] {dag.py:3047} INFO - Sync 2 DAGs
[2026-08-21T23:05:01.783+0000] {logging_mixin.py:188} INFO - [2026-08-21T23:05:01.783+0000] {dag.py:3834} INFO - Setting next_dagrun for example_external_task_marker_child to None, run_after=None
[2026-08-21T23:05:01.788+0000] {logging_mixin.py:188} INFO - [2026-08-21T23:05:01.787+0000] {dag.py:3834} INFO - Setting next_dagrun for example_external_task_marker_parent to None, run_after=None
[2026-08-21T23:05:01.810+0000] {processor.py:183} INFO - Processing /home/airflow/.local/lib/python3.8/site-packages/airflow/example_dags/example_external_task_marker_dag.py took 0.089 seconds
[2026-08-21T23:05:31.974+0000] {processor.py:161} INFO - Started process (PID=2184) to work on /home/airflow/.local/lib/python3.8/site-packages/airflow/example_dags/example_external_task_marker_dag.py
[2026-08-21T23:05:31.976+0000] {processor.py:830} INFO - Processing file /home/airflow/.local/lib/python3.8/site-packages/airflow/example_dags/example_external_task_marker_dag.py for tasks to queue
[2026-08-21T23:05:31.979+0000] {logging_mixin.py:188} INFO - [2026-08-21T23:05:31.979+0000] {dagbag.py:540} INFO - Filling up the DagBag from /home/airflow/.local/lib/python3.8/site-packages/airflow/example_dags/example_external_task_marker_dag.py
[2026-08-21T23:05:31.987+0000] {processor.py:840} INFO - DAG(s) 'example_external_task_marker_parent', 'example_external_task_marker_child' retrieved from /home/airflow/.local/lib/python3.8/site-packages/airflow/example_dags/example_external_task_marker_dag.py
[2026-08-21T23:05:32.020+0000] {logging_mixin.py:188} INFO - [2026-08-21T23:05:32.019+0000] {dag.py:3047} INFO - Sync 2 DAGs
[2026-08-21T23:05:32.035+0000] {logging_mixin.py:188} INFO - [2026-08-21T23:05:32.034+0000] {dag.py:3834} INFO - Setting next_dagrun for example_external_task_marker_child to None, run_after=None
[2026-08-21T23:05:32.040+0000] {logging_mixin.py:188} INFO - [2026-08-21T23:05:32.040+0000] {dag.py:3834} INFO - Setting next_dagrun for example_external_task_marker_parent to None, run_after=None
[2026-08-21T23:05:32.062+0000] {processor.py:183} INFO - Processing /home/airflow/.local/lib/python3.8/site-packages/airflow/example_dags/example_external_task_marker_dag.py took 0.091 seconds
[2026-08-21T23:06:02.444+0000] {processor.py:161} INFO - Started process (PID=2241) to work on /home/airflow/.local/lib/python3.8/site-packages/airflow/example_dags/example_external_task_marker_dag.py
[2026-08-21T23:06:02.446+0000] {processor.py:830} INFO - Processing file /home/airflow/.local/lib/python3.8/site-packages/airflow/example_dags/example_external_task_marker_dag.py for tasks to queue
[2026-08-21T23:06:02.450+0000] {logging_mixin.py:188} INFO - [2026-08-21T23:06:02.449+0000] {dagbag.py:540} INFO - Filling up the DagBag from /home/airflow/.local/lib/python3.8/site-packages/airflow/example_dags/example_external_task_marker_dag.py
[2026-08-21T23:06:02.463+0000] {processor.py:840} INFO - DAG(s) 'example_external_task_marker_child', 'example_external_task_marker_parent' retrieved from /home/airflow/.local/lib/python3.8/site-packages/airflow/example_dags/example_external_task_marker_dag.py
[2026-08-21T23:06:02.500+0000] {logging_mixin.py:188} INFO - [2026-08-21T23:06:02.500+0000] {dag.py:3047} INFO - Sync 2 DAGs
[2026-08-21T23:06:02.528+0000] {logging_mixin.py:188} INFO - [2026-08-21T23:06:02.527+0000] {dag.py:3834} INFO - Setting next_dagrun for example_external_task_marker_child to None, run_after=None
[2026-08-21T23:06:02.533+0000] {logging_mixin.py:188} INFO - [2026-08-21T23:06:02.532+0000] {dag.py:3834} INFO - Setting next_dagrun for example_external_task_marker_parent to None, run_after=None
[2026-08-21T23:06:02.561+0000] {processor.py:183} INFO - Processing /home/airflow/.local/lib/python3.8/site-packages/airflow/example_dags/example_external_task_marker_dag.py took 0.121 seconds
[2026-08-21T23:06:33.276+0000] {processor.py:161} INFO - Started process (PID=2298) to work on /home/airflow/.local/lib/python3.8/site-packages/airflow/example_dags/example_external_task_marker_dag.py
[2026-08-21T23:06:33.278+0000] {processor.py:830} INFO - Processing file /home/airflow/.local/lib/python3.8/site-packages/airflow/example_dags/example_external_task_marker_dag.py for tasks to queue
[2026-08-21T23:06:33.282+0000] {logging_mixin.py:188} INFO - [2026-08-21T23:06:33.281+0000] {dagbag.py:540} INFO - Filling up the DagBag from /home/airflow/.local/lib/python3.8/site-packages/airflow/example_dags/example_external_task_marker_dag.py
[2026-08-21T23:06:33.290+0000] {processor.py:840} INFO - DAG(s) 'example_external_task_marker_child', 'example_external_task_marker_parent' retrieved from /home/airflow/.local/lib/python3.8/site-packages/airflow/example_dags/example_external_task_marker_dag.py
[2026-08-21T23:06:33.326+0000] {logging_mixin.py:188} INFO - [2026-08-21T23:06:33.326+0000] {dag.py:3047} INFO - Sync 2 DAGs
[2026-08-21T23:06:33.340+0000] {logging_mixin.py:188} INFO - [2026-08-21T23:06:33.340+0000] {dag.py:3834} INFO - Setting next_dagrun for example_external_task_marker_child to None, run_after=None
[2026-08-21T23:06:33.345+0000] {logging_mixin.py:188} INFO - [2026-08-21T23:06:33.345+0000] {dag.py:3834} INFO - Setting next_dagrun for example_external_task_marker_parent to None, run_after=None
[2026-08-21T23:06:33.368+0000] {processor.py:183} INFO - Processing /home/airflow/.local/lib/python3.8/site-packages/airflow/example_dags/example_external_task_marker_dag.py took 0.096 seconds
[2026-08-21T23:07:03.705+0000] {processor.py:161} INFO - Started process (PID=2355) to work on /home/airflow/.local/lib/python3.8/site-packages/airflow/example_dags/example_external_task_marker_dag.py
[2026-08-21T23:07:03.707+0000] {processor.py:830} INFO - Processing file /home/airflow/.local/lib/python3.8/site-packages/airflow/example_dags/example_external_task_marker_dag.py for tasks to queue
[2026-08-21T23:07:03.712+0000] {logging_mixin.py:188} INFO - [2026-08-21T23:07:03.711+0000] {dagbag.py:540} INFO - Filling up the DagBag from /home/airflow/.local/lib/python3.8/site-packages/airflow/example_dags/example_external_task_marker_dag.py
[2026-08-21T23:07:03.720+0000] {processor.py:840} INFO - DAG(s) 'example_external_task_marker_child', 'example_external_task_marker_parent' retrieved from /home/airflow/.local/lib/python3.8/site-packages/airflow/example_dags/example_external_task_marker_dag.py
[2026-08-21T23:07:03.754+0000] {logging_mixin.py:188} INFO - [2026-08-21T23:07:03.754+0000] {dag.py:3047} INFO - Sync 2 DAGs
[2026-08-21T23:07:03.769+0000] {logging_mixin.py:188} INFO - [2026-08-21T23:07:03.769+0000] {dag.py:3834} INFO - Setting next_dagrun for example_external_task_marker_child to None, run_after=None
[2026-08-21T23:07:03.775+0000] {logging_mixin.py:188} INFO - [2026-08-21T23:07:03.775+0000] {dag.py:3834} INFO - Setting next_dagrun for example_external_task_marker_parent to None, run_after=None
[2026-08-21T23:07:03.801+0000] {processor.py:183} INFO - Processing /home/airflow/.local/lib/python3.8/site-packages/airflow/example_dags/example_external_task_marker_dag.py took 0.102 seconds
[2026-08-21T23:07:34.263+0000] {processor.py:161} INFO - Started process (PID=2412) to work on /home/airflow/.local/lib/python3.8/site-packages/airflow/example_dags/example_external_task_marker_dag.py
[2026-08-21T23:07:34.266+0000] {processor.py:830} INFO - Processing file /home/airflow/.local/lib/python3.8/site-packages/airflow/example_dags/example_external_task_marker_dag.py for tasks to queue
[2026-08-21T23:07:34.269+0000] {logging_mixin.py:188} INFO - [2026-08-21T23:07:34.269+0000] {dagbag.py:540} INFO - Filling up the DagBag from /home/airflow/.local/lib/python3.8/site-packages/airflow/example_dags/example_external_task_marker_dag.py
[2026-08-21T23:07:34.281+0000] {processor.py:840} INFO - DAG(s) 'example_external_task_marker_parent', 'example_external_task_marker_child' retrieved from /home/airflow/.local/lib/python3.8/site-packages/airflow/example_dags/example_external_task_marker_dag.py
[2026-08-21T23:07:34.316+0000] {logging_mixin.py:188} INFO - [2026-08-21T23:07:34.315+0000] {dag.py:3047} INFO - Sync 2 DAGs
[2026-08-21T23:07:34.333+0000] {logging_mixin.py:188} INFO - [2026-08-21T23:07:34.332+0000] {dag.py:3834} INFO - Setting next_dagrun for example_external_task_marker_child to None, run_after=None
[2026-08-21T23:07:34.338+0000] {logging_mixin.py:188} INFO - [2026-08-21T23:07:34.337+0000] {dag.py:3834} INFO - Setting next_dagrun for example_external_task_marker_parent to None, run_after=None
[2026-08-21T23:07:34.363+0000] {processor.py:183} INFO - Processing /home/airflow/.local/lib/python3.8/site-packages/airflow/example_dags/example_external_task_marker_dag.py took 0.104 seconds
[2026-08-21T23:08:04.622+0000] {processor.py:161} INFO - Started process (PID=2471) to work on /home/airflow/.local/lib/python3.8/site-packages/airflow/example_dags/example_external_task_marker_dag.py
[2026-08-21T23:08:04.624+0000] {processor.py:830} INFO - Processing file /home/airflow/.local/lib/python3.8/site-packages/airflow/example_dags/example_external_task_marker_dag.py for tasks to queue
[2026-08-21T23:08:04.627+0000] {logging_mixin.py:188} INFO - [2026-08-21T23:08:04.627+0000] {dagbag.py:540} INFO - Filling up the DagBag from /home/airflow/.local/lib/python3.8/site-packages/airflow/example_dags/example_external_task_marker_dag.py
[2026-08-21T23:08:04.634+0000] {processor.py:840} INFO - DAG(s) 'example_external_task_marker_child', 'example_external_task_marker_parent' retrieved from /home/airflow/.local/lib/python3.8/site-packages/airflow/example_dags/example_external_task_marker_dag.py
[2026-08-21T23:08:04.668+0000] {logging_mixin.py:188} INFO - [2026-08-21T23:08:04.667+0000] {dag.py:3047} INFO - Sync 2 DAGs
[2026-08-21T23:08:04.687+0000] {logging_mixin.py:188} INFO - [2026-08-21T23:08:04.687+0000] {dag.py:3834} INFO - Setting next_dagrun for example_external_task_marker_child to None, run_after=None
[2026-08-21T23:08:04.695+0000] {logging_mixin.py:188} INFO - [2026-08-21T23:08:04.695+0000] {dag.py:3834} INFO - Setting next_dagrun for example_external_task_marker_parent to None, run_after=None
[2026-08-21T23:08:04.719+0000] {processor.py:183} INFO - Processing /home/airflow/.local/lib/python3.8/site-packages/airflow/example_dags/example_external_task_marker_dag.py took 0.100 seconds
