[2026-08-21T22:46:42.454+0000] {processor.py:161} INFO - Started process (PID=75) to work on /home/airflow/.local/lib/python3.8/site-packages/airflow/example_dags/example_task_group_decorator.py
[2026-08-21T22:46:42.455+0000] {processor.py:830} INFO - Processing file /home/airflow/.local/lib/python3.8/site-packages/airflow/example_dags/example_task_group_decorator.py for tasks to queue
[2026-08-21T22:46:42.458+0000] {logging_mixin.py:188} INFO - [2026-08-21T22:46:42.458+0000] {dagbag.py:540} INFO - Filling up the DagBag from /home/airflow/.local/lib/python3.8/site-packages/airflow/example_dags/example_task_group_decorator.py
[2026-08-21T22:46:42.485+0000] {processor.py:840} INFO - DAG(s) 'example_task_group_decorator' retrieved from /home/airflow/.local/lib/python3.8/site-packages/airflow/example_dags/example_task_group_decorator.py
[2026-08-21T22:46:42.507+0000] {logging_mixin.py:188} INFO - [2026-08-21T22:46:42.507+0000] {dag.py:3047} INFO - Sync 1 DAGs
[2026-08-21T22:46:42.547+0000] {logging_mixin.py:188} INFO - [2026-08-21T22:46:42.547+0000] {dag.py:3834} INFO - Setting next_dagrun for example_task_group_decorator to 2026-08-20 00:00:00+00:00, run_after=2026-08-21 00:00:00+00:00
[2026-08-21T22:46:42.579+0000] {processor.py:183} INFO - Processing /home/airflow/.local/lib/python3.8/site-packages/airflow/example_dags/example_task_group_decorator.py took 0.130 seconds
[2026-08-21T22:47:13.044+0000] {processor.py:161} INFO - Started process (PID=130) to work on /home/airflow/.local/lib/python3.8/site-packages/airflow/example_dags/example_task_group_decorator.py
[2026-08-21T22:47:13.047+0000] {processor.py:830} INFO - Processing file /home/airflow/.local/lib/python3.8/site-packages/airflow/example_dags/example_task_group_decorator.py for tasks to queue
[2026-08-21T22:47:13.052+0000] {logging_mixin.py:188} INFO - [2026-08-21T22:47:13.051+0000] {dagbag.py:540} INFO - Filling up the DagBag from /home/airflow/.local/lib/python3.8/site-packages/airflow/example_dags/example_task_group_decorator.py
[2026-08-21T22:47:13.081+0000] {processor.py:840} INFO - DAG(s) 'example_task_group_decorator' retrieved from /home/airflow/.local/lib/python3.8/site-packages/airflow/example_dags/example_task_group_decorator.py
[2026-08-21T22:47:13.212+0000] {logging_mixin.py:188} INFO - [2026-08-21T22:47:13.212+0000] {dag.py:3047} INFO - Sync 1 DAGs
[2026-08-21T22:47:13.234+0000] {logging_mixin.py:188} INFO - [2026-08-21T22:47:13.233+0000] {dag.py:3834} INFO - Setting next_dagrun for example_task_group_decorator to 2026-08-20 00:00:00+00:00, run_after=2026-08-21 00:00:00+00:00
[2026-08-21T22:47:13.255+0000] {processor.py:183} INFO - Processing /home/airflow/.local/lib/python3.8/site-packages/airflow/example_dags/example_task_group_decorator.py took 0.217 seconds
[2026-08-21T22:47:43.356+0000] {processor.py:161} INFO - Started process (PID=187) to work on /home/airflow/.local/lib/python3.8/site-packages/airflow/example_dags/example_task_group_decorator.py
[2026-08-21T22:47:43.359+0000] {processor.py:830} INFO - Processing file /home/airflow/.local/lib/python3.8/site-packages/airflow/example_dags/example_task_group_decorator.py for tasks to queue
[2026-08-21T22:47:43.362+0000] {logging_mixin.py:188} INFO - [2026-08-21T22:47:43.362+0000] {dagbag.py:540} INFO - Filling up the DagBag from /home/airflow/.local/lib/python3.8/site-packages/airflow/example_dags/example_task_group_decorator.py
[2026-08-21T22:47:43.383+0000] {processor.py:840} INFO - DAG(s) 'example_task_group_decorator' retrieved from /home/airflow/.local/lib/python3.8/site-packages/airflow/example_dags/example_task_group_decorator.py
[2026-08-21T22:47:43.422+0000] {logging_mixin.py:188} INFO - [2026-08-21T22:47:43.419+0000] {dag.py:3047} INFO - Sync 1 DAGs
[2026-08-21T22:47:43.452+0000] {logging_mixin.py:188} INFO - [2026-08-21T22:47:43.451+0000] {dag.py:3834} INFO - Setting next_dagrun for example_task_group_decorator to 2026-08-20 00:00:00+00:00, run_after=2026-08-21 00:00:00+00:00
[2026-08-21T22:47:43.481+0000] {processor.py:183} INFO - Processing /home/airflow/.local/lib/python3.8/site-packages/airflow/example_dags/example_task_group_decorator.py took 0.130 seconds
[2026-08-21T22:48:14.391+0000] {processor.py:161} INFO - Started process (PID=244) to work on /home/airflow/.local/lib/python3.8/site-packages/airflow/example_dags/example_task_group_decorator.py
[2026-08-21T22:48:14.393+0000] {processor.py:830} INFO - Processing file /home/airflow/.local/lib/python3.8/site-packages/airflow/example_dags/example_task_group_decorator.py for tasks to queue
[2026-08-21T22:48:14.395+0000] {logging_mixin.py:188} INFO - [2026-08-21T22:48:14.395+0000] {dagbag.py:540} INFO - Filling up the DagBag from /home/airflow/.local/lib/python3.8/site-packages/airflow/example_dags/example_task_group_decorator.py
[2026-08-21T22:48:14.409+0000] {processor.py:840} INFO - DAG(s) 'example_task_group_decorator' retrieved from /home/airflow/.local/lib/python3.8/site-packages/airflow/example_dags/example_task_group_decorator.py
[2026-08-21T22:48:14.435+0000] {logging_mixin.py:188} INFO - [2026-08-21T22:48:14.435+0000] {dag.py:3047} INFO - Sync 1 DAGs
[2026-08-21T22:48:14.457+0000] {logging_mixin.py:188} INFO - [2026-08-21T22:48:14.457+0000] {dag.py:3834} INFO - Setting next_dagrun for example_task_group_decorator to 2026-08-20 00:00:00+00:00, run_after=2026-08-21 00:00:00+00:00
[2026-08-21T22:48:14.477+0000] {processor.py:183} INFO - Processing /home/airflow/.local/lib/python3.8/site-packages/airflow/example_dags/example_task_group_decorator.py took 0.089 seconds
[2026-08-21T22:48:44.815+0000] {processor.py:161} INFO - Started process (PID=301) to work on /home/airflow/.local/lib/python3.8/site-packages/airflow/example_dags/example_task_group_decorator.py
[2026-08-21T22:48:44.818+0000] {processor.py:830} INFO - Processing file /home/airflow/.local/lib/python3.8/site-packages/airflow/example_dags/example_task_group_decorator.py for tasks to queue
[2026-08-21T22:48:44.821+0000] {logging_mixin.py:188} INFO - [2026-08-21T22:48:44.820+0000] {dagbag.py:540} INFO - Filling up the DagBag from /home/airflow/.local/lib/python3.8/site-packages/airflow/example_dags/example_task_group_decorator.py
[2026-08-21T22:48:44.841+0000] {processor.py:840} INFO - DAG(s) 'example_task_group_decorator' retrieved from /home/airflow/.local/lib/python3.8/site-packages/airflow/example_dags/example_task_group_decorator.py
[2026-08-21T22:48:44.869+0000] {logging_mixin.py:188} INFO - [2026-08-21T22:48:44.868+0000] {dag.py:3047} INFO - Sync 1 DAGs
[2026-08-21T22:48:44.891+0000] {logging_mixin.py:188} INFO - [2026-08-21T22:48:44.891+0000] {dag.py:3834} INFO - Setting next_dagrun for example_task_group_decorator to 2026-08-20 00:00:00+00:00, run_after=2026-08-21 00:00:00+00:00
[2026-08-21T22:48:44.910+0000] {processor.py:183} INFO - Processing /home/airflow/.local/lib/python3.8/site-packages/airflow/example_dags/example_task_group_decorator.py took 0.100 seconds
[2026-08-21T22:49:15.207+0000] {processor.py:161} INFO - Started process (PID=358) to work on /home/airflow/.local/lib/python3.8/site-packages/airflow/example_dags/example_task_group_decorator.py
[2026-08-21T22:49:15.210+0000] {processor.py:830} INFO - Processing file /home/airflow/.local/lib/python3.8/site-packages/airflow/example_dags/example_task_group_decorator.py for tasks to queue
[2026-08-21T22:49:15.216+0000] {logging_mixin.py:188} INFO - [2026-08-21T22:49:15.215+0000] {dagbag.py:540} INFO - Filling up the DagBag from /home/airflow/.local/lib/python3.8/site-packages/airflow/example_dags/example_task_group_decorator.py
[2026-08-21T22:49:15.247+0000] {processor.py:840} INFO - DAG(s) 'example_task_group_decorator' retrieved from /home/airflow/.local/lib/python3.8/site-packages/airflow/example_dags/example_task_group_decorator.py
[2026-08-21T22:49:15.276+0000] {logging_mixin.py:188} INFO - [2026-08-21T22:49:15.275+0000] {dag.py:3047} INFO - Sync 1 DAGs
[2026-08-21T22:49:15.303+0000] {logging_mixin.py:188} INFO - [2026-08-21T22:49:15.302+0000] {dag.py:3834} INFO - Setting next_dagrun for example_task_group_decorator to 2026-08-20 00:00:00+00:00, run_after=2026-08-21 00:00:00+00:00
[2026-08-21T22:49:15.325+0000] {processor.py:183} INFO - Processing /home/airflow/.local/lib/python3.8/site-packages/airflow/example_dags/example_task_group_decorator.py took 0.128 seconds
[2026-08-21T22:49:45.502+0000] {processor.py:161} INFO - Started process (PID=415) to work on /home/airflow/.local/lib/python3.8/site-packages/airflow/example_dags/example_task_group_decorator.py
[2026-08-21T22:49:45.504+0000] {processor.py:830} INFO - Processing file /home/airflow/.local/lib/python3.8/site-packages/airflow/example_dags/example_task_group_decorator.py for tasks to queue
[2026-08-21T22:49:45.506+0000] {logging_mixin.py:188} INFO - [2026-08-21T22:49:45.506+0000] {dagbag.py:540} INFO - Filling up the DagBag from /home/airflow/.local/lib/python3.8/site-packages/airflow/example_dags/example_task_group_decorator.py
[2026-08-21T22:49:45.520+0000] {processor.py:840} INFO - DAG(s) 'example_task_group_decorator' retrieved from /home/airflow/.local/lib/python3.8/site-packages/airflow/example_dags/example_task_group_decorator.py
[2026-08-21T22:49:45.548+0000] {logging_mixin.py:188} INFO - [2026-08-21T22:49:45.548+0000] {dag.py:3047} INFO - Sync 1 DAGs
[2026-08-21T22:49:45.573+0000] {logging_mixin.py:188} INFO - [2026-08-21T22:49:45.573+0000] {dag.py:3834} INFO - Setting next_dagrun for example_task_group_decorator to 2026-08-20 00:00:00+00:00, run_after=2026-08-21 00:00:00+00:00
[2026-08-21T22:49:45.594+0000] {processor.py:183} INFO - Processing /home/airflow/.local/lib/python3.8/site-packages/airflow/example_dags/example_task_group_decorator.py took 0.096 seconds
[2026-08-21T22:50:15.968+0000] {processor.py:161} INFO - Started process (PID=472) to work on /home/airflow/.local/lib/python3.8/site-packages/airflow/example_dags/example_task_group_decorator.py
[2026-08-21T22:50:15.970+0000] {processor.py:830} INFO - Processing file /home/airflow/.local/lib/python3.8/site-packages/airflow/example_dags/example_task_group_decorator.py for tasks to queue
[2026-08-21T22:50:15.972+0000] {logging_mixin.py:188} INFO - [2026-08-21T22:50:15.972+0000] {dagbag.py:540} INFO - Filling up the DagBag from /home/airflow/.local/lib/python3.8/site-packages/airflow/example_dags/example_task_group_decorator.py
[2026-08-21T22:50:15.988+0000] {processor.py:840} INFO - DAG(s) 'example_task_group_decorator' retrieved from /home/airflow/.local/lib/python3.8/site-packages/airflow/example_dags/example_task_group_decorator.py
[2026-08-21T22:50:16.016+0000] {logging_mixin.py:188} INFO - [2026-08-21T22:50:16.015+0000] {dag.py:3047} INFO - Sync 1 DAGs
[2026-08-21T22:50:16.036+0000] {logging_mixin.py:188} INFO - [2026-08-21T22:50:16.036+0000] {dag.py:3834} INFO - Setting next_dagrun for example_task_group_decorator to 2026-08-20 00:00:00+00:00, run_after=2026-08-21 00:00:00+00:00
[2026-08-21T22:50:16.056+0000] {processor.py:183} INFO - Processing /home/airflow/.local/lib/python3.8/site-packages/airflow/example_dags/example_task_group_decorator.py took 0.091 seconds
[2026-08-21T22:50:46.187+0000] {processor.py:161} INFO - Started process (PID=529) to work on /home/airflow/.local/lib/python3.8/site-packages/airflow/example_dags/example_task_group_decorator.py
[2026-08-21T22:50:46.190+0000] {processor.py:830} INFO - Processing file /home/airflow/.local/lib/python3.8/site-packages/airflow/example_dags/example_task_group_decorator.py for tasks to queue
[2026-08-21T22:50:46.194+0000] {logging_mixin.py:188} INFO - [2026-08-21T22:50:46.193+0000] {dagbag.py:540} INFO - Filling up the DagBag from /home/airflow/.local/lib/python3.8/site-packages/airflow/example_dags/example_task_group_decorator.py
[2026-08-21T22:50:46.210+0000] {processor.py:840} INFO - DAG(s) 'example_task_group_decorator' retrieved from /home/airflow/.local/lib/python3.8/site-packages/airflow/example_dags/example_task_group_decorator.py
[2026-08-21T22:50:46.238+0000] {logging_mixin.py:188} INFO - [2026-08-21T22:50:46.238+0000] {dag.py:3047} INFO - Sync 1 DAGs
[2026-08-21T22:50:46.261+0000] {logging_mixin.py:188} INFO - [2026-08-21T22:50:46.261+0000] {dag.py:3834} INFO - Setting next_dagrun for example_task_group_decorator to 2026-08-20 00:00:00+00:00, run_after=2026-08-21 00:00:00+00:00
[2026-08-21T22:50:46.283+0000] {processor.py:183} INFO - Processing /home/airflow/.local/lib/python3.8/site-packages/airflow/example_dags/example_task_group_decorator.py took 0.101 seconds
[2026-08-21T22:51:16.560+0000] {processor.py:161} INFO - Started process (PID=586) to work on /home/airflow/.local/lib/python3.8/site-packages/airflow/example_dags/example_task_group_decorator.py
[2026-08-21T22:51:16.562+0000] {processor.py:830} INFO - Processing file /home/airflow/.local/lib/python3.8/site-packages/airflow/example_dags/example_task_group_decorator.py for tasks to queue
[2026-08-21T22:51:16.565+0000] {logging_mixin.py:188} INFO - [2026-08-21T22:51:16.564+0000] {dagbag.py:540} INFO - Filling up the DagBag from /home/airflow/.local/lib/python3.8/site-packages/airflow/example_dags/example_task_group_decorator.py
[2026-08-21T22:51:16.582+0000] {processor.py:840} INFO - DAG(s) 'example_task_group_decorator' retrieved from /home/airflow/.local/lib/python3.8/site-packages/airflow/example_dags/example_task_group_decorator.py
[2026-08-21T22:51:16.612+0000] {logging_mixin.py:188} INFO - [2026-08-21T22:51:16.611+0000] {dag.py:3047} INFO - Sync 1 DAGs
[2026-08-21T22:51:16.637+0000] {logging_mixin.py:188} INFO - [2026-08-21T22:51:16.637+0000] {dag.py:3834} INFO - Setting next_dagrun for example_task_group_decorator to 2026-08-20 00:00:00+00:00, run_after=2026-08-21 00:00:00+00:00
[2026-08-21T22:51:16.661+0000] {processor.py:183} INFO - Processing /home/airflow/.local/lib/python3.8/site-packages/airflow/example_dags/example_task_group_decorator.py took 0.105 seconds
[2026-08-21T22:51:46.850+0000] {processor.py:161} INFO - Started process (PID=643) to work on /home/airflow/.local/lib/python3.8/site-packages/airflow/example_dags/example_task_group_decorator.py
[2026-08-21T22:51:46.852+0000] {processor.py:830} INFO - Processing file /home/airflow/.local/lib/python3.8/site-packages/airflow/example_dags/example_task_group_decorator.py for tasks to queue
[2026-08-21T22:51:46.855+0000] {logging_mixin.py:188} INFO - [2026-08-21T22:51:46.855+0000] {dagbag.py:540} INFO - Filling up the DagBag from /home/airflow/.local/lib/python3.8/site-packages/airflow/example_dags/example_task_group_decorator.py
[2026-08-21T22:51:46.873+0000] {processor.py:840} INFO - DAG(s) 'example_task_group_decorator' retrieved from /home/airflow/.local/lib/python3.8/site-packages/airflow/example_dags/example_task_group_decorator.py
[2026-08-21T22:51:46.901+0000] {logging_mixin.py:188} INFO - [2026-08-21T22:51:46.901+0000] {dag.py:3047} INFO - Sync 1 DAGs
[2026-08-21T22:51:46.925+0000] {logging_mixin.py:188} INFO - [2026-08-21T22:51:46.924+0000] {dag.py:3834} INFO - Setting next_dagrun for example_task_group_decorator to 2026-08-20 00:00:00+00:00, run_after=2026-08-21 00:00:00+00:00
[2026-08-21T22:51:46.948+0000] {processor.py:183} INFO - Processing /home/airflow/.local/lib/python3.8/site-packages/airflow/example_dags/example_task_group_decorator.py took 0.104 seconds
[2026-08-21T22:52:17.268+0000] {processor.py:161} INFO - Started process (PID=700) to work on /home/airflow/.local/lib/python3.8/site-packages/airflow/example_dags/example_task_group_decorator.py
[2026-08-21T22:52:17.270+0000] {processor.py:830} INFO - Processing file /home/airflow/.local/lib/python3.8/site-packages/airflow/example_dags/example_task_group_decorator.py for tasks to queue
[2026-08-21T22:52:17.273+0000] {logging_mixin.py:188} INFO - [2026-08-21T22:52:17.272+0000] {dagbag.py:540} INFO - Filling up the DagBag from /home/airflow/.local/lib/python3.8/site-packages/airflow/example_dags/example_task_group_decorator.py
[2026-08-21T22:52:17.288+0000] {processor.py:840} INFO - DAG(s) 'example_task_group_decorator' retrieved from /home/airflow/.local/lib/python3.8/site-packages/airflow/example_dags/example_task_group_decorator.py
[2026-08-21T22:52:17.319+0000] {logging_mixin.py:188} INFO - [2026-08-21T22:52:17.319+0000] {dag.py:3047} INFO - Sync 1 DAGs
[2026-08-21T22:52:17.343+0000] {logging_mixin.py:188} INFO - [2026-08-21T22:52:17.343+0000] {dag.py:3834} INFO - Setting next_dagrun for example_task_group_decorator to 2026-08-20 00:00:00+00:00, run_after=2026-08-21 00:00:00+00:00
[2026-08-21T22:52:17.366+0000] {processor.py:183} INFO - Processing /home/airflow/.local/lib/python3.8/site-packages/airflow/example_dags/example_task_group_decorator.py took 0.102 seconds
[2026-08-21T22:52:47.603+0000] {processor.py:161} INFO - Started process (PID=757) to work on /home/airflow/.local/lib/python3.8/site-packages/airflow/example_dags/example_task_group_decorator.py
[2026-08-21T22:52:47.605+0000] {processor.py:830} INFO - Processing file /home/airflow/.local/lib/python3.8/site-packages/airflow/example_dags/example_task_group_decorator.py for tasks to queue
[2026-08-21T22:52:47.608+0000] {logging_mixin.py:188} INFO - [2026-08-21T22:52:47.608+0000] {dagbag.py:540} INFO - Filling up the DagBag from /home/airflow/.local/lib/python3.8/site-packages/airflow/example_dags/example_task_group_decorator.py
[2026-08-21T22:52:47.641+0000] {processor.py:840} INFO - DAG(s) 'example_task_group_decorator' retrieved from /home/airflow/.local/lib/python3.8/site-packages/airflow/example_dags/example_task_group_decorator.py
[2026-08-21T22:52:47.676+0000] {logging_mixin.py:188} INFO - [2026-08-21T22:52:47.676+0000] {dag.py:3047} INFO - Sync 1 DAGs
[2026-08-21T22:52:47.701+0000] {logging_mixin.py:188} INFO - [2026-08-21T22:52:47.701+0000] {dag.py:3834} INFO - Setting next_dagrun for example_task_group_decorator to 2026-08-20 00:00:00+00:00, run_after=2026-08-21 00:00:00+00:00
[2026-08-21T22:52:47.721+0000] {processor.py:183} INFO - Processing /home/airflow/.local/lib/python3.8/site-packages/airflow/example_dags/example_task_group_decorator.py took 0.127 seconds
[2026-08-21T22:53:18.398+0000] {processor.py:161} INFO - Started process (PID=814) to work on /home/airflow/.local/lib/python3.8/site-packages/airflow/example_dags/example_task_group_decorator.py
[2026-08-21T22:53:18.400+0000] {processor.py:830} INFO - Processing file /home/airflow/.local/lib/python3.8/site-packages/airflow/example_dags/example_task_group_decorator.py for tasks to queue
[2026-08-21T22:53:18.403+0000] {logging_mixin.py:188} INFO - [2026-08-21T22:53:18.403+0000] {dagbag.py:540} INFO - Filling up the DagBag from /home/airflow/.local/lib/python3.8/site-packages/airflow/example_dags/example_task_group_decorator.py
[2026-08-21T22:53:18.432+0000] {processor.py:840} INFO - DAG(s) 'example_task_group_decorator' retrieved from /home/airflow/.local/lib/python3.8/site-packages/airflow/example_dags/example_task_group_decorator.py
[2026-08-21T22:53:18.477+0000] {logging_mixin.py:188} INFO - [2026-08-21T22:53:18.477+0000] {dag.py:3047} INFO - Sync 1 DAGs
[2026-08-21T22:53:18.518+0000] {logging_mixin.py:188} INFO - [2026-08-21T22:53:18.518+0000] {dag.py:3834} INFO - Setting next_dagrun for example_task_group_decorator to 2026-08-20 00:00:00+00:00, run_after=2026-08-21 00:00:00+00:00
[2026-08-21T22:53:18.633+0000] {processor.py:183} INFO - Processing /home/airflow/.local/lib/python3.8/site-packages/airflow/example_dags/example_task_group_decorator.py took 0.239 seconds
[2026-08-21T22:53:48.832+0000] {processor.py:161} INFO - Started process (PID=871) to work on /home/airflow/.local/lib/python3.8/site-packages/airflow/example_dags/example_task_group_decorator.py
[2026-08-21T22:53:48.834+0000] {processor.py:830} INFO - Processing file /home/airflow/.local/lib/python3.8/site-packages/airflow/example_dags/example_task_group_decorator.py for tasks to queue
[2026-08-21T22:53:48.836+0000] {logging_mixin.py:188} INFO - [2026-08-21T22:53:48.836+0000] {dagbag.py:540} INFO - Filling up the DagBag from /home/airflow/.local/lib/python3.8/site-packages/airflow/example_dags/example_task_group_decorator.py
[2026-08-21T22:53:48.852+0000] {processor.py:840} INFO - DAG(s) 'example_task_group_decorator' retrieved from /home/airflow/.local/lib/python3.8/site-packages/airflow/example_dags/example_task_group_decorator.py
[2026-08-21T22:53:48.881+0000] {logging_mixin.py:188} INFO - [2026-08-21T22:53:48.881+0000] {dag.py:3047} INFO - Sync 1 DAGs
[2026-08-21T22:53:48.904+0000] {logging_mixin.py:188} INFO - [2026-08-21T22:53:48.904+0000] {dag.py:3834} INFO - Setting next_dagrun for example_task_group_decorator to 2026-08-20 00:00:00+00:00, run_after=2026-08-21 00:00:00+00:00
[2026-08-21T22:53:48.929+0000] {processor.py:183} INFO - Processing /home/airflow/.local/lib/python3.8/site-packages/airflow/example_dags/example_task_group_decorator.py took 0.101 seconds
[2026-08-21T22:54:19.010+0000] {processor.py:161} INFO - Started process (PID=928) to work on /home/airflow/.local/lib/python3.8/site-packages/airflow/example_dags/example_task_group_decorator.py
[2026-08-21T22:54:19.012+0000] {processor.py:830} INFO - Processing file /home/airflow/.local/lib/python3.8/site-packages/airflow/example_dags/example_task_group_decorator.py for tasks to queue
[2026-08-21T22:54:19.015+0000] {logging_mixin.py:188} INFO - [2026-08-21T22:54:19.015+0000] {dagbag.py:540} INFO - Filling up the DagBag from /home/airflow/.local/lib/python3.8/site-packages/airflow/example_dags/example_task_group_decorator.py
[2026-08-21T22:54:19.033+0000] {processor.py:840} INFO - DAG(s) 'example_task_group_decorator' retrieved from /home/airflow/.local/lib/python3.8/site-packages/airflow/example_dags/example_task_group_decorator.py
[2026-08-21T22:54:19.063+0000] {logging_mixin.py:188} INFO - [2026-08-21T22:54:19.062+0000] {dag.py:3047} INFO - Sync 1 DAGs
[2026-08-21T22:54:19.090+0000] {logging_mixin.py:188} INFO - [2026-08-21T22:54:19.089+0000] {dag.py:3834} INFO - Setting next_dagrun for example_task_group_decorator to 2026-08-20 00:00:00+00:00, run_after=2026-08-21 00:00:00+00:00
[2026-08-21T22:54:19.114+0000] {processor.py:183} INFO - Processing /home/airflow/.local/lib/python3.8/site-packages/airflow/example_dags/example_task_group_decorator.py took 0.107 seconds
[2026-08-21T22:54:49.760+0000] {processor.py:161} INFO - Started process (PID=985) to work on /home/airflow/.local/lib/python3.8/site-packages/airflow/example_dags/example_task_group_decorator.py
[2026-08-21T22:54:49.762+0000] {processor.py:830} INFO - Processing file /home/airflow/.local/lib/python3.8/site-packages/airflow/example_dags/example_task_group_decorator.py for tasks to queue
[2026-08-21T22:54:49.765+0000] {logging_mixin.py:188} INFO - [2026-08-21T22:54:49.765+0000] {dagbag.py:540} INFO - Filling up the DagBag from /home/airflow/.local/lib/python3.8/site-packages/airflow/example_dags/example_task_group_decorator.py
[2026-08-21T22:54:49.791+0000] {processor.py:840} INFO - DAG(s) 'example_task_group_decorator' retrieved from /home/airflow/.local/lib/python3.8/site-packages/airflow/example_dags/example_task_group_decorator.py
[2026-08-21T22:54:49.824+0000] {logging_mixin.py:188} INFO - [2026-08-21T22:54:49.823+0000] {dag.py:3047} INFO - Sync 1 DAGs
[2026-08-21T22:54:49.849+0000] {logging_mixin.py:188} INFO - [2026-08-21T22:54:49.849+0000] {dag.py:3834} INFO - Setting next_dagrun for example_task_group_decorator to 2026-08-20 00:00:00+00:00, run_after=2026-08-21 00:00:00+00:00
[2026-08-21T22:54:49.875+0000] {processor.py:183} INFO - Processing /home/airflow/.local/lib/python3.8/site-packages/airflow/example_dags/example_task_group_decorator.py took 0.119 seconds
[2026-08-21T22:55:20.185+0000] {processor.py:161} INFO - Started process (PID=1042) to work on /home/airflow/.local/lib/python3.8/site-packages/airflow/example_dags/example_task_group_decorator.py
[2026-08-21T22:55:20.188+0000] {processor.py:830} INFO - Processing file /home/airflow/.local/lib/python3.8/site-packages/airflow/example_dags/example_task_group_decorator.py for tasks to queue
[2026-08-21T22:55:20.191+0000] {logging_mixin.py:188} INFO - [2026-08-21T22:55:20.190+0000] {dagbag.py:540} INFO - Filling up the DagBag from /home/airflow/.local/lib/python3.8/site-packages/airflow/example_dags/example_task_group_decorator.py
[2026-08-21T22:55:20.210+0000] {processor.py:840} INFO - DAG(s) 'example_task_group_decorator' retrieved from /home/airflow/.local/lib/python3.8/site-packages/airflow/example_dags/example_task_group_decorator.py
[2026-08-21T22:55:20.243+0000] {logging_mixin.py:188} INFO - [2026-08-21T22:55:20.242+0000] {dag.py:3047} INFO - Sync 1 DAGs
[2026-08-21T22:55:20.273+0000] {logging_mixin.py:188} INFO - [2026-08-21T22:55:20.273+0000] {dag.py:3834} INFO - Setting next_dagrun for example_task_group_decorator to 2026-08-20 00:00:00+00:00, run_after=2026-08-21 00:00:00+00:00
[2026-08-21T22:55:20.298+0000] {processor.py:183} INFO - Processing /home/airflow/.local/lib/python3.8/site-packages/airflow/example_dags/example_task_group_decorator.py took 0.118 seconds
[2026-08-21T22:55:50.487+0000] {processor.py:161} INFO - Started process (PID=1099) to work on /home/airflow/.local/lib/python3.8/site-packages/airflow/example_dags/example_task_group_decorator.py
[2026-08-21T22:55:50.489+0000] {processor.py:830} INFO - Processing file /home/airflow/.local/lib/python3.8/site-packages/airflow/example_dags/example_task_group_decorator.py for tasks to queue
[2026-08-21T22:55:50.492+0000] {logging_mixin.py:188} INFO - [2026-08-21T22:55:50.492+0000] {dagbag.py:540} INFO - Filling up the DagBag from /home/airflow/.local/lib/python3.8/site-packages/airflow/example_dags/example_task_group_decorator.py
[2026-08-21T22:55:50.515+0000] {processor.py:840} INFO - DAG(s) 'example_task_group_decorator' retrieved from /home/airflow/.local/lib/python3.8/site-packages/airflow/example_dags/example_task_group_decorator.py
[2026-08-21T22:55:50.544+0000] {logging_mixin.py:188} INFO - [2026-08-21T22:55:50.543+0000] {dag.py:3047} INFO - Sync 1 DAGs
[2026-08-21T22:55:50.572+0000] {logging_mixin.py:188} INFO - [2026-08-21T22:55:50.572+0000] {dag.py:3834} INFO - Setting next_dagrun for example_task_group_decorator to 2026-08-20 00:00:00+00:00, run_after=2026-08-21 00:00:00+00:00
[2026-08-21T22:55:50.596+0000] {processor.py:183} INFO - Processing /home/airflow/.local/lib/python3.8/site-packages/airflow/example_dags/example_task_group_decorator.py took 0.114 seconds
[2026-08-21T22:56:21.502+0000] {processor.py:161} INFO - Started process (PID=1156) to work on /home/airflow/.local/lib/python3.8/site-packages/airflow/example_dags/example_task_group_decorator.py
[2026-08-21T22:56:21.504+0000] {processor.py:830} INFO - Processing file /home/airflow/.local/lib/python3.8/site-packages/airflow/example_dags/example_task_group_decorator.py for tasks to queue
[2026-08-21T22:56:21.508+0000] {logging_mixin.py:188} INFO - [2026-08-21T22:56:21.507+0000] {dagbag.py:540} INFO - Filling up the DagBag from /home/airflow/.local/lib/python3.8/site-packages/airflow/example_dags/example_task_group_decorator.py
[2026-08-21T22:56:21.532+0000] {processor.py:840} INFO - DAG(s) 'example_task_group_decorator' retrieved from /home/airflow/.local/lib/python3.8/site-packages/airflow/example_dags/example_task_group_decorator.py
[2026-08-21T22:56:21.564+0000] {logging_mixin.py:188} INFO - [2026-08-21T22:56:21.563+0000] {dag.py:3047} INFO - Sync 1 DAGs
[2026-08-21T22:56:21.597+0000] {logging_mixin.py:188} INFO - [2026-08-21T22:56:21.597+0000] {dag.py:3834} INFO - Setting next_dagrun for example_task_group_decorator to 2026-08-20 00:00:00+00:00, run_after=2026-08-21 00:00:00+00:00
[2026-08-21T22:56:21.620+0000] {processor.py:183} INFO - Processing /home/airflow/.local/lib/python3.8/site-packages/airflow/example_dags/example_task_group_decorator.py took 0.123 seconds
[2026-08-21T22:56:51.978+0000] {processor.py:161} INFO - Started process (PID=1213) to work on /home/airflow/.local/lib/python3.8/site-packages/airflow/example_dags/example_task_group_decorator.py
[2026-08-21T22:56:51.980+0000] {processor.py:830} INFO - Processing file /home/airflow/.local/lib/python3.8/site-packages/airflow/example_dags/example_task_group_decorator.py for tasks to queue
[2026-08-21T22:56:51.983+0000] {logging_mixin.py:188} INFO - [2026-08-21T22:56:51.983+0000] {dagbag.py:540} INFO - Filling up the DagBag from /home/airflow/.local/lib/python3.8/site-packages/airflow/example_dags/example_task_group_decorator.py
[2026-08-21T22:56:52.003+0000] {processor.py:840} INFO - DAG(s) 'example_task_group_decorator' retrieved from /home/airflow/.local/lib/python3.8/site-packages/airflow/example_dags/example_task_group_decorator.py
[2026-08-21T22:56:52.031+0000] {logging_mixin.py:188} INFO - [2026-08-21T22:56:52.031+0000] {dag.py:3047} INFO - Sync 1 DAGs
[2026-08-21T22:56:52.055+0000] {logging_mixin.py:188} INFO - [2026-08-21T22:56:52.055+0000] {dag.py:3834} INFO - Setting next_dagrun for example_task_group_decorator to 2026-08-20 00:00:00+00:00, run_after=2026-08-21 00:00:00+00:00
[2026-08-21T22:56:52.080+0000] {processor.py:183} INFO - Processing /home/airflow/.local/lib/python3.8/site-packages/airflow/example_dags/example_task_group_decorator.py took 0.108 seconds
[2026-08-21T22:57:22.693+0000] {processor.py:161} INFO - Started process (PID=1270) to work on /home/airflow/.local/lib/python3.8/site-packages/airflow/example_dags/example_task_group_decorator.py
[2026-08-21T22:57:22.695+0000] {processor.py:830} INFO - Processing file /home/airflow/.local/lib/python3.8/site-packages/airflow/example_dags/example_task_group_decorator.py for tasks to queue
[2026-08-21T22:57:22.698+0000] {logging_mixin.py:188} INFO - [2026-08-21T22:57:22.697+0000] {dagbag.py:540} INFO - Filling up the DagBag from /home/airflow/.local/lib/python3.8/site-packages/airflow/example_dags/example_task_group_decorator.py
[2026-08-21T22:57:22.716+0000] {processor.py:840} INFO - DAG(s) 'example_task_group_decorator' retrieved from /home/airflow/.local/lib/python3.8/site-packages/airflow/example_dags/example_task_group_decorator.py
[2026-08-21T22:57:22.743+0000] {logging_mixin.py:188} INFO - [2026-08-21T22:57:22.743+0000] {dag.py:3047} INFO - Sync 1 DAGs
[2026-08-21T22:57:22.766+0000] {logging_mixin.py:188} INFO - [2026-08-21T22:57:22.766+0000] {dag.py:3834} INFO - Setting next_dagrun for example_task_group_decorator to 2026-08-20 00:00:00+00:00, run_after=2026-08-21 00:00:00+00:00
[2026-08-21T22:57:22.787+0000] {processor.py:183} INFO - Processing /home/airflow/.local/lib/python3.8/site-packages/airflow/example_dags/example_task_group_decorator.py took 0.097 seconds
[2026-08-21T22:57:53.223+0000] {processor.py:161} INFO - Started process (PID=1327) to work on /home/airflow/.local/lib/python3.8/site-packages/airflow/example_dags/example_task_group_decorator.py
[2026-08-21T22:57:53.225+0000] {processor.py:830} INFO - Processing file /home/airflow/.local/lib/python3.8/site-packages/airflow/example_dags/example_task_group_decorator.py for tasks to queue
[2026-08-21T22:57:53.229+0000] {logging_mixin.py:188} INFO - [2026-08-21T22:57:53.229+0000] {dagbag.py:540} INFO - Filling up the DagBag from /home/airflow/.local/lib/python3.8/site-packages/airflow/example_dags/example_task_group_decorator.py
[2026-08-21T22:57:53.250+0000] {processor.py:840} INFO - DAG(s) 'example_task_group_decorator' retrieved from /home/airflow/.local/lib/python3.8/site-packages/airflow/example_dags/example_task_group_decorator.py
[2026-08-21T22:57:53.283+0000] {logging_mixin.py:188} INFO - [2026-08-21T22:57:53.283+0000] {dag.py:3047} INFO - Sync 1 DAGs
[2026-08-21T22:57:53.315+0000] {logging_mixin.py:188} INFO - [2026-08-21T22:57:53.314+0000] {dag.py:3834} INFO - Setting next_dagrun for example_task_group_decorator to 2026-08-20 00:00:00+00:00, run_after=2026-08-21 00:00:00+00:00
[2026-08-21T22:57:53.344+0000] {processor.py:183} INFO - Processing /home/airflow/.local/lib/python3.8/site-packages/airflow/example_dags/example_task_group_decorator.py took 0.126 seconds
[2026-08-21T22:58:23.693+0000] {processor.py:161} INFO - Started process (PID=1384) to work on /home/airflow/.local/lib/python3.8/site-packages/airflow/example_dags/example_task_group_decorator.py
[2026-08-21T22:58:23.696+0000] {processor.py:830} INFO - Processing file /home/airflow/.local/lib/python3.8/site-packages/airflow/example_dags/example_task_group_decorator.py for tasks to queue
[2026-08-21T22:58:23.699+0000] {logging_mixin.py:188} INFO - [2026-08-21T22:58:23.698+0000] {dagbag.py:540} INFO - Filling up the DagBag from /home/airflow/.local/lib/python3.8/site-packages/airflow/example_dags/example_task_group_decorator.py
[2026-08-21T22:58:23.721+0000] {processor.py:840} INFO - DAG(s) 'example_task_group_decorator' retrieved from /home/airflow/.local/lib/python3.8/site-packages/airflow/example_dags/example_task_group_decorator.py
[2026-08-21T22:58:23.756+0000] {logging_mixin.py:188} INFO - [2026-08-21T22:58:23.756+0000] {dag.py:3047} INFO - Sync 1 DAGs
[2026-08-21T22:58:23.790+0000] {logging_mixin.py:188} INFO - [2026-08-21T22:58:23.789+0000] {dag.py:3834} INFO - Setting next_dagrun for example_task_group_decorator to 2026-08-20 00:00:00+00:00, run_after=2026-08-21 00:00:00+00:00
[2026-08-21T22:58:23.946+0000] {processor.py:183} INFO - Processing /home/airflow/.local/lib/python3.8/site-packages/airflow/example_dags/example_task_group_decorator.py took 0.258 seconds
[2026-08-21T22:58:54.148+0000] {processor.py:161} INFO - Started process (PID=1441) to work on /home/airflow/.local/lib/python3.8/site-packages/airflow/example_dags/example_task_group_decorator.py
[2026-08-21T22:58:54.150+0000] {processor.py:830} INFO - Processing file /home/airflow/.local/lib/python3.8/site-packages/airflow/example_dags/example_task_group_decorator.py for tasks to queue
[2026-08-21T22:58:54.153+0000] {logging_mixin.py:188} INFO - [2026-08-21T22:58:54.153+0000] {dagbag.py:540} INFO - Filling up the DagBag from /home/airflow/.local/lib/python3.8/site-packages/airflow/example_dags/example_task_group_decorator.py
[2026-08-21T22:58:54.170+0000] {processor.py:840} INFO - DAG(s) 'example_task_group_decorator' retrieved from /home/airflow/.local/lib/python3.8/site-packages/airflow/example_dags/example_task_group_decorator.py
[2026-08-21T22:58:54.199+0000] {logging_mixin.py:188} INFO - [2026-08-21T22:58:54.199+0000] {dag.py:3047} INFO - Sync 1 DAGs
[2026-08-21T22:58:54.222+0000] {logging_mixin.py:188} INFO - [2026-08-21T22:58:54.222+0000] {dag.py:3834} INFO - Setting next_dagrun for example_task_group_decorator to 2026-08-20 00:00:00+00:00, run_after=2026-08-21 00:00:00+00:00
[2026-08-21T22:58:54.244+0000] {processor.py:183} INFO - Processing /home/airflow/.local/lib/python3.8/site-packages/airflow/example_dags/example_task_group_decorator.py took 0.099 seconds
[2026-08-21T22:59:24.582+0000] {processor.py:161} INFO - Started process (PID=1498) to work on /home/airflow/.local/lib/python3.8/site-packages/airflow/example_dags/example_task_group_decorator.py
[2026-08-21T22:59:24.584+0000] {processor.py:830} INFO - Processing file /home/airflow/.local/lib/python3.8/site-packages/airflow/example_dags/example_task_group_decorator.py for tasks to queue
[2026-08-21T22:59:24.587+0000] {logging_mixin.py:188} INFO - [2026-08-21T22:59:24.586+0000] {dagbag.py:540} INFO - Filling up the DagBag from /home/airflow/.local/lib/python3.8/site-packages/airflow/example_dags/example_task_group_decorator.py
[2026-08-21T22:59:24.604+0000] {processor.py:840} INFO - DAG(s) 'example_task_group_decorator' retrieved from /home/airflow/.local/lib/python3.8/site-packages/airflow/example_dags/example_task_group_decorator.py
[2026-08-21T22:59:24.640+0000] {logging_mixin.py:188} INFO - [2026-08-21T22:59:24.640+0000] {dag.py:3047} INFO - Sync 1 DAGs
[2026-08-21T22:59:24.671+0000] {logging_mixin.py:188} INFO - [2026-08-21T22:59:24.671+0000] {dag.py:3834} INFO - Setting next_dagrun for example_task_group_decorator to 2026-08-20 00:00:00+00:00, run_after=2026-08-21 00:00:00+00:00
[2026-08-21T22:59:24.695+0000] {processor.py:183} INFO - Processing /home/airflow/.local/lib/python3.8/site-packages/airflow/example_dags/example_task_group_decorator.py took 0.117 seconds
[2026-08-21T22:59:55.030+0000] {processor.py:161} INFO - Started process (PID=1555) to work on /home/airflow/.local/lib/python3.8/site-packages/airflow/example_dags/example_task_group_decorator.py
[2026-08-21T22:59:55.033+0000] {processor.py:830} INFO - Processing file /home/airflow/.local/lib/python3.8/site-packages/airflow/example_dags/example_task_group_decorator.py for tasks to queue
[2026-08-21T22:59:55.035+0000] {logging_mixin.py:188} INFO - [2026-08-21T22:59:55.035+0000] {dagbag.py:540} INFO - Filling up the DagBag from /home/airflow/.local/lib/python3.8/site-packages/airflow/example_dags/example_task_group_decorator.py
[2026-08-21T22:59:55.054+0000] {processor.py:840} INFO - DAG(s) 'example_task_group_decorator' retrieved from /home/airflow/.local/lib/python3.8/site-packages/airflow/example_dags/example_task_group_decorator.py
[2026-08-21T22:59:55.085+0000] {logging_mixin.py:188} INFO - [2026-08-21T22:59:55.085+0000] {dag.py:3047} INFO - Sync 1 DAGs
[2026-08-21T22:59:55.112+0000] {logging_mixin.py:188} INFO - [2026-08-21T22:59:55.111+0000] {dag.py:3834} INFO - Setting next_dagrun for example_task_group_decorator to 2026-08-20 00:00:00+00:00, run_after=2026-08-21 00:00:00+00:00
[2026-08-21T22:59:55.138+0000] {processor.py:183} INFO - Processing /home/airflow/.local/lib/python3.8/site-packages/airflow/example_dags/example_task_group_decorator.py took 0.112 seconds
[2026-08-21T23:00:25.402+0000] {processor.py:161} INFO - Started process (PID=1612) to work on /home/airflow/.local/lib/python3.8/site-packages/airflow/example_dags/example_task_group_decorator.py
[2026-08-21T23:00:25.404+0000] {processor.py:830} INFO - Processing file /home/airflow/.local/lib/python3.8/site-packages/airflow/example_dags/example_task_group_decorator.py for tasks to queue
[2026-08-21T23:00:25.407+0000] {logging_mixin.py:188} INFO - [2026-08-21T23:00:25.406+0000] {dagbag.py:540} INFO - Filling up the DagBag from /home/airflow/.local/lib/python3.8/site-packages/airflow/example_dags/example_task_group_decorator.py
[2026-08-21T23:00:25.424+0000] {processor.py:840} INFO - DAG(s) 'example_task_group_decorator' retrieved from /home/airflow/.local/lib/python3.8/site-packages/airflow/example_dags/example_task_group_decorator.py
[2026-08-21T23:00:25.461+0000] {logging_mixin.py:188} INFO - [2026-08-21T23:00:25.460+0000] {dag.py:3047} INFO - Sync 1 DAGs
[2026-08-21T23:00:25.489+0000] {logging_mixin.py:188} INFO - [2026-08-21T23:00:25.488+0000] {dag.py:3834} INFO - Setting next_dagrun for example_task_group_decorator to 2026-08-20 00:00:00+00:00, run_after=2026-08-21 00:00:00+00:00
[2026-08-21T23:00:25.518+0000] {processor.py:183} INFO - Processing /home/airflow/.local/lib/python3.8/site-packages/airflow/example_dags/example_task_group_decorator.py took 0.119 seconds
[2026-08-21T23:00:56.315+0000] {processor.py:161} INFO - Started process (PID=1669) to work on /home/airflow/.local/lib/python3.8/site-packages/airflow/example_dags/example_task_group_decorator.py
[2026-08-21T23:00:56.316+0000] {processor.py:830} INFO - Processing file /home/airflow/.local/lib/python3.8/site-packages/airflow/example_dags/example_task_group_decorator.py for tasks to queue
[2026-08-21T23:00:56.319+0000] {logging_mixin.py:188} INFO - [2026-08-21T23:00:56.319+0000] {dagbag.py:540} INFO - Filling up the DagBag from /home/airflow/.local/lib/python3.8/site-packages/airflow/example_dags/example_task_group_decorator.py
[2026-08-21T23:00:56.342+0000] {processor.py:840} INFO - DAG(s) 'example_task_group_decorator' retrieved from /home/airflow/.local/lib/python3.8/site-packages/airflow/example_dags/example_task_group_decorator.py
[2026-08-21T23:00:56.370+0000] {logging_mixin.py:188} INFO - [2026-08-21T23:00:56.369+0000] {dag.py:3047} INFO - Sync 1 DAGs
[2026-08-21T23:00:56.394+0000] {logging_mixin.py:188} INFO - [2026-08-21T23:00:56.393+0000] {dag.py:3834} INFO - Setting next_dagrun for example_task_group_decorator to 2026-08-20 00:00:00+00:00, run_after=2026-08-21 00:00:00+00:00
[2026-08-21T23:00:56.415+0000] {processor.py:183} INFO - Processing /home/airflow/.local/lib/python3.8/site-packages/airflow/example_dags/example_task_group_decorator.py took 0.104 seconds
[2026-08-21T23:01:27.284+0000] {processor.py:161} INFO - Started process (PID=1726) to work on /home/airflow/.local/lib/python3.8/site-packages/airflow/example_dags/example_task_group_decorator.py
[2026-08-21T23:01:27.286+0000] {processor.py:830} INFO - Processing file /home/airflow/.local/lib/python3.8/site-packages/airflow/example_dags/example_task_group_decorator.py for tasks to queue
[2026-08-21T23:01:27.290+0000] {logging_mixin.py:188} INFO - [2026-08-21T23:01:27.289+0000] {dagbag.py:540} INFO - Filling up the DagBag from /home/airflow/.local/lib/python3.8/site-packages/airflow/example_dags/example_task_group_decorator.py
[2026-08-21T23:01:27.313+0000] {processor.py:840} INFO - DAG(s) 'example_task_group_decorator' retrieved from /home/airflow/.local/lib/python3.8/site-packages/airflow/example_dags/example_task_group_decorator.py
[2026-08-21T23:01:27.346+0000] {logging_mixin.py:188} INFO - [2026-08-21T23:01:27.346+0000] {dag.py:3047} INFO - Sync 1 DAGs
[2026-08-21T23:01:27.374+0000] {logging_mixin.py:188} INFO - [2026-08-21T23:01:27.374+0000] {dag.py:3834} INFO - Setting next_dagrun for example_task_group_decorator to 2026-08-20 00:00:00+00:00, run_after=2026-08-21 00:00:00+00:00
[2026-08-21T23:01:27.399+0000] {processor.py:183} INFO - Processing /home/airflow/.local/lib/python3.8/site-packages/airflow/example_dags/example_task_group_decorator.py took 0.120 seconds
[2026-08-21T23:01:57.838+0000] {processor.py:161} INFO - Started process (PID=1783) to work on /home/airflow/.local/lib/python3.8/site-packages/airflow/example_dags/example_task_group_decorator.py
[2026-08-21T23:01:57.840+0000] {processor.py:830} INFO - Processing file /home/airflow/.local/lib/python3.8/site-packages/airflow/example_dags/example_task_group_decorator.py for tasks to queue
[2026-08-21T23:01:57.843+0000] {logging_mixin.py:188} INFO - [2026-08-21T23:01:57.842+0000] {dagbag.py:540} INFO - Filling up the DagBag from /home/airflow/.local/lib/python3.8/site-packages/airflow/example_dags/example_task_group_decorator.py
[2026-08-21T23:01:57.881+0000] {processor.py:840} INFO - DAG(s) 'example_task_group_decorator' retrieved from /home/airflow/.local/lib/python3.8/site-packages/airflow/example_dags/example_task_group_decorator.py
[2026-08-21T23:01:57.913+0000] {logging_mixin.py:188} INFO - [2026-08-21T23:01:57.913+0000] {dag.py:3047} INFO - Sync 1 DAGs
[2026-08-21T23:01:57.939+0000] {logging_mixin.py:188} INFO - [2026-08-21T23:01:57.939+0000] {dag.py:3834} INFO - Setting next_dagrun for example_task_group_decorator to 2026-08-20 00:00:00+00:00, run_after=2026-08-21 00:00:00+00:00
[2026-08-21T23:01:57.964+0000] {processor.py:183} INFO - Processing /home/airflow/.local/lib/python3.8/site-packages/airflow/example_dags/example_task_group_decorator.py took 0.130 seconds
[2026-08-21T23:02:28.060+0000] {processor.py:161} INFO - Started process (PID=1840) to work on /home/airflow/.local/lib/python3.8/site-packages/airflow/example_dags/example_task_group_decorator.py
[2026-08-21T23:02:28.062+0000] {processor.py:830} INFO - Processing file /home/airflow/.local/lib/python3.8/site-packages/airflow/example_dags/example_task_group_decorator.py for tasks to queue
[2026-08-21T23:02:28.065+0000] {logging_mixin.py:188} INFO - [2026-08-21T23:02:28.065+0000] {dagbag.py:540} INFO - Filling up the DagBag from /home/airflow/.local/lib/python3.8/site-packages/airflow/example_dags/example_task_group_decorator.py
[2026-08-21T23:02:28.085+0000] {processor.py:840} INFO - DAG(s) 'example_task_group_decorator' retrieved from /home/airflow/.local/lib/python3.8/site-packages/airflow/example_dags/example_task_group_decorator.py
[2026-08-21T23:02:28.116+0000] {logging_mixin.py:188} INFO - [2026-08-21T23:02:28.116+0000] {dag.py:3047} INFO - Sync 1 DAGs
[2026-08-21T23:02:28.142+0000] {logging_mixin.py:188} INFO - [2026-08-21T23:02:28.142+0000] {dag.py:3834} INFO - Setting next_dagrun for example_task_group_decorator to 2026-08-20 00:00:00+00:00, run_after=2026-08-21 00:00:00+00:00
[2026-08-21T23:02:28.167+0000] {processor.py:183} INFO - Processing /home/airflow/.local/lib/python3.8/site-packages/airflow/example_dags/example_task_group_decorator.py took 0.111 seconds
[2026-08-21T23:02:58.535+0000] {processor.py:161} INFO - Started process (PID=1897) to work on /home/airflow/.local/lib/python3.8/site-packages/airflow/example_dags/example_task_group_decorator.py
[2026-08-21T23:02:58.537+0000] {processor.py:830} INFO - Processing file /home/airflow/.local/lib/python3.8/site-packages/airflow/example_dags/example_task_group_decorator.py for tasks to queue
[2026-08-21T23:02:58.541+0000] {logging_mixin.py:188} INFO - [2026-08-21T23:02:58.541+0000] {dagbag.py:540} INFO - Filling up the DagBag from /home/airflow/.local/lib/python3.8/site-packages/airflow/example_dags/example_task_group_decorator.py
[2026-08-21T23:02:58.566+0000] {processor.py:840} INFO - DAG(s) 'example_task_group_decorator' retrieved from /home/airflow/.local/lib/python3.8/site-packages/airflow/example_dags/example_task_group_decorator.py
[2026-08-21T23:02:58.604+0000] {logging_mixin.py:188} INFO - [2026-08-21T23:02:58.604+0000] {dag.py:3047} INFO - Sync 1 DAGs
[2026-08-21T23:02:58.640+0000] {logging_mixin.py:188} INFO - [2026-08-21T23:02:58.639+0000] {dag.py:3834} INFO - Setting next_dagrun for example_task_group_decorator to 2026-08-20 00:00:00+00:00, run_after=2026-08-21 00:00:00+00:00
[2026-08-21T23:02:58.675+0000] {processor.py:183} INFO - Processing /home/airflow/.local/lib/python3.8/site-packages/airflow/example_dags/example_task_group_decorator.py took 0.146 seconds
[2026-08-21T23:03:29.089+0000] {processor.py:161} INFO - Started process (PID=1954) to work on /home/airflow/.local/lib/python3.8/site-packages/airflow/example_dags/example_task_group_decorator.py
[2026-08-21T23:03:29.091+0000] {processor.py:830} INFO - Processing file /home/airflow/.local/lib/python3.8/site-packages/airflow/example_dags/example_task_group_decorator.py for tasks to queue
[2026-08-21T23:03:29.094+0000] {logging_mixin.py:188} INFO - [2026-08-21T23:03:29.094+0000] {dagbag.py:540} INFO - Filling up the DagBag from /home/airflow/.local/lib/python3.8/site-packages/airflow/example_dags/example_task_group_decorator.py
[2026-08-21T23:03:29.112+0000] {processor.py:840} INFO - DAG(s) 'example_task_group_decorator' retrieved from /home/airflow/.local/lib/python3.8/site-packages/airflow/example_dags/example_task_group_decorator.py
[2026-08-21T23:03:29.147+0000] {logging_mixin.py:188} INFO - [2026-08-21T23:03:29.146+0000] {dag.py:3047} INFO - Sync 1 DAGs
[2026-08-21T23:03:29.172+0000] {logging_mixin.py:188} INFO - [2026-08-21T23:03:29.172+0000] {dag.py:3834} INFO - Setting next_dagrun for example_task_group_decorator to 2026-08-20 00:00:00+00:00, run_after=2026-08-21 00:00:00+00:00
[2026-08-21T23:03:29.198+0000] {processor.py:183} INFO - Processing /home/airflow/.local/lib/python3.8/site-packages/airflow/example_dags/example_task_group_decorator.py took 0.114 seconds
[2026-08-21T23:03:59.456+0000] {processor.py:161} INFO - Started process (PID=2011) to work on /home/airflow/.local/lib/python3.8/site-packages/airflow/example_dags/example_task_group_decorator.py
[2026-08-21T23:03:59.457+0000] {processor.py:830} INFO - Processing file /home/airflow/.local/lib/python3.8/site-packages/airflow/example_dags/example_task_group_decorator.py for tasks to queue
[2026-08-21T23:03:59.462+0000] {logging_mixin.py:188} INFO - [2026-08-21T23:03:59.461+0000] {dagbag.py:540} INFO - Filling up the DagBag from /home/airflow/.local/lib/python3.8/site-packages/airflow/example_dags/example_task_group_decorator.py
[2026-08-21T23:03:59.479+0000] {processor.py:840} INFO - DAG(s) 'example_task_group_decorator' retrieved from /home/airflow/.local/lib/python3.8/site-packages/airflow/example_dags/example_task_group_decorator.py
[2026-08-21T23:03:59.513+0000] {logging_mixin.py:188} INFO - [2026-08-21T23:03:59.512+0000] {dag.py:3047} INFO - Sync 1 DAGs
[2026-08-21T23:03:59.543+0000] {logging_mixin.py:188} INFO - [2026-08-21T23:03:59.542+0000] {dag.py:3834} INFO - Setting next_dagrun for example_task_group_decorator to 2026-08-20 00:00:00+00:00, run_after=2026-08-21 00:00:00+00:00
[2026-08-21T23:03:59.572+0000] {processor.py:183} INFO - Processing /home/airflow/.local/lib/python3.8/site-packages/airflow/example_dags/example_task_group_decorator.py took 0.120 seconds
[2026-08-21T23:04:30.193+0000] {processor.py:161} INFO - Started process (PID=2068) to work on /home/airflow/.local/lib/python3.8/site-packages/airflow/example_dags/example_task_group_decorator.py
[2026-08-21T23:04:30.202+0000] {processor.py:830} INFO - Processing file /home/airflow/.local/lib/python3.8/site-packages/airflow/example_dags/example_task_group_decorator.py for tasks to queue
[2026-08-21T23:04:30.230+0000] {logging_mixin.py:188} INFO - [2026-08-21T23:04:30.229+0000] {dagbag.py:540} INFO - Filling up the DagBag from /home/airflow/.local/lib/python3.8/site-packages/airflow/example_dags/example_task_group_decorator.py
[2026-08-21T23:04:30.255+0000] {processor.py:840} INFO - DAG(s) 'example_task_group_decorator' retrieved from /home/airflow/.local/lib/python3.8/site-packages/airflow/example_dags/example_task_group_decorator.py
[2026-08-21T23:04:30.294+0000] {logging_mixin.py:188} INFO - [2026-08-21T23:04:30.294+0000] {dag.py:3047} INFO - Sync 1 DAGs
[2026-08-21T23:04:30.340+0000] {logging_mixin.py:188} INFO - [2026-08-21T23:04:30.339+0000] {dag.py:3834} INFO - Setting next_dagrun for example_task_group_decorator to 2026-08-20 00:00:00+00:00, run_after=2026-08-21 00:00:00+00:00
[2026-08-21T23:04:30.374+0000] {processor.py:183} INFO - Processing /home/airflow/.local/lib/python3.8/site-packages/airflow/example_dags/example_task_group_decorator.py took 0.190 seconds
[2026-08-21T23:05:00.590+0000] {processor.py:161} INFO - Started process (PID=2125) to work on /home/airflow/.local/lib/python3.8/site-packages/airflow/example_dags/example_task_group_decorator.py
[2026-08-21T23:05:00.592+0000] {processor.py:830} INFO - Processing file /home/airflow/.local/lib/python3.8/site-packages/airflow/example_dags/example_task_group_decorator.py for tasks to queue
[2026-08-21T23:05:00.594+0000] {logging_mixin.py:188} INFO - [2026-08-21T23:05:00.594+0000] {dagbag.py:540} INFO - Filling up the DagBag from /home/airflow/.local/lib/python3.8/site-packages/airflow/example_dags/example_task_group_decorator.py
[2026-08-21T23:05:00.615+0000] {processor.py:840} INFO - DAG(s) 'example_task_group_decorator' retrieved from /home/airflow/.local/lib/python3.8/site-packages/airflow/example_dags/example_task_group_decorator.py
[2026-08-21T23:05:00.645+0000] {logging_mixin.py:188} INFO - [2026-08-21T23:05:00.645+0000] {dag.py:3047} INFO - Sync 1 DAGs
[2026-08-21T23:05:00.670+0000] {logging_mixin.py:188} INFO - [2026-08-21T23:05:00.669+0000] {dag.py:3834} INFO - Setting next_dagrun for example_task_group_decorator to 2026-08-20 00:00:00+00:00, run_after=2026-08-21 00:00:00+00:00
[2026-08-21T23:05:00.695+0000] {processor.py:183} INFO - Processing /home/airflow/.local/lib/python3.8/site-packages/airflow/example_dags/example_task_group_decorator.py took 0.110 seconds
[2026-08-21T23:05:30.834+0000] {processor.py:161} INFO - Started process (PID=2182) to work on /home/airflow/.local/lib/python3.8/site-packages/airflow/example_dags/example_task_group_decorator.py
[2026-08-21T23:05:30.835+0000] {processor.py:830} INFO - Processing file /home/airflow/.local/lib/python3.8/site-packages/airflow/example_dags/example_task_group_decorator.py for tasks to queue
[2026-08-21T23:05:30.838+0000] {logging_mixin.py:188} INFO - [2026-08-21T23:05:30.838+0000] {dagbag.py:540} INFO - Filling up the DagBag from /home/airflow/.local/lib/python3.8/site-packages/airflow/example_dags/example_task_group_decorator.py
[2026-08-21T23:05:30.854+0000] {processor.py:840} INFO - DAG(s) 'example_task_group_decorator' retrieved from /home/airflow/.local/lib/python3.8/site-packages/airflow/example_dags/example_task_group_decorator.py
[2026-08-21T23:05:30.883+0000] {logging_mixin.py:188} INFO - [2026-08-21T23:05:30.882+0000] {dag.py:3047} INFO - Sync 1 DAGs
[2026-08-21T23:05:30.912+0000] {logging_mixin.py:188} INFO - [2026-08-21T23:05:30.912+0000] {dag.py:3834} INFO - Setting next_dagrun for example_task_group_decorator to 2026-08-20 00:00:00+00:00, run_after=2026-08-21 00:00:00+00:00
[2026-08-21T23:05:30.936+0000] {processor.py:183} INFO - Processing /home/airflow/.local/lib/python3.8/site-packages/airflow/example_dags/example_task_group_decorator.py took 0.105 seconds
[2026-08-21T23:06:01.300+0000] {processor.py:161} INFO - Started process (PID=2239) to work on /home/airflow/.local/lib/python3.8/site-packages/airflow/example_dags/example_task_group_decorator.py
[2026-08-21T23:06:01.302+0000] {processor.py:830} INFO - Processing file /home/airflow/.local/lib/python3.8/site-packages/airflow/example_dags/example_task_group_decorator.py for tasks to queue
[2026-08-21T23:06:01.306+0000] {logging_mixin.py:188} INFO - [2026-08-21T23:06:01.305+0000] {dagbag.py:540} INFO - Filling up the DagBag from /home/airflow/.local/lib/python3.8/site-packages/airflow/example_dags/example_task_group_decorator.py
[2026-08-21T23:06:01.323+0000] {processor.py:840} INFO - DAG(s) 'example_task_group_decorator' retrieved from /home/airflow/.local/lib/python3.8/site-packages/airflow/example_dags/example_task_group_decorator.py
[2026-08-21T23:06:01.353+0000] {logging_mixin.py:188} INFO - [2026-08-21T23:06:01.353+0000] {dag.py:3047} INFO - Sync 1 DAGs
[2026-08-21T23:06:01.380+0000] {logging_mixin.py:188} INFO - [2026-08-21T23:06:01.379+0000] {dag.py:3834} INFO - Setting next_dagrun for example_task_group_decorator to 2026-08-20 00:00:00+00:00, run_after=2026-08-21 00:00:00+00:00
[2026-08-21T23:06:01.405+0000] {processor.py:183} INFO - Processing /home/airflow/.local/lib/python3.8/site-packages/airflow/example_dags/example_task_group_decorator.py took 0.110 seconds
[2026-08-21T23:06:32.127+0000] {processor.py:161} INFO - Started process (PID=2296) to work on /home/airflow/.local/lib/python3.8/site-packages/airflow/example_dags/example_task_group_decorator.py
[2026-08-21T23:06:32.129+0000] {processor.py:830} INFO - Processing file /home/airflow/.local/lib/python3.8/site-packages/airflow/example_dags/example_task_group_decorator.py for tasks to queue
[2026-08-21T23:06:32.132+0000] {logging_mixin.py:188} INFO - [2026-08-21T23:06:32.132+0000] {dagbag.py:540} INFO - Filling up the DagBag from /home/airflow/.local/lib/python3.8/site-packages/airflow/example_dags/example_task_group_decorator.py
[2026-08-21T23:06:32.153+0000] {processor.py:840} INFO - DAG(s) 'example_task_group_decorator' retrieved from /home/airflow/.local/lib/python3.8/site-packages/airflow/example_dags/example_task_group_decorator.py
[2026-08-21T23:06:32.185+0000] {logging_mixin.py:188} INFO - [2026-08-21T23:06:32.185+0000] {dag.py:3047} INFO - Sync 1 DAGs
[2026-08-21T23:06:32.211+0000] {logging_mixin.py:188} INFO - [2026-08-21T23:06:32.210+0000] {dag.py:3834} INFO - Setting next_dagrun for example_task_group_decorator to 2026-08-20 00:00:00+00:00, run_after=2026-08-21 00:00:00+00:00
[2026-08-21T23:06:32.237+0000] {processor.py:183} INFO - Processing /home/airflow/.local/lib/python3.8/site-packages/airflow/example_dags/example_task_group_decorator.py took 0.114 seconds
[2026-08-21T23:07:02.559+0000] {processor.py:161} INFO - Started process (PID=2353) to work on /home/airflow/.local/lib/python3.8/site-packages/airflow/example_dags/example_task_group_decorator.py
[2026-08-21T23:07:02.562+0000] {processor.py:830} INFO - Processing file /home/airflow/.local/lib/python3.8/site-packages/airflow/example_dags/example_task_group_decorator.py for tasks to queue
[2026-08-21T23:07:02.567+0000] {logging_mixin.py:188} INFO - [2026-08-21T23:07:02.566+0000] {dagbag.py:540} INFO - Filling up the DagBag from /home/airflow/.local/lib/python3.8/site-packages/airflow/example_dags/example_task_group_decorator.py
[2026-08-21T23:07:02.588+0000] {processor.py:840} INFO - DAG(s) 'example_task_group_decorator' retrieved from /home/airflow/.local/lib/python3.8/site-packages/airflow/example_dags/example_task_group_decorator.py
[2026-08-21T23:07:02.620+0000] {logging_mixin.py:188} INFO - [2026-08-21T23:07:02.619+0000] {dag.py:3047} INFO - Sync 1 DAGs
[2026-08-21T23:07:02.643+0000] {logging_mixin.py:188} INFO - [2026-08-21T23:07:02.643+0000] {dag.py:3834} INFO - Setting next_dagrun for example_task_group_decorator to 2026-08-20 00:00:00+00:00, run_after=2026-08-21 00:00:00+00:00
[2026-08-21T23:07:02.670+0000] {processor.py:183} INFO - Processing /home/airflow/.local/lib/python3.8/site-packages/airflow/example_dags/example_task_group_decorator.py took 0.116 seconds
[2026-08-21T23:07:33.106+0000] {processor.py:161} INFO - Started process (PID=2410) to work on /home/airflow/.local/lib/python3.8/site-packages/airflow/example_dags/example_task_group_decorator.py
[2026-08-21T23:07:33.108+0000] {processor.py:830} INFO - Processing file /home/airflow/.local/lib/python3.8/site-packages/airflow/example_dags/example_task_group_decorator.py for tasks to queue
[2026-08-21T23:07:33.112+0000] {logging_mixin.py:188} INFO - [2026-08-21T23:07:33.112+0000] {dagbag.py:540} INFO - Filling up the DagBag from /home/airflow/.local/lib/python3.8/site-packages/airflow/example_dags/example_task_group_decorator.py
[2026-08-21T23:07:33.132+0000] {processor.py:840} INFO - DAG(s) 'example_task_group_decorator' retrieved from /home/airflow/.local/lib/python3.8/site-packages/airflow/example_dags/example_task_group_decorator.py
[2026-08-21T23:07:33.164+0000] {logging_mixin.py:188} INFO - [2026-08-21T23:07:33.164+0000] {dag.py:3047} INFO - Sync 1 DAGs
[2026-08-21T23:07:33.191+0000] {logging_mixin.py:188} INFO - [2026-08-21T23:07:33.191+0000] {dag.py:3834} INFO - Setting next_dagrun for example_task_group_decorator to 2026-08-20 00:00:00+00:00, run_after=2026-08-21 00:00:00+00:00
[2026-08-21T23:07:33.220+0000] {processor.py:183} INFO - Processing /home/airflow/.local/lib/python3.8/site-packages/airflow/example_dags/example_task_group_decorator.py took 0.119 seconds
[2026-08-21T23:08:03.468+0000] {processor.py:161} INFO - Started process (PID=2469) to work on /home/airflow/.local/lib/python3.8/site-packages/airflow/example_dags/example_task_group_decorator.py
[2026-08-21T23:08:03.471+0000] {processor.py:830} INFO - Processing file /home/airflow/.local/lib/python3.8/site-packages/airflow/example_dags/example_task_group_decorator.py for tasks to queue
[2026-08-21T23:08:03.474+0000] {logging_mixin.py:188} INFO - [2026-08-21T23:08:03.474+0000] {dagbag.py:540} INFO - Filling up the DagBag from /home/airflow/.local/lib/python3.8/site-packages/airflow/example_dags/example_task_group_decorator.py
[2026-08-21T23:08:03.496+0000] {processor.py:840} INFO - DAG(s) 'example_task_group_decorator' retrieved from /home/airflow/.local/lib/python3.8/site-packages/airflow/example_dags/example_task_group_decorator.py
[2026-08-21T23:08:03.530+0000] {logging_mixin.py:188} INFO - [2026-08-21T23:08:03.529+0000] {dag.py:3047} INFO - Sync 1 DAGs
[2026-08-21T23:08:03.566+0000] {logging_mixin.py:188} INFO - [2026-08-21T23:08:03.565+0000] {dag.py:3834} INFO - Setting next_dagrun for example_task_group_decorator to 2026-08-20 00:00:00+00:00, run_after=2026-08-21 00:00:00+00:00
[2026-08-21T23:08:03.593+0000] {processor.py:183} INFO - Processing /home/airflow/.local/lib/python3.8/site-packages/airflow/example_dags/example_task_group_decorator.py took 0.131 seconds
