[2026-08-21T22:46:40.175+0000] {processor.py:161} INFO - Started process (PID=57) to work on /home/airflow/.local/lib/python3.8/site-packages/airflow/example_dags/example_latest_only.py
[2026-08-21T22:46:40.177+0000] {processor.py:830} INFO - Processing file /home/airflow/.local/lib/python3.8/site-packages/airflow/example_dags/example_latest_only.py for tasks to queue
[2026-08-21T22:46:40.180+0000] {logging_mixin.py:188} INFO - [2026-08-21T22:46:40.179+0000] {dagbag.py:540} INFO - Filling up the DagBag from /home/airflow/.local/lib/python3.8/site-packages/airflow/example_dags/example_latest_only.py
[2026-08-21T22:46:40.191+0000] {processor.py:840} INFO - DAG(s) 'latest_only' retrieved from /home/airflow/.local/lib/python3.8/site-packages/airflow/example_dags/example_latest_only.py
[2026-08-21T22:46:40.210+0000] {logging_mixin.py:188} INFO - [2026-08-21T22:46:40.210+0000] {dag.py:3047} INFO - Sync 1 DAGs
[2026-08-21T22:46:40.252+0000] {logging_mixin.py:188} INFO - [2026-08-21T22:46:40.252+0000] {dag.py:3834} INFO - Setting next_dagrun for latest_only to 2026-08-21 16:00:00+00:00, run_after=2026-08-21 20:00:00+00:00
[2026-08-21T22:46:40.285+0000] {processor.py:183} INFO - Processing /home/airflow/.local/lib/python3.8/site-packages/airflow/example_dags/example_latest_only.py took 0.116 seconds
[2026-08-21T22:47:10.822+0000] {processor.py:161} INFO - Started process (PID=113) to work on /home/airflow/.local/lib/python3.8/site-packages/airflow/example_dags/example_latest_only.py
[2026-08-21T22:47:10.826+0000] {processor.py:830} INFO - Processing file /home/airflow/.local/lib/python3.8/site-packages/airflow/example_dags/example_latest_only.py for tasks to queue
[2026-08-21T22:47:10.832+0000] {logging_mixin.py:188} INFO - [2026-08-21T22:47:10.831+0000] {dagbag.py:540} INFO - Filling up the DagBag from /home/airflow/.local/lib/python3.8/site-packages/airflow/example_dags/example_latest_only.py
[2026-08-21T22:47:10.849+0000] {processor.py:840} INFO - DAG(s) 'latest_only' retrieved from /home/airflow/.local/lib/python3.8/site-packages/airflow/example_dags/example_latest_only.py
[2026-08-21T22:47:11.079+0000] {logging_mixin.py:188} INFO - [2026-08-21T22:47:11.079+0000] {dag.py:3047} INFO - Sync 1 DAGs
[2026-08-21T22:47:11.131+0000] {logging_mixin.py:188} INFO - [2026-08-21T22:47:11.130+0000] {dag.py:3834} INFO - Setting next_dagrun for latest_only to 2026-08-21 16:00:00+00:00, run_after=2026-08-21 20:00:00+00:00
[2026-08-21T22:47:11.169+0000] {processor.py:183} INFO - Processing /home/airflow/.local/lib/python3.8/site-packages/airflow/example_dags/example_latest_only.py took 0.358 seconds
[2026-08-21T22:47:41.241+0000] {processor.py:161} INFO - Started process (PID=170) to work on /home/airflow/.local/lib/python3.8/site-packages/airflow/example_dags/example_latest_only.py
[2026-08-21T22:47:41.246+0000] {processor.py:830} INFO - Processing file /home/airflow/.local/lib/python3.8/site-packages/airflow/example_dags/example_latest_only.py for tasks to queue
[2026-08-21T22:47:41.250+0000] {logging_mixin.py:188} INFO - [2026-08-21T22:47:41.250+0000] {dagbag.py:540} INFO - Filling up the DagBag from /home/airflow/.local/lib/python3.8/site-packages/airflow/example_dags/example_latest_only.py
[2026-08-21T22:47:41.265+0000] {processor.py:840} INFO - DAG(s) 'latest_only' retrieved from /home/airflow/.local/lib/python3.8/site-packages/airflow/example_dags/example_latest_only.py
[2026-08-21T22:47:41.312+0000] {logging_mixin.py:188} INFO - [2026-08-21T22:47:41.312+0000] {dag.py:3047} INFO - Sync 1 DAGs
[2026-08-21T22:47:41.361+0000] {logging_mixin.py:188} INFO - [2026-08-21T22:47:41.361+0000] {dag.py:3834} INFO - Setting next_dagrun for latest_only to 2026-08-21 16:00:00+00:00, run_after=2026-08-21 20:00:00+00:00
[2026-08-21T22:47:41.399+0000] {processor.py:183} INFO - Processing /home/airflow/.local/lib/python3.8/site-packages/airflow/example_dags/example_latest_only.py took 0.165 seconds
[2026-08-21T22:48:11.472+0000] {processor.py:161} INFO - Started process (PID=227) to work on /home/airflow/.local/lib/python3.8/site-packages/airflow/example_dags/example_latest_only.py
[2026-08-21T22:48:11.475+0000] {processor.py:830} INFO - Processing file /home/airflow/.local/lib/python3.8/site-packages/airflow/example_dags/example_latest_only.py for tasks to queue
[2026-08-21T22:48:11.479+0000] {logging_mixin.py:188} INFO - [2026-08-21T22:48:11.478+0000] {dagbag.py:540} INFO - Filling up the DagBag from /home/airflow/.local/lib/python3.8/site-packages/airflow/example_dags/example_latest_only.py
[2026-08-21T22:48:11.486+0000] {processor.py:840} INFO - DAG(s) 'latest_only' retrieved from /home/airflow/.local/lib/python3.8/site-packages/airflow/example_dags/example_latest_only.py
[2026-08-21T22:48:11.516+0000] {logging_mixin.py:188} INFO - [2026-08-21T22:48:11.516+0000] {dag.py:3047} INFO - Sync 1 DAGs
[2026-08-21T22:48:11.542+0000] {logging_mixin.py:188} INFO - [2026-08-21T22:48:11.542+0000] {dag.py:3834} INFO - Setting next_dagrun for latest_only to 2026-08-21 16:00:00+00:00, run_after=2026-08-21 20:00:00+00:00
[2026-08-21T22:48:11.565+0000] {processor.py:183} INFO - Processing /home/airflow/.local/lib/python3.8/site-packages/airflow/example_dags/example_latest_only.py took 0.098 seconds
[2026-08-21T22:48:42.060+0000] {processor.py:161} INFO - Started process (PID=284) to work on /home/airflow/.local/lib/python3.8/site-packages/airflow/example_dags/example_latest_only.py
[2026-08-21T22:48:42.062+0000] {processor.py:830} INFO - Processing file /home/airflow/.local/lib/python3.8/site-packages/airflow/example_dags/example_latest_only.py for tasks to queue
[2026-08-21T22:48:42.066+0000] {logging_mixin.py:188} INFO - [2026-08-21T22:48:42.066+0000] {dagbag.py:540} INFO - Filling up the DagBag from /home/airflow/.local/lib/python3.8/site-packages/airflow/example_dags/example_latest_only.py
[2026-08-21T22:48:42.074+0000] {processor.py:840} INFO - DAG(s) 'latest_only' retrieved from /home/airflow/.local/lib/python3.8/site-packages/airflow/example_dags/example_latest_only.py
[2026-08-21T22:48:42.101+0000] {logging_mixin.py:188} INFO - [2026-08-21T22:48:42.100+0000] {dag.py:3047} INFO - Sync 1 DAGs
[2026-08-21T22:48:42.131+0000] {logging_mixin.py:188} INFO - [2026-08-21T22:48:42.131+0000] {dag.py:3834} INFO - Setting next_dagrun for latest_only to 2026-08-21 16:00:00+00:00, run_after=2026-08-21 20:00:00+00:00
[2026-08-21T22:48:42.158+0000] {processor.py:183} INFO - Processing /home/airflow/.local/lib/python3.8/site-packages/airflow/example_dags/example_latest_only.py took 0.105 seconds
[2026-08-21T22:49:12.383+0000] {processor.py:161} INFO - Started process (PID=341) to work on /home/airflow/.local/lib/python3.8/site-packages/airflow/example_dags/example_latest_only.py
[2026-08-21T22:49:12.386+0000] {processor.py:830} INFO - Processing file /home/airflow/.local/lib/python3.8/site-packages/airflow/example_dags/example_latest_only.py for tasks to queue
[2026-08-21T22:49:12.391+0000] {logging_mixin.py:188} INFO - [2026-08-21T22:49:12.391+0000] {dagbag.py:540} INFO - Filling up the DagBag from /home/airflow/.local/lib/python3.8/site-packages/airflow/example_dags/example_latest_only.py
[2026-08-21T22:49:12.405+0000] {processor.py:840} INFO - DAG(s) 'latest_only' retrieved from /home/airflow/.local/lib/python3.8/site-packages/airflow/example_dags/example_latest_only.py
[2026-08-21T22:49:12.441+0000] {logging_mixin.py:188} INFO - [2026-08-21T22:49:12.441+0000] {dag.py:3047} INFO - Sync 1 DAGs
[2026-08-21T22:49:12.485+0000] {logging_mixin.py:188} INFO - [2026-08-21T22:49:12.484+0000] {dag.py:3834} INFO - Setting next_dagrun for latest_only to 2026-08-21 16:00:00+00:00, run_after=2026-08-21 20:00:00+00:00
[2026-08-21T22:49:12.529+0000] {processor.py:183} INFO - Processing /home/airflow/.local/lib/python3.8/site-packages/airflow/example_dags/example_latest_only.py took 0.155 seconds
[2026-08-21T22:49:42.719+0000] {processor.py:161} INFO - Started process (PID=404) to work on /home/airflow/.local/lib/python3.8/site-packages/airflow/example_dags/example_latest_only.py
[2026-08-21T22:49:42.721+0000] {processor.py:830} INFO - Processing file /home/airflow/.local/lib/python3.8/site-packages/airflow/example_dags/example_latest_only.py for tasks to queue
[2026-08-21T22:49:42.725+0000] {logging_mixin.py:188} INFO - [2026-08-21T22:49:42.724+0000] {dagbag.py:540} INFO - Filling up the DagBag from /home/airflow/.local/lib/python3.8/site-packages/airflow/example_dags/example_latest_only.py
[2026-08-21T22:49:42.731+0000] {processor.py:840} INFO - DAG(s) 'latest_only' retrieved from /home/airflow/.local/lib/python3.8/site-packages/airflow/example_dags/example_latest_only.py
[2026-08-21T22:49:42.757+0000] {logging_mixin.py:188} INFO - [2026-08-21T22:49:42.756+0000] {dag.py:3047} INFO - Sync 1 DAGs
[2026-08-21T22:49:42.783+0000] {logging_mixin.py:188} INFO - [2026-08-21T22:49:42.783+0000] {dag.py:3834} INFO - Setting next_dagrun for latest_only to 2026-08-21 16:00:00+00:00, run_after=2026-08-21 20:00:00+00:00
[2026-08-21T22:49:42.812+0000] {processor.py:183} INFO - Processing /home/airflow/.local/lib/python3.8/site-packages/airflow/example_dags/example_latest_only.py took 0.097 seconds
[2026-08-21T22:50:13.126+0000] {processor.py:161} INFO - Started process (PID=461) to work on /home/airflow/.local/lib/python3.8/site-packages/airflow/example_dags/example_latest_only.py
[2026-08-21T22:50:13.128+0000] {processor.py:830} INFO - Processing file /home/airflow/.local/lib/python3.8/site-packages/airflow/example_dags/example_latest_only.py for tasks to queue
[2026-08-21T22:50:13.131+0000] {logging_mixin.py:188} INFO - [2026-08-21T22:50:13.131+0000] {dagbag.py:540} INFO - Filling up the DagBag from /home/airflow/.local/lib/python3.8/site-packages/airflow/example_dags/example_latest_only.py
[2026-08-21T22:50:13.138+0000] {processor.py:840} INFO - DAG(s) 'latest_only' retrieved from /home/airflow/.local/lib/python3.8/site-packages/airflow/example_dags/example_latest_only.py
[2026-08-21T22:50:13.164+0000] {logging_mixin.py:188} INFO - [2026-08-21T22:50:13.164+0000] {dag.py:3047} INFO - Sync 1 DAGs
[2026-08-21T22:50:13.193+0000] {logging_mixin.py:188} INFO - [2026-08-21T22:50:13.192+0000] {dag.py:3834} INFO - Setting next_dagrun for latest_only to 2026-08-21 16:00:00+00:00, run_after=2026-08-21 20:00:00+00:00
[2026-08-21T22:50:13.216+0000] {processor.py:183} INFO - Processing /home/airflow/.local/lib/python3.8/site-packages/airflow/example_dags/example_latest_only.py took 0.094 seconds
[2026-08-21T22:50:43.367+0000] {processor.py:161} INFO - Started process (PID=518) to work on /home/airflow/.local/lib/python3.8/site-packages/airflow/example_dags/example_latest_only.py
[2026-08-21T22:50:43.370+0000] {processor.py:830} INFO - Processing file /home/airflow/.local/lib/python3.8/site-packages/airflow/example_dags/example_latest_only.py for tasks to queue
[2026-08-21T22:50:43.373+0000] {logging_mixin.py:188} INFO - [2026-08-21T22:50:43.373+0000] {dagbag.py:540} INFO - Filling up the DagBag from /home/airflow/.local/lib/python3.8/site-packages/airflow/example_dags/example_latest_only.py
[2026-08-21T22:50:43.381+0000] {processor.py:840} INFO - DAG(s) 'latest_only' retrieved from /home/airflow/.local/lib/python3.8/site-packages/airflow/example_dags/example_latest_only.py
[2026-08-21T22:50:43.409+0000] {logging_mixin.py:188} INFO - [2026-08-21T22:50:43.408+0000] {dag.py:3047} INFO - Sync 1 DAGs
[2026-08-21T22:50:43.437+0000] {logging_mixin.py:188} INFO - [2026-08-21T22:50:43.437+0000] {dag.py:3834} INFO - Setting next_dagrun for latest_only to 2026-08-21 16:00:00+00:00, run_after=2026-08-21 20:00:00+00:00
[2026-08-21T22:50:43.462+0000] {processor.py:183} INFO - Processing /home/airflow/.local/lib/python3.8/site-packages/airflow/example_dags/example_latest_only.py took 0.101 seconds
[2026-08-21T22:51:13.561+0000] {processor.py:161} INFO - Started process (PID=575) to work on /home/airflow/.local/lib/python3.8/site-packages/airflow/example_dags/example_latest_only.py
[2026-08-21T22:51:13.562+0000] {processor.py:830} INFO - Processing file /home/airflow/.local/lib/python3.8/site-packages/airflow/example_dags/example_latest_only.py for tasks to queue
[2026-08-21T22:51:13.565+0000] {logging_mixin.py:188} INFO - [2026-08-21T22:51:13.564+0000] {dagbag.py:540} INFO - Filling up the DagBag from /home/airflow/.local/lib/python3.8/site-packages/airflow/example_dags/example_latest_only.py
[2026-08-21T22:51:13.572+0000] {processor.py:840} INFO - DAG(s) 'latest_only' retrieved from /home/airflow/.local/lib/python3.8/site-packages/airflow/example_dags/example_latest_only.py
[2026-08-21T22:51:13.597+0000] {logging_mixin.py:188} INFO - [2026-08-21T22:51:13.597+0000] {dag.py:3047} INFO - Sync 1 DAGs
[2026-08-21T22:51:13.628+0000] {logging_mixin.py:188} INFO - [2026-08-21T22:51:13.627+0000] {dag.py:3834} INFO - Setting next_dagrun for latest_only to 2026-08-21 16:00:00+00:00, run_after=2026-08-21 20:00:00+00:00
[2026-08-21T22:51:13.653+0000] {processor.py:183} INFO - Processing /home/airflow/.local/lib/python3.8/site-packages/airflow/example_dags/example_latest_only.py took 0.096 seconds
[2026-08-21T22:51:43.820+0000] {processor.py:161} INFO - Started process (PID=632) to work on /home/airflow/.local/lib/python3.8/site-packages/airflow/example_dags/example_latest_only.py
[2026-08-21T22:51:43.821+0000] {processor.py:830} INFO - Processing file /home/airflow/.local/lib/python3.8/site-packages/airflow/example_dags/example_latest_only.py for tasks to queue
[2026-08-21T22:51:43.824+0000] {logging_mixin.py:188} INFO - [2026-08-21T22:51:43.823+0000] {dagbag.py:540} INFO - Filling up the DagBag from /home/airflow/.local/lib/python3.8/site-packages/airflow/example_dags/example_latest_only.py
[2026-08-21T22:51:43.831+0000] {processor.py:840} INFO - DAG(s) 'latest_only' retrieved from /home/airflow/.local/lib/python3.8/site-packages/airflow/example_dags/example_latest_only.py
[2026-08-21T22:51:43.854+0000] {logging_mixin.py:188} INFO - [2026-08-21T22:51:43.854+0000] {dag.py:3047} INFO - Sync 1 DAGs
[2026-08-21T22:51:43.877+0000] {logging_mixin.py:188} INFO - [2026-08-21T22:51:43.877+0000] {dag.py:3834} INFO - Setting next_dagrun for latest_only to 2026-08-21 16:00:00+00:00, run_after=2026-08-21 20:00:00+00:00
[2026-08-21T22:51:43.902+0000] {processor.py:183} INFO - Processing /home/airflow/.local/lib/python3.8/site-packages/airflow/example_dags/example_latest_only.py took 0.088 seconds
[2026-08-21T22:52:14.362+0000] {processor.py:161} INFO - Started process (PID=689) to work on /home/airflow/.local/lib/python3.8/site-packages/airflow/example_dags/example_latest_only.py
[2026-08-21T22:52:14.364+0000] {processor.py:830} INFO - Processing file /home/airflow/.local/lib/python3.8/site-packages/airflow/example_dags/example_latest_only.py for tasks to queue
[2026-08-21T22:52:14.366+0000] {logging_mixin.py:188} INFO - [2026-08-21T22:52:14.366+0000] {dagbag.py:540} INFO - Filling up the DagBag from /home/airflow/.local/lib/python3.8/site-packages/airflow/example_dags/example_latest_only.py
[2026-08-21T22:52:14.372+0000] {processor.py:840} INFO - DAG(s) 'latest_only' retrieved from /home/airflow/.local/lib/python3.8/site-packages/airflow/example_dags/example_latest_only.py
[2026-08-21T22:52:14.400+0000] {logging_mixin.py:188} INFO - [2026-08-21T22:52:14.399+0000] {dag.py:3047} INFO - Sync 1 DAGs
[2026-08-21T22:52:14.427+0000] {logging_mixin.py:188} INFO - [2026-08-21T22:52:14.426+0000] {dag.py:3834} INFO - Setting next_dagrun for latest_only to 2026-08-21 16:00:00+00:00, run_after=2026-08-21 20:00:00+00:00
[2026-08-21T22:52:14.457+0000] {processor.py:183} INFO - Processing /home/airflow/.local/lib/python3.8/site-packages/airflow/example_dags/example_latest_only.py took 0.100 seconds
[2026-08-21T22:52:45.115+0000] {processor.py:161} INFO - Started process (PID=746) to work on /home/airflow/.local/lib/python3.8/site-packages/airflow/example_dags/example_latest_only.py
[2026-08-21T22:52:45.117+0000] {processor.py:830} INFO - Processing file /home/airflow/.local/lib/python3.8/site-packages/airflow/example_dags/example_latest_only.py for tasks to queue
[2026-08-21T22:52:45.121+0000] {logging_mixin.py:188} INFO - [2026-08-21T22:52:45.120+0000] {dagbag.py:540} INFO - Filling up the DagBag from /home/airflow/.local/lib/python3.8/site-packages/airflow/example_dags/example_latest_only.py
[2026-08-21T22:52:45.137+0000] {processor.py:840} INFO - DAG(s) 'latest_only' retrieved from /home/airflow/.local/lib/python3.8/site-packages/airflow/example_dags/example_latest_only.py
[2026-08-21T22:52:45.174+0000] {logging_mixin.py:188} INFO - [2026-08-21T22:52:45.174+0000] {dag.py:3047} INFO - Sync 1 DAGs
[2026-08-21T22:52:45.218+0000] {logging_mixin.py:188} INFO - [2026-08-21T22:52:45.218+0000] {dag.py:3834} INFO - Setting next_dagrun for latest_only to 2026-08-21 16:00:00+00:00, run_after=2026-08-21 20:00:00+00:00
[2026-08-21T22:52:45.270+0000] {processor.py:183} INFO - Processing /home/airflow/.local/lib/python3.8/site-packages/airflow/example_dags/example_latest_only.py took 0.163 seconds
[2026-08-21T22:53:15.356+0000] {processor.py:161} INFO - Started process (PID=803) to work on /home/airflow/.local/lib/python3.8/site-packages/airflow/example_dags/example_latest_only.py
[2026-08-21T22:53:15.358+0000] {processor.py:830} INFO - Processing file /home/airflow/.local/lib/python3.8/site-packages/airflow/example_dags/example_latest_only.py for tasks to queue
[2026-08-21T22:53:15.362+0000] {logging_mixin.py:188} INFO - [2026-08-21T22:53:15.361+0000] {dagbag.py:540} INFO - Filling up the DagBag from /home/airflow/.local/lib/python3.8/site-packages/airflow/example_dags/example_latest_only.py
[2026-08-21T22:53:15.374+0000] {processor.py:840} INFO - DAG(s) 'latest_only' retrieved from /home/airflow/.local/lib/python3.8/site-packages/airflow/example_dags/example_latest_only.py
[2026-08-21T22:53:15.415+0000] {logging_mixin.py:188} INFO - [2026-08-21T22:53:15.415+0000] {dag.py:3047} INFO - Sync 1 DAGs
[2026-08-21T22:53:15.462+0000] {logging_mixin.py:188} INFO - [2026-08-21T22:53:15.462+0000] {dag.py:3834} INFO - Setting next_dagrun for latest_only to 2026-08-21 16:00:00+00:00, run_after=2026-08-21 20:00:00+00:00
[2026-08-21T22:53:15.487+0000] {processor.py:183} INFO - Processing /home/airflow/.local/lib/python3.8/site-packages/airflow/example_dags/example_latest_only.py took 0.135 seconds
[2026-08-21T22:53:45.711+0000] {processor.py:161} INFO - Started process (PID=860) to work on /home/airflow/.local/lib/python3.8/site-packages/airflow/example_dags/example_latest_only.py
[2026-08-21T22:53:45.713+0000] {processor.py:830} INFO - Processing file /home/airflow/.local/lib/python3.8/site-packages/airflow/example_dags/example_latest_only.py for tasks to queue
[2026-08-21T22:53:45.716+0000] {logging_mixin.py:188} INFO - [2026-08-21T22:53:45.716+0000] {dagbag.py:540} INFO - Filling up the DagBag from /home/airflow/.local/lib/python3.8/site-packages/airflow/example_dags/example_latest_only.py
[2026-08-21T22:53:45.723+0000] {processor.py:840} INFO - DAG(s) 'latest_only' retrieved from /home/airflow/.local/lib/python3.8/site-packages/airflow/example_dags/example_latest_only.py
[2026-08-21T22:53:45.754+0000] {logging_mixin.py:188} INFO - [2026-08-21T22:53:45.753+0000] {dag.py:3047} INFO - Sync 1 DAGs
[2026-08-21T22:53:45.781+0000] {logging_mixin.py:188} INFO - [2026-08-21T22:53:45.781+0000] {dag.py:3834} INFO - Setting next_dagrun for latest_only to 2026-08-21 16:00:00+00:00, run_after=2026-08-21 20:00:00+00:00
[2026-08-21T22:53:45.806+0000] {processor.py:183} INFO - Processing /home/airflow/.local/lib/python3.8/site-packages/airflow/example_dags/example_latest_only.py took 0.099 seconds
[2026-08-21T22:54:15.960+0000] {processor.py:161} INFO - Started process (PID=917) to work on /home/airflow/.local/lib/python3.8/site-packages/airflow/example_dags/example_latest_only.py
[2026-08-21T22:54:15.962+0000] {processor.py:830} INFO - Processing file /home/airflow/.local/lib/python3.8/site-packages/airflow/example_dags/example_latest_only.py for tasks to queue
[2026-08-21T22:54:15.965+0000] {logging_mixin.py:188} INFO - [2026-08-21T22:54:15.965+0000] {dagbag.py:540} INFO - Filling up the DagBag from /home/airflow/.local/lib/python3.8/site-packages/airflow/example_dags/example_latest_only.py
[2026-08-21T22:54:15.975+0000] {processor.py:840} INFO - DAG(s) 'latest_only' retrieved from /home/airflow/.local/lib/python3.8/site-packages/airflow/example_dags/example_latest_only.py
[2026-08-21T22:54:16.004+0000] {logging_mixin.py:188} INFO - [2026-08-21T22:54:16.004+0000] {dag.py:3047} INFO - Sync 1 DAGs
[2026-08-21T22:54:16.035+0000] {logging_mixin.py:188} INFO - [2026-08-21T22:54:16.034+0000] {dag.py:3834} INFO - Setting next_dagrun for latest_only to 2026-08-21 16:00:00+00:00, run_after=2026-08-21 20:00:00+00:00
[2026-08-21T22:54:16.067+0000] {processor.py:183} INFO - Processing /home/airflow/.local/lib/python3.8/site-packages/airflow/example_dags/example_latest_only.py took 0.111 seconds
[2026-08-21T22:54:47.018+0000] {processor.py:161} INFO - Started process (PID=974) to work on /home/airflow/.local/lib/python3.8/site-packages/airflow/example_dags/example_latest_only.py
[2026-08-21T22:54:47.021+0000] {processor.py:830} INFO - Processing file /home/airflow/.local/lib/python3.8/site-packages/airflow/example_dags/example_latest_only.py for tasks to queue
[2026-08-21T22:54:47.024+0000] {logging_mixin.py:188} INFO - [2026-08-21T22:54:47.024+0000] {dagbag.py:540} INFO - Filling up the DagBag from /home/airflow/.local/lib/python3.8/site-packages/airflow/example_dags/example_latest_only.py
[2026-08-21T22:54:47.032+0000] {processor.py:840} INFO - DAG(s) 'latest_only' retrieved from /home/airflow/.local/lib/python3.8/site-packages/airflow/example_dags/example_latest_only.py
[2026-08-21T22:54:47.061+0000] {logging_mixin.py:188} INFO - [2026-08-21T22:54:47.061+0000] {dag.py:3047} INFO - Sync 1 DAGs
[2026-08-21T22:54:47.090+0000] {logging_mixin.py:188} INFO - [2026-08-21T22:54:47.089+0000] {dag.py:3834} INFO - Setting next_dagrun for latest_only to 2026-08-21 16:00:00+00:00, run_after=2026-08-21 20:00:00+00:00
[2026-08-21T22:54:47.115+0000] {processor.py:183} INFO - Processing /home/airflow/.local/lib/python3.8/site-packages/airflow/example_dags/example_latest_only.py took 0.104 seconds
[2026-08-21T22:55:17.454+0000] {processor.py:161} INFO - Started process (PID=1031) to work on /home/airflow/.local/lib/python3.8/site-packages/airflow/example_dags/example_latest_only.py
[2026-08-21T22:55:17.456+0000] {processor.py:830} INFO - Processing file /home/airflow/.local/lib/python3.8/site-packages/airflow/example_dags/example_latest_only.py for tasks to queue
[2026-08-21T22:55:17.460+0000] {logging_mixin.py:188} INFO - [2026-08-21T22:55:17.460+0000] {dagbag.py:540} INFO - Filling up the DagBag from /home/airflow/.local/lib/python3.8/site-packages/airflow/example_dags/example_latest_only.py
[2026-08-21T22:55:17.469+0000] {processor.py:840} INFO - DAG(s) 'latest_only' retrieved from /home/airflow/.local/lib/python3.8/site-packages/airflow/example_dags/example_latest_only.py
[2026-08-21T22:55:17.499+0000] {logging_mixin.py:188} INFO - [2026-08-21T22:55:17.499+0000] {dag.py:3047} INFO - Sync 1 DAGs
[2026-08-21T22:55:17.533+0000] {logging_mixin.py:188} INFO - [2026-08-21T22:55:17.533+0000] {dag.py:3834} INFO - Setting next_dagrun for latest_only to 2026-08-21 16:00:00+00:00, run_after=2026-08-21 20:00:00+00:00
[2026-08-21T22:55:17.572+0000] {processor.py:183} INFO - Processing /home/airflow/.local/lib/python3.8/site-packages/airflow/example_dags/example_latest_only.py took 0.124 seconds
[2026-08-21T22:55:47.738+0000] {processor.py:161} INFO - Started process (PID=1088) to work on /home/airflow/.local/lib/python3.8/site-packages/airflow/example_dags/example_latest_only.py
[2026-08-21T22:55:47.740+0000] {processor.py:830} INFO - Processing file /home/airflow/.local/lib/python3.8/site-packages/airflow/example_dags/example_latest_only.py for tasks to queue
[2026-08-21T22:55:47.743+0000] {logging_mixin.py:188} INFO - [2026-08-21T22:55:47.743+0000] {dagbag.py:540} INFO - Filling up the DagBag from /home/airflow/.local/lib/python3.8/site-packages/airflow/example_dags/example_latest_only.py
[2026-08-21T22:55:47.752+0000] {processor.py:840} INFO - DAG(s) 'latest_only' retrieved from /home/airflow/.local/lib/python3.8/site-packages/airflow/example_dags/example_latest_only.py
[2026-08-21T22:55:47.784+0000] {logging_mixin.py:188} INFO - [2026-08-21T22:55:47.784+0000] {dag.py:3047} INFO - Sync 1 DAGs
[2026-08-21T22:55:47.809+0000] {logging_mixin.py:188} INFO - [2026-08-21T22:55:47.809+0000] {dag.py:3834} INFO - Setting next_dagrun for latest_only to 2026-08-21 16:00:00+00:00, run_after=2026-08-21 20:00:00+00:00
[2026-08-21T22:55:47.834+0000] {processor.py:183} INFO - Processing /home/airflow/.local/lib/python3.8/site-packages/airflow/example_dags/example_latest_only.py took 0.100 seconds
[2026-08-21T22:56:18.608+0000] {processor.py:161} INFO - Started process (PID=1145) to work on /home/airflow/.local/lib/python3.8/site-packages/airflow/example_dags/example_latest_only.py
[2026-08-21T22:56:18.610+0000] {processor.py:830} INFO - Processing file /home/airflow/.local/lib/python3.8/site-packages/airflow/example_dags/example_latest_only.py for tasks to queue
[2026-08-21T22:56:18.613+0000] {logging_mixin.py:188} INFO - [2026-08-21T22:56:18.613+0000] {dagbag.py:540} INFO - Filling up the DagBag from /home/airflow/.local/lib/python3.8/site-packages/airflow/example_dags/example_latest_only.py
[2026-08-21T22:56:18.620+0000] {processor.py:840} INFO - DAG(s) 'latest_only' retrieved from /home/airflow/.local/lib/python3.8/site-packages/airflow/example_dags/example_latest_only.py
[2026-08-21T22:56:18.645+0000] {logging_mixin.py:188} INFO - [2026-08-21T22:56:18.645+0000] {dag.py:3047} INFO - Sync 1 DAGs
[2026-08-21T22:56:18.671+0000] {logging_mixin.py:188} INFO - [2026-08-21T22:56:18.671+0000] {dag.py:3834} INFO - Setting next_dagrun for latest_only to 2026-08-21 16:00:00+00:00, run_after=2026-08-21 20:00:00+00:00
[2026-08-21T22:56:18.700+0000] {processor.py:183} INFO - Processing /home/airflow/.local/lib/python3.8/site-packages/airflow/example_dags/example_latest_only.py took 0.096 seconds
[2026-08-21T22:56:49.264+0000] {processor.py:161} INFO - Started process (PID=1202) to work on /home/airflow/.local/lib/python3.8/site-packages/airflow/example_dags/example_latest_only.py
[2026-08-21T22:56:49.266+0000] {processor.py:830} INFO - Processing file /home/airflow/.local/lib/python3.8/site-packages/airflow/example_dags/example_latest_only.py for tasks to queue
[2026-08-21T22:56:49.269+0000] {logging_mixin.py:188} INFO - [2026-08-21T22:56:49.268+0000] {dagbag.py:540} INFO - Filling up the DagBag from /home/airflow/.local/lib/python3.8/site-packages/airflow/example_dags/example_latest_only.py
[2026-08-21T22:56:49.276+0000] {processor.py:840} INFO - DAG(s) 'latest_only' retrieved from /home/airflow/.local/lib/python3.8/site-packages/airflow/example_dags/example_latest_only.py
[2026-08-21T22:56:49.303+0000] {logging_mixin.py:188} INFO - [2026-08-21T22:56:49.302+0000] {dag.py:3047} INFO - Sync 1 DAGs
[2026-08-21T22:56:49.331+0000] {logging_mixin.py:188} INFO - [2026-08-21T22:56:49.330+0000] {dag.py:3834} INFO - Setting next_dagrun for latest_only to 2026-08-21 16:00:00+00:00, run_after=2026-08-21 20:00:00+00:00
[2026-08-21T22:56:49.358+0000] {processor.py:183} INFO - Processing /home/airflow/.local/lib/python3.8/site-packages/airflow/example_dags/example_latest_only.py took 0.100 seconds
[2026-08-21T22:57:19.976+0000] {processor.py:161} INFO - Started process (PID=1259) to work on /home/airflow/.local/lib/python3.8/site-packages/airflow/example_dags/example_latest_only.py
[2026-08-21T22:57:19.978+0000] {processor.py:830} INFO - Processing file /home/airflow/.local/lib/python3.8/site-packages/airflow/example_dags/example_latest_only.py for tasks to queue
[2026-08-21T22:57:19.981+0000] {logging_mixin.py:188} INFO - [2026-08-21T22:57:19.980+0000] {dagbag.py:540} INFO - Filling up the DagBag from /home/airflow/.local/lib/python3.8/site-packages/airflow/example_dags/example_latest_only.py
[2026-08-21T22:57:19.987+0000] {processor.py:840} INFO - DAG(s) 'latest_only' retrieved from /home/airflow/.local/lib/python3.8/site-packages/airflow/example_dags/example_latest_only.py
[2026-08-21T22:57:20.014+0000] {logging_mixin.py:188} INFO - [2026-08-21T22:57:20.014+0000] {dag.py:3047} INFO - Sync 1 DAGs
[2026-08-21T22:57:20.042+0000] {logging_mixin.py:188} INFO - [2026-08-21T22:57:20.042+0000] {dag.py:3834} INFO - Setting next_dagrun for latest_only to 2026-08-21 16:00:00+00:00, run_after=2026-08-21 20:00:00+00:00
[2026-08-21T22:57:20.068+0000] {processor.py:183} INFO - Processing /home/airflow/.local/lib/python3.8/site-packages/airflow/example_dags/example_latest_only.py took 0.097 seconds
[2026-08-21T22:57:50.529+0000] {processor.py:161} INFO - Started process (PID=1316) to work on /home/airflow/.local/lib/python3.8/site-packages/airflow/example_dags/example_latest_only.py
[2026-08-21T22:57:50.531+0000] {processor.py:830} INFO - Processing file /home/airflow/.local/lib/python3.8/site-packages/airflow/example_dags/example_latest_only.py for tasks to queue
[2026-08-21T22:57:50.533+0000] {logging_mixin.py:188} INFO - [2026-08-21T22:57:50.533+0000] {dagbag.py:540} INFO - Filling up the DagBag from /home/airflow/.local/lib/python3.8/site-packages/airflow/example_dags/example_latest_only.py
[2026-08-21T22:57:50.541+0000] {processor.py:840} INFO - DAG(s) 'latest_only' retrieved from /home/airflow/.local/lib/python3.8/site-packages/airflow/example_dags/example_latest_only.py
[2026-08-21T22:57:50.569+0000] {logging_mixin.py:188} INFO - [2026-08-21T22:57:50.569+0000] {dag.py:3047} INFO - Sync 1 DAGs
[2026-08-21T22:57:50.597+0000] {logging_mixin.py:188} INFO - [2026-08-21T22:57:50.597+0000] {dag.py:3834} INFO - Setting next_dagrun for latest_only to 2026-08-21 16:00:00+00:00, run_after=2026-08-21 20:00:00+00:00
[2026-08-21T22:57:50.628+0000] {processor.py:183} INFO - Processing /home/airflow/.local/lib/python3.8/site-packages/airflow/example_dags/example_latest_only.py took 0.103 seconds
[2026-08-21T22:58:20.797+0000] {processor.py:161} INFO - Started process (PID=1373) to work on /home/airflow/.local/lib/python3.8/site-packages/airflow/example_dags/example_latest_only.py
[2026-08-21T22:58:20.800+0000] {processor.py:830} INFO - Processing file /home/airflow/.local/lib/python3.8/site-packages/airflow/example_dags/example_latest_only.py for tasks to queue
[2026-08-21T22:58:20.804+0000] {logging_mixin.py:188} INFO - [2026-08-21T22:58:20.803+0000] {dagbag.py:540} INFO - Filling up the DagBag from /home/airflow/.local/lib/python3.8/site-packages/airflow/example_dags/example_latest_only.py
[2026-08-21T22:58:20.811+0000] {processor.py:840} INFO - DAG(s) 'latest_only' retrieved from /home/airflow/.local/lib/python3.8/site-packages/airflow/example_dags/example_latest_only.py
[2026-08-21T22:58:20.838+0000] {logging_mixin.py:188} INFO - [2026-08-21T22:58:20.838+0000] {dag.py:3047} INFO - Sync 1 DAGs
[2026-08-21T22:58:20.865+0000] {logging_mixin.py:188} INFO - [2026-08-21T22:58:20.865+0000] {dag.py:3834} INFO - Setting next_dagrun for latest_only to 2026-08-21 16:00:00+00:00, run_after=2026-08-21 20:00:00+00:00
[2026-08-21T22:58:20.896+0000] {processor.py:183} INFO - Processing /home/airflow/.local/lib/python3.8/site-packages/airflow/example_dags/example_latest_only.py took 0.103 seconds
[2026-08-21T22:58:51.083+0000] {processor.py:161} INFO - Started process (PID=1430) to work on /home/airflow/.local/lib/python3.8/site-packages/airflow/example_dags/example_latest_only.py
[2026-08-21T22:58:51.085+0000] {processor.py:830} INFO - Processing file /home/airflow/.local/lib/python3.8/site-packages/airflow/example_dags/example_latest_only.py for tasks to queue
[2026-08-21T22:58:51.088+0000] {logging_mixin.py:188} INFO - [2026-08-21T22:58:51.088+0000] {dagbag.py:540} INFO - Filling up the DagBag from /home/airflow/.local/lib/python3.8/site-packages/airflow/example_dags/example_latest_only.py
[2026-08-21T22:58:51.096+0000] {processor.py:840} INFO - DAG(s) 'latest_only' retrieved from /home/airflow/.local/lib/python3.8/site-packages/airflow/example_dags/example_latest_only.py
[2026-08-21T22:58:51.124+0000] {logging_mixin.py:188} INFO - [2026-08-21T22:58:51.123+0000] {dag.py:3047} INFO - Sync 1 DAGs
[2026-08-21T22:58:51.151+0000] {logging_mixin.py:188} INFO - [2026-08-21T22:58:51.151+0000] {dag.py:3834} INFO - Setting next_dagrun for latest_only to 2026-08-21 16:00:00+00:00, run_after=2026-08-21 20:00:00+00:00
[2026-08-21T22:58:51.175+0000] {processor.py:183} INFO - Processing /home/airflow/.local/lib/python3.8/site-packages/airflow/example_dags/example_latest_only.py took 0.097 seconds
[2026-08-21T22:59:21.860+0000] {processor.py:161} INFO - Started process (PID=1487) to work on /home/airflow/.local/lib/python3.8/site-packages/airflow/example_dags/example_latest_only.py
[2026-08-21T22:59:21.863+0000] {processor.py:830} INFO - Processing file /home/airflow/.local/lib/python3.8/site-packages/airflow/example_dags/example_latest_only.py for tasks to queue
[2026-08-21T22:59:21.867+0000] {logging_mixin.py:188} INFO - [2026-08-21T22:59:21.866+0000] {dagbag.py:540} INFO - Filling up the DagBag from /home/airflow/.local/lib/python3.8/site-packages/airflow/example_dags/example_latest_only.py
[2026-08-21T22:59:21.876+0000] {processor.py:840} INFO - DAG(s) 'latest_only' retrieved from /home/airflow/.local/lib/python3.8/site-packages/airflow/example_dags/example_latest_only.py
[2026-08-21T22:59:21.909+0000] {logging_mixin.py:188} INFO - [2026-08-21T22:59:21.908+0000] {dag.py:3047} INFO - Sync 1 DAGs
[2026-08-21T22:59:21.938+0000] {logging_mixin.py:188} INFO - [2026-08-21T22:59:21.938+0000] {dag.py:3834} INFO - Setting next_dagrun for latest_only to 2026-08-21 16:00:00+00:00, run_after=2026-08-21 20:00:00+00:00
[2026-08-21T22:59:21.968+0000] {processor.py:183} INFO - Processing /home/airflow/.local/lib/python3.8/site-packages/airflow/example_dags/example_latest_only.py took 0.114 seconds
[2026-08-21T22:59:52.320+0000] {processor.py:161} INFO - Started process (PID=1544) to work on /home/airflow/.local/lib/python3.8/site-packages/airflow/example_dags/example_latest_only.py
[2026-08-21T22:59:52.322+0000] {processor.py:830} INFO - Processing file /home/airflow/.local/lib/python3.8/site-packages/airflow/example_dags/example_latest_only.py for tasks to queue
[2026-08-21T22:59:52.325+0000] {logging_mixin.py:188} INFO - [2026-08-21T22:59:52.324+0000] {dagbag.py:540} INFO - Filling up the DagBag from /home/airflow/.local/lib/python3.8/site-packages/airflow/example_dags/example_latest_only.py
[2026-08-21T22:59:52.331+0000] {processor.py:840} INFO - DAG(s) 'latest_only' retrieved from /home/airflow/.local/lib/python3.8/site-packages/airflow/example_dags/example_latest_only.py
[2026-08-21T22:59:52.362+0000] {logging_mixin.py:188} INFO - [2026-08-21T22:59:52.362+0000] {dag.py:3047} INFO - Sync 1 DAGs
[2026-08-21T22:59:52.398+0000] {logging_mixin.py:188} INFO - [2026-08-21T22:59:52.398+0000] {dag.py:3834} INFO - Setting next_dagrun for latest_only to 2026-08-21 16:00:00+00:00, run_after=2026-08-21 20:00:00+00:00
[2026-08-21T22:59:52.432+0000] {processor.py:183} INFO - Processing /home/airflow/.local/lib/python3.8/site-packages/airflow/example_dags/example_latest_only.py took 0.115 seconds
[2026-08-21T23:00:23.435+0000] {processor.py:161} INFO - Started process (PID=1601) to work on /home/airflow/.local/lib/python3.8/site-packages/airflow/example_dags/example_latest_only.py
[2026-08-21T23:00:23.437+0000] {processor.py:830} INFO - Processing file /home/airflow/.local/lib/python3.8/site-packages/airflow/example_dags/example_latest_only.py for tasks to queue
[2026-08-21T23:00:23.440+0000] {logging_mixin.py:188} INFO - [2026-08-21T23:00:23.439+0000] {dagbag.py:540} INFO - Filling up the DagBag from /home/airflow/.local/lib/python3.8/site-packages/airflow/example_dags/example_latest_only.py
[2026-08-21T23:00:23.450+0000] {processor.py:840} INFO - DAG(s) 'latest_only' retrieved from /home/airflow/.local/lib/python3.8/site-packages/airflow/example_dags/example_latest_only.py
[2026-08-21T23:00:23.475+0000] {logging_mixin.py:188} INFO - [2026-08-21T23:00:23.475+0000] {dag.py:3047} INFO - Sync 1 DAGs
[2026-08-21T23:00:23.503+0000] {logging_mixin.py:188} INFO - [2026-08-21T23:00:23.503+0000] {dag.py:3834} INFO - Setting next_dagrun for latest_only to 2026-08-21 16:00:00+00:00, run_after=2026-08-21 20:00:00+00:00
[2026-08-21T23:00:23.532+0000] {processor.py:183} INFO - Processing /home/airflow/.local/lib/python3.8/site-packages/airflow/example_dags/example_latest_only.py took 0.101 seconds
[2026-08-21T23:00:53.651+0000] {processor.py:161} INFO - Started process (PID=1658) to work on /home/airflow/.local/lib/python3.8/site-packages/airflow/example_dags/example_latest_only.py
[2026-08-21T23:00:53.653+0000] {processor.py:830} INFO - Processing file /home/airflow/.local/lib/python3.8/site-packages/airflow/example_dags/example_latest_only.py for tasks to queue
[2026-08-21T23:00:53.656+0000] {logging_mixin.py:188} INFO - [2026-08-21T23:00:53.655+0000] {dagbag.py:540} INFO - Filling up the DagBag from /home/airflow/.local/lib/python3.8/site-packages/airflow/example_dags/example_latest_only.py
[2026-08-21T23:00:53.662+0000] {processor.py:840} INFO - DAG(s) 'latest_only' retrieved from /home/airflow/.local/lib/python3.8/site-packages/airflow/example_dags/example_latest_only.py
[2026-08-21T23:00:53.687+0000] {logging_mixin.py:188} INFO - [2026-08-21T23:00:53.686+0000] {dag.py:3047} INFO - Sync 1 DAGs
[2026-08-21T23:00:53.715+0000] {logging_mixin.py:188} INFO - [2026-08-21T23:00:53.715+0000] {dag.py:3834} INFO - Setting next_dagrun for latest_only to 2026-08-21 16:00:00+00:00, run_after=2026-08-21 20:00:00+00:00
[2026-08-21T23:00:53.738+0000] {processor.py:183} INFO - Processing /home/airflow/.local/lib/python3.8/site-packages/airflow/example_dags/example_latest_only.py took 0.091 seconds
[2026-08-21T23:01:24.503+0000] {processor.py:161} INFO - Started process (PID=1715) to work on /home/airflow/.local/lib/python3.8/site-packages/airflow/example_dags/example_latest_only.py
[2026-08-21T23:01:24.505+0000] {processor.py:830} INFO - Processing file /home/airflow/.local/lib/python3.8/site-packages/airflow/example_dags/example_latest_only.py for tasks to queue
[2026-08-21T23:01:24.508+0000] {logging_mixin.py:188} INFO - [2026-08-21T23:01:24.508+0000] {dagbag.py:540} INFO - Filling up the DagBag from /home/airflow/.local/lib/python3.8/site-packages/airflow/example_dags/example_latest_only.py
[2026-08-21T23:01:24.514+0000] {processor.py:840} INFO - DAG(s) 'latest_only' retrieved from /home/airflow/.local/lib/python3.8/site-packages/airflow/example_dags/example_latest_only.py
[2026-08-21T23:01:24.537+0000] {logging_mixin.py:188} INFO - [2026-08-21T23:01:24.537+0000] {dag.py:3047} INFO - Sync 1 DAGs
[2026-08-21T23:01:24.561+0000] {logging_mixin.py:188} INFO - [2026-08-21T23:01:24.561+0000] {dag.py:3834} INFO - Setting next_dagrun for latest_only to 2026-08-21 16:00:00+00:00, run_after=2026-08-21 20:00:00+00:00
[2026-08-21T23:01:24.587+0000] {processor.py:183} INFO - Processing /home/airflow/.local/lib/python3.8/site-packages/airflow/example_dags/example_latest_only.py took 0.088 seconds
[2026-08-21T23:01:54.979+0000] {processor.py:161} INFO - Started process (PID=1772) to work on /home/airflow/.local/lib/python3.8/site-packages/airflow/example_dags/example_latest_only.py
[2026-08-21T23:01:54.981+0000] {processor.py:830} INFO - Processing file /home/airflow/.local/lib/python3.8/site-packages/airflow/example_dags/example_latest_only.py for tasks to queue
[2026-08-21T23:01:54.985+0000] {logging_mixin.py:188} INFO - [2026-08-21T23:01:54.984+0000] {dagbag.py:540} INFO - Filling up the DagBag from /home/airflow/.local/lib/python3.8/site-packages/airflow/example_dags/example_latest_only.py
[2026-08-21T23:01:54.993+0000] {processor.py:840} INFO - DAG(s) 'latest_only' retrieved from /home/airflow/.local/lib/python3.8/site-packages/airflow/example_dags/example_latest_only.py
[2026-08-21T23:01:55.021+0000] {logging_mixin.py:188} INFO - [2026-08-21T23:01:55.020+0000] {dag.py:3047} INFO - Sync 1 DAGs
[2026-08-21T23:01:55.049+0000] {logging_mixin.py:188} INFO - [2026-08-21T23:01:55.049+0000] {dag.py:3834} INFO - Setting next_dagrun for latest_only to 2026-08-21 16:00:00+00:00, run_after=2026-08-21 20:00:00+00:00
[2026-08-21T23:01:55.073+0000] {processor.py:183} INFO - Processing /home/airflow/.local/lib/python3.8/site-packages/airflow/example_dags/example_latest_only.py took 0.099 seconds
[2026-08-21T23:02:25.153+0000] {processor.py:161} INFO - Started process (PID=1829) to work on /home/airflow/.local/lib/python3.8/site-packages/airflow/example_dags/example_latest_only.py
[2026-08-21T23:02:25.155+0000] {processor.py:830} INFO - Processing file /home/airflow/.local/lib/python3.8/site-packages/airflow/example_dags/example_latest_only.py for tasks to queue
[2026-08-21T23:02:25.158+0000] {logging_mixin.py:188} INFO - [2026-08-21T23:02:25.157+0000] {dagbag.py:540} INFO - Filling up the DagBag from /home/airflow/.local/lib/python3.8/site-packages/airflow/example_dags/example_latest_only.py
[2026-08-21T23:02:25.165+0000] {processor.py:840} INFO - DAG(s) 'latest_only' retrieved from /home/airflow/.local/lib/python3.8/site-packages/airflow/example_dags/example_latest_only.py
[2026-08-21T23:02:25.189+0000] {logging_mixin.py:188} INFO - [2026-08-21T23:02:25.188+0000] {dag.py:3047} INFO - Sync 1 DAGs
[2026-08-21T23:02:25.213+0000] {logging_mixin.py:188} INFO - [2026-08-21T23:02:25.212+0000] {dag.py:3834} INFO - Setting next_dagrun for latest_only to 2026-08-21 16:00:00+00:00, run_after=2026-08-21 20:00:00+00:00
[2026-08-21T23:02:25.237+0000] {processor.py:183} INFO - Processing /home/airflow/.local/lib/python3.8/site-packages/airflow/example_dags/example_latest_only.py took 0.089 seconds
[2026-08-21T23:02:55.550+0000] {processor.py:161} INFO - Started process (PID=1886) to work on /home/airflow/.local/lib/python3.8/site-packages/airflow/example_dags/example_latest_only.py
[2026-08-21T23:02:55.552+0000] {processor.py:830} INFO - Processing file /home/airflow/.local/lib/python3.8/site-packages/airflow/example_dags/example_latest_only.py for tasks to queue
[2026-08-21T23:02:55.555+0000] {logging_mixin.py:188} INFO - [2026-08-21T23:02:55.555+0000] {dagbag.py:540} INFO - Filling up the DagBag from /home/airflow/.local/lib/python3.8/site-packages/airflow/example_dags/example_latest_only.py
[2026-08-21T23:02:55.565+0000] {processor.py:840} INFO - DAG(s) 'latest_only' retrieved from /home/airflow/.local/lib/python3.8/site-packages/airflow/example_dags/example_latest_only.py
[2026-08-21T23:02:55.593+0000] {logging_mixin.py:188} INFO - [2026-08-21T23:02:55.592+0000] {dag.py:3047} INFO - Sync 1 DAGs
[2026-08-21T23:02:55.622+0000] {logging_mixin.py:188} INFO - [2026-08-21T23:02:55.622+0000] {dag.py:3834} INFO - Setting next_dagrun for latest_only to 2026-08-21 16:00:00+00:00, run_after=2026-08-21 20:00:00+00:00
[2026-08-21T23:02:55.651+0000] {processor.py:183} INFO - Processing /home/airflow/.local/lib/python3.8/site-packages/airflow/example_dags/example_latest_only.py took 0.106 seconds
[2026-08-21T23:03:26.139+0000] {processor.py:161} INFO - Started process (PID=1943) to work on /home/airflow/.local/lib/python3.8/site-packages/airflow/example_dags/example_latest_only.py
[2026-08-21T23:03:26.140+0000] {processor.py:830} INFO - Processing file /home/airflow/.local/lib/python3.8/site-packages/airflow/example_dags/example_latest_only.py for tasks to queue
[2026-08-21T23:03:26.143+0000] {logging_mixin.py:188} INFO - [2026-08-21T23:03:26.143+0000] {dagbag.py:540} INFO - Filling up the DagBag from /home/airflow/.local/lib/python3.8/site-packages/airflow/example_dags/example_latest_only.py
[2026-08-21T23:03:26.149+0000] {processor.py:840} INFO - DAG(s) 'latest_only' retrieved from /home/airflow/.local/lib/python3.8/site-packages/airflow/example_dags/example_latest_only.py
[2026-08-21T23:03:26.176+0000] {logging_mixin.py:188} INFO - [2026-08-21T23:03:26.176+0000] {dag.py:3047} INFO - Sync 1 DAGs
[2026-08-21T23:03:26.202+0000] {logging_mixin.py:188} INFO - [2026-08-21T23:03:26.201+0000] {dag.py:3834} INFO - Setting next_dagrun for latest_only to 2026-08-21 16:00:00+00:00, run_after=2026-08-21 20:00:00+00:00
[2026-08-21T23:03:26.226+0000] {processor.py:183} INFO - Processing /home/airflow/.local/lib/python3.8/site-packages/airflow/example_dags/example_latest_only.py took 0.091 seconds
[2026-08-21T23:03:56.772+0000] {processor.py:161} INFO - Started process (PID=2000) to work on /home/airflow/.local/lib/python3.8/site-packages/airflow/example_dags/example_latest_only.py
[2026-08-21T23:03:56.774+0000] {processor.py:830} INFO - Processing file /home/airflow/.local/lib/python3.8/site-packages/airflow/example_dags/example_latest_only.py for tasks to queue
[2026-08-21T23:03:56.777+0000] {logging_mixin.py:188} INFO - [2026-08-21T23:03:56.777+0000] {dagbag.py:540} INFO - Filling up the DagBag from /home/airflow/.local/lib/python3.8/site-packages/airflow/example_dags/example_latest_only.py
[2026-08-21T23:03:56.783+0000] {processor.py:840} INFO - DAG(s) 'latest_only' retrieved from /home/airflow/.local/lib/python3.8/site-packages/airflow/example_dags/example_latest_only.py
[2026-08-21T23:03:56.807+0000] {logging_mixin.py:188} INFO - [2026-08-21T23:03:56.807+0000] {dag.py:3047} INFO - Sync 1 DAGs
[2026-08-21T23:03:56.832+0000] {logging_mixin.py:188} INFO - [2026-08-21T23:03:56.832+0000] {dag.py:3834} INFO - Setting next_dagrun for latest_only to 2026-08-21 16:00:00+00:00, run_after=2026-08-21 20:00:00+00:00
[2026-08-21T23:03:56.857+0000] {processor.py:183} INFO - Processing /home/airflow/.local/lib/python3.8/site-packages/airflow/example_dags/example_latest_only.py took 0.089 seconds
[2026-08-21T23:04:27.307+0000] {processor.py:161} INFO - Started process (PID=2057) to work on /home/airflow/.local/lib/python3.8/site-packages/airflow/example_dags/example_latest_only.py
[2026-08-21T23:04:27.309+0000] {processor.py:830} INFO - Processing file /home/airflow/.local/lib/python3.8/site-packages/airflow/example_dags/example_latest_only.py for tasks to queue
[2026-08-21T23:04:27.312+0000] {logging_mixin.py:188} INFO - [2026-08-21T23:04:27.311+0000] {dagbag.py:540} INFO - Filling up the DagBag from /home/airflow/.local/lib/python3.8/site-packages/airflow/example_dags/example_latest_only.py
[2026-08-21T23:04:27.318+0000] {processor.py:840} INFO - DAG(s) 'latest_only' retrieved from /home/airflow/.local/lib/python3.8/site-packages/airflow/example_dags/example_latest_only.py
[2026-08-21T23:04:27.348+0000] {logging_mixin.py:188} INFO - [2026-08-21T23:04:27.347+0000] {dag.py:3047} INFO - Sync 1 DAGs
[2026-08-21T23:04:27.376+0000] {logging_mixin.py:188} INFO - [2026-08-21T23:04:27.375+0000] {dag.py:3834} INFO - Setting next_dagrun for latest_only to 2026-08-21 16:00:00+00:00, run_after=2026-08-21 20:00:00+00:00
[2026-08-21T23:04:27.402+0000] {processor.py:183} INFO - Processing /home/airflow/.local/lib/python3.8/site-packages/airflow/example_dags/example_latest_only.py took 0.101 seconds
[2026-08-21T23:04:57.884+0000] {processor.py:161} INFO - Started process (PID=2114) to work on /home/airflow/.local/lib/python3.8/site-packages/airflow/example_dags/example_latest_only.py
[2026-08-21T23:04:57.886+0000] {processor.py:830} INFO - Processing file /home/airflow/.local/lib/python3.8/site-packages/airflow/example_dags/example_latest_only.py for tasks to queue
[2026-08-21T23:04:57.890+0000] {logging_mixin.py:188} INFO - [2026-08-21T23:04:57.890+0000] {dagbag.py:540} INFO - Filling up the DagBag from /home/airflow/.local/lib/python3.8/site-packages/airflow/example_dags/example_latest_only.py
[2026-08-21T23:04:57.897+0000] {processor.py:840} INFO - DAG(s) 'latest_only' retrieved from /home/airflow/.local/lib/python3.8/site-packages/airflow/example_dags/example_latest_only.py
[2026-08-21T23:04:57.925+0000] {logging_mixin.py:188} INFO - [2026-08-21T23:04:57.925+0000] {dag.py:3047} INFO - Sync 1 DAGs
[2026-08-21T23:04:57.951+0000] {logging_mixin.py:188} INFO - [2026-08-21T23:04:57.950+0000] {dag.py:3834} INFO - Setting next_dagrun for latest_only to 2026-08-21 16:00:00+00:00, run_after=2026-08-21 20:00:00+00:00
[2026-08-21T23:04:57.978+0000] {processor.py:183} INFO - Processing /home/airflow/.local/lib/python3.8/site-packages/airflow/example_dags/example_latest_only.py took 0.097 seconds
[2026-08-21T23:05:28.081+0000] {processor.py:161} INFO - Started process (PID=2171) to work on /home/airflow/.local/lib/python3.8/site-packages/airflow/example_dags/example_latest_only.py
[2026-08-21T23:05:28.082+0000] {processor.py:830} INFO - Processing file /home/airflow/.local/lib/python3.8/site-packages/airflow/example_dags/example_latest_only.py for tasks to queue
[2026-08-21T23:05:28.086+0000] {logging_mixin.py:188} INFO - [2026-08-21T23:05:28.086+0000] {dagbag.py:540} INFO - Filling up the DagBag from /home/airflow/.local/lib/python3.8/site-packages/airflow/example_dags/example_latest_only.py
[2026-08-21T23:05:28.094+0000] {processor.py:840} INFO - DAG(s) 'latest_only' retrieved from /home/airflow/.local/lib/python3.8/site-packages/airflow/example_dags/example_latest_only.py
[2026-08-21T23:05:28.121+0000] {logging_mixin.py:188} INFO - [2026-08-21T23:05:28.121+0000] {dag.py:3047} INFO - Sync 1 DAGs
[2026-08-21T23:05:28.145+0000] {logging_mixin.py:188} INFO - [2026-08-21T23:05:28.145+0000] {dag.py:3834} INFO - Setting next_dagrun for latest_only to 2026-08-21 16:00:00+00:00, run_after=2026-08-21 20:00:00+00:00
[2026-08-21T23:05:28.171+0000] {processor.py:183} INFO - Processing /home/airflow/.local/lib/python3.8/site-packages/airflow/example_dags/example_latest_only.py took 0.094 seconds
[2026-08-21T23:05:58.482+0000] {processor.py:161} INFO - Started process (PID=2228) to work on /home/airflow/.local/lib/python3.8/site-packages/airflow/example_dags/example_latest_only.py
[2026-08-21T23:05:58.486+0000] {processor.py:830} INFO - Processing file /home/airflow/.local/lib/python3.8/site-packages/airflow/example_dags/example_latest_only.py for tasks to queue
[2026-08-21T23:05:58.493+0000] {logging_mixin.py:188} INFO - [2026-08-21T23:05:58.493+0000] {dagbag.py:540} INFO - Filling up the DagBag from /home/airflow/.local/lib/python3.8/site-packages/airflow/example_dags/example_latest_only.py
[2026-08-21T23:05:58.520+0000] {processor.py:840} INFO - DAG(s) 'latest_only' retrieved from /home/airflow/.local/lib/python3.8/site-packages/airflow/example_dags/example_latest_only.py
[2026-08-21T23:05:58.569+0000] {logging_mixin.py:188} INFO - [2026-08-21T23:05:58.568+0000] {dag.py:3047} INFO - Sync 1 DAGs
[2026-08-21T23:05:58.603+0000] {logging_mixin.py:188} INFO - [2026-08-21T23:05:58.602+0000] {dag.py:3834} INFO - Setting next_dagrun for latest_only to 2026-08-21 16:00:00+00:00, run_after=2026-08-21 20:00:00+00:00
[2026-08-21T23:05:58.624+0000] {processor.py:183} INFO - Processing /home/airflow/.local/lib/python3.8/site-packages/airflow/example_dags/example_latest_only.py took 0.151 seconds
[2026-08-21T23:06:29.450+0000] {processor.py:161} INFO - Started process (PID=2285) to work on /home/airflow/.local/lib/python3.8/site-packages/airflow/example_dags/example_latest_only.py
[2026-08-21T23:06:29.451+0000] {processor.py:830} INFO - Processing file /home/airflow/.local/lib/python3.8/site-packages/airflow/example_dags/example_latest_only.py for tasks to queue
[2026-08-21T23:06:29.455+0000] {logging_mixin.py:188} INFO - [2026-08-21T23:06:29.454+0000] {dagbag.py:540} INFO - Filling up the DagBag from /home/airflow/.local/lib/python3.8/site-packages/airflow/example_dags/example_latest_only.py
[2026-08-21T23:06:29.471+0000] {processor.py:840} INFO - DAG(s) 'latest_only' retrieved from /home/airflow/.local/lib/python3.8/site-packages/airflow/example_dags/example_latest_only.py
[2026-08-21T23:06:29.503+0000] {logging_mixin.py:188} INFO - [2026-08-21T23:06:29.503+0000] {dag.py:3047} INFO - Sync 1 DAGs
[2026-08-21T23:06:29.531+0000] {logging_mixin.py:188} INFO - [2026-08-21T23:06:29.530+0000] {dag.py:3834} INFO - Setting next_dagrun for latest_only to 2026-08-21 16:00:00+00:00, run_after=2026-08-21 20:00:00+00:00
[2026-08-21T23:06:29.556+0000] {processor.py:183} INFO - Processing /home/airflow/.local/lib/python3.8/site-packages/airflow/example_dags/example_latest_only.py took 0.113 seconds
[2026-08-21T23:06:59.627+0000] {processor.py:161} INFO - Started process (PID=2342) to work on /home/airflow/.local/lib/python3.8/site-packages/airflow/example_dags/example_latest_only.py
[2026-08-21T23:06:59.629+0000] {processor.py:830} INFO - Processing file /home/airflow/.local/lib/python3.8/site-packages/airflow/example_dags/example_latest_only.py for tasks to queue
[2026-08-21T23:06:59.632+0000] {logging_mixin.py:188} INFO - [2026-08-21T23:06:59.632+0000] {dagbag.py:540} INFO - Filling up the DagBag from /home/airflow/.local/lib/python3.8/site-packages/airflow/example_dags/example_latest_only.py
[2026-08-21T23:06:59.639+0000] {processor.py:840} INFO - DAG(s) 'latest_only' retrieved from /home/airflow/.local/lib/python3.8/site-packages/airflow/example_dags/example_latest_only.py
[2026-08-21T23:06:59.666+0000] {logging_mixin.py:188} INFO - [2026-08-21T23:06:59.666+0000] {dag.py:3047} INFO - Sync 1 DAGs
[2026-08-21T23:06:59.691+0000] {logging_mixin.py:188} INFO - [2026-08-21T23:06:59.691+0000] {dag.py:3834} INFO - Setting next_dagrun for latest_only to 2026-08-21 16:00:00+00:00, run_after=2026-08-21 20:00:00+00:00
[2026-08-21T23:06:59.716+0000] {processor.py:183} INFO - Processing /home/airflow/.local/lib/python3.8/site-packages/airflow/example_dags/example_latest_only.py took 0.092 seconds
[2026-08-21T23:07:30.294+0000] {processor.py:161} INFO - Started process (PID=2399) to work on /home/airflow/.local/lib/python3.8/site-packages/airflow/example_dags/example_latest_only.py
[2026-08-21T23:07:30.296+0000] {processor.py:830} INFO - Processing file /home/airflow/.local/lib/python3.8/site-packages/airflow/example_dags/example_latest_only.py for tasks to queue
[2026-08-21T23:07:30.300+0000] {logging_mixin.py:188} INFO - [2026-08-21T23:07:30.300+0000] {dagbag.py:540} INFO - Filling up the DagBag from /home/airflow/.local/lib/python3.8/site-packages/airflow/example_dags/example_latest_only.py
[2026-08-21T23:07:30.309+0000] {processor.py:840} INFO - DAG(s) 'latest_only' retrieved from /home/airflow/.local/lib/python3.8/site-packages/airflow/example_dags/example_latest_only.py
[2026-08-21T23:07:30.338+0000] {logging_mixin.py:188} INFO - [2026-08-21T23:07:30.338+0000] {dag.py:3047} INFO - Sync 1 DAGs
[2026-08-21T23:07:30.366+0000] {logging_mixin.py:188} INFO - [2026-08-21T23:07:30.365+0000] {dag.py:3834} INFO - Setting next_dagrun for latest_only to 2026-08-21 16:00:00+00:00, run_after=2026-08-21 20:00:00+00:00
[2026-08-21T23:07:30.392+0000] {processor.py:183} INFO - Processing /home/airflow/.local/lib/python3.8/site-packages/airflow/example_dags/example_latest_only.py took 0.103 seconds
[2026-08-21T23:08:00.753+0000] {processor.py:161} INFO - Started process (PID=2458) to work on /home/airflow/.local/lib/python3.8/site-packages/airflow/example_dags/example_latest_only.py
[2026-08-21T23:08:00.756+0000] {processor.py:830} INFO - Processing file /home/airflow/.local/lib/python3.8/site-packages/airflow/example_dags/example_latest_only.py for tasks to queue
[2026-08-21T23:08:00.760+0000] {logging_mixin.py:188} INFO - [2026-08-21T23:08:00.759+0000] {dagbag.py:540} INFO - Filling up the DagBag from /home/airflow/.local/lib/python3.8/site-packages/airflow/example_dags/example_latest_only.py
[2026-08-21T23:08:00.766+0000] {processor.py:840} INFO - DAG(s) 'latest_only' retrieved from /home/airflow/.local/lib/python3.8/site-packages/airflow/example_dags/example_latest_only.py
[2026-08-21T23:08:00.795+0000] {logging_mixin.py:188} INFO - [2026-08-21T23:08:00.795+0000] {dag.py:3047} INFO - Sync 1 DAGs
[2026-08-21T23:08:00.825+0000] {logging_mixin.py:188} INFO - [2026-08-21T23:08:00.824+0000] {dag.py:3834} INFO - Setting next_dagrun for latest_only to 2026-08-21 16:00:00+00:00, run_after=2026-08-21 20:00:00+00:00
[2026-08-21T23:08:00.848+0000] {processor.py:183} INFO - Processing /home/airflow/.local/lib/python3.8/site-packages/airflow/example_dags/example_latest_only.py took 0.101 seconds
