[2026-08-21T22:46:45.713+0000] {processor.py:161} INFO - Started process (PID=92) to work on /home/airflow/.local/lib/python3.8/site-packages/airflow/example_dags/example_branch_datetime_operator.py
[2026-08-21T22:46:45.715+0000] {processor.py:830} INFO - Processing file /home/airflow/.local/lib/python3.8/site-packages/airflow/example_dags/example_branch_datetime_operator.py for tasks to queue
[2026-08-21T22:46:45.724+0000] {logging_mixin.py:188} INFO - [2026-08-21T22:46:45.723+0000] {dagbag.py:540} INFO - Filling up the DagBag from /home/airflow/.local/lib/python3.8/site-packages/airflow/example_dags/example_branch_datetime_operator.py
[2026-08-21T22:46:45.739+0000] {processor.py:840} INFO - DAG(s) 'example_branch_datetime_operator_3', 'example_branch_datetime_operator', 'example_branch_datetime_operator_2' retrieved from /home/airflow/.local/lib/python3.8/site-packages/airflow/example_dags/example_branch_datetime_operator.py
[2026-08-21T22:46:45.898+0000] {logging_mixin.py:188} INFO - [2026-08-21T22:46:45.898+0000] {dag.py:3047} INFO - Sync 3 DAGs
[2026-08-21T22:46:45.921+0000] {logging_mixin.py:188} INFO - [2026-08-21T22:46:45.921+0000] {dag.py:3834} INFO - Setting next_dagrun for example_branch_datetime_operator to 2026-08-20 00:00:00+00:00, run_after=2026-08-21 00:00:00+00:00
[2026-08-21T22:46:45.927+0000] {logging_mixin.py:188} INFO - [2026-08-21T22:46:45.927+0000] {dag.py:3834} INFO - Setting next_dagrun for example_branch_datetime_operator_2 to 2026-08-20 00:00:00+00:00, run_after=2026-08-21 00:00:00+00:00
[2026-08-21T22:46:45.932+0000] {logging_mixin.py:188} INFO - [2026-08-21T22:46:45.932+0000] {dag.py:3834} INFO - Setting next_dagrun for example_branch_datetime_operator_3 to 2026-08-20 00:00:00+00:00, run_after=2026-08-21 00:00:00+00:00
[2026-08-21T22:46:45.959+0000] {processor.py:183} INFO - Processing /home/airflow/.local/lib/python3.8/site-packages/airflow/example_dags/example_branch_datetime_operator.py took 0.263 seconds
[2026-08-21T22:47:16.040+0000] {processor.py:161} INFO - Started process (PID=149) to work on /home/airflow/.local/lib/python3.8/site-packages/airflow/example_dags/example_branch_datetime_operator.py
[2026-08-21T22:47:16.043+0000] {processor.py:830} INFO - Processing file /home/airflow/.local/lib/python3.8/site-packages/airflow/example_dags/example_branch_datetime_operator.py for tasks to queue
[2026-08-21T22:47:16.045+0000] {logging_mixin.py:188} INFO - [2026-08-21T22:47:16.045+0000] {dagbag.py:540} INFO - Filling up the DagBag from /home/airflow/.local/lib/python3.8/site-packages/airflow/example_dags/example_branch_datetime_operator.py
[2026-08-21T22:47:16.057+0000] {processor.py:840} INFO - DAG(s) 'example_branch_datetime_operator_3', 'example_branch_datetime_operator', 'example_branch_datetime_operator_2' retrieved from /home/airflow/.local/lib/python3.8/site-packages/airflow/example_dags/example_branch_datetime_operator.py
[2026-08-21T22:47:16.088+0000] {logging_mixin.py:188} INFO - [2026-08-21T22:47:16.088+0000] {dag.py:3047} INFO - Sync 3 DAGs
[2026-08-21T22:47:16.114+0000] {logging_mixin.py:188} INFO - [2026-08-21T22:47:16.114+0000] {dag.py:3834} INFO - Setting next_dagrun for example_branch_datetime_operator to 2026-08-20 00:00:00+00:00, run_after=2026-08-21 00:00:00+00:00
[2026-08-21T22:47:16.120+0000] {logging_mixin.py:188} INFO - [2026-08-21T22:47:16.120+0000] {dag.py:3834} INFO - Setting next_dagrun for example_branch_datetime_operator_2 to 2026-08-20 00:00:00+00:00, run_after=2026-08-21 00:00:00+00:00
[2026-08-21T22:47:16.123+0000] {logging_mixin.py:188} INFO - [2026-08-21T22:47:16.123+0000] {dag.py:3834} INFO - Setting next_dagrun for example_branch_datetime_operator_3 to 2026-08-20 00:00:00+00:00, run_after=2026-08-21 00:00:00+00:00
[2026-08-21T22:47:16.144+0000] {processor.py:183} INFO - Processing /home/airflow/.local/lib/python3.8/site-packages/airflow/example_dags/example_branch_datetime_operator.py took 0.107 seconds
[2026-08-21T22:47:46.755+0000] {processor.py:161} INFO - Started process (PID=206) to work on /home/airflow/.local/lib/python3.8/site-packages/airflow/example_dags/example_branch_datetime_operator.py
[2026-08-21T22:47:46.756+0000] {processor.py:830} INFO - Processing file /home/airflow/.local/lib/python3.8/site-packages/airflow/example_dags/example_branch_datetime_operator.py for tasks to queue
[2026-08-21T22:47:46.760+0000] {logging_mixin.py:188} INFO - [2026-08-21T22:47:46.760+0000] {dagbag.py:540} INFO - Filling up the DagBag from /home/airflow/.local/lib/python3.8/site-packages/airflow/example_dags/example_branch_datetime_operator.py
[2026-08-21T22:47:46.773+0000] {processor.py:840} INFO - DAG(s) 'example_branch_datetime_operator', 'example_branch_datetime_operator_3', 'example_branch_datetime_operator_2' retrieved from /home/airflow/.local/lib/python3.8/site-packages/airflow/example_dags/example_branch_datetime_operator.py
[2026-08-21T22:47:46.806+0000] {logging_mixin.py:188} INFO - [2026-08-21T22:47:46.806+0000] {dag.py:3047} INFO - Sync 3 DAGs
[2026-08-21T22:47:46.835+0000] {logging_mixin.py:188} INFO - [2026-08-21T22:47:46.835+0000] {dag.py:3834} INFO - Setting next_dagrun for example_branch_datetime_operator to 2026-08-20 00:00:00+00:00, run_after=2026-08-21 00:00:00+00:00
[2026-08-21T22:47:46.842+0000] {logging_mixin.py:188} INFO - [2026-08-21T22:47:46.842+0000] {dag.py:3834} INFO - Setting next_dagrun for example_branch_datetime_operator_2 to 2026-08-20 00:00:00+00:00, run_after=2026-08-21 00:00:00+00:00
[2026-08-21T22:47:46.847+0000] {logging_mixin.py:188} INFO - [2026-08-21T22:47:46.846+0000] {dag.py:3834} INFO - Setting next_dagrun for example_branch_datetime_operator_3 to 2026-08-20 00:00:00+00:00, run_after=2026-08-21 00:00:00+00:00
[2026-08-21T22:47:46.866+0000] {processor.py:183} INFO - Processing /home/airflow/.local/lib/python3.8/site-packages/airflow/example_dags/example_branch_datetime_operator.py took 0.114 seconds
[2026-08-21T22:48:17.509+0000] {processor.py:161} INFO - Started process (PID=263) to work on /home/airflow/.local/lib/python3.8/site-packages/airflow/example_dags/example_branch_datetime_operator.py
[2026-08-21T22:48:17.511+0000] {processor.py:830} INFO - Processing file /home/airflow/.local/lib/python3.8/site-packages/airflow/example_dags/example_branch_datetime_operator.py for tasks to queue
[2026-08-21T22:48:17.515+0000] {logging_mixin.py:188} INFO - [2026-08-21T22:48:17.514+0000] {dagbag.py:540} INFO - Filling up the DagBag from /home/airflow/.local/lib/python3.8/site-packages/airflow/example_dags/example_branch_datetime_operator.py
[2026-08-21T22:48:17.542+0000] {processor.py:840} INFO - DAG(s) 'example_branch_datetime_operator_2', 'example_branch_datetime_operator_3', 'example_branch_datetime_operator' retrieved from /home/airflow/.local/lib/python3.8/site-packages/airflow/example_dags/example_branch_datetime_operator.py
[2026-08-21T22:48:17.589+0000] {logging_mixin.py:188} INFO - [2026-08-21T22:48:17.589+0000] {dag.py:3047} INFO - Sync 3 DAGs
[2026-08-21T22:48:17.627+0000] {logging_mixin.py:188} INFO - [2026-08-21T22:48:17.626+0000] {dag.py:3834} INFO - Setting next_dagrun for example_branch_datetime_operator to 2026-08-20 00:00:00+00:00, run_after=2026-08-21 00:00:00+00:00
[2026-08-21T22:48:17.632+0000] {logging_mixin.py:188} INFO - [2026-08-21T22:48:17.632+0000] {dag.py:3834} INFO - Setting next_dagrun for example_branch_datetime_operator_2 to 2026-08-20 00:00:00+00:00, run_after=2026-08-21 00:00:00+00:00
[2026-08-21T22:48:17.639+0000] {logging_mixin.py:188} INFO - [2026-08-21T22:48:17.639+0000] {dag.py:3834} INFO - Setting next_dagrun for example_branch_datetime_operator_3 to 2026-08-20 00:00:00+00:00, run_after=2026-08-21 00:00:00+00:00
[2026-08-21T22:48:17.656+0000] {processor.py:183} INFO - Processing /home/airflow/.local/lib/python3.8/site-packages/airflow/example_dags/example_branch_datetime_operator.py took 0.156 seconds
[2026-08-21T22:48:48.294+0000] {processor.py:161} INFO - Started process (PID=320) to work on /home/airflow/.local/lib/python3.8/site-packages/airflow/example_dags/example_branch_datetime_operator.py
[2026-08-21T22:48:48.295+0000] {processor.py:830} INFO - Processing file /home/airflow/.local/lib/python3.8/site-packages/airflow/example_dags/example_branch_datetime_operator.py for tasks to queue
[2026-08-21T22:48:48.298+0000] {logging_mixin.py:188} INFO - [2026-08-21T22:48:48.297+0000] {dagbag.py:540} INFO - Filling up the DagBag from /home/airflow/.local/lib/python3.8/site-packages/airflow/example_dags/example_branch_datetime_operator.py
[2026-08-21T22:48:48.314+0000] {processor.py:840} INFO - DAG(s) 'example_branch_datetime_operator_3', 'example_branch_datetime_operator', 'example_branch_datetime_operator_2' retrieved from /home/airflow/.local/lib/python3.8/site-packages/airflow/example_dags/example_branch_datetime_operator.py
[2026-08-21T22:48:48.350+0000] {logging_mixin.py:188} INFO - [2026-08-21T22:48:48.350+0000] {dag.py:3047} INFO - Sync 3 DAGs
[2026-08-21T22:48:48.380+0000] {logging_mixin.py:188} INFO - [2026-08-21T22:48:48.379+0000] {dag.py:3834} INFO - Setting next_dagrun for example_branch_datetime_operator to 2026-08-20 00:00:00+00:00, run_after=2026-08-21 00:00:00+00:00
[2026-08-21T22:48:48.388+0000] {logging_mixin.py:188} INFO - [2026-08-21T22:48:48.387+0000] {dag.py:3834} INFO - Setting next_dagrun for example_branch_datetime_operator_2 to 2026-08-20 00:00:00+00:00, run_after=2026-08-21 00:00:00+00:00
[2026-08-21T22:48:48.393+0000] {logging_mixin.py:188} INFO - [2026-08-21T22:48:48.392+0000] {dag.py:3834} INFO - Setting next_dagrun for example_branch_datetime_operator_3 to 2026-08-20 00:00:00+00:00, run_after=2026-08-21 00:00:00+00:00
[2026-08-21T22:48:48.413+0000] {processor.py:183} INFO - Processing /home/airflow/.local/lib/python3.8/site-packages/airflow/example_dags/example_branch_datetime_operator.py took 0.124 seconds
[2026-08-21T22:49:18.715+0000] {processor.py:161} INFO - Started process (PID=377) to work on /home/airflow/.local/lib/python3.8/site-packages/airflow/example_dags/example_branch_datetime_operator.py
[2026-08-21T22:49:18.717+0000] {processor.py:830} INFO - Processing file /home/airflow/.local/lib/python3.8/site-packages/airflow/example_dags/example_branch_datetime_operator.py for tasks to queue
[2026-08-21T22:49:18.722+0000] {logging_mixin.py:188} INFO - [2026-08-21T22:49:18.721+0000] {dagbag.py:540} INFO - Filling up the DagBag from /home/airflow/.local/lib/python3.8/site-packages/airflow/example_dags/example_branch_datetime_operator.py
[2026-08-21T22:49:18.738+0000] {processor.py:840} INFO - DAG(s) 'example_branch_datetime_operator', 'example_branch_datetime_operator_3', 'example_branch_datetime_operator_2' retrieved from /home/airflow/.local/lib/python3.8/site-packages/airflow/example_dags/example_branch_datetime_operator.py
[2026-08-21T22:49:18.778+0000] {logging_mixin.py:188} INFO - [2026-08-21T22:49:18.778+0000] {dag.py:3047} INFO - Sync 3 DAGs
[2026-08-21T22:49:18.813+0000] {logging_mixin.py:188} INFO - [2026-08-21T22:49:18.812+0000] {dag.py:3834} INFO - Setting next_dagrun for example_branch_datetime_operator to 2026-08-20 00:00:00+00:00, run_after=2026-08-21 00:00:00+00:00
[2026-08-21T22:49:18.820+0000] {logging_mixin.py:188} INFO - [2026-08-21T22:49:18.820+0000] {dag.py:3834} INFO - Setting next_dagrun for example_branch_datetime_operator_2 to 2026-08-20 00:00:00+00:00, run_after=2026-08-21 00:00:00+00:00
[2026-08-21T22:49:18.825+0000] {logging_mixin.py:188} INFO - [2026-08-21T22:49:18.825+0000] {dag.py:3834} INFO - Setting next_dagrun for example_branch_datetime_operator_3 to 2026-08-20 00:00:00+00:00, run_after=2026-08-21 00:00:00+00:00
[2026-08-21T22:49:18.846+0000] {processor.py:183} INFO - Processing /home/airflow/.local/lib/python3.8/site-packages/airflow/example_dags/example_branch_datetime_operator.py took 0.136 seconds
[2026-08-21T22:49:49.236+0000] {processor.py:161} INFO - Started process (PID=434) to work on /home/airflow/.local/lib/python3.8/site-packages/airflow/example_dags/example_branch_datetime_operator.py
[2026-08-21T22:49:49.238+0000] {processor.py:830} INFO - Processing file /home/airflow/.local/lib/python3.8/site-packages/airflow/example_dags/example_branch_datetime_operator.py for tasks to queue
[2026-08-21T22:49:49.242+0000] {logging_mixin.py:188} INFO - [2026-08-21T22:49:49.241+0000] {dagbag.py:540} INFO - Filling up the DagBag from /home/airflow/.local/lib/python3.8/site-packages/airflow/example_dags/example_branch_datetime_operator.py
[2026-08-21T22:49:49.266+0000] {processor.py:840} INFO - DAG(s) 'example_branch_datetime_operator_2', 'example_branch_datetime_operator', 'example_branch_datetime_operator_3' retrieved from /home/airflow/.local/lib/python3.8/site-packages/airflow/example_dags/example_branch_datetime_operator.py
[2026-08-21T22:49:49.319+0000] {logging_mixin.py:188} INFO - [2026-08-21T22:49:49.319+0000] {dag.py:3047} INFO - Sync 3 DAGs
[2026-08-21T22:49:49.374+0000] {logging_mixin.py:188} INFO - [2026-08-21T22:49:49.374+0000] {dag.py:3834} INFO - Setting next_dagrun for example_branch_datetime_operator to 2026-08-20 00:00:00+00:00, run_after=2026-08-21 00:00:00+00:00
[2026-08-21T22:49:49.388+0000] {logging_mixin.py:188} INFO - [2026-08-21T22:49:49.387+0000] {dag.py:3834} INFO - Setting next_dagrun for example_branch_datetime_operator_2 to 2026-08-20 00:00:00+00:00, run_after=2026-08-21 00:00:00+00:00
[2026-08-21T22:49:49.394+0000] {logging_mixin.py:188} INFO - [2026-08-21T22:49:49.394+0000] {dag.py:3834} INFO - Setting next_dagrun for example_branch_datetime_operator_3 to 2026-08-20 00:00:00+00:00, run_after=2026-08-21 00:00:00+00:00
[2026-08-21T22:49:49.422+0000] {processor.py:183} INFO - Processing /home/airflow/.local/lib/python3.8/site-packages/airflow/example_dags/example_branch_datetime_operator.py took 0.193 seconds
[2026-08-21T22:50:19.910+0000] {processor.py:161} INFO - Started process (PID=491) to work on /home/airflow/.local/lib/python3.8/site-packages/airflow/example_dags/example_branch_datetime_operator.py
[2026-08-21T22:50:19.911+0000] {processor.py:830} INFO - Processing file /home/airflow/.local/lib/python3.8/site-packages/airflow/example_dags/example_branch_datetime_operator.py for tasks to queue
[2026-08-21T22:50:19.916+0000] {logging_mixin.py:188} INFO - [2026-08-21T22:50:19.915+0000] {dagbag.py:540} INFO - Filling up the DagBag from /home/airflow/.local/lib/python3.8/site-packages/airflow/example_dags/example_branch_datetime_operator.py
[2026-08-21T22:50:19.932+0000] {processor.py:840} INFO - DAG(s) 'example_branch_datetime_operator_2', 'example_branch_datetime_operator_3', 'example_branch_datetime_operator' retrieved from /home/airflow/.local/lib/python3.8/site-packages/airflow/example_dags/example_branch_datetime_operator.py
[2026-08-21T22:50:19.975+0000] {logging_mixin.py:188} INFO - [2026-08-21T22:50:19.975+0000] {dag.py:3047} INFO - Sync 3 DAGs
[2026-08-21T22:50:20.008+0000] {logging_mixin.py:188} INFO - [2026-08-21T22:50:20.007+0000] {dag.py:3834} INFO - Setting next_dagrun for example_branch_datetime_operator to 2026-08-20 00:00:00+00:00, run_after=2026-08-21 00:00:00+00:00
[2026-08-21T22:50:20.018+0000] {logging_mixin.py:188} INFO - [2026-08-21T22:50:20.018+0000] {dag.py:3834} INFO - Setting next_dagrun for example_branch_datetime_operator_2 to 2026-08-20 00:00:00+00:00, run_after=2026-08-21 00:00:00+00:00
[2026-08-21T22:50:20.023+0000] {logging_mixin.py:188} INFO - [2026-08-21T22:50:20.023+0000] {dag.py:3834} INFO - Setting next_dagrun for example_branch_datetime_operator_3 to 2026-08-20 00:00:00+00:00, run_after=2026-08-21 00:00:00+00:00
[2026-08-21T22:50:20.051+0000] {processor.py:183} INFO - Processing /home/airflow/.local/lib/python3.8/site-packages/airflow/example_dags/example_branch_datetime_operator.py took 0.145 seconds
[2026-08-21T22:50:50.463+0000] {processor.py:161} INFO - Started process (PID=547) to work on /home/airflow/.local/lib/python3.8/site-packages/airflow/example_dags/example_branch_datetime_operator.py
[2026-08-21T22:50:50.466+0000] {processor.py:830} INFO - Processing file /home/airflow/.local/lib/python3.8/site-packages/airflow/example_dags/example_branch_datetime_operator.py for tasks to queue
[2026-08-21T22:50:50.469+0000] {logging_mixin.py:188} INFO - [2026-08-21T22:50:50.469+0000] {dagbag.py:540} INFO - Filling up the DagBag from /home/airflow/.local/lib/python3.8/site-packages/airflow/example_dags/example_branch_datetime_operator.py
[2026-08-21T22:50:50.485+0000] {processor.py:840} INFO - DAG(s) 'example_branch_datetime_operator_3', 'example_branch_datetime_operator_2', 'example_branch_datetime_operator' retrieved from /home/airflow/.local/lib/python3.8/site-packages/airflow/example_dags/example_branch_datetime_operator.py
[2026-08-21T22:50:50.522+0000] {logging_mixin.py:188} INFO - [2026-08-21T22:50:50.522+0000] {dag.py:3047} INFO - Sync 3 DAGs
[2026-08-21T22:50:50.553+0000] {logging_mixin.py:188} INFO - [2026-08-21T22:50:50.552+0000] {dag.py:3834} INFO - Setting next_dagrun for example_branch_datetime_operator to 2026-08-20 00:00:00+00:00, run_after=2026-08-21 00:00:00+00:00
[2026-08-21T22:50:50.558+0000] {logging_mixin.py:188} INFO - [2026-08-21T22:50:50.558+0000] {dag.py:3834} INFO - Setting next_dagrun for example_branch_datetime_operator_2 to 2026-08-20 00:00:00+00:00, run_after=2026-08-21 00:00:00+00:00
[2026-08-21T22:50:50.563+0000] {logging_mixin.py:188} INFO - [2026-08-21T22:50:50.562+0000] {dag.py:3834} INFO - Setting next_dagrun for example_branch_datetime_operator_3 to 2026-08-20 00:00:00+00:00, run_after=2026-08-21 00:00:00+00:00
[2026-08-21T22:50:50.604+0000] {processor.py:183} INFO - Processing /home/airflow/.local/lib/python3.8/site-packages/airflow/example_dags/example_branch_datetime_operator.py took 0.148 seconds
[2026-08-21T22:51:20.737+0000] {processor.py:161} INFO - Started process (PID=603) to work on /home/airflow/.local/lib/python3.8/site-packages/airflow/example_dags/example_branch_datetime_operator.py
[2026-08-21T22:51:20.740+0000] {processor.py:830} INFO - Processing file /home/airflow/.local/lib/python3.8/site-packages/airflow/example_dags/example_branch_datetime_operator.py for tasks to queue
[2026-08-21T22:51:20.744+0000] {logging_mixin.py:188} INFO - [2026-08-21T22:51:20.744+0000] {dagbag.py:540} INFO - Filling up the DagBag from /home/airflow/.local/lib/python3.8/site-packages/airflow/example_dags/example_branch_datetime_operator.py
[2026-08-21T22:51:20.759+0000] {processor.py:840} INFO - DAG(s) 'example_branch_datetime_operator_3', 'example_branch_datetime_operator', 'example_branch_datetime_operator_2' retrieved from /home/airflow/.local/lib/python3.8/site-packages/airflow/example_dags/example_branch_datetime_operator.py
[2026-08-21T22:51:20.800+0000] {logging_mixin.py:188} INFO - [2026-08-21T22:51:20.800+0000] {dag.py:3047} INFO - Sync 3 DAGs
[2026-08-21T22:51:20.834+0000] {logging_mixin.py:188} INFO - [2026-08-21T22:51:20.834+0000] {dag.py:3834} INFO - Setting next_dagrun for example_branch_datetime_operator to 2026-08-20 00:00:00+00:00, run_after=2026-08-21 00:00:00+00:00
[2026-08-21T22:51:20.842+0000] {logging_mixin.py:188} INFO - [2026-08-21T22:51:20.842+0000] {dag.py:3834} INFO - Setting next_dagrun for example_branch_datetime_operator_2 to 2026-08-20 00:00:00+00:00, run_after=2026-08-21 00:00:00+00:00
[2026-08-21T22:51:20.848+0000] {logging_mixin.py:188} INFO - [2026-08-21T22:51:20.848+0000] {dag.py:3834} INFO - Setting next_dagrun for example_branch_datetime_operator_3 to 2026-08-20 00:00:00+00:00, run_after=2026-08-21 00:00:00+00:00
[2026-08-21T22:51:20.871+0000] {processor.py:183} INFO - Processing /home/airflow/.local/lib/python3.8/site-packages/airflow/example_dags/example_branch_datetime_operator.py took 0.139 seconds
[2026-08-21T22:51:51.155+0000] {processor.py:161} INFO - Started process (PID=660) to work on /home/airflow/.local/lib/python3.8/site-packages/airflow/example_dags/example_branch_datetime_operator.py
[2026-08-21T22:51:51.157+0000] {processor.py:830} INFO - Processing file /home/airflow/.local/lib/python3.8/site-packages/airflow/example_dags/example_branch_datetime_operator.py for tasks to queue
[2026-08-21T22:51:51.159+0000] {logging_mixin.py:188} INFO - [2026-08-21T22:51:51.159+0000] {dagbag.py:540} INFO - Filling up the DagBag from /home/airflow/.local/lib/python3.8/site-packages/airflow/example_dags/example_branch_datetime_operator.py
[2026-08-21T22:51:51.171+0000] {processor.py:840} INFO - DAG(s) 'example_branch_datetime_operator_2', 'example_branch_datetime_operator_3', 'example_branch_datetime_operator' retrieved from /home/airflow/.local/lib/python3.8/site-packages/airflow/example_dags/example_branch_datetime_operator.py
[2026-08-21T22:51:51.202+0000] {logging_mixin.py:188} INFO - [2026-08-21T22:51:51.202+0000] {dag.py:3047} INFO - Sync 3 DAGs
[2026-08-21T22:51:51.228+0000] {logging_mixin.py:188} INFO - [2026-08-21T22:51:51.228+0000] {dag.py:3834} INFO - Setting next_dagrun for example_branch_datetime_operator to 2026-08-20 00:00:00+00:00, run_after=2026-08-21 00:00:00+00:00
[2026-08-21T22:51:51.234+0000] {logging_mixin.py:188} INFO - [2026-08-21T22:51:51.234+0000] {dag.py:3834} INFO - Setting next_dagrun for example_branch_datetime_operator_2 to 2026-08-20 00:00:00+00:00, run_after=2026-08-21 00:00:00+00:00
[2026-08-21T22:51:51.238+0000] {logging_mixin.py:188} INFO - [2026-08-21T22:51:51.238+0000] {dag.py:3834} INFO - Setting next_dagrun for example_branch_datetime_operator_3 to 2026-08-20 00:00:00+00:00, run_after=2026-08-21 00:00:00+00:00
[2026-08-21T22:51:51.258+0000] {processor.py:183} INFO - Processing /home/airflow/.local/lib/python3.8/site-packages/airflow/example_dags/example_branch_datetime_operator.py took 0.107 seconds
[2026-08-21T22:52:21.553+0000] {processor.py:161} INFO - Started process (PID=717) to work on /home/airflow/.local/lib/python3.8/site-packages/airflow/example_dags/example_branch_datetime_operator.py
[2026-08-21T22:52:21.555+0000] {processor.py:830} INFO - Processing file /home/airflow/.local/lib/python3.8/site-packages/airflow/example_dags/example_branch_datetime_operator.py for tasks to queue
[2026-08-21T22:52:21.559+0000] {logging_mixin.py:188} INFO - [2026-08-21T22:52:21.559+0000] {dagbag.py:540} INFO - Filling up the DagBag from /home/airflow/.local/lib/python3.8/site-packages/airflow/example_dags/example_branch_datetime_operator.py
[2026-08-21T22:52:21.582+0000] {processor.py:840} INFO - DAG(s) 'example_branch_datetime_operator', 'example_branch_datetime_operator_3', 'example_branch_datetime_operator_2' retrieved from /home/airflow/.local/lib/python3.8/site-packages/airflow/example_dags/example_branch_datetime_operator.py
[2026-08-21T22:52:21.622+0000] {logging_mixin.py:188} INFO - [2026-08-21T22:52:21.622+0000] {dag.py:3047} INFO - Sync 3 DAGs
[2026-08-21T22:52:21.648+0000] {logging_mixin.py:188} INFO - [2026-08-21T22:52:21.647+0000] {dag.py:3834} INFO - Setting next_dagrun for example_branch_datetime_operator to 2026-08-20 00:00:00+00:00, run_after=2026-08-21 00:00:00+00:00
[2026-08-21T22:52:21.655+0000] {logging_mixin.py:188} INFO - [2026-08-21T22:52:21.655+0000] {dag.py:3834} INFO - Setting next_dagrun for example_branch_datetime_operator_2 to 2026-08-20 00:00:00+00:00, run_after=2026-08-21 00:00:00+00:00
[2026-08-21T22:52:21.659+0000] {logging_mixin.py:188} INFO - [2026-08-21T22:52:21.658+0000] {dag.py:3834} INFO - Setting next_dagrun for example_branch_datetime_operator_3 to 2026-08-20 00:00:00+00:00, run_after=2026-08-21 00:00:00+00:00
[2026-08-21T22:52:21.680+0000] {processor.py:183} INFO - Processing /home/airflow/.local/lib/python3.8/site-packages/airflow/example_dags/example_branch_datetime_operator.py took 0.134 seconds
[2026-08-21T22:52:51.804+0000] {processor.py:161} INFO - Started process (PID=774) to work on /home/airflow/.local/lib/python3.8/site-packages/airflow/example_dags/example_branch_datetime_operator.py
[2026-08-21T22:52:51.807+0000] {processor.py:830} INFO - Processing file /home/airflow/.local/lib/python3.8/site-packages/airflow/example_dags/example_branch_datetime_operator.py for tasks to queue
[2026-08-21T22:52:51.813+0000] {logging_mixin.py:188} INFO - [2026-08-21T22:52:51.812+0000] {dagbag.py:540} INFO - Filling up the DagBag from /home/airflow/.local/lib/python3.8/site-packages/airflow/example_dags/example_branch_datetime_operator.py
[2026-08-21T22:52:51.840+0000] {processor.py:840} INFO - DAG(s) 'example_branch_datetime_operator_2', 'example_branch_datetime_operator', 'example_branch_datetime_operator_3' retrieved from /home/airflow/.local/lib/python3.8/site-packages/airflow/example_dags/example_branch_datetime_operator.py
[2026-08-21T22:52:51.912+0000] {logging_mixin.py:188} INFO - [2026-08-21T22:52:51.912+0000] {dag.py:3047} INFO - Sync 3 DAGs
[2026-08-21T22:52:51.980+0000] {logging_mixin.py:188} INFO - [2026-08-21T22:52:51.980+0000] {dag.py:3834} INFO - Setting next_dagrun for example_branch_datetime_operator to 2026-08-20 00:00:00+00:00, run_after=2026-08-21 00:00:00+00:00
[2026-08-21T22:52:51.994+0000] {logging_mixin.py:188} INFO - [2026-08-21T22:52:51.994+0000] {dag.py:3834} INFO - Setting next_dagrun for example_branch_datetime_operator_2 to 2026-08-20 00:00:00+00:00, run_after=2026-08-21 00:00:00+00:00
[2026-08-21T22:52:52.001+0000] {logging_mixin.py:188} INFO - [2026-08-21T22:52:52.001+0000] {dag.py:3834} INFO - Setting next_dagrun for example_branch_datetime_operator_3 to 2026-08-20 00:00:00+00:00, run_after=2026-08-21 00:00:00+00:00
[2026-08-21T22:52:52.044+0000] {processor.py:183} INFO - Processing /home/airflow/.local/lib/python3.8/site-packages/airflow/example_dags/example_branch_datetime_operator.py took 0.247 seconds
[2026-08-21T22:53:22.687+0000] {processor.py:161} INFO - Started process (PID=831) to work on /home/airflow/.local/lib/python3.8/site-packages/airflow/example_dags/example_branch_datetime_operator.py
[2026-08-21T22:53:22.689+0000] {processor.py:830} INFO - Processing file /home/airflow/.local/lib/python3.8/site-packages/airflow/example_dags/example_branch_datetime_operator.py for tasks to queue
[2026-08-21T22:53:22.691+0000] {logging_mixin.py:188} INFO - [2026-08-21T22:53:22.691+0000] {dagbag.py:540} INFO - Filling up the DagBag from /home/airflow/.local/lib/python3.8/site-packages/airflow/example_dags/example_branch_datetime_operator.py
[2026-08-21T22:53:22.704+0000] {processor.py:840} INFO - DAG(s) 'example_branch_datetime_operator', 'example_branch_datetime_operator_2', 'example_branch_datetime_operator_3' retrieved from /home/airflow/.local/lib/python3.8/site-packages/airflow/example_dags/example_branch_datetime_operator.py
[2026-08-21T22:53:22.742+0000] {logging_mixin.py:188} INFO - [2026-08-21T22:53:22.742+0000] {dag.py:3047} INFO - Sync 3 DAGs
[2026-08-21T22:53:22.772+0000] {logging_mixin.py:188} INFO - [2026-08-21T22:53:22.772+0000] {dag.py:3834} INFO - Setting next_dagrun for example_branch_datetime_operator to 2026-08-20 00:00:00+00:00, run_after=2026-08-21 00:00:00+00:00
[2026-08-21T22:53:22.779+0000] {logging_mixin.py:188} INFO - [2026-08-21T22:53:22.778+0000] {dag.py:3834} INFO - Setting next_dagrun for example_branch_datetime_operator_2 to 2026-08-20 00:00:00+00:00, run_after=2026-08-21 00:00:00+00:00
[2026-08-21T22:53:22.783+0000] {logging_mixin.py:188} INFO - [2026-08-21T22:53:22.783+0000] {dag.py:3834} INFO - Setting next_dagrun for example_branch_datetime_operator_3 to 2026-08-20 00:00:00+00:00, run_after=2026-08-21 00:00:00+00:00
[2026-08-21T22:53:22.805+0000] {processor.py:183} INFO - Processing /home/airflow/.local/lib/python3.8/site-packages/airflow/example_dags/example_branch_datetime_operator.py took 0.122 seconds
[2026-08-21T22:53:53.109+0000] {processor.py:161} INFO - Started process (PID=888) to work on /home/airflow/.local/lib/python3.8/site-packages/airflow/example_dags/example_branch_datetime_operator.py
[2026-08-21T22:53:53.115+0000] {processor.py:830} INFO - Processing file /home/airflow/.local/lib/python3.8/site-packages/airflow/example_dags/example_branch_datetime_operator.py for tasks to queue
[2026-08-21T22:53:53.120+0000] {logging_mixin.py:188} INFO - [2026-08-21T22:53:53.119+0000] {dagbag.py:540} INFO - Filling up the DagBag from /home/airflow/.local/lib/python3.8/site-packages/airflow/example_dags/example_branch_datetime_operator.py
[2026-08-21T22:53:53.142+0000] {processor.py:840} INFO - DAG(s) 'example_branch_datetime_operator_2', 'example_branch_datetime_operator', 'example_branch_datetime_operator_3' retrieved from /home/airflow/.local/lib/python3.8/site-packages/airflow/example_dags/example_branch_datetime_operator.py
[2026-08-21T22:53:53.207+0000] {logging_mixin.py:188} INFO - [2026-08-21T22:53:53.206+0000] {dag.py:3047} INFO - Sync 3 DAGs
[2026-08-21T22:53:53.254+0000] {logging_mixin.py:188} INFO - [2026-08-21T22:53:53.253+0000] {dag.py:3834} INFO - Setting next_dagrun for example_branch_datetime_operator to 2026-08-20 00:00:00+00:00, run_after=2026-08-21 00:00:00+00:00
[2026-08-21T22:53:53.266+0000] {logging_mixin.py:188} INFO - [2026-08-21T22:53:53.266+0000] {dag.py:3834} INFO - Setting next_dagrun for example_branch_datetime_operator_2 to 2026-08-20 00:00:00+00:00, run_after=2026-08-21 00:00:00+00:00
[2026-08-21T22:53:53.273+0000] {logging_mixin.py:188} INFO - [2026-08-21T22:53:53.272+0000] {dag.py:3834} INFO - Setting next_dagrun for example_branch_datetime_operator_3 to 2026-08-20 00:00:00+00:00, run_after=2026-08-21 00:00:00+00:00
[2026-08-21T22:53:53.317+0000] {processor.py:183} INFO - Processing /home/airflow/.local/lib/python3.8/site-packages/airflow/example_dags/example_branch_datetime_operator.py took 0.215 seconds
[2026-08-21T22:54:23.464+0000] {processor.py:161} INFO - Started process (PID=946) to work on /home/airflow/.local/lib/python3.8/site-packages/airflow/example_dags/example_branch_datetime_operator.py
[2026-08-21T22:54:23.466+0000] {processor.py:830} INFO - Processing file /home/airflow/.local/lib/python3.8/site-packages/airflow/example_dags/example_branch_datetime_operator.py for tasks to queue
[2026-08-21T22:54:23.469+0000] {logging_mixin.py:188} INFO - [2026-08-21T22:54:23.469+0000] {dagbag.py:540} INFO - Filling up the DagBag from /home/airflow/.local/lib/python3.8/site-packages/airflow/example_dags/example_branch_datetime_operator.py
[2026-08-21T22:54:23.490+0000] {processor.py:840} INFO - DAG(s) 'example_branch_datetime_operator', 'example_branch_datetime_operator_2', 'example_branch_datetime_operator_3' retrieved from /home/airflow/.local/lib/python3.8/site-packages/airflow/example_dags/example_branch_datetime_operator.py
[2026-08-21T22:54:23.534+0000] {logging_mixin.py:188} INFO - [2026-08-21T22:54:23.534+0000] {dag.py:3047} INFO - Sync 3 DAGs
[2026-08-21T22:54:23.568+0000] {logging_mixin.py:188} INFO - [2026-08-21T22:54:23.567+0000] {dag.py:3834} INFO - Setting next_dagrun for example_branch_datetime_operator to 2026-08-20 00:00:00+00:00, run_after=2026-08-21 00:00:00+00:00
[2026-08-21T22:54:23.573+0000] {logging_mixin.py:188} INFO - [2026-08-21T22:54:23.573+0000] {dag.py:3834} INFO - Setting next_dagrun for example_branch_datetime_operator_2 to 2026-08-20 00:00:00+00:00, run_after=2026-08-21 00:00:00+00:00
[2026-08-21T22:54:23.578+0000] {logging_mixin.py:188} INFO - [2026-08-21T22:54:23.578+0000] {dag.py:3834} INFO - Setting next_dagrun for example_branch_datetime_operator_3 to 2026-08-20 00:00:00+00:00, run_after=2026-08-21 00:00:00+00:00
[2026-08-21T22:54:23.598+0000] {processor.py:183} INFO - Processing /home/airflow/.local/lib/python3.8/site-packages/airflow/example_dags/example_branch_datetime_operator.py took 0.142 seconds
[2026-08-21T22:54:54.016+0000] {processor.py:161} INFO - Started process (PID=1002) to work on /home/airflow/.local/lib/python3.8/site-packages/airflow/example_dags/example_branch_datetime_operator.py
[2026-08-21T22:54:54.019+0000] {processor.py:830} INFO - Processing file /home/airflow/.local/lib/python3.8/site-packages/airflow/example_dags/example_branch_datetime_operator.py for tasks to queue
[2026-08-21T22:54:54.023+0000] {logging_mixin.py:188} INFO - [2026-08-21T22:54:54.022+0000] {dagbag.py:540} INFO - Filling up the DagBag from /home/airflow/.local/lib/python3.8/site-packages/airflow/example_dags/example_branch_datetime_operator.py
[2026-08-21T22:54:54.036+0000] {processor.py:840} INFO - DAG(s) 'example_branch_datetime_operator_3', 'example_branch_datetime_operator', 'example_branch_datetime_operator_2' retrieved from /home/airflow/.local/lib/python3.8/site-packages/airflow/example_dags/example_branch_datetime_operator.py
[2026-08-21T22:54:54.072+0000] {logging_mixin.py:188} INFO - [2026-08-21T22:54:54.072+0000] {dag.py:3047} INFO - Sync 3 DAGs
[2026-08-21T22:54:54.113+0000] {logging_mixin.py:188} INFO - [2026-08-21T22:54:54.112+0000] {dag.py:3834} INFO - Setting next_dagrun for example_branch_datetime_operator to 2026-08-20 00:00:00+00:00, run_after=2026-08-21 00:00:00+00:00
[2026-08-21T22:54:54.124+0000] {logging_mixin.py:188} INFO - [2026-08-21T22:54:54.123+0000] {dag.py:3834} INFO - Setting next_dagrun for example_branch_datetime_operator_2 to 2026-08-20 00:00:00+00:00, run_after=2026-08-21 00:00:00+00:00
[2026-08-21T22:54:54.130+0000] {logging_mixin.py:188} INFO - [2026-08-21T22:54:54.130+0000] {dag.py:3834} INFO - Setting next_dagrun for example_branch_datetime_operator_3 to 2026-08-20 00:00:00+00:00, run_after=2026-08-21 00:00:00+00:00
[2026-08-21T22:54:54.164+0000] {processor.py:183} INFO - Processing /home/airflow/.local/lib/python3.8/site-packages/airflow/example_dags/example_branch_datetime_operator.py took 0.152 seconds
[2026-08-21T22:55:24.634+0000] {processor.py:161} INFO - Started process (PID=1059) to work on /home/airflow/.local/lib/python3.8/site-packages/airflow/example_dags/example_branch_datetime_operator.py
[2026-08-21T22:55:24.636+0000] {processor.py:830} INFO - Processing file /home/airflow/.local/lib/python3.8/site-packages/airflow/example_dags/example_branch_datetime_operator.py for tasks to queue
[2026-08-21T22:55:24.642+0000] {logging_mixin.py:188} INFO - [2026-08-21T22:55:24.641+0000] {dagbag.py:540} INFO - Filling up the DagBag from /home/airflow/.local/lib/python3.8/site-packages/airflow/example_dags/example_branch_datetime_operator.py
[2026-08-21T22:55:24.660+0000] {processor.py:840} INFO - DAG(s) 'example_branch_datetime_operator', 'example_branch_datetime_operator_3', 'example_branch_datetime_operator_2' retrieved from /home/airflow/.local/lib/python3.8/site-packages/airflow/example_dags/example_branch_datetime_operator.py
[2026-08-21T22:55:24.708+0000] {logging_mixin.py:188} INFO - [2026-08-21T22:55:24.707+0000] {dag.py:3047} INFO - Sync 3 DAGs
[2026-08-21T22:55:24.739+0000] {logging_mixin.py:188} INFO - [2026-08-21T22:55:24.738+0000] {dag.py:3834} INFO - Setting next_dagrun for example_branch_datetime_operator to 2026-08-20 00:00:00+00:00, run_after=2026-08-21 00:00:00+00:00
[2026-08-21T22:55:24.747+0000] {logging_mixin.py:188} INFO - [2026-08-21T22:55:24.746+0000] {dag.py:3834} INFO - Setting next_dagrun for example_branch_datetime_operator_2 to 2026-08-20 00:00:00+00:00, run_after=2026-08-21 00:00:00+00:00
[2026-08-21T22:55:24.751+0000] {logging_mixin.py:188} INFO - [2026-08-21T22:55:24.751+0000] {dag.py:3834} INFO - Setting next_dagrun for example_branch_datetime_operator_3 to 2026-08-20 00:00:00+00:00, run_after=2026-08-21 00:00:00+00:00
[2026-08-21T22:55:24.779+0000] {processor.py:183} INFO - Processing /home/airflow/.local/lib/python3.8/site-packages/airflow/example_dags/example_branch_datetime_operator.py took 0.152 seconds
[2026-08-21T22:55:54.926+0000] {processor.py:161} INFO - Started process (PID=1116) to work on /home/airflow/.local/lib/python3.8/site-packages/airflow/example_dags/example_branch_datetime_operator.py
[2026-08-21T22:55:54.928+0000] {processor.py:830} INFO - Processing file /home/airflow/.local/lib/python3.8/site-packages/airflow/example_dags/example_branch_datetime_operator.py for tasks to queue
[2026-08-21T22:55:54.932+0000] {logging_mixin.py:188} INFO - [2026-08-21T22:55:54.931+0000] {dagbag.py:540} INFO - Filling up the DagBag from /home/airflow/.local/lib/python3.8/site-packages/airflow/example_dags/example_branch_datetime_operator.py
[2026-08-21T22:55:54.946+0000] {processor.py:840} INFO - DAG(s) 'example_branch_datetime_operator_2', 'example_branch_datetime_operator_3', 'example_branch_datetime_operator' retrieved from /home/airflow/.local/lib/python3.8/site-packages/airflow/example_dags/example_branch_datetime_operator.py
[2026-08-21T22:55:54.982+0000] {logging_mixin.py:188} INFO - [2026-08-21T22:55:54.982+0000] {dag.py:3047} INFO - Sync 3 DAGs
[2026-08-21T22:55:55.014+0000] {logging_mixin.py:188} INFO - [2026-08-21T22:55:55.014+0000] {dag.py:3834} INFO - Setting next_dagrun for example_branch_datetime_operator to 2026-08-20 00:00:00+00:00, run_after=2026-08-21 00:00:00+00:00
[2026-08-21T22:55:55.022+0000] {logging_mixin.py:188} INFO - [2026-08-21T22:55:55.021+0000] {dag.py:3834} INFO - Setting next_dagrun for example_branch_datetime_operator_2 to 2026-08-20 00:00:00+00:00, run_after=2026-08-21 00:00:00+00:00
[2026-08-21T22:55:55.025+0000] {logging_mixin.py:188} INFO - [2026-08-21T22:55:55.025+0000] {dag.py:3834} INFO - Setting next_dagrun for example_branch_datetime_operator_3 to 2026-08-20 00:00:00+00:00, run_after=2026-08-21 00:00:00+00:00
[2026-08-21T22:55:55.046+0000] {processor.py:183} INFO - Processing /home/airflow/.local/lib/python3.8/site-packages/airflow/example_dags/example_branch_datetime_operator.py took 0.128 seconds
[2026-08-21T22:56:25.774+0000] {processor.py:161} INFO - Started process (PID=1173) to work on /home/airflow/.local/lib/python3.8/site-packages/airflow/example_dags/example_branch_datetime_operator.py
[2026-08-21T22:56:25.777+0000] {processor.py:830} INFO - Processing file /home/airflow/.local/lib/python3.8/site-packages/airflow/example_dags/example_branch_datetime_operator.py for tasks to queue
[2026-08-21T22:56:25.783+0000] {logging_mixin.py:188} INFO - [2026-08-21T22:56:25.783+0000] {dagbag.py:540} INFO - Filling up the DagBag from /home/airflow/.local/lib/python3.8/site-packages/airflow/example_dags/example_branch_datetime_operator.py
[2026-08-21T22:56:25.813+0000] {processor.py:840} INFO - DAG(s) 'example_branch_datetime_operator_3', 'example_branch_datetime_operator', 'example_branch_datetime_operator_2' retrieved from /home/airflow/.local/lib/python3.8/site-packages/airflow/example_dags/example_branch_datetime_operator.py
[2026-08-21T22:56:25.881+0000] {logging_mixin.py:188} INFO - [2026-08-21T22:56:25.880+0000] {dag.py:3047} INFO - Sync 3 DAGs
[2026-08-21T22:56:25.924+0000] {logging_mixin.py:188} INFO - [2026-08-21T22:56:25.923+0000] {dag.py:3834} INFO - Setting next_dagrun for example_branch_datetime_operator to 2026-08-20 00:00:00+00:00, run_after=2026-08-21 00:00:00+00:00
[2026-08-21T22:56:25.934+0000] {logging_mixin.py:188} INFO - [2026-08-21T22:56:25.934+0000] {dag.py:3834} INFO - Setting next_dagrun for example_branch_datetime_operator_2 to 2026-08-20 00:00:00+00:00, run_after=2026-08-21 00:00:00+00:00
[2026-08-21T22:56:25.938+0000] {logging_mixin.py:188} INFO - [2026-08-21T22:56:25.938+0000] {dag.py:3834} INFO - Setting next_dagrun for example_branch_datetime_operator_3 to 2026-08-20 00:00:00+00:00, run_after=2026-08-21 00:00:00+00:00
[2026-08-21T22:56:25.967+0000] {processor.py:183} INFO - Processing /home/airflow/.local/lib/python3.8/site-packages/airflow/example_dags/example_branch_datetime_operator.py took 0.199 seconds
[2026-08-21T22:56:56.341+0000] {processor.py:161} INFO - Started process (PID=1230) to work on /home/airflow/.local/lib/python3.8/site-packages/airflow/example_dags/example_branch_datetime_operator.py
[2026-08-21T22:56:56.343+0000] {processor.py:830} INFO - Processing file /home/airflow/.local/lib/python3.8/site-packages/airflow/example_dags/example_branch_datetime_operator.py for tasks to queue
[2026-08-21T22:56:56.346+0000] {logging_mixin.py:188} INFO - [2026-08-21T22:56:56.346+0000] {dagbag.py:540} INFO - Filling up the DagBag from /home/airflow/.local/lib/python3.8/site-packages/airflow/example_dags/example_branch_datetime_operator.py
[2026-08-21T22:56:56.363+0000] {processor.py:840} INFO - DAG(s) 'example_branch_datetime_operator', 'example_branch_datetime_operator_3', 'example_branch_datetime_operator_2' retrieved from /home/airflow/.local/lib/python3.8/site-packages/airflow/example_dags/example_branch_datetime_operator.py
[2026-08-21T22:56:56.419+0000] {logging_mixin.py:188} INFO - [2026-08-21T22:56:56.418+0000] {dag.py:3047} INFO - Sync 3 DAGs
[2026-08-21T22:56:56.469+0000] {logging_mixin.py:188} INFO - [2026-08-21T22:56:56.469+0000] {dag.py:3834} INFO - Setting next_dagrun for example_branch_datetime_operator to 2026-08-20 00:00:00+00:00, run_after=2026-08-21 00:00:00+00:00
[2026-08-21T22:56:56.477+0000] {logging_mixin.py:188} INFO - [2026-08-21T22:56:56.477+0000] {dag.py:3834} INFO - Setting next_dagrun for example_branch_datetime_operator_2 to 2026-08-20 00:00:00+00:00, run_after=2026-08-21 00:00:00+00:00
[2026-08-21T22:56:56.485+0000] {logging_mixin.py:188} INFO - [2026-08-21T22:56:56.484+0000] {dag.py:3834} INFO - Setting next_dagrun for example_branch_datetime_operator_3 to 2026-08-20 00:00:00+00:00, run_after=2026-08-21 00:00:00+00:00
[2026-08-21T22:56:56.520+0000] {processor.py:183} INFO - Processing /home/airflow/.local/lib/python3.8/site-packages/airflow/example_dags/example_branch_datetime_operator.py took 0.183 seconds
[2026-08-21T22:57:27.048+0000] {processor.py:161} INFO - Started process (PID=1287) to work on /home/airflow/.local/lib/python3.8/site-packages/airflow/example_dags/example_branch_datetime_operator.py
[2026-08-21T22:57:27.050+0000] {processor.py:830} INFO - Processing file /home/airflow/.local/lib/python3.8/site-packages/airflow/example_dags/example_branch_datetime_operator.py for tasks to queue
[2026-08-21T22:57:27.056+0000] {logging_mixin.py:188} INFO - [2026-08-21T22:57:27.055+0000] {dagbag.py:540} INFO - Filling up the DagBag from /home/airflow/.local/lib/python3.8/site-packages/airflow/example_dags/example_branch_datetime_operator.py
[2026-08-21T22:57:27.077+0000] {processor.py:840} INFO - DAG(s) 'example_branch_datetime_operator', 'example_branch_datetime_operator_2', 'example_branch_datetime_operator_3' retrieved from /home/airflow/.local/lib/python3.8/site-packages/airflow/example_dags/example_branch_datetime_operator.py
[2026-08-21T22:57:27.133+0000] {logging_mixin.py:188} INFO - [2026-08-21T22:57:27.133+0000] {dag.py:3047} INFO - Sync 3 DAGs
[2026-08-21T22:57:27.172+0000] {logging_mixin.py:188} INFO - [2026-08-21T22:57:27.172+0000] {dag.py:3834} INFO - Setting next_dagrun for example_branch_datetime_operator to 2026-08-20 00:00:00+00:00, run_after=2026-08-21 00:00:00+00:00
[2026-08-21T22:57:27.181+0000] {logging_mixin.py:188} INFO - [2026-08-21T22:57:27.180+0000] {dag.py:3834} INFO - Setting next_dagrun for example_branch_datetime_operator_2 to 2026-08-20 00:00:00+00:00, run_after=2026-08-21 00:00:00+00:00
[2026-08-21T22:57:27.185+0000] {logging_mixin.py:188} INFO - [2026-08-21T22:57:27.184+0000] {dag.py:3834} INFO - Setting next_dagrun for example_branch_datetime_operator_3 to 2026-08-20 00:00:00+00:00, run_after=2026-08-21 00:00:00+00:00
[2026-08-21T22:57:27.212+0000] {processor.py:183} INFO - Processing /home/airflow/.local/lib/python3.8/site-packages/airflow/example_dags/example_branch_datetime_operator.py took 0.170 seconds
[2026-08-21T22:57:57.450+0000] {processor.py:161} INFO - Started process (PID=1344) to work on /home/airflow/.local/lib/python3.8/site-packages/airflow/example_dags/example_branch_datetime_operator.py
[2026-08-21T22:57:57.452+0000] {processor.py:830} INFO - Processing file /home/airflow/.local/lib/python3.8/site-packages/airflow/example_dags/example_branch_datetime_operator.py for tasks to queue
[2026-08-21T22:57:57.454+0000] {logging_mixin.py:188} INFO - [2026-08-21T22:57:57.454+0000] {dagbag.py:540} INFO - Filling up the DagBag from /home/airflow/.local/lib/python3.8/site-packages/airflow/example_dags/example_branch_datetime_operator.py
[2026-08-21T22:57:57.467+0000] {processor.py:840} INFO - DAG(s) 'example_branch_datetime_operator_3', 'example_branch_datetime_operator', 'example_branch_datetime_operator_2' retrieved from /home/airflow/.local/lib/python3.8/site-packages/airflow/example_dags/example_branch_datetime_operator.py
[2026-08-21T22:57:57.498+0000] {logging_mixin.py:188} INFO - [2026-08-21T22:57:57.498+0000] {dag.py:3047} INFO - Sync 3 DAGs
[2026-08-21T22:57:57.528+0000] {logging_mixin.py:188} INFO - [2026-08-21T22:57:57.528+0000] {dag.py:3834} INFO - Setting next_dagrun for example_branch_datetime_operator to 2026-08-20 00:00:00+00:00, run_after=2026-08-21 00:00:00+00:00
[2026-08-21T22:57:57.535+0000] {logging_mixin.py:188} INFO - [2026-08-21T22:57:57.534+0000] {dag.py:3834} INFO - Setting next_dagrun for example_branch_datetime_operator_2 to 2026-08-20 00:00:00+00:00, run_after=2026-08-21 00:00:00+00:00
[2026-08-21T22:57:57.538+0000] {logging_mixin.py:188} INFO - [2026-08-21T22:57:57.538+0000] {dag.py:3834} INFO - Setting next_dagrun for example_branch_datetime_operator_3 to 2026-08-20 00:00:00+00:00, run_after=2026-08-21 00:00:00+00:00
[2026-08-21T22:57:57.561+0000] {processor.py:183} INFO - Processing /home/airflow/.local/lib/python3.8/site-packages/airflow/example_dags/example_branch_datetime_operator.py took 0.114 seconds
[2026-08-21T22:58:28.012+0000] {processor.py:161} INFO - Started process (PID=1401) to work on /home/airflow/.local/lib/python3.8/site-packages/airflow/example_dags/example_branch_datetime_operator.py
[2026-08-21T22:58:28.015+0000] {processor.py:830} INFO - Processing file /home/airflow/.local/lib/python3.8/site-packages/airflow/example_dags/example_branch_datetime_operator.py for tasks to queue
[2026-08-21T22:58:28.020+0000] {logging_mixin.py:188} INFO - [2026-08-21T22:58:28.019+0000] {dagbag.py:540} INFO - Filling up the DagBag from /home/airflow/.local/lib/python3.8/site-packages/airflow/example_dags/example_branch_datetime_operator.py
[2026-08-21T22:58:28.043+0000] {processor.py:840} INFO - DAG(s) 'example_branch_datetime_operator_2', 'example_branch_datetime_operator', 'example_branch_datetime_operator_3' retrieved from /home/airflow/.local/lib/python3.8/site-packages/airflow/example_dags/example_branch_datetime_operator.py
[2026-08-21T22:58:28.099+0000] {logging_mixin.py:188} INFO - [2026-08-21T22:58:28.098+0000] {dag.py:3047} INFO - Sync 3 DAGs
[2026-08-21T22:58:28.135+0000] {logging_mixin.py:188} INFO - [2026-08-21T22:58:28.134+0000] {dag.py:3834} INFO - Setting next_dagrun for example_branch_datetime_operator to 2026-08-20 00:00:00+00:00, run_after=2026-08-21 00:00:00+00:00
[2026-08-21T22:58:28.142+0000] {logging_mixin.py:188} INFO - [2026-08-21T22:58:28.141+0000] {dag.py:3834} INFO - Setting next_dagrun for example_branch_datetime_operator_2 to 2026-08-20 00:00:00+00:00, run_after=2026-08-21 00:00:00+00:00
[2026-08-21T22:58:28.146+0000] {logging_mixin.py:188} INFO - [2026-08-21T22:58:28.146+0000] {dag.py:3834} INFO - Setting next_dagrun for example_branch_datetime_operator_3 to 2026-08-20 00:00:00+00:00, run_after=2026-08-21 00:00:00+00:00
[2026-08-21T22:58:28.169+0000] {processor.py:183} INFO - Processing /home/airflow/.local/lib/python3.8/site-packages/airflow/example_dags/example_branch_datetime_operator.py took 0.164 seconds
[2026-08-21T22:58:58.320+0000] {processor.py:161} INFO - Started process (PID=1458) to work on /home/airflow/.local/lib/python3.8/site-packages/airflow/example_dags/example_branch_datetime_operator.py
[2026-08-21T22:58:58.323+0000] {processor.py:830} INFO - Processing file /home/airflow/.local/lib/python3.8/site-packages/airflow/example_dags/example_branch_datetime_operator.py for tasks to queue
[2026-08-21T22:58:58.327+0000] {logging_mixin.py:188} INFO - [2026-08-21T22:58:58.327+0000] {dagbag.py:540} INFO - Filling up the DagBag from /home/airflow/.local/lib/python3.8/site-packages/airflow/example_dags/example_branch_datetime_operator.py
[2026-08-21T22:58:58.348+0000] {processor.py:840} INFO - DAG(s) 'example_branch_datetime_operator_2', 'example_branch_datetime_operator', 'example_branch_datetime_operator_3' retrieved from /home/airflow/.local/lib/python3.8/site-packages/airflow/example_dags/example_branch_datetime_operator.py
[2026-08-21T22:58:58.401+0000] {logging_mixin.py:188} INFO - [2026-08-21T22:58:58.400+0000] {dag.py:3047} INFO - Sync 3 DAGs
[2026-08-21T22:58:58.432+0000] {logging_mixin.py:188} INFO - [2026-08-21T22:58:58.432+0000] {dag.py:3834} INFO - Setting next_dagrun for example_branch_datetime_operator to 2026-08-20 00:00:00+00:00, run_after=2026-08-21 00:00:00+00:00
[2026-08-21T22:58:58.439+0000] {logging_mixin.py:188} INFO - [2026-08-21T22:58:58.439+0000] {dag.py:3834} INFO - Setting next_dagrun for example_branch_datetime_operator_2 to 2026-08-20 00:00:00+00:00, run_after=2026-08-21 00:00:00+00:00
[2026-08-21T22:58:58.445+0000] {logging_mixin.py:188} INFO - [2026-08-21T22:58:58.444+0000] {dag.py:3834} INFO - Setting next_dagrun for example_branch_datetime_operator_3 to 2026-08-20 00:00:00+00:00, run_after=2026-08-21 00:00:00+00:00
[2026-08-21T22:58:58.468+0000] {processor.py:183} INFO - Processing /home/airflow/.local/lib/python3.8/site-packages/airflow/example_dags/example_branch_datetime_operator.py took 0.158 seconds
[2026-08-21T22:59:28.888+0000] {processor.py:161} INFO - Started process (PID=1515) to work on /home/airflow/.local/lib/python3.8/site-packages/airflow/example_dags/example_branch_datetime_operator.py
[2026-08-21T22:59:28.890+0000] {processor.py:830} INFO - Processing file /home/airflow/.local/lib/python3.8/site-packages/airflow/example_dags/example_branch_datetime_operator.py for tasks to queue
[2026-08-21T22:59:28.893+0000] {logging_mixin.py:188} INFO - [2026-08-21T22:59:28.892+0000] {dagbag.py:540} INFO - Filling up the DagBag from /home/airflow/.local/lib/python3.8/site-packages/airflow/example_dags/example_branch_datetime_operator.py
[2026-08-21T22:59:28.905+0000] {processor.py:840} INFO - DAG(s) 'example_branch_datetime_operator', 'example_branch_datetime_operator_2', 'example_branch_datetime_operator_3' retrieved from /home/airflow/.local/lib/python3.8/site-packages/airflow/example_dags/example_branch_datetime_operator.py
[2026-08-21T22:59:28.942+0000] {logging_mixin.py:188} INFO - [2026-08-21T22:59:28.942+0000] {dag.py:3047} INFO - Sync 3 DAGs
[2026-08-21T22:59:28.969+0000] {logging_mixin.py:188} INFO - [2026-08-21T22:59:28.968+0000] {dag.py:3834} INFO - Setting next_dagrun for example_branch_datetime_operator to 2026-08-20 00:00:00+00:00, run_after=2026-08-21 00:00:00+00:00
[2026-08-21T22:59:28.975+0000] {logging_mixin.py:188} INFO - [2026-08-21T22:59:28.975+0000] {dag.py:3834} INFO - Setting next_dagrun for example_branch_datetime_operator_2 to 2026-08-20 00:00:00+00:00, run_after=2026-08-21 00:00:00+00:00
[2026-08-21T22:59:28.980+0000] {logging_mixin.py:188} INFO - [2026-08-21T22:59:28.979+0000] {dag.py:3834} INFO - Setting next_dagrun for example_branch_datetime_operator_3 to 2026-08-20 00:00:00+00:00, run_after=2026-08-21 00:00:00+00:00
[2026-08-21T22:59:29.004+0000] {processor.py:183} INFO - Processing /home/airflow/.local/lib/python3.8/site-packages/airflow/example_dags/example_branch_datetime_operator.py took 0.121 seconds
[2026-08-21T22:59:59.300+0000] {processor.py:161} INFO - Started process (PID=1572) to work on /home/airflow/.local/lib/python3.8/site-packages/airflow/example_dags/example_branch_datetime_operator.py
[2026-08-21T22:59:59.303+0000] {processor.py:830} INFO - Processing file /home/airflow/.local/lib/python3.8/site-packages/airflow/example_dags/example_branch_datetime_operator.py for tasks to queue
[2026-08-21T22:59:59.307+0000] {logging_mixin.py:188} INFO - [2026-08-21T22:59:59.306+0000] {dagbag.py:540} INFO - Filling up the DagBag from /home/airflow/.local/lib/python3.8/site-packages/airflow/example_dags/example_branch_datetime_operator.py
[2026-08-21T22:59:59.323+0000] {processor.py:840} INFO - DAG(s) 'example_branch_datetime_operator', 'example_branch_datetime_operator_2', 'example_branch_datetime_operator_3' retrieved from /home/airflow/.local/lib/python3.8/site-packages/airflow/example_dags/example_branch_datetime_operator.py
[2026-08-21T22:59:59.389+0000] {logging_mixin.py:188} INFO - [2026-08-21T22:59:59.388+0000] {dag.py:3047} INFO - Sync 3 DAGs
[2026-08-21T22:59:59.440+0000] {logging_mixin.py:188} INFO - [2026-08-21T22:59:59.440+0000] {dag.py:3834} INFO - Setting next_dagrun for example_branch_datetime_operator to 2026-08-20 00:00:00+00:00, run_after=2026-08-21 00:00:00+00:00
[2026-08-21T22:59:59.454+0000] {logging_mixin.py:188} INFO - [2026-08-21T22:59:59.454+0000] {dag.py:3834} INFO - Setting next_dagrun for example_branch_datetime_operator_2 to 2026-08-20 00:00:00+00:00, run_after=2026-08-21 00:00:00+00:00
[2026-08-21T22:59:59.463+0000] {logging_mixin.py:188} INFO - [2026-08-21T22:59:59.462+0000] {dag.py:3834} INFO - Setting next_dagrun for example_branch_datetime_operator_3 to 2026-08-20 00:00:00+00:00, run_after=2026-08-21 00:00:00+00:00
[2026-08-21T22:59:59.503+0000] {processor.py:183} INFO - Processing /home/airflow/.local/lib/python3.8/site-packages/airflow/example_dags/example_branch_datetime_operator.py took 0.208 seconds
[2026-08-21T23:00:29.711+0000] {processor.py:161} INFO - Started process (PID=1629) to work on /home/airflow/.local/lib/python3.8/site-packages/airflow/example_dags/example_branch_datetime_operator.py
[2026-08-21T23:00:29.713+0000] {processor.py:830} INFO - Processing file /home/airflow/.local/lib/python3.8/site-packages/airflow/example_dags/example_branch_datetime_operator.py for tasks to queue
[2026-08-21T23:00:29.718+0000] {logging_mixin.py:188} INFO - [2026-08-21T23:00:29.717+0000] {dagbag.py:540} INFO - Filling up the DagBag from /home/airflow/.local/lib/python3.8/site-packages/airflow/example_dags/example_branch_datetime_operator.py
[2026-08-21T23:00:29.733+0000] {processor.py:840} INFO - DAG(s) 'example_branch_datetime_operator_2', 'example_branch_datetime_operator', 'example_branch_datetime_operator_3' retrieved from /home/airflow/.local/lib/python3.8/site-packages/airflow/example_dags/example_branch_datetime_operator.py
[2026-08-21T23:00:29.769+0000] {logging_mixin.py:188} INFO - [2026-08-21T23:00:29.769+0000] {dag.py:3047} INFO - Sync 3 DAGs
[2026-08-21T23:00:29.793+0000] {logging_mixin.py:188} INFO - [2026-08-21T23:00:29.793+0000] {dag.py:3834} INFO - Setting next_dagrun for example_branch_datetime_operator to 2026-08-20 00:00:00+00:00, run_after=2026-08-21 00:00:00+00:00
[2026-08-21T23:00:29.800+0000] {logging_mixin.py:188} INFO - [2026-08-21T23:00:29.799+0000] {dag.py:3834} INFO - Setting next_dagrun for example_branch_datetime_operator_2 to 2026-08-20 00:00:00+00:00, run_after=2026-08-21 00:00:00+00:00
[2026-08-21T23:00:29.803+0000] {logging_mixin.py:188} INFO - [2026-08-21T23:00:29.803+0000] {dag.py:3834} INFO - Setting next_dagrun for example_branch_datetime_operator_3 to 2026-08-20 00:00:00+00:00, run_after=2026-08-21 00:00:00+00:00
[2026-08-21T23:00:29.823+0000] {processor.py:183} INFO - Processing /home/airflow/.local/lib/python3.8/site-packages/airflow/example_dags/example_branch_datetime_operator.py took 0.116 seconds
[2026-08-21T23:01:00.451+0000] {processor.py:161} INFO - Started process (PID=1686) to work on /home/airflow/.local/lib/python3.8/site-packages/airflow/example_dags/example_branch_datetime_operator.py
[2026-08-21T23:01:00.453+0000] {processor.py:830} INFO - Processing file /home/airflow/.local/lib/python3.8/site-packages/airflow/example_dags/example_branch_datetime_operator.py for tasks to queue
[2026-08-21T23:01:00.456+0000] {logging_mixin.py:188} INFO - [2026-08-21T23:01:00.456+0000] {dagbag.py:540} INFO - Filling up the DagBag from /home/airflow/.local/lib/python3.8/site-packages/airflow/example_dags/example_branch_datetime_operator.py
[2026-08-21T23:01:00.467+0000] {processor.py:840} INFO - DAG(s) 'example_branch_datetime_operator_3', 'example_branch_datetime_operator', 'example_branch_datetime_operator_2' retrieved from /home/airflow/.local/lib/python3.8/site-packages/airflow/example_dags/example_branch_datetime_operator.py
[2026-08-21T23:01:00.497+0000] {logging_mixin.py:188} INFO - [2026-08-21T23:01:00.497+0000] {dag.py:3047} INFO - Sync 3 DAGs
[2026-08-21T23:01:00.522+0000] {logging_mixin.py:188} INFO - [2026-08-21T23:01:00.521+0000] {dag.py:3834} INFO - Setting next_dagrun for example_branch_datetime_operator to 2026-08-20 00:00:00+00:00, run_after=2026-08-21 00:00:00+00:00
[2026-08-21T23:01:00.528+0000] {logging_mixin.py:188} INFO - [2026-08-21T23:01:00.527+0000] {dag.py:3834} INFO - Setting next_dagrun for example_branch_datetime_operator_2 to 2026-08-20 00:00:00+00:00, run_after=2026-08-21 00:00:00+00:00
[2026-08-21T23:01:00.532+0000] {logging_mixin.py:188} INFO - [2026-08-21T23:01:00.531+0000] {dag.py:3834} INFO - Setting next_dagrun for example_branch_datetime_operator_3 to 2026-08-20 00:00:00+00:00, run_after=2026-08-21 00:00:00+00:00
[2026-08-21T23:01:00.552+0000] {processor.py:183} INFO - Processing /home/airflow/.local/lib/python3.8/site-packages/airflow/example_dags/example_branch_datetime_operator.py took 0.104 seconds
[2026-08-21T23:01:30.613+0000] {processor.py:161} INFO - Started process (PID=1743) to work on /home/airflow/.local/lib/python3.8/site-packages/airflow/example_dags/example_branch_datetime_operator.py
[2026-08-21T23:01:30.617+0000] {processor.py:830} INFO - Processing file /home/airflow/.local/lib/python3.8/site-packages/airflow/example_dags/example_branch_datetime_operator.py for tasks to queue
[2026-08-21T23:01:30.619+0000] {logging_mixin.py:188} INFO - [2026-08-21T23:01:30.619+0000] {dagbag.py:540} INFO - Filling up the DagBag from /home/airflow/.local/lib/python3.8/site-packages/airflow/example_dags/example_branch_datetime_operator.py
[2026-08-21T23:01:30.635+0000] {processor.py:840} INFO - DAG(s) 'example_branch_datetime_operator_2', 'example_branch_datetime_operator_3', 'example_branch_datetime_operator' retrieved from /home/airflow/.local/lib/python3.8/site-packages/airflow/example_dags/example_branch_datetime_operator.py
[2026-08-21T23:01:30.679+0000] {logging_mixin.py:188} INFO - [2026-08-21T23:01:30.679+0000] {dag.py:3047} INFO - Sync 3 DAGs
[2026-08-21T23:01:30.721+0000] {logging_mixin.py:188} INFO - [2026-08-21T23:01:30.721+0000] {dag.py:3834} INFO - Setting next_dagrun for example_branch_datetime_operator to 2026-08-20 00:00:00+00:00, run_after=2026-08-21 00:00:00+00:00
[2026-08-21T23:01:30.733+0000] {logging_mixin.py:188} INFO - [2026-08-21T23:01:30.732+0000] {dag.py:3834} INFO - Setting next_dagrun for example_branch_datetime_operator_2 to 2026-08-20 00:00:00+00:00, run_after=2026-08-21 00:00:00+00:00
[2026-08-21T23:01:30.739+0000] {logging_mixin.py:188} INFO - [2026-08-21T23:01:30.738+0000] {dag.py:3834} INFO - Setting next_dagrun for example_branch_datetime_operator_3 to 2026-08-20 00:00:00+00:00, run_after=2026-08-21 00:00:00+00:00
[2026-08-21T23:01:30.769+0000] {processor.py:183} INFO - Processing /home/airflow/.local/lib/python3.8/site-packages/airflow/example_dags/example_branch_datetime_operator.py took 0.162 seconds
[2026-08-21T23:02:01.057+0000] {processor.py:161} INFO - Started process (PID=1800) to work on /home/airflow/.local/lib/python3.8/site-packages/airflow/example_dags/example_branch_datetime_operator.py
[2026-08-21T23:02:01.060+0000] {processor.py:830} INFO - Processing file /home/airflow/.local/lib/python3.8/site-packages/airflow/example_dags/example_branch_datetime_operator.py for tasks to queue
[2026-08-21T23:02:01.063+0000] {logging_mixin.py:188} INFO - [2026-08-21T23:02:01.062+0000] {dagbag.py:540} INFO - Filling up the DagBag from /home/airflow/.local/lib/python3.8/site-packages/airflow/example_dags/example_branch_datetime_operator.py
[2026-08-21T23:02:01.080+0000] {processor.py:840} INFO - DAG(s) 'example_branch_datetime_operator_2', 'example_branch_datetime_operator_3', 'example_branch_datetime_operator' retrieved from /home/airflow/.local/lib/python3.8/site-packages/airflow/example_dags/example_branch_datetime_operator.py
[2026-08-21T23:02:01.117+0000] {logging_mixin.py:188} INFO - [2026-08-21T23:02:01.117+0000] {dag.py:3047} INFO - Sync 3 DAGs
[2026-08-21T23:02:01.150+0000] {logging_mixin.py:188} INFO - [2026-08-21T23:02:01.149+0000] {dag.py:3834} INFO - Setting next_dagrun for example_branch_datetime_operator to 2026-08-20 00:00:00+00:00, run_after=2026-08-21 00:00:00+00:00
[2026-08-21T23:02:01.157+0000] {logging_mixin.py:188} INFO - [2026-08-21T23:02:01.156+0000] {dag.py:3834} INFO - Setting next_dagrun for example_branch_datetime_operator_2 to 2026-08-20 00:00:00+00:00, run_after=2026-08-21 00:00:00+00:00
[2026-08-21T23:02:01.161+0000] {logging_mixin.py:188} INFO - [2026-08-21T23:02:01.161+0000] {dag.py:3834} INFO - Setting next_dagrun for example_branch_datetime_operator_3 to 2026-08-20 00:00:00+00:00, run_after=2026-08-21 00:00:00+00:00
[2026-08-21T23:02:01.186+0000] {processor.py:183} INFO - Processing /home/airflow/.local/lib/python3.8/site-packages/airflow/example_dags/example_branch_datetime_operator.py took 0.133 seconds
[2026-08-21T23:02:31.284+0000] {processor.py:161} INFO - Started process (PID=1857) to work on /home/airflow/.local/lib/python3.8/site-packages/airflow/example_dags/example_branch_datetime_operator.py
[2026-08-21T23:02:31.287+0000] {processor.py:830} INFO - Processing file /home/airflow/.local/lib/python3.8/site-packages/airflow/example_dags/example_branch_datetime_operator.py for tasks to queue
[2026-08-21T23:02:31.293+0000] {logging_mixin.py:188} INFO - [2026-08-21T23:02:31.292+0000] {dagbag.py:540} INFO - Filling up the DagBag from /home/airflow/.local/lib/python3.8/site-packages/airflow/example_dags/example_branch_datetime_operator.py
[2026-08-21T23:02:31.311+0000] {processor.py:840} INFO - DAG(s) 'example_branch_datetime_operator_3', 'example_branch_datetime_operator_2', 'example_branch_datetime_operator' retrieved from /home/airflow/.local/lib/python3.8/site-packages/airflow/example_dags/example_branch_datetime_operator.py
[2026-08-21T23:02:31.351+0000] {logging_mixin.py:188} INFO - [2026-08-21T23:02:31.350+0000] {dag.py:3047} INFO - Sync 3 DAGs
[2026-08-21T23:02:31.382+0000] {logging_mixin.py:188} INFO - [2026-08-21T23:02:31.382+0000] {dag.py:3834} INFO - Setting next_dagrun for example_branch_datetime_operator to 2026-08-20 00:00:00+00:00, run_after=2026-08-21 00:00:00+00:00
[2026-08-21T23:02:31.389+0000] {logging_mixin.py:188} INFO - [2026-08-21T23:02:31.389+0000] {dag.py:3834} INFO - Setting next_dagrun for example_branch_datetime_operator_2 to 2026-08-20 00:00:00+00:00, run_after=2026-08-21 00:00:00+00:00
[2026-08-21T23:02:31.393+0000] {logging_mixin.py:188} INFO - [2026-08-21T23:02:31.393+0000] {dag.py:3834} INFO - Setting next_dagrun for example_branch_datetime_operator_3 to 2026-08-20 00:00:00+00:00, run_after=2026-08-21 00:00:00+00:00
[2026-08-21T23:02:31.416+0000] {processor.py:183} INFO - Processing /home/airflow/.local/lib/python3.8/site-packages/airflow/example_dags/example_branch_datetime_operator.py took 0.139 seconds
[2026-08-21T23:03:01.839+0000] {processor.py:161} INFO - Started process (PID=1914) to work on /home/airflow/.local/lib/python3.8/site-packages/airflow/example_dags/example_branch_datetime_operator.py
[2026-08-21T23:03:01.840+0000] {processor.py:830} INFO - Processing file /home/airflow/.local/lib/python3.8/site-packages/airflow/example_dags/example_branch_datetime_operator.py for tasks to queue
[2026-08-21T23:03:01.843+0000] {logging_mixin.py:188} INFO - [2026-08-21T23:03:01.843+0000] {dagbag.py:540} INFO - Filling up the DagBag from /home/airflow/.local/lib/python3.8/site-packages/airflow/example_dags/example_branch_datetime_operator.py
[2026-08-21T23:03:01.856+0000] {processor.py:840} INFO - DAG(s) 'example_branch_datetime_operator_3', 'example_branch_datetime_operator_2', 'example_branch_datetime_operator' retrieved from /home/airflow/.local/lib/python3.8/site-packages/airflow/example_dags/example_branch_datetime_operator.py
[2026-08-21T23:03:01.893+0000] {logging_mixin.py:188} INFO - [2026-08-21T23:03:01.893+0000] {dag.py:3047} INFO - Sync 3 DAGs
[2026-08-21T23:03:01.918+0000] {logging_mixin.py:188} INFO - [2026-08-21T23:03:01.917+0000] {dag.py:3834} INFO - Setting next_dagrun for example_branch_datetime_operator to 2026-08-20 00:00:00+00:00, run_after=2026-08-21 00:00:00+00:00
[2026-08-21T23:03:01.924+0000] {logging_mixin.py:188} INFO - [2026-08-21T23:03:01.924+0000] {dag.py:3834} INFO - Setting next_dagrun for example_branch_datetime_operator_2 to 2026-08-20 00:00:00+00:00, run_after=2026-08-21 00:00:00+00:00
[2026-08-21T23:03:01.927+0000] {logging_mixin.py:188} INFO - [2026-08-21T23:03:01.927+0000] {dag.py:3834} INFO - Setting next_dagrun for example_branch_datetime_operator_3 to 2026-08-20 00:00:00+00:00, run_after=2026-08-21 00:00:00+00:00
[2026-08-21T23:03:01.945+0000] {processor.py:183} INFO - Processing /home/airflow/.local/lib/python3.8/site-packages/airflow/example_dags/example_branch_datetime_operator.py took 0.111 seconds
[2026-08-21T23:03:32.834+0000] {processor.py:161} INFO - Started process (PID=1971) to work on /home/airflow/.local/lib/python3.8/site-packages/airflow/example_dags/example_branch_datetime_operator.py
[2026-08-21T23:03:32.836+0000] {processor.py:830} INFO - Processing file /home/airflow/.local/lib/python3.8/site-packages/airflow/example_dags/example_branch_datetime_operator.py for tasks to queue
[2026-08-21T23:03:32.839+0000] {logging_mixin.py:188} INFO - [2026-08-21T23:03:32.839+0000] {dagbag.py:540} INFO - Filling up the DagBag from /home/airflow/.local/lib/python3.8/site-packages/airflow/example_dags/example_branch_datetime_operator.py
[2026-08-21T23:03:32.853+0000] {processor.py:840} INFO - DAG(s) 'example_branch_datetime_operator_3', 'example_branch_datetime_operator', 'example_branch_datetime_operator_2' retrieved from /home/airflow/.local/lib/python3.8/site-packages/airflow/example_dags/example_branch_datetime_operator.py
[2026-08-21T23:03:32.896+0000] {logging_mixin.py:188} INFO - [2026-08-21T23:03:32.895+0000] {dag.py:3047} INFO - Sync 3 DAGs
[2026-08-21T23:03:32.936+0000] {logging_mixin.py:188} INFO - [2026-08-21T23:03:32.935+0000] {dag.py:3834} INFO - Setting next_dagrun for example_branch_datetime_operator to 2026-08-20 00:00:00+00:00, run_after=2026-08-21 00:00:00+00:00
[2026-08-21T23:03:32.945+0000] {logging_mixin.py:188} INFO - [2026-08-21T23:03:32.944+0000] {dag.py:3834} INFO - Setting next_dagrun for example_branch_datetime_operator_2 to 2026-08-20 00:00:00+00:00, run_after=2026-08-21 00:00:00+00:00
[2026-08-21T23:03:32.949+0000] {logging_mixin.py:188} INFO - [2026-08-21T23:03:32.949+0000] {dag.py:3834} INFO - Setting next_dagrun for example_branch_datetime_operator_3 to 2026-08-20 00:00:00+00:00, run_after=2026-08-21 00:00:00+00:00
[2026-08-21T23:03:32.976+0000] {processor.py:183} INFO - Processing /home/airflow/.local/lib/python3.8/site-packages/airflow/example_dags/example_branch_datetime_operator.py took 0.147 seconds
[2026-08-21T23:04:03.935+0000] {processor.py:161} INFO - Started process (PID=2028) to work on /home/airflow/.local/lib/python3.8/site-packages/airflow/example_dags/example_branch_datetime_operator.py
[2026-08-21T23:04:03.952+0000] {processor.py:830} INFO - Processing file /home/airflow/.local/lib/python3.8/site-packages/airflow/example_dags/example_branch_datetime_operator.py for tasks to queue
[2026-08-21T23:04:03.962+0000] {logging_mixin.py:188} INFO - [2026-08-21T23:04:03.961+0000] {dagbag.py:540} INFO - Filling up the DagBag from /home/airflow/.local/lib/python3.8/site-packages/airflow/example_dags/example_branch_datetime_operator.py
[2026-08-21T23:04:04.026+0000] {processor.py:840} INFO - DAG(s) 'example_branch_datetime_operator_3', 'example_branch_datetime_operator_2', 'example_branch_datetime_operator' retrieved from /home/airflow/.local/lib/python3.8/site-packages/airflow/example_dags/example_branch_datetime_operator.py
[2026-08-21T23:04:04.140+0000] {logging_mixin.py:188} INFO - [2026-08-21T23:04:04.139+0000] {dag.py:3047} INFO - Sync 3 DAGs
[2026-08-21T23:04:04.266+0000] {logging_mixin.py:188} INFO - [2026-08-21T23:04:04.265+0000] {dag.py:3834} INFO - Setting next_dagrun for example_branch_datetime_operator to 2026-08-20 00:00:00+00:00, run_after=2026-08-21 00:00:00+00:00
[2026-08-21T23:04:04.300+0000] {logging_mixin.py:188} INFO - [2026-08-21T23:04:04.300+0000] {dag.py:3834} INFO - Setting next_dagrun for example_branch_datetime_operator_2 to 2026-08-20 00:00:00+00:00, run_after=2026-08-21 00:00:00+00:00
[2026-08-21T23:04:04.312+0000] {logging_mixin.py:188} INFO - [2026-08-21T23:04:04.312+0000] {dag.py:3834} INFO - Setting next_dagrun for example_branch_datetime_operator_3 to 2026-08-20 00:00:00+00:00, run_after=2026-08-21 00:00:00+00:00
[2026-08-21T23:04:04.400+0000] {processor.py:183} INFO - Processing /home/airflow/.local/lib/python3.8/site-packages/airflow/example_dags/example_branch_datetime_operator.py took 0.478 seconds
[2026-08-21T23:04:34.463+0000] {processor.py:161} INFO - Started process (PID=2085) to work on /home/airflow/.local/lib/python3.8/site-packages/airflow/example_dags/example_branch_datetime_operator.py
[2026-08-21T23:04:34.465+0000] {processor.py:830} INFO - Processing file /home/airflow/.local/lib/python3.8/site-packages/airflow/example_dags/example_branch_datetime_operator.py for tasks to queue
[2026-08-21T23:04:34.468+0000] {logging_mixin.py:188} INFO - [2026-08-21T23:04:34.467+0000] {dagbag.py:540} INFO - Filling up the DagBag from /home/airflow/.local/lib/python3.8/site-packages/airflow/example_dags/example_branch_datetime_operator.py
[2026-08-21T23:04:34.486+0000] {processor.py:840} INFO - DAG(s) 'example_branch_datetime_operator_3', 'example_branch_datetime_operator', 'example_branch_datetime_operator_2' retrieved from /home/airflow/.local/lib/python3.8/site-packages/airflow/example_dags/example_branch_datetime_operator.py
[2026-08-21T23:04:34.522+0000] {logging_mixin.py:188} INFO - [2026-08-21T23:04:34.522+0000] {dag.py:3047} INFO - Sync 3 DAGs
[2026-08-21T23:04:34.553+0000] {logging_mixin.py:188} INFO - [2026-08-21T23:04:34.553+0000] {dag.py:3834} INFO - Setting next_dagrun for example_branch_datetime_operator to 2026-08-20 00:00:00+00:00, run_after=2026-08-21 00:00:00+00:00
[2026-08-21T23:04:34.560+0000] {logging_mixin.py:188} INFO - [2026-08-21T23:04:34.560+0000] {dag.py:3834} INFO - Setting next_dagrun for example_branch_datetime_operator_2 to 2026-08-20 00:00:00+00:00, run_after=2026-08-21 00:00:00+00:00
[2026-08-21T23:04:34.565+0000] {logging_mixin.py:188} INFO - [2026-08-21T23:04:34.564+0000] {dag.py:3834} INFO - Setting next_dagrun for example_branch_datetime_operator_3 to 2026-08-20 00:00:00+00:00, run_after=2026-08-21 00:00:00+00:00
[2026-08-21T23:04:34.593+0000] {processor.py:183} INFO - Processing /home/airflow/.local/lib/python3.8/site-packages/airflow/example_dags/example_branch_datetime_operator.py took 0.137 seconds
[2026-08-21T23:05:04.741+0000] {processor.py:161} INFO - Started process (PID=2142) to work on /home/airflow/.local/lib/python3.8/site-packages/airflow/example_dags/example_branch_datetime_operator.py
[2026-08-21T23:05:04.744+0000] {processor.py:830} INFO - Processing file /home/airflow/.local/lib/python3.8/site-packages/airflow/example_dags/example_branch_datetime_operator.py for tasks to queue
[2026-08-21T23:05:04.748+0000] {logging_mixin.py:188} INFO - [2026-08-21T23:05:04.747+0000] {dagbag.py:540} INFO - Filling up the DagBag from /home/airflow/.local/lib/python3.8/site-packages/airflow/example_dags/example_branch_datetime_operator.py
[2026-08-21T23:05:04.768+0000] {processor.py:840} INFO - DAG(s) 'example_branch_datetime_operator_2', 'example_branch_datetime_operator', 'example_branch_datetime_operator_3' retrieved from /home/airflow/.local/lib/python3.8/site-packages/airflow/example_dags/example_branch_datetime_operator.py
[2026-08-21T23:05:04.809+0000] {logging_mixin.py:188} INFO - [2026-08-21T23:05:04.809+0000] {dag.py:3047} INFO - Sync 3 DAGs
[2026-08-21T23:05:04.839+0000] {logging_mixin.py:188} INFO - [2026-08-21T23:05:04.839+0000] {dag.py:3834} INFO - Setting next_dagrun for example_branch_datetime_operator to 2026-08-20 00:00:00+00:00, run_after=2026-08-21 00:00:00+00:00
[2026-08-21T23:05:04.846+0000] {logging_mixin.py:188} INFO - [2026-08-21T23:05:04.846+0000] {dag.py:3834} INFO - Setting next_dagrun for example_branch_datetime_operator_2 to 2026-08-20 00:00:00+00:00, run_after=2026-08-21 00:00:00+00:00
[2026-08-21T23:05:04.851+0000] {logging_mixin.py:188} INFO - [2026-08-21T23:05:04.851+0000] {dag.py:3834} INFO - Setting next_dagrun for example_branch_datetime_operator_3 to 2026-08-20 00:00:00+00:00, run_after=2026-08-21 00:00:00+00:00
[2026-08-21T23:05:04.874+0000] {processor.py:183} INFO - Processing /home/airflow/.local/lib/python3.8/site-packages/airflow/example_dags/example_branch_datetime_operator.py took 0.138 seconds
[2026-08-21T23:05:35.088+0000] {processor.py:161} INFO - Started process (PID=2199) to work on /home/airflow/.local/lib/python3.8/site-packages/airflow/example_dags/example_branch_datetime_operator.py
[2026-08-21T23:05:35.113+0000] {processor.py:830} INFO - Processing file /home/airflow/.local/lib/python3.8/site-packages/airflow/example_dags/example_branch_datetime_operator.py for tasks to queue
[2026-08-21T23:05:35.119+0000] {logging_mixin.py:188} INFO - [2026-08-21T23:05:35.118+0000] {dagbag.py:540} INFO - Filling up the DagBag from /home/airflow/.local/lib/python3.8/site-packages/airflow/example_dags/example_branch_datetime_operator.py
[2026-08-21T23:05:35.157+0000] {processor.py:840} INFO - DAG(s) 'example_branch_datetime_operator', 'example_branch_datetime_operator_2', 'example_branch_datetime_operator_3' retrieved from /home/airflow/.local/lib/python3.8/site-packages/airflow/example_dags/example_branch_datetime_operator.py
[2026-08-21T23:05:35.231+0000] {logging_mixin.py:188} INFO - [2026-08-21T23:05:35.231+0000] {dag.py:3047} INFO - Sync 3 DAGs
[2026-08-21T23:05:35.281+0000] {logging_mixin.py:188} INFO - [2026-08-21T23:05:35.281+0000] {dag.py:3834} INFO - Setting next_dagrun for example_branch_datetime_operator to 2026-08-20 00:00:00+00:00, run_after=2026-08-21 00:00:00+00:00
[2026-08-21T23:05:35.291+0000] {logging_mixin.py:188} INFO - [2026-08-21T23:05:35.290+0000] {dag.py:3834} INFO - Setting next_dagrun for example_branch_datetime_operator_2 to 2026-08-20 00:00:00+00:00, run_after=2026-08-21 00:00:00+00:00
[2026-08-21T23:05:35.297+0000] {logging_mixin.py:188} INFO - [2026-08-21T23:05:35.297+0000] {dag.py:3834} INFO - Setting next_dagrun for example_branch_datetime_operator_3 to 2026-08-20 00:00:00+00:00, run_after=2026-08-21 00:00:00+00:00
[2026-08-21T23:05:35.326+0000] {processor.py:183} INFO - Processing /home/airflow/.local/lib/python3.8/site-packages/airflow/example_dags/example_branch_datetime_operator.py took 0.244 seconds
[2026-08-21T23:06:05.572+0000] {processor.py:161} INFO - Started process (PID=2256) to work on /home/airflow/.local/lib/python3.8/site-packages/airflow/example_dags/example_branch_datetime_operator.py
[2026-08-21T23:06:05.574+0000] {processor.py:830} INFO - Processing file /home/airflow/.local/lib/python3.8/site-packages/airflow/example_dags/example_branch_datetime_operator.py for tasks to queue
[2026-08-21T23:06:05.577+0000] {logging_mixin.py:188} INFO - [2026-08-21T23:06:05.577+0000] {dagbag.py:540} INFO - Filling up the DagBag from /home/airflow/.local/lib/python3.8/site-packages/airflow/example_dags/example_branch_datetime_operator.py
[2026-08-21T23:06:05.592+0000] {processor.py:840} INFO - DAG(s) 'example_branch_datetime_operator_2', 'example_branch_datetime_operator', 'example_branch_datetime_operator_3' retrieved from /home/airflow/.local/lib/python3.8/site-packages/airflow/example_dags/example_branch_datetime_operator.py
[2026-08-21T23:06:05.653+0000] {logging_mixin.py:188} INFO - [2026-08-21T23:06:05.653+0000] {dag.py:3047} INFO - Sync 3 DAGs
[2026-08-21T23:06:05.701+0000] {logging_mixin.py:188} INFO - [2026-08-21T23:06:05.701+0000] {dag.py:3834} INFO - Setting next_dagrun for example_branch_datetime_operator to 2026-08-20 00:00:00+00:00, run_after=2026-08-21 00:00:00+00:00
[2026-08-21T23:06:05.710+0000] {logging_mixin.py:188} INFO - [2026-08-21T23:06:05.710+0000] {dag.py:3834} INFO - Setting next_dagrun for example_branch_datetime_operator_2 to 2026-08-20 00:00:00+00:00, run_after=2026-08-21 00:00:00+00:00
[2026-08-21T23:06:05.713+0000] {logging_mixin.py:188} INFO - [2026-08-21T23:06:05.713+0000] {dag.py:3834} INFO - Setting next_dagrun for example_branch_datetime_operator_3 to 2026-08-20 00:00:00+00:00, run_after=2026-08-21 00:00:00+00:00
[2026-08-21T23:06:05.734+0000] {processor.py:183} INFO - Processing /home/airflow/.local/lib/python3.8/site-packages/airflow/example_dags/example_branch_datetime_operator.py took 0.167 seconds
[2026-08-21T23:06:36.411+0000] {processor.py:161} INFO - Started process (PID=2313) to work on /home/airflow/.local/lib/python3.8/site-packages/airflow/example_dags/example_branch_datetime_operator.py
[2026-08-21T23:06:36.412+0000] {processor.py:830} INFO - Processing file /home/airflow/.local/lib/python3.8/site-packages/airflow/example_dags/example_branch_datetime_operator.py for tasks to queue
[2026-08-21T23:06:36.415+0000] {logging_mixin.py:188} INFO - [2026-08-21T23:06:36.415+0000] {dagbag.py:540} INFO - Filling up the DagBag from /home/airflow/.local/lib/python3.8/site-packages/airflow/example_dags/example_branch_datetime_operator.py
[2026-08-21T23:06:36.427+0000] {processor.py:840} INFO - DAG(s) 'example_branch_datetime_operator', 'example_branch_datetime_operator_3', 'example_branch_datetime_operator_2' retrieved from /home/airflow/.local/lib/python3.8/site-packages/airflow/example_dags/example_branch_datetime_operator.py
[2026-08-21T23:06:36.461+0000] {logging_mixin.py:188} INFO - [2026-08-21T23:06:36.461+0000] {dag.py:3047} INFO - Sync 3 DAGs
[2026-08-21T23:06:36.489+0000] {logging_mixin.py:188} INFO - [2026-08-21T23:06:36.488+0000] {dag.py:3834} INFO - Setting next_dagrun for example_branch_datetime_operator to 2026-08-20 00:00:00+00:00, run_after=2026-08-21 00:00:00+00:00
[2026-08-21T23:06:36.495+0000] {logging_mixin.py:188} INFO - [2026-08-21T23:06:36.494+0000] {dag.py:3834} INFO - Setting next_dagrun for example_branch_datetime_operator_2 to 2026-08-20 00:00:00+00:00, run_after=2026-08-21 00:00:00+00:00
[2026-08-21T23:06:36.498+0000] {logging_mixin.py:188} INFO - [2026-08-21T23:06:36.498+0000] {dag.py:3834} INFO - Setting next_dagrun for example_branch_datetime_operator_3 to 2026-08-20 00:00:00+00:00, run_after=2026-08-21 00:00:00+00:00
[2026-08-21T23:06:36.524+0000] {processor.py:183} INFO - Processing /home/airflow/.local/lib/python3.8/site-packages/airflow/example_dags/example_branch_datetime_operator.py took 0.117 seconds
[2026-08-21T23:07:06.735+0000] {processor.py:161} INFO - Started process (PID=2370) to work on /home/airflow/.local/lib/python3.8/site-packages/airflow/example_dags/example_branch_datetime_operator.py
[2026-08-21T23:07:06.737+0000] {processor.py:830} INFO - Processing file /home/airflow/.local/lib/python3.8/site-packages/airflow/example_dags/example_branch_datetime_operator.py for tasks to queue
[2026-08-21T23:07:06.740+0000] {logging_mixin.py:188} INFO - [2026-08-21T23:07:06.740+0000] {dagbag.py:540} INFO - Filling up the DagBag from /home/airflow/.local/lib/python3.8/site-packages/airflow/example_dags/example_branch_datetime_operator.py
[2026-08-21T23:07:06.757+0000] {processor.py:840} INFO - DAG(s) 'example_branch_datetime_operator_3', 'example_branch_datetime_operator', 'example_branch_datetime_operator_2' retrieved from /home/airflow/.local/lib/python3.8/site-packages/airflow/example_dags/example_branch_datetime_operator.py
[2026-08-21T23:07:06.793+0000] {logging_mixin.py:188} INFO - [2026-08-21T23:07:06.793+0000] {dag.py:3047} INFO - Sync 3 DAGs
[2026-08-21T23:07:06.822+0000] {logging_mixin.py:188} INFO - [2026-08-21T23:07:06.821+0000] {dag.py:3834} INFO - Setting next_dagrun for example_branch_datetime_operator to 2026-08-20 00:00:00+00:00, run_after=2026-08-21 00:00:00+00:00
[2026-08-21T23:07:06.828+0000] {logging_mixin.py:188} INFO - [2026-08-21T23:07:06.828+0000] {dag.py:3834} INFO - Setting next_dagrun for example_branch_datetime_operator_2 to 2026-08-20 00:00:00+00:00, run_after=2026-08-21 00:00:00+00:00
[2026-08-21T23:07:06.832+0000] {logging_mixin.py:188} INFO - [2026-08-21T23:07:06.832+0000] {dag.py:3834} INFO - Setting next_dagrun for example_branch_datetime_operator_3 to 2026-08-20 00:00:00+00:00, run_after=2026-08-21 00:00:00+00:00
[2026-08-21T23:07:06.853+0000] {processor.py:183} INFO - Processing /home/airflow/.local/lib/python3.8/site-packages/airflow/example_dags/example_branch_datetime_operator.py took 0.122 seconds
[2026-08-21T23:07:37.520+0000] {processor.py:161} INFO - Started process (PID=2427) to work on /home/airflow/.local/lib/python3.8/site-packages/airflow/example_dags/example_branch_datetime_operator.py
[2026-08-21T23:07:37.522+0000] {processor.py:830} INFO - Processing file /home/airflow/.local/lib/python3.8/site-packages/airflow/example_dags/example_branch_datetime_operator.py for tasks to queue
[2026-08-21T23:07:37.525+0000] {logging_mixin.py:188} INFO - [2026-08-21T23:07:37.525+0000] {dagbag.py:540} INFO - Filling up the DagBag from /home/airflow/.local/lib/python3.8/site-packages/airflow/example_dags/example_branch_datetime_operator.py
[2026-08-21T23:07:37.544+0000] {processor.py:840} INFO - DAG(s) 'example_branch_datetime_operator', 'example_branch_datetime_operator_2', 'example_branch_datetime_operator_3' retrieved from /home/airflow/.local/lib/python3.8/site-packages/airflow/example_dags/example_branch_datetime_operator.py
[2026-08-21T23:07:37.586+0000] {logging_mixin.py:188} INFO - [2026-08-21T23:07:37.585+0000] {dag.py:3047} INFO - Sync 3 DAGs
[2026-08-21T23:07:37.622+0000] {logging_mixin.py:188} INFO - [2026-08-21T23:07:37.621+0000] {dag.py:3834} INFO - Setting next_dagrun for example_branch_datetime_operator to 2026-08-20 00:00:00+00:00, run_after=2026-08-21 00:00:00+00:00
[2026-08-21T23:07:37.631+0000] {logging_mixin.py:188} INFO - [2026-08-21T23:07:37.630+0000] {dag.py:3834} INFO - Setting next_dagrun for example_branch_datetime_operator_2 to 2026-08-20 00:00:00+00:00, run_after=2026-08-21 00:00:00+00:00
[2026-08-21T23:07:37.636+0000] {logging_mixin.py:188} INFO - [2026-08-21T23:07:37.635+0000] {dag.py:3834} INFO - Setting next_dagrun for example_branch_datetime_operator_3 to 2026-08-20 00:00:00+00:00, run_after=2026-08-21 00:00:00+00:00
[2026-08-21T23:07:37.663+0000] {processor.py:183} INFO - Processing /home/airflow/.local/lib/python3.8/site-packages/airflow/example_dags/example_branch_datetime_operator.py took 0.147 seconds
