[2026-08-21T22:46:43.305+0000] {processor.py:161} INFO - Started process (PID=79) to work on /home/airflow/.local/lib/python3.8/site-packages/airflow/example_dags/example_skip_dag.py
[2026-08-21T22:46:43.312+0000] {processor.py:830} INFO - Processing file /home/airflow/.local/lib/python3.8/site-packages/airflow/example_dags/example_skip_dag.py for tasks to queue
[2026-08-21T22:46:43.335+0000] {logging_mixin.py:188} INFO - [2026-08-21T22:46:43.332+0000] {dagbag.py:540} INFO - Filling up the DagBag from /home/airflow/.local/lib/python3.8/site-packages/airflow/example_dags/example_skip_dag.py
[2026-08-21T22:46:43.391+0000] {processor.py:840} INFO - DAG(s) 'example_skip_dag' retrieved from /home/airflow/.local/lib/python3.8/site-packages/airflow/example_dags/example_skip_dag.py
[2026-08-21T22:46:43.441+0000] {logging_mixin.py:188} INFO - [2026-08-21T22:46:43.441+0000] {dag.py:3047} INFO - Sync 1 DAGs
[2026-08-21T22:46:43.536+0000] {logging_mixin.py:188} INFO - [2026-08-21T22:46:43.535+0000] {dag.py:3834} INFO - Setting next_dagrun for example_skip_dag to 2026-08-20 00:00:00+00:00, run_after=2026-08-21 00:00:00+00:00
[2026-08-21T22:46:43.583+0000] {processor.py:183} INFO - Processing /home/airflow/.local/lib/python3.8/site-packages/airflow/example_dags/example_skip_dag.py took 0.350 seconds
[2026-08-21T22:47:14.013+0000] {processor.py:161} INFO - Started process (PID=136) to work on /home/airflow/.local/lib/python3.8/site-packages/airflow/example_dags/example_skip_dag.py
[2026-08-21T22:47:14.015+0000] {processor.py:830} INFO - Processing file /home/airflow/.local/lib/python3.8/site-packages/airflow/example_dags/example_skip_dag.py for tasks to queue
[2026-08-21T22:47:14.017+0000] {logging_mixin.py:188} INFO - [2026-08-21T22:47:14.017+0000] {dagbag.py:540} INFO - Filling up the DagBag from /home/airflow/.local/lib/python3.8/site-packages/airflow/example_dags/example_skip_dag.py
[2026-08-21T22:47:14.025+0000] {processor.py:840} INFO - DAG(s) 'example_skip_dag' retrieved from /home/airflow/.local/lib/python3.8/site-packages/airflow/example_dags/example_skip_dag.py
[2026-08-21T22:47:14.124+0000] {logging_mixin.py:188} INFO - [2026-08-21T22:47:14.123+0000] {dag.py:3047} INFO - Sync 1 DAGs
[2026-08-21T22:47:14.169+0000] {logging_mixin.py:188} INFO - [2026-08-21T22:47:14.168+0000] {dag.py:3834} INFO - Setting next_dagrun for example_skip_dag to 2026-08-20 00:00:00+00:00, run_after=2026-08-21 00:00:00+00:00
[2026-08-21T22:47:14.195+0000] {processor.py:183} INFO - Processing /home/airflow/.local/lib/python3.8/site-packages/airflow/example_dags/example_skip_dag.py took 0.187 seconds
[2026-08-21T22:47:45.153+0000] {processor.py:161} INFO - Started process (PID=193) to work on /home/airflow/.local/lib/python3.8/site-packages/airflow/example_dags/example_skip_dag.py
[2026-08-21T22:47:45.155+0000] {processor.py:830} INFO - Processing file /home/airflow/.local/lib/python3.8/site-packages/airflow/example_dags/example_skip_dag.py for tasks to queue
[2026-08-21T22:47:45.166+0000] {logging_mixin.py:188} INFO - [2026-08-21T22:47:45.165+0000] {dagbag.py:540} INFO - Filling up the DagBag from /home/airflow/.local/lib/python3.8/site-packages/airflow/example_dags/example_skip_dag.py
[2026-08-21T22:47:45.185+0000] {processor.py:840} INFO - DAG(s) 'example_skip_dag' retrieved from /home/airflow/.local/lib/python3.8/site-packages/airflow/example_dags/example_skip_dag.py
[2026-08-21T22:47:45.253+0000] {logging_mixin.py:188} INFO - [2026-08-21T22:47:45.253+0000] {dag.py:3047} INFO - Sync 1 DAGs
[2026-08-21T22:47:45.321+0000] {logging_mixin.py:188} INFO - [2026-08-21T22:47:45.321+0000] {dag.py:3834} INFO - Setting next_dagrun for example_skip_dag to 2026-08-20 00:00:00+00:00, run_after=2026-08-21 00:00:00+00:00
[2026-08-21T22:47:45.481+0000] {processor.py:183} INFO - Processing /home/airflow/.local/lib/python3.8/site-packages/airflow/example_dags/example_skip_dag.py took 0.333 seconds
[2026-08-21T22:48:15.565+0000] {processor.py:161} INFO - Started process (PID=248) to work on /home/airflow/.local/lib/python3.8/site-packages/airflow/example_dags/example_skip_dag.py
[2026-08-21T22:48:15.567+0000] {processor.py:830} INFO - Processing file /home/airflow/.local/lib/python3.8/site-packages/airflow/example_dags/example_skip_dag.py for tasks to queue
[2026-08-21T22:48:15.569+0000] {logging_mixin.py:188} INFO - [2026-08-21T22:48:15.569+0000] {dagbag.py:540} INFO - Filling up the DagBag from /home/airflow/.local/lib/python3.8/site-packages/airflow/example_dags/example_skip_dag.py
[2026-08-21T22:48:15.577+0000] {processor.py:840} INFO - DAG(s) 'example_skip_dag' retrieved from /home/airflow/.local/lib/python3.8/site-packages/airflow/example_dags/example_skip_dag.py
[2026-08-21T22:48:15.603+0000] {logging_mixin.py:188} INFO - [2026-08-21T22:48:15.603+0000] {dag.py:3047} INFO - Sync 1 DAGs
[2026-08-21T22:48:15.629+0000] {logging_mixin.py:188} INFO - [2026-08-21T22:48:15.628+0000] {dag.py:3834} INFO - Setting next_dagrun for example_skip_dag to 2026-08-20 00:00:00+00:00, run_after=2026-08-21 00:00:00+00:00
[2026-08-21T22:48:15.658+0000] {processor.py:183} INFO - Processing /home/airflow/.local/lib/python3.8/site-packages/airflow/example_dags/example_skip_dag.py took 0.097 seconds
[2026-08-21T22:48:46.039+0000] {processor.py:161} INFO - Started process (PID=305) to work on /home/airflow/.local/lib/python3.8/site-packages/airflow/example_dags/example_skip_dag.py
[2026-08-21T22:48:46.040+0000] {processor.py:830} INFO - Processing file /home/airflow/.local/lib/python3.8/site-packages/airflow/example_dags/example_skip_dag.py for tasks to queue
[2026-08-21T22:48:46.043+0000] {logging_mixin.py:188} INFO - [2026-08-21T22:48:46.043+0000] {dagbag.py:540} INFO - Filling up the DagBag from /home/airflow/.local/lib/python3.8/site-packages/airflow/example_dags/example_skip_dag.py
[2026-08-21T22:48:46.053+0000] {processor.py:840} INFO - DAG(s) 'example_skip_dag' retrieved from /home/airflow/.local/lib/python3.8/site-packages/airflow/example_dags/example_skip_dag.py
[2026-08-21T22:48:46.081+0000] {logging_mixin.py:188} INFO - [2026-08-21T22:48:46.080+0000] {dag.py:3047} INFO - Sync 1 DAGs
[2026-08-21T22:48:46.107+0000] {logging_mixin.py:188} INFO - [2026-08-21T22:48:46.106+0000] {dag.py:3834} INFO - Setting next_dagrun for example_skip_dag to 2026-08-20 00:00:00+00:00, run_after=2026-08-21 00:00:00+00:00
[2026-08-21T22:48:46.127+0000] {processor.py:183} INFO - Processing /home/airflow/.local/lib/python3.8/site-packages/airflow/example_dags/example_skip_dag.py took 0.092 seconds
[2026-08-21T22:49:16.432+0000] {processor.py:161} INFO - Started process (PID=362) to work on /home/airflow/.local/lib/python3.8/site-packages/airflow/example_dags/example_skip_dag.py
[2026-08-21T22:49:16.434+0000] {processor.py:830} INFO - Processing file /home/airflow/.local/lib/python3.8/site-packages/airflow/example_dags/example_skip_dag.py for tasks to queue
[2026-08-21T22:49:16.437+0000] {logging_mixin.py:188} INFO - [2026-08-21T22:49:16.437+0000] {dagbag.py:540} INFO - Filling up the DagBag from /home/airflow/.local/lib/python3.8/site-packages/airflow/example_dags/example_skip_dag.py
[2026-08-21T22:49:16.447+0000] {processor.py:840} INFO - DAG(s) 'example_skip_dag' retrieved from /home/airflow/.local/lib/python3.8/site-packages/airflow/example_dags/example_skip_dag.py
[2026-08-21T22:49:16.475+0000] {logging_mixin.py:188} INFO - [2026-08-21T22:49:16.474+0000] {dag.py:3047} INFO - Sync 1 DAGs
[2026-08-21T22:49:16.498+0000] {logging_mixin.py:188} INFO - [2026-08-21T22:49:16.498+0000] {dag.py:3834} INFO - Setting next_dagrun for example_skip_dag to 2026-08-20 00:00:00+00:00, run_after=2026-08-21 00:00:00+00:00
[2026-08-21T22:49:16.522+0000] {processor.py:183} INFO - Processing /home/airflow/.local/lib/python3.8/site-packages/airflow/example_dags/example_skip_dag.py took 0.095 seconds
[2026-08-21T22:49:46.763+0000] {processor.py:161} INFO - Started process (PID=419) to work on /home/airflow/.local/lib/python3.8/site-packages/airflow/example_dags/example_skip_dag.py
[2026-08-21T22:49:46.765+0000] {processor.py:830} INFO - Processing file /home/airflow/.local/lib/python3.8/site-packages/airflow/example_dags/example_skip_dag.py for tasks to queue
[2026-08-21T22:49:46.768+0000] {logging_mixin.py:188} INFO - [2026-08-21T22:49:46.768+0000] {dagbag.py:540} INFO - Filling up the DagBag from /home/airflow/.local/lib/python3.8/site-packages/airflow/example_dags/example_skip_dag.py
[2026-08-21T22:49:46.776+0000] {processor.py:840} INFO - DAG(s) 'example_skip_dag' retrieved from /home/airflow/.local/lib/python3.8/site-packages/airflow/example_dags/example_skip_dag.py
[2026-08-21T22:49:46.806+0000] {logging_mixin.py:188} INFO - [2026-08-21T22:49:46.806+0000] {dag.py:3047} INFO - Sync 1 DAGs
[2026-08-21T22:49:46.837+0000] {logging_mixin.py:188} INFO - [2026-08-21T22:49:46.837+0000] {dag.py:3834} INFO - Setting next_dagrun for example_skip_dag to 2026-08-20 00:00:00+00:00, run_after=2026-08-21 00:00:00+00:00
[2026-08-21T22:49:46.865+0000] {processor.py:183} INFO - Processing /home/airflow/.local/lib/python3.8/site-packages/airflow/example_dags/example_skip_dag.py took 0.106 seconds
[2026-08-21T22:50:17.248+0000] {processor.py:161} INFO - Started process (PID=476) to work on /home/airflow/.local/lib/python3.8/site-packages/airflow/example_dags/example_skip_dag.py
[2026-08-21T22:50:17.250+0000] {processor.py:830} INFO - Processing file /home/airflow/.local/lib/python3.8/site-packages/airflow/example_dags/example_skip_dag.py for tasks to queue
[2026-08-21T22:50:17.253+0000] {logging_mixin.py:188} INFO - [2026-08-21T22:50:17.252+0000] {dagbag.py:540} INFO - Filling up the DagBag from /home/airflow/.local/lib/python3.8/site-packages/airflow/example_dags/example_skip_dag.py
[2026-08-21T22:50:17.261+0000] {processor.py:840} INFO - DAG(s) 'example_skip_dag' retrieved from /home/airflow/.local/lib/python3.8/site-packages/airflow/example_dags/example_skip_dag.py
[2026-08-21T22:50:17.288+0000] {logging_mixin.py:188} INFO - [2026-08-21T22:50:17.288+0000] {dag.py:3047} INFO - Sync 1 DAGs
[2026-08-21T22:50:17.326+0000] {logging_mixin.py:188} INFO - [2026-08-21T22:50:17.326+0000] {dag.py:3834} INFO - Setting next_dagrun for example_skip_dag to 2026-08-20 00:00:00+00:00, run_after=2026-08-21 00:00:00+00:00
[2026-08-21T22:50:17.347+0000] {processor.py:183} INFO - Processing /home/airflow/.local/lib/python3.8/site-packages/airflow/example_dags/example_skip_dag.py took 0.103 seconds
[2026-08-21T22:50:47.469+0000] {processor.py:161} INFO - Started process (PID=533) to work on /home/airflow/.local/lib/python3.8/site-packages/airflow/example_dags/example_skip_dag.py
[2026-08-21T22:50:47.471+0000] {processor.py:830} INFO - Processing file /home/airflow/.local/lib/python3.8/site-packages/airflow/example_dags/example_skip_dag.py for tasks to queue
[2026-08-21T22:50:47.474+0000] {logging_mixin.py:188} INFO - [2026-08-21T22:50:47.474+0000] {dagbag.py:540} INFO - Filling up the DagBag from /home/airflow/.local/lib/python3.8/site-packages/airflow/example_dags/example_skip_dag.py
[2026-08-21T22:50:47.481+0000] {processor.py:840} INFO - DAG(s) 'example_skip_dag' retrieved from /home/airflow/.local/lib/python3.8/site-packages/airflow/example_dags/example_skip_dag.py
[2026-08-21T22:50:47.505+0000] {logging_mixin.py:188} INFO - [2026-08-21T22:50:47.504+0000] {dag.py:3047} INFO - Sync 1 DAGs
[2026-08-21T22:50:47.529+0000] {logging_mixin.py:188} INFO - [2026-08-21T22:50:47.529+0000] {dag.py:3834} INFO - Setting next_dagrun for example_skip_dag to 2026-08-20 00:00:00+00:00, run_after=2026-08-21 00:00:00+00:00
[2026-08-21T22:50:47.550+0000] {processor.py:183} INFO - Processing /home/airflow/.local/lib/python3.8/site-packages/airflow/example_dags/example_skip_dag.py took 0.084 seconds
[2026-08-21T22:51:17.832+0000] {processor.py:161} INFO - Started process (PID=590) to work on /home/airflow/.local/lib/python3.8/site-packages/airflow/example_dags/example_skip_dag.py
[2026-08-21T22:51:17.834+0000] {processor.py:830} INFO - Processing file /home/airflow/.local/lib/python3.8/site-packages/airflow/example_dags/example_skip_dag.py for tasks to queue
[2026-08-21T22:51:17.836+0000] {logging_mixin.py:188} INFO - [2026-08-21T22:51:17.836+0000] {dagbag.py:540} INFO - Filling up the DagBag from /home/airflow/.local/lib/python3.8/site-packages/airflow/example_dags/example_skip_dag.py
[2026-08-21T22:51:17.844+0000] {processor.py:840} INFO - DAG(s) 'example_skip_dag' retrieved from /home/airflow/.local/lib/python3.8/site-packages/airflow/example_dags/example_skip_dag.py
[2026-08-21T22:51:17.871+0000] {logging_mixin.py:188} INFO - [2026-08-21T22:51:17.871+0000] {dag.py:3047} INFO - Sync 1 DAGs
[2026-08-21T22:51:17.899+0000] {logging_mixin.py:188} INFO - [2026-08-21T22:51:17.899+0000] {dag.py:3834} INFO - Setting next_dagrun for example_skip_dag to 2026-08-20 00:00:00+00:00, run_after=2026-08-21 00:00:00+00:00
[2026-08-21T22:51:17.923+0000] {processor.py:183} INFO - Processing /home/airflow/.local/lib/python3.8/site-packages/airflow/example_dags/example_skip_dag.py took 0.095 seconds
[2026-08-21T22:51:48.084+0000] {processor.py:161} INFO - Started process (PID=647) to work on /home/airflow/.local/lib/python3.8/site-packages/airflow/example_dags/example_skip_dag.py
[2026-08-21T22:51:48.087+0000] {processor.py:830} INFO - Processing file /home/airflow/.local/lib/python3.8/site-packages/airflow/example_dags/example_skip_dag.py for tasks to queue
[2026-08-21T22:51:48.091+0000] {logging_mixin.py:188} INFO - [2026-08-21T22:51:48.091+0000] {dagbag.py:540} INFO - Filling up the DagBag from /home/airflow/.local/lib/python3.8/site-packages/airflow/example_dags/example_skip_dag.py
[2026-08-21T22:51:48.101+0000] {processor.py:840} INFO - DAG(s) 'example_skip_dag' retrieved from /home/airflow/.local/lib/python3.8/site-packages/airflow/example_dags/example_skip_dag.py
[2026-08-21T22:51:48.128+0000] {logging_mixin.py:188} INFO - [2026-08-21T22:51:48.128+0000] {dag.py:3047} INFO - Sync 1 DAGs
[2026-08-21T22:51:48.159+0000] {logging_mixin.py:188} INFO - [2026-08-21T22:51:48.159+0000] {dag.py:3834} INFO - Setting next_dagrun for example_skip_dag to 2026-08-20 00:00:00+00:00, run_after=2026-08-21 00:00:00+00:00
[2026-08-21T22:51:48.187+0000] {processor.py:183} INFO - Processing /home/airflow/.local/lib/python3.8/site-packages/airflow/example_dags/example_skip_dag.py took 0.110 seconds
[2026-08-21T22:52:18.511+0000] {processor.py:161} INFO - Started process (PID=704) to work on /home/airflow/.local/lib/python3.8/site-packages/airflow/example_dags/example_skip_dag.py
[2026-08-21T22:52:18.513+0000] {processor.py:830} INFO - Processing file /home/airflow/.local/lib/python3.8/site-packages/airflow/example_dags/example_skip_dag.py for tasks to queue
[2026-08-21T22:52:18.517+0000] {logging_mixin.py:188} INFO - [2026-08-21T22:52:18.516+0000] {dagbag.py:540} INFO - Filling up the DagBag from /home/airflow/.local/lib/python3.8/site-packages/airflow/example_dags/example_skip_dag.py
[2026-08-21T22:52:18.526+0000] {processor.py:840} INFO - DAG(s) 'example_skip_dag' retrieved from /home/airflow/.local/lib/python3.8/site-packages/airflow/example_dags/example_skip_dag.py
[2026-08-21T22:52:18.553+0000] {logging_mixin.py:188} INFO - [2026-08-21T22:52:18.553+0000] {dag.py:3047} INFO - Sync 1 DAGs
[2026-08-21T22:52:18.576+0000] {logging_mixin.py:188} INFO - [2026-08-21T22:52:18.576+0000] {dag.py:3834} INFO - Setting next_dagrun for example_skip_dag to 2026-08-20 00:00:00+00:00, run_after=2026-08-21 00:00:00+00:00
[2026-08-21T22:52:18.599+0000] {processor.py:183} INFO - Processing /home/airflow/.local/lib/python3.8/site-packages/airflow/example_dags/example_skip_dag.py took 0.091 seconds
[2026-08-21T22:52:48.860+0000] {processor.py:161} INFO - Started process (PID=761) to work on /home/airflow/.local/lib/python3.8/site-packages/airflow/example_dags/example_skip_dag.py
[2026-08-21T22:52:48.862+0000] {processor.py:830} INFO - Processing file /home/airflow/.local/lib/python3.8/site-packages/airflow/example_dags/example_skip_dag.py for tasks to queue
[2026-08-21T22:52:48.867+0000] {logging_mixin.py:188} INFO - [2026-08-21T22:52:48.866+0000] {dagbag.py:540} INFO - Filling up the DagBag from /home/airflow/.local/lib/python3.8/site-packages/airflow/example_dags/example_skip_dag.py
[2026-08-21T22:52:48.878+0000] {processor.py:840} INFO - DAG(s) 'example_skip_dag' retrieved from /home/airflow/.local/lib/python3.8/site-packages/airflow/example_dags/example_skip_dag.py
[2026-08-21T22:52:48.912+0000] {logging_mixin.py:188} INFO - [2026-08-21T22:52:48.911+0000] {dag.py:3047} INFO - Sync 1 DAGs
[2026-08-21T22:52:48.953+0000] {logging_mixin.py:188} INFO - [2026-08-21T22:52:48.952+0000] {dag.py:3834} INFO - Setting next_dagrun for example_skip_dag to 2026-08-20 00:00:00+00:00, run_after=2026-08-21 00:00:00+00:00
[2026-08-21T22:52:48.990+0000] {processor.py:183} INFO - Processing /home/airflow/.local/lib/python3.8/site-packages/airflow/example_dags/example_skip_dag.py took 0.137 seconds
[2026-08-21T22:53:19.802+0000] {processor.py:161} INFO - Started process (PID=818) to work on /home/airflow/.local/lib/python3.8/site-packages/airflow/example_dags/example_skip_dag.py
[2026-08-21T22:53:19.804+0000] {processor.py:830} INFO - Processing file /home/airflow/.local/lib/python3.8/site-packages/airflow/example_dags/example_skip_dag.py for tasks to queue
[2026-08-21T22:53:19.806+0000] {logging_mixin.py:188} INFO - [2026-08-21T22:53:19.806+0000] {dagbag.py:540} INFO - Filling up the DagBag from /home/airflow/.local/lib/python3.8/site-packages/airflow/example_dags/example_skip_dag.py
[2026-08-21T22:53:19.817+0000] {processor.py:840} INFO - DAG(s) 'example_skip_dag' retrieved from /home/airflow/.local/lib/python3.8/site-packages/airflow/example_dags/example_skip_dag.py
[2026-08-21T22:53:19.842+0000] {logging_mixin.py:188} INFO - [2026-08-21T22:53:19.842+0000] {dag.py:3047} INFO - Sync 1 DAGs
[2026-08-21T22:53:19.873+0000] {logging_mixin.py:188} INFO - [2026-08-21T22:53:19.873+0000] {dag.py:3834} INFO - Setting next_dagrun for example_skip_dag to 2026-08-20 00:00:00+00:00, run_after=2026-08-21 00:00:00+00:00
[2026-08-21T22:53:19.896+0000] {processor.py:183} INFO - Processing /home/airflow/.local/lib/python3.8/site-packages/airflow/example_dags/example_skip_dag.py took 0.099 seconds
[2026-08-21T22:53:50.111+0000] {processor.py:161} INFO - Started process (PID=875) to work on /home/airflow/.local/lib/python3.8/site-packages/airflow/example_dags/example_skip_dag.py
[2026-08-21T22:53:50.113+0000] {processor.py:830} INFO - Processing file /home/airflow/.local/lib/python3.8/site-packages/airflow/example_dags/example_skip_dag.py for tasks to queue
[2026-08-21T22:53:50.115+0000] {logging_mixin.py:188} INFO - [2026-08-21T22:53:50.115+0000] {dagbag.py:540} INFO - Filling up the DagBag from /home/airflow/.local/lib/python3.8/site-packages/airflow/example_dags/example_skip_dag.py
[2026-08-21T22:53:50.123+0000] {processor.py:840} INFO - DAG(s) 'example_skip_dag' retrieved from /home/airflow/.local/lib/python3.8/site-packages/airflow/example_dags/example_skip_dag.py
[2026-08-21T22:53:50.149+0000] {logging_mixin.py:188} INFO - [2026-08-21T22:53:50.149+0000] {dag.py:3047} INFO - Sync 1 DAGs
[2026-08-21T22:53:50.174+0000] {logging_mixin.py:188} INFO - [2026-08-21T22:53:50.174+0000] {dag.py:3834} INFO - Setting next_dagrun for example_skip_dag to 2026-08-20 00:00:00+00:00, run_after=2026-08-21 00:00:00+00:00
[2026-08-21T22:53:50.194+0000] {processor.py:183} INFO - Processing /home/airflow/.local/lib/python3.8/site-packages/airflow/example_dags/example_skip_dag.py took 0.087 seconds
[2026-08-21T22:54:20.286+0000] {processor.py:161} INFO - Started process (PID=932) to work on /home/airflow/.local/lib/python3.8/site-packages/airflow/example_dags/example_skip_dag.py
[2026-08-21T22:54:20.288+0000] {processor.py:830} INFO - Processing file /home/airflow/.local/lib/python3.8/site-packages/airflow/example_dags/example_skip_dag.py for tasks to queue
[2026-08-21T22:54:20.292+0000] {logging_mixin.py:188} INFO - [2026-08-21T22:54:20.291+0000] {dagbag.py:540} INFO - Filling up the DagBag from /home/airflow/.local/lib/python3.8/site-packages/airflow/example_dags/example_skip_dag.py
[2026-08-21T22:54:20.302+0000] {processor.py:840} INFO - DAG(s) 'example_skip_dag' retrieved from /home/airflow/.local/lib/python3.8/site-packages/airflow/example_dags/example_skip_dag.py
[2026-08-21T22:54:20.333+0000] {logging_mixin.py:188} INFO - [2026-08-21T22:54:20.333+0000] {dag.py:3047} INFO - Sync 1 DAGs
[2026-08-21T22:54:20.365+0000] {logging_mixin.py:188} INFO - [2026-08-21T22:54:20.365+0000] {dag.py:3834} INFO - Setting next_dagrun for example_skip_dag to 2026-08-20 00:00:00+00:00, run_after=2026-08-21 00:00:00+00:00
[2026-08-21T22:54:20.391+0000] {processor.py:183} INFO - Processing /home/airflow/.local/lib/python3.8/site-packages/airflow/example_dags/example_skip_dag.py took 0.110 seconds
[2026-08-21T22:54:51.081+0000] {processor.py:161} INFO - Started process (PID=989) to work on /home/airflow/.local/lib/python3.8/site-packages/airflow/example_dags/example_skip_dag.py
[2026-08-21T22:54:51.083+0000] {processor.py:830} INFO - Processing file /home/airflow/.local/lib/python3.8/site-packages/airflow/example_dags/example_skip_dag.py for tasks to queue
[2026-08-21T22:54:51.087+0000] {logging_mixin.py:188} INFO - [2026-08-21T22:54:51.086+0000] {dagbag.py:540} INFO - Filling up the DagBag from /home/airflow/.local/lib/python3.8/site-packages/airflow/example_dags/example_skip_dag.py
[2026-08-21T22:54:51.096+0000] {processor.py:840} INFO - DAG(s) 'example_skip_dag' retrieved from /home/airflow/.local/lib/python3.8/site-packages/airflow/example_dags/example_skip_dag.py
[2026-08-21T22:54:51.125+0000] {logging_mixin.py:188} INFO - [2026-08-21T22:54:51.125+0000] {dag.py:3047} INFO - Sync 1 DAGs
[2026-08-21T22:54:51.151+0000] {logging_mixin.py:188} INFO - [2026-08-21T22:54:51.151+0000] {dag.py:3834} INFO - Setting next_dagrun for example_skip_dag to 2026-08-20 00:00:00+00:00, run_after=2026-08-21 00:00:00+00:00
[2026-08-21T22:54:51.175+0000] {processor.py:183} INFO - Processing /home/airflow/.local/lib/python3.8/site-packages/airflow/example_dags/example_skip_dag.py took 0.097 seconds
[2026-08-21T22:55:21.509+0000] {processor.py:161} INFO - Started process (PID=1046) to work on /home/airflow/.local/lib/python3.8/site-packages/airflow/example_dags/example_skip_dag.py
[2026-08-21T22:55:21.511+0000] {processor.py:830} INFO - Processing file /home/airflow/.local/lib/python3.8/site-packages/airflow/example_dags/example_skip_dag.py for tasks to queue
[2026-08-21T22:55:21.513+0000] {logging_mixin.py:188} INFO - [2026-08-21T22:55:21.513+0000] {dagbag.py:540} INFO - Filling up the DagBag from /home/airflow/.local/lib/python3.8/site-packages/airflow/example_dags/example_skip_dag.py
[2026-08-21T22:55:21.531+0000] {processor.py:840} INFO - DAG(s) 'example_skip_dag' retrieved from /home/airflow/.local/lib/python3.8/site-packages/airflow/example_dags/example_skip_dag.py
[2026-08-21T22:55:21.607+0000] {logging_mixin.py:188} INFO - [2026-08-21T22:55:21.606+0000] {dag.py:3047} INFO - Sync 1 DAGs
[2026-08-21T22:55:21.636+0000] {logging_mixin.py:188} INFO - [2026-08-21T22:55:21.636+0000] {dag.py:3834} INFO - Setting next_dagrun for example_skip_dag to 2026-08-20 00:00:00+00:00, run_after=2026-08-21 00:00:00+00:00
[2026-08-21T22:55:21.658+0000] {processor.py:183} INFO - Processing /home/airflow/.local/lib/python3.8/site-packages/airflow/example_dags/example_skip_dag.py took 0.154 seconds
[2026-08-21T22:55:51.808+0000] {processor.py:161} INFO - Started process (PID=1103) to work on /home/airflow/.local/lib/python3.8/site-packages/airflow/example_dags/example_skip_dag.py
[2026-08-21T22:55:51.810+0000] {processor.py:830} INFO - Processing file /home/airflow/.local/lib/python3.8/site-packages/airflow/example_dags/example_skip_dag.py for tasks to queue
[2026-08-21T22:55:51.813+0000] {logging_mixin.py:188} INFO - [2026-08-21T22:55:51.812+0000] {dagbag.py:540} INFO - Filling up the DagBag from /home/airflow/.local/lib/python3.8/site-packages/airflow/example_dags/example_skip_dag.py
[2026-08-21T22:55:51.824+0000] {processor.py:840} INFO - DAG(s) 'example_skip_dag' retrieved from /home/airflow/.local/lib/python3.8/site-packages/airflow/example_dags/example_skip_dag.py
[2026-08-21T22:55:51.853+0000] {logging_mixin.py:188} INFO - [2026-08-21T22:55:51.853+0000] {dag.py:3047} INFO - Sync 1 DAGs
[2026-08-21T22:55:51.884+0000] {logging_mixin.py:188} INFO - [2026-08-21T22:55:51.884+0000] {dag.py:3834} INFO - Setting next_dagrun for example_skip_dag to 2026-08-20 00:00:00+00:00, run_after=2026-08-21 00:00:00+00:00
[2026-08-21T22:55:51.909+0000] {processor.py:183} INFO - Processing /home/airflow/.local/lib/python3.8/site-packages/airflow/example_dags/example_skip_dag.py took 0.108 seconds
[2026-08-21T22:56:22.844+0000] {processor.py:161} INFO - Started process (PID=1160) to work on /home/airflow/.local/lib/python3.8/site-packages/airflow/example_dags/example_skip_dag.py
[2026-08-21T22:56:22.846+0000] {processor.py:830} INFO - Processing file /home/airflow/.local/lib/python3.8/site-packages/airflow/example_dags/example_skip_dag.py for tasks to queue
[2026-08-21T22:56:22.849+0000] {logging_mixin.py:188} INFO - [2026-08-21T22:56:22.849+0000] {dagbag.py:540} INFO - Filling up the DagBag from /home/airflow/.local/lib/python3.8/site-packages/airflow/example_dags/example_skip_dag.py
[2026-08-21T22:56:22.859+0000] {processor.py:840} INFO - DAG(s) 'example_skip_dag' retrieved from /home/airflow/.local/lib/python3.8/site-packages/airflow/example_dags/example_skip_dag.py
[2026-08-21T22:56:22.890+0000] {logging_mixin.py:188} INFO - [2026-08-21T22:56:22.890+0000] {dag.py:3047} INFO - Sync 1 DAGs
[2026-08-21T22:56:22.918+0000] {logging_mixin.py:188} INFO - [2026-08-21T22:56:22.918+0000] {dag.py:3834} INFO - Setting next_dagrun for example_skip_dag to 2026-08-20 00:00:00+00:00, run_after=2026-08-21 00:00:00+00:00
[2026-08-21T22:56:22.940+0000] {processor.py:183} INFO - Processing /home/airflow/.local/lib/python3.8/site-packages/airflow/example_dags/example_skip_dag.py took 0.100 seconds
[2026-08-21T22:56:53.283+0000] {processor.py:161} INFO - Started process (PID=1217) to work on /home/airflow/.local/lib/python3.8/site-packages/airflow/example_dags/example_skip_dag.py
[2026-08-21T22:56:53.285+0000] {processor.py:830} INFO - Processing file /home/airflow/.local/lib/python3.8/site-packages/airflow/example_dags/example_skip_dag.py for tasks to queue
[2026-08-21T22:56:53.288+0000] {logging_mixin.py:188} INFO - [2026-08-21T22:56:53.288+0000] {dagbag.py:540} INFO - Filling up the DagBag from /home/airflow/.local/lib/python3.8/site-packages/airflow/example_dags/example_skip_dag.py
[2026-08-21T22:56:53.299+0000] {processor.py:840} INFO - DAG(s) 'example_skip_dag' retrieved from /home/airflow/.local/lib/python3.8/site-packages/airflow/example_dags/example_skip_dag.py
[2026-08-21T22:56:53.324+0000] {logging_mixin.py:188} INFO - [2026-08-21T22:56:53.323+0000] {dag.py:3047} INFO - Sync 1 DAGs
[2026-08-21T22:56:53.351+0000] {logging_mixin.py:188} INFO - [2026-08-21T22:56:53.351+0000] {dag.py:3834} INFO - Setting next_dagrun for example_skip_dag to 2026-08-20 00:00:00+00:00, run_after=2026-08-21 00:00:00+00:00
[2026-08-21T22:56:53.378+0000] {processor.py:183} INFO - Processing /home/airflow/.local/lib/python3.8/site-packages/airflow/example_dags/example_skip_dag.py took 0.100 seconds
[2026-08-21T22:57:24.063+0000] {processor.py:161} INFO - Started process (PID=1274) to work on /home/airflow/.local/lib/python3.8/site-packages/airflow/example_dags/example_skip_dag.py
[2026-08-21T22:57:24.066+0000] {processor.py:830} INFO - Processing file /home/airflow/.local/lib/python3.8/site-packages/airflow/example_dags/example_skip_dag.py for tasks to queue
[2026-08-21T22:57:24.069+0000] {logging_mixin.py:188} INFO - [2026-08-21T22:57:24.069+0000] {dagbag.py:540} INFO - Filling up the DagBag from /home/airflow/.local/lib/python3.8/site-packages/airflow/example_dags/example_skip_dag.py
[2026-08-21T22:57:24.085+0000] {processor.py:840} INFO - DAG(s) 'example_skip_dag' retrieved from /home/airflow/.local/lib/python3.8/site-packages/airflow/example_dags/example_skip_dag.py
[2026-08-21T22:57:24.128+0000] {logging_mixin.py:188} INFO - [2026-08-21T22:57:24.127+0000] {dag.py:3047} INFO - Sync 1 DAGs
[2026-08-21T22:57:24.162+0000] {logging_mixin.py:188} INFO - [2026-08-21T22:57:24.162+0000] {dag.py:3834} INFO - Setting next_dagrun for example_skip_dag to 2026-08-20 00:00:00+00:00, run_after=2026-08-21 00:00:00+00:00
[2026-08-21T22:57:24.187+0000] {processor.py:183} INFO - Processing /home/airflow/.local/lib/python3.8/site-packages/airflow/example_dags/example_skip_dag.py took 0.134 seconds
[2026-08-21T22:57:54.538+0000] {processor.py:161} INFO - Started process (PID=1331) to work on /home/airflow/.local/lib/python3.8/site-packages/airflow/example_dags/example_skip_dag.py
[2026-08-21T22:57:54.540+0000] {processor.py:830} INFO - Processing file /home/airflow/.local/lib/python3.8/site-packages/airflow/example_dags/example_skip_dag.py for tasks to queue
[2026-08-21T22:57:54.543+0000] {logging_mixin.py:188} INFO - [2026-08-21T22:57:54.543+0000] {dagbag.py:540} INFO - Filling up the DagBag from /home/airflow/.local/lib/python3.8/site-packages/airflow/example_dags/example_skip_dag.py
[2026-08-21T22:57:54.558+0000] {processor.py:840} INFO - DAG(s) 'example_skip_dag' retrieved from /home/airflow/.local/lib/python3.8/site-packages/airflow/example_dags/example_skip_dag.py
[2026-08-21T22:57:54.590+0000] {logging_mixin.py:188} INFO - [2026-08-21T22:57:54.590+0000] {dag.py:3047} INFO - Sync 1 DAGs
[2026-08-21T22:57:54.628+0000] {logging_mixin.py:188} INFO - [2026-08-21T22:57:54.627+0000] {dag.py:3834} INFO - Setting next_dagrun for example_skip_dag to 2026-08-20 00:00:00+00:00, run_after=2026-08-21 00:00:00+00:00
[2026-08-21T22:57:54.661+0000] {processor.py:183} INFO - Processing /home/airflow/.local/lib/python3.8/site-packages/airflow/example_dags/example_skip_dag.py took 0.127 seconds
[2026-08-21T22:58:24.904+0000] {processor.py:161} INFO - Started process (PID=1388) to work on /home/airflow/.local/lib/python3.8/site-packages/airflow/example_dags/example_skip_dag.py
[2026-08-21T22:58:24.907+0000] {processor.py:830} INFO - Processing file /home/airflow/.local/lib/python3.8/site-packages/airflow/example_dags/example_skip_dag.py for tasks to queue
[2026-08-21T22:58:24.910+0000] {logging_mixin.py:188} INFO - [2026-08-21T22:58:24.910+0000] {dagbag.py:540} INFO - Filling up the DagBag from /home/airflow/.local/lib/python3.8/site-packages/airflow/example_dags/example_skip_dag.py
[2026-08-21T22:58:24.924+0000] {processor.py:840} INFO - DAG(s) 'example_skip_dag' retrieved from /home/airflow/.local/lib/python3.8/site-packages/airflow/example_dags/example_skip_dag.py
[2026-08-21T22:58:24.957+0000] {logging_mixin.py:188} INFO - [2026-08-21T22:58:24.956+0000] {dag.py:3047} INFO - Sync 1 DAGs
[2026-08-21T22:58:24.993+0000] {logging_mixin.py:188} INFO - [2026-08-21T22:58:24.993+0000] {dag.py:3834} INFO - Setting next_dagrun for example_skip_dag to 2026-08-20 00:00:00+00:00, run_after=2026-08-21 00:00:00+00:00
[2026-08-21T22:58:25.019+0000] {processor.py:183} INFO - Processing /home/airflow/.local/lib/python3.8/site-packages/airflow/example_dags/example_skip_dag.py took 0.121 seconds
[2026-08-21T22:58:55.441+0000] {processor.py:161} INFO - Started process (PID=1445) to work on /home/airflow/.local/lib/python3.8/site-packages/airflow/example_dags/example_skip_dag.py
[2026-08-21T22:58:55.443+0000] {processor.py:830} INFO - Processing file /home/airflow/.local/lib/python3.8/site-packages/airflow/example_dags/example_skip_dag.py for tasks to queue
[2026-08-21T22:58:55.445+0000] {logging_mixin.py:188} INFO - [2026-08-21T22:58:55.445+0000] {dagbag.py:540} INFO - Filling up the DagBag from /home/airflow/.local/lib/python3.8/site-packages/airflow/example_dags/example_skip_dag.py
[2026-08-21T22:58:55.453+0000] {processor.py:840} INFO - DAG(s) 'example_skip_dag' retrieved from /home/airflow/.local/lib/python3.8/site-packages/airflow/example_dags/example_skip_dag.py
[2026-08-21T22:58:55.484+0000] {logging_mixin.py:188} INFO - [2026-08-21T22:58:55.483+0000] {dag.py:3047} INFO - Sync 1 DAGs
[2026-08-21T22:58:55.509+0000] {logging_mixin.py:188} INFO - [2026-08-21T22:58:55.509+0000] {dag.py:3834} INFO - Setting next_dagrun for example_skip_dag to 2026-08-20 00:00:00+00:00, run_after=2026-08-21 00:00:00+00:00
[2026-08-21T22:58:55.533+0000] {processor.py:183} INFO - Processing /home/airflow/.local/lib/python3.8/site-packages/airflow/example_dags/example_skip_dag.py took 0.097 seconds
[2026-08-21T22:59:25.893+0000] {processor.py:161} INFO - Started process (PID=1502) to work on /home/airflow/.local/lib/python3.8/site-packages/airflow/example_dags/example_skip_dag.py
[2026-08-21T22:59:25.895+0000] {processor.py:830} INFO - Processing file /home/airflow/.local/lib/python3.8/site-packages/airflow/example_dags/example_skip_dag.py for tasks to queue
[2026-08-21T22:59:25.898+0000] {logging_mixin.py:188} INFO - [2026-08-21T22:59:25.897+0000] {dagbag.py:540} INFO - Filling up the DagBag from /home/airflow/.local/lib/python3.8/site-packages/airflow/example_dags/example_skip_dag.py
[2026-08-21T22:59:25.907+0000] {processor.py:840} INFO - DAG(s) 'example_skip_dag' retrieved from /home/airflow/.local/lib/python3.8/site-packages/airflow/example_dags/example_skip_dag.py
[2026-08-21T22:59:25.943+0000] {logging_mixin.py:188} INFO - [2026-08-21T22:59:25.943+0000] {dag.py:3047} INFO - Sync 1 DAGs
[2026-08-21T22:59:25.981+0000] {logging_mixin.py:188} INFO - [2026-08-21T22:59:25.981+0000] {dag.py:3834} INFO - Setting next_dagrun for example_skip_dag to 2026-08-20 00:00:00+00:00, run_after=2026-08-21 00:00:00+00:00
[2026-08-21T22:59:26.013+0000] {processor.py:183} INFO - Processing /home/airflow/.local/lib/python3.8/site-packages/airflow/example_dags/example_skip_dag.py took 0.126 seconds
[2026-08-21T22:59:56.338+0000] {processor.py:161} INFO - Started process (PID=1559) to work on /home/airflow/.local/lib/python3.8/site-packages/airflow/example_dags/example_skip_dag.py
[2026-08-21T22:59:56.340+0000] {processor.py:830} INFO - Processing file /home/airflow/.local/lib/python3.8/site-packages/airflow/example_dags/example_skip_dag.py for tasks to queue
[2026-08-21T22:59:56.342+0000] {logging_mixin.py:188} INFO - [2026-08-21T22:59:56.342+0000] {dagbag.py:540} INFO - Filling up the DagBag from /home/airflow/.local/lib/python3.8/site-packages/airflow/example_dags/example_skip_dag.py
[2026-08-21T22:59:56.356+0000] {processor.py:840} INFO - DAG(s) 'example_skip_dag' retrieved from /home/airflow/.local/lib/python3.8/site-packages/airflow/example_dags/example_skip_dag.py
[2026-08-21T22:59:56.389+0000] {logging_mixin.py:188} INFO - [2026-08-21T22:59:56.389+0000] {dag.py:3047} INFO - Sync 1 DAGs
[2026-08-21T22:59:56.430+0000] {logging_mixin.py:188} INFO - [2026-08-21T22:59:56.429+0000] {dag.py:3834} INFO - Setting next_dagrun for example_skip_dag to 2026-08-20 00:00:00+00:00, run_after=2026-08-21 00:00:00+00:00
[2026-08-21T22:59:56.473+0000] {processor.py:183} INFO - Processing /home/airflow/.local/lib/python3.8/site-packages/airflow/example_dags/example_skip_dag.py took 0.140 seconds
[2026-08-21T23:00:26.724+0000] {processor.py:161} INFO - Started process (PID=1616) to work on /home/airflow/.local/lib/python3.8/site-packages/airflow/example_dags/example_skip_dag.py
[2026-08-21T23:00:26.726+0000] {processor.py:830} INFO - Processing file /home/airflow/.local/lib/python3.8/site-packages/airflow/example_dags/example_skip_dag.py for tasks to queue
[2026-08-21T23:00:26.730+0000] {logging_mixin.py:188} INFO - [2026-08-21T23:00:26.729+0000] {dagbag.py:540} INFO - Filling up the DagBag from /home/airflow/.local/lib/python3.8/site-packages/airflow/example_dags/example_skip_dag.py
[2026-08-21T23:00:26.739+0000] {processor.py:840} INFO - DAG(s) 'example_skip_dag' retrieved from /home/airflow/.local/lib/python3.8/site-packages/airflow/example_dags/example_skip_dag.py
[2026-08-21T23:00:26.768+0000] {logging_mixin.py:188} INFO - [2026-08-21T23:00:26.768+0000] {dag.py:3047} INFO - Sync 1 DAGs
[2026-08-21T23:00:26.802+0000] {logging_mixin.py:188} INFO - [2026-08-21T23:00:26.802+0000] {dag.py:3834} INFO - Setting next_dagrun for example_skip_dag to 2026-08-20 00:00:00+00:00, run_after=2026-08-21 00:00:00+00:00
[2026-08-21T23:00:26.826+0000] {processor.py:183} INFO - Processing /home/airflow/.local/lib/python3.8/site-packages/airflow/example_dags/example_skip_dag.py took 0.108 seconds
[2026-08-21T23:00:57.605+0000] {processor.py:161} INFO - Started process (PID=1673) to work on /home/airflow/.local/lib/python3.8/site-packages/airflow/example_dags/example_skip_dag.py
[2026-08-21T23:00:57.607+0000] {processor.py:830} INFO - Processing file /home/airflow/.local/lib/python3.8/site-packages/airflow/example_dags/example_skip_dag.py for tasks to queue
[2026-08-21T23:00:57.610+0000] {logging_mixin.py:188} INFO - [2026-08-21T23:00:57.609+0000] {dagbag.py:540} INFO - Filling up the DagBag from /home/airflow/.local/lib/python3.8/site-packages/airflow/example_dags/example_skip_dag.py
[2026-08-21T23:00:57.617+0000] {processor.py:840} INFO - DAG(s) 'example_skip_dag' retrieved from /home/airflow/.local/lib/python3.8/site-packages/airflow/example_dags/example_skip_dag.py
[2026-08-21T23:00:57.644+0000] {logging_mixin.py:188} INFO - [2026-08-21T23:00:57.643+0000] {dag.py:3047} INFO - Sync 1 DAGs
[2026-08-21T23:00:57.671+0000] {logging_mixin.py:188} INFO - [2026-08-21T23:00:57.671+0000] {dag.py:3834} INFO - Setting next_dagrun for example_skip_dag to 2026-08-20 00:00:00+00:00, run_after=2026-08-21 00:00:00+00:00
[2026-08-21T23:00:57.693+0000] {processor.py:183} INFO - Processing /home/airflow/.local/lib/python3.8/site-packages/airflow/example_dags/example_skip_dag.py took 0.091 seconds
[2026-08-21T23:01:28.630+0000] {processor.py:161} INFO - Started process (PID=1730) to work on /home/airflow/.local/lib/python3.8/site-packages/airflow/example_dags/example_skip_dag.py
[2026-08-21T23:01:28.631+0000] {processor.py:830} INFO - Processing file /home/airflow/.local/lib/python3.8/site-packages/airflow/example_dags/example_skip_dag.py for tasks to queue
[2026-08-21T23:01:28.634+0000] {logging_mixin.py:188} INFO - [2026-08-21T23:01:28.633+0000] {dagbag.py:540} INFO - Filling up the DagBag from /home/airflow/.local/lib/python3.8/site-packages/airflow/example_dags/example_skip_dag.py
[2026-08-21T23:01:28.642+0000] {processor.py:840} INFO - DAG(s) 'example_skip_dag' retrieved from /home/airflow/.local/lib/python3.8/site-packages/airflow/example_dags/example_skip_dag.py
[2026-08-21T23:01:28.667+0000] {logging_mixin.py:188} INFO - [2026-08-21T23:01:28.667+0000] {dag.py:3047} INFO - Sync 1 DAGs
[2026-08-21T23:01:28.691+0000] {logging_mixin.py:188} INFO - [2026-08-21T23:01:28.691+0000] {dag.py:3834} INFO - Setting next_dagrun for example_skip_dag to 2026-08-20 00:00:00+00:00, run_after=2026-08-21 00:00:00+00:00
[2026-08-21T23:01:28.709+0000] {processor.py:183} INFO - Processing /home/airflow/.local/lib/python3.8/site-packages/airflow/example_dags/example_skip_dag.py took 0.082 seconds
[2026-08-21T23:01:59.180+0000] {processor.py:161} INFO - Started process (PID=1787) to work on /home/airflow/.local/lib/python3.8/site-packages/airflow/example_dags/example_skip_dag.py
[2026-08-21T23:01:59.182+0000] {processor.py:830} INFO - Processing file /home/airflow/.local/lib/python3.8/site-packages/airflow/example_dags/example_skip_dag.py for tasks to queue
[2026-08-21T23:01:59.184+0000] {logging_mixin.py:188} INFO - [2026-08-21T23:01:59.184+0000] {dagbag.py:540} INFO - Filling up the DagBag from /home/airflow/.local/lib/python3.8/site-packages/airflow/example_dags/example_skip_dag.py
[2026-08-21T23:01:59.193+0000] {processor.py:840} INFO - DAG(s) 'example_skip_dag' retrieved from /home/airflow/.local/lib/python3.8/site-packages/airflow/example_dags/example_skip_dag.py
[2026-08-21T23:01:59.218+0000] {logging_mixin.py:188} INFO - [2026-08-21T23:01:59.217+0000] {dag.py:3047} INFO - Sync 1 DAGs
[2026-08-21T23:01:59.252+0000] {logging_mixin.py:188} INFO - [2026-08-21T23:01:59.251+0000] {dag.py:3834} INFO - Setting next_dagrun for example_skip_dag to 2026-08-20 00:00:00+00:00, run_after=2026-08-21 00:00:00+00:00
[2026-08-21T23:01:59.277+0000] {processor.py:183} INFO - Processing /home/airflow/.local/lib/python3.8/site-packages/airflow/example_dags/example_skip_dag.py took 0.100 seconds
[2026-08-21T23:02:29.382+0000] {processor.py:161} INFO - Started process (PID=1844) to work on /home/airflow/.local/lib/python3.8/site-packages/airflow/example_dags/example_skip_dag.py
[2026-08-21T23:02:29.385+0000] {processor.py:830} INFO - Processing file /home/airflow/.local/lib/python3.8/site-packages/airflow/example_dags/example_skip_dag.py for tasks to queue
[2026-08-21T23:02:29.388+0000] {logging_mixin.py:188} INFO - [2026-08-21T23:02:29.388+0000] {dagbag.py:540} INFO - Filling up the DagBag from /home/airflow/.local/lib/python3.8/site-packages/airflow/example_dags/example_skip_dag.py
[2026-08-21T23:02:29.398+0000] {processor.py:840} INFO - DAG(s) 'example_skip_dag' retrieved from /home/airflow/.local/lib/python3.8/site-packages/airflow/example_dags/example_skip_dag.py
[2026-08-21T23:02:29.429+0000] {logging_mixin.py:188} INFO - [2026-08-21T23:02:29.428+0000] {dag.py:3047} INFO - Sync 1 DAGs
[2026-08-21T23:02:29.468+0000] {logging_mixin.py:188} INFO - [2026-08-21T23:02:29.468+0000] {dag.py:3834} INFO - Setting next_dagrun for example_skip_dag to 2026-08-20 00:00:00+00:00, run_after=2026-08-21 00:00:00+00:00
[2026-08-21T23:02:29.490+0000] {processor.py:183} INFO - Processing /home/airflow/.local/lib/python3.8/site-packages/airflow/example_dags/example_skip_dag.py took 0.113 seconds
[2026-08-21T23:02:59.879+0000] {processor.py:161} INFO - Started process (PID=1901) to work on /home/airflow/.local/lib/python3.8/site-packages/airflow/example_dags/example_skip_dag.py
[2026-08-21T23:02:59.880+0000] {processor.py:830} INFO - Processing file /home/airflow/.local/lib/python3.8/site-packages/airflow/example_dags/example_skip_dag.py for tasks to queue
[2026-08-21T23:02:59.884+0000] {logging_mixin.py:188} INFO - [2026-08-21T23:02:59.883+0000] {dagbag.py:540} INFO - Filling up the DagBag from /home/airflow/.local/lib/python3.8/site-packages/airflow/example_dags/example_skip_dag.py
[2026-08-21T23:02:59.897+0000] {processor.py:840} INFO - DAG(s) 'example_skip_dag' retrieved from /home/airflow/.local/lib/python3.8/site-packages/airflow/example_dags/example_skip_dag.py
[2026-08-21T23:02:59.934+0000] {logging_mixin.py:188} INFO - [2026-08-21T23:02:59.933+0000] {dag.py:3047} INFO - Sync 1 DAGs
[2026-08-21T23:02:59.972+0000] {logging_mixin.py:188} INFO - [2026-08-21T23:02:59.971+0000] {dag.py:3834} INFO - Setting next_dagrun for example_skip_dag to 2026-08-20 00:00:00+00:00, run_after=2026-08-21 00:00:00+00:00
[2026-08-21T23:02:59.998+0000] {processor.py:183} INFO - Processing /home/airflow/.local/lib/python3.8/site-packages/airflow/example_dags/example_skip_dag.py took 0.127 seconds
[2026-08-21T23:03:30.469+0000] {processor.py:161} INFO - Started process (PID=1958) to work on /home/airflow/.local/lib/python3.8/site-packages/airflow/example_dags/example_skip_dag.py
[2026-08-21T23:03:30.479+0000] {processor.py:830} INFO - Processing file /home/airflow/.local/lib/python3.8/site-packages/airflow/example_dags/example_skip_dag.py for tasks to queue
[2026-08-21T23:03:30.491+0000] {logging_mixin.py:188} INFO - [2026-08-21T23:03:30.490+0000] {dagbag.py:540} INFO - Filling up the DagBag from /home/airflow/.local/lib/python3.8/site-packages/airflow/example_dags/example_skip_dag.py
[2026-08-21T23:03:30.522+0000] {processor.py:840} INFO - DAG(s) 'example_skip_dag' retrieved from /home/airflow/.local/lib/python3.8/site-packages/airflow/example_dags/example_skip_dag.py
[2026-08-21T23:03:30.586+0000] {logging_mixin.py:188} INFO - [2026-08-21T23:03:30.585+0000] {dag.py:3047} INFO - Sync 1 DAGs
[2026-08-21T23:03:30.652+0000] {logging_mixin.py:188} INFO - [2026-08-21T23:03:30.651+0000] {dag.py:3834} INFO - Setting next_dagrun for example_skip_dag to 2026-08-20 00:00:00+00:00, run_after=2026-08-21 00:00:00+00:00
[2026-08-21T23:03:30.686+0000] {processor.py:183} INFO - Processing /home/airflow/.local/lib/python3.8/site-packages/airflow/example_dags/example_skip_dag.py took 0.234 seconds
[2026-08-21T23:04:00.766+0000] {processor.py:161} INFO - Started process (PID=2015) to work on /home/airflow/.local/lib/python3.8/site-packages/airflow/example_dags/example_skip_dag.py
[2026-08-21T23:04:00.768+0000] {processor.py:830} INFO - Processing file /home/airflow/.local/lib/python3.8/site-packages/airflow/example_dags/example_skip_dag.py for tasks to queue
[2026-08-21T23:04:00.771+0000] {logging_mixin.py:188} INFO - [2026-08-21T23:04:00.771+0000] {dagbag.py:540} INFO - Filling up the DagBag from /home/airflow/.local/lib/python3.8/site-packages/airflow/example_dags/example_skip_dag.py
[2026-08-21T23:04:00.781+0000] {processor.py:840} INFO - DAG(s) 'example_skip_dag' retrieved from /home/airflow/.local/lib/python3.8/site-packages/airflow/example_dags/example_skip_dag.py
[2026-08-21T23:04:00.808+0000] {logging_mixin.py:188} INFO - [2026-08-21T23:04:00.808+0000] {dag.py:3047} INFO - Sync 1 DAGs
[2026-08-21T23:04:00.844+0000] {logging_mixin.py:188} INFO - [2026-08-21T23:04:00.843+0000] {dag.py:3834} INFO - Setting next_dagrun for example_skip_dag to 2026-08-20 00:00:00+00:00, run_after=2026-08-21 00:00:00+00:00
[2026-08-21T23:04:00.901+0000] {processor.py:183} INFO - Processing /home/airflow/.local/lib/python3.8/site-packages/airflow/example_dags/example_skip_dag.py took 0.142 seconds
[2026-08-21T23:04:31.567+0000] {processor.py:161} INFO - Started process (PID=2072) to work on /home/airflow/.local/lib/python3.8/site-packages/airflow/example_dags/example_skip_dag.py
[2026-08-21T23:04:31.569+0000] {processor.py:830} INFO - Processing file /home/airflow/.local/lib/python3.8/site-packages/airflow/example_dags/example_skip_dag.py for tasks to queue
[2026-08-21T23:04:31.572+0000] {logging_mixin.py:188} INFO - [2026-08-21T23:04:31.572+0000] {dagbag.py:540} INFO - Filling up the DagBag from /home/airflow/.local/lib/python3.8/site-packages/airflow/example_dags/example_skip_dag.py
[2026-08-21T23:04:31.581+0000] {processor.py:840} INFO - DAG(s) 'example_skip_dag' retrieved from /home/airflow/.local/lib/python3.8/site-packages/airflow/example_dags/example_skip_dag.py
[2026-08-21T23:04:31.610+0000] {logging_mixin.py:188} INFO - [2026-08-21T23:04:31.609+0000] {dag.py:3047} INFO - Sync 1 DAGs
[2026-08-21T23:04:31.635+0000] {logging_mixin.py:188} INFO - [2026-08-21T23:04:31.635+0000] {dag.py:3834} INFO - Setting next_dagrun for example_skip_dag to 2026-08-20 00:00:00+00:00, run_after=2026-08-21 00:00:00+00:00
[2026-08-21T23:04:31.657+0000] {processor.py:183} INFO - Processing /home/airflow/.local/lib/python3.8/site-packages/airflow/example_dags/example_skip_dag.py took 0.094 seconds
[2026-08-21T23:05:01.876+0000] {processor.py:161} INFO - Started process (PID=2129) to work on /home/airflow/.local/lib/python3.8/site-packages/airflow/example_dags/example_skip_dag.py
[2026-08-21T23:05:01.878+0000] {processor.py:830} INFO - Processing file /home/airflow/.local/lib/python3.8/site-packages/airflow/example_dags/example_skip_dag.py for tasks to queue
[2026-08-21T23:05:01.880+0000] {logging_mixin.py:188} INFO - [2026-08-21T23:05:01.880+0000] {dagbag.py:540} INFO - Filling up the DagBag from /home/airflow/.local/lib/python3.8/site-packages/airflow/example_dags/example_skip_dag.py
[2026-08-21T23:05:01.889+0000] {processor.py:840} INFO - DAG(s) 'example_skip_dag' retrieved from /home/airflow/.local/lib/python3.8/site-packages/airflow/example_dags/example_skip_dag.py
[2026-08-21T23:05:01.916+0000] {logging_mixin.py:188} INFO - [2026-08-21T23:05:01.916+0000] {dag.py:3047} INFO - Sync 1 DAGs
[2026-08-21T23:05:01.949+0000] {logging_mixin.py:188} INFO - [2026-08-21T23:05:01.948+0000] {dag.py:3834} INFO - Setting next_dagrun for example_skip_dag to 2026-08-20 00:00:00+00:00, run_after=2026-08-21 00:00:00+00:00
[2026-08-21T23:05:01.970+0000] {processor.py:183} INFO - Processing /home/airflow/.local/lib/python3.8/site-packages/airflow/example_dags/example_skip_dag.py took 0.098 seconds
[2026-08-21T23:05:32.136+0000] {processor.py:161} INFO - Started process (PID=2186) to work on /home/airflow/.local/lib/python3.8/site-packages/airflow/example_dags/example_skip_dag.py
[2026-08-21T23:05:32.138+0000] {processor.py:830} INFO - Processing file /home/airflow/.local/lib/python3.8/site-packages/airflow/example_dags/example_skip_dag.py for tasks to queue
[2026-08-21T23:05:32.141+0000] {logging_mixin.py:188} INFO - [2026-08-21T23:05:32.141+0000] {dagbag.py:540} INFO - Filling up the DagBag from /home/airflow/.local/lib/python3.8/site-packages/airflow/example_dags/example_skip_dag.py
[2026-08-21T23:05:32.149+0000] {processor.py:840} INFO - DAG(s) 'example_skip_dag' retrieved from /home/airflow/.local/lib/python3.8/site-packages/airflow/example_dags/example_skip_dag.py
[2026-08-21T23:05:32.180+0000] {logging_mixin.py:188} INFO - [2026-08-21T23:05:32.180+0000] {dag.py:3047} INFO - Sync 1 DAGs
[2026-08-21T23:05:32.209+0000] {logging_mixin.py:188} INFO - [2026-08-21T23:05:32.209+0000] {dag.py:3834} INFO - Setting next_dagrun for example_skip_dag to 2026-08-20 00:00:00+00:00, run_after=2026-08-21 00:00:00+00:00
[2026-08-21T23:05:32.229+0000] {processor.py:183} INFO - Processing /home/airflow/.local/lib/python3.8/site-packages/airflow/example_dags/example_skip_dag.py took 0.097 seconds
[2026-08-21T23:06:02.625+0000] {processor.py:161} INFO - Started process (PID=2243) to work on /home/airflow/.local/lib/python3.8/site-packages/airflow/example_dags/example_skip_dag.py
[2026-08-21T23:06:02.627+0000] {processor.py:830} INFO - Processing file /home/airflow/.local/lib/python3.8/site-packages/airflow/example_dags/example_skip_dag.py for tasks to queue
[2026-08-21T23:06:02.630+0000] {logging_mixin.py:188} INFO - [2026-08-21T23:06:02.630+0000] {dagbag.py:540} INFO - Filling up the DagBag from /home/airflow/.local/lib/python3.8/site-packages/airflow/example_dags/example_skip_dag.py
[2026-08-21T23:06:02.644+0000] {processor.py:840} INFO - DAG(s) 'example_skip_dag' retrieved from /home/airflow/.local/lib/python3.8/site-packages/airflow/example_dags/example_skip_dag.py
[2026-08-21T23:06:02.673+0000] {logging_mixin.py:188} INFO - [2026-08-21T23:06:02.673+0000] {dag.py:3047} INFO - Sync 1 DAGs
[2026-08-21T23:06:02.709+0000] {logging_mixin.py:188} INFO - [2026-08-21T23:06:02.709+0000] {dag.py:3834} INFO - Setting next_dagrun for example_skip_dag to 2026-08-20 00:00:00+00:00, run_after=2026-08-21 00:00:00+00:00
[2026-08-21T23:06:02.732+0000] {processor.py:183} INFO - Processing /home/airflow/.local/lib/python3.8/site-packages/airflow/example_dags/example_skip_dag.py took 0.113 seconds
[2026-08-21T23:06:33.439+0000] {processor.py:161} INFO - Started process (PID=2300) to work on /home/airflow/.local/lib/python3.8/site-packages/airflow/example_dags/example_skip_dag.py
[2026-08-21T23:06:33.441+0000] {processor.py:830} INFO - Processing file /home/airflow/.local/lib/python3.8/site-packages/airflow/example_dags/example_skip_dag.py for tasks to queue
[2026-08-21T23:06:33.444+0000] {logging_mixin.py:188} INFO - [2026-08-21T23:06:33.444+0000] {dagbag.py:540} INFO - Filling up the DagBag from /home/airflow/.local/lib/python3.8/site-packages/airflow/example_dags/example_skip_dag.py
[2026-08-21T23:06:33.454+0000] {processor.py:840} INFO - DAG(s) 'example_skip_dag' retrieved from /home/airflow/.local/lib/python3.8/site-packages/airflow/example_dags/example_skip_dag.py
[2026-08-21T23:06:33.486+0000] {logging_mixin.py:188} INFO - [2026-08-21T23:06:33.485+0000] {dag.py:3047} INFO - Sync 1 DAGs
[2026-08-21T23:06:33.524+0000] {logging_mixin.py:188} INFO - [2026-08-21T23:06:33.524+0000] {dag.py:3834} INFO - Setting next_dagrun for example_skip_dag to 2026-08-20 00:00:00+00:00, run_after=2026-08-21 00:00:00+00:00
[2026-08-21T23:06:33.611+0000] {processor.py:183} INFO - Processing /home/airflow/.local/lib/python3.8/site-packages/airflow/example_dags/example_skip_dag.py took 0.180 seconds
[2026-08-21T23:07:03.873+0000] {processor.py:161} INFO - Started process (PID=2357) to work on /home/airflow/.local/lib/python3.8/site-packages/airflow/example_dags/example_skip_dag.py
[2026-08-21T23:07:03.875+0000] {processor.py:830} INFO - Processing file /home/airflow/.local/lib/python3.8/site-packages/airflow/example_dags/example_skip_dag.py for tasks to queue
[2026-08-21T23:07:03.877+0000] {logging_mixin.py:188} INFO - [2026-08-21T23:07:03.877+0000] {dagbag.py:540} INFO - Filling up the DagBag from /home/airflow/.local/lib/python3.8/site-packages/airflow/example_dags/example_skip_dag.py
[2026-08-21T23:07:03.885+0000] {processor.py:840} INFO - DAG(s) 'example_skip_dag' retrieved from /home/airflow/.local/lib/python3.8/site-packages/airflow/example_dags/example_skip_dag.py
[2026-08-21T23:07:03.909+0000] {logging_mixin.py:188} INFO - [2026-08-21T23:07:03.909+0000] {dag.py:3047} INFO - Sync 1 DAGs
[2026-08-21T23:07:03.933+0000] {logging_mixin.py:188} INFO - [2026-08-21T23:07:03.933+0000] {dag.py:3834} INFO - Setting next_dagrun for example_skip_dag to 2026-08-20 00:00:00+00:00, run_after=2026-08-21 00:00:00+00:00
[2026-08-21T23:07:03.954+0000] {processor.py:183} INFO - Processing /home/airflow/.local/lib/python3.8/site-packages/airflow/example_dags/example_skip_dag.py took 0.086 seconds
[2026-08-21T23:07:34.425+0000] {processor.py:161} INFO - Started process (PID=2414) to work on /home/airflow/.local/lib/python3.8/site-packages/airflow/example_dags/example_skip_dag.py
[2026-08-21T23:07:34.428+0000] {processor.py:830} INFO - Processing file /home/airflow/.local/lib/python3.8/site-packages/airflow/example_dags/example_skip_dag.py for tasks to queue
[2026-08-21T23:07:34.431+0000] {logging_mixin.py:188} INFO - [2026-08-21T23:07:34.431+0000] {dagbag.py:540} INFO - Filling up the DagBag from /home/airflow/.local/lib/python3.8/site-packages/airflow/example_dags/example_skip_dag.py
[2026-08-21T23:07:34.439+0000] {processor.py:840} INFO - DAG(s) 'example_skip_dag' retrieved from /home/airflow/.local/lib/python3.8/site-packages/airflow/example_dags/example_skip_dag.py
[2026-08-21T23:07:34.470+0000] {logging_mixin.py:188} INFO - [2026-08-21T23:07:34.470+0000] {dag.py:3047} INFO - Sync 1 DAGs
[2026-08-21T23:07:34.499+0000] {logging_mixin.py:188} INFO - [2026-08-21T23:07:34.498+0000] {dag.py:3834} INFO - Setting next_dagrun for example_skip_dag to 2026-08-20 00:00:00+00:00, run_after=2026-08-21 00:00:00+00:00
[2026-08-21T23:07:34.524+0000] {processor.py:183} INFO - Processing /home/airflow/.local/lib/python3.8/site-packages/airflow/example_dags/example_skip_dag.py took 0.103 seconds
[2026-08-21T23:08:04.791+0000] {processor.py:161} INFO - Started process (PID=2473) to work on /home/airflow/.local/lib/python3.8/site-packages/airflow/example_dags/example_skip_dag.py
[2026-08-21T23:08:04.794+0000] {processor.py:830} INFO - Processing file /home/airflow/.local/lib/python3.8/site-packages/airflow/example_dags/example_skip_dag.py for tasks to queue
[2026-08-21T23:08:04.797+0000] {logging_mixin.py:188} INFO - [2026-08-21T23:08:04.797+0000] {dagbag.py:540} INFO - Filling up the DagBag from /home/airflow/.local/lib/python3.8/site-packages/airflow/example_dags/example_skip_dag.py
[2026-08-21T23:08:04.807+0000] {processor.py:840} INFO - DAG(s) 'example_skip_dag' retrieved from /home/airflow/.local/lib/python3.8/site-packages/airflow/example_dags/example_skip_dag.py
[2026-08-21T23:08:04.835+0000] {logging_mixin.py:188} INFO - [2026-08-21T23:08:04.835+0000] {dag.py:3047} INFO - Sync 1 DAGs
[2026-08-21T23:08:04.863+0000] {logging_mixin.py:188} INFO - [2026-08-21T23:08:04.863+0000] {dag.py:3834} INFO - Setting next_dagrun for example_skip_dag to 2026-08-20 00:00:00+00:00, run_after=2026-08-21 00:00:00+00:00
[2026-08-21T23:08:04.890+0000] {processor.py:183} INFO - Processing /home/airflow/.local/lib/python3.8/site-packages/airflow/example_dags/example_skip_dag.py took 0.104 seconds
