[2026-08-21T22:46:44.664+0000] {processor.py:161} INFO - Started process (PID=87) to work on /home/airflow/.local/lib/python3.8/site-packages/airflow/example_dags/example_python_decorator.py
[2026-08-21T22:46:44.666+0000] {processor.py:830} INFO - Processing file /home/airflow/.local/lib/python3.8/site-packages/airflow/example_dags/example_python_decorator.py for tasks to queue
[2026-08-21T22:46:44.673+0000] {logging_mixin.py:188} INFO - [2026-08-21T22:46:44.672+0000] {dagbag.py:540} INFO - Filling up the DagBag from /home/airflow/.local/lib/python3.8/site-packages/airflow/example_dags/example_python_decorator.py
[2026-08-21T22:46:44.719+0000] {processor.py:840} INFO - DAG(s) 'example_python_decorator' retrieved from /home/airflow/.local/lib/python3.8/site-packages/airflow/example_dags/example_python_decorator.py
[2026-08-21T22:46:44.875+0000] {logging_mixin.py:188} INFO - [2026-08-21T22:46:44.875+0000] {dag.py:3047} INFO - Sync 1 DAGs
[2026-08-21T22:46:44.889+0000] {logging_mixin.py:188} INFO - [2026-08-21T22:46:44.889+0000] {dag.py:3834} INFO - Setting next_dagrun for example_python_decorator to None, run_after=None
[2026-08-21T22:46:44.920+0000] {processor.py:183} INFO - Processing /home/airflow/.local/lib/python3.8/site-packages/airflow/example_dags/example_python_decorator.py took 0.264 seconds
[2026-08-21T22:47:15.664+0000] {processor.py:161} INFO - Started process (PID=144) to work on /home/airflow/.local/lib/python3.8/site-packages/airflow/example_dags/example_python_decorator.py
[2026-08-21T22:47:15.666+0000] {processor.py:830} INFO - Processing file /home/airflow/.local/lib/python3.8/site-packages/airflow/example_dags/example_python_decorator.py for tasks to queue
[2026-08-21T22:47:15.668+0000] {logging_mixin.py:188} INFO - [2026-08-21T22:47:15.668+0000] {dagbag.py:540} INFO - Filling up the DagBag from /home/airflow/.local/lib/python3.8/site-packages/airflow/example_dags/example_python_decorator.py
[2026-08-21T22:47:15.683+0000] {processor.py:840} INFO - DAG(s) 'example_python_decorator' retrieved from /home/airflow/.local/lib/python3.8/site-packages/airflow/example_dags/example_python_decorator.py
[2026-08-21T22:47:15.709+0000] {logging_mixin.py:188} INFO - [2026-08-21T22:47:15.709+0000] {dag.py:3047} INFO - Sync 1 DAGs
[2026-08-21T22:47:15.723+0000] {logging_mixin.py:188} INFO - [2026-08-21T22:47:15.723+0000] {dag.py:3834} INFO - Setting next_dagrun for example_python_decorator to None, run_after=None
[2026-08-21T22:47:15.748+0000] {processor.py:183} INFO - Processing /home/airflow/.local/lib/python3.8/site-packages/airflow/example_dags/example_python_decorator.py took 0.088 seconds
[2026-08-21T22:47:46.267+0000] {processor.py:161} INFO - Started process (PID=201) to work on /home/airflow/.local/lib/python3.8/site-packages/airflow/example_dags/example_python_decorator.py
[2026-08-21T22:47:46.269+0000] {processor.py:830} INFO - Processing file /home/airflow/.local/lib/python3.8/site-packages/airflow/example_dags/example_python_decorator.py for tasks to queue
[2026-08-21T22:47:46.273+0000] {logging_mixin.py:188} INFO - [2026-08-21T22:47:46.272+0000] {dagbag.py:540} INFO - Filling up the DagBag from /home/airflow/.local/lib/python3.8/site-packages/airflow/example_dags/example_python_decorator.py
[2026-08-21T22:47:46.297+0000] {processor.py:840} INFO - DAG(s) 'example_python_decorator' retrieved from /home/airflow/.local/lib/python3.8/site-packages/airflow/example_dags/example_python_decorator.py
[2026-08-21T22:47:46.333+0000] {logging_mixin.py:188} INFO - [2026-08-21T22:47:46.333+0000] {dag.py:3047} INFO - Sync 1 DAGs
[2026-08-21T22:47:46.350+0000] {logging_mixin.py:188} INFO - [2026-08-21T22:47:46.350+0000] {dag.py:3834} INFO - Setting next_dagrun for example_python_decorator to None, run_after=None
[2026-08-21T22:47:46.378+0000] {processor.py:183} INFO - Processing /home/airflow/.local/lib/python3.8/site-packages/airflow/example_dags/example_python_decorator.py took 0.116 seconds
[2026-08-21T22:48:16.946+0000] {processor.py:161} INFO - Started process (PID=258) to work on /home/airflow/.local/lib/python3.8/site-packages/airflow/example_dags/example_python_decorator.py
[2026-08-21T22:48:16.948+0000] {processor.py:830} INFO - Processing file /home/airflow/.local/lib/python3.8/site-packages/airflow/example_dags/example_python_decorator.py for tasks to queue
[2026-08-21T22:48:16.953+0000] {logging_mixin.py:188} INFO - [2026-08-21T22:48:16.952+0000] {dagbag.py:540} INFO - Filling up the DagBag from /home/airflow/.local/lib/python3.8/site-packages/airflow/example_dags/example_python_decorator.py
[2026-08-21T22:48:16.987+0000] {processor.py:840} INFO - DAG(s) 'example_python_decorator' retrieved from /home/airflow/.local/lib/python3.8/site-packages/airflow/example_dags/example_python_decorator.py
[2026-08-21T22:48:17.066+0000] {logging_mixin.py:188} INFO - [2026-08-21T22:48:17.065+0000] {dag.py:3047} INFO - Sync 1 DAGs
[2026-08-21T22:48:17.082+0000] {logging_mixin.py:188} INFO - [2026-08-21T22:48:17.081+0000] {dag.py:3834} INFO - Setting next_dagrun for example_python_decorator to None, run_after=None
[2026-08-21T22:48:17.105+0000] {processor.py:183} INFO - Processing /home/airflow/.local/lib/python3.8/site-packages/airflow/example_dags/example_python_decorator.py took 0.165 seconds
[2026-08-21T22:48:47.964+0000] {processor.py:161} INFO - Started process (PID=315) to work on /home/airflow/.local/lib/python3.8/site-packages/airflow/example_dags/example_python_decorator.py
[2026-08-21T22:48:47.966+0000] {processor.py:830} INFO - Processing file /home/airflow/.local/lib/python3.8/site-packages/airflow/example_dags/example_python_decorator.py for tasks to queue
[2026-08-21T22:48:47.969+0000] {logging_mixin.py:188} INFO - [2026-08-21T22:48:47.968+0000] {dagbag.py:540} INFO - Filling up the DagBag from /home/airflow/.local/lib/python3.8/site-packages/airflow/example_dags/example_python_decorator.py
[2026-08-21T22:48:47.985+0000] {processor.py:840} INFO - DAG(s) 'example_python_decorator' retrieved from /home/airflow/.local/lib/python3.8/site-packages/airflow/example_dags/example_python_decorator.py
[2026-08-21T22:48:48.012+0000] {logging_mixin.py:188} INFO - [2026-08-21T22:48:48.011+0000] {dag.py:3047} INFO - Sync 1 DAGs
[2026-08-21T22:48:48.026+0000] {logging_mixin.py:188} INFO - [2026-08-21T22:48:48.026+0000] {dag.py:3834} INFO - Setting next_dagrun for example_python_decorator to None, run_after=None
[2026-08-21T22:48:48.048+0000] {processor.py:183} INFO - Processing /home/airflow/.local/lib/python3.8/site-packages/airflow/example_dags/example_python_decorator.py took 0.088 seconds
[2026-08-21T22:49:18.343+0000] {processor.py:161} INFO - Started process (PID=372) to work on /home/airflow/.local/lib/python3.8/site-packages/airflow/example_dags/example_python_decorator.py
[2026-08-21T22:49:18.345+0000] {processor.py:830} INFO - Processing file /home/airflow/.local/lib/python3.8/site-packages/airflow/example_dags/example_python_decorator.py for tasks to queue
[2026-08-21T22:49:18.347+0000] {logging_mixin.py:188} INFO - [2026-08-21T22:49:18.347+0000] {dagbag.py:540} INFO - Filling up the DagBag from /home/airflow/.local/lib/python3.8/site-packages/airflow/example_dags/example_python_decorator.py
[2026-08-21T22:49:18.362+0000] {processor.py:840} INFO - DAG(s) 'example_python_decorator' retrieved from /home/airflow/.local/lib/python3.8/site-packages/airflow/example_dags/example_python_decorator.py
[2026-08-21T22:49:18.389+0000] {logging_mixin.py:188} INFO - [2026-08-21T22:49:18.389+0000] {dag.py:3047} INFO - Sync 1 DAGs
[2026-08-21T22:49:18.403+0000] {logging_mixin.py:188} INFO - [2026-08-21T22:49:18.403+0000] {dag.py:3834} INFO - Setting next_dagrun for example_python_decorator to None, run_after=None
[2026-08-21T22:49:18.426+0000] {processor.py:183} INFO - Processing /home/airflow/.local/lib/python3.8/site-packages/airflow/example_dags/example_python_decorator.py took 0.087 seconds
[2026-08-21T22:49:48.518+0000] {processor.py:161} INFO - Started process (PID=427) to work on /home/airflow/.local/lib/python3.8/site-packages/airflow/example_dags/example_python_decorator.py
[2026-08-21T22:49:48.520+0000] {processor.py:830} INFO - Processing file /home/airflow/.local/lib/python3.8/site-packages/airflow/example_dags/example_python_decorator.py for tasks to queue
[2026-08-21T22:49:48.522+0000] {logging_mixin.py:188} INFO - [2026-08-21T22:49:48.522+0000] {dagbag.py:540} INFO - Filling up the DagBag from /home/airflow/.local/lib/python3.8/site-packages/airflow/example_dags/example_python_decorator.py
[2026-08-21T22:49:48.537+0000] {processor.py:840} INFO - DAG(s) 'example_python_decorator' retrieved from /home/airflow/.local/lib/python3.8/site-packages/airflow/example_dags/example_python_decorator.py
[2026-08-21T22:49:48.566+0000] {logging_mixin.py:188} INFO - [2026-08-21T22:49:48.565+0000] {dag.py:3047} INFO - Sync 1 DAGs
[2026-08-21T22:49:48.580+0000] {logging_mixin.py:188} INFO - [2026-08-21T22:49:48.579+0000] {dag.py:3834} INFO - Setting next_dagrun for example_python_decorator to None, run_after=None
[2026-08-21T22:49:48.605+0000] {processor.py:183} INFO - Processing /home/airflow/.local/lib/python3.8/site-packages/airflow/example_dags/example_python_decorator.py took 0.092 seconds
[2026-08-21T22:50:18.906+0000] {processor.py:161} INFO - Started process (PID=484) to work on /home/airflow/.local/lib/python3.8/site-packages/airflow/example_dags/example_python_decorator.py
[2026-08-21T22:50:18.908+0000] {processor.py:830} INFO - Processing file /home/airflow/.local/lib/python3.8/site-packages/airflow/example_dags/example_python_decorator.py for tasks to queue
[2026-08-21T22:50:18.912+0000] {logging_mixin.py:188} INFO - [2026-08-21T22:50:18.911+0000] {dagbag.py:540} INFO - Filling up the DagBag from /home/airflow/.local/lib/python3.8/site-packages/airflow/example_dags/example_python_decorator.py
[2026-08-21T22:50:18.935+0000] {processor.py:840} INFO - DAG(s) 'example_python_decorator' retrieved from /home/airflow/.local/lib/python3.8/site-packages/airflow/example_dags/example_python_decorator.py
[2026-08-21T22:50:18.969+0000] {logging_mixin.py:188} INFO - [2026-08-21T22:50:18.969+0000] {dag.py:3047} INFO - Sync 1 DAGs
[2026-08-21T22:50:18.988+0000] {logging_mixin.py:188} INFO - [2026-08-21T22:50:18.988+0000] {dag.py:3834} INFO - Setting next_dagrun for example_python_decorator to None, run_after=None
[2026-08-21T22:50:19.020+0000] {processor.py:183} INFO - Processing /home/airflow/.local/lib/python3.8/site-packages/airflow/example_dags/example_python_decorator.py took 0.120 seconds
[2026-08-21T22:50:49.111+0000] {processor.py:161} INFO - Started process (PID=541) to work on /home/airflow/.local/lib/python3.8/site-packages/airflow/example_dags/example_python_decorator.py
[2026-08-21T22:50:49.113+0000] {processor.py:830} INFO - Processing file /home/airflow/.local/lib/python3.8/site-packages/airflow/example_dags/example_python_decorator.py for tasks to queue
[2026-08-21T22:50:49.116+0000] {logging_mixin.py:188} INFO - [2026-08-21T22:50:49.116+0000] {dagbag.py:540} INFO - Filling up the DagBag from /home/airflow/.local/lib/python3.8/site-packages/airflow/example_dags/example_python_decorator.py
[2026-08-21T22:50:49.139+0000] {processor.py:840} INFO - DAG(s) 'example_python_decorator' retrieved from /home/airflow/.local/lib/python3.8/site-packages/airflow/example_dags/example_python_decorator.py
[2026-08-21T22:50:49.171+0000] {logging_mixin.py:188} INFO - [2026-08-21T22:50:49.171+0000] {dag.py:3047} INFO - Sync 1 DAGs
[2026-08-21T22:50:49.186+0000] {logging_mixin.py:188} INFO - [2026-08-21T22:50:49.185+0000] {dag.py:3834} INFO - Setting next_dagrun for example_python_decorator to None, run_after=None
[2026-08-21T22:50:49.208+0000] {processor.py:183} INFO - Processing /home/airflow/.local/lib/python3.8/site-packages/airflow/example_dags/example_python_decorator.py took 0.103 seconds
[2026-08-21T22:51:19.445+0000] {processor.py:161} INFO - Started process (PID=598) to work on /home/airflow/.local/lib/python3.8/site-packages/airflow/example_dags/example_python_decorator.py
[2026-08-21T22:51:19.447+0000] {processor.py:830} INFO - Processing file /home/airflow/.local/lib/python3.8/site-packages/airflow/example_dags/example_python_decorator.py for tasks to queue
[2026-08-21T22:51:19.450+0000] {logging_mixin.py:188} INFO - [2026-08-21T22:51:19.450+0000] {dagbag.py:540} INFO - Filling up the DagBag from /home/airflow/.local/lib/python3.8/site-packages/airflow/example_dags/example_python_decorator.py
[2026-08-21T22:51:19.466+0000] {processor.py:840} INFO - DAG(s) 'example_python_decorator' retrieved from /home/airflow/.local/lib/python3.8/site-packages/airflow/example_dags/example_python_decorator.py
[2026-08-21T22:51:19.492+0000] {logging_mixin.py:188} INFO - [2026-08-21T22:51:19.491+0000] {dag.py:3047} INFO - Sync 1 DAGs
[2026-08-21T22:51:19.511+0000] {logging_mixin.py:188} INFO - [2026-08-21T22:51:19.510+0000] {dag.py:3834} INFO - Setting next_dagrun for example_python_decorator to None, run_after=None
[2026-08-21T22:51:19.537+0000] {processor.py:183} INFO - Processing /home/airflow/.local/lib/python3.8/site-packages/airflow/example_dags/example_python_decorator.py took 0.096 seconds
[2026-08-21T22:51:49.748+0000] {processor.py:161} INFO - Started process (PID=655) to work on /home/airflow/.local/lib/python3.8/site-packages/airflow/example_dags/example_python_decorator.py
[2026-08-21T22:51:49.749+0000] {processor.py:830} INFO - Processing file /home/airflow/.local/lib/python3.8/site-packages/airflow/example_dags/example_python_decorator.py for tasks to queue
[2026-08-21T22:51:49.753+0000] {logging_mixin.py:188} INFO - [2026-08-21T22:51:49.752+0000] {dagbag.py:540} INFO - Filling up the DagBag from /home/airflow/.local/lib/python3.8/site-packages/airflow/example_dags/example_python_decorator.py
[2026-08-21T22:51:49.770+0000] {processor.py:840} INFO - DAG(s) 'example_python_decorator' retrieved from /home/airflow/.local/lib/python3.8/site-packages/airflow/example_dags/example_python_decorator.py
[2026-08-21T22:51:49.802+0000] {logging_mixin.py:188} INFO - [2026-08-21T22:51:49.801+0000] {dag.py:3047} INFO - Sync 1 DAGs
[2026-08-21T22:51:49.819+0000] {logging_mixin.py:188} INFO - [2026-08-21T22:51:49.818+0000] {dag.py:3834} INFO - Setting next_dagrun for example_python_decorator to None, run_after=None
[2026-08-21T22:51:49.848+0000] {processor.py:183} INFO - Processing /home/airflow/.local/lib/python3.8/site-packages/airflow/example_dags/example_python_decorator.py took 0.104 seconds
[2026-08-21T22:52:20.169+0000] {processor.py:161} INFO - Started process (PID=712) to work on /home/airflow/.local/lib/python3.8/site-packages/airflow/example_dags/example_python_decorator.py
[2026-08-21T22:52:20.171+0000] {processor.py:830} INFO - Processing file /home/airflow/.local/lib/python3.8/site-packages/airflow/example_dags/example_python_decorator.py for tasks to queue
[2026-08-21T22:52:20.173+0000] {logging_mixin.py:188} INFO - [2026-08-21T22:52:20.173+0000] {dagbag.py:540} INFO - Filling up the DagBag from /home/airflow/.local/lib/python3.8/site-packages/airflow/example_dags/example_python_decorator.py
[2026-08-21T22:52:20.187+0000] {processor.py:840} INFO - DAG(s) 'example_python_decorator' retrieved from /home/airflow/.local/lib/python3.8/site-packages/airflow/example_dags/example_python_decorator.py
[2026-08-21T22:52:20.214+0000] {logging_mixin.py:188} INFO - [2026-08-21T22:52:20.213+0000] {dag.py:3047} INFO - Sync 1 DAGs
[2026-08-21T22:52:20.227+0000] {logging_mixin.py:188} INFO - [2026-08-21T22:52:20.226+0000] {dag.py:3834} INFO - Setting next_dagrun for example_python_decorator to None, run_after=None
[2026-08-21T22:52:20.250+0000] {processor.py:183} INFO - Processing /home/airflow/.local/lib/python3.8/site-packages/airflow/example_dags/example_python_decorator.py took 0.086 seconds
[2026-08-21T22:52:50.428+0000] {processor.py:161} INFO - Started process (PID=769) to work on /home/airflow/.local/lib/python3.8/site-packages/airflow/example_dags/example_python_decorator.py
[2026-08-21T22:52:50.432+0000] {processor.py:830} INFO - Processing file /home/airflow/.local/lib/python3.8/site-packages/airflow/example_dags/example_python_decorator.py for tasks to queue
[2026-08-21T22:52:50.435+0000] {logging_mixin.py:188} INFO - [2026-08-21T22:52:50.435+0000] {dagbag.py:540} INFO - Filling up the DagBag from /home/airflow/.local/lib/python3.8/site-packages/airflow/example_dags/example_python_decorator.py
[2026-08-21T22:52:50.450+0000] {processor.py:840} INFO - DAG(s) 'example_python_decorator' retrieved from /home/airflow/.local/lib/python3.8/site-packages/airflow/example_dags/example_python_decorator.py
[2026-08-21T22:52:50.476+0000] {logging_mixin.py:188} INFO - [2026-08-21T22:52:50.476+0000] {dag.py:3047} INFO - Sync 1 DAGs
[2026-08-21T22:52:50.494+0000] {logging_mixin.py:188} INFO - [2026-08-21T22:52:50.494+0000] {dag.py:3834} INFO - Setting next_dagrun for example_python_decorator to None, run_after=None
[2026-08-21T22:52:50.523+0000] {processor.py:183} INFO - Processing /home/airflow/.local/lib/python3.8/site-packages/airflow/example_dags/example_python_decorator.py took 0.100 seconds
[2026-08-21T22:53:21.318+0000] {processor.py:161} INFO - Started process (PID=826) to work on /home/airflow/.local/lib/python3.8/site-packages/airflow/example_dags/example_python_decorator.py
[2026-08-21T22:53:21.320+0000] {processor.py:830} INFO - Processing file /home/airflow/.local/lib/python3.8/site-packages/airflow/example_dags/example_python_decorator.py for tasks to queue
[2026-08-21T22:53:21.323+0000] {logging_mixin.py:188} INFO - [2026-08-21T22:53:21.322+0000] {dagbag.py:540} INFO - Filling up the DagBag from /home/airflow/.local/lib/python3.8/site-packages/airflow/example_dags/example_python_decorator.py
[2026-08-21T22:53:21.340+0000] {processor.py:840} INFO - DAG(s) 'example_python_decorator' retrieved from /home/airflow/.local/lib/python3.8/site-packages/airflow/example_dags/example_python_decorator.py
[2026-08-21T22:53:21.368+0000] {logging_mixin.py:188} INFO - [2026-08-21T22:53:21.367+0000] {dag.py:3047} INFO - Sync 1 DAGs
[2026-08-21T22:53:21.389+0000] {logging_mixin.py:188} INFO - [2026-08-21T22:53:21.389+0000] {dag.py:3834} INFO - Setting next_dagrun for example_python_decorator to None, run_after=None
[2026-08-21T22:53:21.413+0000] {processor.py:183} INFO - Processing /home/airflow/.local/lib/python3.8/site-packages/airflow/example_dags/example_python_decorator.py took 0.101 seconds
[2026-08-21T22:53:51.691+0000] {processor.py:161} INFO - Started process (PID=883) to work on /home/airflow/.local/lib/python3.8/site-packages/airflow/example_dags/example_python_decorator.py
[2026-08-21T22:53:51.693+0000] {processor.py:830} INFO - Processing file /home/airflow/.local/lib/python3.8/site-packages/airflow/example_dags/example_python_decorator.py for tasks to queue
[2026-08-21T22:53:51.696+0000] {logging_mixin.py:188} INFO - [2026-08-21T22:53:51.696+0000] {dagbag.py:540} INFO - Filling up the DagBag from /home/airflow/.local/lib/python3.8/site-packages/airflow/example_dags/example_python_decorator.py
[2026-08-21T22:53:51.714+0000] {processor.py:840} INFO - DAG(s) 'example_python_decorator' retrieved from /home/airflow/.local/lib/python3.8/site-packages/airflow/example_dags/example_python_decorator.py
[2026-08-21T22:53:51.749+0000] {logging_mixin.py:188} INFO - [2026-08-21T22:53:51.748+0000] {dag.py:3047} INFO - Sync 1 DAGs
[2026-08-21T22:53:51.772+0000] {logging_mixin.py:188} INFO - [2026-08-21T22:53:51.771+0000] {dag.py:3834} INFO - Setting next_dagrun for example_python_decorator to None, run_after=None
[2026-08-21T22:53:51.841+0000] {processor.py:183} INFO - Processing /home/airflow/.local/lib/python3.8/site-packages/airflow/example_dags/example_python_decorator.py took 0.154 seconds
[2026-08-21T22:54:21.942+0000] {processor.py:161} INFO - Started process (PID=940) to work on /home/airflow/.local/lib/python3.8/site-packages/airflow/example_dags/example_python_decorator.py
[2026-08-21T22:54:21.944+0000] {processor.py:830} INFO - Processing file /home/airflow/.local/lib/python3.8/site-packages/airflow/example_dags/example_python_decorator.py for tasks to queue
[2026-08-21T22:54:21.947+0000] {logging_mixin.py:188} INFO - [2026-08-21T22:54:21.947+0000] {dagbag.py:540} INFO - Filling up the DagBag from /home/airflow/.local/lib/python3.8/site-packages/airflow/example_dags/example_python_decorator.py
[2026-08-21T22:54:21.964+0000] {processor.py:840} INFO - DAG(s) 'example_python_decorator' retrieved from /home/airflow/.local/lib/python3.8/site-packages/airflow/example_dags/example_python_decorator.py
[2026-08-21T22:54:21.996+0000] {logging_mixin.py:188} INFO - [2026-08-21T22:54:21.996+0000] {dag.py:3047} INFO - Sync 1 DAGs
[2026-08-21T22:54:22.014+0000] {logging_mixin.py:188} INFO - [2026-08-21T22:54:22.014+0000] {dag.py:3834} INFO - Setting next_dagrun for example_python_decorator to None, run_after=None
[2026-08-21T22:54:22.041+0000] {processor.py:183} INFO - Processing /home/airflow/.local/lib/python3.8/site-packages/airflow/example_dags/example_python_decorator.py took 0.104 seconds
[2026-08-21T22:54:52.633+0000] {processor.py:161} INFO - Started process (PID=997) to work on /home/airflow/.local/lib/python3.8/site-packages/airflow/example_dags/example_python_decorator.py
[2026-08-21T22:54:52.636+0000] {processor.py:830} INFO - Processing file /home/airflow/.local/lib/python3.8/site-packages/airflow/example_dags/example_python_decorator.py for tasks to queue
[2026-08-21T22:54:52.640+0000] {logging_mixin.py:188} INFO - [2026-08-21T22:54:52.640+0000] {dagbag.py:540} INFO - Filling up the DagBag from /home/airflow/.local/lib/python3.8/site-packages/airflow/example_dags/example_python_decorator.py
[2026-08-21T22:54:52.666+0000] {processor.py:840} INFO - DAG(s) 'example_python_decorator' retrieved from /home/airflow/.local/lib/python3.8/site-packages/airflow/example_dags/example_python_decorator.py
[2026-08-21T22:54:52.697+0000] {logging_mixin.py:188} INFO - [2026-08-21T22:54:52.696+0000] {dag.py:3047} INFO - Sync 1 DAGs
[2026-08-21T22:54:52.713+0000] {logging_mixin.py:188} INFO - [2026-08-21T22:54:52.713+0000] {dag.py:3834} INFO - Setting next_dagrun for example_python_decorator to None, run_after=None
[2026-08-21T22:54:52.743+0000] {processor.py:183} INFO - Processing /home/airflow/.local/lib/python3.8/site-packages/airflow/example_dags/example_python_decorator.py took 0.117 seconds
[2026-08-21T22:55:23.231+0000] {processor.py:161} INFO - Started process (PID=1054) to work on /home/airflow/.local/lib/python3.8/site-packages/airflow/example_dags/example_python_decorator.py
[2026-08-21T22:55:23.233+0000] {processor.py:830} INFO - Processing file /home/airflow/.local/lib/python3.8/site-packages/airflow/example_dags/example_python_decorator.py for tasks to queue
[2026-08-21T22:55:23.236+0000] {logging_mixin.py:188} INFO - [2026-08-21T22:55:23.236+0000] {dagbag.py:540} INFO - Filling up the DagBag from /home/airflow/.local/lib/python3.8/site-packages/airflow/example_dags/example_python_decorator.py
[2026-08-21T22:55:23.251+0000] {processor.py:840} INFO - DAG(s) 'example_python_decorator' retrieved from /home/airflow/.local/lib/python3.8/site-packages/airflow/example_dags/example_python_decorator.py
[2026-08-21T22:55:23.281+0000] {logging_mixin.py:188} INFO - [2026-08-21T22:55:23.281+0000] {dag.py:3047} INFO - Sync 1 DAGs
[2026-08-21T22:55:23.297+0000] {logging_mixin.py:188} INFO - [2026-08-21T22:55:23.296+0000] {dag.py:3834} INFO - Setting next_dagrun for example_python_decorator to None, run_after=None
[2026-08-21T22:55:23.321+0000] {processor.py:183} INFO - Processing /home/airflow/.local/lib/python3.8/site-packages/airflow/example_dags/example_python_decorator.py took 0.093 seconds
[2026-08-21T22:55:53.471+0000] {processor.py:161} INFO - Started process (PID=1111) to work on /home/airflow/.local/lib/python3.8/site-packages/airflow/example_dags/example_python_decorator.py
[2026-08-21T22:55:53.473+0000] {processor.py:830} INFO - Processing file /home/airflow/.local/lib/python3.8/site-packages/airflow/example_dags/example_python_decorator.py for tasks to queue
[2026-08-21T22:55:53.477+0000] {logging_mixin.py:188} INFO - [2026-08-21T22:55:53.477+0000] {dagbag.py:540} INFO - Filling up the DagBag from /home/airflow/.local/lib/python3.8/site-packages/airflow/example_dags/example_python_decorator.py
[2026-08-21T22:55:53.495+0000] {processor.py:840} INFO - DAG(s) 'example_python_decorator' retrieved from /home/airflow/.local/lib/python3.8/site-packages/airflow/example_dags/example_python_decorator.py
[2026-08-21T22:55:53.532+0000] {logging_mixin.py:188} INFO - [2026-08-21T22:55:53.532+0000] {dag.py:3047} INFO - Sync 1 DAGs
[2026-08-21T22:55:53.553+0000] {logging_mixin.py:188} INFO - [2026-08-21T22:55:53.553+0000] {dag.py:3834} INFO - Setting next_dagrun for example_python_decorator to None, run_after=None
[2026-08-21T22:55:53.586+0000] {processor.py:183} INFO - Processing /home/airflow/.local/lib/python3.8/site-packages/airflow/example_dags/example_python_decorator.py took 0.121 seconds
[2026-08-21T22:56:24.490+0000] {processor.py:161} INFO - Started process (PID=1168) to work on /home/airflow/.local/lib/python3.8/site-packages/airflow/example_dags/example_python_decorator.py
[2026-08-21T22:56:24.492+0000] {processor.py:830} INFO - Processing file /home/airflow/.local/lib/python3.8/site-packages/airflow/example_dags/example_python_decorator.py for tasks to queue
[2026-08-21T22:56:24.495+0000] {logging_mixin.py:188} INFO - [2026-08-21T22:56:24.495+0000] {dagbag.py:540} INFO - Filling up the DagBag from /home/airflow/.local/lib/python3.8/site-packages/airflow/example_dags/example_python_decorator.py
[2026-08-21T22:56:24.513+0000] {processor.py:840} INFO - DAG(s) 'example_python_decorator' retrieved from /home/airflow/.local/lib/python3.8/site-packages/airflow/example_dags/example_python_decorator.py
[2026-08-21T22:56:24.540+0000] {logging_mixin.py:188} INFO - [2026-08-21T22:56:24.540+0000] {dag.py:3047} INFO - Sync 1 DAGs
[2026-08-21T22:56:24.553+0000] {logging_mixin.py:188} INFO - [2026-08-21T22:56:24.553+0000] {dag.py:3834} INFO - Setting next_dagrun for example_python_decorator to None, run_after=None
[2026-08-21T22:56:24.576+0000] {processor.py:183} INFO - Processing /home/airflow/.local/lib/python3.8/site-packages/airflow/example_dags/example_python_decorator.py took 0.092 seconds
[2026-08-21T22:56:54.947+0000] {processor.py:161} INFO - Started process (PID=1225) to work on /home/airflow/.local/lib/python3.8/site-packages/airflow/example_dags/example_python_decorator.py
[2026-08-21T22:56:54.950+0000] {processor.py:830} INFO - Processing file /home/airflow/.local/lib/python3.8/site-packages/airflow/example_dags/example_python_decorator.py for tasks to queue
[2026-08-21T22:56:54.953+0000] {logging_mixin.py:188} INFO - [2026-08-21T22:56:54.952+0000] {dagbag.py:540} INFO - Filling up the DagBag from /home/airflow/.local/lib/python3.8/site-packages/airflow/example_dags/example_python_decorator.py
[2026-08-21T22:56:54.971+0000] {processor.py:840} INFO - DAG(s) 'example_python_decorator' retrieved from /home/airflow/.local/lib/python3.8/site-packages/airflow/example_dags/example_python_decorator.py
[2026-08-21T22:56:55.002+0000] {logging_mixin.py:188} INFO - [2026-08-21T22:56:55.002+0000] {dag.py:3047} INFO - Sync 1 DAGs
[2026-08-21T22:56:55.019+0000] {logging_mixin.py:188} INFO - [2026-08-21T22:56:55.019+0000] {dag.py:3834} INFO - Setting next_dagrun for example_python_decorator to None, run_after=None
[2026-08-21T22:56:55.045+0000] {processor.py:183} INFO - Processing /home/airflow/.local/lib/python3.8/site-packages/airflow/example_dags/example_python_decorator.py took 0.104 seconds
[2026-08-21T22:57:25.737+0000] {processor.py:161} INFO - Started process (PID=1282) to work on /home/airflow/.local/lib/python3.8/site-packages/airflow/example_dags/example_python_decorator.py
[2026-08-21T22:57:25.738+0000] {processor.py:830} INFO - Processing file /home/airflow/.local/lib/python3.8/site-packages/airflow/example_dags/example_python_decorator.py for tasks to queue
[2026-08-21T22:57:25.741+0000] {logging_mixin.py:188} INFO - [2026-08-21T22:57:25.741+0000] {dagbag.py:540} INFO - Filling up the DagBag from /home/airflow/.local/lib/python3.8/site-packages/airflow/example_dags/example_python_decorator.py
[2026-08-21T22:57:25.758+0000] {processor.py:840} INFO - DAG(s) 'example_python_decorator' retrieved from /home/airflow/.local/lib/python3.8/site-packages/airflow/example_dags/example_python_decorator.py
[2026-08-21T22:57:25.786+0000] {logging_mixin.py:188} INFO - [2026-08-21T22:57:25.786+0000] {dag.py:3047} INFO - Sync 1 DAGs
[2026-08-21T22:57:25.800+0000] {logging_mixin.py:188} INFO - [2026-08-21T22:57:25.799+0000] {dag.py:3834} INFO - Setting next_dagrun for example_python_decorator to None, run_after=None
[2026-08-21T22:57:25.820+0000] {processor.py:183} INFO - Processing /home/airflow/.local/lib/python3.8/site-packages/airflow/example_dags/example_python_decorator.py took 0.087 seconds
[2026-08-21T22:57:56.092+0000] {processor.py:161} INFO - Started process (PID=1339) to work on /home/airflow/.local/lib/python3.8/site-packages/airflow/example_dags/example_python_decorator.py
[2026-08-21T22:57:56.094+0000] {processor.py:830} INFO - Processing file /home/airflow/.local/lib/python3.8/site-packages/airflow/example_dags/example_python_decorator.py for tasks to queue
[2026-08-21T22:57:56.097+0000] {logging_mixin.py:188} INFO - [2026-08-21T22:57:56.097+0000] {dagbag.py:540} INFO - Filling up the DagBag from /home/airflow/.local/lib/python3.8/site-packages/airflow/example_dags/example_python_decorator.py
[2026-08-21T22:57:56.114+0000] {processor.py:840} INFO - DAG(s) 'example_python_decorator' retrieved from /home/airflow/.local/lib/python3.8/site-packages/airflow/example_dags/example_python_decorator.py
[2026-08-21T22:57:56.141+0000] {logging_mixin.py:188} INFO - [2026-08-21T22:57:56.141+0000] {dag.py:3047} INFO - Sync 1 DAGs
[2026-08-21T22:57:56.155+0000] {logging_mixin.py:188} INFO - [2026-08-21T22:57:56.154+0000] {dag.py:3834} INFO - Setting next_dagrun for example_python_decorator to None, run_after=None
[2026-08-21T22:57:56.178+0000] {processor.py:183} INFO - Processing /home/airflow/.local/lib/python3.8/site-packages/airflow/example_dags/example_python_decorator.py took 0.093 seconds
[2026-08-21T22:58:26.601+0000] {processor.py:161} INFO - Started process (PID=1396) to work on /home/airflow/.local/lib/python3.8/site-packages/airflow/example_dags/example_python_decorator.py
[2026-08-21T22:58:26.603+0000] {processor.py:830} INFO - Processing file /home/airflow/.local/lib/python3.8/site-packages/airflow/example_dags/example_python_decorator.py for tasks to queue
[2026-08-21T22:58:26.606+0000] {logging_mixin.py:188} INFO - [2026-08-21T22:58:26.605+0000] {dagbag.py:540} INFO - Filling up the DagBag from /home/airflow/.local/lib/python3.8/site-packages/airflow/example_dags/example_python_decorator.py
[2026-08-21T22:58:26.620+0000] {processor.py:840} INFO - DAG(s) 'example_python_decorator' retrieved from /home/airflow/.local/lib/python3.8/site-packages/airflow/example_dags/example_python_decorator.py
[2026-08-21T22:58:26.649+0000] {logging_mixin.py:188} INFO - [2026-08-21T22:58:26.648+0000] {dag.py:3047} INFO - Sync 1 DAGs
[2026-08-21T22:58:26.663+0000] {logging_mixin.py:188} INFO - [2026-08-21T22:58:26.663+0000] {dag.py:3834} INFO - Setting next_dagrun for example_python_decorator to None, run_after=None
[2026-08-21T22:58:26.692+0000] {processor.py:183} INFO - Processing /home/airflow/.local/lib/python3.8/site-packages/airflow/example_dags/example_python_decorator.py took 0.094 seconds
[2026-08-21T22:58:57.049+0000] {processor.py:161} INFO - Started process (PID=1453) to work on /home/airflow/.local/lib/python3.8/site-packages/airflow/example_dags/example_python_decorator.py
[2026-08-21T22:58:57.050+0000] {processor.py:830} INFO - Processing file /home/airflow/.local/lib/python3.8/site-packages/airflow/example_dags/example_python_decorator.py for tasks to queue
[2026-08-21T22:58:57.052+0000] {logging_mixin.py:188} INFO - [2026-08-21T22:58:57.052+0000] {dagbag.py:540} INFO - Filling up the DagBag from /home/airflow/.local/lib/python3.8/site-packages/airflow/example_dags/example_python_decorator.py
[2026-08-21T22:58:57.067+0000] {processor.py:840} INFO - DAG(s) 'example_python_decorator' retrieved from /home/airflow/.local/lib/python3.8/site-packages/airflow/example_dags/example_python_decorator.py
[2026-08-21T22:58:57.098+0000] {logging_mixin.py:188} INFO - [2026-08-21T22:58:57.097+0000] {dag.py:3047} INFO - Sync 1 DAGs
[2026-08-21T22:58:57.112+0000] {logging_mixin.py:188} INFO - [2026-08-21T22:58:57.112+0000] {dag.py:3834} INFO - Setting next_dagrun for example_python_decorator to None, run_after=None
[2026-08-21T22:58:57.134+0000] {processor.py:183} INFO - Processing /home/airflow/.local/lib/python3.8/site-packages/airflow/example_dags/example_python_decorator.py took 0.089 seconds
[2026-08-21T22:59:27.479+0000] {processor.py:161} INFO - Started process (PID=1510) to work on /home/airflow/.local/lib/python3.8/site-packages/airflow/example_dags/example_python_decorator.py
[2026-08-21T22:59:27.481+0000] {processor.py:830} INFO - Processing file /home/airflow/.local/lib/python3.8/site-packages/airflow/example_dags/example_python_decorator.py for tasks to queue
[2026-08-21T22:59:27.484+0000] {logging_mixin.py:188} INFO - [2026-08-21T22:59:27.484+0000] {dagbag.py:540} INFO - Filling up the DagBag from /home/airflow/.local/lib/python3.8/site-packages/airflow/example_dags/example_python_decorator.py
[2026-08-21T22:59:27.506+0000] {processor.py:840} INFO - DAG(s) 'example_python_decorator' retrieved from /home/airflow/.local/lib/python3.8/site-packages/airflow/example_dags/example_python_decorator.py
[2026-08-21T22:59:27.539+0000] {logging_mixin.py:188} INFO - [2026-08-21T22:59:27.538+0000] {dag.py:3047} INFO - Sync 1 DAGs
[2026-08-21T22:59:27.554+0000] {logging_mixin.py:188} INFO - [2026-08-21T22:59:27.553+0000] {dag.py:3834} INFO - Setting next_dagrun for example_python_decorator to None, run_after=None
[2026-08-21T22:59:27.581+0000] {processor.py:183} INFO - Processing /home/airflow/.local/lib/python3.8/site-packages/airflow/example_dags/example_python_decorator.py took 0.108 seconds
[2026-08-21T22:59:57.995+0000] {processor.py:161} INFO - Started process (PID=1567) to work on /home/airflow/.local/lib/python3.8/site-packages/airflow/example_dags/example_python_decorator.py
[2026-08-21T22:59:57.998+0000] {processor.py:830} INFO - Processing file /home/airflow/.local/lib/python3.8/site-packages/airflow/example_dags/example_python_decorator.py for tasks to queue
[2026-08-21T22:59:58.002+0000] {logging_mixin.py:188} INFO - [2026-08-21T22:59:58.001+0000] {dagbag.py:540} INFO - Filling up the DagBag from /home/airflow/.local/lib/python3.8/site-packages/airflow/example_dags/example_python_decorator.py
[2026-08-21T22:59:58.017+0000] {processor.py:840} INFO - DAG(s) 'example_python_decorator' retrieved from /home/airflow/.local/lib/python3.8/site-packages/airflow/example_dags/example_python_decorator.py
[2026-08-21T22:59:58.050+0000] {logging_mixin.py:188} INFO - [2026-08-21T22:59:58.049+0000] {dag.py:3047} INFO - Sync 1 DAGs
[2026-08-21T22:59:58.069+0000] {logging_mixin.py:188} INFO - [2026-08-21T22:59:58.068+0000] {dag.py:3834} INFO - Setting next_dagrun for example_python_decorator to None, run_after=None
[2026-08-21T22:59:58.098+0000] {processor.py:183} INFO - Processing /home/airflow/.local/lib/python3.8/site-packages/airflow/example_dags/example_python_decorator.py took 0.106 seconds
[2026-08-21T23:00:28.308+0000] {processor.py:161} INFO - Started process (PID=1624) to work on /home/airflow/.local/lib/python3.8/site-packages/airflow/example_dags/example_python_decorator.py
[2026-08-21T23:00:28.310+0000] {processor.py:830} INFO - Processing file /home/airflow/.local/lib/python3.8/site-packages/airflow/example_dags/example_python_decorator.py for tasks to queue
[2026-08-21T23:00:28.313+0000] {logging_mixin.py:188} INFO - [2026-08-21T23:00:28.313+0000] {dagbag.py:540} INFO - Filling up the DagBag from /home/airflow/.local/lib/python3.8/site-packages/airflow/example_dags/example_python_decorator.py
[2026-08-21T23:00:28.335+0000] {processor.py:840} INFO - DAG(s) 'example_python_decorator' retrieved from /home/airflow/.local/lib/python3.8/site-packages/airflow/example_dags/example_python_decorator.py
[2026-08-21T23:00:28.365+0000] {logging_mixin.py:188} INFO - [2026-08-21T23:00:28.365+0000] {dag.py:3047} INFO - Sync 1 DAGs
[2026-08-21T23:00:28.381+0000] {logging_mixin.py:188} INFO - [2026-08-21T23:00:28.381+0000] {dag.py:3834} INFO - Setting next_dagrun for example_python_decorator to None, run_after=None
[2026-08-21T23:00:28.408+0000] {processor.py:183} INFO - Processing /home/airflow/.local/lib/python3.8/site-packages/airflow/example_dags/example_python_decorator.py took 0.106 seconds
[2026-08-21T23:00:59.089+0000] {processor.py:161} INFO - Started process (PID=1681) to work on /home/airflow/.local/lib/python3.8/site-packages/airflow/example_dags/example_python_decorator.py
[2026-08-21T23:00:59.091+0000] {processor.py:830} INFO - Processing file /home/airflow/.local/lib/python3.8/site-packages/airflow/example_dags/example_python_decorator.py for tasks to queue
[2026-08-21T23:00:59.094+0000] {logging_mixin.py:188} INFO - [2026-08-21T23:00:59.093+0000] {dagbag.py:540} INFO - Filling up the DagBag from /home/airflow/.local/lib/python3.8/site-packages/airflow/example_dags/example_python_decorator.py
[2026-08-21T23:00:59.111+0000] {processor.py:840} INFO - DAG(s) 'example_python_decorator' retrieved from /home/airflow/.local/lib/python3.8/site-packages/airflow/example_dags/example_python_decorator.py
[2026-08-21T23:00:59.138+0000] {logging_mixin.py:188} INFO - [2026-08-21T23:00:59.137+0000] {dag.py:3047} INFO - Sync 1 DAGs
[2026-08-21T23:00:59.152+0000] {logging_mixin.py:188} INFO - [2026-08-21T23:00:59.152+0000] {dag.py:3834} INFO - Setting next_dagrun for example_python_decorator to None, run_after=None
[2026-08-21T23:00:59.177+0000] {processor.py:183} INFO - Processing /home/airflow/.local/lib/python3.8/site-packages/airflow/example_dags/example_python_decorator.py took 0.091 seconds
[2026-08-21T23:01:30.290+0000] {processor.py:161} INFO - Started process (PID=1738) to work on /home/airflow/.local/lib/python3.8/site-packages/airflow/example_dags/example_python_decorator.py
[2026-08-21T23:01:30.292+0000] {processor.py:830} INFO - Processing file /home/airflow/.local/lib/python3.8/site-packages/airflow/example_dags/example_python_decorator.py for tasks to queue
[2026-08-21T23:01:30.295+0000] {logging_mixin.py:188} INFO - [2026-08-21T23:01:30.295+0000] {dagbag.py:540} INFO - Filling up the DagBag from /home/airflow/.local/lib/python3.8/site-packages/airflow/example_dags/example_python_decorator.py
[2026-08-21T23:01:30.310+0000] {processor.py:840} INFO - DAG(s) 'example_python_decorator' retrieved from /home/airflow/.local/lib/python3.8/site-packages/airflow/example_dags/example_python_decorator.py
[2026-08-21T23:01:30.335+0000] {logging_mixin.py:188} INFO - [2026-08-21T23:01:30.335+0000] {dag.py:3047} INFO - Sync 1 DAGs
[2026-08-21T23:01:30.350+0000] {logging_mixin.py:188} INFO - [2026-08-21T23:01:30.350+0000] {dag.py:3834} INFO - Setting next_dagrun for example_python_decorator to None, run_after=None
[2026-08-21T23:01:30.373+0000] {processor.py:183} INFO - Processing /home/airflow/.local/lib/python3.8/site-packages/airflow/example_dags/example_python_decorator.py took 0.086 seconds
[2026-08-21T23:02:00.701+0000] {processor.py:161} INFO - Started process (PID=1795) to work on /home/airflow/.local/lib/python3.8/site-packages/airflow/example_dags/example_python_decorator.py
[2026-08-21T23:02:00.703+0000] {processor.py:830} INFO - Processing file /home/airflow/.local/lib/python3.8/site-packages/airflow/example_dags/example_python_decorator.py for tasks to queue
[2026-08-21T23:02:00.707+0000] {logging_mixin.py:188} INFO - [2026-08-21T23:02:00.706+0000] {dagbag.py:540} INFO - Filling up the DagBag from /home/airflow/.local/lib/python3.8/site-packages/airflow/example_dags/example_python_decorator.py
[2026-08-21T23:02:00.724+0000] {processor.py:840} INFO - DAG(s) 'example_python_decorator' retrieved from /home/airflow/.local/lib/python3.8/site-packages/airflow/example_dags/example_python_decorator.py
[2026-08-21T23:02:00.758+0000] {logging_mixin.py:188} INFO - [2026-08-21T23:02:00.758+0000] {dag.py:3047} INFO - Sync 1 DAGs
[2026-08-21T23:02:00.776+0000] {logging_mixin.py:188} INFO - [2026-08-21T23:02:00.776+0000] {dag.py:3834} INFO - Setting next_dagrun for example_python_decorator to None, run_after=None
[2026-08-21T23:02:00.799+0000] {processor.py:183} INFO - Processing /home/airflow/.local/lib/python3.8/site-packages/airflow/example_dags/example_python_decorator.py took 0.102 seconds
[2026-08-21T23:02:30.923+0000] {processor.py:161} INFO - Started process (PID=1852) to work on /home/airflow/.local/lib/python3.8/site-packages/airflow/example_dags/example_python_decorator.py
[2026-08-21T23:02:30.925+0000] {processor.py:830} INFO - Processing file /home/airflow/.local/lib/python3.8/site-packages/airflow/example_dags/example_python_decorator.py for tasks to queue
[2026-08-21T23:02:30.928+0000] {logging_mixin.py:188} INFO - [2026-08-21T23:02:30.928+0000] {dagbag.py:540} INFO - Filling up the DagBag from /home/airflow/.local/lib/python3.8/site-packages/airflow/example_dags/example_python_decorator.py
[2026-08-21T23:02:30.946+0000] {processor.py:840} INFO - DAG(s) 'example_python_decorator' retrieved from /home/airflow/.local/lib/python3.8/site-packages/airflow/example_dags/example_python_decorator.py
[2026-08-21T23:02:30.973+0000] {logging_mixin.py:188} INFO - [2026-08-21T23:02:30.972+0000] {dag.py:3047} INFO - Sync 1 DAGs
[2026-08-21T23:02:30.988+0000] {logging_mixin.py:188} INFO - [2026-08-21T23:02:30.987+0000] {dag.py:3834} INFO - Setting next_dagrun for example_python_decorator to None, run_after=None
[2026-08-21T23:02:31.020+0000] {processor.py:183} INFO - Processing /home/airflow/.local/lib/python3.8/site-packages/airflow/example_dags/example_python_decorator.py took 0.102 seconds
[2026-08-21T23:03:01.424+0000] {processor.py:161} INFO - Started process (PID=1909) to work on /home/airflow/.local/lib/python3.8/site-packages/airflow/example_dags/example_python_decorator.py
[2026-08-21T23:03:01.425+0000] {processor.py:830} INFO - Processing file /home/airflow/.local/lib/python3.8/site-packages/airflow/example_dags/example_python_decorator.py for tasks to queue
[2026-08-21T23:03:01.428+0000] {logging_mixin.py:188} INFO - [2026-08-21T23:03:01.428+0000] {dagbag.py:540} INFO - Filling up the DagBag from /home/airflow/.local/lib/python3.8/site-packages/airflow/example_dags/example_python_decorator.py
[2026-08-21T23:03:01.443+0000] {processor.py:840} INFO - DAG(s) 'example_python_decorator' retrieved from /home/airflow/.local/lib/python3.8/site-packages/airflow/example_dags/example_python_decorator.py
[2026-08-21T23:03:01.466+0000] {logging_mixin.py:188} INFO - [2026-08-21T23:03:01.466+0000] {dag.py:3047} INFO - Sync 1 DAGs
[2026-08-21T23:03:01.480+0000] {logging_mixin.py:188} INFO - [2026-08-21T23:03:01.480+0000] {dag.py:3834} INFO - Setting next_dagrun for example_python_decorator to None, run_after=None
[2026-08-21T23:03:01.507+0000] {processor.py:183} INFO - Processing /home/airflow/.local/lib/python3.8/site-packages/airflow/example_dags/example_python_decorator.py took 0.087 seconds
[2026-08-21T23:03:32.368+0000] {processor.py:161} INFO - Started process (PID=1966) to work on /home/airflow/.local/lib/python3.8/site-packages/airflow/example_dags/example_python_decorator.py
[2026-08-21T23:03:32.370+0000] {processor.py:830} INFO - Processing file /home/airflow/.local/lib/python3.8/site-packages/airflow/example_dags/example_python_decorator.py for tasks to queue
[2026-08-21T23:03:32.374+0000] {logging_mixin.py:188} INFO - [2026-08-21T23:03:32.374+0000] {dagbag.py:540} INFO - Filling up the DagBag from /home/airflow/.local/lib/python3.8/site-packages/airflow/example_dags/example_python_decorator.py
[2026-08-21T23:03:32.410+0000] {processor.py:840} INFO - DAG(s) 'example_python_decorator' retrieved from /home/airflow/.local/lib/python3.8/site-packages/airflow/example_dags/example_python_decorator.py
[2026-08-21T23:03:32.446+0000] {logging_mixin.py:188} INFO - [2026-08-21T23:03:32.446+0000] {dag.py:3047} INFO - Sync 1 DAGs
[2026-08-21T23:03:32.471+0000] {logging_mixin.py:188} INFO - [2026-08-21T23:03:32.470+0000] {dag.py:3834} INFO - Setting next_dagrun for example_python_decorator to None, run_after=None
[2026-08-21T23:03:32.512+0000] {processor.py:183} INFO - Processing /home/airflow/.local/lib/python3.8/site-packages/airflow/example_dags/example_python_decorator.py took 0.152 seconds
[2026-08-21T23:04:03.478+0000] {processor.py:161} INFO - Started process (PID=2023) to work on /home/airflow/.local/lib/python3.8/site-packages/airflow/example_dags/example_python_decorator.py
[2026-08-21T23:04:03.480+0000] {processor.py:830} INFO - Processing file /home/airflow/.local/lib/python3.8/site-packages/airflow/example_dags/example_python_decorator.py for tasks to queue
[2026-08-21T23:04:03.485+0000] {logging_mixin.py:188} INFO - [2026-08-21T23:04:03.485+0000] {dagbag.py:540} INFO - Filling up the DagBag from /home/airflow/.local/lib/python3.8/site-packages/airflow/example_dags/example_python_decorator.py
[2026-08-21T23:04:03.510+0000] {processor.py:840} INFO - DAG(s) 'example_python_decorator' retrieved from /home/airflow/.local/lib/python3.8/site-packages/airflow/example_dags/example_python_decorator.py
[2026-08-21T23:04:03.548+0000] {logging_mixin.py:188} INFO - [2026-08-21T23:04:03.547+0000] {dag.py:3047} INFO - Sync 1 DAGs
[2026-08-21T23:04:03.574+0000] {logging_mixin.py:188} INFO - [2026-08-21T23:04:03.574+0000] {dag.py:3834} INFO - Setting next_dagrun for example_python_decorator to None, run_after=None
[2026-08-21T23:04:03.602+0000] {processor.py:183} INFO - Processing /home/airflow/.local/lib/python3.8/site-packages/airflow/example_dags/example_python_decorator.py took 0.131 seconds
[2026-08-21T23:04:34.111+0000] {processor.py:161} INFO - Started process (PID=2080) to work on /home/airflow/.local/lib/python3.8/site-packages/airflow/example_dags/example_python_decorator.py
[2026-08-21T23:04:34.113+0000] {processor.py:830} INFO - Processing file /home/airflow/.local/lib/python3.8/site-packages/airflow/example_dags/example_python_decorator.py for tasks to queue
[2026-08-21T23:04:34.116+0000] {logging_mixin.py:188} INFO - [2026-08-21T23:04:34.116+0000] {dagbag.py:540} INFO - Filling up the DagBag from /home/airflow/.local/lib/python3.8/site-packages/airflow/example_dags/example_python_decorator.py
[2026-08-21T23:04:34.131+0000] {processor.py:840} INFO - DAG(s) 'example_python_decorator' retrieved from /home/airflow/.local/lib/python3.8/site-packages/airflow/example_dags/example_python_decorator.py
[2026-08-21T23:04:34.159+0000] {logging_mixin.py:188} INFO - [2026-08-21T23:04:34.159+0000] {dag.py:3047} INFO - Sync 1 DAGs
[2026-08-21T23:04:34.176+0000] {logging_mixin.py:188} INFO - [2026-08-21T23:04:34.175+0000] {dag.py:3834} INFO - Setting next_dagrun for example_python_decorator to None, run_after=None
[2026-08-21T23:04:34.202+0000] {processor.py:183} INFO - Processing /home/airflow/.local/lib/python3.8/site-packages/airflow/example_dags/example_python_decorator.py took 0.095 seconds
[2026-08-21T23:05:04.396+0000] {processor.py:161} INFO - Started process (PID=2137) to work on /home/airflow/.local/lib/python3.8/site-packages/airflow/example_dags/example_python_decorator.py
[2026-08-21T23:05:04.398+0000] {processor.py:830} INFO - Processing file /home/airflow/.local/lib/python3.8/site-packages/airflow/example_dags/example_python_decorator.py for tasks to queue
[2026-08-21T23:05:04.400+0000] {logging_mixin.py:188} INFO - [2026-08-21T23:05:04.400+0000] {dagbag.py:540} INFO - Filling up the DagBag from /home/airflow/.local/lib/python3.8/site-packages/airflow/example_dags/example_python_decorator.py
[2026-08-21T23:05:04.414+0000] {processor.py:840} INFO - DAG(s) 'example_python_decorator' retrieved from /home/airflow/.local/lib/python3.8/site-packages/airflow/example_dags/example_python_decorator.py
[2026-08-21T23:05:04.439+0000] {logging_mixin.py:188} INFO - [2026-08-21T23:05:04.439+0000] {dag.py:3047} INFO - Sync 1 DAGs
[2026-08-21T23:05:04.460+0000] {logging_mixin.py:188} INFO - [2026-08-21T23:05:04.460+0000] {dag.py:3834} INFO - Setting next_dagrun for example_python_decorator to None, run_after=None
[2026-08-21T23:05:04.487+0000] {processor.py:183} INFO - Processing /home/airflow/.local/lib/python3.8/site-packages/airflow/example_dags/example_python_decorator.py took 0.094 seconds
[2026-08-21T23:05:34.676+0000] {processor.py:161} INFO - Started process (PID=2194) to work on /home/airflow/.local/lib/python3.8/site-packages/airflow/example_dags/example_python_decorator.py
[2026-08-21T23:05:34.677+0000] {processor.py:830} INFO - Processing file /home/airflow/.local/lib/python3.8/site-packages/airflow/example_dags/example_python_decorator.py for tasks to queue
[2026-08-21T23:05:34.680+0000] {logging_mixin.py:188} INFO - [2026-08-21T23:05:34.680+0000] {dagbag.py:540} INFO - Filling up the DagBag from /home/airflow/.local/lib/python3.8/site-packages/airflow/example_dags/example_python_decorator.py
[2026-08-21T23:05:34.694+0000] {processor.py:840} INFO - DAG(s) 'example_python_decorator' retrieved from /home/airflow/.local/lib/python3.8/site-packages/airflow/example_dags/example_python_decorator.py
[2026-08-21T23:05:34.723+0000] {logging_mixin.py:188} INFO - [2026-08-21T23:05:34.723+0000] {dag.py:3047} INFO - Sync 1 DAGs
[2026-08-21T23:05:34.738+0000] {logging_mixin.py:188} INFO - [2026-08-21T23:05:34.737+0000] {dag.py:3834} INFO - Setting next_dagrun for example_python_decorator to None, run_after=None
[2026-08-21T23:05:34.763+0000] {processor.py:183} INFO - Processing /home/airflow/.local/lib/python3.8/site-packages/airflow/example_dags/example_python_decorator.py took 0.093 seconds
[2026-08-21T23:06:05.216+0000] {processor.py:161} INFO - Started process (PID=2251) to work on /home/airflow/.local/lib/python3.8/site-packages/airflow/example_dags/example_python_decorator.py
[2026-08-21T23:06:05.218+0000] {processor.py:830} INFO - Processing file /home/airflow/.local/lib/python3.8/site-packages/airflow/example_dags/example_python_decorator.py for tasks to queue
[2026-08-21T23:06:05.221+0000] {logging_mixin.py:188} INFO - [2026-08-21T23:06:05.221+0000] {dagbag.py:540} INFO - Filling up the DagBag from /home/airflow/.local/lib/python3.8/site-packages/airflow/example_dags/example_python_decorator.py
[2026-08-21T23:06:05.238+0000] {processor.py:840} INFO - DAG(s) 'example_python_decorator' retrieved from /home/airflow/.local/lib/python3.8/site-packages/airflow/example_dags/example_python_decorator.py
[2026-08-21T23:06:05.265+0000] {logging_mixin.py:188} INFO - [2026-08-21T23:06:05.265+0000] {dag.py:3047} INFO - Sync 1 DAGs
[2026-08-21T23:06:05.282+0000] {logging_mixin.py:188} INFO - [2026-08-21T23:06:05.281+0000] {dag.py:3834} INFO - Setting next_dagrun for example_python_decorator to None, run_after=None
[2026-08-21T23:06:05.308+0000] {processor.py:183} INFO - Processing /home/airflow/.local/lib/python3.8/site-packages/airflow/example_dags/example_python_decorator.py took 0.096 seconds
[2026-08-21T23:06:36.047+0000] {processor.py:161} INFO - Started process (PID=2308) to work on /home/airflow/.local/lib/python3.8/site-packages/airflow/example_dags/example_python_decorator.py
[2026-08-21T23:06:36.050+0000] {processor.py:830} INFO - Processing file /home/airflow/.local/lib/python3.8/site-packages/airflow/example_dags/example_python_decorator.py for tasks to queue
[2026-08-21T23:06:36.056+0000] {logging_mixin.py:188} INFO - [2026-08-21T23:06:36.056+0000] {dagbag.py:540} INFO - Filling up the DagBag from /home/airflow/.local/lib/python3.8/site-packages/airflow/example_dags/example_python_decorator.py
[2026-08-21T23:06:36.091+0000] {processor.py:840} INFO - DAG(s) 'example_python_decorator' retrieved from /home/airflow/.local/lib/python3.8/site-packages/airflow/example_dags/example_python_decorator.py
[2026-08-21T23:06:36.126+0000] {logging_mixin.py:188} INFO - [2026-08-21T23:06:36.125+0000] {dag.py:3047} INFO - Sync 1 DAGs
[2026-08-21T23:06:36.146+0000] {logging_mixin.py:188} INFO - [2026-08-21T23:06:36.146+0000] {dag.py:3834} INFO - Setting next_dagrun for example_python_decorator to None, run_after=None
[2026-08-21T23:06:36.174+0000] {processor.py:183} INFO - Processing /home/airflow/.local/lib/python3.8/site-packages/airflow/example_dags/example_python_decorator.py took 0.135 seconds
[2026-08-21T23:07:06.394+0000] {processor.py:161} INFO - Started process (PID=2365) to work on /home/airflow/.local/lib/python3.8/site-packages/airflow/example_dags/example_python_decorator.py
[2026-08-21T23:07:06.395+0000] {processor.py:830} INFO - Processing file /home/airflow/.local/lib/python3.8/site-packages/airflow/example_dags/example_python_decorator.py for tasks to queue
[2026-08-21T23:07:06.399+0000] {logging_mixin.py:188} INFO - [2026-08-21T23:07:06.398+0000] {dagbag.py:540} INFO - Filling up the DagBag from /home/airflow/.local/lib/python3.8/site-packages/airflow/example_dags/example_python_decorator.py
[2026-08-21T23:07:06.414+0000] {processor.py:840} INFO - DAG(s) 'example_python_decorator' retrieved from /home/airflow/.local/lib/python3.8/site-packages/airflow/example_dags/example_python_decorator.py
[2026-08-21T23:07:06.443+0000] {logging_mixin.py:188} INFO - [2026-08-21T23:07:06.443+0000] {dag.py:3047} INFO - Sync 1 DAGs
[2026-08-21T23:07:06.459+0000] {logging_mixin.py:188} INFO - [2026-08-21T23:07:06.459+0000] {dag.py:3834} INFO - Setting next_dagrun for example_python_decorator to None, run_after=None
[2026-08-21T23:07:06.486+0000] {processor.py:183} INFO - Processing /home/airflow/.local/lib/python3.8/site-packages/airflow/example_dags/example_python_decorator.py took 0.097 seconds
[2026-08-21T23:07:37.162+0000] {processor.py:161} INFO - Started process (PID=2422) to work on /home/airflow/.local/lib/python3.8/site-packages/airflow/example_dags/example_python_decorator.py
[2026-08-21T23:07:37.165+0000] {processor.py:830} INFO - Processing file /home/airflow/.local/lib/python3.8/site-packages/airflow/example_dags/example_python_decorator.py for tasks to queue
[2026-08-21T23:07:37.169+0000] {logging_mixin.py:188} INFO - [2026-08-21T23:07:37.169+0000] {dagbag.py:540} INFO - Filling up the DagBag from /home/airflow/.local/lib/python3.8/site-packages/airflow/example_dags/example_python_decorator.py
[2026-08-21T23:07:37.186+0000] {processor.py:840} INFO - DAG(s) 'example_python_decorator' retrieved from /home/airflow/.local/lib/python3.8/site-packages/airflow/example_dags/example_python_decorator.py
[2026-08-21T23:07:37.218+0000] {logging_mixin.py:188} INFO - [2026-08-21T23:07:37.217+0000] {dag.py:3047} INFO - Sync 1 DAGs
[2026-08-21T23:07:37.234+0000] {logging_mixin.py:188} INFO - [2026-08-21T23:07:37.233+0000] {dag.py:3834} INFO - Setting next_dagrun for example_python_decorator to None, run_after=None
[2026-08-21T23:07:37.262+0000] {processor.py:183} INFO - Processing /home/airflow/.local/lib/python3.8/site-packages/airflow/example_dags/example_python_decorator.py took 0.105 seconds
