[2026-08-21T22:46:43.915+0000] {processor.py:161} INFO - Started process (PID=82) to work on /home/airflow/.local/lib/python3.8/site-packages/airflow/example_dags/example_setup_teardown.py
[2026-08-21T22:46:43.917+0000] {processor.py:830} INFO - Processing file /home/airflow/.local/lib/python3.8/site-packages/airflow/example_dags/example_setup_teardown.py for tasks to queue
[2026-08-21T22:46:43.921+0000] {logging_mixin.py:188} INFO - [2026-08-21T22:46:43.921+0000] {dagbag.py:540} INFO - Filling up the DagBag from /home/airflow/.local/lib/python3.8/site-packages/airflow/example_dags/example_setup_teardown.py
[2026-08-21T22:46:43.937+0000] {processor.py:840} INFO - DAG(s) 'example_setup_teardown' retrieved from /home/airflow/.local/lib/python3.8/site-packages/airflow/example_dags/example_setup_teardown.py
[2026-08-21T22:46:43.986+0000] {logging_mixin.py:188} INFO - [2026-08-21T22:46:43.985+0000] {dag.py:3047} INFO - Sync 1 DAGs
[2026-08-21T22:46:44.092+0000] {logging_mixin.py:188} INFO - [2026-08-21T22:46:44.092+0000] {dag.py:3834} INFO - Setting next_dagrun for example_setup_teardown to 2026-08-20 00:00:00+00:00, run_after=2026-08-21 00:00:00+00:00
[2026-08-21T22:46:44.158+0000] {processor.py:183} INFO - Processing /home/airflow/.local/lib/python3.8/site-packages/airflow/example_dags/example_setup_teardown.py took 0.250 seconds
[2026-08-21T22:47:14.486+0000] {processor.py:161} INFO - Started process (PID=139) to work on /home/airflow/.local/lib/python3.8/site-packages/airflow/example_dags/example_setup_teardown.py
[2026-08-21T22:47:14.489+0000] {processor.py:830} INFO - Processing file /home/airflow/.local/lib/python3.8/site-packages/airflow/example_dags/example_setup_teardown.py for tasks to queue
[2026-08-21T22:47:14.493+0000] {logging_mixin.py:188} INFO - [2026-08-21T22:47:14.492+0000] {dagbag.py:540} INFO - Filling up the DagBag from /home/airflow/.local/lib/python3.8/site-packages/airflow/example_dags/example_setup_teardown.py
[2026-08-21T22:47:14.503+0000] {processor.py:840} INFO - DAG(s) 'example_setup_teardown' retrieved from /home/airflow/.local/lib/python3.8/site-packages/airflow/example_dags/example_setup_teardown.py
[2026-08-21T22:47:14.638+0000] {logging_mixin.py:188} INFO - [2026-08-21T22:47:14.638+0000] {dag.py:3047} INFO - Sync 1 DAGs
[2026-08-21T22:47:14.666+0000] {logging_mixin.py:188} INFO - [2026-08-21T22:47:14.666+0000] {dag.py:3834} INFO - Setting next_dagrun for example_setup_teardown to 2026-08-20 00:00:00+00:00, run_after=2026-08-21 00:00:00+00:00
[2026-08-21T22:47:14.693+0000] {processor.py:183} INFO - Processing /home/airflow/.local/lib/python3.8/site-packages/airflow/example_dags/example_setup_teardown.py took 0.210 seconds
[2026-08-21T22:47:45.804+0000] {processor.py:161} INFO - Started process (PID=196) to work on /home/airflow/.local/lib/python3.8/site-packages/airflow/example_dags/example_setup_teardown.py
[2026-08-21T22:47:45.807+0000] {processor.py:830} INFO - Processing file /home/airflow/.local/lib/python3.8/site-packages/airflow/example_dags/example_setup_teardown.py for tasks to queue
[2026-08-21T22:47:45.812+0000] {logging_mixin.py:188} INFO - [2026-08-21T22:47:45.811+0000] {dagbag.py:540} INFO - Filling up the DagBag from /home/airflow/.local/lib/python3.8/site-packages/airflow/example_dags/example_setup_teardown.py
[2026-08-21T22:47:45.821+0000] {processor.py:840} INFO - DAG(s) 'example_setup_teardown' retrieved from /home/airflow/.local/lib/python3.8/site-packages/airflow/example_dags/example_setup_teardown.py
[2026-08-21T22:47:45.870+0000] {logging_mixin.py:188} INFO - [2026-08-21T22:47:45.870+0000] {dag.py:3047} INFO - Sync 1 DAGs
[2026-08-21T22:47:45.903+0000] {logging_mixin.py:188} INFO - [2026-08-21T22:47:45.903+0000] {dag.py:3834} INFO - Setting next_dagrun for example_setup_teardown to 2026-08-20 00:00:00+00:00, run_after=2026-08-21 00:00:00+00:00
[2026-08-21T22:47:45.932+0000] {processor.py:183} INFO - Processing /home/airflow/.local/lib/python3.8/site-packages/airflow/example_dags/example_setup_teardown.py took 0.132 seconds
[2026-08-21T22:48:16.375+0000] {processor.py:161} INFO - Started process (PID=253) to work on /home/airflow/.local/lib/python3.8/site-packages/airflow/example_dags/example_setup_teardown.py
[2026-08-21T22:48:16.378+0000] {processor.py:830} INFO - Processing file /home/airflow/.local/lib/python3.8/site-packages/airflow/example_dags/example_setup_teardown.py for tasks to queue
[2026-08-21T22:48:16.381+0000] {logging_mixin.py:188} INFO - [2026-08-21T22:48:16.380+0000] {dagbag.py:540} INFO - Filling up the DagBag from /home/airflow/.local/lib/python3.8/site-packages/airflow/example_dags/example_setup_teardown.py
[2026-08-21T22:48:16.392+0000] {processor.py:840} INFO - DAG(s) 'example_setup_teardown' retrieved from /home/airflow/.local/lib/python3.8/site-packages/airflow/example_dags/example_setup_teardown.py
[2026-08-21T22:48:16.422+0000] {logging_mixin.py:188} INFO - [2026-08-21T22:48:16.421+0000] {dag.py:3047} INFO - Sync 1 DAGs
[2026-08-21T22:48:16.467+0000] {logging_mixin.py:188} INFO - [2026-08-21T22:48:16.467+0000] {dag.py:3834} INFO - Setting next_dagrun for example_setup_teardown to 2026-08-20 00:00:00+00:00, run_after=2026-08-21 00:00:00+00:00
[2026-08-21T22:48:16.533+0000] {processor.py:183} INFO - Processing /home/airflow/.local/lib/python3.8/site-packages/airflow/example_dags/example_setup_teardown.py took 0.164 seconds
[2026-08-21T22:48:47.432+0000] {processor.py:161} INFO - Started process (PID=310) to work on /home/airflow/.local/lib/python3.8/site-packages/airflow/example_dags/example_setup_teardown.py
[2026-08-21T22:48:47.434+0000] {processor.py:830} INFO - Processing file /home/airflow/.local/lib/python3.8/site-packages/airflow/example_dags/example_setup_teardown.py for tasks to queue
[2026-08-21T22:48:47.437+0000] {logging_mixin.py:188} INFO - [2026-08-21T22:48:47.437+0000] {dagbag.py:540} INFO - Filling up the DagBag from /home/airflow/.local/lib/python3.8/site-packages/airflow/example_dags/example_setup_teardown.py
[2026-08-21T22:48:47.446+0000] {processor.py:840} INFO - DAG(s) 'example_setup_teardown' retrieved from /home/airflow/.local/lib/python3.8/site-packages/airflow/example_dags/example_setup_teardown.py
[2026-08-21T22:48:47.471+0000] {logging_mixin.py:188} INFO - [2026-08-21T22:48:47.471+0000] {dag.py:3047} INFO - Sync 1 DAGs
[2026-08-21T22:48:47.498+0000] {logging_mixin.py:188} INFO - [2026-08-21T22:48:47.497+0000] {dag.py:3834} INFO - Setting next_dagrun for example_setup_teardown to 2026-08-20 00:00:00+00:00, run_after=2026-08-21 00:00:00+00:00
[2026-08-21T22:48:47.527+0000] {processor.py:183} INFO - Processing /home/airflow/.local/lib/python3.8/site-packages/airflow/example_dags/example_setup_teardown.py took 0.098 seconds
[2026-08-21T22:49:17.674+0000] {processor.py:161} INFO - Started process (PID=365) to work on /home/airflow/.local/lib/python3.8/site-packages/airflow/example_dags/example_setup_teardown.py
[2026-08-21T22:49:17.676+0000] {processor.py:830} INFO - Processing file /home/airflow/.local/lib/python3.8/site-packages/airflow/example_dags/example_setup_teardown.py for tasks to queue
[2026-08-21T22:49:17.678+0000] {logging_mixin.py:188} INFO - [2026-08-21T22:49:17.678+0000] {dagbag.py:540} INFO - Filling up the DagBag from /home/airflow/.local/lib/python3.8/site-packages/airflow/example_dags/example_setup_teardown.py
[2026-08-21T22:49:17.688+0000] {processor.py:840} INFO - DAG(s) 'example_setup_teardown' retrieved from /home/airflow/.local/lib/python3.8/site-packages/airflow/example_dags/example_setup_teardown.py
[2026-08-21T22:49:17.712+0000] {logging_mixin.py:188} INFO - [2026-08-21T22:49:17.711+0000] {dag.py:3047} INFO - Sync 1 DAGs
[2026-08-21T22:49:17.738+0000] {logging_mixin.py:188} INFO - [2026-08-21T22:49:17.738+0000] {dag.py:3834} INFO - Setting next_dagrun for example_setup_teardown to 2026-08-20 00:00:00+00:00, run_after=2026-08-21 00:00:00+00:00
[2026-08-21T22:49:17.758+0000] {processor.py:183} INFO - Processing /home/airflow/.local/lib/python3.8/site-packages/airflow/example_dags/example_setup_teardown.py took 0.089 seconds
[2026-08-21T22:49:47.996+0000] {processor.py:161} INFO - Started process (PID=422) to work on /home/airflow/.local/lib/python3.8/site-packages/airflow/example_dags/example_setup_teardown.py
[2026-08-21T22:49:47.997+0000] {processor.py:830} INFO - Processing file /home/airflow/.local/lib/python3.8/site-packages/airflow/example_dags/example_setup_teardown.py for tasks to queue
[2026-08-21T22:49:48.000+0000] {logging_mixin.py:188} INFO - [2026-08-21T22:49:48.000+0000] {dagbag.py:540} INFO - Filling up the DagBag from /home/airflow/.local/lib/python3.8/site-packages/airflow/example_dags/example_setup_teardown.py
[2026-08-21T22:49:48.011+0000] {processor.py:840} INFO - DAG(s) 'example_setup_teardown' retrieved from /home/airflow/.local/lib/python3.8/site-packages/airflow/example_dags/example_setup_teardown.py
[2026-08-21T22:49:48.039+0000] {logging_mixin.py:188} INFO - [2026-08-21T22:49:48.039+0000] {dag.py:3047} INFO - Sync 1 DAGs
[2026-08-21T22:49:48.067+0000] {logging_mixin.py:188} INFO - [2026-08-21T22:49:48.067+0000] {dag.py:3834} INFO - Setting next_dagrun for example_setup_teardown to 2026-08-20 00:00:00+00:00, run_after=2026-08-21 00:00:00+00:00
[2026-08-21T22:49:48.087+0000] {processor.py:183} INFO - Processing /home/airflow/.local/lib/python3.8/site-packages/airflow/example_dags/example_setup_teardown.py took 0.096 seconds
[2026-08-21T22:50:18.489+0000] {processor.py:161} INFO - Started process (PID=479) to work on /home/airflow/.local/lib/python3.8/site-packages/airflow/example_dags/example_setup_teardown.py
[2026-08-21T22:50:18.490+0000] {processor.py:830} INFO - Processing file /home/airflow/.local/lib/python3.8/site-packages/airflow/example_dags/example_setup_teardown.py for tasks to queue
[2026-08-21T22:50:18.493+0000] {logging_mixin.py:188} INFO - [2026-08-21T22:50:18.493+0000] {dagbag.py:540} INFO - Filling up the DagBag from /home/airflow/.local/lib/python3.8/site-packages/airflow/example_dags/example_setup_teardown.py
[2026-08-21T22:50:18.502+0000] {processor.py:840} INFO - DAG(s) 'example_setup_teardown' retrieved from /home/airflow/.local/lib/python3.8/site-packages/airflow/example_dags/example_setup_teardown.py
[2026-08-21T22:50:18.526+0000] {logging_mixin.py:188} INFO - [2026-08-21T22:50:18.526+0000] {dag.py:3047} INFO - Sync 1 DAGs
[2026-08-21T22:50:18.549+0000] {logging_mixin.py:188} INFO - [2026-08-21T22:50:18.549+0000] {dag.py:3834} INFO - Setting next_dagrun for example_setup_teardown to 2026-08-20 00:00:00+00:00, run_after=2026-08-21 00:00:00+00:00
[2026-08-21T22:50:18.571+0000] {processor.py:183} INFO - Processing /home/airflow/.local/lib/python3.8/site-packages/airflow/example_dags/example_setup_teardown.py took 0.086 seconds
[2026-08-21T22:50:48.698+0000] {processor.py:161} INFO - Started process (PID=536) to work on /home/airflow/.local/lib/python3.8/site-packages/airflow/example_dags/example_setup_teardown.py
[2026-08-21T22:50:48.699+0000] {processor.py:830} INFO - Processing file /home/airflow/.local/lib/python3.8/site-packages/airflow/example_dags/example_setup_teardown.py for tasks to queue
[2026-08-21T22:50:48.702+0000] {logging_mixin.py:188} INFO - [2026-08-21T22:50:48.701+0000] {dagbag.py:540} INFO - Filling up the DagBag from /home/airflow/.local/lib/python3.8/site-packages/airflow/example_dags/example_setup_teardown.py
[2026-08-21T22:50:48.710+0000] {processor.py:840} INFO - DAG(s) 'example_setup_teardown' retrieved from /home/airflow/.local/lib/python3.8/site-packages/airflow/example_dags/example_setup_teardown.py
[2026-08-21T22:50:48.735+0000] {logging_mixin.py:188} INFO - [2026-08-21T22:50:48.734+0000] {dag.py:3047} INFO - Sync 1 DAGs
[2026-08-21T22:50:48.760+0000] {logging_mixin.py:188} INFO - [2026-08-21T22:50:48.759+0000] {dag.py:3834} INFO - Setting next_dagrun for example_setup_teardown to 2026-08-20 00:00:00+00:00, run_after=2026-08-21 00:00:00+00:00
[2026-08-21T22:50:48.781+0000] {processor.py:183} INFO - Processing /home/airflow/.local/lib/python3.8/site-packages/airflow/example_dags/example_setup_teardown.py took 0.086 seconds
[2026-08-21T22:51:19.055+0000] {processor.py:161} INFO - Started process (PID=593) to work on /home/airflow/.local/lib/python3.8/site-packages/airflow/example_dags/example_setup_teardown.py
[2026-08-21T22:51:19.057+0000] {processor.py:830} INFO - Processing file /home/airflow/.local/lib/python3.8/site-packages/airflow/example_dags/example_setup_teardown.py for tasks to queue
[2026-08-21T22:51:19.060+0000] {logging_mixin.py:188} INFO - [2026-08-21T22:51:19.060+0000] {dagbag.py:540} INFO - Filling up the DagBag from /home/airflow/.local/lib/python3.8/site-packages/airflow/example_dags/example_setup_teardown.py
[2026-08-21T22:51:19.069+0000] {processor.py:840} INFO - DAG(s) 'example_setup_teardown' retrieved from /home/airflow/.local/lib/python3.8/site-packages/airflow/example_dags/example_setup_teardown.py
[2026-08-21T22:51:19.094+0000] {logging_mixin.py:188} INFO - [2026-08-21T22:51:19.094+0000] {dag.py:3047} INFO - Sync 1 DAGs
[2026-08-21T22:51:19.116+0000] {logging_mixin.py:188} INFO - [2026-08-21T22:51:19.116+0000] {dag.py:3834} INFO - Setting next_dagrun for example_setup_teardown to 2026-08-20 00:00:00+00:00, run_after=2026-08-21 00:00:00+00:00
[2026-08-21T22:51:19.137+0000] {processor.py:183} INFO - Processing /home/airflow/.local/lib/python3.8/site-packages/airflow/example_dags/example_setup_teardown.py took 0.087 seconds
[2026-08-21T22:51:49.340+0000] {processor.py:161} INFO - Started process (PID=650) to work on /home/airflow/.local/lib/python3.8/site-packages/airflow/example_dags/example_setup_teardown.py
[2026-08-21T22:51:49.342+0000] {processor.py:830} INFO - Processing file /home/airflow/.local/lib/python3.8/site-packages/airflow/example_dags/example_setup_teardown.py for tasks to queue
[2026-08-21T22:51:49.345+0000] {logging_mixin.py:188} INFO - [2026-08-21T22:51:49.345+0000] {dagbag.py:540} INFO - Filling up the DagBag from /home/airflow/.local/lib/python3.8/site-packages/airflow/example_dags/example_setup_teardown.py
[2026-08-21T22:51:49.358+0000] {processor.py:840} INFO - DAG(s) 'example_setup_teardown' retrieved from /home/airflow/.local/lib/python3.8/site-packages/airflow/example_dags/example_setup_teardown.py
[2026-08-21T22:51:49.390+0000] {logging_mixin.py:188} INFO - [2026-08-21T22:51:49.390+0000] {dag.py:3047} INFO - Sync 1 DAGs
[2026-08-21T22:51:49.416+0000] {logging_mixin.py:188} INFO - [2026-08-21T22:51:49.416+0000] {dag.py:3834} INFO - Setting next_dagrun for example_setup_teardown to 2026-08-20 00:00:00+00:00, run_after=2026-08-21 00:00:00+00:00
[2026-08-21T22:51:49.442+0000] {processor.py:183} INFO - Processing /home/airflow/.local/lib/python3.8/site-packages/airflow/example_dags/example_setup_teardown.py took 0.108 seconds
[2026-08-21T22:52:19.760+0000] {processor.py:161} INFO - Started process (PID=707) to work on /home/airflow/.local/lib/python3.8/site-packages/airflow/example_dags/example_setup_teardown.py
[2026-08-21T22:52:19.762+0000] {processor.py:830} INFO - Processing file /home/airflow/.local/lib/python3.8/site-packages/airflow/example_dags/example_setup_teardown.py for tasks to queue
[2026-08-21T22:52:19.765+0000] {logging_mixin.py:188} INFO - [2026-08-21T22:52:19.764+0000] {dagbag.py:540} INFO - Filling up the DagBag from /home/airflow/.local/lib/python3.8/site-packages/airflow/example_dags/example_setup_teardown.py
[2026-08-21T22:52:19.774+0000] {processor.py:840} INFO - DAG(s) 'example_setup_teardown' retrieved from /home/airflow/.local/lib/python3.8/site-packages/airflow/example_dags/example_setup_teardown.py
[2026-08-21T22:52:19.801+0000] {logging_mixin.py:188} INFO - [2026-08-21T22:52:19.800+0000] {dag.py:3047} INFO - Sync 1 DAGs
[2026-08-21T22:52:19.828+0000] {logging_mixin.py:188} INFO - [2026-08-21T22:52:19.828+0000] {dag.py:3834} INFO - Setting next_dagrun for example_setup_teardown to 2026-08-20 00:00:00+00:00, run_after=2026-08-21 00:00:00+00:00
[2026-08-21T22:52:19.852+0000] {processor.py:183} INFO - Processing /home/airflow/.local/lib/python3.8/site-packages/airflow/example_dags/example_setup_teardown.py took 0.097 seconds
[2026-08-21T22:52:50.110+0000] {processor.py:161} INFO - Started process (PID=764) to work on /home/airflow/.local/lib/python3.8/site-packages/airflow/example_dags/example_setup_teardown.py
[2026-08-21T22:52:50.112+0000] {processor.py:830} INFO - Processing file /home/airflow/.local/lib/python3.8/site-packages/airflow/example_dags/example_setup_teardown.py for tasks to queue
[2026-08-21T22:52:50.114+0000] {logging_mixin.py:188} INFO - [2026-08-21T22:52:50.114+0000] {dagbag.py:540} INFO - Filling up the DagBag from /home/airflow/.local/lib/python3.8/site-packages/airflow/example_dags/example_setup_teardown.py
[2026-08-21T22:52:50.126+0000] {processor.py:840} INFO - DAG(s) 'example_setup_teardown' retrieved from /home/airflow/.local/lib/python3.8/site-packages/airflow/example_dags/example_setup_teardown.py
[2026-08-21T22:52:50.155+0000] {logging_mixin.py:188} INFO - [2026-08-21T22:52:50.154+0000] {dag.py:3047} INFO - Sync 1 DAGs
[2026-08-21T22:52:50.184+0000] {logging_mixin.py:188} INFO - [2026-08-21T22:52:50.184+0000] {dag.py:3834} INFO - Setting next_dagrun for example_setup_teardown to 2026-08-20 00:00:00+00:00, run_after=2026-08-21 00:00:00+00:00
[2026-08-21T22:52:50.209+0000] {processor.py:183} INFO - Processing /home/airflow/.local/lib/python3.8/site-packages/airflow/example_dags/example_setup_teardown.py took 0.104 seconds
[2026-08-21T22:53:21.020+0000] {processor.py:161} INFO - Started process (PID=821) to work on /home/airflow/.local/lib/python3.8/site-packages/airflow/example_dags/example_setup_teardown.py
[2026-08-21T22:53:21.022+0000] {processor.py:830} INFO - Processing file /home/airflow/.local/lib/python3.8/site-packages/airflow/example_dags/example_setup_teardown.py for tasks to queue
[2026-08-21T22:53:21.025+0000] {logging_mixin.py:188} INFO - [2026-08-21T22:53:21.025+0000] {dagbag.py:540} INFO - Filling up the DagBag from /home/airflow/.local/lib/python3.8/site-packages/airflow/example_dags/example_setup_teardown.py
[2026-08-21T22:53:21.034+0000] {processor.py:840} INFO - DAG(s) 'example_setup_teardown' retrieved from /home/airflow/.local/lib/python3.8/site-packages/airflow/example_dags/example_setup_teardown.py
[2026-08-21T22:53:21.057+0000] {logging_mixin.py:188} INFO - [2026-08-21T22:53:21.057+0000] {dag.py:3047} INFO - Sync 1 DAGs
[2026-08-21T22:53:21.085+0000] {logging_mixin.py:188} INFO - [2026-08-21T22:53:21.085+0000] {dag.py:3834} INFO - Setting next_dagrun for example_setup_teardown to 2026-08-20 00:00:00+00:00, run_after=2026-08-21 00:00:00+00:00
[2026-08-21T22:53:21.109+0000] {processor.py:183} INFO - Processing /home/airflow/.local/lib/python3.8/site-packages/airflow/example_dags/example_setup_teardown.py took 0.092 seconds
[2026-08-21T22:53:51.270+0000] {processor.py:161} INFO - Started process (PID=878) to work on /home/airflow/.local/lib/python3.8/site-packages/airflow/example_dags/example_setup_teardown.py
[2026-08-21T22:53:51.271+0000] {processor.py:830} INFO - Processing file /home/airflow/.local/lib/python3.8/site-packages/airflow/example_dags/example_setup_teardown.py for tasks to queue
[2026-08-21T22:53:51.273+0000] {logging_mixin.py:188} INFO - [2026-08-21T22:53:51.273+0000] {dagbag.py:540} INFO - Filling up the DagBag from /home/airflow/.local/lib/python3.8/site-packages/airflow/example_dags/example_setup_teardown.py
[2026-08-21T22:53:51.283+0000] {processor.py:840} INFO - DAG(s) 'example_setup_teardown' retrieved from /home/airflow/.local/lib/python3.8/site-packages/airflow/example_dags/example_setup_teardown.py
[2026-08-21T22:53:51.311+0000] {logging_mixin.py:188} INFO - [2026-08-21T22:53:51.310+0000] {dag.py:3047} INFO - Sync 1 DAGs
[2026-08-21T22:53:51.337+0000] {logging_mixin.py:188} INFO - [2026-08-21T22:53:51.337+0000] {dag.py:3834} INFO - Setting next_dagrun for example_setup_teardown to 2026-08-20 00:00:00+00:00, run_after=2026-08-21 00:00:00+00:00
[2026-08-21T22:53:51.360+0000] {processor.py:183} INFO - Processing /home/airflow/.local/lib/python3.8/site-packages/airflow/example_dags/example_setup_teardown.py took 0.095 seconds
[2026-08-21T22:54:21.527+0000] {processor.py:161} INFO - Started process (PID=935) to work on /home/airflow/.local/lib/python3.8/site-packages/airflow/example_dags/example_setup_teardown.py
[2026-08-21T22:54:21.528+0000] {processor.py:830} INFO - Processing file /home/airflow/.local/lib/python3.8/site-packages/airflow/example_dags/example_setup_teardown.py for tasks to queue
[2026-08-21T22:54:21.532+0000] {logging_mixin.py:188} INFO - [2026-08-21T22:54:21.531+0000] {dagbag.py:540} INFO - Filling up the DagBag from /home/airflow/.local/lib/python3.8/site-packages/airflow/example_dags/example_setup_teardown.py
[2026-08-21T22:54:21.541+0000] {processor.py:840} INFO - DAG(s) 'example_setup_teardown' retrieved from /home/airflow/.local/lib/python3.8/site-packages/airflow/example_dags/example_setup_teardown.py
[2026-08-21T22:54:21.566+0000] {logging_mixin.py:188} INFO - [2026-08-21T22:54:21.566+0000] {dag.py:3047} INFO - Sync 1 DAGs
[2026-08-21T22:54:21.594+0000] {logging_mixin.py:188} INFO - [2026-08-21T22:54:21.593+0000] {dag.py:3834} INFO - Setting next_dagrun for example_setup_teardown to 2026-08-20 00:00:00+00:00, run_after=2026-08-21 00:00:00+00:00
[2026-08-21T22:54:21.618+0000] {processor.py:183} INFO - Processing /home/airflow/.local/lib/python3.8/site-packages/airflow/example_dags/example_setup_teardown.py took 0.095 seconds
[2026-08-21T22:54:52.325+0000] {processor.py:161} INFO - Started process (PID=992) to work on /home/airflow/.local/lib/python3.8/site-packages/airflow/example_dags/example_setup_teardown.py
[2026-08-21T22:54:52.327+0000] {processor.py:830} INFO - Processing file /home/airflow/.local/lib/python3.8/site-packages/airflow/example_dags/example_setup_teardown.py for tasks to queue
[2026-08-21T22:54:52.330+0000] {logging_mixin.py:188} INFO - [2026-08-21T22:54:52.330+0000] {dagbag.py:540} INFO - Filling up the DagBag from /home/airflow/.local/lib/python3.8/site-packages/airflow/example_dags/example_setup_teardown.py
[2026-08-21T22:54:52.340+0000] {processor.py:840} INFO - DAG(s) 'example_setup_teardown' retrieved from /home/airflow/.local/lib/python3.8/site-packages/airflow/example_dags/example_setup_teardown.py
[2026-08-21T22:54:52.364+0000] {logging_mixin.py:188} INFO - [2026-08-21T22:54:52.364+0000] {dag.py:3047} INFO - Sync 1 DAGs
[2026-08-21T22:54:52.393+0000] {logging_mixin.py:188} INFO - [2026-08-21T22:54:52.393+0000] {dag.py:3834} INFO - Setting next_dagrun for example_setup_teardown to 2026-08-20 00:00:00+00:00, run_after=2026-08-21 00:00:00+00:00
[2026-08-21T22:54:52.416+0000] {processor.py:183} INFO - Processing /home/airflow/.local/lib/python3.8/site-packages/airflow/example_dags/example_setup_teardown.py took 0.097 seconds
[2026-08-21T22:55:22.803+0000] {processor.py:161} INFO - Started process (PID=1049) to work on /home/airflow/.local/lib/python3.8/site-packages/airflow/example_dags/example_setup_teardown.py
[2026-08-21T22:55:22.805+0000] {processor.py:830} INFO - Processing file /home/airflow/.local/lib/python3.8/site-packages/airflow/example_dags/example_setup_teardown.py for tasks to queue
[2026-08-21T22:55:22.808+0000] {logging_mixin.py:188} INFO - [2026-08-21T22:55:22.807+0000] {dagbag.py:540} INFO - Filling up the DagBag from /home/airflow/.local/lib/python3.8/site-packages/airflow/example_dags/example_setup_teardown.py
[2026-08-21T22:55:22.816+0000] {processor.py:840} INFO - DAG(s) 'example_setup_teardown' retrieved from /home/airflow/.local/lib/python3.8/site-packages/airflow/example_dags/example_setup_teardown.py
[2026-08-21T22:55:22.843+0000] {logging_mixin.py:188} INFO - [2026-08-21T22:55:22.842+0000] {dag.py:3047} INFO - Sync 1 DAGs
[2026-08-21T22:55:22.870+0000] {logging_mixin.py:188} INFO - [2026-08-21T22:55:22.870+0000] {dag.py:3834} INFO - Setting next_dagrun for example_setup_teardown to 2026-08-20 00:00:00+00:00, run_after=2026-08-21 00:00:00+00:00
[2026-08-21T22:55:22.905+0000] {processor.py:183} INFO - Processing /home/airflow/.local/lib/python3.8/site-packages/airflow/example_dags/example_setup_teardown.py took 0.106 seconds
[2026-08-21T22:55:53.031+0000] {processor.py:161} INFO - Started process (PID=1106) to work on /home/airflow/.local/lib/python3.8/site-packages/airflow/example_dags/example_setup_teardown.py
[2026-08-21T22:55:53.033+0000] {processor.py:830} INFO - Processing file /home/airflow/.local/lib/python3.8/site-packages/airflow/example_dags/example_setup_teardown.py for tasks to queue
[2026-08-21T22:55:53.036+0000] {logging_mixin.py:188} INFO - [2026-08-21T22:55:53.035+0000] {dagbag.py:540} INFO - Filling up the DagBag from /home/airflow/.local/lib/python3.8/site-packages/airflow/example_dags/example_setup_teardown.py
[2026-08-21T22:55:53.045+0000] {processor.py:840} INFO - DAG(s) 'example_setup_teardown' retrieved from /home/airflow/.local/lib/python3.8/site-packages/airflow/example_dags/example_setup_teardown.py
[2026-08-21T22:55:53.073+0000] {logging_mixin.py:188} INFO - [2026-08-21T22:55:53.073+0000] {dag.py:3047} INFO - Sync 1 DAGs
[2026-08-21T22:55:53.105+0000] {logging_mixin.py:188} INFO - [2026-08-21T22:55:53.104+0000] {dag.py:3834} INFO - Setting next_dagrun for example_setup_teardown to 2026-08-20 00:00:00+00:00, run_after=2026-08-21 00:00:00+00:00
[2026-08-21T22:55:53.129+0000] {processor.py:183} INFO - Processing /home/airflow/.local/lib/python3.8/site-packages/airflow/example_dags/example_setup_teardown.py took 0.102 seconds
[2026-08-21T22:56:24.060+0000] {processor.py:161} INFO - Started process (PID=1163) to work on /home/airflow/.local/lib/python3.8/site-packages/airflow/example_dags/example_setup_teardown.py
[2026-08-21T22:56:24.063+0000] {processor.py:830} INFO - Processing file /home/airflow/.local/lib/python3.8/site-packages/airflow/example_dags/example_setup_teardown.py for tasks to queue
[2026-08-21T22:56:24.066+0000] {logging_mixin.py:188} INFO - [2026-08-21T22:56:24.066+0000] {dagbag.py:540} INFO - Filling up the DagBag from /home/airflow/.local/lib/python3.8/site-packages/airflow/example_dags/example_setup_teardown.py
[2026-08-21T22:56:24.075+0000] {processor.py:840} INFO - DAG(s) 'example_setup_teardown' retrieved from /home/airflow/.local/lib/python3.8/site-packages/airflow/example_dags/example_setup_teardown.py
[2026-08-21T22:56:24.104+0000] {logging_mixin.py:188} INFO - [2026-08-21T22:56:24.103+0000] {dag.py:3047} INFO - Sync 1 DAGs
[2026-08-21T22:56:24.133+0000] {logging_mixin.py:188} INFO - [2026-08-21T22:56:24.133+0000] {dag.py:3834} INFO - Setting next_dagrun for example_setup_teardown to 2026-08-20 00:00:00+00:00, run_after=2026-08-21 00:00:00+00:00
[2026-08-21T22:56:24.157+0000] {processor.py:183} INFO - Processing /home/airflow/.local/lib/python3.8/site-packages/airflow/example_dags/example_setup_teardown.py took 0.101 seconds
[2026-08-21T22:56:54.523+0000] {processor.py:161} INFO - Started process (PID=1220) to work on /home/airflow/.local/lib/python3.8/site-packages/airflow/example_dags/example_setup_teardown.py
[2026-08-21T22:56:54.525+0000] {processor.py:830} INFO - Processing file /home/airflow/.local/lib/python3.8/site-packages/airflow/example_dags/example_setup_teardown.py for tasks to queue
[2026-08-21T22:56:54.528+0000] {logging_mixin.py:188} INFO - [2026-08-21T22:56:54.527+0000] {dagbag.py:540} INFO - Filling up the DagBag from /home/airflow/.local/lib/python3.8/site-packages/airflow/example_dags/example_setup_teardown.py
[2026-08-21T22:56:54.539+0000] {processor.py:840} INFO - DAG(s) 'example_setup_teardown' retrieved from /home/airflow/.local/lib/python3.8/site-packages/airflow/example_dags/example_setup_teardown.py
[2026-08-21T22:56:54.564+0000] {logging_mixin.py:188} INFO - [2026-08-21T22:56:54.564+0000] {dag.py:3047} INFO - Sync 1 DAGs
[2026-08-21T22:56:54.598+0000] {logging_mixin.py:188} INFO - [2026-08-21T22:56:54.598+0000] {dag.py:3834} INFO - Setting next_dagrun for example_setup_teardown to 2026-08-20 00:00:00+00:00, run_after=2026-08-21 00:00:00+00:00
[2026-08-21T22:56:54.622+0000] {processor.py:183} INFO - Processing /home/airflow/.local/lib/python3.8/site-packages/airflow/example_dags/example_setup_teardown.py took 0.103 seconds
[2026-08-21T22:57:25.308+0000] {processor.py:161} INFO - Started process (PID=1277) to work on /home/airflow/.local/lib/python3.8/site-packages/airflow/example_dags/example_setup_teardown.py
[2026-08-21T22:57:25.310+0000] {processor.py:830} INFO - Processing file /home/airflow/.local/lib/python3.8/site-packages/airflow/example_dags/example_setup_teardown.py for tasks to queue
[2026-08-21T22:57:25.312+0000] {logging_mixin.py:188} INFO - [2026-08-21T22:57:25.312+0000] {dagbag.py:540} INFO - Filling up the DagBag from /home/airflow/.local/lib/python3.8/site-packages/airflow/example_dags/example_setup_teardown.py
[2026-08-21T22:57:25.320+0000] {processor.py:840} INFO - DAG(s) 'example_setup_teardown' retrieved from /home/airflow/.local/lib/python3.8/site-packages/airflow/example_dags/example_setup_teardown.py
[2026-08-21T22:57:25.342+0000] {logging_mixin.py:188} INFO - [2026-08-21T22:57:25.342+0000] {dag.py:3047} INFO - Sync 1 DAGs
[2026-08-21T22:57:25.364+0000] {logging_mixin.py:188} INFO - [2026-08-21T22:57:25.364+0000] {dag.py:3834} INFO - Setting next_dagrun for example_setup_teardown to 2026-08-20 00:00:00+00:00, run_after=2026-08-21 00:00:00+00:00
[2026-08-21T22:57:25.384+0000] {processor.py:183} INFO - Processing /home/airflow/.local/lib/python3.8/site-packages/airflow/example_dags/example_setup_teardown.py took 0.080 seconds
[2026-08-21T22:57:55.800+0000] {processor.py:161} INFO - Started process (PID=1334) to work on /home/airflow/.local/lib/python3.8/site-packages/airflow/example_dags/example_setup_teardown.py
[2026-08-21T22:57:55.802+0000] {processor.py:830} INFO - Processing file /home/airflow/.local/lib/python3.8/site-packages/airflow/example_dags/example_setup_teardown.py for tasks to queue
[2026-08-21T22:57:55.805+0000] {logging_mixin.py:188} INFO - [2026-08-21T22:57:55.805+0000] {dagbag.py:540} INFO - Filling up the DagBag from /home/airflow/.local/lib/python3.8/site-packages/airflow/example_dags/example_setup_teardown.py
[2026-08-21T22:57:55.814+0000] {processor.py:840} INFO - DAG(s) 'example_setup_teardown' retrieved from /home/airflow/.local/lib/python3.8/site-packages/airflow/example_dags/example_setup_teardown.py
[2026-08-21T22:57:55.841+0000] {logging_mixin.py:188} INFO - [2026-08-21T22:57:55.841+0000] {dag.py:3047} INFO - Sync 1 DAGs
[2026-08-21T22:57:55.867+0000] {logging_mixin.py:188} INFO - [2026-08-21T22:57:55.867+0000] {dag.py:3834} INFO - Setting next_dagrun for example_setup_teardown to 2026-08-20 00:00:00+00:00, run_after=2026-08-21 00:00:00+00:00
[2026-08-21T22:57:55.890+0000] {processor.py:183} INFO - Processing /home/airflow/.local/lib/python3.8/site-packages/airflow/example_dags/example_setup_teardown.py took 0.095 seconds
[2026-08-21T22:58:26.159+0000] {processor.py:161} INFO - Started process (PID=1391) to work on /home/airflow/.local/lib/python3.8/site-packages/airflow/example_dags/example_setup_teardown.py
[2026-08-21T22:58:26.161+0000] {processor.py:830} INFO - Processing file /home/airflow/.local/lib/python3.8/site-packages/airflow/example_dags/example_setup_teardown.py for tasks to queue
[2026-08-21T22:58:26.165+0000] {logging_mixin.py:188} INFO - [2026-08-21T22:58:26.164+0000] {dagbag.py:540} INFO - Filling up the DagBag from /home/airflow/.local/lib/python3.8/site-packages/airflow/example_dags/example_setup_teardown.py
[2026-08-21T22:58:26.177+0000] {processor.py:840} INFO - DAG(s) 'example_setup_teardown' retrieved from /home/airflow/.local/lib/python3.8/site-packages/airflow/example_dags/example_setup_teardown.py
[2026-08-21T22:58:26.203+0000] {logging_mixin.py:188} INFO - [2026-08-21T22:58:26.203+0000] {dag.py:3047} INFO - Sync 1 DAGs
[2026-08-21T22:58:26.234+0000] {logging_mixin.py:188} INFO - [2026-08-21T22:58:26.233+0000] {dag.py:3834} INFO - Setting next_dagrun for example_setup_teardown to 2026-08-20 00:00:00+00:00, run_after=2026-08-21 00:00:00+00:00
[2026-08-21T22:58:26.265+0000] {processor.py:183} INFO - Processing /home/airflow/.local/lib/python3.8/site-packages/airflow/example_dags/example_setup_teardown.py took 0.113 seconds
[2026-08-21T22:58:56.670+0000] {processor.py:161} INFO - Started process (PID=1448) to work on /home/airflow/.local/lib/python3.8/site-packages/airflow/example_dags/example_setup_teardown.py
[2026-08-21T22:58:56.671+0000] {processor.py:830} INFO - Processing file /home/airflow/.local/lib/python3.8/site-packages/airflow/example_dags/example_setup_teardown.py for tasks to queue
[2026-08-21T22:58:56.674+0000] {logging_mixin.py:188} INFO - [2026-08-21T22:58:56.674+0000] {dagbag.py:540} INFO - Filling up the DagBag from /home/airflow/.local/lib/python3.8/site-packages/airflow/example_dags/example_setup_teardown.py
[2026-08-21T22:58:56.685+0000] {processor.py:840} INFO - DAG(s) 'example_setup_teardown' retrieved from /home/airflow/.local/lib/python3.8/site-packages/airflow/example_dags/example_setup_teardown.py
[2026-08-21T22:58:56.714+0000] {logging_mixin.py:188} INFO - [2026-08-21T22:58:56.714+0000] {dag.py:3047} INFO - Sync 1 DAGs
[2026-08-21T22:58:56.740+0000] {logging_mixin.py:188} INFO - [2026-08-21T22:58:56.739+0000] {dag.py:3834} INFO - Setting next_dagrun for example_setup_teardown to 2026-08-20 00:00:00+00:00, run_after=2026-08-21 00:00:00+00:00
[2026-08-21T22:58:56.761+0000] {processor.py:183} INFO - Processing /home/airflow/.local/lib/python3.8/site-packages/airflow/example_dags/example_setup_teardown.py took 0.096 seconds
[2026-08-21T22:59:27.181+0000] {processor.py:161} INFO - Started process (PID=1505) to work on /home/airflow/.local/lib/python3.8/site-packages/airflow/example_dags/example_setup_teardown.py
[2026-08-21T22:59:27.182+0000] {processor.py:830} INFO - Processing file /home/airflow/.local/lib/python3.8/site-packages/airflow/example_dags/example_setup_teardown.py for tasks to queue
[2026-08-21T22:59:27.185+0000] {logging_mixin.py:188} INFO - [2026-08-21T22:59:27.185+0000] {dagbag.py:540} INFO - Filling up the DagBag from /home/airflow/.local/lib/python3.8/site-packages/airflow/example_dags/example_setup_teardown.py
[2026-08-21T22:59:27.198+0000] {processor.py:840} INFO - DAG(s) 'example_setup_teardown' retrieved from /home/airflow/.local/lib/python3.8/site-packages/airflow/example_dags/example_setup_teardown.py
[2026-08-21T22:59:27.221+0000] {logging_mixin.py:188} INFO - [2026-08-21T22:59:27.220+0000] {dag.py:3047} INFO - Sync 1 DAGs
[2026-08-21T22:59:27.249+0000] {logging_mixin.py:188} INFO - [2026-08-21T22:59:27.248+0000] {dag.py:3834} INFO - Setting next_dagrun for example_setup_teardown to 2026-08-20 00:00:00+00:00, run_after=2026-08-21 00:00:00+00:00
[2026-08-21T22:59:27.271+0000] {processor.py:183} INFO - Processing /home/airflow/.local/lib/python3.8/site-packages/airflow/example_dags/example_setup_teardown.py took 0.095 seconds
[2026-08-21T22:59:57.589+0000] {processor.py:161} INFO - Started process (PID=1562) to work on /home/airflow/.local/lib/python3.8/site-packages/airflow/example_dags/example_setup_teardown.py
[2026-08-21T22:59:57.592+0000] {processor.py:830} INFO - Processing file /home/airflow/.local/lib/python3.8/site-packages/airflow/example_dags/example_setup_teardown.py for tasks to queue
[2026-08-21T22:59:57.595+0000] {logging_mixin.py:188} INFO - [2026-08-21T22:59:57.595+0000] {dagbag.py:540} INFO - Filling up the DagBag from /home/airflow/.local/lib/python3.8/site-packages/airflow/example_dags/example_setup_teardown.py
[2026-08-21T22:59:57.612+0000] {processor.py:840} INFO - DAG(s) 'example_setup_teardown' retrieved from /home/airflow/.local/lib/python3.8/site-packages/airflow/example_dags/example_setup_teardown.py
[2026-08-21T22:59:57.641+0000] {logging_mixin.py:188} INFO - [2026-08-21T22:59:57.640+0000] {dag.py:3047} INFO - Sync 1 DAGs
[2026-08-21T22:59:57.670+0000] {logging_mixin.py:188} INFO - [2026-08-21T22:59:57.669+0000] {dag.py:3834} INFO - Setting next_dagrun for example_setup_teardown to 2026-08-20 00:00:00+00:00, run_after=2026-08-21 00:00:00+00:00
[2026-08-21T22:59:57.694+0000] {processor.py:183} INFO - Processing /home/airflow/.local/lib/python3.8/site-packages/airflow/example_dags/example_setup_teardown.py took 0.112 seconds
[2026-08-21T23:00:27.964+0000] {processor.py:161} INFO - Started process (PID=1619) to work on /home/airflow/.local/lib/python3.8/site-packages/airflow/example_dags/example_setup_teardown.py
[2026-08-21T23:00:27.966+0000] {processor.py:830} INFO - Processing file /home/airflow/.local/lib/python3.8/site-packages/airflow/example_dags/example_setup_teardown.py for tasks to queue
[2026-08-21T23:00:27.969+0000] {logging_mixin.py:188} INFO - [2026-08-21T23:00:27.968+0000] {dagbag.py:540} INFO - Filling up the DagBag from /home/airflow/.local/lib/python3.8/site-packages/airflow/example_dags/example_setup_teardown.py
[2026-08-21T23:00:27.981+0000] {processor.py:840} INFO - DAG(s) 'example_setup_teardown' retrieved from /home/airflow/.local/lib/python3.8/site-packages/airflow/example_dags/example_setup_teardown.py
[2026-08-21T23:00:28.009+0000] {logging_mixin.py:188} INFO - [2026-08-21T23:00:28.009+0000] {dag.py:3047} INFO - Sync 1 DAGs
[2026-08-21T23:00:28.058+0000] {logging_mixin.py:188} INFO - [2026-08-21T23:00:28.057+0000] {dag.py:3834} INFO - Setting next_dagrun for example_setup_teardown to 2026-08-20 00:00:00+00:00, run_after=2026-08-21 00:00:00+00:00
[2026-08-21T23:00:28.096+0000] {processor.py:183} INFO - Processing /home/airflow/.local/lib/python3.8/site-packages/airflow/example_dags/example_setup_teardown.py took 0.137 seconds
[2026-08-21T23:00:58.823+0000] {processor.py:161} INFO - Started process (PID=1676) to work on /home/airflow/.local/lib/python3.8/site-packages/airflow/example_dags/example_setup_teardown.py
[2026-08-21T23:00:58.824+0000] {processor.py:830} INFO - Processing file /home/airflow/.local/lib/python3.8/site-packages/airflow/example_dags/example_setup_teardown.py for tasks to queue
[2026-08-21T23:00:58.827+0000] {logging_mixin.py:188} INFO - [2026-08-21T23:00:58.826+0000] {dagbag.py:540} INFO - Filling up the DagBag from /home/airflow/.local/lib/python3.8/site-packages/airflow/example_dags/example_setup_teardown.py
[2026-08-21T23:00:58.834+0000] {processor.py:840} INFO - DAG(s) 'example_setup_teardown' retrieved from /home/airflow/.local/lib/python3.8/site-packages/airflow/example_dags/example_setup_teardown.py
[2026-08-21T23:00:58.858+0000] {logging_mixin.py:188} INFO - [2026-08-21T23:00:58.857+0000] {dag.py:3047} INFO - Sync 1 DAGs
[2026-08-21T23:00:58.882+0000] {logging_mixin.py:188} INFO - [2026-08-21T23:00:58.882+0000] {dag.py:3834} INFO - Setting next_dagrun for example_setup_teardown to 2026-08-20 00:00:00+00:00, run_after=2026-08-21 00:00:00+00:00
[2026-08-21T23:00:58.903+0000] {processor.py:183} INFO - Processing /home/airflow/.local/lib/python3.8/site-packages/airflow/example_dags/example_setup_teardown.py took 0.083 seconds
[2026-08-21T23:01:29.875+0000] {processor.py:161} INFO - Started process (PID=1733) to work on /home/airflow/.local/lib/python3.8/site-packages/airflow/example_dags/example_setup_teardown.py
[2026-08-21T23:01:29.881+0000] {processor.py:830} INFO - Processing file /home/airflow/.local/lib/python3.8/site-packages/airflow/example_dags/example_setup_teardown.py for tasks to queue
[2026-08-21T23:01:29.885+0000] {logging_mixin.py:188} INFO - [2026-08-21T23:01:29.885+0000] {dagbag.py:540} INFO - Filling up the DagBag from /home/airflow/.local/lib/python3.8/site-packages/airflow/example_dags/example_setup_teardown.py
[2026-08-21T23:01:29.897+0000] {processor.py:840} INFO - DAG(s) 'example_setup_teardown' retrieved from /home/airflow/.local/lib/python3.8/site-packages/airflow/example_dags/example_setup_teardown.py
[2026-08-21T23:01:29.955+0000] {logging_mixin.py:188} INFO - [2026-08-21T23:01:29.955+0000] {dag.py:3047} INFO - Sync 1 DAGs
[2026-08-21T23:01:30.000+0000] {logging_mixin.py:188} INFO - [2026-08-21T23:01:30.000+0000] {dag.py:3834} INFO - Setting next_dagrun for example_setup_teardown to 2026-08-20 00:00:00+00:00, run_after=2026-08-21 00:00:00+00:00
[2026-08-21T23:01:30.023+0000] {processor.py:183} INFO - Processing /home/airflow/.local/lib/python3.8/site-packages/airflow/example_dags/example_setup_teardown.py took 0.155 seconds
[2026-08-21T23:02:00.423+0000] {processor.py:161} INFO - Started process (PID=1790) to work on /home/airflow/.local/lib/python3.8/site-packages/airflow/example_dags/example_setup_teardown.py
[2026-08-21T23:02:00.425+0000] {processor.py:830} INFO - Processing file /home/airflow/.local/lib/python3.8/site-packages/airflow/example_dags/example_setup_teardown.py for tasks to queue
[2026-08-21T23:02:00.429+0000] {logging_mixin.py:188} INFO - [2026-08-21T23:02:00.428+0000] {dagbag.py:540} INFO - Filling up the DagBag from /home/airflow/.local/lib/python3.8/site-packages/airflow/example_dags/example_setup_teardown.py
[2026-08-21T23:02:00.437+0000] {processor.py:840} INFO - DAG(s) 'example_setup_teardown' retrieved from /home/airflow/.local/lib/python3.8/site-packages/airflow/example_dags/example_setup_teardown.py
[2026-08-21T23:02:00.462+0000] {logging_mixin.py:188} INFO - [2026-08-21T23:02:00.461+0000] {dag.py:3047} INFO - Sync 1 DAGs
[2026-08-21T23:02:00.487+0000] {logging_mixin.py:188} INFO - [2026-08-21T23:02:00.487+0000] {dag.py:3834} INFO - Setting next_dagrun for example_setup_teardown to 2026-08-20 00:00:00+00:00, run_after=2026-08-21 00:00:00+00:00
[2026-08-21T23:02:00.508+0000] {processor.py:183} INFO - Processing /home/airflow/.local/lib/python3.8/site-packages/airflow/example_dags/example_setup_teardown.py took 0.088 seconds
[2026-08-21T23:02:30.663+0000] {processor.py:161} INFO - Started process (PID=1847) to work on /home/airflow/.local/lib/python3.8/site-packages/airflow/example_dags/example_setup_teardown.py
[2026-08-21T23:02:30.665+0000] {processor.py:830} INFO - Processing file /home/airflow/.local/lib/python3.8/site-packages/airflow/example_dags/example_setup_teardown.py for tasks to queue
[2026-08-21T23:02:30.668+0000] {logging_mixin.py:188} INFO - [2026-08-21T23:02:30.668+0000] {dagbag.py:540} INFO - Filling up the DagBag from /home/airflow/.local/lib/python3.8/site-packages/airflow/example_dags/example_setup_teardown.py
[2026-08-21T23:02:30.679+0000] {processor.py:840} INFO - DAG(s) 'example_setup_teardown' retrieved from /home/airflow/.local/lib/python3.8/site-packages/airflow/example_dags/example_setup_teardown.py
[2026-08-21T23:02:30.705+0000] {logging_mixin.py:188} INFO - [2026-08-21T23:02:30.704+0000] {dag.py:3047} INFO - Sync 1 DAGs
[2026-08-21T23:02:30.731+0000] {logging_mixin.py:188} INFO - [2026-08-21T23:02:30.731+0000] {dag.py:3834} INFO - Setting next_dagrun for example_setup_teardown to 2026-08-20 00:00:00+00:00, run_after=2026-08-21 00:00:00+00:00
[2026-08-21T23:02:30.751+0000] {processor.py:183} INFO - Processing /home/airflow/.local/lib/python3.8/site-packages/airflow/example_dags/example_setup_teardown.py took 0.094 seconds
[2026-08-21T23:03:01.138+0000] {processor.py:161} INFO - Started process (PID=1904) to work on /home/airflow/.local/lib/python3.8/site-packages/airflow/example_dags/example_setup_teardown.py
[2026-08-21T23:03:01.140+0000] {processor.py:830} INFO - Processing file /home/airflow/.local/lib/python3.8/site-packages/airflow/example_dags/example_setup_teardown.py for tasks to queue
[2026-08-21T23:03:01.144+0000] {logging_mixin.py:188} INFO - [2026-08-21T23:03:01.143+0000] {dagbag.py:540} INFO - Filling up the DagBag from /home/airflow/.local/lib/python3.8/site-packages/airflow/example_dags/example_setup_teardown.py
[2026-08-21T23:03:01.153+0000] {processor.py:840} INFO - DAG(s) 'example_setup_teardown' retrieved from /home/airflow/.local/lib/python3.8/site-packages/airflow/example_dags/example_setup_teardown.py
[2026-08-21T23:03:01.176+0000] {logging_mixin.py:188} INFO - [2026-08-21T23:03:01.176+0000] {dag.py:3047} INFO - Sync 1 DAGs
[2026-08-21T23:03:01.200+0000] {logging_mixin.py:188} INFO - [2026-08-21T23:03:01.200+0000] {dag.py:3834} INFO - Setting next_dagrun for example_setup_teardown to 2026-08-20 00:00:00+00:00, run_after=2026-08-21 00:00:00+00:00
[2026-08-21T23:03:01.222+0000] {processor.py:183} INFO - Processing /home/airflow/.local/lib/python3.8/site-packages/airflow/example_dags/example_setup_teardown.py took 0.088 seconds
[2026-08-21T23:03:31.830+0000] {processor.py:161} INFO - Started process (PID=1961) to work on /home/airflow/.local/lib/python3.8/site-packages/airflow/example_dags/example_setup_teardown.py
[2026-08-21T23:03:31.833+0000] {processor.py:830} INFO - Processing file /home/airflow/.local/lib/python3.8/site-packages/airflow/example_dags/example_setup_teardown.py for tasks to queue
[2026-08-21T23:03:31.838+0000] {logging_mixin.py:188} INFO - [2026-08-21T23:03:31.837+0000] {dagbag.py:540} INFO - Filling up the DagBag from /home/airflow/.local/lib/python3.8/site-packages/airflow/example_dags/example_setup_teardown.py
[2026-08-21T23:03:31.855+0000] {processor.py:840} INFO - DAG(s) 'example_setup_teardown' retrieved from /home/airflow/.local/lib/python3.8/site-packages/airflow/example_dags/example_setup_teardown.py
[2026-08-21T23:03:31.890+0000] {logging_mixin.py:188} INFO - [2026-08-21T23:03:31.890+0000] {dag.py:3047} INFO - Sync 1 DAGs
[2026-08-21T23:03:31.936+0000] {logging_mixin.py:188} INFO - [2026-08-21T23:03:31.936+0000] {dag.py:3834} INFO - Setting next_dagrun for example_setup_teardown to 2026-08-20 00:00:00+00:00, run_after=2026-08-21 00:00:00+00:00
[2026-08-21T23:03:31.983+0000] {processor.py:183} INFO - Processing /home/airflow/.local/lib/python3.8/site-packages/airflow/example_dags/example_setup_teardown.py took 0.158 seconds
[2026-08-21T23:04:02.085+0000] {processor.py:161} INFO - Started process (PID=2018) to work on /home/airflow/.local/lib/python3.8/site-packages/airflow/example_dags/example_setup_teardown.py
[2026-08-21T23:04:02.086+0000] {processor.py:830} INFO - Processing file /home/airflow/.local/lib/python3.8/site-packages/airflow/example_dags/example_setup_teardown.py for tasks to queue
[2026-08-21T23:04:02.089+0000] {logging_mixin.py:188} INFO - [2026-08-21T23:04:02.089+0000] {dagbag.py:540} INFO - Filling up the DagBag from /home/airflow/.local/lib/python3.8/site-packages/airflow/example_dags/example_setup_teardown.py
[2026-08-21T23:04:02.107+0000] {processor.py:840} INFO - DAG(s) 'example_setup_teardown' retrieved from /home/airflow/.local/lib/python3.8/site-packages/airflow/example_dags/example_setup_teardown.py
[2026-08-21T23:04:02.137+0000] {logging_mixin.py:188} INFO - [2026-08-21T23:04:02.137+0000] {dag.py:3047} INFO - Sync 1 DAGs
[2026-08-21T23:04:02.169+0000] {logging_mixin.py:188} INFO - [2026-08-21T23:04:02.169+0000] {dag.py:3834} INFO - Setting next_dagrun for example_setup_teardown to 2026-08-20 00:00:00+00:00, run_after=2026-08-21 00:00:00+00:00
[2026-08-21T23:04:02.192+0000] {processor.py:183} INFO - Processing /home/airflow/.local/lib/python3.8/site-packages/airflow/example_dags/example_setup_teardown.py took 0.114 seconds
[2026-08-21T23:04:32.803+0000] {processor.py:161} INFO - Started process (PID=2075) to work on /home/airflow/.local/lib/python3.8/site-packages/airflow/example_dags/example_setup_teardown.py
[2026-08-21T23:04:32.804+0000] {processor.py:830} INFO - Processing file /home/airflow/.local/lib/python3.8/site-packages/airflow/example_dags/example_setup_teardown.py for tasks to queue
[2026-08-21T23:04:32.808+0000] {logging_mixin.py:188} INFO - [2026-08-21T23:04:32.807+0000] {dagbag.py:540} INFO - Filling up the DagBag from /home/airflow/.local/lib/python3.8/site-packages/airflow/example_dags/example_setup_teardown.py
[2026-08-21T23:04:32.817+0000] {processor.py:840} INFO - DAG(s) 'example_setup_teardown' retrieved from /home/airflow/.local/lib/python3.8/site-packages/airflow/example_dags/example_setup_teardown.py
[2026-08-21T23:04:32.842+0000] {logging_mixin.py:188} INFO - [2026-08-21T23:04:32.842+0000] {dag.py:3047} INFO - Sync 1 DAGs
[2026-08-21T23:04:32.870+0000] {logging_mixin.py:188} INFO - [2026-08-21T23:04:32.870+0000] {dag.py:3834} INFO - Setting next_dagrun for example_setup_teardown to 2026-08-20 00:00:00+00:00, run_after=2026-08-21 00:00:00+00:00
[2026-08-21T23:04:32.891+0000] {processor.py:183} INFO - Processing /home/airflow/.local/lib/python3.8/site-packages/airflow/example_dags/example_setup_teardown.py took 0.094 seconds
[2026-08-21T23:05:03.101+0000] {processor.py:161} INFO - Started process (PID=2132) to work on /home/airflow/.local/lib/python3.8/site-packages/airflow/example_dags/example_setup_teardown.py
[2026-08-21T23:05:03.103+0000] {processor.py:830} INFO - Processing file /home/airflow/.local/lib/python3.8/site-packages/airflow/example_dags/example_setup_teardown.py for tasks to queue
[2026-08-21T23:05:03.106+0000] {logging_mixin.py:188} INFO - [2026-08-21T23:05:03.105+0000] {dagbag.py:540} INFO - Filling up the DagBag from /home/airflow/.local/lib/python3.8/site-packages/airflow/example_dags/example_setup_teardown.py
[2026-08-21T23:05:03.114+0000] {processor.py:840} INFO - DAG(s) 'example_setup_teardown' retrieved from /home/airflow/.local/lib/python3.8/site-packages/airflow/example_dags/example_setup_teardown.py
[2026-08-21T23:05:03.138+0000] {logging_mixin.py:188} INFO - [2026-08-21T23:05:03.138+0000] {dag.py:3047} INFO - Sync 1 DAGs
[2026-08-21T23:05:03.163+0000] {logging_mixin.py:188} INFO - [2026-08-21T23:05:03.162+0000] {dag.py:3834} INFO - Setting next_dagrun for example_setup_teardown to 2026-08-20 00:00:00+00:00, run_after=2026-08-21 00:00:00+00:00
[2026-08-21T23:05:03.191+0000] {processor.py:183} INFO - Processing /home/airflow/.local/lib/python3.8/site-packages/airflow/example_dags/example_setup_teardown.py took 0.095 seconds
[2026-08-21T23:05:33.363+0000] {processor.py:161} INFO - Started process (PID=2189) to work on /home/airflow/.local/lib/python3.8/site-packages/airflow/example_dags/example_setup_teardown.py
[2026-08-21T23:05:33.365+0000] {processor.py:830} INFO - Processing file /home/airflow/.local/lib/python3.8/site-packages/airflow/example_dags/example_setup_teardown.py for tasks to queue
[2026-08-21T23:05:33.368+0000] {logging_mixin.py:188} INFO - [2026-08-21T23:05:33.367+0000] {dagbag.py:540} INFO - Filling up the DagBag from /home/airflow/.local/lib/python3.8/site-packages/airflow/example_dags/example_setup_teardown.py
[2026-08-21T23:05:33.375+0000] {processor.py:840} INFO - DAG(s) 'example_setup_teardown' retrieved from /home/airflow/.local/lib/python3.8/site-packages/airflow/example_dags/example_setup_teardown.py
[2026-08-21T23:05:33.404+0000] {logging_mixin.py:188} INFO - [2026-08-21T23:05:33.403+0000] {dag.py:3047} INFO - Sync 1 DAGs
[2026-08-21T23:05:33.436+0000] {logging_mixin.py:188} INFO - [2026-08-21T23:05:33.436+0000] {dag.py:3834} INFO - Setting next_dagrun for example_setup_teardown to 2026-08-20 00:00:00+00:00, run_after=2026-08-21 00:00:00+00:00
[2026-08-21T23:05:33.463+0000] {processor.py:183} INFO - Processing /home/airflow/.local/lib/python3.8/site-packages/airflow/example_dags/example_setup_teardown.py took 0.104 seconds
[2026-08-21T23:06:03.878+0000] {processor.py:161} INFO - Started process (PID=2246) to work on /home/airflow/.local/lib/python3.8/site-packages/airflow/example_dags/example_setup_teardown.py
[2026-08-21T23:06:03.880+0000] {processor.py:830} INFO - Processing file /home/airflow/.local/lib/python3.8/site-packages/airflow/example_dags/example_setup_teardown.py for tasks to queue
[2026-08-21T23:06:03.883+0000] {logging_mixin.py:188} INFO - [2026-08-21T23:06:03.882+0000] {dagbag.py:540} INFO - Filling up the DagBag from /home/airflow/.local/lib/python3.8/site-packages/airflow/example_dags/example_setup_teardown.py
[2026-08-21T23:06:03.898+0000] {processor.py:840} INFO - DAG(s) 'example_setup_teardown' retrieved from /home/airflow/.local/lib/python3.8/site-packages/airflow/example_dags/example_setup_teardown.py
[2026-08-21T23:06:03.930+0000] {logging_mixin.py:188} INFO - [2026-08-21T23:06:03.930+0000] {dag.py:3047} INFO - Sync 1 DAGs
[2026-08-21T23:06:03.961+0000] {logging_mixin.py:188} INFO - [2026-08-21T23:06:03.960+0000] {dag.py:3834} INFO - Setting next_dagrun for example_setup_teardown to 2026-08-20 00:00:00+00:00, run_after=2026-08-21 00:00:00+00:00
[2026-08-21T23:06:03.990+0000] {processor.py:183} INFO - Processing /home/airflow/.local/lib/python3.8/site-packages/airflow/example_dags/example_setup_teardown.py took 0.117 seconds
[2026-08-21T23:06:34.678+0000] {processor.py:161} INFO - Started process (PID=2303) to work on /home/airflow/.local/lib/python3.8/site-packages/airflow/example_dags/example_setup_teardown.py
[2026-08-21T23:06:34.680+0000] {processor.py:830} INFO - Processing file /home/airflow/.local/lib/python3.8/site-packages/airflow/example_dags/example_setup_teardown.py for tasks to queue
[2026-08-21T23:06:34.684+0000] {logging_mixin.py:188} INFO - [2026-08-21T23:06:34.683+0000] {dagbag.py:540} INFO - Filling up the DagBag from /home/airflow/.local/lib/python3.8/site-packages/airflow/example_dags/example_setup_teardown.py
[2026-08-21T23:06:34.694+0000] {processor.py:840} INFO - DAG(s) 'example_setup_teardown' retrieved from /home/airflow/.local/lib/python3.8/site-packages/airflow/example_dags/example_setup_teardown.py
[2026-08-21T23:06:34.726+0000] {logging_mixin.py:188} INFO - [2026-08-21T23:06:34.726+0000] {dag.py:3047} INFO - Sync 1 DAGs
[2026-08-21T23:06:34.757+0000] {logging_mixin.py:188} INFO - [2026-08-21T23:06:34.757+0000] {dag.py:3834} INFO - Setting next_dagrun for example_setup_teardown to 2026-08-20 00:00:00+00:00, run_after=2026-08-21 00:00:00+00:00
[2026-08-21T23:06:34.786+0000] {processor.py:183} INFO - Processing /home/airflow/.local/lib/python3.8/site-packages/airflow/example_dags/example_setup_teardown.py took 0.112 seconds
[2026-08-21T23:07:05.094+0000] {processor.py:161} INFO - Started process (PID=2360) to work on /home/airflow/.local/lib/python3.8/site-packages/airflow/example_dags/example_setup_teardown.py
[2026-08-21T23:07:05.096+0000] {processor.py:830} INFO - Processing file /home/airflow/.local/lib/python3.8/site-packages/airflow/example_dags/example_setup_teardown.py for tasks to queue
[2026-08-21T23:07:05.099+0000] {logging_mixin.py:188} INFO - [2026-08-21T23:07:05.098+0000] {dagbag.py:540} INFO - Filling up the DagBag from /home/airflow/.local/lib/python3.8/site-packages/airflow/example_dags/example_setup_teardown.py
[2026-08-21T23:07:05.106+0000] {processor.py:840} INFO - DAG(s) 'example_setup_teardown' retrieved from /home/airflow/.local/lib/python3.8/site-packages/airflow/example_dags/example_setup_teardown.py
[2026-08-21T23:07:05.129+0000] {logging_mixin.py:188} INFO - [2026-08-21T23:07:05.129+0000] {dag.py:3047} INFO - Sync 1 DAGs
[2026-08-21T23:07:05.152+0000] {logging_mixin.py:188} INFO - [2026-08-21T23:07:05.152+0000] {dag.py:3834} INFO - Setting next_dagrun for example_setup_teardown to 2026-08-20 00:00:00+00:00, run_after=2026-08-21 00:00:00+00:00
[2026-08-21T23:07:05.173+0000] {processor.py:183} INFO - Processing /home/airflow/.local/lib/python3.8/site-packages/airflow/example_dags/example_setup_teardown.py took 0.083 seconds
[2026-08-21T23:07:35.723+0000] {processor.py:161} INFO - Started process (PID=2417) to work on /home/airflow/.local/lib/python3.8/site-packages/airflow/example_dags/example_setup_teardown.py
[2026-08-21T23:07:35.725+0000] {processor.py:830} INFO - Processing file /home/airflow/.local/lib/python3.8/site-packages/airflow/example_dags/example_setup_teardown.py for tasks to queue
[2026-08-21T23:07:35.728+0000] {logging_mixin.py:188} INFO - [2026-08-21T23:07:35.728+0000] {dagbag.py:540} INFO - Filling up the DagBag from /home/airflow/.local/lib/python3.8/site-packages/airflow/example_dags/example_setup_teardown.py
[2026-08-21T23:07:35.739+0000] {processor.py:840} INFO - DAG(s) 'example_setup_teardown' retrieved from /home/airflow/.local/lib/python3.8/site-packages/airflow/example_dags/example_setup_teardown.py
[2026-08-21T23:07:35.769+0000] {logging_mixin.py:188} INFO - [2026-08-21T23:07:35.768+0000] {dag.py:3047} INFO - Sync 1 DAGs
[2026-08-21T23:07:35.798+0000] {logging_mixin.py:188} INFO - [2026-08-21T23:07:35.797+0000] {dag.py:3834} INFO - Setting next_dagrun for example_setup_teardown to 2026-08-20 00:00:00+00:00, run_after=2026-08-21 00:00:00+00:00
[2026-08-21T23:07:35.821+0000] {processor.py:183} INFO - Processing /home/airflow/.local/lib/python3.8/site-packages/airflow/example_dags/example_setup_teardown.py took 0.102 seconds
[2026-08-21T23:08:06.155+0000] {processor.py:161} INFO - Started process (PID=2476) to work on /home/airflow/.local/lib/python3.8/site-packages/airflow/example_dags/example_setup_teardown.py
[2026-08-21T23:08:06.159+0000] {processor.py:830} INFO - Processing file /home/airflow/.local/lib/python3.8/site-packages/airflow/example_dags/example_setup_teardown.py for tasks to queue
[2026-08-21T23:08:06.165+0000] {logging_mixin.py:188} INFO - [2026-08-21T23:08:06.164+0000] {dagbag.py:540} INFO - Filling up the DagBag from /home/airflow/.local/lib/python3.8/site-packages/airflow/example_dags/example_setup_teardown.py
[2026-08-21T23:08:06.190+0000] {processor.py:840} INFO - DAG(s) 'example_setup_teardown' retrieved from /home/airflow/.local/lib/python3.8/site-packages/airflow/example_dags/example_setup_teardown.py
[2026-08-21T23:08:06.267+0000] {logging_mixin.py:188} INFO - [2026-08-21T23:08:06.266+0000] {dag.py:3047} INFO - Sync 1 DAGs
