[2026-08-21T22:46:42.055+0000] {processor.py:161} INFO - Started process (PID=73) to work on /home/airflow/.local/lib/python3.8/site-packages/airflow/example_dags/example_latest_only_with_trigger.py
[2026-08-21T22:46:42.057+0000] {processor.py:830} INFO - Processing file /home/airflow/.local/lib/python3.8/site-packages/airflow/example_dags/example_latest_only_with_trigger.py for tasks to queue
[2026-08-21T22:46:42.060+0000] {logging_mixin.py:188} INFO - [2026-08-21T22:46:42.059+0000] {dagbag.py:540} INFO - Filling up the DagBag from /home/airflow/.local/lib/python3.8/site-packages/airflow/example_dags/example_latest_only_with_trigger.py
[2026-08-21T22:46:42.072+0000] {processor.py:840} INFO - DAG(s) 'latest_only_with_trigger' retrieved from /home/airflow/.local/lib/python3.8/site-packages/airflow/example_dags/example_latest_only_with_trigger.py
[2026-08-21T22:46:42.127+0000] {logging_mixin.py:188} INFO - [2026-08-21T22:46:42.126+0000] {dag.py:3047} INFO - Sync 1 DAGs
[2026-08-21T22:46:42.219+0000] {logging_mixin.py:188} INFO - [2026-08-21T22:46:42.218+0000] {dag.py:3834} INFO - Setting next_dagrun for latest_only_with_trigger to 2026-08-21 16:00:00+00:00, run_after=2026-08-21 20:00:00+00:00
[2026-08-21T22:46:42.278+0000] {processor.py:183} INFO - Processing /home/airflow/.local/lib/python3.8/site-packages/airflow/example_dags/example_latest_only_with_trigger.py took 0.228 seconds
[2026-08-21T22:47:12.401+0000] {processor.py:161} INFO - Started process (PID=128) to work on /home/airflow/.local/lib/python3.8/site-packages/airflow/example_dags/example_latest_only_with_trigger.py
[2026-08-21T22:47:12.403+0000] {processor.py:830} INFO - Processing file /home/airflow/.local/lib/python3.8/site-packages/airflow/example_dags/example_latest_only_with_trigger.py for tasks to queue
[2026-08-21T22:47:12.408+0000] {logging_mixin.py:188} INFO - [2026-08-21T22:47:12.407+0000] {dagbag.py:540} INFO - Filling up the DagBag from /home/airflow/.local/lib/python3.8/site-packages/airflow/example_dags/example_latest_only_with_trigger.py
[2026-08-21T22:47:12.422+0000] {processor.py:840} INFO - DAG(s) 'latest_only_with_trigger' retrieved from /home/airflow/.local/lib/python3.8/site-packages/airflow/example_dags/example_latest_only_with_trigger.py
[2026-08-21T22:47:12.661+0000] {logging_mixin.py:188} INFO - [2026-08-21T22:47:12.661+0000] {dag.py:3047} INFO - Sync 1 DAGs
[2026-08-21T22:47:12.704+0000] {logging_mixin.py:188} INFO - [2026-08-21T22:47:12.704+0000] {dag.py:3834} INFO - Setting next_dagrun for latest_only_with_trigger to 2026-08-21 16:00:00+00:00, run_after=2026-08-21 20:00:00+00:00
[2026-08-21T22:47:12.753+0000] {processor.py:183} INFO - Processing /home/airflow/.local/lib/python3.8/site-packages/airflow/example_dags/example_latest_only_with_trigger.py took 0.358 seconds
[2026-08-21T22:47:43.037+0000] {processor.py:161} INFO - Started process (PID=185) to work on /home/airflow/.local/lib/python3.8/site-packages/airflow/example_dags/example_latest_only_with_trigger.py
[2026-08-21T22:47:43.041+0000] {processor.py:830} INFO - Processing file /home/airflow/.local/lib/python3.8/site-packages/airflow/example_dags/example_latest_only_with_trigger.py for tasks to queue
[2026-08-21T22:47:43.045+0000] {logging_mixin.py:188} INFO - [2026-08-21T22:47:43.045+0000] {dagbag.py:540} INFO - Filling up the DagBag from /home/airflow/.local/lib/python3.8/site-packages/airflow/example_dags/example_latest_only_with_trigger.py
[2026-08-21T22:47:43.053+0000] {processor.py:840} INFO - DAG(s) 'latest_only_with_trigger' retrieved from /home/airflow/.local/lib/python3.8/site-packages/airflow/example_dags/example_latest_only_with_trigger.py
[2026-08-21T22:47:43.087+0000] {logging_mixin.py:188} INFO - [2026-08-21T22:47:43.087+0000] {dag.py:3047} INFO - Sync 1 DAGs
[2026-08-21T22:47:43.129+0000] {logging_mixin.py:188} INFO - [2026-08-21T22:47:43.129+0000] {dag.py:3834} INFO - Setting next_dagrun for latest_only_with_trigger to 2026-08-21 16:00:00+00:00, run_after=2026-08-21 20:00:00+00:00
[2026-08-21T22:47:43.162+0000] {processor.py:183} INFO - Processing /home/airflow/.local/lib/python3.8/site-packages/airflow/example_dags/example_latest_only_with_trigger.py took 0.129 seconds
[2026-08-21T22:48:13.208+0000] {processor.py:161} INFO - Started process (PID=241) to work on /home/airflow/.local/lib/python3.8/site-packages/airflow/example_dags/example_latest_only_with_trigger.py
[2026-08-21T22:48:13.211+0000] {processor.py:830} INFO - Processing file /home/airflow/.local/lib/python3.8/site-packages/airflow/example_dags/example_latest_only_with_trigger.py for tasks to queue
[2026-08-21T22:48:13.214+0000] {logging_mixin.py:188} INFO - [2026-08-21T22:48:13.214+0000] {dagbag.py:540} INFO - Filling up the DagBag from /home/airflow/.local/lib/python3.8/site-packages/airflow/example_dags/example_latest_only_with_trigger.py
[2026-08-21T22:48:13.226+0000] {processor.py:840} INFO - DAG(s) 'latest_only_with_trigger' retrieved from /home/airflow/.local/lib/python3.8/site-packages/airflow/example_dags/example_latest_only_with_trigger.py
[2026-08-21T22:48:13.254+0000] {logging_mixin.py:188} INFO - [2026-08-21T22:48:13.254+0000] {dag.py:3047} INFO - Sync 1 DAGs
[2026-08-21T22:48:13.281+0000] {logging_mixin.py:188} INFO - [2026-08-21T22:48:13.281+0000] {dag.py:3834} INFO - Setting next_dagrun for latest_only_with_trigger to 2026-08-21 16:00:00+00:00, run_after=2026-08-21 20:00:00+00:00
[2026-08-21T22:48:13.302+0000] {processor.py:183} INFO - Processing /home/airflow/.local/lib/python3.8/site-packages/airflow/example_dags/example_latest_only_with_trigger.py took 0.100 seconds
[2026-08-21T22:48:43.660+0000] {processor.py:161} INFO - Started process (PID=299) to work on /home/airflow/.local/lib/python3.8/site-packages/airflow/example_dags/example_latest_only_with_trigger.py
[2026-08-21T22:48:43.662+0000] {processor.py:830} INFO - Processing file /home/airflow/.local/lib/python3.8/site-packages/airflow/example_dags/example_latest_only_with_trigger.py for tasks to queue
[2026-08-21T22:48:43.665+0000] {logging_mixin.py:188} INFO - [2026-08-21T22:48:43.665+0000] {dagbag.py:540} INFO - Filling up the DagBag from /home/airflow/.local/lib/python3.8/site-packages/airflow/example_dags/example_latest_only_with_trigger.py
[2026-08-21T22:48:43.672+0000] {processor.py:840} INFO - DAG(s) 'latest_only_with_trigger' retrieved from /home/airflow/.local/lib/python3.8/site-packages/airflow/example_dags/example_latest_only_with_trigger.py
[2026-08-21T22:48:43.699+0000] {logging_mixin.py:188} INFO - [2026-08-21T22:48:43.698+0000] {dag.py:3047} INFO - Sync 1 DAGs
[2026-08-21T22:48:43.726+0000] {logging_mixin.py:188} INFO - [2026-08-21T22:48:43.726+0000] {dag.py:3834} INFO - Setting next_dagrun for latest_only_with_trigger to 2026-08-21 16:00:00+00:00, run_after=2026-08-21 20:00:00+00:00
[2026-08-21T22:48:43.753+0000] {processor.py:183} INFO - Processing /home/airflow/.local/lib/python3.8/site-packages/airflow/example_dags/example_latest_only_with_trigger.py took 0.096 seconds
[2026-08-21T22:49:14.050+0000] {processor.py:161} INFO - Started process (PID=356) to work on /home/airflow/.local/lib/python3.8/site-packages/airflow/example_dags/example_latest_only_with_trigger.py
[2026-08-21T22:49:14.052+0000] {processor.py:830} INFO - Processing file /home/airflow/.local/lib/python3.8/site-packages/airflow/example_dags/example_latest_only_with_trigger.py for tasks to queue
[2026-08-21T22:49:14.054+0000] {logging_mixin.py:188} INFO - [2026-08-21T22:49:14.054+0000] {dagbag.py:540} INFO - Filling up the DagBag from /home/airflow/.local/lib/python3.8/site-packages/airflow/example_dags/example_latest_only_with_trigger.py
[2026-08-21T22:49:14.061+0000] {processor.py:840} INFO - DAG(s) 'latest_only_with_trigger' retrieved from /home/airflow/.local/lib/python3.8/site-packages/airflow/example_dags/example_latest_only_with_trigger.py
[2026-08-21T22:49:14.089+0000] {logging_mixin.py:188} INFO - [2026-08-21T22:49:14.089+0000] {dag.py:3047} INFO - Sync 1 DAGs
[2026-08-21T22:49:14.116+0000] {logging_mixin.py:188} INFO - [2026-08-21T22:49:14.115+0000] {dag.py:3834} INFO - Setting next_dagrun for latest_only_with_trigger to 2026-08-21 16:00:00+00:00, run_after=2026-08-21 20:00:00+00:00
[2026-08-21T22:49:14.138+0000] {processor.py:183} INFO - Processing /home/airflow/.local/lib/python3.8/site-packages/airflow/example_dags/example_latest_only_with_trigger.py took 0.091 seconds
[2026-08-21T22:49:44.333+0000] {processor.py:161} INFO - Started process (PID=413) to work on /home/airflow/.local/lib/python3.8/site-packages/airflow/example_dags/example_latest_only_with_trigger.py
[2026-08-21T22:49:44.336+0000] {processor.py:830} INFO - Processing file /home/airflow/.local/lib/python3.8/site-packages/airflow/example_dags/example_latest_only_with_trigger.py for tasks to queue
[2026-08-21T22:49:44.339+0000] {logging_mixin.py:188} INFO - [2026-08-21T22:49:44.339+0000] {dagbag.py:540} INFO - Filling up the DagBag from /home/airflow/.local/lib/python3.8/site-packages/airflow/example_dags/example_latest_only_with_trigger.py
[2026-08-21T22:49:44.347+0000] {processor.py:840} INFO - DAG(s) 'latest_only_with_trigger' retrieved from /home/airflow/.local/lib/python3.8/site-packages/airflow/example_dags/example_latest_only_with_trigger.py
[2026-08-21T22:49:44.378+0000] {logging_mixin.py:188} INFO - [2026-08-21T22:49:44.377+0000] {dag.py:3047} INFO - Sync 1 DAGs
[2026-08-21T22:49:44.426+0000] {logging_mixin.py:188} INFO - [2026-08-21T22:49:44.425+0000] {dag.py:3834} INFO - Setting next_dagrun for latest_only_with_trigger to 2026-08-21 16:00:00+00:00, run_after=2026-08-21 20:00:00+00:00
[2026-08-21T22:49:44.456+0000] {processor.py:183} INFO - Processing /home/airflow/.local/lib/python3.8/site-packages/airflow/example_dags/example_latest_only_with_trigger.py took 0.127 seconds
[2026-08-21T22:50:14.817+0000] {processor.py:161} INFO - Started process (PID=470) to work on /home/airflow/.local/lib/python3.8/site-packages/airflow/example_dags/example_latest_only_with_trigger.py
[2026-08-21T22:50:14.819+0000] {processor.py:830} INFO - Processing file /home/airflow/.local/lib/python3.8/site-packages/airflow/example_dags/example_latest_only_with_trigger.py for tasks to queue
[2026-08-21T22:50:14.821+0000] {logging_mixin.py:188} INFO - [2026-08-21T22:50:14.821+0000] {dagbag.py:540} INFO - Filling up the DagBag from /home/airflow/.local/lib/python3.8/site-packages/airflow/example_dags/example_latest_only_with_trigger.py
[2026-08-21T22:50:14.831+0000] {processor.py:840} INFO - DAG(s) 'latest_only_with_trigger' retrieved from /home/airflow/.local/lib/python3.8/site-packages/airflow/example_dags/example_latest_only_with_trigger.py
[2026-08-21T22:50:14.858+0000] {logging_mixin.py:188} INFO - [2026-08-21T22:50:14.858+0000] {dag.py:3047} INFO - Sync 1 DAGs
[2026-08-21T22:50:14.886+0000] {logging_mixin.py:188} INFO - [2026-08-21T22:50:14.885+0000] {dag.py:3834} INFO - Setting next_dagrun for latest_only_with_trigger to 2026-08-21 16:00:00+00:00, run_after=2026-08-21 20:00:00+00:00
[2026-08-21T22:50:14.910+0000] {processor.py:183} INFO - Processing /home/airflow/.local/lib/python3.8/site-packages/airflow/example_dags/example_latest_only_with_trigger.py took 0.096 seconds
[2026-08-21T22:50:45.032+0000] {processor.py:161} INFO - Started process (PID=527) to work on /home/airflow/.local/lib/python3.8/site-packages/airflow/example_dags/example_latest_only_with_trigger.py
[2026-08-21T22:50:45.034+0000] {processor.py:830} INFO - Processing file /home/airflow/.local/lib/python3.8/site-packages/airflow/example_dags/example_latest_only_with_trigger.py for tasks to queue
[2026-08-21T22:50:45.036+0000] {logging_mixin.py:188} INFO - [2026-08-21T22:50:45.036+0000] {dagbag.py:540} INFO - Filling up the DagBag from /home/airflow/.local/lib/python3.8/site-packages/airflow/example_dags/example_latest_only_with_trigger.py
[2026-08-21T22:50:45.045+0000] {processor.py:840} INFO - DAG(s) 'latest_only_with_trigger' retrieved from /home/airflow/.local/lib/python3.8/site-packages/airflow/example_dags/example_latest_only_with_trigger.py
[2026-08-21T22:50:45.073+0000] {logging_mixin.py:188} INFO - [2026-08-21T22:50:45.073+0000] {dag.py:3047} INFO - Sync 1 DAGs
[2026-08-21T22:50:45.102+0000] {logging_mixin.py:188} INFO - [2026-08-21T22:50:45.102+0000] {dag.py:3834} INFO - Setting next_dagrun for latest_only_with_trigger to 2026-08-21 16:00:00+00:00, run_after=2026-08-21 20:00:00+00:00
[2026-08-21T22:50:45.133+0000] {processor.py:183} INFO - Processing /home/airflow/.local/lib/python3.8/site-packages/airflow/example_dags/example_latest_only_with_trigger.py took 0.105 seconds
[2026-08-21T22:51:15.420+0000] {processor.py:161} INFO - Started process (PID=584) to work on /home/airflow/.local/lib/python3.8/site-packages/airflow/example_dags/example_latest_only_with_trigger.py
[2026-08-21T22:51:15.422+0000] {processor.py:830} INFO - Processing file /home/airflow/.local/lib/python3.8/site-packages/airflow/example_dags/example_latest_only_with_trigger.py for tasks to queue
[2026-08-21T22:51:15.425+0000] {logging_mixin.py:188} INFO - [2026-08-21T22:51:15.425+0000] {dagbag.py:540} INFO - Filling up the DagBag from /home/airflow/.local/lib/python3.8/site-packages/airflow/example_dags/example_latest_only_with_trigger.py
[2026-08-21T22:51:15.433+0000] {processor.py:840} INFO - DAG(s) 'latest_only_with_trigger' retrieved from /home/airflow/.local/lib/python3.8/site-packages/airflow/example_dags/example_latest_only_with_trigger.py
[2026-08-21T22:51:15.459+0000] {logging_mixin.py:188} INFO - [2026-08-21T22:51:15.458+0000] {dag.py:3047} INFO - Sync 1 DAGs
[2026-08-21T22:51:15.486+0000] {logging_mixin.py:188} INFO - [2026-08-21T22:51:15.485+0000] {dag.py:3834} INFO - Setting next_dagrun for latest_only_with_trigger to 2026-08-21 16:00:00+00:00, run_after=2026-08-21 20:00:00+00:00
[2026-08-21T22:51:15.509+0000] {processor.py:183} INFO - Processing /home/airflow/.local/lib/python3.8/site-packages/airflow/example_dags/example_latest_only_with_trigger.py took 0.093 seconds
[2026-08-21T22:51:45.689+0000] {processor.py:161} INFO - Started process (PID=641) to work on /home/airflow/.local/lib/python3.8/site-packages/airflow/example_dags/example_latest_only_with_trigger.py
[2026-08-21T22:51:45.690+0000] {processor.py:830} INFO - Processing file /home/airflow/.local/lib/python3.8/site-packages/airflow/example_dags/example_latest_only_with_trigger.py for tasks to queue
[2026-08-21T22:51:45.693+0000] {logging_mixin.py:188} INFO - [2026-08-21T22:51:45.693+0000] {dagbag.py:540} INFO - Filling up the DagBag from /home/airflow/.local/lib/python3.8/site-packages/airflow/example_dags/example_latest_only_with_trigger.py
[2026-08-21T22:51:45.702+0000] {processor.py:840} INFO - DAG(s) 'latest_only_with_trigger' retrieved from /home/airflow/.local/lib/python3.8/site-packages/airflow/example_dags/example_latest_only_with_trigger.py
[2026-08-21T22:51:45.729+0000] {logging_mixin.py:188} INFO - [2026-08-21T22:51:45.729+0000] {dag.py:3047} INFO - Sync 1 DAGs
[2026-08-21T22:51:45.767+0000] {logging_mixin.py:188} INFO - [2026-08-21T22:51:45.767+0000] {dag.py:3834} INFO - Setting next_dagrun for latest_only_with_trigger to 2026-08-21 16:00:00+00:00, run_after=2026-08-21 20:00:00+00:00
[2026-08-21T22:51:45.792+0000] {processor.py:183} INFO - Processing /home/airflow/.local/lib/python3.8/site-packages/airflow/example_dags/example_latest_only_with_trigger.py took 0.107 seconds
[2026-08-21T22:52:16.123+0000] {processor.py:161} INFO - Started process (PID=698) to work on /home/airflow/.local/lib/python3.8/site-packages/airflow/example_dags/example_latest_only_with_trigger.py
[2026-08-21T22:52:16.125+0000] {processor.py:830} INFO - Processing file /home/airflow/.local/lib/python3.8/site-packages/airflow/example_dags/example_latest_only_with_trigger.py for tasks to queue
[2026-08-21T22:52:16.128+0000] {logging_mixin.py:188} INFO - [2026-08-21T22:52:16.128+0000] {dagbag.py:540} INFO - Filling up the DagBag from /home/airflow/.local/lib/python3.8/site-packages/airflow/example_dags/example_latest_only_with_trigger.py
[2026-08-21T22:52:16.135+0000] {processor.py:840} INFO - DAG(s) 'latest_only_with_trigger' retrieved from /home/airflow/.local/lib/python3.8/site-packages/airflow/example_dags/example_latest_only_with_trigger.py
[2026-08-21T22:52:16.161+0000] {logging_mixin.py:188} INFO - [2026-08-21T22:52:16.161+0000] {dag.py:3047} INFO - Sync 1 DAGs
[2026-08-21T22:52:16.189+0000] {logging_mixin.py:188} INFO - [2026-08-21T22:52:16.188+0000] {dag.py:3834} INFO - Setting next_dagrun for latest_only_with_trigger to 2026-08-21 16:00:00+00:00, run_after=2026-08-21 20:00:00+00:00
[2026-08-21T22:52:16.215+0000] {processor.py:183} INFO - Processing /home/airflow/.local/lib/python3.8/site-packages/airflow/example_dags/example_latest_only_with_trigger.py took 0.095 seconds
[2026-08-21T22:52:47.137+0000] {processor.py:161} INFO - Started process (PID=755) to work on /home/airflow/.local/lib/python3.8/site-packages/airflow/example_dags/example_latest_only_with_trigger.py
[2026-08-21T22:52:47.139+0000] {processor.py:830} INFO - Processing file /home/airflow/.local/lib/python3.8/site-packages/airflow/example_dags/example_latest_only_with_trigger.py for tasks to queue
[2026-08-21T22:52:47.142+0000] {logging_mixin.py:188} INFO - [2026-08-21T22:52:47.141+0000] {dagbag.py:540} INFO - Filling up the DagBag from /home/airflow/.local/lib/python3.8/site-packages/airflow/example_dags/example_latest_only_with_trigger.py
[2026-08-21T22:52:47.151+0000] {processor.py:840} INFO - DAG(s) 'latest_only_with_trigger' retrieved from /home/airflow/.local/lib/python3.8/site-packages/airflow/example_dags/example_latest_only_with_trigger.py
[2026-08-21T22:52:47.189+0000] {logging_mixin.py:188} INFO - [2026-08-21T22:52:47.188+0000] {dag.py:3047} INFO - Sync 1 DAGs
[2026-08-21T22:52:47.226+0000] {logging_mixin.py:188} INFO - [2026-08-21T22:52:47.226+0000] {dag.py:3834} INFO - Setting next_dagrun for latest_only_with_trigger to 2026-08-21 16:00:00+00:00, run_after=2026-08-21 20:00:00+00:00
[2026-08-21T22:52:47.259+0000] {processor.py:183} INFO - Processing /home/airflow/.local/lib/python3.8/site-packages/airflow/example_dags/example_latest_only_with_trigger.py took 0.125 seconds
[2026-08-21T22:53:17.374+0000] {processor.py:161} INFO - Started process (PID=812) to work on /home/airflow/.local/lib/python3.8/site-packages/airflow/example_dags/example_latest_only_with_trigger.py
[2026-08-21T22:53:17.376+0000] {processor.py:830} INFO - Processing file /home/airflow/.local/lib/python3.8/site-packages/airflow/example_dags/example_latest_only_with_trigger.py for tasks to queue
[2026-08-21T22:53:17.380+0000] {logging_mixin.py:188} INFO - [2026-08-21T22:53:17.379+0000] {dagbag.py:540} INFO - Filling up the DagBag from /home/airflow/.local/lib/python3.8/site-packages/airflow/example_dags/example_latest_only_with_trigger.py
[2026-08-21T22:53:17.388+0000] {processor.py:840} INFO - DAG(s) 'latest_only_with_trigger' retrieved from /home/airflow/.local/lib/python3.8/site-packages/airflow/example_dags/example_latest_only_with_trigger.py
[2026-08-21T22:53:17.413+0000] {logging_mixin.py:188} INFO - [2026-08-21T22:53:17.413+0000] {dag.py:3047} INFO - Sync 1 DAGs
[2026-08-21T22:53:17.439+0000] {logging_mixin.py:188} INFO - [2026-08-21T22:53:17.439+0000] {dag.py:3834} INFO - Setting next_dagrun for latest_only_with_trigger to 2026-08-21 16:00:00+00:00, run_after=2026-08-21 20:00:00+00:00
[2026-08-21T22:53:17.462+0000] {processor.py:183} INFO - Processing /home/airflow/.local/lib/python3.8/site-packages/airflow/example_dags/example_latest_only_with_trigger.py took 0.092 seconds
[2026-08-21T22:53:47.523+0000] {processor.py:161} INFO - Started process (PID=869) to work on /home/airflow/.local/lib/python3.8/site-packages/airflow/example_dags/example_latest_only_with_trigger.py
[2026-08-21T22:53:47.525+0000] {processor.py:830} INFO - Processing file /home/airflow/.local/lib/python3.8/site-packages/airflow/example_dags/example_latest_only_with_trigger.py for tasks to queue
[2026-08-21T22:53:47.528+0000] {logging_mixin.py:188} INFO - [2026-08-21T22:53:47.528+0000] {dagbag.py:540} INFO - Filling up the DagBag from /home/airflow/.local/lib/python3.8/site-packages/airflow/example_dags/example_latest_only_with_trigger.py
[2026-08-21T22:53:47.537+0000] {processor.py:840} INFO - DAG(s) 'latest_only_with_trigger' retrieved from /home/airflow/.local/lib/python3.8/site-packages/airflow/example_dags/example_latest_only_with_trigger.py
[2026-08-21T22:53:47.577+0000] {logging_mixin.py:188} INFO - [2026-08-21T22:53:47.577+0000] {dag.py:3047} INFO - Sync 1 DAGs
[2026-08-21T22:53:47.613+0000] {logging_mixin.py:188} INFO - [2026-08-21T22:53:47.613+0000] {dag.py:3834} INFO - Setting next_dagrun for latest_only_with_trigger to 2026-08-21 16:00:00+00:00, run_after=2026-08-21 20:00:00+00:00
[2026-08-21T22:53:47.634+0000] {processor.py:183} INFO - Processing /home/airflow/.local/lib/python3.8/site-packages/airflow/example_dags/example_latest_only_with_trigger.py took 0.118 seconds
[2026-08-21T22:54:17.811+0000] {processor.py:161} INFO - Started process (PID=926) to work on /home/airflow/.local/lib/python3.8/site-packages/airflow/example_dags/example_latest_only_with_trigger.py
[2026-08-21T22:54:17.814+0000] {processor.py:830} INFO - Processing file /home/airflow/.local/lib/python3.8/site-packages/airflow/example_dags/example_latest_only_with_trigger.py for tasks to queue
[2026-08-21T22:54:17.819+0000] {logging_mixin.py:188} INFO - [2026-08-21T22:54:17.818+0000] {dagbag.py:540} INFO - Filling up the DagBag from /home/airflow/.local/lib/python3.8/site-packages/airflow/example_dags/example_latest_only_with_trigger.py
[2026-08-21T22:54:17.837+0000] {processor.py:840} INFO - DAG(s) 'latest_only_with_trigger' retrieved from /home/airflow/.local/lib/python3.8/site-packages/airflow/example_dags/example_latest_only_with_trigger.py
[2026-08-21T22:54:17.878+0000] {logging_mixin.py:188} INFO - [2026-08-21T22:54:17.877+0000] {dag.py:3047} INFO - Sync 1 DAGs
[2026-08-21T22:54:17.918+0000] {logging_mixin.py:188} INFO - [2026-08-21T22:54:17.917+0000] {dag.py:3834} INFO - Setting next_dagrun for latest_only_with_trigger to 2026-08-21 16:00:00+00:00, run_after=2026-08-21 20:00:00+00:00
[2026-08-21T22:54:17.959+0000] {processor.py:183} INFO - Processing /home/airflow/.local/lib/python3.8/site-packages/airflow/example_dags/example_latest_only_with_trigger.py took 0.160 seconds
[2026-08-21T22:54:48.662+0000] {processor.py:161} INFO - Started process (PID=983) to work on /home/airflow/.local/lib/python3.8/site-packages/airflow/example_dags/example_latest_only_with_trigger.py
[2026-08-21T22:54:48.663+0000] {processor.py:830} INFO - Processing file /home/airflow/.local/lib/python3.8/site-packages/airflow/example_dags/example_latest_only_with_trigger.py for tasks to queue
[2026-08-21T22:54:48.666+0000] {logging_mixin.py:188} INFO - [2026-08-21T22:54:48.665+0000] {dagbag.py:540} INFO - Filling up the DagBag from /home/airflow/.local/lib/python3.8/site-packages/airflow/example_dags/example_latest_only_with_trigger.py
[2026-08-21T22:54:48.674+0000] {processor.py:840} INFO - DAG(s) 'latest_only_with_trigger' retrieved from /home/airflow/.local/lib/python3.8/site-packages/airflow/example_dags/example_latest_only_with_trigger.py
[2026-08-21T22:54:48.707+0000] {logging_mixin.py:188} INFO - [2026-08-21T22:54:48.707+0000] {dag.py:3047} INFO - Sync 1 DAGs
[2026-08-21T22:54:48.735+0000] {logging_mixin.py:188} INFO - [2026-08-21T22:54:48.734+0000] {dag.py:3834} INFO - Setting next_dagrun for latest_only_with_trigger to 2026-08-21 16:00:00+00:00, run_after=2026-08-21 20:00:00+00:00
[2026-08-21T22:54:48.756+0000] {processor.py:183} INFO - Processing /home/airflow/.local/lib/python3.8/site-packages/airflow/example_dags/example_latest_only_with_trigger.py took 0.098 seconds
[2026-08-21T22:55:19.075+0000] {processor.py:161} INFO - Started process (PID=1040) to work on /home/airflow/.local/lib/python3.8/site-packages/airflow/example_dags/example_latest_only_with_trigger.py
[2026-08-21T22:55:19.076+0000] {processor.py:830} INFO - Processing file /home/airflow/.local/lib/python3.8/site-packages/airflow/example_dags/example_latest_only_with_trigger.py for tasks to queue
[2026-08-21T22:55:19.079+0000] {logging_mixin.py:188} INFO - [2026-08-21T22:55:19.079+0000] {dagbag.py:540} INFO - Filling up the DagBag from /home/airflow/.local/lib/python3.8/site-packages/airflow/example_dags/example_latest_only_with_trigger.py
[2026-08-21T22:55:19.088+0000] {processor.py:840} INFO - DAG(s) 'latest_only_with_trigger' retrieved from /home/airflow/.local/lib/python3.8/site-packages/airflow/example_dags/example_latest_only_with_trigger.py
[2026-08-21T22:55:19.112+0000] {logging_mixin.py:188} INFO - [2026-08-21T22:55:19.112+0000] {dag.py:3047} INFO - Sync 1 DAGs
[2026-08-21T22:55:19.137+0000] {logging_mixin.py:188} INFO - [2026-08-21T22:55:19.137+0000] {dag.py:3834} INFO - Setting next_dagrun for latest_only_with_trigger to 2026-08-21 16:00:00+00:00, run_after=2026-08-21 20:00:00+00:00
[2026-08-21T22:55:19.158+0000] {processor.py:183} INFO - Processing /home/airflow/.local/lib/python3.8/site-packages/airflow/example_dags/example_latest_only_with_trigger.py took 0.087 seconds
[2026-08-21T22:55:49.363+0000] {processor.py:161} INFO - Started process (PID=1097) to work on /home/airflow/.local/lib/python3.8/site-packages/airflow/example_dags/example_latest_only_with_trigger.py
[2026-08-21T22:55:49.365+0000] {processor.py:830} INFO - Processing file /home/airflow/.local/lib/python3.8/site-packages/airflow/example_dags/example_latest_only_with_trigger.py for tasks to queue
[2026-08-21T22:55:49.368+0000] {logging_mixin.py:188} INFO - [2026-08-21T22:55:49.367+0000] {dagbag.py:540} INFO - Filling up the DagBag from /home/airflow/.local/lib/python3.8/site-packages/airflow/example_dags/example_latest_only_with_trigger.py
[2026-08-21T22:55:49.376+0000] {processor.py:840} INFO - DAG(s) 'latest_only_with_trigger' retrieved from /home/airflow/.local/lib/python3.8/site-packages/airflow/example_dags/example_latest_only_with_trigger.py
[2026-08-21T22:55:49.407+0000] {logging_mixin.py:188} INFO - [2026-08-21T22:55:49.406+0000] {dag.py:3047} INFO - Sync 1 DAGs
[2026-08-21T22:55:49.439+0000] {logging_mixin.py:188} INFO - [2026-08-21T22:55:49.439+0000] {dag.py:3834} INFO - Setting next_dagrun for latest_only_with_trigger to 2026-08-21 16:00:00+00:00, run_after=2026-08-21 20:00:00+00:00
[2026-08-21T22:55:49.462+0000] {processor.py:183} INFO - Processing /home/airflow/.local/lib/python3.8/site-packages/airflow/example_dags/example_latest_only_with_trigger.py took 0.105 seconds
[2026-08-21T22:56:20.350+0000] {processor.py:161} INFO - Started process (PID=1154) to work on /home/airflow/.local/lib/python3.8/site-packages/airflow/example_dags/example_latest_only_with_trigger.py
[2026-08-21T22:56:20.352+0000] {processor.py:830} INFO - Processing file /home/airflow/.local/lib/python3.8/site-packages/airflow/example_dags/example_latest_only_with_trigger.py for tasks to queue
[2026-08-21T22:56:20.355+0000] {logging_mixin.py:188} INFO - [2026-08-21T22:56:20.355+0000] {dagbag.py:540} INFO - Filling up the DagBag from /home/airflow/.local/lib/python3.8/site-packages/airflow/example_dags/example_latest_only_with_trigger.py
[2026-08-21T22:56:20.364+0000] {processor.py:840} INFO - DAG(s) 'latest_only_with_trigger' retrieved from /home/airflow/.local/lib/python3.8/site-packages/airflow/example_dags/example_latest_only_with_trigger.py
[2026-08-21T22:56:20.393+0000] {logging_mixin.py:188} INFO - [2026-08-21T22:56:20.392+0000] {dag.py:3047} INFO - Sync 1 DAGs
[2026-08-21T22:56:20.420+0000] {logging_mixin.py:188} INFO - [2026-08-21T22:56:20.420+0000] {dag.py:3834} INFO - Setting next_dagrun for latest_only_with_trigger to 2026-08-21 16:00:00+00:00, run_after=2026-08-21 20:00:00+00:00
[2026-08-21T22:56:20.445+0000] {processor.py:183} INFO - Processing /home/airflow/.local/lib/python3.8/site-packages/airflow/example_dags/example_latest_only_with_trigger.py took 0.099 seconds
[2026-08-21T22:56:50.871+0000] {processor.py:161} INFO - Started process (PID=1211) to work on /home/airflow/.local/lib/python3.8/site-packages/airflow/example_dags/example_latest_only_with_trigger.py
[2026-08-21T22:56:50.873+0000] {processor.py:830} INFO - Processing file /home/airflow/.local/lib/python3.8/site-packages/airflow/example_dags/example_latest_only_with_trigger.py for tasks to queue
[2026-08-21T22:56:50.877+0000] {logging_mixin.py:188} INFO - [2026-08-21T22:56:50.876+0000] {dagbag.py:540} INFO - Filling up the DagBag from /home/airflow/.local/lib/python3.8/site-packages/airflow/example_dags/example_latest_only_with_trigger.py
[2026-08-21T22:56:50.883+0000] {processor.py:840} INFO - DAG(s) 'latest_only_with_trigger' retrieved from /home/airflow/.local/lib/python3.8/site-packages/airflow/example_dags/example_latest_only_with_trigger.py
[2026-08-21T22:56:50.911+0000] {logging_mixin.py:188} INFO - [2026-08-21T22:56:50.910+0000] {dag.py:3047} INFO - Sync 1 DAGs
[2026-08-21T22:56:50.938+0000] {logging_mixin.py:188} INFO - [2026-08-21T22:56:50.937+0000] {dag.py:3834} INFO - Setting next_dagrun for latest_only_with_trigger to 2026-08-21 16:00:00+00:00, run_after=2026-08-21 20:00:00+00:00
[2026-08-21T22:56:50.959+0000] {processor.py:183} INFO - Processing /home/airflow/.local/lib/python3.8/site-packages/airflow/example_dags/example_latest_only_with_trigger.py took 0.092 seconds
[2026-08-21T22:57:21.604+0000] {processor.py:161} INFO - Started process (PID=1268) to work on /home/airflow/.local/lib/python3.8/site-packages/airflow/example_dags/example_latest_only_with_trigger.py
[2026-08-21T22:57:21.606+0000] {processor.py:830} INFO - Processing file /home/airflow/.local/lib/python3.8/site-packages/airflow/example_dags/example_latest_only_with_trigger.py for tasks to queue
[2026-08-21T22:57:21.610+0000] {logging_mixin.py:188} INFO - [2026-08-21T22:57:21.609+0000] {dagbag.py:540} INFO - Filling up the DagBag from /home/airflow/.local/lib/python3.8/site-packages/airflow/example_dags/example_latest_only_with_trigger.py
[2026-08-21T22:57:21.616+0000] {processor.py:840} INFO - DAG(s) 'latest_only_with_trigger' retrieved from /home/airflow/.local/lib/python3.8/site-packages/airflow/example_dags/example_latest_only_with_trigger.py
[2026-08-21T22:57:21.641+0000] {logging_mixin.py:188} INFO - [2026-08-21T22:57:21.640+0000] {dag.py:3047} INFO - Sync 1 DAGs
[2026-08-21T22:57:21.665+0000] {logging_mixin.py:188} INFO - [2026-08-21T22:57:21.665+0000] {dag.py:3834} INFO - Setting next_dagrun for latest_only_with_trigger to 2026-08-21 16:00:00+00:00, run_after=2026-08-21 20:00:00+00:00
[2026-08-21T22:57:21.684+0000] {processor.py:183} INFO - Processing /home/airflow/.local/lib/python3.8/site-packages/airflow/example_dags/example_latest_only_with_trigger.py took 0.084 seconds
[2026-08-21T22:57:52.134+0000] {processor.py:161} INFO - Started process (PID=1325) to work on /home/airflow/.local/lib/python3.8/site-packages/airflow/example_dags/example_latest_only_with_trigger.py
[2026-08-21T22:57:52.136+0000] {processor.py:830} INFO - Processing file /home/airflow/.local/lib/python3.8/site-packages/airflow/example_dags/example_latest_only_with_trigger.py for tasks to queue
[2026-08-21T22:57:52.139+0000] {logging_mixin.py:188} INFO - [2026-08-21T22:57:52.139+0000] {dagbag.py:540} INFO - Filling up the DagBag from /home/airflow/.local/lib/python3.8/site-packages/airflow/example_dags/example_latest_only_with_trigger.py
[2026-08-21T22:57:52.146+0000] {processor.py:840} INFO - DAG(s) 'latest_only_with_trigger' retrieved from /home/airflow/.local/lib/python3.8/site-packages/airflow/example_dags/example_latest_only_with_trigger.py
[2026-08-21T22:57:52.170+0000] {logging_mixin.py:188} INFO - [2026-08-21T22:57:52.169+0000] {dag.py:3047} INFO - Sync 1 DAGs
[2026-08-21T22:57:52.193+0000] {logging_mixin.py:188} INFO - [2026-08-21T22:57:52.193+0000] {dag.py:3834} INFO - Setting next_dagrun for latest_only_with_trigger to 2026-08-21 16:00:00+00:00, run_after=2026-08-21 20:00:00+00:00
[2026-08-21T22:57:52.213+0000] {processor.py:183} INFO - Processing /home/airflow/.local/lib/python3.8/site-packages/airflow/example_dags/example_latest_only_with_trigger.py took 0.083 seconds
[2026-08-21T22:58:22.553+0000] {processor.py:161} INFO - Started process (PID=1382) to work on /home/airflow/.local/lib/python3.8/site-packages/airflow/example_dags/example_latest_only_with_trigger.py
[2026-08-21T22:58:22.555+0000] {processor.py:830} INFO - Processing file /home/airflow/.local/lib/python3.8/site-packages/airflow/example_dags/example_latest_only_with_trigger.py for tasks to queue
[2026-08-21T22:58:22.558+0000] {logging_mixin.py:188} INFO - [2026-08-21T22:58:22.557+0000] {dagbag.py:540} INFO - Filling up the DagBag from /home/airflow/.local/lib/python3.8/site-packages/airflow/example_dags/example_latest_only_with_trigger.py
[2026-08-21T22:58:22.565+0000] {processor.py:840} INFO - DAG(s) 'latest_only_with_trigger' retrieved from /home/airflow/.local/lib/python3.8/site-packages/airflow/example_dags/example_latest_only_with_trigger.py
[2026-08-21T22:58:22.593+0000] {logging_mixin.py:188} INFO - [2026-08-21T22:58:22.593+0000] {dag.py:3047} INFO - Sync 1 DAGs
[2026-08-21T22:58:22.620+0000] {logging_mixin.py:188} INFO - [2026-08-21T22:58:22.620+0000] {dag.py:3834} INFO - Setting next_dagrun for latest_only_with_trigger to 2026-08-21 16:00:00+00:00, run_after=2026-08-21 20:00:00+00:00
[2026-08-21T22:58:22.644+0000] {processor.py:183} INFO - Processing /home/airflow/.local/lib/python3.8/site-packages/airflow/example_dags/example_latest_only_with_trigger.py took 0.096 seconds
[2026-08-21T22:58:53.012+0000] {processor.py:161} INFO - Started process (PID=1439) to work on /home/airflow/.local/lib/python3.8/site-packages/airflow/example_dags/example_latest_only_with_trigger.py
[2026-08-21T22:58:53.014+0000] {processor.py:830} INFO - Processing file /home/airflow/.local/lib/python3.8/site-packages/airflow/example_dags/example_latest_only_with_trigger.py for tasks to queue
[2026-08-21T22:58:53.018+0000] {logging_mixin.py:188} INFO - [2026-08-21T22:58:53.017+0000] {dagbag.py:540} INFO - Filling up the DagBag from /home/airflow/.local/lib/python3.8/site-packages/airflow/example_dags/example_latest_only_with_trigger.py
[2026-08-21T22:58:53.027+0000] {processor.py:840} INFO - DAG(s) 'latest_only_with_trigger' retrieved from /home/airflow/.local/lib/python3.8/site-packages/airflow/example_dags/example_latest_only_with_trigger.py
[2026-08-21T22:58:53.058+0000] {logging_mixin.py:188} INFO - [2026-08-21T22:58:53.057+0000] {dag.py:3047} INFO - Sync 1 DAGs
[2026-08-21T22:58:53.081+0000] {logging_mixin.py:188} INFO - [2026-08-21T22:58:53.081+0000] {dag.py:3834} INFO - Setting next_dagrun for latest_only_with_trigger to 2026-08-21 16:00:00+00:00, run_after=2026-08-21 20:00:00+00:00
[2026-08-21T22:58:53.101+0000] {processor.py:183} INFO - Processing /home/airflow/.local/lib/python3.8/site-packages/airflow/example_dags/example_latest_only_with_trigger.py took 0.093 seconds
[2026-08-21T22:59:23.504+0000] {processor.py:161} INFO - Started process (PID=1496) to work on /home/airflow/.local/lib/python3.8/site-packages/airflow/example_dags/example_latest_only_with_trigger.py
[2026-08-21T22:59:23.506+0000] {processor.py:830} INFO - Processing file /home/airflow/.local/lib/python3.8/site-packages/airflow/example_dags/example_latest_only_with_trigger.py for tasks to queue
[2026-08-21T22:59:23.509+0000] {logging_mixin.py:188} INFO - [2026-08-21T22:59:23.508+0000] {dagbag.py:540} INFO - Filling up the DagBag from /home/airflow/.local/lib/python3.8/site-packages/airflow/example_dags/example_latest_only_with_trigger.py
[2026-08-21T22:59:23.516+0000] {processor.py:840} INFO - DAG(s) 'latest_only_with_trigger' retrieved from /home/airflow/.local/lib/python3.8/site-packages/airflow/example_dags/example_latest_only_with_trigger.py
[2026-08-21T22:59:23.549+0000] {logging_mixin.py:188} INFO - [2026-08-21T22:59:23.549+0000] {dag.py:3047} INFO - Sync 1 DAGs
[2026-08-21T22:59:23.576+0000] {logging_mixin.py:188} INFO - [2026-08-21T22:59:23.576+0000] {dag.py:3834} INFO - Setting next_dagrun for latest_only_with_trigger to 2026-08-21 16:00:00+00:00, run_after=2026-08-21 20:00:00+00:00
[2026-08-21T22:59:23.601+0000] {processor.py:183} INFO - Processing /home/airflow/.local/lib/python3.8/site-packages/airflow/example_dags/example_latest_only_with_trigger.py took 0.101 seconds
[2026-08-21T22:59:53.945+0000] {processor.py:161} INFO - Started process (PID=1553) to work on /home/airflow/.local/lib/python3.8/site-packages/airflow/example_dags/example_latest_only_with_trigger.py
[2026-08-21T22:59:53.947+0000] {processor.py:830} INFO - Processing file /home/airflow/.local/lib/python3.8/site-packages/airflow/example_dags/example_latest_only_with_trigger.py for tasks to queue
[2026-08-21T22:59:53.953+0000] {logging_mixin.py:188} INFO - [2026-08-21T22:59:53.953+0000] {dagbag.py:540} INFO - Filling up the DagBag from /home/airflow/.local/lib/python3.8/site-packages/airflow/example_dags/example_latest_only_with_trigger.py
[2026-08-21T22:59:53.963+0000] {processor.py:840} INFO - DAG(s) 'latest_only_with_trigger' retrieved from /home/airflow/.local/lib/python3.8/site-packages/airflow/example_dags/example_latest_only_with_trigger.py
[2026-08-21T22:59:53.984+0000] {logging_mixin.py:188} INFO - [2026-08-21T22:59:53.984+0000] {dag.py:3047} INFO - Sync 1 DAGs
[2026-08-21T22:59:54.007+0000] {logging_mixin.py:188} INFO - [2026-08-21T22:59:54.007+0000] {dag.py:3834} INFO - Setting next_dagrun for latest_only_with_trigger to 2026-08-21 16:00:00+00:00, run_after=2026-08-21 20:00:00+00:00
[2026-08-21T22:59:54.024+0000] {processor.py:183} INFO - Processing /home/airflow/.local/lib/python3.8/site-packages/airflow/example_dags/example_latest_only_with_trigger.py took 0.083 seconds
[2026-08-21T23:00:24.282+0000] {processor.py:161} INFO - Started process (PID=1610) to work on /home/airflow/.local/lib/python3.8/site-packages/airflow/example_dags/example_latest_only_with_trigger.py
[2026-08-21T23:00:24.283+0000] {processor.py:830} INFO - Processing file /home/airflow/.local/lib/python3.8/site-packages/airflow/example_dags/example_latest_only_with_trigger.py for tasks to queue
[2026-08-21T23:00:24.287+0000] {logging_mixin.py:188} INFO - [2026-08-21T23:00:24.286+0000] {dagbag.py:540} INFO - Filling up the DagBag from /home/airflow/.local/lib/python3.8/site-packages/airflow/example_dags/example_latest_only_with_trigger.py
[2026-08-21T23:00:24.297+0000] {processor.py:840} INFO - DAG(s) 'latest_only_with_trigger' retrieved from /home/airflow/.local/lib/python3.8/site-packages/airflow/example_dags/example_latest_only_with_trigger.py
[2026-08-21T23:00:24.325+0000] {logging_mixin.py:188} INFO - [2026-08-21T23:00:24.324+0000] {dag.py:3047} INFO - Sync 1 DAGs
[2026-08-21T23:00:24.354+0000] {logging_mixin.py:188} INFO - [2026-08-21T23:00:24.354+0000] {dag.py:3834} INFO - Setting next_dagrun for latest_only_with_trigger to 2026-08-21 16:00:00+00:00, run_after=2026-08-21 20:00:00+00:00
[2026-08-21T23:00:24.379+0000] {processor.py:183} INFO - Processing /home/airflow/.local/lib/python3.8/site-packages/airflow/example_dags/example_latest_only_with_trigger.py took 0.103 seconds
[2026-08-21T23:00:55.297+0000] {processor.py:161} INFO - Started process (PID=1667) to work on /home/airflow/.local/lib/python3.8/site-packages/airflow/example_dags/example_latest_only_with_trigger.py
[2026-08-21T23:00:55.299+0000] {processor.py:830} INFO - Processing file /home/airflow/.local/lib/python3.8/site-packages/airflow/example_dags/example_latest_only_with_trigger.py for tasks to queue
[2026-08-21T23:00:55.301+0000] {logging_mixin.py:188} INFO - [2026-08-21T23:00:55.301+0000] {dagbag.py:540} INFO - Filling up the DagBag from /home/airflow/.local/lib/python3.8/site-packages/airflow/example_dags/example_latest_only_with_trigger.py
[2026-08-21T23:00:55.307+0000] {processor.py:840} INFO - DAG(s) 'latest_only_with_trigger' retrieved from /home/airflow/.local/lib/python3.8/site-packages/airflow/example_dags/example_latest_only_with_trigger.py
[2026-08-21T23:00:55.332+0000] {logging_mixin.py:188} INFO - [2026-08-21T23:00:55.332+0000] {dag.py:3047} INFO - Sync 1 DAGs
[2026-08-21T23:00:55.353+0000] {logging_mixin.py:188} INFO - [2026-08-21T23:00:55.353+0000] {dag.py:3834} INFO - Setting next_dagrun for latest_only_with_trigger to 2026-08-21 16:00:00+00:00, run_after=2026-08-21 20:00:00+00:00
[2026-08-21T23:00:55.374+0000] {processor.py:183} INFO - Processing /home/airflow/.local/lib/python3.8/site-packages/airflow/example_dags/example_latest_only_with_trigger.py took 0.080 seconds
[2026-08-21T23:01:26.136+0000] {processor.py:161} INFO - Started process (PID=1724) to work on /home/airflow/.local/lib/python3.8/site-packages/airflow/example_dags/example_latest_only_with_trigger.py
[2026-08-21T23:01:26.137+0000] {processor.py:830} INFO - Processing file /home/airflow/.local/lib/python3.8/site-packages/airflow/example_dags/example_latest_only_with_trigger.py for tasks to queue
[2026-08-21T23:01:26.140+0000] {logging_mixin.py:188} INFO - [2026-08-21T23:01:26.140+0000] {dagbag.py:540} INFO - Filling up the DagBag from /home/airflow/.local/lib/python3.8/site-packages/airflow/example_dags/example_latest_only_with_trigger.py
[2026-08-21T23:01:26.147+0000] {processor.py:840} INFO - DAG(s) 'latest_only_with_trigger' retrieved from /home/airflow/.local/lib/python3.8/site-packages/airflow/example_dags/example_latest_only_with_trigger.py
[2026-08-21T23:01:26.173+0000] {logging_mixin.py:188} INFO - [2026-08-21T23:01:26.173+0000] {dag.py:3047} INFO - Sync 1 DAGs
[2026-08-21T23:01:26.198+0000] {logging_mixin.py:188} INFO - [2026-08-21T23:01:26.198+0000] {dag.py:3834} INFO - Setting next_dagrun for latest_only_with_trigger to 2026-08-21 16:00:00+00:00, run_after=2026-08-21 20:00:00+00:00
[2026-08-21T23:01:26.225+0000] {processor.py:183} INFO - Processing /home/airflow/.local/lib/python3.8/site-packages/airflow/example_dags/example_latest_only_with_trigger.py took 0.092 seconds
[2026-08-21T23:01:56.664+0000] {processor.py:161} INFO - Started process (PID=1781) to work on /home/airflow/.local/lib/python3.8/site-packages/airflow/example_dags/example_latest_only_with_trigger.py
[2026-08-21T23:01:56.666+0000] {processor.py:830} INFO - Processing file /home/airflow/.local/lib/python3.8/site-packages/airflow/example_dags/example_latest_only_with_trigger.py for tasks to queue
[2026-08-21T23:01:56.670+0000] {logging_mixin.py:188} INFO - [2026-08-21T23:01:56.668+0000] {dagbag.py:540} INFO - Filling up the DagBag from /home/airflow/.local/lib/python3.8/site-packages/airflow/example_dags/example_latest_only_with_trigger.py
[2026-08-21T23:01:56.677+0000] {processor.py:840} INFO - DAG(s) 'latest_only_with_trigger' retrieved from /home/airflow/.local/lib/python3.8/site-packages/airflow/example_dags/example_latest_only_with_trigger.py
[2026-08-21T23:01:56.717+0000] {logging_mixin.py:188} INFO - [2026-08-21T23:01:56.717+0000] {dag.py:3047} INFO - Sync 1 DAGs
[2026-08-21T23:01:56.748+0000] {logging_mixin.py:188} INFO - [2026-08-21T23:01:56.748+0000] {dag.py:3834} INFO - Setting next_dagrun for latest_only_with_trigger to 2026-08-21 16:00:00+00:00, run_after=2026-08-21 20:00:00+00:00
[2026-08-21T23:01:56.782+0000] {processor.py:183} INFO - Processing /home/airflow/.local/lib/python3.8/site-packages/airflow/example_dags/example_latest_only_with_trigger.py took 0.122 seconds
[2026-08-21T23:02:26.914+0000] {processor.py:161} INFO - Started process (PID=1838) to work on /home/airflow/.local/lib/python3.8/site-packages/airflow/example_dags/example_latest_only_with_trigger.py
[2026-08-21T23:02:26.916+0000] {processor.py:830} INFO - Processing file /home/airflow/.local/lib/python3.8/site-packages/airflow/example_dags/example_latest_only_with_trigger.py for tasks to queue
[2026-08-21T23:02:26.920+0000] {logging_mixin.py:188} INFO - [2026-08-21T23:02:26.920+0000] {dagbag.py:540} INFO - Filling up the DagBag from /home/airflow/.local/lib/python3.8/site-packages/airflow/example_dags/example_latest_only_with_trigger.py
[2026-08-21T23:02:26.930+0000] {processor.py:840} INFO - DAG(s) 'latest_only_with_trigger' retrieved from /home/airflow/.local/lib/python3.8/site-packages/airflow/example_dags/example_latest_only_with_trigger.py
[2026-08-21T23:02:26.958+0000] {logging_mixin.py:188} INFO - [2026-08-21T23:02:26.958+0000] {dag.py:3047} INFO - Sync 1 DAGs
[2026-08-21T23:02:26.987+0000] {logging_mixin.py:188} INFO - [2026-08-21T23:02:26.987+0000] {dag.py:3834} INFO - Setting next_dagrun for latest_only_with_trigger to 2026-08-21 16:00:00+00:00, run_after=2026-08-21 20:00:00+00:00
[2026-08-21T23:02:27.009+0000] {processor.py:183} INFO - Processing /home/airflow/.local/lib/python3.8/site-packages/airflow/example_dags/example_latest_only_with_trigger.py took 0.100 seconds
[2026-08-21T23:02:57.385+0000] {processor.py:161} INFO - Started process (PID=1895) to work on /home/airflow/.local/lib/python3.8/site-packages/airflow/example_dags/example_latest_only_with_trigger.py
[2026-08-21T23:02:57.387+0000] {processor.py:830} INFO - Processing file /home/airflow/.local/lib/python3.8/site-packages/airflow/example_dags/example_latest_only_with_trigger.py for tasks to queue
[2026-08-21T23:02:57.390+0000] {logging_mixin.py:188} INFO - [2026-08-21T23:02:57.389+0000] {dagbag.py:540} INFO - Filling up the DagBag from /home/airflow/.local/lib/python3.8/site-packages/airflow/example_dags/example_latest_only_with_trigger.py
[2026-08-21T23:02:57.398+0000] {processor.py:840} INFO - DAG(s) 'latest_only_with_trigger' retrieved from /home/airflow/.local/lib/python3.8/site-packages/airflow/example_dags/example_latest_only_with_trigger.py
[2026-08-21T23:02:57.426+0000] {logging_mixin.py:188} INFO - [2026-08-21T23:02:57.426+0000] {dag.py:3047} INFO - Sync 1 DAGs
[2026-08-21T23:02:57.453+0000] {logging_mixin.py:188} INFO - [2026-08-21T23:02:57.453+0000] {dag.py:3834} INFO - Setting next_dagrun for latest_only_with_trigger to 2026-08-21 16:00:00+00:00, run_after=2026-08-21 20:00:00+00:00
[2026-08-21T23:02:57.478+0000] {processor.py:183} INFO - Processing /home/airflow/.local/lib/python3.8/site-packages/airflow/example_dags/example_latest_only_with_trigger.py took 0.099 seconds
[2026-08-21T23:03:27.888+0000] {processor.py:161} INFO - Started process (PID=1952) to work on /home/airflow/.local/lib/python3.8/site-packages/airflow/example_dags/example_latest_only_with_trigger.py
[2026-08-21T23:03:27.889+0000] {processor.py:830} INFO - Processing file /home/airflow/.local/lib/python3.8/site-packages/airflow/example_dags/example_latest_only_with_trigger.py for tasks to queue
[2026-08-21T23:03:27.893+0000] {logging_mixin.py:188} INFO - [2026-08-21T23:03:27.892+0000] {dagbag.py:540} INFO - Filling up the DagBag from /home/airflow/.local/lib/python3.8/site-packages/airflow/example_dags/example_latest_only_with_trigger.py
[2026-08-21T23:03:27.900+0000] {processor.py:840} INFO - DAG(s) 'latest_only_with_trigger' retrieved from /home/airflow/.local/lib/python3.8/site-packages/airflow/example_dags/example_latest_only_with_trigger.py
[2026-08-21T23:03:27.950+0000] {logging_mixin.py:188} INFO - [2026-08-21T23:03:27.950+0000] {dag.py:3047} INFO - Sync 1 DAGs
[2026-08-21T23:03:28.003+0000] {logging_mixin.py:188} INFO - [2026-08-21T23:03:28.003+0000] {dag.py:3834} INFO - Setting next_dagrun for latest_only_with_trigger to 2026-08-21 16:00:00+00:00, run_after=2026-08-21 20:00:00+00:00
[2026-08-21T23:03:28.033+0000] {processor.py:183} INFO - Processing /home/airflow/.local/lib/python3.8/site-packages/airflow/example_dags/example_latest_only_with_trigger.py took 0.149 seconds
[2026-08-21T23:03:58.433+0000] {processor.py:161} INFO - Started process (PID=2009) to work on /home/airflow/.local/lib/python3.8/site-packages/airflow/example_dags/example_latest_only_with_trigger.py
[2026-08-21T23:03:58.435+0000] {processor.py:830} INFO - Processing file /home/airflow/.local/lib/python3.8/site-packages/airflow/example_dags/example_latest_only_with_trigger.py for tasks to queue
[2026-08-21T23:03:58.438+0000] {logging_mixin.py:188} INFO - [2026-08-21T23:03:58.438+0000] {dagbag.py:540} INFO - Filling up the DagBag from /home/airflow/.local/lib/python3.8/site-packages/airflow/example_dags/example_latest_only_with_trigger.py
[2026-08-21T23:03:58.446+0000] {processor.py:840} INFO - DAG(s) 'latest_only_with_trigger' retrieved from /home/airflow/.local/lib/python3.8/site-packages/airflow/example_dags/example_latest_only_with_trigger.py
[2026-08-21T23:03:58.476+0000] {logging_mixin.py:188} INFO - [2026-08-21T23:03:58.475+0000] {dag.py:3047} INFO - Sync 1 DAGs
[2026-08-21T23:03:58.503+0000] {logging_mixin.py:188} INFO - [2026-08-21T23:03:58.503+0000] {dag.py:3834} INFO - Setting next_dagrun for latest_only_with_trigger to 2026-08-21 16:00:00+00:00, run_after=2026-08-21 20:00:00+00:00
[2026-08-21T23:03:58.529+0000] {processor.py:183} INFO - Processing /home/airflow/.local/lib/python3.8/site-packages/airflow/example_dags/example_latest_only_with_trigger.py took 0.100 seconds
[2026-08-21T23:04:28.984+0000] {processor.py:161} INFO - Started process (PID=2066) to work on /home/airflow/.local/lib/python3.8/site-packages/airflow/example_dags/example_latest_only_with_trigger.py
[2026-08-21T23:04:28.986+0000] {processor.py:830} INFO - Processing file /home/airflow/.local/lib/python3.8/site-packages/airflow/example_dags/example_latest_only_with_trigger.py for tasks to queue
[2026-08-21T23:04:28.990+0000] {logging_mixin.py:188} INFO - [2026-08-21T23:04:28.989+0000] {dagbag.py:540} INFO - Filling up the DagBag from /home/airflow/.local/lib/python3.8/site-packages/airflow/example_dags/example_latest_only_with_trigger.py
[2026-08-21T23:04:29.001+0000] {processor.py:840} INFO - DAG(s) 'latest_only_with_trigger' retrieved from /home/airflow/.local/lib/python3.8/site-packages/airflow/example_dags/example_latest_only_with_trigger.py
[2026-08-21T23:04:29.052+0000] {logging_mixin.py:188} INFO - [2026-08-21T23:04:29.051+0000] {dag.py:3047} INFO - Sync 1 DAGs
[2026-08-21T23:04:29.087+0000] {logging_mixin.py:188} INFO - [2026-08-21T23:04:29.087+0000] {dag.py:3834} INFO - Setting next_dagrun for latest_only_with_trigger to 2026-08-21 16:00:00+00:00, run_after=2026-08-21 20:00:00+00:00
[2026-08-21T23:04:29.122+0000] {processor.py:183} INFO - Processing /home/airflow/.local/lib/python3.8/site-packages/airflow/example_dags/example_latest_only_with_trigger.py took 0.142 seconds
[2026-08-21T23:04:59.573+0000] {processor.py:161} INFO - Started process (PID=2123) to work on /home/airflow/.local/lib/python3.8/site-packages/airflow/example_dags/example_latest_only_with_trigger.py
[2026-08-21T23:04:59.576+0000] {processor.py:830} INFO - Processing file /home/airflow/.local/lib/python3.8/site-packages/airflow/example_dags/example_latest_only_with_trigger.py for tasks to queue
[2026-08-21T23:04:59.580+0000] {logging_mixin.py:188} INFO - [2026-08-21T23:04:59.579+0000] {dagbag.py:540} INFO - Filling up the DagBag from /home/airflow/.local/lib/python3.8/site-packages/airflow/example_dags/example_latest_only_with_trigger.py
[2026-08-21T23:04:59.587+0000] {processor.py:840} INFO - DAG(s) 'latest_only_with_trigger' retrieved from /home/airflow/.local/lib/python3.8/site-packages/airflow/example_dags/example_latest_only_with_trigger.py
[2026-08-21T23:04:59.626+0000] {logging_mixin.py:188} INFO - [2026-08-21T23:04:59.626+0000] {dag.py:3047} INFO - Sync 1 DAGs
[2026-08-21T23:04:59.656+0000] {logging_mixin.py:188} INFO - [2026-08-21T23:04:59.656+0000] {dag.py:3834} INFO - Setting next_dagrun for latest_only_with_trigger to 2026-08-21 16:00:00+00:00, run_after=2026-08-21 20:00:00+00:00
[2026-08-21T23:04:59.686+0000] {processor.py:183} INFO - Processing /home/airflow/.local/lib/python3.8/site-packages/airflow/example_dags/example_latest_only_with_trigger.py took 0.121 seconds
[2026-08-21T23:05:29.811+0000] {processor.py:161} INFO - Started process (PID=2180) to work on /home/airflow/.local/lib/python3.8/site-packages/airflow/example_dags/example_latest_only_with_trigger.py
[2026-08-21T23:05:29.813+0000] {processor.py:830} INFO - Processing file /home/airflow/.local/lib/python3.8/site-packages/airflow/example_dags/example_latest_only_with_trigger.py for tasks to queue
[2026-08-21T23:05:29.816+0000] {logging_mixin.py:188} INFO - [2026-08-21T23:05:29.816+0000] {dagbag.py:540} INFO - Filling up the DagBag from /home/airflow/.local/lib/python3.8/site-packages/airflow/example_dags/example_latest_only_with_trigger.py
[2026-08-21T23:05:29.824+0000] {processor.py:840} INFO - DAG(s) 'latest_only_with_trigger' retrieved from /home/airflow/.local/lib/python3.8/site-packages/airflow/example_dags/example_latest_only_with_trigger.py
[2026-08-21T23:05:29.858+0000] {logging_mixin.py:188} INFO - [2026-08-21T23:05:29.858+0000] {dag.py:3047} INFO - Sync 1 DAGs
[2026-08-21T23:05:29.883+0000] {logging_mixin.py:188} INFO - [2026-08-21T23:05:29.883+0000] {dag.py:3834} INFO - Setting next_dagrun for latest_only_with_trigger to 2026-08-21 16:00:00+00:00, run_after=2026-08-21 20:00:00+00:00
[2026-08-21T23:05:29.911+0000] {processor.py:183} INFO - Processing /home/airflow/.local/lib/python3.8/site-packages/airflow/example_dags/example_latest_only_with_trigger.py took 0.103 seconds
[2026-08-21T23:06:00.147+0000] {processor.py:161} INFO - Started process (PID=2237) to work on /home/airflow/.local/lib/python3.8/site-packages/airflow/example_dags/example_latest_only_with_trigger.py
[2026-08-21T23:06:00.150+0000] {processor.py:830} INFO - Processing file /home/airflow/.local/lib/python3.8/site-packages/airflow/example_dags/example_latest_only_with_trigger.py for tasks to queue
[2026-08-21T23:06:00.153+0000] {logging_mixin.py:188} INFO - [2026-08-21T23:06:00.153+0000] {dagbag.py:540} INFO - Filling up the DagBag from /home/airflow/.local/lib/python3.8/site-packages/airflow/example_dags/example_latest_only_with_trigger.py
[2026-08-21T23:06:00.162+0000] {processor.py:840} INFO - DAG(s) 'latest_only_with_trigger' retrieved from /home/airflow/.local/lib/python3.8/site-packages/airflow/example_dags/example_latest_only_with_trigger.py
[2026-08-21T23:06:00.191+0000] {logging_mixin.py:188} INFO - [2026-08-21T23:06:00.191+0000] {dag.py:3047} INFO - Sync 1 DAGs
[2026-08-21T23:06:00.216+0000] {logging_mixin.py:188} INFO - [2026-08-21T23:06:00.216+0000] {dag.py:3834} INFO - Setting next_dagrun for latest_only_with_trigger to 2026-08-21 16:00:00+00:00, run_after=2026-08-21 20:00:00+00:00
[2026-08-21T23:06:00.241+0000] {processor.py:183} INFO - Processing /home/airflow/.local/lib/python3.8/site-packages/airflow/example_dags/example_latest_only_with_trigger.py took 0.099 seconds
[2026-08-21T23:06:31.106+0000] {processor.py:161} INFO - Started process (PID=2294) to work on /home/airflow/.local/lib/python3.8/site-packages/airflow/example_dags/example_latest_only_with_trigger.py
[2026-08-21T23:06:31.108+0000] {processor.py:830} INFO - Processing file /home/airflow/.local/lib/python3.8/site-packages/airflow/example_dags/example_latest_only_with_trigger.py for tasks to queue
[2026-08-21T23:06:31.111+0000] {logging_mixin.py:188} INFO - [2026-08-21T23:06:31.111+0000] {dagbag.py:540} INFO - Filling up the DagBag from /home/airflow/.local/lib/python3.8/site-packages/airflow/example_dags/example_latest_only_with_trigger.py
[2026-08-21T23:06:31.119+0000] {processor.py:840} INFO - DAG(s) 'latest_only_with_trigger' retrieved from /home/airflow/.local/lib/python3.8/site-packages/airflow/example_dags/example_latest_only_with_trigger.py
[2026-08-21T23:06:31.150+0000] {logging_mixin.py:188} INFO - [2026-08-21T23:06:31.150+0000] {dag.py:3047} INFO - Sync 1 DAGs
[2026-08-21T23:06:31.177+0000] {logging_mixin.py:188} INFO - [2026-08-21T23:06:31.176+0000] {dag.py:3834} INFO - Setting next_dagrun for latest_only_with_trigger to 2026-08-21 16:00:00+00:00, run_after=2026-08-21 20:00:00+00:00
[2026-08-21T23:06:31.206+0000] {processor.py:183} INFO - Processing /home/airflow/.local/lib/python3.8/site-packages/airflow/example_dags/example_latest_only_with_trigger.py took 0.105 seconds
[2026-08-21T23:07:01.351+0000] {processor.py:161} INFO - Started process (PID=2351) to work on /home/airflow/.local/lib/python3.8/site-packages/airflow/example_dags/example_latest_only_with_trigger.py
[2026-08-21T23:07:01.353+0000] {processor.py:830} INFO - Processing file /home/airflow/.local/lib/python3.8/site-packages/airflow/example_dags/example_latest_only_with_trigger.py for tasks to queue
[2026-08-21T23:07:01.356+0000] {logging_mixin.py:188} INFO - [2026-08-21T23:07:01.356+0000] {dagbag.py:540} INFO - Filling up the DagBag from /home/airflow/.local/lib/python3.8/site-packages/airflow/example_dags/example_latest_only_with_trigger.py
[2026-08-21T23:07:01.367+0000] {processor.py:840} INFO - DAG(s) 'latest_only_with_trigger' retrieved from /home/airflow/.local/lib/python3.8/site-packages/airflow/example_dags/example_latest_only_with_trigger.py
[2026-08-21T23:07:01.399+0000] {logging_mixin.py:188} INFO - [2026-08-21T23:07:01.399+0000] {dag.py:3047} INFO - Sync 1 DAGs
[2026-08-21T23:07:01.435+0000] {logging_mixin.py:188} INFO - [2026-08-21T23:07:01.435+0000] {dag.py:3834} INFO - Setting next_dagrun for latest_only_with_trigger to 2026-08-21 16:00:00+00:00, run_after=2026-08-21 20:00:00+00:00
[2026-08-21T23:07:01.498+0000] {processor.py:183} INFO - Processing /home/airflow/.local/lib/python3.8/site-packages/airflow/example_dags/example_latest_only_with_trigger.py took 0.151 seconds
[2026-08-21T23:07:31.937+0000] {processor.py:161} INFO - Started process (PID=2408) to work on /home/airflow/.local/lib/python3.8/site-packages/airflow/example_dags/example_latest_only_with_trigger.py
[2026-08-21T23:07:31.940+0000] {processor.py:830} INFO - Processing file /home/airflow/.local/lib/python3.8/site-packages/airflow/example_dags/example_latest_only_with_trigger.py for tasks to queue
[2026-08-21T23:07:31.944+0000] {logging_mixin.py:188} INFO - [2026-08-21T23:07:31.943+0000] {dagbag.py:540} INFO - Filling up the DagBag from /home/airflow/.local/lib/python3.8/site-packages/airflow/example_dags/example_latest_only_with_trigger.py
[2026-08-21T23:07:31.957+0000] {processor.py:840} INFO - DAG(s) 'latest_only_with_trigger' retrieved from /home/airflow/.local/lib/python3.8/site-packages/airflow/example_dags/example_latest_only_with_trigger.py
[2026-08-21T23:07:31.990+0000] {logging_mixin.py:188} INFO - [2026-08-21T23:07:31.989+0000] {dag.py:3047} INFO - Sync 1 DAGs
[2026-08-21T23:07:32.021+0000] {logging_mixin.py:188} INFO - [2026-08-21T23:07:32.021+0000] {dag.py:3834} INFO - Setting next_dagrun for latest_only_with_trigger to 2026-08-21 16:00:00+00:00, run_after=2026-08-21 20:00:00+00:00
[2026-08-21T23:07:32.045+0000] {processor.py:183} INFO - Processing /home/airflow/.local/lib/python3.8/site-packages/airflow/example_dags/example_latest_only_with_trigger.py took 0.112 seconds
[2026-08-21T23:08:02.453+0000] {processor.py:161} INFO - Started process (PID=2467) to work on /home/airflow/.local/lib/python3.8/site-packages/airflow/example_dags/example_latest_only_with_trigger.py
[2026-08-21T23:08:02.454+0000] {processor.py:830} INFO - Processing file /home/airflow/.local/lib/python3.8/site-packages/airflow/example_dags/example_latest_only_with_trigger.py for tasks to queue
[2026-08-21T23:08:02.457+0000] {logging_mixin.py:188} INFO - [2026-08-21T23:08:02.457+0000] {dagbag.py:540} INFO - Filling up the DagBag from /home/airflow/.local/lib/python3.8/site-packages/airflow/example_dags/example_latest_only_with_trigger.py
[2026-08-21T23:08:02.464+0000] {processor.py:840} INFO - DAG(s) 'latest_only_with_trigger' retrieved from /home/airflow/.local/lib/python3.8/site-packages/airflow/example_dags/example_latest_only_with_trigger.py
[2026-08-21T23:08:02.488+0000] {logging_mixin.py:188} INFO - [2026-08-21T23:08:02.488+0000] {dag.py:3047} INFO - Sync 1 DAGs
[2026-08-21T23:08:02.511+0000] {logging_mixin.py:188} INFO - [2026-08-21T23:08:02.510+0000] {dag.py:3834} INFO - Setting next_dagrun for latest_only_with_trigger to 2026-08-21 16:00:00+00:00, run_after=2026-08-21 20:00:00+00:00
[2026-08-21T23:08:02.534+0000] {processor.py:183} INFO - Processing /home/airflow/.local/lib/python3.8/site-packages/airflow/example_dags/example_latest_only_with_trigger.py took 0.086 seconds
