[2026-08-21T22:46:41.589+0000] {processor.py:161} INFO - Started process (PID=64) to work on /home/airflow/.local/lib/python3.8/site-packages/airflow/example_dags/example_kubernetes_executor.py
[2026-08-21T22:46:41.591+0000] {processor.py:830} INFO - Processing file /home/airflow/.local/lib/python3.8/site-packages/airflow/example_dags/example_kubernetes_executor.py for tasks to queue
[2026-08-21T22:46:41.595+0000] {logging_mixin.py:188} INFO - [2026-08-21T22:46:41.594+0000] {dagbag.py:540} INFO - Filling up the DagBag from /home/airflow/.local/lib/python3.8/site-packages/airflow/example_dags/example_kubernetes_executor.py
[2026-08-21T22:46:41.618+0000] {processor.py:840} INFO - DAG(s) 'example_kubernetes_executor' retrieved from /home/airflow/.local/lib/python3.8/site-packages/airflow/example_dags/example_kubernetes_executor.py
[2026-08-21T22:46:41.640+0000] {logging_mixin.py:188} INFO - [2026-08-21T22:46:41.639+0000] {dag.py:3047} INFO - Sync 1 DAGs
[2026-08-21T22:46:41.666+0000] {logging_mixin.py:188} INFO - [2026-08-21T22:46:41.665+0000] {dag.py:3834} INFO - Setting next_dagrun for example_kubernetes_executor to None, run_after=None
[2026-08-21T22:46:41.699+0000] {processor.py:183} INFO - Processing /home/airflow/.local/lib/python3.8/site-packages/airflow/example_dags/example_kubernetes_executor.py took 0.114 seconds
[2026-08-21T22:47:12.026+0000] {processor.py:161} INFO - Started process (PID=120) to work on /home/airflow/.local/lib/python3.8/site-packages/airflow/example_dags/example_kubernetes_executor.py
[2026-08-21T22:47:12.029+0000] {processor.py:830} INFO - Processing file /home/airflow/.local/lib/python3.8/site-packages/airflow/example_dags/example_kubernetes_executor.py for tasks to queue
[2026-08-21T22:47:12.034+0000] {logging_mixin.py:188} INFO - [2026-08-21T22:47:12.033+0000] {dagbag.py:540} INFO - Filling up the DagBag from /home/airflow/.local/lib/python3.8/site-packages/airflow/example_dags/example_kubernetes_executor.py
[2026-08-21T22:47:12.091+0000] {processor.py:840} INFO - DAG(s) 'example_kubernetes_executor' retrieved from /home/airflow/.local/lib/python3.8/site-packages/airflow/example_dags/example_kubernetes_executor.py
[2026-08-21T22:47:12.300+0000] {logging_mixin.py:188} INFO - [2026-08-21T22:47:12.300+0000] {dag.py:3047} INFO - Sync 1 DAGs
[2026-08-21T22:47:12.323+0000] {logging_mixin.py:188} INFO - [2026-08-21T22:47:12.322+0000] {dag.py:3834} INFO - Setting next_dagrun for example_kubernetes_executor to None, run_after=None
[2026-08-21T22:47:12.359+0000] {processor.py:183} INFO - Processing /home/airflow/.local/lib/python3.8/site-packages/airflow/example_dags/example_kubernetes_executor.py took 0.351 seconds
[2026-08-21T22:47:42.834+0000] {processor.py:161} INFO - Started process (PID=183) to work on /home/airflow/.local/lib/python3.8/site-packages/airflow/example_dags/example_kubernetes_executor.py
[2026-08-21T22:47:42.835+0000] {processor.py:830} INFO - Processing file /home/airflow/.local/lib/python3.8/site-packages/airflow/example_dags/example_kubernetes_executor.py for tasks to queue
[2026-08-21T22:47:42.843+0000] {logging_mixin.py:188} INFO - [2026-08-21T22:47:42.841+0000] {dagbag.py:540} INFO - Filling up the DagBag from /home/airflow/.local/lib/python3.8/site-packages/airflow/example_dags/example_kubernetes_executor.py
[2026-08-21T22:47:42.875+0000] {processor.py:840} INFO - DAG(s) 'example_kubernetes_executor' retrieved from /home/airflow/.local/lib/python3.8/site-packages/airflow/example_dags/example_kubernetes_executor.py
[2026-08-21T22:47:42.934+0000] {logging_mixin.py:188} INFO - [2026-08-21T22:47:42.933+0000] {dag.py:3047} INFO - Sync 1 DAGs
[2026-08-21T22:47:42.954+0000] {logging_mixin.py:188} INFO - [2026-08-21T22:47:42.953+0000] {dag.py:3834} INFO - Setting next_dagrun for example_kubernetes_executor to None, run_after=None
[2026-08-21T22:47:42.985+0000] {processor.py:183} INFO - Processing /home/airflow/.local/lib/python3.8/site-packages/airflow/example_dags/example_kubernetes_executor.py took 0.157 seconds
[2026-08-21T22:48:13.059+0000] {processor.py:161} INFO - Started process (PID=240) to work on /home/airflow/.local/lib/python3.8/site-packages/airflow/example_dags/example_kubernetes_executor.py
[2026-08-21T22:48:13.062+0000] {processor.py:830} INFO - Processing file /home/airflow/.local/lib/python3.8/site-packages/airflow/example_dags/example_kubernetes_executor.py for tasks to queue
[2026-08-21T22:48:13.065+0000] {logging_mixin.py:188} INFO - [2026-08-21T22:48:13.065+0000] {dagbag.py:540} INFO - Filling up the DagBag from /home/airflow/.local/lib/python3.8/site-packages/airflow/example_dags/example_kubernetes_executor.py
[2026-08-21T22:48:13.090+0000] {processor.py:840} INFO - DAG(s) 'example_kubernetes_executor' retrieved from /home/airflow/.local/lib/python3.8/site-packages/airflow/example_dags/example_kubernetes_executor.py
[2026-08-21T22:48:13.139+0000] {logging_mixin.py:188} INFO - [2026-08-21T22:48:13.138+0000] {dag.py:3047} INFO - Sync 1 DAGs
[2026-08-21T22:48:13.159+0000] {logging_mixin.py:188} INFO - [2026-08-21T22:48:13.158+0000] {dag.py:3834} INFO - Setting next_dagrun for example_kubernetes_executor to None, run_after=None
[2026-08-21T22:48:13.192+0000] {processor.py:183} INFO - Processing /home/airflow/.local/lib/python3.8/site-packages/airflow/example_dags/example_kubernetes_executor.py took 0.140 seconds
[2026-08-21T22:48:43.508+0000] {processor.py:161} INFO - Started process (PID=297) to work on /home/airflow/.local/lib/python3.8/site-packages/airflow/example_dags/example_kubernetes_executor.py
[2026-08-21T22:48:43.510+0000] {processor.py:830} INFO - Processing file /home/airflow/.local/lib/python3.8/site-packages/airflow/example_dags/example_kubernetes_executor.py for tasks to queue
[2026-08-21T22:48:43.513+0000] {logging_mixin.py:188} INFO - [2026-08-21T22:48:43.513+0000] {dagbag.py:540} INFO - Filling up the DagBag from /home/airflow/.local/lib/python3.8/site-packages/airflow/example_dags/example_kubernetes_executor.py
[2026-08-21T22:48:43.534+0000] {processor.py:840} INFO - DAG(s) 'example_kubernetes_executor' retrieved from /home/airflow/.local/lib/python3.8/site-packages/airflow/example_dags/example_kubernetes_executor.py
[2026-08-21T22:48:43.585+0000] {logging_mixin.py:188} INFO - [2026-08-21T22:48:43.585+0000] {dag.py:3047} INFO - Sync 1 DAGs
[2026-08-21T22:48:43.602+0000] {logging_mixin.py:188} INFO - [2026-08-21T22:48:43.601+0000] {dag.py:3834} INFO - Setting next_dagrun for example_kubernetes_executor to None, run_after=None
[2026-08-21T22:48:43.626+0000] {processor.py:183} INFO - Processing /home/airflow/.local/lib/python3.8/site-packages/airflow/example_dags/example_kubernetes_executor.py took 0.122 seconds
[2026-08-21T22:49:13.909+0000] {processor.py:161} INFO - Started process (PID=354) to work on /home/airflow/.local/lib/python3.8/site-packages/airflow/example_dags/example_kubernetes_executor.py
[2026-08-21T22:49:13.910+0000] {processor.py:830} INFO - Processing file /home/airflow/.local/lib/python3.8/site-packages/airflow/example_dags/example_kubernetes_executor.py for tasks to queue
[2026-08-21T22:49:13.914+0000] {logging_mixin.py:188} INFO - [2026-08-21T22:49:13.913+0000] {dagbag.py:540} INFO - Filling up the DagBag from /home/airflow/.local/lib/python3.8/site-packages/airflow/example_dags/example_kubernetes_executor.py
[2026-08-21T22:49:13.928+0000] {processor.py:840} INFO - DAG(s) 'example_kubernetes_executor' retrieved from /home/airflow/.local/lib/python3.8/site-packages/airflow/example_dags/example_kubernetes_executor.py
[2026-08-21T22:49:13.970+0000] {logging_mixin.py:188} INFO - [2026-08-21T22:49:13.969+0000] {dag.py:3047} INFO - Sync 1 DAGs
[2026-08-21T22:49:13.985+0000] {logging_mixin.py:188} INFO - [2026-08-21T22:49:13.985+0000] {dag.py:3834} INFO - Setting next_dagrun for example_kubernetes_executor to None, run_after=None
[2026-08-21T22:49:14.010+0000] {processor.py:183} INFO - Processing /home/airflow/.local/lib/python3.8/site-packages/airflow/example_dags/example_kubernetes_executor.py took 0.106 seconds
[2026-08-21T22:49:44.169+0000] {processor.py:161} INFO - Started process (PID=411) to work on /home/airflow/.local/lib/python3.8/site-packages/airflow/example_dags/example_kubernetes_executor.py
[2026-08-21T22:49:44.170+0000] {processor.py:830} INFO - Processing file /home/airflow/.local/lib/python3.8/site-packages/airflow/example_dags/example_kubernetes_executor.py for tasks to queue
[2026-08-21T22:49:44.173+0000] {logging_mixin.py:188} INFO - [2026-08-21T22:49:44.173+0000] {dagbag.py:540} INFO - Filling up the DagBag from /home/airflow/.local/lib/python3.8/site-packages/airflow/example_dags/example_kubernetes_executor.py
[2026-08-21T22:49:44.197+0000] {processor.py:840} INFO - DAG(s) 'example_kubernetes_executor' retrieved from /home/airflow/.local/lib/python3.8/site-packages/airflow/example_dags/example_kubernetes_executor.py
[2026-08-21T22:49:44.256+0000] {logging_mixin.py:188} INFO - [2026-08-21T22:49:44.255+0000] {dag.py:3047} INFO - Sync 1 DAGs
[2026-08-21T22:49:44.271+0000] {logging_mixin.py:188} INFO - [2026-08-21T22:49:44.271+0000] {dag.py:3834} INFO - Setting next_dagrun for example_kubernetes_executor to None, run_after=None
[2026-08-21T22:49:44.296+0000] {processor.py:183} INFO - Processing /home/airflow/.local/lib/python3.8/site-packages/airflow/example_dags/example_kubernetes_executor.py took 0.131 seconds
[2026-08-21T22:50:14.679+0000] {processor.py:161} INFO - Started process (PID=468) to work on /home/airflow/.local/lib/python3.8/site-packages/airflow/example_dags/example_kubernetes_executor.py
[2026-08-21T22:50:14.681+0000] {processor.py:830} INFO - Processing file /home/airflow/.local/lib/python3.8/site-packages/airflow/example_dags/example_kubernetes_executor.py for tasks to queue
[2026-08-21T22:50:14.684+0000] {logging_mixin.py:188} INFO - [2026-08-21T22:50:14.683+0000] {dagbag.py:540} INFO - Filling up the DagBag from /home/airflow/.local/lib/python3.8/site-packages/airflow/example_dags/example_kubernetes_executor.py
[2026-08-21T22:50:14.699+0000] {processor.py:840} INFO - DAG(s) 'example_kubernetes_executor' retrieved from /home/airflow/.local/lib/python3.8/site-packages/airflow/example_dags/example_kubernetes_executor.py
[2026-08-21T22:50:14.743+0000] {logging_mixin.py:188} INFO - [2026-08-21T22:50:14.743+0000] {dag.py:3047} INFO - Sync 1 DAGs
[2026-08-21T22:50:14.755+0000] {logging_mixin.py:188} INFO - [2026-08-21T22:50:14.755+0000] {dag.py:3834} INFO - Setting next_dagrun for example_kubernetes_executor to None, run_after=None
[2026-08-21T22:50:14.776+0000] {processor.py:183} INFO - Processing /home/airflow/.local/lib/python3.8/site-packages/airflow/example_dags/example_kubernetes_executor.py took 0.101 seconds
[2026-08-21T22:50:44.889+0000] {processor.py:161} INFO - Started process (PID=525) to work on /home/airflow/.local/lib/python3.8/site-packages/airflow/example_dags/example_kubernetes_executor.py
[2026-08-21T22:50:44.891+0000] {processor.py:830} INFO - Processing file /home/airflow/.local/lib/python3.8/site-packages/airflow/example_dags/example_kubernetes_executor.py for tasks to queue
[2026-08-21T22:50:44.894+0000] {logging_mixin.py:188} INFO - [2026-08-21T22:50:44.893+0000] {dagbag.py:540} INFO - Filling up the DagBag from /home/airflow/.local/lib/python3.8/site-packages/airflow/example_dags/example_kubernetes_executor.py
[2026-08-21T22:50:44.911+0000] {processor.py:840} INFO - DAG(s) 'example_kubernetes_executor' retrieved from /home/airflow/.local/lib/python3.8/site-packages/airflow/example_dags/example_kubernetes_executor.py
[2026-08-21T22:50:44.958+0000] {logging_mixin.py:188} INFO - [2026-08-21T22:50:44.958+0000] {dag.py:3047} INFO - Sync 1 DAGs
[2026-08-21T22:50:44.973+0000] {logging_mixin.py:188} INFO - [2026-08-21T22:50:44.973+0000] {dag.py:3834} INFO - Setting next_dagrun for example_kubernetes_executor to None, run_after=None
[2026-08-21T22:50:44.999+0000] {processor.py:183} INFO - Processing /home/airflow/.local/lib/python3.8/site-packages/airflow/example_dags/example_kubernetes_executor.py took 0.114 seconds
[2026-08-21T22:51:15.228+0000] {processor.py:161} INFO - Started process (PID=582) to work on /home/airflow/.local/lib/python3.8/site-packages/airflow/example_dags/example_kubernetes_executor.py
[2026-08-21T22:51:15.230+0000] {processor.py:830} INFO - Processing file /home/airflow/.local/lib/python3.8/site-packages/airflow/example_dags/example_kubernetes_executor.py for tasks to queue
[2026-08-21T22:51:15.233+0000] {logging_mixin.py:188} INFO - [2026-08-21T22:51:15.232+0000] {dagbag.py:540} INFO - Filling up the DagBag from /home/airflow/.local/lib/python3.8/site-packages/airflow/example_dags/example_kubernetes_executor.py
[2026-08-21T22:51:15.253+0000] {processor.py:840} INFO - DAG(s) 'example_kubernetes_executor' retrieved from /home/airflow/.local/lib/python3.8/site-packages/airflow/example_dags/example_kubernetes_executor.py
[2026-08-21T22:51:15.328+0000] {logging_mixin.py:188} INFO - [2026-08-21T22:51:15.328+0000] {dag.py:3047} INFO - Sync 1 DAGs
[2026-08-21T22:51:15.354+0000] {logging_mixin.py:188} INFO - [2026-08-21T22:51:15.354+0000] {dag.py:3834} INFO - Setting next_dagrun for example_kubernetes_executor to None, run_after=None
[2026-08-21T22:51:15.384+0000] {processor.py:183} INFO - Processing /home/airflow/.local/lib/python3.8/site-packages/airflow/example_dags/example_kubernetes_executor.py took 0.162 seconds
[2026-08-21T22:51:45.566+0000] {processor.py:161} INFO - Started process (PID=639) to work on /home/airflow/.local/lib/python3.8/site-packages/airflow/example_dags/example_kubernetes_executor.py
[2026-08-21T22:51:45.568+0000] {processor.py:830} INFO - Processing file /home/airflow/.local/lib/python3.8/site-packages/airflow/example_dags/example_kubernetes_executor.py for tasks to queue
[2026-08-21T22:51:45.570+0000] {logging_mixin.py:188} INFO - [2026-08-21T22:51:45.570+0000] {dagbag.py:540} INFO - Filling up the DagBag from /home/airflow/.local/lib/python3.8/site-packages/airflow/example_dags/example_kubernetes_executor.py
[2026-08-21T22:51:45.591+0000] {processor.py:840} INFO - DAG(s) 'example_kubernetes_executor' retrieved from /home/airflow/.local/lib/python3.8/site-packages/airflow/example_dags/example_kubernetes_executor.py
[2026-08-21T22:51:45.634+0000] {logging_mixin.py:188} INFO - [2026-08-21T22:51:45.633+0000] {dag.py:3047} INFO - Sync 1 DAGs
[2026-08-21T22:51:45.646+0000] {logging_mixin.py:188} INFO - [2026-08-21T22:51:45.645+0000] {dag.py:3834} INFO - Setting next_dagrun for example_kubernetes_executor to None, run_after=None
[2026-08-21T22:51:45.668+0000] {processor.py:183} INFO - Processing /home/airflow/.local/lib/python3.8/site-packages/airflow/example_dags/example_kubernetes_executor.py took 0.107 seconds
[2026-08-21T22:52:15.955+0000] {processor.py:161} INFO - Started process (PID=696) to work on /home/airflow/.local/lib/python3.8/site-packages/airflow/example_dags/example_kubernetes_executor.py
[2026-08-21T22:52:15.957+0000] {processor.py:830} INFO - Processing file /home/airflow/.local/lib/python3.8/site-packages/airflow/example_dags/example_kubernetes_executor.py for tasks to queue
[2026-08-21T22:52:15.960+0000] {logging_mixin.py:188} INFO - [2026-08-21T22:52:15.959+0000] {dagbag.py:540} INFO - Filling up the DagBag from /home/airflow/.local/lib/python3.8/site-packages/airflow/example_dags/example_kubernetes_executor.py
[2026-08-21T22:52:15.980+0000] {processor.py:840} INFO - DAG(s) 'example_kubernetes_executor' retrieved from /home/airflow/.local/lib/python3.8/site-packages/airflow/example_dags/example_kubernetes_executor.py
[2026-08-21T22:52:16.036+0000] {logging_mixin.py:188} INFO - [2026-08-21T22:52:16.036+0000] {dag.py:3047} INFO - Sync 1 DAGs
[2026-08-21T22:52:16.052+0000] {logging_mixin.py:188} INFO - [2026-08-21T22:52:16.052+0000] {dag.py:3834} INFO - Setting next_dagrun for example_kubernetes_executor to None, run_after=None
[2026-08-21T22:52:16.082+0000] {processor.py:183} INFO - Processing /home/airflow/.local/lib/python3.8/site-packages/airflow/example_dags/example_kubernetes_executor.py took 0.131 seconds
[2026-08-21T22:52:46.868+0000] {processor.py:161} INFO - Started process (PID=753) to work on /home/airflow/.local/lib/python3.8/site-packages/airflow/example_dags/example_kubernetes_executor.py
[2026-08-21T22:52:46.871+0000] {processor.py:830} INFO - Processing file /home/airflow/.local/lib/python3.8/site-packages/airflow/example_dags/example_kubernetes_executor.py for tasks to queue
[2026-08-21T22:52:46.875+0000] {logging_mixin.py:188} INFO - [2026-08-21T22:52:46.874+0000] {dagbag.py:540} INFO - Filling up the DagBag from /home/airflow/.local/lib/python3.8/site-packages/airflow/example_dags/example_kubernetes_executor.py
[2026-08-21T22:52:46.924+0000] {processor.py:840} INFO - DAG(s) 'example_kubernetes_executor' retrieved from /home/airflow/.local/lib/python3.8/site-packages/airflow/example_dags/example_kubernetes_executor.py
[2026-08-21T22:52:47.033+0000] {logging_mixin.py:188} INFO - [2026-08-21T22:52:47.032+0000] {dag.py:3047} INFO - Sync 1 DAGs
[2026-08-21T22:52:47.055+0000] {logging_mixin.py:188} INFO - [2026-08-21T22:52:47.055+0000] {dag.py:3834} INFO - Setting next_dagrun for example_kubernetes_executor to None, run_after=None
[2026-08-21T22:52:47.092+0000] {processor.py:183} INFO - Processing /home/airflow/.local/lib/python3.8/site-packages/airflow/example_dags/example_kubernetes_executor.py took 0.238 seconds
[2026-08-21T22:53:17.223+0000] {processor.py:161} INFO - Started process (PID=810) to work on /home/airflow/.local/lib/python3.8/site-packages/airflow/example_dags/example_kubernetes_executor.py
[2026-08-21T22:53:17.226+0000] {processor.py:830} INFO - Processing file /home/airflow/.local/lib/python3.8/site-packages/airflow/example_dags/example_kubernetes_executor.py for tasks to queue
[2026-08-21T22:53:17.229+0000] {logging_mixin.py:188} INFO - [2026-08-21T22:53:17.228+0000] {dagbag.py:540} INFO - Filling up the DagBag from /home/airflow/.local/lib/python3.8/site-packages/airflow/example_dags/example_kubernetes_executor.py
[2026-08-21T22:53:17.245+0000] {processor.py:840} INFO - DAG(s) 'example_kubernetes_executor' retrieved from /home/airflow/.local/lib/python3.8/site-packages/airflow/example_dags/example_kubernetes_executor.py
[2026-08-21T22:53:17.291+0000] {logging_mixin.py:188} INFO - [2026-08-21T22:53:17.290+0000] {dag.py:3047} INFO - Sync 1 DAGs
[2026-08-21T22:53:17.309+0000] {logging_mixin.py:188} INFO - [2026-08-21T22:53:17.309+0000] {dag.py:3834} INFO - Setting next_dagrun for example_kubernetes_executor to None, run_after=None
[2026-08-21T22:53:17.336+0000] {processor.py:183} INFO - Processing /home/airflow/.local/lib/python3.8/site-packages/airflow/example_dags/example_kubernetes_executor.py took 0.116 seconds
[2026-08-21T22:53:47.519+0000] {processor.py:161} INFO - Started process (PID=868) to work on /home/airflow/.local/lib/python3.8/site-packages/airflow/example_dags/example_kubernetes_executor.py
[2026-08-21T22:53:47.522+0000] {processor.py:830} INFO - Processing file /home/airflow/.local/lib/python3.8/site-packages/airflow/example_dags/example_kubernetes_executor.py for tasks to queue
[2026-08-21T22:53:47.526+0000] {logging_mixin.py:188} INFO - [2026-08-21T22:53:47.525+0000] {dagbag.py:540} INFO - Filling up the DagBag from /home/airflow/.local/lib/python3.8/site-packages/airflow/example_dags/example_kubernetes_executor.py
[2026-08-21T22:53:47.551+0000] {processor.py:840} INFO - DAG(s) 'example_kubernetes_executor' retrieved from /home/airflow/.local/lib/python3.8/site-packages/airflow/example_dags/example_kubernetes_executor.py
[2026-08-21T22:53:47.609+0000] {logging_mixin.py:188} INFO - [2026-08-21T22:53:47.608+0000] {dag.py:3047} INFO - Sync 1 DAGs
[2026-08-21T22:53:47.624+0000] {logging_mixin.py:188} INFO - [2026-08-21T22:53:47.624+0000] {dag.py:3834} INFO - Setting next_dagrun for example_kubernetes_executor to None, run_after=None
[2026-08-21T22:53:47.645+0000] {processor.py:183} INFO - Processing /home/airflow/.local/lib/python3.8/site-packages/airflow/example_dags/example_kubernetes_executor.py took 0.132 seconds
[2026-08-21T22:54:17.815+0000] {processor.py:161} INFO - Started process (PID=925) to work on /home/airflow/.local/lib/python3.8/site-packages/airflow/example_dags/example_kubernetes_executor.py
[2026-08-21T22:54:17.818+0000] {processor.py:830} INFO - Processing file /home/airflow/.local/lib/python3.8/site-packages/airflow/example_dags/example_kubernetes_executor.py for tasks to queue
[2026-08-21T22:54:17.826+0000] {logging_mixin.py:188} INFO - [2026-08-21T22:54:17.825+0000] {dagbag.py:540} INFO - Filling up the DagBag from /home/airflow/.local/lib/python3.8/site-packages/airflow/example_dags/example_kubernetes_executor.py
[2026-08-21T22:54:17.859+0000] {processor.py:840} INFO - DAG(s) 'example_kubernetes_executor' retrieved from /home/airflow/.local/lib/python3.8/site-packages/airflow/example_dags/example_kubernetes_executor.py
[2026-08-21T22:54:17.916+0000] {logging_mixin.py:188} INFO - [2026-08-21T22:54:17.916+0000] {dag.py:3047} INFO - Sync 1 DAGs
[2026-08-21T22:54:17.936+0000] {logging_mixin.py:188} INFO - [2026-08-21T22:54:17.936+0000] {dag.py:3834} INFO - Setting next_dagrun for example_kubernetes_executor to None, run_after=None
[2026-08-21T22:54:17.976+0000] {processor.py:183} INFO - Processing /home/airflow/.local/lib/python3.8/site-packages/airflow/example_dags/example_kubernetes_executor.py took 0.178 seconds
[2026-08-21T22:54:48.476+0000] {processor.py:161} INFO - Started process (PID=981) to work on /home/airflow/.local/lib/python3.8/site-packages/airflow/example_dags/example_kubernetes_executor.py
[2026-08-21T22:54:48.478+0000] {processor.py:830} INFO - Processing file /home/airflow/.local/lib/python3.8/site-packages/airflow/example_dags/example_kubernetes_executor.py for tasks to queue
[2026-08-21T22:54:48.480+0000] {logging_mixin.py:188} INFO - [2026-08-21T22:54:48.480+0000] {dagbag.py:540} INFO - Filling up the DagBag from /home/airflow/.local/lib/python3.8/site-packages/airflow/example_dags/example_kubernetes_executor.py
[2026-08-21T22:54:48.497+0000] {processor.py:840} INFO - DAG(s) 'example_kubernetes_executor' retrieved from /home/airflow/.local/lib/python3.8/site-packages/airflow/example_dags/example_kubernetes_executor.py
[2026-08-21T22:54:48.569+0000] {logging_mixin.py:188} INFO - [2026-08-21T22:54:48.568+0000] {dag.py:3047} INFO - Sync 1 DAGs
[2026-08-21T22:54:48.590+0000] {logging_mixin.py:188} INFO - [2026-08-21T22:54:48.589+0000] {dag.py:3834} INFO - Setting next_dagrun for example_kubernetes_executor to None, run_after=None
[2026-08-21T22:54:48.625+0000] {processor.py:183} INFO - Processing /home/airflow/.local/lib/python3.8/site-packages/airflow/example_dags/example_kubernetes_executor.py took 0.153 seconds
[2026-08-21T22:55:18.925+0000] {processor.py:161} INFO - Started process (PID=1038) to work on /home/airflow/.local/lib/python3.8/site-packages/airflow/example_dags/example_kubernetes_executor.py
[2026-08-21T22:55:18.927+0000] {processor.py:830} INFO - Processing file /home/airflow/.local/lib/python3.8/site-packages/airflow/example_dags/example_kubernetes_executor.py for tasks to queue
[2026-08-21T22:55:18.930+0000] {logging_mixin.py:188} INFO - [2026-08-21T22:55:18.929+0000] {dagbag.py:540} INFO - Filling up the DagBag from /home/airflow/.local/lib/python3.8/site-packages/airflow/example_dags/example_kubernetes_executor.py
[2026-08-21T22:55:18.946+0000] {processor.py:840} INFO - DAG(s) 'example_kubernetes_executor' retrieved from /home/airflow/.local/lib/python3.8/site-packages/airflow/example_dags/example_kubernetes_executor.py
[2026-08-21T22:55:18.993+0000] {logging_mixin.py:188} INFO - [2026-08-21T22:55:18.993+0000] {dag.py:3047} INFO - Sync 1 DAGs
[2026-08-21T22:55:19.010+0000] {logging_mixin.py:188} INFO - [2026-08-21T22:55:19.010+0000] {dag.py:3834} INFO - Setting next_dagrun for example_kubernetes_executor to None, run_after=None
[2026-08-21T22:55:19.036+0000] {processor.py:183} INFO - Processing /home/airflow/.local/lib/python3.8/site-packages/airflow/example_dags/example_kubernetes_executor.py took 0.115 seconds
[2026-08-21T22:55:49.207+0000] {processor.py:161} INFO - Started process (PID=1095) to work on /home/airflow/.local/lib/python3.8/site-packages/airflow/example_dags/example_kubernetes_executor.py
[2026-08-21T22:55:49.209+0000] {processor.py:830} INFO - Processing file /home/airflow/.local/lib/python3.8/site-packages/airflow/example_dags/example_kubernetes_executor.py for tasks to queue
[2026-08-21T22:55:49.212+0000] {logging_mixin.py:188} INFO - [2026-08-21T22:55:49.211+0000] {dagbag.py:540} INFO - Filling up the DagBag from /home/airflow/.local/lib/python3.8/site-packages/airflow/example_dags/example_kubernetes_executor.py
[2026-08-21T22:55:49.232+0000] {processor.py:840} INFO - DAG(s) 'example_kubernetes_executor' retrieved from /home/airflow/.local/lib/python3.8/site-packages/airflow/example_dags/example_kubernetes_executor.py
[2026-08-21T22:55:49.281+0000] {logging_mixin.py:188} INFO - [2026-08-21T22:55:49.279+0000] {dag.py:3047} INFO - Sync 1 DAGs
[2026-08-21T22:55:49.295+0000] {logging_mixin.py:188} INFO - [2026-08-21T22:55:49.295+0000] {dag.py:3834} INFO - Setting next_dagrun for example_kubernetes_executor to None, run_after=None
[2026-08-21T22:55:49.322+0000] {processor.py:183} INFO - Processing /home/airflow/.local/lib/python3.8/site-packages/airflow/example_dags/example_kubernetes_executor.py took 0.119 seconds
[2026-08-21T22:56:20.190+0000] {processor.py:161} INFO - Started process (PID=1152) to work on /home/airflow/.local/lib/python3.8/site-packages/airflow/example_dags/example_kubernetes_executor.py
[2026-08-21T22:56:20.191+0000] {processor.py:830} INFO - Processing file /home/airflow/.local/lib/python3.8/site-packages/airflow/example_dags/example_kubernetes_executor.py for tasks to queue
[2026-08-21T22:56:20.194+0000] {logging_mixin.py:188} INFO - [2026-08-21T22:56:20.193+0000] {dagbag.py:540} INFO - Filling up the DagBag from /home/airflow/.local/lib/python3.8/site-packages/airflow/example_dags/example_kubernetes_executor.py
[2026-08-21T22:56:20.210+0000] {processor.py:840} INFO - DAG(s) 'example_kubernetes_executor' retrieved from /home/airflow/.local/lib/python3.8/site-packages/airflow/example_dags/example_kubernetes_executor.py
[2026-08-21T22:56:20.265+0000] {logging_mixin.py:188} INFO - [2026-08-21T22:56:20.264+0000] {dag.py:3047} INFO - Sync 1 DAGs
[2026-08-21T22:56:20.279+0000] {logging_mixin.py:188} INFO - [2026-08-21T22:56:20.279+0000] {dag.py:3834} INFO - Setting next_dagrun for example_kubernetes_executor to None, run_after=None
[2026-08-21T22:56:20.303+0000] {processor.py:183} INFO - Processing /home/airflow/.local/lib/python3.8/site-packages/airflow/example_dags/example_kubernetes_executor.py took 0.117 seconds
[2026-08-21T22:56:50.725+0000] {processor.py:161} INFO - Started process (PID=1209) to work on /home/airflow/.local/lib/python3.8/site-packages/airflow/example_dags/example_kubernetes_executor.py
[2026-08-21T22:56:50.728+0000] {processor.py:830} INFO - Processing file /home/airflow/.local/lib/python3.8/site-packages/airflow/example_dags/example_kubernetes_executor.py for tasks to queue
[2026-08-21T22:56:50.731+0000] {logging_mixin.py:188} INFO - [2026-08-21T22:56:50.731+0000] {dagbag.py:540} INFO - Filling up the DagBag from /home/airflow/.local/lib/python3.8/site-packages/airflow/example_dags/example_kubernetes_executor.py
[2026-08-21T22:56:50.749+0000] {processor.py:840} INFO - DAG(s) 'example_kubernetes_executor' retrieved from /home/airflow/.local/lib/python3.8/site-packages/airflow/example_dags/example_kubernetes_executor.py
[2026-08-21T22:56:50.795+0000] {logging_mixin.py:188} INFO - [2026-08-21T22:56:50.795+0000] {dag.py:3047} INFO - Sync 1 DAGs
[2026-08-21T22:56:50.812+0000] {logging_mixin.py:188} INFO - [2026-08-21T22:56:50.812+0000] {dag.py:3834} INFO - Setting next_dagrun for example_kubernetes_executor to None, run_after=None
[2026-08-21T22:56:50.835+0000] {processor.py:183} INFO - Processing /home/airflow/.local/lib/python3.8/site-packages/airflow/example_dags/example_kubernetes_executor.py took 0.117 seconds
[2026-08-21T22:57:21.444+0000] {processor.py:161} INFO - Started process (PID=1266) to work on /home/airflow/.local/lib/python3.8/site-packages/airflow/example_dags/example_kubernetes_executor.py
[2026-08-21T22:57:21.446+0000] {processor.py:830} INFO - Processing file /home/airflow/.local/lib/python3.8/site-packages/airflow/example_dags/example_kubernetes_executor.py for tasks to queue
[2026-08-21T22:57:21.449+0000] {logging_mixin.py:188} INFO - [2026-08-21T22:57:21.449+0000] {dagbag.py:540} INFO - Filling up the DagBag from /home/airflow/.local/lib/python3.8/site-packages/airflow/example_dags/example_kubernetes_executor.py
[2026-08-21T22:57:21.467+0000] {processor.py:840} INFO - DAG(s) 'example_kubernetes_executor' retrieved from /home/airflow/.local/lib/python3.8/site-packages/airflow/example_dags/example_kubernetes_executor.py
[2026-08-21T22:57:21.520+0000] {logging_mixin.py:188} INFO - [2026-08-21T22:57:21.519+0000] {dag.py:3047} INFO - Sync 1 DAGs
[2026-08-21T22:57:21.540+0000] {logging_mixin.py:188} INFO - [2026-08-21T22:57:21.539+0000] {dag.py:3834} INFO - Setting next_dagrun for example_kubernetes_executor to None, run_after=None
[2026-08-21T22:57:21.568+0000] {processor.py:183} INFO - Processing /home/airflow/.local/lib/python3.8/site-packages/airflow/example_dags/example_kubernetes_executor.py took 0.131 seconds
[2026-08-21T22:57:51.988+0000] {processor.py:161} INFO - Started process (PID=1323) to work on /home/airflow/.local/lib/python3.8/site-packages/airflow/example_dags/example_kubernetes_executor.py
[2026-08-21T22:57:51.990+0000] {processor.py:830} INFO - Processing file /home/airflow/.local/lib/python3.8/site-packages/airflow/example_dags/example_kubernetes_executor.py for tasks to queue
[2026-08-21T22:57:51.993+0000] {logging_mixin.py:188} INFO - [2026-08-21T22:57:51.993+0000] {dagbag.py:540} INFO - Filling up the DagBag from /home/airflow/.local/lib/python3.8/site-packages/airflow/example_dags/example_kubernetes_executor.py
[2026-08-21T22:57:52.011+0000] {processor.py:840} INFO - DAG(s) 'example_kubernetes_executor' retrieved from /home/airflow/.local/lib/python3.8/site-packages/airflow/example_dags/example_kubernetes_executor.py
[2026-08-21T22:57:52.061+0000] {logging_mixin.py:188} INFO - [2026-08-21T22:57:52.060+0000] {dag.py:3047} INFO - Sync 1 DAGs
[2026-08-21T22:57:52.077+0000] {logging_mixin.py:188} INFO - [2026-08-21T22:57:52.077+0000] {dag.py:3834} INFO - Setting next_dagrun for example_kubernetes_executor to None, run_after=None
[2026-08-21T22:57:52.100+0000] {processor.py:183} INFO - Processing /home/airflow/.local/lib/python3.8/site-packages/airflow/example_dags/example_kubernetes_executor.py took 0.116 seconds
[2026-08-21T22:58:22.389+0000] {processor.py:161} INFO - Started process (PID=1380) to work on /home/airflow/.local/lib/python3.8/site-packages/airflow/example_dags/example_kubernetes_executor.py
[2026-08-21T22:58:22.390+0000] {processor.py:830} INFO - Processing file /home/airflow/.local/lib/python3.8/site-packages/airflow/example_dags/example_kubernetes_executor.py for tasks to queue
[2026-08-21T22:58:22.393+0000] {logging_mixin.py:188} INFO - [2026-08-21T22:58:22.393+0000] {dagbag.py:540} INFO - Filling up the DagBag from /home/airflow/.local/lib/python3.8/site-packages/airflow/example_dags/example_kubernetes_executor.py
[2026-08-21T22:58:22.411+0000] {processor.py:840} INFO - DAG(s) 'example_kubernetes_executor' retrieved from /home/airflow/.local/lib/python3.8/site-packages/airflow/example_dags/example_kubernetes_executor.py
[2026-08-21T22:58:22.466+0000] {logging_mixin.py:188} INFO - [2026-08-21T22:58:22.466+0000] {dag.py:3047} INFO - Sync 1 DAGs
[2026-08-21T22:58:22.482+0000] {logging_mixin.py:188} INFO - [2026-08-21T22:58:22.481+0000] {dag.py:3834} INFO - Setting next_dagrun for example_kubernetes_executor to None, run_after=None
[2026-08-21T22:58:22.512+0000] {processor.py:183} INFO - Processing /home/airflow/.local/lib/python3.8/site-packages/airflow/example_dags/example_kubernetes_executor.py took 0.127 seconds
[2026-08-21T22:58:52.674+0000] {processor.py:161} INFO - Started process (PID=1437) to work on /home/airflow/.local/lib/python3.8/site-packages/airflow/example_dags/example_kubernetes_executor.py
[2026-08-21T22:58:52.675+0000] {processor.py:830} INFO - Processing file /home/airflow/.local/lib/python3.8/site-packages/airflow/example_dags/example_kubernetes_executor.py for tasks to queue
[2026-08-21T22:58:52.678+0000] {logging_mixin.py:188} INFO - [2026-08-21T22:58:52.678+0000] {dagbag.py:540} INFO - Filling up the DagBag from /home/airflow/.local/lib/python3.8/site-packages/airflow/example_dags/example_kubernetes_executor.py
[2026-08-21T22:58:52.697+0000] {processor.py:840} INFO - DAG(s) 'example_kubernetes_executor' retrieved from /home/airflow/.local/lib/python3.8/site-packages/airflow/example_dags/example_kubernetes_executor.py
[2026-08-21T22:58:52.745+0000] {logging_mixin.py:188} INFO - [2026-08-21T22:58:52.744+0000] {dag.py:3047} INFO - Sync 1 DAGs
[2026-08-21T22:58:52.761+0000] {logging_mixin.py:188} INFO - [2026-08-21T22:58:52.761+0000] {dag.py:3834} INFO - Setting next_dagrun for example_kubernetes_executor to None, run_after=None
[2026-08-21T22:58:52.785+0000] {processor.py:183} INFO - Processing /home/airflow/.local/lib/python3.8/site-packages/airflow/example_dags/example_kubernetes_executor.py took 0.116 seconds
[2026-08-21T22:59:23.343+0000] {processor.py:161} INFO - Started process (PID=1494) to work on /home/airflow/.local/lib/python3.8/site-packages/airflow/example_dags/example_kubernetes_executor.py
[2026-08-21T22:59:23.344+0000] {processor.py:830} INFO - Processing file /home/airflow/.local/lib/python3.8/site-packages/airflow/example_dags/example_kubernetes_executor.py for tasks to queue
[2026-08-21T22:59:23.347+0000] {logging_mixin.py:188} INFO - [2026-08-21T22:59:23.347+0000] {dagbag.py:540} INFO - Filling up the DagBag from /home/airflow/.local/lib/python3.8/site-packages/airflow/example_dags/example_kubernetes_executor.py
[2026-08-21T22:59:23.364+0000] {processor.py:840} INFO - DAG(s) 'example_kubernetes_executor' retrieved from /home/airflow/.local/lib/python3.8/site-packages/airflow/example_dags/example_kubernetes_executor.py
[2026-08-21T22:59:23.423+0000] {logging_mixin.py:188} INFO - [2026-08-21T22:59:23.423+0000] {dag.py:3047} INFO - Sync 1 DAGs
[2026-08-21T22:59:23.441+0000] {logging_mixin.py:188} INFO - [2026-08-21T22:59:23.441+0000] {dag.py:3834} INFO - Setting next_dagrun for example_kubernetes_executor to None, run_after=None
[2026-08-21T22:59:23.466+0000] {processor.py:183} INFO - Processing /home/airflow/.local/lib/python3.8/site-packages/airflow/example_dags/example_kubernetes_executor.py took 0.129 seconds
[2026-08-21T22:59:53.779+0000] {processor.py:161} INFO - Started process (PID=1551) to work on /home/airflow/.local/lib/python3.8/site-packages/airflow/example_dags/example_kubernetes_executor.py
[2026-08-21T22:59:53.781+0000] {processor.py:830} INFO - Processing file /home/airflow/.local/lib/python3.8/site-packages/airflow/example_dags/example_kubernetes_executor.py for tasks to queue
[2026-08-21T22:59:53.783+0000] {logging_mixin.py:188} INFO - [2026-08-21T22:59:53.783+0000] {dagbag.py:540} INFO - Filling up the DagBag from /home/airflow/.local/lib/python3.8/site-packages/airflow/example_dags/example_kubernetes_executor.py
[2026-08-21T22:59:53.803+0000] {processor.py:840} INFO - DAG(s) 'example_kubernetes_executor' retrieved from /home/airflow/.local/lib/python3.8/site-packages/airflow/example_dags/example_kubernetes_executor.py
[2026-08-21T22:59:53.846+0000] {logging_mixin.py:188} INFO - [2026-08-21T22:59:53.845+0000] {dag.py:3047} INFO - Sync 1 DAGs
[2026-08-21T22:59:53.859+0000] {logging_mixin.py:188} INFO - [2026-08-21T22:59:53.858+0000] {dag.py:3834} INFO - Setting next_dagrun for example_kubernetes_executor to None, run_after=None
[2026-08-21T22:59:53.879+0000] {processor.py:183} INFO - Processing /home/airflow/.local/lib/python3.8/site-packages/airflow/example_dags/example_kubernetes_executor.py took 0.105 seconds
[2026-08-21T23:00:24.138+0000] {processor.py:161} INFO - Started process (PID=1608) to work on /home/airflow/.local/lib/python3.8/site-packages/airflow/example_dags/example_kubernetes_executor.py
[2026-08-21T23:00:24.140+0000] {processor.py:830} INFO - Processing file /home/airflow/.local/lib/python3.8/site-packages/airflow/example_dags/example_kubernetes_executor.py for tasks to queue
[2026-08-21T23:00:24.143+0000] {logging_mixin.py:188} INFO - [2026-08-21T23:00:24.143+0000] {dagbag.py:540} INFO - Filling up the DagBag from /home/airflow/.local/lib/python3.8/site-packages/airflow/example_dags/example_kubernetes_executor.py
[2026-08-21T23:00:24.166+0000] {processor.py:840} INFO - DAG(s) 'example_kubernetes_executor' retrieved from /home/airflow/.local/lib/python3.8/site-packages/airflow/example_dags/example_kubernetes_executor.py
[2026-08-21T23:00:24.210+0000] {logging_mixin.py:188} INFO - [2026-08-21T23:00:24.210+0000] {dag.py:3047} INFO - Sync 1 DAGs
[2026-08-21T23:00:24.222+0000] {logging_mixin.py:188} INFO - [2026-08-21T23:00:24.222+0000] {dag.py:3834} INFO - Setting next_dagrun for example_kubernetes_executor to None, run_after=None
[2026-08-21T23:00:24.246+0000] {processor.py:183} INFO - Processing /home/airflow/.local/lib/python3.8/site-packages/airflow/example_dags/example_kubernetes_executor.py took 0.111 seconds
[2026-08-21T23:00:55.146+0000] {processor.py:161} INFO - Started process (PID=1665) to work on /home/airflow/.local/lib/python3.8/site-packages/airflow/example_dags/example_kubernetes_executor.py
[2026-08-21T23:00:55.147+0000] {processor.py:830} INFO - Processing file /home/airflow/.local/lib/python3.8/site-packages/airflow/example_dags/example_kubernetes_executor.py for tasks to queue
[2026-08-21T23:00:55.150+0000] {logging_mixin.py:188} INFO - [2026-08-21T23:00:55.150+0000] {dagbag.py:540} INFO - Filling up the DagBag from /home/airflow/.local/lib/python3.8/site-packages/airflow/example_dags/example_kubernetes_executor.py
[2026-08-21T23:00:55.175+0000] {processor.py:840} INFO - DAG(s) 'example_kubernetes_executor' retrieved from /home/airflow/.local/lib/python3.8/site-packages/airflow/example_dags/example_kubernetes_executor.py
[2026-08-21T23:00:55.228+0000] {logging_mixin.py:188} INFO - [2026-08-21T23:00:55.228+0000] {dag.py:3047} INFO - Sync 1 DAGs
[2026-08-21T23:00:55.244+0000] {logging_mixin.py:188} INFO - [2026-08-21T23:00:55.244+0000] {dag.py:3834} INFO - Setting next_dagrun for example_kubernetes_executor to None, run_after=None
[2026-08-21T23:00:55.265+0000] {processor.py:183} INFO - Processing /home/airflow/.local/lib/python3.8/site-packages/airflow/example_dags/example_kubernetes_executor.py took 0.123 seconds
[2026-08-21T23:01:25.984+0000] {processor.py:161} INFO - Started process (PID=1722) to work on /home/airflow/.local/lib/python3.8/site-packages/airflow/example_dags/example_kubernetes_executor.py
[2026-08-21T23:01:25.986+0000] {processor.py:830} INFO - Processing file /home/airflow/.local/lib/python3.8/site-packages/airflow/example_dags/example_kubernetes_executor.py for tasks to queue
[2026-08-21T23:01:25.988+0000] {logging_mixin.py:188} INFO - [2026-08-21T23:01:25.988+0000] {dagbag.py:540} INFO - Filling up the DagBag from /home/airflow/.local/lib/python3.8/site-packages/airflow/example_dags/example_kubernetes_executor.py
[2026-08-21T23:01:26.009+0000] {processor.py:840} INFO - DAG(s) 'example_kubernetes_executor' retrieved from /home/airflow/.local/lib/python3.8/site-packages/airflow/example_dags/example_kubernetes_executor.py
[2026-08-21T23:01:26.055+0000] {logging_mixin.py:188} INFO - [2026-08-21T23:01:26.055+0000] {dag.py:3047} INFO - Sync 1 DAGs
[2026-08-21T23:01:26.068+0000] {logging_mixin.py:188} INFO - [2026-08-21T23:01:26.068+0000] {dag.py:3834} INFO - Setting next_dagrun for example_kubernetes_executor to None, run_after=None
[2026-08-21T23:01:26.092+0000] {processor.py:183} INFO - Processing /home/airflow/.local/lib/python3.8/site-packages/airflow/example_dags/example_kubernetes_executor.py took 0.112 seconds
[2026-08-21T23:01:56.511+0000] {processor.py:161} INFO - Started process (PID=1779) to work on /home/airflow/.local/lib/python3.8/site-packages/airflow/example_dags/example_kubernetes_executor.py
[2026-08-21T23:01:56.513+0000] {processor.py:830} INFO - Processing file /home/airflow/.local/lib/python3.8/site-packages/airflow/example_dags/example_kubernetes_executor.py for tasks to queue
[2026-08-21T23:01:56.517+0000] {logging_mixin.py:188} INFO - [2026-08-21T23:01:56.516+0000] {dagbag.py:540} INFO - Filling up the DagBag from /home/airflow/.local/lib/python3.8/site-packages/airflow/example_dags/example_kubernetes_executor.py
[2026-08-21T23:01:56.535+0000] {processor.py:840} INFO - DAG(s) 'example_kubernetes_executor' retrieved from /home/airflow/.local/lib/python3.8/site-packages/airflow/example_dags/example_kubernetes_executor.py
[2026-08-21T23:01:56.579+0000] {logging_mixin.py:188} INFO - [2026-08-21T23:01:56.579+0000] {dag.py:3047} INFO - Sync 1 DAGs
[2026-08-21T23:01:56.592+0000] {logging_mixin.py:188} INFO - [2026-08-21T23:01:56.592+0000] {dag.py:3834} INFO - Setting next_dagrun for example_kubernetes_executor to None, run_after=None
[2026-08-21T23:01:56.615+0000] {processor.py:183} INFO - Processing /home/airflow/.local/lib/python3.8/site-packages/airflow/example_dags/example_kubernetes_executor.py took 0.108 seconds
[2026-08-21T23:02:26.727+0000] {processor.py:161} INFO - Started process (PID=1836) to work on /home/airflow/.local/lib/python3.8/site-packages/airflow/example_dags/example_kubernetes_executor.py
[2026-08-21T23:02:26.730+0000] {processor.py:830} INFO - Processing file /home/airflow/.local/lib/python3.8/site-packages/airflow/example_dags/example_kubernetes_executor.py for tasks to queue
[2026-08-21T23:02:26.734+0000] {logging_mixin.py:188} INFO - [2026-08-21T23:02:26.733+0000] {dagbag.py:540} INFO - Filling up the DagBag from /home/airflow/.local/lib/python3.8/site-packages/airflow/example_dags/example_kubernetes_executor.py
[2026-08-21T23:02:26.761+0000] {processor.py:840} INFO - DAG(s) 'example_kubernetes_executor' retrieved from /home/airflow/.local/lib/python3.8/site-packages/airflow/example_dags/example_kubernetes_executor.py
[2026-08-21T23:02:26.813+0000] {logging_mixin.py:188} INFO - [2026-08-21T23:02:26.813+0000] {dag.py:3047} INFO - Sync 1 DAGs
[2026-08-21T23:02:26.831+0000] {logging_mixin.py:188} INFO - [2026-08-21T23:02:26.831+0000] {dag.py:3834} INFO - Setting next_dagrun for example_kubernetes_executor to None, run_after=None
[2026-08-21T23:02:26.861+0000] {processor.py:183} INFO - Processing /home/airflow/.local/lib/python3.8/site-packages/airflow/example_dags/example_kubernetes_executor.py took 0.141 seconds
[2026-08-21T23:02:57.205+0000] {processor.py:161} INFO - Started process (PID=1893) to work on /home/airflow/.local/lib/python3.8/site-packages/airflow/example_dags/example_kubernetes_executor.py
[2026-08-21T23:02:57.208+0000] {processor.py:830} INFO - Processing file /home/airflow/.local/lib/python3.8/site-packages/airflow/example_dags/example_kubernetes_executor.py for tasks to queue
[2026-08-21T23:02:57.212+0000] {logging_mixin.py:188} INFO - [2026-08-21T23:02:57.212+0000] {dagbag.py:540} INFO - Filling up the DagBag from /home/airflow/.local/lib/python3.8/site-packages/airflow/example_dags/example_kubernetes_executor.py
[2026-08-21T23:02:57.247+0000] {processor.py:840} INFO - DAG(s) 'example_kubernetes_executor' retrieved from /home/airflow/.local/lib/python3.8/site-packages/airflow/example_dags/example_kubernetes_executor.py
[2026-08-21T23:02:57.303+0000] {logging_mixin.py:188} INFO - [2026-08-21T23:02:57.302+0000] {dag.py:3047} INFO - Sync 1 DAGs
[2026-08-21T23:02:57.321+0000] {logging_mixin.py:188} INFO - [2026-08-21T23:02:57.321+0000] {dag.py:3834} INFO - Setting next_dagrun for example_kubernetes_executor to None, run_after=None
[2026-08-21T23:02:57.344+0000] {processor.py:183} INFO - Processing /home/airflow/.local/lib/python3.8/site-packages/airflow/example_dags/example_kubernetes_executor.py took 0.145 seconds
[2026-08-21T23:03:27.722+0000] {processor.py:161} INFO - Started process (PID=1950) to work on /home/airflow/.local/lib/python3.8/site-packages/airflow/example_dags/example_kubernetes_executor.py
[2026-08-21T23:03:27.724+0000] {processor.py:830} INFO - Processing file /home/airflow/.local/lib/python3.8/site-packages/airflow/example_dags/example_kubernetes_executor.py for tasks to queue
[2026-08-21T23:03:27.730+0000] {logging_mixin.py:188} INFO - [2026-08-21T23:03:27.729+0000] {dagbag.py:540} INFO - Filling up the DagBag from /home/airflow/.local/lib/python3.8/site-packages/airflow/example_dags/example_kubernetes_executor.py
[2026-08-21T23:03:27.755+0000] {processor.py:840} INFO - DAG(s) 'example_kubernetes_executor' retrieved from /home/airflow/.local/lib/python3.8/site-packages/airflow/example_dags/example_kubernetes_executor.py
[2026-08-21T23:03:27.801+0000] {logging_mixin.py:188} INFO - [2026-08-21T23:03:27.801+0000] {dag.py:3047} INFO - Sync 1 DAGs
[2026-08-21T23:03:27.816+0000] {logging_mixin.py:188} INFO - [2026-08-21T23:03:27.816+0000] {dag.py:3834} INFO - Setting next_dagrun for example_kubernetes_executor to None, run_after=None
[2026-08-21T23:03:27.840+0000] {processor.py:183} INFO - Processing /home/airflow/.local/lib/python3.8/site-packages/airflow/example_dags/example_kubernetes_executor.py took 0.123 seconds
[2026-08-21T23:03:58.286+0000] {processor.py:161} INFO - Started process (PID=2007) to work on /home/airflow/.local/lib/python3.8/site-packages/airflow/example_dags/example_kubernetes_executor.py
[2026-08-21T23:03:58.288+0000] {processor.py:830} INFO - Processing file /home/airflow/.local/lib/python3.8/site-packages/airflow/example_dags/example_kubernetes_executor.py for tasks to queue
[2026-08-21T23:03:58.291+0000] {logging_mixin.py:188} INFO - [2026-08-21T23:03:58.291+0000] {dagbag.py:540} INFO - Filling up the DagBag from /home/airflow/.local/lib/python3.8/site-packages/airflow/example_dags/example_kubernetes_executor.py
[2026-08-21T23:03:58.307+0000] {processor.py:840} INFO - DAG(s) 'example_kubernetes_executor' retrieved from /home/airflow/.local/lib/python3.8/site-packages/airflow/example_dags/example_kubernetes_executor.py
[2026-08-21T23:03:58.351+0000] {logging_mixin.py:188} INFO - [2026-08-21T23:03:58.350+0000] {dag.py:3047} INFO - Sync 1 DAGs
[2026-08-21T23:03:58.365+0000] {logging_mixin.py:188} INFO - [2026-08-21T23:03:58.365+0000] {dag.py:3834} INFO - Setting next_dagrun for example_kubernetes_executor to None, run_after=None
[2026-08-21T23:03:58.387+0000] {processor.py:183} INFO - Processing /home/airflow/.local/lib/python3.8/site-packages/airflow/example_dags/example_kubernetes_executor.py took 0.105 seconds
[2026-08-21T23:04:28.834+0000] {processor.py:161} INFO - Started process (PID=2064) to work on /home/airflow/.local/lib/python3.8/site-packages/airflow/example_dags/example_kubernetes_executor.py
[2026-08-21T23:04:28.835+0000] {processor.py:830} INFO - Processing file /home/airflow/.local/lib/python3.8/site-packages/airflow/example_dags/example_kubernetes_executor.py for tasks to queue
[2026-08-21T23:04:28.838+0000] {logging_mixin.py:188} INFO - [2026-08-21T23:04:28.838+0000] {dagbag.py:540} INFO - Filling up the DagBag from /home/airflow/.local/lib/python3.8/site-packages/airflow/example_dags/example_kubernetes_executor.py
[2026-08-21T23:04:28.854+0000] {processor.py:840} INFO - DAG(s) 'example_kubernetes_executor' retrieved from /home/airflow/.local/lib/python3.8/site-packages/airflow/example_dags/example_kubernetes_executor.py
[2026-08-21T23:04:28.901+0000] {logging_mixin.py:188} INFO - [2026-08-21T23:04:28.901+0000] {dag.py:3047} INFO - Sync 1 DAGs
[2026-08-21T23:04:28.915+0000] {logging_mixin.py:188} INFO - [2026-08-21T23:04:28.915+0000] {dag.py:3834} INFO - Setting next_dagrun for example_kubernetes_executor to None, run_after=None
[2026-08-21T23:04:28.937+0000] {processor.py:183} INFO - Processing /home/airflow/.local/lib/python3.8/site-packages/airflow/example_dags/example_kubernetes_executor.py took 0.106 seconds
[2026-08-21T23:04:59.412+0000] {processor.py:161} INFO - Started process (PID=2121) to work on /home/airflow/.local/lib/python3.8/site-packages/airflow/example_dags/example_kubernetes_executor.py
[2026-08-21T23:04:59.413+0000] {processor.py:830} INFO - Processing file /home/airflow/.local/lib/python3.8/site-packages/airflow/example_dags/example_kubernetes_executor.py for tasks to queue
[2026-08-21T23:04:59.416+0000] {logging_mixin.py:188} INFO - [2026-08-21T23:04:59.415+0000] {dagbag.py:540} INFO - Filling up the DagBag from /home/airflow/.local/lib/python3.8/site-packages/airflow/example_dags/example_kubernetes_executor.py
[2026-08-21T23:04:59.432+0000] {processor.py:840} INFO - DAG(s) 'example_kubernetes_executor' retrieved from /home/airflow/.local/lib/python3.8/site-packages/airflow/example_dags/example_kubernetes_executor.py
[2026-08-21T23:04:59.479+0000] {logging_mixin.py:188} INFO - [2026-08-21T23:04:59.479+0000] {dag.py:3047} INFO - Sync 1 DAGs
[2026-08-21T23:04:59.495+0000] {logging_mixin.py:188} INFO - [2026-08-21T23:04:59.495+0000] {dag.py:3834} INFO - Setting next_dagrun for example_kubernetes_executor to None, run_after=None
[2026-08-21T23:04:59.518+0000] {processor.py:183} INFO - Processing /home/airflow/.local/lib/python3.8/site-packages/airflow/example_dags/example_kubernetes_executor.py took 0.110 seconds
[2026-08-21T23:05:29.652+0000] {processor.py:161} INFO - Started process (PID=2178) to work on /home/airflow/.local/lib/python3.8/site-packages/airflow/example_dags/example_kubernetes_executor.py
[2026-08-21T23:05:29.654+0000] {processor.py:830} INFO - Processing file /home/airflow/.local/lib/python3.8/site-packages/airflow/example_dags/example_kubernetes_executor.py for tasks to queue
[2026-08-21T23:05:29.657+0000] {logging_mixin.py:188} INFO - [2026-08-21T23:05:29.657+0000] {dagbag.py:540} INFO - Filling up the DagBag from /home/airflow/.local/lib/python3.8/site-packages/airflow/example_dags/example_kubernetes_executor.py
[2026-08-21T23:05:29.674+0000] {processor.py:840} INFO - DAG(s) 'example_kubernetes_executor' retrieved from /home/airflow/.local/lib/python3.8/site-packages/airflow/example_dags/example_kubernetes_executor.py
[2026-08-21T23:05:29.725+0000] {logging_mixin.py:188} INFO - [2026-08-21T23:05:29.725+0000] {dag.py:3047} INFO - Sync 1 DAGs
[2026-08-21T23:05:29.740+0000] {logging_mixin.py:188} INFO - [2026-08-21T23:05:29.740+0000] {dag.py:3834} INFO - Setting next_dagrun for example_kubernetes_executor to None, run_after=None
[2026-08-21T23:05:29.763+0000] {processor.py:183} INFO - Processing /home/airflow/.local/lib/python3.8/site-packages/airflow/example_dags/example_kubernetes_executor.py took 0.115 seconds
[2026-08-21T23:05:59.997+0000] {processor.py:161} INFO - Started process (PID=2235) to work on /home/airflow/.local/lib/python3.8/site-packages/airflow/example_dags/example_kubernetes_executor.py
[2026-08-21T23:05:59.998+0000] {processor.py:830} INFO - Processing file /home/airflow/.local/lib/python3.8/site-packages/airflow/example_dags/example_kubernetes_executor.py for tasks to queue
[2026-08-21T23:06:00.002+0000] {logging_mixin.py:188} INFO - [2026-08-21T23:06:00.001+0000] {dagbag.py:540} INFO - Filling up the DagBag from /home/airflow/.local/lib/python3.8/site-packages/airflow/example_dags/example_kubernetes_executor.py
[2026-08-21T23:06:00.021+0000] {processor.py:840} INFO - DAG(s) 'example_kubernetes_executor' retrieved from /home/airflow/.local/lib/python3.8/site-packages/airflow/example_dags/example_kubernetes_executor.py
[2026-08-21T23:06:00.066+0000] {logging_mixin.py:188} INFO - [2026-08-21T23:06:00.066+0000] {dag.py:3047} INFO - Sync 1 DAGs
[2026-08-21T23:06:00.081+0000] {logging_mixin.py:188} INFO - [2026-08-21T23:06:00.081+0000] {dag.py:3834} INFO - Setting next_dagrun for example_kubernetes_executor to None, run_after=None
[2026-08-21T23:06:00.103+0000] {processor.py:183} INFO - Processing /home/airflow/.local/lib/python3.8/site-packages/airflow/example_dags/example_kubernetes_executor.py took 0.110 seconds
[2026-08-21T23:06:30.955+0000] {processor.py:161} INFO - Started process (PID=2292) to work on /home/airflow/.local/lib/python3.8/site-packages/airflow/example_dags/example_kubernetes_executor.py
[2026-08-21T23:06:30.957+0000] {processor.py:830} INFO - Processing file /home/airflow/.local/lib/python3.8/site-packages/airflow/example_dags/example_kubernetes_executor.py for tasks to queue
[2026-08-21T23:06:30.959+0000] {logging_mixin.py:188} INFO - [2026-08-21T23:06:30.959+0000] {dagbag.py:540} INFO - Filling up the DagBag from /home/airflow/.local/lib/python3.8/site-packages/airflow/example_dags/example_kubernetes_executor.py
[2026-08-21T23:06:30.976+0000] {processor.py:840} INFO - DAG(s) 'example_kubernetes_executor' retrieved from /home/airflow/.local/lib/python3.8/site-packages/airflow/example_dags/example_kubernetes_executor.py
[2026-08-21T23:06:31.021+0000] {logging_mixin.py:188} INFO - [2026-08-21T23:06:31.021+0000] {dag.py:3047} INFO - Sync 1 DAGs
[2026-08-21T23:06:31.034+0000] {logging_mixin.py:188} INFO - [2026-08-21T23:06:31.034+0000] {dag.py:3834} INFO - Setting next_dagrun for example_kubernetes_executor to None, run_after=None
[2026-08-21T23:06:31.058+0000] {processor.py:183} INFO - Processing /home/airflow/.local/lib/python3.8/site-packages/airflow/example_dags/example_kubernetes_executor.py took 0.106 seconds
[2026-08-21T23:07:01.183+0000] {processor.py:161} INFO - Started process (PID=2349) to work on /home/airflow/.local/lib/python3.8/site-packages/airflow/example_dags/example_kubernetes_executor.py
[2026-08-21T23:07:01.185+0000] {processor.py:830} INFO - Processing file /home/airflow/.local/lib/python3.8/site-packages/airflow/example_dags/example_kubernetes_executor.py for tasks to queue
[2026-08-21T23:07:01.187+0000] {logging_mixin.py:188} INFO - [2026-08-21T23:07:01.187+0000] {dagbag.py:540} INFO - Filling up the DagBag from /home/airflow/.local/lib/python3.8/site-packages/airflow/example_dags/example_kubernetes_executor.py
[2026-08-21T23:07:01.206+0000] {processor.py:840} INFO - DAG(s) 'example_kubernetes_executor' retrieved from /home/airflow/.local/lib/python3.8/site-packages/airflow/example_dags/example_kubernetes_executor.py
[2026-08-21T23:07:01.248+0000] {logging_mixin.py:188} INFO - [2026-08-21T23:07:01.247+0000] {dag.py:3047} INFO - Sync 1 DAGs
[2026-08-21T23:07:01.260+0000] {logging_mixin.py:188} INFO - [2026-08-21T23:07:01.259+0000] {dag.py:3834} INFO - Setting next_dagrun for example_kubernetes_executor to None, run_after=None
[2026-08-21T23:07:01.303+0000] {processor.py:183} INFO - Processing /home/airflow/.local/lib/python3.8/site-packages/airflow/example_dags/example_kubernetes_executor.py took 0.130 seconds
[2026-08-21T23:07:31.771+0000] {processor.py:161} INFO - Started process (PID=2406) to work on /home/airflow/.local/lib/python3.8/site-packages/airflow/example_dags/example_kubernetes_executor.py
[2026-08-21T23:07:31.773+0000] {processor.py:830} INFO - Processing file /home/airflow/.local/lib/python3.8/site-packages/airflow/example_dags/example_kubernetes_executor.py for tasks to queue
[2026-08-21T23:07:31.776+0000] {logging_mixin.py:188} INFO - [2026-08-21T23:07:31.775+0000] {dagbag.py:540} INFO - Filling up the DagBag from /home/airflow/.local/lib/python3.8/site-packages/airflow/example_dags/example_kubernetes_executor.py
[2026-08-21T23:07:31.794+0000] {processor.py:840} INFO - DAG(s) 'example_kubernetes_executor' retrieved from /home/airflow/.local/lib/python3.8/site-packages/airflow/example_dags/example_kubernetes_executor.py
[2026-08-21T23:07:31.847+0000] {logging_mixin.py:188} INFO - [2026-08-21T23:07:31.847+0000] {dag.py:3047} INFO - Sync 1 DAGs
[2026-08-21T23:07:31.863+0000] {logging_mixin.py:188} INFO - [2026-08-21T23:07:31.862+0000] {dag.py:3834} INFO - Setting next_dagrun for example_kubernetes_executor to None, run_after=None
[2026-08-21T23:07:31.889+0000] {processor.py:183} INFO - Processing /home/airflow/.local/lib/python3.8/site-packages/airflow/example_dags/example_kubernetes_executor.py took 0.121 seconds
[2026-08-21T23:08:02.314+0000] {processor.py:161} INFO - Started process (PID=2465) to work on /home/airflow/.local/lib/python3.8/site-packages/airflow/example_dags/example_kubernetes_executor.py
[2026-08-21T23:08:02.316+0000] {processor.py:830} INFO - Processing file /home/airflow/.local/lib/python3.8/site-packages/airflow/example_dags/example_kubernetes_executor.py for tasks to queue
[2026-08-21T23:08:02.318+0000] {logging_mixin.py:188} INFO - [2026-08-21T23:08:02.318+0000] {dagbag.py:540} INFO - Filling up the DagBag from /home/airflow/.local/lib/python3.8/site-packages/airflow/example_dags/example_kubernetes_executor.py
[2026-08-21T23:08:02.334+0000] {processor.py:840} INFO - DAG(s) 'example_kubernetes_executor' retrieved from /home/airflow/.local/lib/python3.8/site-packages/airflow/example_dags/example_kubernetes_executor.py
[2026-08-21T23:08:02.378+0000] {logging_mixin.py:188} INFO - [2026-08-21T23:08:02.378+0000] {dag.py:3047} INFO - Sync 1 DAGs
[2026-08-21T23:08:02.391+0000] {logging_mixin.py:188} INFO - [2026-08-21T23:08:02.391+0000] {dag.py:3834} INFO - Setting next_dagrun for example_kubernetes_executor to None, run_after=None
[2026-08-21T23:08:02.414+0000] {processor.py:183} INFO - Processing /home/airflow/.local/lib/python3.8/site-packages/airflow/example_dags/example_kubernetes_executor.py took 0.104 seconds
