[2026-08-21T22:46:40.531+0000] {processor.py:161} INFO - Started process (PID=59) to work on /home/airflow/.local/lib/python3.8/site-packages/airflow/example_dags/example_bash_operator.py
[2026-08-21T22:46:40.536+0000] {processor.py:830} INFO - Processing file /home/airflow/.local/lib/python3.8/site-packages/airflow/example_dags/example_bash_operator.py for tasks to queue
[2026-08-21T22:46:40.541+0000] {logging_mixin.py:188} INFO - [2026-08-21T22:46:40.540+0000] {dagbag.py:540} INFO - Filling up the DagBag from /home/airflow/.local/lib/python3.8/site-packages/airflow/example_dags/example_bash_operator.py
[2026-08-21T22:46:40.573+0000] {processor.py:840} INFO - DAG(s) 'example_bash_operator' retrieved from /home/airflow/.local/lib/python3.8/site-packages/airflow/example_dags/example_bash_operator.py
[2026-08-21T22:46:40.600+0000] {logging_mixin.py:188} INFO - [2026-08-21T22:46:40.599+0000] {dag.py:3047} INFO - Sync 1 DAGs
[2026-08-21T22:46:40.650+0000] {logging_mixin.py:188} INFO - [2026-08-21T22:46:40.650+0000] {dag.py:3834} INFO - Setting next_dagrun for example_bash_operator to 2026-08-20 00:00:00+00:00, run_after=2026-08-21 00:00:00+00:00
[2026-08-21T22:46:40.682+0000] {processor.py:183} INFO - Processing /home/airflow/.local/lib/python3.8/site-packages/airflow/example_dags/example_bash_operator.py took 0.159 seconds
[2026-08-21T22:47:11.209+0000] {processor.py:161} INFO - Started process (PID=115) to work on /home/airflow/.local/lib/python3.8/site-packages/airflow/example_dags/example_bash_operator.py
[2026-08-21T22:47:11.211+0000] {processor.py:830} INFO - Processing file /home/airflow/.local/lib/python3.8/site-packages/airflow/example_dags/example_bash_operator.py for tasks to queue
[2026-08-21T22:47:11.214+0000] {logging_mixin.py:188} INFO - [2026-08-21T22:47:11.213+0000] {dagbag.py:540} INFO - Filling up the DagBag from /home/airflow/.local/lib/python3.8/site-packages/airflow/example_dags/example_bash_operator.py
[2026-08-21T22:47:11.230+0000] {processor.py:840} INFO - DAG(s) 'example_bash_operator' retrieved from /home/airflow/.local/lib/python3.8/site-packages/airflow/example_dags/example_bash_operator.py
[2026-08-21T22:47:11.382+0000] {logging_mixin.py:188} INFO - [2026-08-21T22:47:11.381+0000] {dag.py:3047} INFO - Sync 1 DAGs
[2026-08-21T22:47:11.409+0000] {logging_mixin.py:188} INFO - [2026-08-21T22:47:11.409+0000] {dag.py:3834} INFO - Setting next_dagrun for example_bash_operator to 2026-08-20 00:00:00+00:00, run_after=2026-08-21 00:00:00+00:00
[2026-08-21T22:47:11.433+0000] {processor.py:183} INFO - Processing /home/airflow/.local/lib/python3.8/site-packages/airflow/example_dags/example_bash_operator.py took 0.231 seconds
[2026-08-21T22:47:42.272+0000] {processor.py:161} INFO - Started process (PID=178) to work on /home/airflow/.local/lib/python3.8/site-packages/airflow/example_dags/example_bash_operator.py
[2026-08-21T22:47:42.275+0000] {processor.py:830} INFO - Processing file /home/airflow/.local/lib/python3.8/site-packages/airflow/example_dags/example_bash_operator.py for tasks to queue
[2026-08-21T22:47:42.279+0000] {logging_mixin.py:188} INFO - [2026-08-21T22:47:42.279+0000] {dagbag.py:540} INFO - Filling up the DagBag from /home/airflow/.local/lib/python3.8/site-packages/airflow/example_dags/example_bash_operator.py
[2026-08-21T22:47:42.300+0000] {processor.py:840} INFO - DAG(s) 'example_bash_operator' retrieved from /home/airflow/.local/lib/python3.8/site-packages/airflow/example_dags/example_bash_operator.py
[2026-08-21T22:47:42.345+0000] {logging_mixin.py:188} INFO - [2026-08-21T22:47:42.345+0000] {dag.py:3047} INFO - Sync 1 DAGs
[2026-08-21T22:47:42.378+0000] {logging_mixin.py:188} INFO - [2026-08-21T22:47:42.378+0000] {dag.py:3834} INFO - Setting next_dagrun for example_bash_operator to 2026-08-20 00:00:00+00:00, run_after=2026-08-21 00:00:00+00:00
[2026-08-21T22:47:42.402+0000] {processor.py:183} INFO - Processing /home/airflow/.local/lib/python3.8/site-packages/airflow/example_dags/example_bash_operator.py took 0.138 seconds
[2026-08-21T22:48:12.616+0000] {processor.py:161} INFO - Started process (PID=235) to work on /home/airflow/.local/lib/python3.8/site-packages/airflow/example_dags/example_bash_operator.py
[2026-08-21T22:48:12.618+0000] {processor.py:830} INFO - Processing file /home/airflow/.local/lib/python3.8/site-packages/airflow/example_dags/example_bash_operator.py for tasks to queue
[2026-08-21T22:48:12.623+0000] {logging_mixin.py:188} INFO - [2026-08-21T22:48:12.622+0000] {dagbag.py:540} INFO - Filling up the DagBag from /home/airflow/.local/lib/python3.8/site-packages/airflow/example_dags/example_bash_operator.py
[2026-08-21T22:48:12.645+0000] {processor.py:840} INFO - DAG(s) 'example_bash_operator' retrieved from /home/airflow/.local/lib/python3.8/site-packages/airflow/example_dags/example_bash_operator.py
[2026-08-21T22:48:12.686+0000] {logging_mixin.py:188} INFO - [2026-08-21T22:48:12.685+0000] {dag.py:3047} INFO - Sync 1 DAGs
[2026-08-21T22:48:12.722+0000] {logging_mixin.py:188} INFO - [2026-08-21T22:48:12.721+0000] {dag.py:3834} INFO - Setting next_dagrun for example_bash_operator to 2026-08-20 00:00:00+00:00, run_after=2026-08-21 00:00:00+00:00
[2026-08-21T22:48:12.752+0000] {processor.py:183} INFO - Processing /home/airflow/.local/lib/python3.8/site-packages/airflow/example_dags/example_bash_operator.py took 0.141 seconds
[2026-08-21T22:48:43.216+0000] {processor.py:161} INFO - Started process (PID=292) to work on /home/airflow/.local/lib/python3.8/site-packages/airflow/example_dags/example_bash_operator.py
[2026-08-21T22:48:43.218+0000] {processor.py:830} INFO - Processing file /home/airflow/.local/lib/python3.8/site-packages/airflow/example_dags/example_bash_operator.py for tasks to queue
[2026-08-21T22:48:43.220+0000] {logging_mixin.py:188} INFO - [2026-08-21T22:48:43.219+0000] {dagbag.py:540} INFO - Filling up the DagBag from /home/airflow/.local/lib/python3.8/site-packages/airflow/example_dags/example_bash_operator.py
[2026-08-21T22:48:43.232+0000] {processor.py:840} INFO - DAG(s) 'example_bash_operator' retrieved from /home/airflow/.local/lib/python3.8/site-packages/airflow/example_dags/example_bash_operator.py
[2026-08-21T22:48:43.272+0000] {logging_mixin.py:188} INFO - [2026-08-21T22:48:43.271+0000] {dag.py:3047} INFO - Sync 1 DAGs
[2026-08-21T22:48:43.300+0000] {logging_mixin.py:188} INFO - [2026-08-21T22:48:43.300+0000] {dag.py:3834} INFO - Setting next_dagrun for example_bash_operator to 2026-08-20 00:00:00+00:00, run_after=2026-08-21 00:00:00+00:00
[2026-08-21T22:48:43.324+0000] {processor.py:183} INFO - Processing /home/airflow/.local/lib/python3.8/site-packages/airflow/example_dags/example_bash_operator.py took 0.112 seconds
[2026-08-21T22:49:13.593+0000] {processor.py:161} INFO - Started process (PID=349) to work on /home/airflow/.local/lib/python3.8/site-packages/airflow/example_dags/example_bash_operator.py
[2026-08-21T22:49:13.595+0000] {processor.py:830} INFO - Processing file /home/airflow/.local/lib/python3.8/site-packages/airflow/example_dags/example_bash_operator.py for tasks to queue
[2026-08-21T22:49:13.598+0000] {logging_mixin.py:188} INFO - [2026-08-21T22:49:13.598+0000] {dagbag.py:540} INFO - Filling up the DagBag from /home/airflow/.local/lib/python3.8/site-packages/airflow/example_dags/example_bash_operator.py
[2026-08-21T22:49:13.610+0000] {processor.py:840} INFO - DAG(s) 'example_bash_operator' retrieved from /home/airflow/.local/lib/python3.8/site-packages/airflow/example_dags/example_bash_operator.py
[2026-08-21T22:49:13.646+0000] {logging_mixin.py:188} INFO - [2026-08-21T22:49:13.645+0000] {dag.py:3047} INFO - Sync 1 DAGs
[2026-08-21T22:49:13.676+0000] {logging_mixin.py:188} INFO - [2026-08-21T22:49:13.675+0000] {dag.py:3834} INFO - Setting next_dagrun for example_bash_operator to 2026-08-20 00:00:00+00:00, run_after=2026-08-21 00:00:00+00:00
[2026-08-21T22:49:13.703+0000] {processor.py:183} INFO - Processing /home/airflow/.local/lib/python3.8/site-packages/airflow/example_dags/example_bash_operator.py took 0.114 seconds
[2026-08-21T22:49:43.864+0000] {processor.py:161} INFO - Started process (PID=406) to work on /home/airflow/.local/lib/python3.8/site-packages/airflow/example_dags/example_bash_operator.py
[2026-08-21T22:49:43.866+0000] {processor.py:830} INFO - Processing file /home/airflow/.local/lib/python3.8/site-packages/airflow/example_dags/example_bash_operator.py for tasks to queue
[2026-08-21T22:49:43.870+0000] {logging_mixin.py:188} INFO - [2026-08-21T22:49:43.869+0000] {dagbag.py:540} INFO - Filling up the DagBag from /home/airflow/.local/lib/python3.8/site-packages/airflow/example_dags/example_bash_operator.py
[2026-08-21T22:49:43.885+0000] {processor.py:840} INFO - DAG(s) 'example_bash_operator' retrieved from /home/airflow/.local/lib/python3.8/site-packages/airflow/example_dags/example_bash_operator.py
[2026-08-21T22:49:43.923+0000] {logging_mixin.py:188} INFO - [2026-08-21T22:49:43.922+0000] {dag.py:3047} INFO - Sync 1 DAGs
[2026-08-21T22:49:43.956+0000] {logging_mixin.py:188} INFO - [2026-08-21T22:49:43.956+0000] {dag.py:3834} INFO - Setting next_dagrun for example_bash_operator to 2026-08-20 00:00:00+00:00, run_after=2026-08-21 00:00:00+00:00
[2026-08-21T22:49:43.981+0000] {processor.py:183} INFO - Processing /home/airflow/.local/lib/python3.8/site-packages/airflow/example_dags/example_bash_operator.py took 0.122 seconds
[2026-08-21T22:50:14.277+0000] {processor.py:161} INFO - Started process (PID=463) to work on /home/airflow/.local/lib/python3.8/site-packages/airflow/example_dags/example_bash_operator.py
[2026-08-21T22:50:14.279+0000] {processor.py:830} INFO - Processing file /home/airflow/.local/lib/python3.8/site-packages/airflow/example_dags/example_bash_operator.py for tasks to queue
[2026-08-21T22:50:14.282+0000] {logging_mixin.py:188} INFO - [2026-08-21T22:50:14.281+0000] {dagbag.py:540} INFO - Filling up the DagBag from /home/airflow/.local/lib/python3.8/site-packages/airflow/example_dags/example_bash_operator.py
[2026-08-21T22:50:14.297+0000] {processor.py:840} INFO - DAG(s) 'example_bash_operator' retrieved from /home/airflow/.local/lib/python3.8/site-packages/airflow/example_dags/example_bash_operator.py
[2026-08-21T22:50:14.337+0000] {logging_mixin.py:188} INFO - [2026-08-21T22:50:14.336+0000] {dag.py:3047} INFO - Sync 1 DAGs
[2026-08-21T22:50:14.363+0000] {logging_mixin.py:188} INFO - [2026-08-21T22:50:14.363+0000] {dag.py:3834} INFO - Setting next_dagrun for example_bash_operator to 2026-08-20 00:00:00+00:00, run_after=2026-08-21 00:00:00+00:00
[2026-08-21T22:50:14.387+0000] {processor.py:183} INFO - Processing /home/airflow/.local/lib/python3.8/site-packages/airflow/example_dags/example_bash_operator.py took 0.115 seconds
[2026-08-21T22:50:44.520+0000] {processor.py:161} INFO - Started process (PID=520) to work on /home/airflow/.local/lib/python3.8/site-packages/airflow/example_dags/example_bash_operator.py
[2026-08-21T22:50:44.522+0000] {processor.py:830} INFO - Processing file /home/airflow/.local/lib/python3.8/site-packages/airflow/example_dags/example_bash_operator.py for tasks to queue
[2026-08-21T22:50:44.526+0000] {logging_mixin.py:188} INFO - [2026-08-21T22:50:44.525+0000] {dagbag.py:540} INFO - Filling up the DagBag from /home/airflow/.local/lib/python3.8/site-packages/airflow/example_dags/example_bash_operator.py
[2026-08-21T22:50:44.543+0000] {processor.py:840} INFO - DAG(s) 'example_bash_operator' retrieved from /home/airflow/.local/lib/python3.8/site-packages/airflow/example_dags/example_bash_operator.py
[2026-08-21T22:50:44.584+0000] {logging_mixin.py:188} INFO - [2026-08-21T22:50:44.584+0000] {dag.py:3047} INFO - Sync 1 DAGs
[2026-08-21T22:50:44.668+0000] {logging_mixin.py:188} INFO - [2026-08-21T22:50:44.668+0000] {dag.py:3834} INFO - Setting next_dagrun for example_bash_operator to 2026-08-20 00:00:00+00:00, run_after=2026-08-21 00:00:00+00:00
[2026-08-21T22:50:44.709+0000] {processor.py:183} INFO - Processing /home/airflow/.local/lib/python3.8/site-packages/airflow/example_dags/example_bash_operator.py took 0.193 seconds
[2026-08-21T22:51:14.799+0000] {processor.py:161} INFO - Started process (PID=577) to work on /home/airflow/.local/lib/python3.8/site-packages/airflow/example_dags/example_bash_operator.py
[2026-08-21T22:51:14.802+0000] {processor.py:830} INFO - Processing file /home/airflow/.local/lib/python3.8/site-packages/airflow/example_dags/example_bash_operator.py for tasks to queue
[2026-08-21T22:51:14.806+0000] {logging_mixin.py:188} INFO - [2026-08-21T22:51:14.806+0000] {dagbag.py:540} INFO - Filling up the DagBag from /home/airflow/.local/lib/python3.8/site-packages/airflow/example_dags/example_bash_operator.py
[2026-08-21T22:51:14.824+0000] {processor.py:840} INFO - DAG(s) 'example_bash_operator' retrieved from /home/airflow/.local/lib/python3.8/site-packages/airflow/example_dags/example_bash_operator.py
[2026-08-21T22:51:14.865+0000] {logging_mixin.py:188} INFO - [2026-08-21T22:51:14.864+0000] {dag.py:3047} INFO - Sync 1 DAGs
[2026-08-21T22:51:14.894+0000] {logging_mixin.py:188} INFO - [2026-08-21T22:51:14.893+0000] {dag.py:3834} INFO - Setting next_dagrun for example_bash_operator to 2026-08-20 00:00:00+00:00, run_after=2026-08-21 00:00:00+00:00
[2026-08-21T22:51:14.920+0000] {processor.py:183} INFO - Processing /home/airflow/.local/lib/python3.8/site-packages/airflow/example_dags/example_bash_operator.py took 0.126 seconds
[2026-08-21T22:51:45.021+0000] {processor.py:161} INFO - Started process (PID=635) to work on /home/airflow/.local/lib/python3.8/site-packages/airflow/example_dags/example_bash_operator.py
[2026-08-21T22:51:45.023+0000] {processor.py:830} INFO - Processing file /home/airflow/.local/lib/python3.8/site-packages/airflow/example_dags/example_bash_operator.py for tasks to queue
[2026-08-21T22:51:45.026+0000] {logging_mixin.py:188} INFO - [2026-08-21T22:51:45.025+0000] {dagbag.py:540} INFO - Filling up the DagBag from /home/airflow/.local/lib/python3.8/site-packages/airflow/example_dags/example_bash_operator.py
[2026-08-21T22:51:45.042+0000] {processor.py:840} INFO - DAG(s) 'example_bash_operator' retrieved from /home/airflow/.local/lib/python3.8/site-packages/airflow/example_dags/example_bash_operator.py
[2026-08-21T22:51:45.084+0000] {logging_mixin.py:188} INFO - [2026-08-21T22:51:45.084+0000] {dag.py:3047} INFO - Sync 1 DAGs
[2026-08-21T22:51:45.121+0000] {logging_mixin.py:188} INFO - [2026-08-21T22:51:45.121+0000] {dag.py:3834} INFO - Setting next_dagrun for example_bash_operator to 2026-08-20 00:00:00+00:00, run_after=2026-08-21 00:00:00+00:00
[2026-08-21T22:51:45.154+0000] {processor.py:183} INFO - Processing /home/airflow/.local/lib/python3.8/site-packages/airflow/example_dags/example_bash_operator.py took 0.137 seconds
[2026-08-21T22:52:15.512+0000] {processor.py:161} INFO - Started process (PID=691) to work on /home/airflow/.local/lib/python3.8/site-packages/airflow/example_dags/example_bash_operator.py
[2026-08-21T22:52:15.514+0000] {processor.py:830} INFO - Processing file /home/airflow/.local/lib/python3.8/site-packages/airflow/example_dags/example_bash_operator.py for tasks to queue
[2026-08-21T22:52:15.516+0000] {logging_mixin.py:188} INFO - [2026-08-21T22:52:15.516+0000] {dagbag.py:540} INFO - Filling up the DagBag from /home/airflow/.local/lib/python3.8/site-packages/airflow/example_dags/example_bash_operator.py
[2026-08-21T22:52:15.530+0000] {processor.py:840} INFO - DAG(s) 'example_bash_operator' retrieved from /home/airflow/.local/lib/python3.8/site-packages/airflow/example_dags/example_bash_operator.py
[2026-08-21T22:52:15.564+0000] {logging_mixin.py:188} INFO - [2026-08-21T22:52:15.563+0000] {dag.py:3047} INFO - Sync 1 DAGs
[2026-08-21T22:52:15.590+0000] {logging_mixin.py:188} INFO - [2026-08-21T22:52:15.589+0000] {dag.py:3834} INFO - Setting next_dagrun for example_bash_operator to 2026-08-20 00:00:00+00:00, run_after=2026-08-21 00:00:00+00:00
[2026-08-21T22:52:15.617+0000] {processor.py:183} INFO - Processing /home/airflow/.local/lib/python3.8/site-packages/airflow/example_dags/example_bash_operator.py took 0.109 seconds
[2026-08-21T22:52:46.351+0000] {processor.py:161} INFO - Started process (PID=748) to work on /home/airflow/.local/lib/python3.8/site-packages/airflow/example_dags/example_bash_operator.py
[2026-08-21T22:52:46.353+0000] {processor.py:830} INFO - Processing file /home/airflow/.local/lib/python3.8/site-packages/airflow/example_dags/example_bash_operator.py for tasks to queue
[2026-08-21T22:52:46.357+0000] {logging_mixin.py:188} INFO - [2026-08-21T22:52:46.356+0000] {dagbag.py:540} INFO - Filling up the DagBag from /home/airflow/.local/lib/python3.8/site-packages/airflow/example_dags/example_bash_operator.py
[2026-08-21T22:52:46.386+0000] {processor.py:840} INFO - DAG(s) 'example_bash_operator' retrieved from /home/airflow/.local/lib/python3.8/site-packages/airflow/example_dags/example_bash_operator.py
[2026-08-21T22:52:46.453+0000] {logging_mixin.py:188} INFO - [2026-08-21T22:52:46.453+0000] {dag.py:3047} INFO - Sync 1 DAGs
[2026-08-21T22:52:46.520+0000] {logging_mixin.py:188} INFO - [2026-08-21T22:52:46.519+0000] {dag.py:3834} INFO - Setting next_dagrun for example_bash_operator to 2026-08-20 00:00:00+00:00, run_after=2026-08-21 00:00:00+00:00
[2026-08-21T22:52:46.573+0000] {processor.py:183} INFO - Processing /home/airflow/.local/lib/python3.8/site-packages/airflow/example_dags/example_bash_operator.py took 0.231 seconds
[2026-08-21T22:53:16.635+0000] {processor.py:161} INFO - Started process (PID=805) to work on /home/airflow/.local/lib/python3.8/site-packages/airflow/example_dags/example_bash_operator.py
[2026-08-21T22:53:16.638+0000] {processor.py:830} INFO - Processing file /home/airflow/.local/lib/python3.8/site-packages/airflow/example_dags/example_bash_operator.py for tasks to queue
[2026-08-21T22:53:16.644+0000] {logging_mixin.py:188} INFO - [2026-08-21T22:53:16.642+0000] {dagbag.py:540} INFO - Filling up the DagBag from /home/airflow/.local/lib/python3.8/site-packages/airflow/example_dags/example_bash_operator.py
[2026-08-21T22:53:16.665+0000] {processor.py:840} INFO - DAG(s) 'example_bash_operator' retrieved from /home/airflow/.local/lib/python3.8/site-packages/airflow/example_dags/example_bash_operator.py
[2026-08-21T22:53:16.719+0000] {logging_mixin.py:188} INFO - [2026-08-21T22:53:16.719+0000] {dag.py:3047} INFO - Sync 1 DAGs
[2026-08-21T22:53:16.753+0000] {logging_mixin.py:188} INFO - [2026-08-21T22:53:16.753+0000] {dag.py:3834} INFO - Setting next_dagrun for example_bash_operator to 2026-08-20 00:00:00+00:00, run_after=2026-08-21 00:00:00+00:00
[2026-08-21T22:53:16.778+0000] {processor.py:183} INFO - Processing /home/airflow/.local/lib/python3.8/site-packages/airflow/example_dags/example_bash_operator.py took 0.149 seconds
[2026-08-21T22:53:46.869+0000] {processor.py:161} INFO - Started process (PID=862) to work on /home/airflow/.local/lib/python3.8/site-packages/airflow/example_dags/example_bash_operator.py
[2026-08-21T22:53:46.871+0000] {processor.py:830} INFO - Processing file /home/airflow/.local/lib/python3.8/site-packages/airflow/example_dags/example_bash_operator.py for tasks to queue
[2026-08-21T22:53:46.875+0000] {logging_mixin.py:188} INFO - [2026-08-21T22:53:46.875+0000] {dagbag.py:540} INFO - Filling up the DagBag from /home/airflow/.local/lib/python3.8/site-packages/airflow/example_dags/example_bash_operator.py
[2026-08-21T22:53:46.890+0000] {processor.py:840} INFO - DAG(s) 'example_bash_operator' retrieved from /home/airflow/.local/lib/python3.8/site-packages/airflow/example_dags/example_bash_operator.py
[2026-08-21T22:53:46.928+0000] {logging_mixin.py:188} INFO - [2026-08-21T22:53:46.928+0000] {dag.py:3047} INFO - Sync 1 DAGs
[2026-08-21T22:53:46.955+0000] {logging_mixin.py:188} INFO - [2026-08-21T22:53:46.954+0000] {dag.py:3834} INFO - Setting next_dagrun for example_bash_operator to 2026-08-20 00:00:00+00:00, run_after=2026-08-21 00:00:00+00:00
[2026-08-21T22:53:46.979+0000] {processor.py:183} INFO - Processing /home/airflow/.local/lib/python3.8/site-packages/airflow/example_dags/example_bash_operator.py took 0.114 seconds
[2026-08-21T22:54:17.186+0000] {processor.py:161} INFO - Started process (PID=919) to work on /home/airflow/.local/lib/python3.8/site-packages/airflow/example_dags/example_bash_operator.py
[2026-08-21T22:54:17.195+0000] {processor.py:830} INFO - Processing file /home/airflow/.local/lib/python3.8/site-packages/airflow/example_dags/example_bash_operator.py for tasks to queue
[2026-08-21T22:54:17.198+0000] {logging_mixin.py:188} INFO - [2026-08-21T22:54:17.197+0000] {dagbag.py:540} INFO - Filling up the DagBag from /home/airflow/.local/lib/python3.8/site-packages/airflow/example_dags/example_bash_operator.py
[2026-08-21T22:54:17.210+0000] {processor.py:840} INFO - DAG(s) 'example_bash_operator' retrieved from /home/airflow/.local/lib/python3.8/site-packages/airflow/example_dags/example_bash_operator.py
[2026-08-21T22:54:17.243+0000] {logging_mixin.py:188} INFO - [2026-08-21T22:54:17.242+0000] {dag.py:3047} INFO - Sync 1 DAGs
[2026-08-21T22:54:17.270+0000] {logging_mixin.py:188} INFO - [2026-08-21T22:54:17.269+0000] {dag.py:3834} INFO - Setting next_dagrun for example_bash_operator to 2026-08-20 00:00:00+00:00, run_after=2026-08-21 00:00:00+00:00
[2026-08-21T22:54:17.292+0000] {processor.py:183} INFO - Processing /home/airflow/.local/lib/python3.8/site-packages/airflow/example_dags/example_bash_operator.py took 0.111 seconds
[2026-08-21T22:54:48.171+0000] {processor.py:161} INFO - Started process (PID=976) to work on /home/airflow/.local/lib/python3.8/site-packages/airflow/example_dags/example_bash_operator.py
[2026-08-21T22:54:48.173+0000] {processor.py:830} INFO - Processing file /home/airflow/.local/lib/python3.8/site-packages/airflow/example_dags/example_bash_operator.py for tasks to queue
[2026-08-21T22:54:48.176+0000] {logging_mixin.py:188} INFO - [2026-08-21T22:54:48.175+0000] {dagbag.py:540} INFO - Filling up the DagBag from /home/airflow/.local/lib/python3.8/site-packages/airflow/example_dags/example_bash_operator.py
[2026-08-21T22:54:48.193+0000] {processor.py:840} INFO - DAG(s) 'example_bash_operator' retrieved from /home/airflow/.local/lib/python3.8/site-packages/airflow/example_dags/example_bash_operator.py
[2026-08-21T22:54:48.241+0000] {logging_mixin.py:188} INFO - [2026-08-21T22:54:48.241+0000] {dag.py:3047} INFO - Sync 1 DAGs
[2026-08-21T22:54:48.272+0000] {logging_mixin.py:188} INFO - [2026-08-21T22:54:48.272+0000] {dag.py:3834} INFO - Setting next_dagrun for example_bash_operator to 2026-08-20 00:00:00+00:00, run_after=2026-08-21 00:00:00+00:00
[2026-08-21T22:54:48.298+0000] {processor.py:183} INFO - Processing /home/airflow/.local/lib/python3.8/site-packages/airflow/example_dags/example_bash_operator.py took 0.133 seconds
[2026-08-21T22:55:18.626+0000] {processor.py:161} INFO - Started process (PID=1033) to work on /home/airflow/.local/lib/python3.8/site-packages/airflow/example_dags/example_bash_operator.py
[2026-08-21T22:55:18.628+0000] {processor.py:830} INFO - Processing file /home/airflow/.local/lib/python3.8/site-packages/airflow/example_dags/example_bash_operator.py for tasks to queue
[2026-08-21T22:55:18.630+0000] {logging_mixin.py:188} INFO - [2026-08-21T22:55:18.630+0000] {dagbag.py:540} INFO - Filling up the DagBag from /home/airflow/.local/lib/python3.8/site-packages/airflow/example_dags/example_bash_operator.py
[2026-08-21T22:55:18.644+0000] {processor.py:840} INFO - DAG(s) 'example_bash_operator' retrieved from /home/airflow/.local/lib/python3.8/site-packages/airflow/example_dags/example_bash_operator.py
[2026-08-21T22:55:18.680+0000] {logging_mixin.py:188} INFO - [2026-08-21T22:55:18.680+0000] {dag.py:3047} INFO - Sync 1 DAGs
[2026-08-21T22:55:18.709+0000] {logging_mixin.py:188} INFO - [2026-08-21T22:55:18.709+0000] {dag.py:3834} INFO - Setting next_dagrun for example_bash_operator to 2026-08-20 00:00:00+00:00, run_after=2026-08-21 00:00:00+00:00
[2026-08-21T22:55:18.740+0000] {processor.py:183} INFO - Processing /home/airflow/.local/lib/python3.8/site-packages/airflow/example_dags/example_bash_operator.py took 0.118 seconds
[2026-08-21T22:55:48.894+0000] {processor.py:161} INFO - Started process (PID=1090) to work on /home/airflow/.local/lib/python3.8/site-packages/airflow/example_dags/example_bash_operator.py
[2026-08-21T22:55:48.897+0000] {processor.py:830} INFO - Processing file /home/airflow/.local/lib/python3.8/site-packages/airflow/example_dags/example_bash_operator.py for tasks to queue
[2026-08-21T22:55:48.902+0000] {logging_mixin.py:188} INFO - [2026-08-21T22:55:48.901+0000] {dagbag.py:540} INFO - Filling up the DagBag from /home/airflow/.local/lib/python3.8/site-packages/airflow/example_dags/example_bash_operator.py
[2026-08-21T22:55:48.917+0000] {processor.py:840} INFO - DAG(s) 'example_bash_operator' retrieved from /home/airflow/.local/lib/python3.8/site-packages/airflow/example_dags/example_bash_operator.py
[2026-08-21T22:55:48.963+0000] {logging_mixin.py:188} INFO - [2026-08-21T22:55:48.962+0000] {dag.py:3047} INFO - Sync 1 DAGs
[2026-08-21T22:55:48.993+0000] {logging_mixin.py:188} INFO - [2026-08-21T22:55:48.993+0000] {dag.py:3834} INFO - Setting next_dagrun for example_bash_operator to 2026-08-20 00:00:00+00:00, run_after=2026-08-21 00:00:00+00:00
[2026-08-21T22:55:49.021+0000] {processor.py:183} INFO - Processing /home/airflow/.local/lib/python3.8/site-packages/airflow/example_dags/example_bash_operator.py took 0.133 seconds
[2026-08-21T22:56:19.759+0000] {processor.py:161} INFO - Started process (PID=1147) to work on /home/airflow/.local/lib/python3.8/site-packages/airflow/example_dags/example_bash_operator.py
[2026-08-21T22:56:19.761+0000] {processor.py:830} INFO - Processing file /home/airflow/.local/lib/python3.8/site-packages/airflow/example_dags/example_bash_operator.py for tasks to queue
[2026-08-21T22:56:19.763+0000] {logging_mixin.py:188} INFO - [2026-08-21T22:56:19.763+0000] {dagbag.py:540} INFO - Filling up the DagBag from /home/airflow/.local/lib/python3.8/site-packages/airflow/example_dags/example_bash_operator.py
[2026-08-21T22:56:19.778+0000] {processor.py:840} INFO - DAG(s) 'example_bash_operator' retrieved from /home/airflow/.local/lib/python3.8/site-packages/airflow/example_dags/example_bash_operator.py
[2026-08-21T22:56:19.822+0000] {logging_mixin.py:188} INFO - [2026-08-21T22:56:19.822+0000] {dag.py:3047} INFO - Sync 1 DAGs
[2026-08-21T22:56:19.853+0000] {logging_mixin.py:188} INFO - [2026-08-21T22:56:19.853+0000] {dag.py:3834} INFO - Setting next_dagrun for example_bash_operator to 2026-08-20 00:00:00+00:00, run_after=2026-08-21 00:00:00+00:00
[2026-08-21T22:56:19.882+0000] {processor.py:183} INFO - Processing /home/airflow/.local/lib/python3.8/site-packages/airflow/example_dags/example_bash_operator.py took 0.128 seconds
[2026-08-21T22:56:50.417+0000] {processor.py:161} INFO - Started process (PID=1204) to work on /home/airflow/.local/lib/python3.8/site-packages/airflow/example_dags/example_bash_operator.py
[2026-08-21T22:56:50.418+0000] {processor.py:830} INFO - Processing file /home/airflow/.local/lib/python3.8/site-packages/airflow/example_dags/example_bash_operator.py for tasks to queue
[2026-08-21T22:56:50.421+0000] {logging_mixin.py:188} INFO - [2026-08-21T22:56:50.421+0000] {dagbag.py:540} INFO - Filling up the DagBag from /home/airflow/.local/lib/python3.8/site-packages/airflow/example_dags/example_bash_operator.py
[2026-08-21T22:56:50.440+0000] {processor.py:840} INFO - DAG(s) 'example_bash_operator' retrieved from /home/airflow/.local/lib/python3.8/site-packages/airflow/example_dags/example_bash_operator.py
[2026-08-21T22:56:50.475+0000] {logging_mixin.py:188} INFO - [2026-08-21T22:56:50.475+0000] {dag.py:3047} INFO - Sync 1 DAGs
[2026-08-21T22:56:50.500+0000] {logging_mixin.py:188} INFO - [2026-08-21T22:56:50.500+0000] {dag.py:3834} INFO - Setting next_dagrun for example_bash_operator to 2026-08-20 00:00:00+00:00, run_after=2026-08-21 00:00:00+00:00
[2026-08-21T22:56:50.525+0000] {processor.py:183} INFO - Processing /home/airflow/.local/lib/python3.8/site-packages/airflow/example_dags/example_bash_operator.py took 0.112 seconds
[2026-08-21T22:57:21.125+0000] {processor.py:161} INFO - Started process (PID=1261) to work on /home/airflow/.local/lib/python3.8/site-packages/airflow/example_dags/example_bash_operator.py
[2026-08-21T22:57:21.126+0000] {processor.py:830} INFO - Processing file /home/airflow/.local/lib/python3.8/site-packages/airflow/example_dags/example_bash_operator.py for tasks to queue
[2026-08-21T22:57:21.130+0000] {logging_mixin.py:188} INFO - [2026-08-21T22:57:21.129+0000] {dagbag.py:540} INFO - Filling up the DagBag from /home/airflow/.local/lib/python3.8/site-packages/airflow/example_dags/example_bash_operator.py
[2026-08-21T22:57:21.146+0000] {processor.py:840} INFO - DAG(s) 'example_bash_operator' retrieved from /home/airflow/.local/lib/python3.8/site-packages/airflow/example_dags/example_bash_operator.py
[2026-08-21T22:57:21.183+0000] {logging_mixin.py:188} INFO - [2026-08-21T22:57:21.182+0000] {dag.py:3047} INFO - Sync 1 DAGs
[2026-08-21T22:57:21.215+0000] {logging_mixin.py:188} INFO - [2026-08-21T22:57:21.215+0000] {dag.py:3834} INFO - Setting next_dagrun for example_bash_operator to 2026-08-20 00:00:00+00:00, run_after=2026-08-21 00:00:00+00:00
[2026-08-21T22:57:21.243+0000] {processor.py:183} INFO - Processing /home/airflow/.local/lib/python3.8/site-packages/airflow/example_dags/example_bash_operator.py took 0.123 seconds
[2026-08-21T22:57:51.685+0000] {processor.py:161} INFO - Started process (PID=1318) to work on /home/airflow/.local/lib/python3.8/site-packages/airflow/example_dags/example_bash_operator.py
[2026-08-21T22:57:51.687+0000] {processor.py:830} INFO - Processing file /home/airflow/.local/lib/python3.8/site-packages/airflow/example_dags/example_bash_operator.py for tasks to queue
[2026-08-21T22:57:51.691+0000] {logging_mixin.py:188} INFO - [2026-08-21T22:57:51.691+0000] {dagbag.py:540} INFO - Filling up the DagBag from /home/airflow/.local/lib/python3.8/site-packages/airflow/example_dags/example_bash_operator.py
[2026-08-21T22:57:51.707+0000] {processor.py:840} INFO - DAG(s) 'example_bash_operator' retrieved from /home/airflow/.local/lib/python3.8/site-packages/airflow/example_dags/example_bash_operator.py
[2026-08-21T22:57:51.748+0000] {logging_mixin.py:188} INFO - [2026-08-21T22:57:51.748+0000] {dag.py:3047} INFO - Sync 1 DAGs
[2026-08-21T22:57:51.776+0000] {logging_mixin.py:188} INFO - [2026-08-21T22:57:51.775+0000] {dag.py:3834} INFO - Setting next_dagrun for example_bash_operator to 2026-08-20 00:00:00+00:00, run_after=2026-08-21 00:00:00+00:00
[2026-08-21T22:57:51.801+0000] {processor.py:183} INFO - Processing /home/airflow/.local/lib/python3.8/site-packages/airflow/example_dags/example_bash_operator.py took 0.121 seconds
[2026-08-21T22:58:21.947+0000] {processor.py:161} INFO - Started process (PID=1375) to work on /home/airflow/.local/lib/python3.8/site-packages/airflow/example_dags/example_bash_operator.py
[2026-08-21T22:58:21.949+0000] {processor.py:830} INFO - Processing file /home/airflow/.local/lib/python3.8/site-packages/airflow/example_dags/example_bash_operator.py for tasks to queue
[2026-08-21T22:58:21.952+0000] {logging_mixin.py:188} INFO - [2026-08-21T22:58:21.952+0000] {dagbag.py:540} INFO - Filling up the DagBag from /home/airflow/.local/lib/python3.8/site-packages/airflow/example_dags/example_bash_operator.py
[2026-08-21T22:58:21.966+0000] {processor.py:840} INFO - DAG(s) 'example_bash_operator' retrieved from /home/airflow/.local/lib/python3.8/site-packages/airflow/example_dags/example_bash_operator.py
[2026-08-21T22:58:22.011+0000] {logging_mixin.py:188} INFO - [2026-08-21T22:58:22.010+0000] {dag.py:3047} INFO - Sync 1 DAGs
[2026-08-21T22:58:22.047+0000] {logging_mixin.py:188} INFO - [2026-08-21T22:58:22.047+0000] {dag.py:3834} INFO - Setting next_dagrun for example_bash_operator to 2026-08-20 00:00:00+00:00, run_after=2026-08-21 00:00:00+00:00
[2026-08-21T22:58:22.076+0000] {processor.py:183} INFO - Processing /home/airflow/.local/lib/python3.8/site-packages/airflow/example_dags/example_bash_operator.py took 0.134 seconds
[2026-08-21T22:58:52.228+0000] {processor.py:161} INFO - Started process (PID=1432) to work on /home/airflow/.local/lib/python3.8/site-packages/airflow/example_dags/example_bash_operator.py
[2026-08-21T22:58:52.230+0000] {processor.py:830} INFO - Processing file /home/airflow/.local/lib/python3.8/site-packages/airflow/example_dags/example_bash_operator.py for tasks to queue
[2026-08-21T22:58:52.234+0000] {logging_mixin.py:188} INFO - [2026-08-21T22:58:52.233+0000] {dagbag.py:540} INFO - Filling up the DagBag from /home/airflow/.local/lib/python3.8/site-packages/airflow/example_dags/example_bash_operator.py
[2026-08-21T22:58:52.247+0000] {processor.py:840} INFO - DAG(s) 'example_bash_operator' retrieved from /home/airflow/.local/lib/python3.8/site-packages/airflow/example_dags/example_bash_operator.py
[2026-08-21T22:58:52.288+0000] {logging_mixin.py:188} INFO - [2026-08-21T22:58:52.288+0000] {dag.py:3047} INFO - Sync 1 DAGs
[2026-08-21T22:58:52.319+0000] {logging_mixin.py:188} INFO - [2026-08-21T22:58:52.319+0000] {dag.py:3834} INFO - Setting next_dagrun for example_bash_operator to 2026-08-20 00:00:00+00:00, run_after=2026-08-21 00:00:00+00:00
[2026-08-21T22:58:52.344+0000] {processor.py:183} INFO - Processing /home/airflow/.local/lib/python3.8/site-packages/airflow/example_dags/example_bash_operator.py took 0.120 seconds
[2026-08-21T22:59:23.027+0000] {processor.py:161} INFO - Started process (PID=1489) to work on /home/airflow/.local/lib/python3.8/site-packages/airflow/example_dags/example_bash_operator.py
[2026-08-21T22:59:23.029+0000] {processor.py:830} INFO - Processing file /home/airflow/.local/lib/python3.8/site-packages/airflow/example_dags/example_bash_operator.py for tasks to queue
[2026-08-21T22:59:23.034+0000] {logging_mixin.py:188} INFO - [2026-08-21T22:59:23.033+0000] {dagbag.py:540} INFO - Filling up the DagBag from /home/airflow/.local/lib/python3.8/site-packages/airflow/example_dags/example_bash_operator.py
[2026-08-21T22:59:23.049+0000] {processor.py:840} INFO - DAG(s) 'example_bash_operator' retrieved from /home/airflow/.local/lib/python3.8/site-packages/airflow/example_dags/example_bash_operator.py
[2026-08-21T22:59:23.091+0000] {logging_mixin.py:188} INFO - [2026-08-21T22:59:23.090+0000] {dag.py:3047} INFO - Sync 1 DAGs
[2026-08-21T22:59:23.124+0000] {logging_mixin.py:188} INFO - [2026-08-21T22:59:23.124+0000] {dag.py:3834} INFO - Setting next_dagrun for example_bash_operator to 2026-08-20 00:00:00+00:00, run_after=2026-08-21 00:00:00+00:00
[2026-08-21T22:59:23.152+0000] {processor.py:183} INFO - Processing /home/airflow/.local/lib/python3.8/site-packages/airflow/example_dags/example_bash_operator.py took 0.129 seconds
[2026-08-21T22:59:53.486+0000] {processor.py:161} INFO - Started process (PID=1546) to work on /home/airflow/.local/lib/python3.8/site-packages/airflow/example_dags/example_bash_operator.py
[2026-08-21T22:59:53.488+0000] {processor.py:830} INFO - Processing file /home/airflow/.local/lib/python3.8/site-packages/airflow/example_dags/example_bash_operator.py for tasks to queue
[2026-08-21T22:59:53.491+0000] {logging_mixin.py:188} INFO - [2026-08-21T22:59:53.491+0000] {dagbag.py:540} INFO - Filling up the DagBag from /home/airflow/.local/lib/python3.8/site-packages/airflow/example_dags/example_bash_operator.py
[2026-08-21T22:59:53.507+0000] {processor.py:840} INFO - DAG(s) 'example_bash_operator' retrieved from /home/airflow/.local/lib/python3.8/site-packages/airflow/example_dags/example_bash_operator.py
[2026-08-21T22:59:53.541+0000] {logging_mixin.py:188} INFO - [2026-08-21T22:59:53.541+0000] {dag.py:3047} INFO - Sync 1 DAGs
[2026-08-21T22:59:53.568+0000] {logging_mixin.py:188} INFO - [2026-08-21T22:59:53.567+0000] {dag.py:3834} INFO - Setting next_dagrun for example_bash_operator to 2026-08-20 00:00:00+00:00, run_after=2026-08-21 00:00:00+00:00
[2026-08-21T22:59:53.592+0000] {processor.py:183} INFO - Processing /home/airflow/.local/lib/python3.8/site-packages/airflow/example_dags/example_bash_operator.py took 0.112 seconds
[2026-08-21T23:00:23.684+0000] {processor.py:161} INFO - Started process (PID=1603) to work on /home/airflow/.local/lib/python3.8/site-packages/airflow/example_dags/example_bash_operator.py
[2026-08-21T23:00:23.685+0000] {processor.py:830} INFO - Processing file /home/airflow/.local/lib/python3.8/site-packages/airflow/example_dags/example_bash_operator.py for tasks to queue
[2026-08-21T23:00:23.688+0000] {logging_mixin.py:188} INFO - [2026-08-21T23:00:23.688+0000] {dagbag.py:540} INFO - Filling up the DagBag from /home/airflow/.local/lib/python3.8/site-packages/airflow/example_dags/example_bash_operator.py
[2026-08-21T23:00:23.703+0000] {processor.py:840} INFO - DAG(s) 'example_bash_operator' retrieved from /home/airflow/.local/lib/python3.8/site-packages/airflow/example_dags/example_bash_operator.py
[2026-08-21T23:00:23.741+0000] {logging_mixin.py:188} INFO - [2026-08-21T23:00:23.741+0000] {dag.py:3047} INFO - Sync 1 DAGs
[2026-08-21T23:00:23.773+0000] {logging_mixin.py:188} INFO - [2026-08-21T23:00:23.773+0000] {dag.py:3834} INFO - Setting next_dagrun for example_bash_operator to 2026-08-20 00:00:00+00:00, run_after=2026-08-21 00:00:00+00:00
[2026-08-21T23:00:23.802+0000] {processor.py:183} INFO - Processing /home/airflow/.local/lib/python3.8/site-packages/airflow/example_dags/example_bash_operator.py took 0.122 seconds
[2026-08-21T23:00:53.865+0000] {processor.py:161} INFO - Started process (PID=1660) to work on /home/airflow/.local/lib/python3.8/site-packages/airflow/example_dags/example_bash_operator.py
[2026-08-21T23:00:53.867+0000] {processor.py:830} INFO - Processing file /home/airflow/.local/lib/python3.8/site-packages/airflow/example_dags/example_bash_operator.py for tasks to queue
[2026-08-21T23:00:53.869+0000] {logging_mixin.py:188} INFO - [2026-08-21T23:00:53.869+0000] {dagbag.py:540} INFO - Filling up the DagBag from /home/airflow/.local/lib/python3.8/site-packages/airflow/example_dags/example_bash_operator.py
[2026-08-21T23:00:53.882+0000] {processor.py:840} INFO - DAG(s) 'example_bash_operator' retrieved from /home/airflow/.local/lib/python3.8/site-packages/airflow/example_dags/example_bash_operator.py
[2026-08-21T23:00:53.915+0000] {logging_mixin.py:188} INFO - [2026-08-21T23:00:53.914+0000] {dag.py:3047} INFO - Sync 1 DAGs
[2026-08-21T23:00:53.942+0000] {logging_mixin.py:188} INFO - [2026-08-21T23:00:53.942+0000] {dag.py:3834} INFO - Setting next_dagrun for example_bash_operator to 2026-08-20 00:00:00+00:00, run_after=2026-08-21 00:00:00+00:00
[2026-08-21T23:00:53.967+0000] {processor.py:183} INFO - Processing /home/airflow/.local/lib/python3.8/site-packages/airflow/example_dags/example_bash_operator.py took 0.106 seconds
[2026-08-21T23:01:24.625+0000] {processor.py:161} INFO - Started process (PID=1717) to work on /home/airflow/.local/lib/python3.8/site-packages/airflow/example_dags/example_bash_operator.py
[2026-08-21T23:01:24.627+0000] {processor.py:830} INFO - Processing file /home/airflow/.local/lib/python3.8/site-packages/airflow/example_dags/example_bash_operator.py for tasks to queue
[2026-08-21T23:01:24.630+0000] {logging_mixin.py:188} INFO - [2026-08-21T23:01:24.630+0000] {dagbag.py:540} INFO - Filling up the DagBag from /home/airflow/.local/lib/python3.8/site-packages/airflow/example_dags/example_bash_operator.py
[2026-08-21T23:01:24.647+0000] {processor.py:840} INFO - DAG(s) 'example_bash_operator' retrieved from /home/airflow/.local/lib/python3.8/site-packages/airflow/example_dags/example_bash_operator.py
[2026-08-21T23:01:24.695+0000] {logging_mixin.py:188} INFO - [2026-08-21T23:01:24.694+0000] {dag.py:3047} INFO - Sync 1 DAGs
[2026-08-21T23:01:24.728+0000] {logging_mixin.py:188} INFO - [2026-08-21T23:01:24.727+0000] {dag.py:3834} INFO - Setting next_dagrun for example_bash_operator to 2026-08-20 00:00:00+00:00, run_after=2026-08-21 00:00:00+00:00
[2026-08-21T23:01:24.750+0000] {processor.py:183} INFO - Processing /home/airflow/.local/lib/python3.8/site-packages/airflow/example_dags/example_bash_operator.py took 0.129 seconds
[2026-08-21T23:01:55.112+0000] {processor.py:161} INFO - Started process (PID=1774) to work on /home/airflow/.local/lib/python3.8/site-packages/airflow/example_dags/example_bash_operator.py
[2026-08-21T23:01:55.114+0000] {processor.py:830} INFO - Processing file /home/airflow/.local/lib/python3.8/site-packages/airflow/example_dags/example_bash_operator.py for tasks to queue
[2026-08-21T23:01:55.116+0000] {logging_mixin.py:188} INFO - [2026-08-21T23:01:55.116+0000] {dagbag.py:540} INFO - Filling up the DagBag from /home/airflow/.local/lib/python3.8/site-packages/airflow/example_dags/example_bash_operator.py
[2026-08-21T23:01:55.130+0000] {processor.py:840} INFO - DAG(s) 'example_bash_operator' retrieved from /home/airflow/.local/lib/python3.8/site-packages/airflow/example_dags/example_bash_operator.py
[2026-08-21T23:01:55.173+0000] {logging_mixin.py:188} INFO - [2026-08-21T23:01:55.172+0000] {dag.py:3047} INFO - Sync 1 DAGs
[2026-08-21T23:01:55.205+0000] {logging_mixin.py:188} INFO - [2026-08-21T23:01:55.205+0000] {dag.py:3834} INFO - Setting next_dagrun for example_bash_operator to 2026-08-20 00:00:00+00:00, run_after=2026-08-21 00:00:00+00:00
[2026-08-21T23:01:55.233+0000] {processor.py:183} INFO - Processing /home/airflow/.local/lib/python3.8/site-packages/airflow/example_dags/example_bash_operator.py took 0.125 seconds
[2026-08-21T23:02:25.385+0000] {processor.py:161} INFO - Started process (PID=1831) to work on /home/airflow/.local/lib/python3.8/site-packages/airflow/example_dags/example_bash_operator.py
[2026-08-21T23:02:25.386+0000] {processor.py:830} INFO - Processing file /home/airflow/.local/lib/python3.8/site-packages/airflow/example_dags/example_bash_operator.py for tasks to queue
[2026-08-21T23:02:25.390+0000] {logging_mixin.py:188} INFO - [2026-08-21T23:02:25.389+0000] {dagbag.py:540} INFO - Filling up the DagBag from /home/airflow/.local/lib/python3.8/site-packages/airflow/example_dags/example_bash_operator.py
[2026-08-21T23:02:25.405+0000] {processor.py:840} INFO - DAG(s) 'example_bash_operator' retrieved from /home/airflow/.local/lib/python3.8/site-packages/airflow/example_dags/example_bash_operator.py
[2026-08-21T23:02:25.440+0000] {logging_mixin.py:188} INFO - [2026-08-21T23:02:25.440+0000] {dag.py:3047} INFO - Sync 1 DAGs
[2026-08-21T23:02:25.472+0000] {logging_mixin.py:188} INFO - [2026-08-21T23:02:25.472+0000] {dag.py:3834} INFO - Setting next_dagrun for example_bash_operator to 2026-08-20 00:00:00+00:00, run_after=2026-08-21 00:00:00+00:00
[2026-08-21T23:02:25.495+0000] {processor.py:183} INFO - Processing /home/airflow/.local/lib/python3.8/site-packages/airflow/example_dags/example_bash_operator.py took 0.115 seconds
[2026-08-21T23:02:55.698+0000] {processor.py:161} INFO - Started process (PID=1888) to work on /home/airflow/.local/lib/python3.8/site-packages/airflow/example_dags/example_bash_operator.py
[2026-08-21T23:02:55.700+0000] {processor.py:830} INFO - Processing file /home/airflow/.local/lib/python3.8/site-packages/airflow/example_dags/example_bash_operator.py for tasks to queue
[2026-08-21T23:02:55.703+0000] {logging_mixin.py:188} INFO - [2026-08-21T23:02:55.702+0000] {dagbag.py:540} INFO - Filling up the DagBag from /home/airflow/.local/lib/python3.8/site-packages/airflow/example_dags/example_bash_operator.py
[2026-08-21T23:02:55.717+0000] {processor.py:840} INFO - DAG(s) 'example_bash_operator' retrieved from /home/airflow/.local/lib/python3.8/site-packages/airflow/example_dags/example_bash_operator.py
[2026-08-21T23:02:55.761+0000] {logging_mixin.py:188} INFO - [2026-08-21T23:02:55.760+0000] {dag.py:3047} INFO - Sync 1 DAGs
[2026-08-21T23:02:55.799+0000] {logging_mixin.py:188} INFO - [2026-08-21T23:02:55.799+0000] {dag.py:3834} INFO - Setting next_dagrun for example_bash_operator to 2026-08-20 00:00:00+00:00, run_after=2026-08-21 00:00:00+00:00
[2026-08-21T23:02:55.850+0000] {processor.py:183} INFO - Processing /home/airflow/.local/lib/python3.8/site-packages/airflow/example_dags/example_bash_operator.py took 0.158 seconds
[2026-08-21T23:03:26.263+0000] {processor.py:161} INFO - Started process (PID=1945) to work on /home/airflow/.local/lib/python3.8/site-packages/airflow/example_dags/example_bash_operator.py
[2026-08-21T23:03:26.265+0000] {processor.py:830} INFO - Processing file /home/airflow/.local/lib/python3.8/site-packages/airflow/example_dags/example_bash_operator.py for tasks to queue
[2026-08-21T23:03:26.269+0000] {logging_mixin.py:188} INFO - [2026-08-21T23:03:26.268+0000] {dagbag.py:540} INFO - Filling up the DagBag from /home/airflow/.local/lib/python3.8/site-packages/airflow/example_dags/example_bash_operator.py
[2026-08-21T23:03:26.287+0000] {processor.py:840} INFO - DAG(s) 'example_bash_operator' retrieved from /home/airflow/.local/lib/python3.8/site-packages/airflow/example_dags/example_bash_operator.py
[2026-08-21T23:03:26.330+0000] {logging_mixin.py:188} INFO - [2026-08-21T23:03:26.329+0000] {dag.py:3047} INFO - Sync 1 DAGs
[2026-08-21T23:03:26.364+0000] {logging_mixin.py:188} INFO - [2026-08-21T23:03:26.364+0000] {dag.py:3834} INFO - Setting next_dagrun for example_bash_operator to 2026-08-20 00:00:00+00:00, run_after=2026-08-21 00:00:00+00:00
[2026-08-21T23:03:26.388+0000] {processor.py:183} INFO - Processing /home/airflow/.local/lib/python3.8/site-packages/airflow/example_dags/example_bash_operator.py took 0.131 seconds
[2026-08-21T23:03:56.899+0000] {processor.py:161} INFO - Started process (PID=2002) to work on /home/airflow/.local/lib/python3.8/site-packages/airflow/example_dags/example_bash_operator.py
[2026-08-21T23:03:56.901+0000] {processor.py:830} INFO - Processing file /home/airflow/.local/lib/python3.8/site-packages/airflow/example_dags/example_bash_operator.py for tasks to queue
[2026-08-21T23:03:56.904+0000] {logging_mixin.py:188} INFO - [2026-08-21T23:03:56.903+0000] {dagbag.py:540} INFO - Filling up the DagBag from /home/airflow/.local/lib/python3.8/site-packages/airflow/example_dags/example_bash_operator.py
[2026-08-21T23:03:56.923+0000] {processor.py:840} INFO - DAG(s) 'example_bash_operator' retrieved from /home/airflow/.local/lib/python3.8/site-packages/airflow/example_dags/example_bash_operator.py
[2026-08-21T23:03:56.966+0000] {logging_mixin.py:188} INFO - [2026-08-21T23:03:56.966+0000] {dag.py:3047} INFO - Sync 1 DAGs
[2026-08-21T23:03:56.996+0000] {logging_mixin.py:188} INFO - [2026-08-21T23:03:56.995+0000] {dag.py:3834} INFO - Setting next_dagrun for example_bash_operator to 2026-08-20 00:00:00+00:00, run_after=2026-08-21 00:00:00+00:00
[2026-08-21T23:03:57.020+0000] {processor.py:183} INFO - Processing /home/airflow/.local/lib/python3.8/site-packages/airflow/example_dags/example_bash_operator.py took 0.125 seconds
[2026-08-21T23:04:27.450+0000] {processor.py:161} INFO - Started process (PID=2059) to work on /home/airflow/.local/lib/python3.8/site-packages/airflow/example_dags/example_bash_operator.py
[2026-08-21T23:04:27.452+0000] {processor.py:830} INFO - Processing file /home/airflow/.local/lib/python3.8/site-packages/airflow/example_dags/example_bash_operator.py for tasks to queue
[2026-08-21T23:04:27.455+0000] {logging_mixin.py:188} INFO - [2026-08-21T23:04:27.455+0000] {dagbag.py:540} INFO - Filling up the DagBag from /home/airflow/.local/lib/python3.8/site-packages/airflow/example_dags/example_bash_operator.py
[2026-08-21T23:04:27.471+0000] {processor.py:840} INFO - DAG(s) 'example_bash_operator' retrieved from /home/airflow/.local/lib/python3.8/site-packages/airflow/example_dags/example_bash_operator.py
[2026-08-21T23:04:27.513+0000] {logging_mixin.py:188} INFO - [2026-08-21T23:04:27.513+0000] {dag.py:3047} INFO - Sync 1 DAGs
[2026-08-21T23:04:27.548+0000] {logging_mixin.py:188} INFO - [2026-08-21T23:04:27.547+0000] {dag.py:3834} INFO - Setting next_dagrun for example_bash_operator to 2026-08-20 00:00:00+00:00, run_after=2026-08-21 00:00:00+00:00
[2026-08-21T23:04:27.570+0000] {processor.py:183} INFO - Processing /home/airflow/.local/lib/python3.8/site-packages/airflow/example_dags/example_bash_operator.py took 0.125 seconds
[2026-08-21T23:04:58.042+0000] {processor.py:161} INFO - Started process (PID=2116) to work on /home/airflow/.local/lib/python3.8/site-packages/airflow/example_dags/example_bash_operator.py
[2026-08-21T23:04:58.045+0000] {processor.py:830} INFO - Processing file /home/airflow/.local/lib/python3.8/site-packages/airflow/example_dags/example_bash_operator.py for tasks to queue
[2026-08-21T23:04:58.048+0000] {logging_mixin.py:188} INFO - [2026-08-21T23:04:58.047+0000] {dagbag.py:540} INFO - Filling up the DagBag from /home/airflow/.local/lib/python3.8/site-packages/airflow/example_dags/example_bash_operator.py
[2026-08-21T23:04:58.065+0000] {processor.py:840} INFO - DAG(s) 'example_bash_operator' retrieved from /home/airflow/.local/lib/python3.8/site-packages/airflow/example_dags/example_bash_operator.py
[2026-08-21T23:04:58.103+0000] {logging_mixin.py:188} INFO - [2026-08-21T23:04:58.103+0000] {dag.py:3047} INFO - Sync 1 DAGs
[2026-08-21T23:04:58.132+0000] {logging_mixin.py:188} INFO - [2026-08-21T23:04:58.132+0000] {dag.py:3834} INFO - Setting next_dagrun for example_bash_operator to 2026-08-20 00:00:00+00:00, run_after=2026-08-21 00:00:00+00:00
[2026-08-21T23:04:58.152+0000] {processor.py:183} INFO - Processing /home/airflow/.local/lib/python3.8/site-packages/airflow/example_dags/example_bash_operator.py took 0.113 seconds
[2026-08-21T23:05:28.213+0000] {processor.py:161} INFO - Started process (PID=2173) to work on /home/airflow/.local/lib/python3.8/site-packages/airflow/example_dags/example_bash_operator.py
[2026-08-21T23:05:28.215+0000] {processor.py:830} INFO - Processing file /home/airflow/.local/lib/python3.8/site-packages/airflow/example_dags/example_bash_operator.py for tasks to queue
[2026-08-21T23:05:28.219+0000] {logging_mixin.py:188} INFO - [2026-08-21T23:05:28.219+0000] {dagbag.py:540} INFO - Filling up the DagBag from /home/airflow/.local/lib/python3.8/site-packages/airflow/example_dags/example_bash_operator.py
[2026-08-21T23:05:28.235+0000] {processor.py:840} INFO - DAG(s) 'example_bash_operator' retrieved from /home/airflow/.local/lib/python3.8/site-packages/airflow/example_dags/example_bash_operator.py
[2026-08-21T23:05:28.280+0000] {logging_mixin.py:188} INFO - [2026-08-21T23:05:28.280+0000] {dag.py:3047} INFO - Sync 1 DAGs
[2026-08-21T23:05:28.315+0000] {logging_mixin.py:188} INFO - [2026-08-21T23:05:28.315+0000] {dag.py:3834} INFO - Setting next_dagrun for example_bash_operator to 2026-08-20 00:00:00+00:00, run_after=2026-08-21 00:00:00+00:00
[2026-08-21T23:05:28.342+0000] {processor.py:183} INFO - Processing /home/airflow/.local/lib/python3.8/site-packages/airflow/example_dags/example_bash_operator.py took 0.134 seconds
[2026-08-21T23:05:58.656+0000] {processor.py:161} INFO - Started process (PID=2230) to work on /home/airflow/.local/lib/python3.8/site-packages/airflow/example_dags/example_bash_operator.py
[2026-08-21T23:05:58.658+0000] {processor.py:830} INFO - Processing file /home/airflow/.local/lib/python3.8/site-packages/airflow/example_dags/example_bash_operator.py for tasks to queue
[2026-08-21T23:05:58.661+0000] {logging_mixin.py:188} INFO - [2026-08-21T23:05:58.660+0000] {dagbag.py:540} INFO - Filling up the DagBag from /home/airflow/.local/lib/python3.8/site-packages/airflow/example_dags/example_bash_operator.py
[2026-08-21T23:05:58.678+0000] {processor.py:840} INFO - DAG(s) 'example_bash_operator' retrieved from /home/airflow/.local/lib/python3.8/site-packages/airflow/example_dags/example_bash_operator.py
[2026-08-21T23:05:58.714+0000] {logging_mixin.py:188} INFO - [2026-08-21T23:05:58.714+0000] {dag.py:3047} INFO - Sync 1 DAGs
[2026-08-21T23:05:58.745+0000] {logging_mixin.py:188} INFO - [2026-08-21T23:05:58.745+0000] {dag.py:3834} INFO - Setting next_dagrun for example_bash_operator to 2026-08-20 00:00:00+00:00, run_after=2026-08-21 00:00:00+00:00
[2026-08-21T23:05:58.771+0000] {processor.py:183} INFO - Processing /home/airflow/.local/lib/python3.8/site-packages/airflow/example_dags/example_bash_operator.py took 0.119 seconds
[2026-08-21T23:06:29.591+0000] {processor.py:161} INFO - Started process (PID=2287) to work on /home/airflow/.local/lib/python3.8/site-packages/airflow/example_dags/example_bash_operator.py
[2026-08-21T23:06:29.593+0000] {processor.py:830} INFO - Processing file /home/airflow/.local/lib/python3.8/site-packages/airflow/example_dags/example_bash_operator.py for tasks to queue
[2026-08-21T23:06:29.597+0000] {logging_mixin.py:188} INFO - [2026-08-21T23:06:29.596+0000] {dagbag.py:540} INFO - Filling up the DagBag from /home/airflow/.local/lib/python3.8/site-packages/airflow/example_dags/example_bash_operator.py
[2026-08-21T23:06:29.613+0000] {processor.py:840} INFO - DAG(s) 'example_bash_operator' retrieved from /home/airflow/.local/lib/python3.8/site-packages/airflow/example_dags/example_bash_operator.py
[2026-08-21T23:06:29.647+0000] {logging_mixin.py:188} INFO - [2026-08-21T23:06:29.647+0000] {dag.py:3047} INFO - Sync 1 DAGs
[2026-08-21T23:06:29.673+0000] {logging_mixin.py:188} INFO - [2026-08-21T23:06:29.673+0000] {dag.py:3834} INFO - Setting next_dagrun for example_bash_operator to 2026-08-20 00:00:00+00:00, run_after=2026-08-21 00:00:00+00:00
[2026-08-21T23:06:29.694+0000] {processor.py:183} INFO - Processing /home/airflow/.local/lib/python3.8/site-packages/airflow/example_dags/example_bash_operator.py took 0.109 seconds
[2026-08-21T23:06:59.761+0000] {processor.py:161} INFO - Started process (PID=2344) to work on /home/airflow/.local/lib/python3.8/site-packages/airflow/example_dags/example_bash_operator.py
[2026-08-21T23:06:59.762+0000] {processor.py:830} INFO - Processing file /home/airflow/.local/lib/python3.8/site-packages/airflow/example_dags/example_bash_operator.py for tasks to queue
[2026-08-21T23:06:59.765+0000] {logging_mixin.py:188} INFO - [2026-08-21T23:06:59.765+0000] {dagbag.py:540} INFO - Filling up the DagBag from /home/airflow/.local/lib/python3.8/site-packages/airflow/example_dags/example_bash_operator.py
[2026-08-21T23:06:59.781+0000] {processor.py:840} INFO - DAG(s) 'example_bash_operator' retrieved from /home/airflow/.local/lib/python3.8/site-packages/airflow/example_dags/example_bash_operator.py
[2026-08-21T23:06:59.820+0000] {logging_mixin.py:188} INFO - [2026-08-21T23:06:59.820+0000] {dag.py:3047} INFO - Sync 1 DAGs
[2026-08-21T23:06:59.849+0000] {logging_mixin.py:188} INFO - [2026-08-21T23:06:59.848+0000] {dag.py:3834} INFO - Setting next_dagrun for example_bash_operator to 2026-08-20 00:00:00+00:00, run_after=2026-08-21 00:00:00+00:00
[2026-08-21T23:06:59.872+0000] {processor.py:183} INFO - Processing /home/airflow/.local/lib/python3.8/site-packages/airflow/example_dags/example_bash_operator.py took 0.116 seconds
[2026-08-21T23:07:30.432+0000] {processor.py:161} INFO - Started process (PID=2401) to work on /home/airflow/.local/lib/python3.8/site-packages/airflow/example_dags/example_bash_operator.py
[2026-08-21T23:07:30.434+0000] {processor.py:830} INFO - Processing file /home/airflow/.local/lib/python3.8/site-packages/airflow/example_dags/example_bash_operator.py for tasks to queue
[2026-08-21T23:07:30.437+0000] {logging_mixin.py:188} INFO - [2026-08-21T23:07:30.437+0000] {dagbag.py:540} INFO - Filling up the DagBag from /home/airflow/.local/lib/python3.8/site-packages/airflow/example_dags/example_bash_operator.py
[2026-08-21T23:07:30.454+0000] {processor.py:840} INFO - DAG(s) 'example_bash_operator' retrieved from /home/airflow/.local/lib/python3.8/site-packages/airflow/example_dags/example_bash_operator.py
[2026-08-21T23:07:30.493+0000] {logging_mixin.py:188} INFO - [2026-08-21T23:07:30.492+0000] {dag.py:3047} INFO - Sync 1 DAGs
[2026-08-21T23:07:30.520+0000] {logging_mixin.py:188} INFO - [2026-08-21T23:07:30.520+0000] {dag.py:3834} INFO - Setting next_dagrun for example_bash_operator to 2026-08-20 00:00:00+00:00, run_after=2026-08-21 00:00:00+00:00
[2026-08-21T23:07:30.546+0000] {processor.py:183} INFO - Processing /home/airflow/.local/lib/python3.8/site-packages/airflow/example_dags/example_bash_operator.py took 0.120 seconds
[2026-08-21T23:08:00.890+0000] {processor.py:161} INFO - Started process (PID=2460) to work on /home/airflow/.local/lib/python3.8/site-packages/airflow/example_dags/example_bash_operator.py
[2026-08-21T23:08:00.892+0000] {processor.py:830} INFO - Processing file /home/airflow/.local/lib/python3.8/site-packages/airflow/example_dags/example_bash_operator.py for tasks to queue
[2026-08-21T23:08:00.894+0000] {logging_mixin.py:188} INFO - [2026-08-21T23:08:00.894+0000] {dagbag.py:540} INFO - Filling up the DagBag from /home/airflow/.local/lib/python3.8/site-packages/airflow/example_dags/example_bash_operator.py
[2026-08-21T23:08:00.907+0000] {processor.py:840} INFO - DAG(s) 'example_bash_operator' retrieved from /home/airflow/.local/lib/python3.8/site-packages/airflow/example_dags/example_bash_operator.py
[2026-08-21T23:08:00.954+0000] {logging_mixin.py:188} INFO - [2026-08-21T23:08:00.953+0000] {dag.py:3047} INFO - Sync 1 DAGs
[2026-08-21T23:08:00.981+0000] {logging_mixin.py:188} INFO - [2026-08-21T23:08:00.981+0000] {dag.py:3834} INFO - Setting next_dagrun for example_bash_operator to 2026-08-20 00:00:00+00:00, run_after=2026-08-21 00:00:00+00:00
[2026-08-21T23:08:01.001+0000] {processor.py:183} INFO - Processing /home/airflow/.local/lib/python3.8/site-packages/airflow/example_dags/example_bash_operator.py took 0.115 seconds
