[2026-08-21T22:46:43.511+0000] {processor.py:161} INFO - Started process (PID=80) to work on /home/airflow/.local/lib/python3.8/site-packages/airflow/example_dags/example_sensor_decorator.py
[2026-08-21T22:46:43.529+0000] {processor.py:830} INFO - Processing file /home/airflow/.local/lib/python3.8/site-packages/airflow/example_dags/example_sensor_decorator.py for tasks to queue
[2026-08-21T22:46:43.552+0000] {logging_mixin.py:188} INFO - [2026-08-21T22:46:43.552+0000] {dagbag.py:540} INFO - Filling up the DagBag from /home/airflow/.local/lib/python3.8/site-packages/airflow/example_dags/example_sensor_decorator.py
[2026-08-21T22:46:43.635+0000] {processor.py:840} INFO - DAG(s) 'example_sensor_decorator' retrieved from /home/airflow/.local/lib/python3.8/site-packages/airflow/example_dags/example_sensor_decorator.py
[2026-08-21T22:46:43.732+0000] {logging_mixin.py:188} INFO - [2026-08-21T22:46:43.732+0000] {dag.py:3047} INFO - Sync 1 DAGs
[2026-08-21T22:46:43.780+0000] {logging_mixin.py:188} INFO - [2026-08-21T22:46:43.779+0000] {dag.py:3834} INFO - Setting next_dagrun for example_sensor_decorator to None, run_after=None
[2026-08-21T22:46:43.862+0000] {processor.py:183} INFO - Processing /home/airflow/.local/lib/python3.8/site-packages/airflow/example_dags/example_sensor_decorator.py took 0.404 seconds
[2026-08-21T22:47:14.244+0000] {processor.py:161} INFO - Started process (PID=137) to work on /home/airflow/.local/lib/python3.8/site-packages/airflow/example_dags/example_sensor_decorator.py
[2026-08-21T22:47:14.247+0000] {processor.py:830} INFO - Processing file /home/airflow/.local/lib/python3.8/site-packages/airflow/example_dags/example_sensor_decorator.py for tasks to queue
[2026-08-21T22:47:14.250+0000] {logging_mixin.py:188} INFO - [2026-08-21T22:47:14.250+0000] {dagbag.py:540} INFO - Filling up the DagBag from /home/airflow/.local/lib/python3.8/site-packages/airflow/example_dags/example_sensor_decorator.py
[2026-08-21T22:47:14.261+0000] {processor.py:840} INFO - DAG(s) 'example_sensor_decorator' retrieved from /home/airflow/.local/lib/python3.8/site-packages/airflow/example_dags/example_sensor_decorator.py
[2026-08-21T22:47:14.389+0000] {logging_mixin.py:188} INFO - [2026-08-21T22:47:14.389+0000] {dag.py:3047} INFO - Sync 1 DAGs
[2026-08-21T22:47:14.401+0000] {logging_mixin.py:188} INFO - [2026-08-21T22:47:14.401+0000] {dag.py:3834} INFO - Setting next_dagrun for example_sensor_decorator to None, run_after=None
[2026-08-21T22:47:14.428+0000] {processor.py:183} INFO - Processing /home/airflow/.local/lib/python3.8/site-packages/airflow/example_dags/example_sensor_decorator.py took 0.189 seconds
[2026-08-21T22:47:45.620+0000] {processor.py:161} INFO - Started process (PID=194) to work on /home/airflow/.local/lib/python3.8/site-packages/airflow/example_dags/example_sensor_decorator.py
[2026-08-21T22:47:45.625+0000] {processor.py:830} INFO - Processing file /home/airflow/.local/lib/python3.8/site-packages/airflow/example_dags/example_sensor_decorator.py for tasks to queue
[2026-08-21T22:47:45.631+0000] {logging_mixin.py:188} INFO - [2026-08-21T22:47:45.630+0000] {dagbag.py:540} INFO - Filling up the DagBag from /home/airflow/.local/lib/python3.8/site-packages/airflow/example_dags/example_sensor_decorator.py
[2026-08-21T22:47:45.647+0000] {processor.py:840} INFO - DAG(s) 'example_sensor_decorator' retrieved from /home/airflow/.local/lib/python3.8/site-packages/airflow/example_dags/example_sensor_decorator.py
[2026-08-21T22:47:45.698+0000] {logging_mixin.py:188} INFO - [2026-08-21T22:47:45.695+0000] {dag.py:3047} INFO - Sync 1 DAGs
[2026-08-21T22:47:45.721+0000] {logging_mixin.py:188} INFO - [2026-08-21T22:47:45.720+0000] {dag.py:3834} INFO - Setting next_dagrun for example_sensor_decorator to None, run_after=None
[2026-08-21T22:47:45.761+0000] {processor.py:183} INFO - Processing /home/airflow/.local/lib/python3.8/site-packages/airflow/example_dags/example_sensor_decorator.py took 0.148 seconds
[2026-08-21T22:48:16.260+0000] {processor.py:161} INFO - Started process (PID=251) to work on /home/airflow/.local/lib/python3.8/site-packages/airflow/example_dags/example_sensor_decorator.py
[2026-08-21T22:48:16.261+0000] {processor.py:830} INFO - Processing file /home/airflow/.local/lib/python3.8/site-packages/airflow/example_dags/example_sensor_decorator.py for tasks to queue
[2026-08-21T22:48:16.264+0000] {logging_mixin.py:188} INFO - [2026-08-21T22:48:16.264+0000] {dagbag.py:540} INFO - Filling up the DagBag from /home/airflow/.local/lib/python3.8/site-packages/airflow/example_dags/example_sensor_decorator.py
[2026-08-21T22:48:16.272+0000] {processor.py:840} INFO - DAG(s) 'example_sensor_decorator' retrieved from /home/airflow/.local/lib/python3.8/site-packages/airflow/example_dags/example_sensor_decorator.py
[2026-08-21T22:48:16.297+0000] {logging_mixin.py:188} INFO - [2026-08-21T22:48:16.296+0000] {dag.py:3047} INFO - Sync 1 DAGs
[2026-08-21T22:48:16.311+0000] {logging_mixin.py:188} INFO - [2026-08-21T22:48:16.310+0000] {dag.py:3834} INFO - Setting next_dagrun for example_sensor_decorator to None, run_after=None
[2026-08-21T22:48:16.333+0000] {processor.py:183} INFO - Processing /home/airflow/.local/lib/python3.8/site-packages/airflow/example_dags/example_sensor_decorator.py took 0.079 seconds
[2026-08-21T22:48:47.165+0000] {processor.py:161} INFO - Started process (PID=307) to work on /home/airflow/.local/lib/python3.8/site-packages/airflow/example_dags/example_sensor_decorator.py
[2026-08-21T22:48:47.166+0000] {processor.py:830} INFO - Processing file /home/airflow/.local/lib/python3.8/site-packages/airflow/example_dags/example_sensor_decorator.py for tasks to queue
[2026-08-21T22:48:47.170+0000] {logging_mixin.py:188} INFO - [2026-08-21T22:48:47.170+0000] {dagbag.py:540} INFO - Filling up the DagBag from /home/airflow/.local/lib/python3.8/site-packages/airflow/example_dags/example_sensor_decorator.py
[2026-08-21T22:48:47.179+0000] {processor.py:840} INFO - DAG(s) 'example_sensor_decorator' retrieved from /home/airflow/.local/lib/python3.8/site-packages/airflow/example_dags/example_sensor_decorator.py
[2026-08-21T22:48:47.210+0000] {logging_mixin.py:188} INFO - [2026-08-21T22:48:47.210+0000] {dag.py:3047} INFO - Sync 1 DAGs
[2026-08-21T22:48:47.238+0000] {logging_mixin.py:188} INFO - [2026-08-21T22:48:47.238+0000] {dag.py:3834} INFO - Setting next_dagrun for example_sensor_decorator to None, run_after=None
[2026-08-21T22:48:47.261+0000] {processor.py:183} INFO - Processing /home/airflow/.local/lib/python3.8/site-packages/airflow/example_dags/example_sensor_decorator.py took 0.101 seconds
[2026-08-21T22:49:17.555+0000] {processor.py:161} INFO - Started process (PID=363) to work on /home/airflow/.local/lib/python3.8/site-packages/airflow/example_dags/example_sensor_decorator.py
[2026-08-21T22:49:17.557+0000] {processor.py:830} INFO - Processing file /home/airflow/.local/lib/python3.8/site-packages/airflow/example_dags/example_sensor_decorator.py for tasks to queue
[2026-08-21T22:49:17.560+0000] {logging_mixin.py:188} INFO - [2026-08-21T22:49:17.560+0000] {dagbag.py:540} INFO - Filling up the DagBag from /home/airflow/.local/lib/python3.8/site-packages/airflow/example_dags/example_sensor_decorator.py
[2026-08-21T22:49:17.570+0000] {processor.py:840} INFO - DAG(s) 'example_sensor_decorator' retrieved from /home/airflow/.local/lib/python3.8/site-packages/airflow/example_dags/example_sensor_decorator.py
[2026-08-21T22:49:17.596+0000] {logging_mixin.py:188} INFO - [2026-08-21T22:49:17.596+0000] {dag.py:3047} INFO - Sync 1 DAGs
[2026-08-21T22:49:17.617+0000] {logging_mixin.py:188} INFO - [2026-08-21T22:49:17.617+0000] {dag.py:3834} INFO - Setting next_dagrun for example_sensor_decorator to None, run_after=None
[2026-08-21T22:49:17.642+0000] {processor.py:183} INFO - Processing /home/airflow/.local/lib/python3.8/site-packages/airflow/example_dags/example_sensor_decorator.py took 0.092 seconds
[2026-08-21T22:49:47.870+0000] {processor.py:161} INFO - Started process (PID=420) to work on /home/airflow/.local/lib/python3.8/site-packages/airflow/example_dags/example_sensor_decorator.py
[2026-08-21T22:49:47.872+0000] {processor.py:830} INFO - Processing file /home/airflow/.local/lib/python3.8/site-packages/airflow/example_dags/example_sensor_decorator.py for tasks to queue
[2026-08-21T22:49:47.875+0000] {logging_mixin.py:188} INFO - [2026-08-21T22:49:47.875+0000] {dagbag.py:540} INFO - Filling up the DagBag from /home/airflow/.local/lib/python3.8/site-packages/airflow/example_dags/example_sensor_decorator.py
[2026-08-21T22:49:47.889+0000] {processor.py:840} INFO - DAG(s) 'example_sensor_decorator' retrieved from /home/airflow/.local/lib/python3.8/site-packages/airflow/example_dags/example_sensor_decorator.py
[2026-08-21T22:49:47.923+0000] {logging_mixin.py:188} INFO - [2026-08-21T22:49:47.923+0000] {dag.py:3047} INFO - Sync 1 DAGs
[2026-08-21T22:49:47.941+0000] {logging_mixin.py:188} INFO - [2026-08-21T22:49:47.940+0000] {dag.py:3834} INFO - Setting next_dagrun for example_sensor_decorator to None, run_after=None
[2026-08-21T22:49:47.964+0000] {processor.py:183} INFO - Processing /home/airflow/.local/lib/python3.8/site-packages/airflow/example_dags/example_sensor_decorator.py took 0.102 seconds
[2026-08-21T22:50:18.365+0000] {processor.py:161} INFO - Started process (PID=477) to work on /home/airflow/.local/lib/python3.8/site-packages/airflow/example_dags/example_sensor_decorator.py
[2026-08-21T22:50:18.367+0000] {processor.py:830} INFO - Processing file /home/airflow/.local/lib/python3.8/site-packages/airflow/example_dags/example_sensor_decorator.py for tasks to queue
[2026-08-21T22:50:18.370+0000] {logging_mixin.py:188} INFO - [2026-08-21T22:50:18.370+0000] {dagbag.py:540} INFO - Filling up the DagBag from /home/airflow/.local/lib/python3.8/site-packages/airflow/example_dags/example_sensor_decorator.py
[2026-08-21T22:50:18.379+0000] {processor.py:840} INFO - DAG(s) 'example_sensor_decorator' retrieved from /home/airflow/.local/lib/python3.8/site-packages/airflow/example_dags/example_sensor_decorator.py
[2026-08-21T22:50:18.404+0000] {logging_mixin.py:188} INFO - [2026-08-21T22:50:18.404+0000] {dag.py:3047} INFO - Sync 1 DAGs
[2026-08-21T22:50:18.419+0000] {logging_mixin.py:188} INFO - [2026-08-21T22:50:18.418+0000] {dag.py:3834} INFO - Setting next_dagrun for example_sensor_decorator to None, run_after=None
[2026-08-21T22:50:18.448+0000] {processor.py:183} INFO - Processing /home/airflow/.local/lib/python3.8/site-packages/airflow/example_dags/example_sensor_decorator.py took 0.090 seconds
[2026-08-21T22:50:48.580+0000] {processor.py:161} INFO - Started process (PID=534) to work on /home/airflow/.local/lib/python3.8/site-packages/airflow/example_dags/example_sensor_decorator.py
[2026-08-21T22:50:48.582+0000] {processor.py:830} INFO - Processing file /home/airflow/.local/lib/python3.8/site-packages/airflow/example_dags/example_sensor_decorator.py for tasks to queue
[2026-08-21T22:50:48.585+0000] {logging_mixin.py:188} INFO - [2026-08-21T22:50:48.584+0000] {dagbag.py:540} INFO - Filling up the DagBag from /home/airflow/.local/lib/python3.8/site-packages/airflow/example_dags/example_sensor_decorator.py
[2026-08-21T22:50:48.592+0000] {processor.py:840} INFO - DAG(s) 'example_sensor_decorator' retrieved from /home/airflow/.local/lib/python3.8/site-packages/airflow/example_dags/example_sensor_decorator.py
[2026-08-21T22:50:48.619+0000] {logging_mixin.py:188} INFO - [2026-08-21T22:50:48.618+0000] {dag.py:3047} INFO - Sync 1 DAGs
[2026-08-21T22:50:48.633+0000] {logging_mixin.py:188} INFO - [2026-08-21T22:50:48.632+0000] {dag.py:3834} INFO - Setting next_dagrun for example_sensor_decorator to None, run_after=None
[2026-08-21T22:50:48.658+0000] {processor.py:183} INFO - Processing /home/airflow/.local/lib/python3.8/site-packages/airflow/example_dags/example_sensor_decorator.py took 0.083 seconds
[2026-08-21T22:51:18.935+0000] {processor.py:161} INFO - Started process (PID=591) to work on /home/airflow/.local/lib/python3.8/site-packages/airflow/example_dags/example_sensor_decorator.py
[2026-08-21T22:51:18.937+0000] {processor.py:830} INFO - Processing file /home/airflow/.local/lib/python3.8/site-packages/airflow/example_dags/example_sensor_decorator.py for tasks to queue
[2026-08-21T22:51:18.941+0000] {logging_mixin.py:188} INFO - [2026-08-21T22:51:18.940+0000] {dagbag.py:540} INFO - Filling up the DagBag from /home/airflow/.local/lib/python3.8/site-packages/airflow/example_dags/example_sensor_decorator.py
[2026-08-21T22:51:18.951+0000] {processor.py:840} INFO - DAG(s) 'example_sensor_decorator' retrieved from /home/airflow/.local/lib/python3.8/site-packages/airflow/example_dags/example_sensor_decorator.py
[2026-08-21T22:51:18.977+0000] {logging_mixin.py:188} INFO - [2026-08-21T22:51:18.977+0000] {dag.py:3047} INFO - Sync 1 DAGs
[2026-08-21T22:51:18.991+0000] {logging_mixin.py:188} INFO - [2026-08-21T22:51:18.991+0000] {dag.py:3834} INFO - Setting next_dagrun for example_sensor_decorator to None, run_after=None
[2026-08-21T22:51:19.014+0000] {processor.py:183} INFO - Processing /home/airflow/.local/lib/python3.8/site-packages/airflow/example_dags/example_sensor_decorator.py took 0.084 seconds
[2026-08-21T22:51:49.223+0000] {processor.py:161} INFO - Started process (PID=648) to work on /home/airflow/.local/lib/python3.8/site-packages/airflow/example_dags/example_sensor_decorator.py
[2026-08-21T22:51:49.225+0000] {processor.py:830} INFO - Processing file /home/airflow/.local/lib/python3.8/site-packages/airflow/example_dags/example_sensor_decorator.py for tasks to queue
[2026-08-21T22:51:49.227+0000] {logging_mixin.py:188} INFO - [2026-08-21T22:51:49.227+0000] {dagbag.py:540} INFO - Filling up the DagBag from /home/airflow/.local/lib/python3.8/site-packages/airflow/example_dags/example_sensor_decorator.py
[2026-08-21T22:51:49.235+0000] {processor.py:840} INFO - DAG(s) 'example_sensor_decorator' retrieved from /home/airflow/.local/lib/python3.8/site-packages/airflow/example_dags/example_sensor_decorator.py
[2026-08-21T22:51:49.264+0000] {logging_mixin.py:188} INFO - [2026-08-21T22:51:49.264+0000] {dag.py:3047} INFO - Sync 1 DAGs
[2026-08-21T22:51:49.279+0000] {logging_mixin.py:188} INFO - [2026-08-21T22:51:49.279+0000] {dag.py:3834} INFO - Setting next_dagrun for example_sensor_decorator to None, run_after=None
[2026-08-21T22:51:49.304+0000] {processor.py:183} INFO - Processing /home/airflow/.local/lib/python3.8/site-packages/airflow/example_dags/example_sensor_decorator.py took 0.086 seconds
[2026-08-21T22:52:19.652+0000] {processor.py:161} INFO - Started process (PID=705) to work on /home/airflow/.local/lib/python3.8/site-packages/airflow/example_dags/example_sensor_decorator.py
[2026-08-21T22:52:19.654+0000] {processor.py:830} INFO - Processing file /home/airflow/.local/lib/python3.8/site-packages/airflow/example_dags/example_sensor_decorator.py for tasks to queue
[2026-08-21T22:52:19.657+0000] {logging_mixin.py:188} INFO - [2026-08-21T22:52:19.656+0000] {dagbag.py:540} INFO - Filling up the DagBag from /home/airflow/.local/lib/python3.8/site-packages/airflow/example_dags/example_sensor_decorator.py
[2026-08-21T22:52:19.664+0000] {processor.py:840} INFO - DAG(s) 'example_sensor_decorator' retrieved from /home/airflow/.local/lib/python3.8/site-packages/airflow/example_dags/example_sensor_decorator.py
[2026-08-21T22:52:19.689+0000] {logging_mixin.py:188} INFO - [2026-08-21T22:52:19.689+0000] {dag.py:3047} INFO - Sync 1 DAGs
[2026-08-21T22:52:19.705+0000] {logging_mixin.py:188} INFO - [2026-08-21T22:52:19.705+0000] {dag.py:3834} INFO - Setting next_dagrun for example_sensor_decorator to None, run_after=None
[2026-08-21T22:52:19.727+0000] {processor.py:183} INFO - Processing /home/airflow/.local/lib/python3.8/site-packages/airflow/example_dags/example_sensor_decorator.py took 0.079 seconds
[2026-08-21T22:52:49.979+0000] {processor.py:161} INFO - Started process (PID=762) to work on /home/airflow/.local/lib/python3.8/site-packages/airflow/example_dags/example_sensor_decorator.py
[2026-08-21T22:52:49.982+0000] {processor.py:830} INFO - Processing file /home/airflow/.local/lib/python3.8/site-packages/airflow/example_dags/example_sensor_decorator.py for tasks to queue
[2026-08-21T22:52:49.986+0000] {logging_mixin.py:188} INFO - [2026-08-21T22:52:49.985+0000] {dagbag.py:540} INFO - Filling up the DagBag from /home/airflow/.local/lib/python3.8/site-packages/airflow/example_dags/example_sensor_decorator.py
[2026-08-21T22:52:49.998+0000] {processor.py:840} INFO - DAG(s) 'example_sensor_decorator' retrieved from /home/airflow/.local/lib/python3.8/site-packages/airflow/example_dags/example_sensor_decorator.py
[2026-08-21T22:52:50.029+0000] {logging_mixin.py:188} INFO - [2026-08-21T22:52:50.029+0000] {dag.py:3047} INFO - Sync 1 DAGs
[2026-08-21T22:52:50.044+0000] {logging_mixin.py:188} INFO - [2026-08-21T22:52:50.044+0000] {dag.py:3834} INFO - Setting next_dagrun for example_sensor_decorator to None, run_after=None
[2026-08-21T22:52:50.070+0000] {processor.py:183} INFO - Processing /home/airflow/.local/lib/python3.8/site-packages/airflow/example_dags/example_sensor_decorator.py took 0.096 seconds
[2026-08-21T22:53:20.900+0000] {processor.py:161} INFO - Started process (PID=819) to work on /home/airflow/.local/lib/python3.8/site-packages/airflow/example_dags/example_sensor_decorator.py
[2026-08-21T22:53:20.902+0000] {processor.py:830} INFO - Processing file /home/airflow/.local/lib/python3.8/site-packages/airflow/example_dags/example_sensor_decorator.py for tasks to queue
[2026-08-21T22:53:20.906+0000] {logging_mixin.py:188} INFO - [2026-08-21T22:53:20.905+0000] {dagbag.py:540} INFO - Filling up the DagBag from /home/airflow/.local/lib/python3.8/site-packages/airflow/example_dags/example_sensor_decorator.py
[2026-08-21T22:53:20.916+0000] {processor.py:840} INFO - DAG(s) 'example_sensor_decorator' retrieved from /home/airflow/.local/lib/python3.8/site-packages/airflow/example_dags/example_sensor_decorator.py
[2026-08-21T22:53:20.943+0000] {logging_mixin.py:188} INFO - [2026-08-21T22:53:20.942+0000] {dag.py:3047} INFO - Sync 1 DAGs
[2026-08-21T22:53:20.957+0000] {logging_mixin.py:188} INFO - [2026-08-21T22:53:20.956+0000] {dag.py:3834} INFO - Setting next_dagrun for example_sensor_decorator to None, run_after=None
[2026-08-21T22:53:20.983+0000] {processor.py:183} INFO - Processing /home/airflow/.local/lib/python3.8/site-packages/airflow/example_dags/example_sensor_decorator.py took 0.086 seconds
[2026-08-21T22:53:51.131+0000] {processor.py:161} INFO - Started process (PID=876) to work on /home/airflow/.local/lib/python3.8/site-packages/airflow/example_dags/example_sensor_decorator.py
[2026-08-21T22:53:51.133+0000] {processor.py:830} INFO - Processing file /home/airflow/.local/lib/python3.8/site-packages/airflow/example_dags/example_sensor_decorator.py for tasks to queue
[2026-08-21T22:53:51.136+0000] {logging_mixin.py:188} INFO - [2026-08-21T22:53:51.136+0000] {dagbag.py:540} INFO - Filling up the DagBag from /home/airflow/.local/lib/python3.8/site-packages/airflow/example_dags/example_sensor_decorator.py
[2026-08-21T22:53:51.147+0000] {processor.py:840} INFO - DAG(s) 'example_sensor_decorator' retrieved from /home/airflow/.local/lib/python3.8/site-packages/airflow/example_dags/example_sensor_decorator.py
[2026-08-21T22:53:51.180+0000] {logging_mixin.py:188} INFO - [2026-08-21T22:53:51.180+0000] {dag.py:3047} INFO - Sync 1 DAGs
[2026-08-21T22:53:51.196+0000] {logging_mixin.py:188} INFO - [2026-08-21T22:53:51.196+0000] {dag.py:3834} INFO - Setting next_dagrun for example_sensor_decorator to None, run_after=None
[2026-08-21T22:53:51.229+0000] {processor.py:183} INFO - Processing /home/airflow/.local/lib/python3.8/site-packages/airflow/example_dags/example_sensor_decorator.py took 0.104 seconds
[2026-08-21T22:54:21.405+0000] {processor.py:161} INFO - Started process (PID=933) to work on /home/airflow/.local/lib/python3.8/site-packages/airflow/example_dags/example_sensor_decorator.py
[2026-08-21T22:54:21.407+0000] {processor.py:830} INFO - Processing file /home/airflow/.local/lib/python3.8/site-packages/airflow/example_dags/example_sensor_decorator.py for tasks to queue
[2026-08-21T22:54:21.412+0000] {logging_mixin.py:188} INFO - [2026-08-21T22:54:21.411+0000] {dagbag.py:540} INFO - Filling up the DagBag from /home/airflow/.local/lib/python3.8/site-packages/airflow/example_dags/example_sensor_decorator.py
[2026-08-21T22:54:21.423+0000] {processor.py:840} INFO - DAG(s) 'example_sensor_decorator' retrieved from /home/airflow/.local/lib/python3.8/site-packages/airflow/example_dags/example_sensor_decorator.py
[2026-08-21T22:54:21.451+0000] {logging_mixin.py:188} INFO - [2026-08-21T22:54:21.451+0000] {dag.py:3047} INFO - Sync 1 DAGs
[2026-08-21T22:54:21.467+0000] {logging_mixin.py:188} INFO - [2026-08-21T22:54:21.467+0000] {dag.py:3834} INFO - Setting next_dagrun for example_sensor_decorator to None, run_after=None
[2026-08-21T22:54:21.492+0000] {processor.py:183} INFO - Processing /home/airflow/.local/lib/python3.8/site-packages/airflow/example_dags/example_sensor_decorator.py took 0.092 seconds
[2026-08-21T22:54:52.199+0000] {processor.py:161} INFO - Started process (PID=990) to work on /home/airflow/.local/lib/python3.8/site-packages/airflow/example_dags/example_sensor_decorator.py
[2026-08-21T22:54:52.202+0000] {processor.py:830} INFO - Processing file /home/airflow/.local/lib/python3.8/site-packages/airflow/example_dags/example_sensor_decorator.py for tasks to queue
[2026-08-21T22:54:52.207+0000] {logging_mixin.py:188} INFO - [2026-08-21T22:54:52.206+0000] {dagbag.py:540} INFO - Filling up the DagBag from /home/airflow/.local/lib/python3.8/site-packages/airflow/example_dags/example_sensor_decorator.py
[2026-08-21T22:54:52.215+0000] {processor.py:840} INFO - DAG(s) 'example_sensor_decorator' retrieved from /home/airflow/.local/lib/python3.8/site-packages/airflow/example_dags/example_sensor_decorator.py
[2026-08-21T22:54:52.243+0000] {logging_mixin.py:188} INFO - [2026-08-21T22:54:52.243+0000] {dag.py:3047} INFO - Sync 1 DAGs
[2026-08-21T22:54:52.259+0000] {logging_mixin.py:188} INFO - [2026-08-21T22:54:52.258+0000] {dag.py:3834} INFO - Setting next_dagrun for example_sensor_decorator to None, run_after=None
[2026-08-21T22:54:52.282+0000] {processor.py:183} INFO - Processing /home/airflow/.local/lib/python3.8/site-packages/airflow/example_dags/example_sensor_decorator.py took 0.088 seconds
[2026-08-21T22:55:22.667+0000] {processor.py:161} INFO - Started process (PID=1047) to work on /home/airflow/.local/lib/python3.8/site-packages/airflow/example_dags/example_sensor_decorator.py
[2026-08-21T22:55:22.670+0000] {processor.py:830} INFO - Processing file /home/airflow/.local/lib/python3.8/site-packages/airflow/example_dags/example_sensor_decorator.py for tasks to queue
[2026-08-21T22:55:22.675+0000] {logging_mixin.py:188} INFO - [2026-08-21T22:55:22.674+0000] {dagbag.py:540} INFO - Filling up the DagBag from /home/airflow/.local/lib/python3.8/site-packages/airflow/example_dags/example_sensor_decorator.py
[2026-08-21T22:55:22.686+0000] {processor.py:840} INFO - DAG(s) 'example_sensor_decorator' retrieved from /home/airflow/.local/lib/python3.8/site-packages/airflow/example_dags/example_sensor_decorator.py
[2026-08-21T22:55:22.714+0000] {logging_mixin.py:188} INFO - [2026-08-21T22:55:22.714+0000] {dag.py:3047} INFO - Sync 1 DAGs
[2026-08-21T22:55:22.732+0000] {logging_mixin.py:188} INFO - [2026-08-21T22:55:22.732+0000] {dag.py:3834} INFO - Setting next_dagrun for example_sensor_decorator to None, run_after=None
[2026-08-21T22:55:22.764+0000] {processor.py:183} INFO - Processing /home/airflow/.local/lib/python3.8/site-packages/airflow/example_dags/example_sensor_decorator.py took 0.103 seconds
[2026-08-21T22:55:52.911+0000] {processor.py:161} INFO - Started process (PID=1104) to work on /home/airflow/.local/lib/python3.8/site-packages/airflow/example_dags/example_sensor_decorator.py
[2026-08-21T22:55:52.913+0000] {processor.py:830} INFO - Processing file /home/airflow/.local/lib/python3.8/site-packages/airflow/example_dags/example_sensor_decorator.py for tasks to queue
[2026-08-21T22:55:52.917+0000] {logging_mixin.py:188} INFO - [2026-08-21T22:55:52.916+0000] {dagbag.py:540} INFO - Filling up the DagBag from /home/airflow/.local/lib/python3.8/site-packages/airflow/example_dags/example_sensor_decorator.py
[2026-08-21T22:55:52.928+0000] {processor.py:840} INFO - DAG(s) 'example_sensor_decorator' retrieved from /home/airflow/.local/lib/python3.8/site-packages/airflow/example_dags/example_sensor_decorator.py
[2026-08-21T22:55:52.958+0000] {logging_mixin.py:188} INFO - [2026-08-21T22:55:52.958+0000] {dag.py:3047} INFO - Sync 1 DAGs
[2026-08-21T22:55:52.975+0000] {logging_mixin.py:188} INFO - [2026-08-21T22:55:52.974+0000] {dag.py:3834} INFO - Setting next_dagrun for example_sensor_decorator to None, run_after=None
[2026-08-21T22:55:52.999+0000] {processor.py:183} INFO - Processing /home/airflow/.local/lib/python3.8/site-packages/airflow/example_dags/example_sensor_decorator.py took 0.093 seconds
[2026-08-21T22:56:23.944+0000] {processor.py:161} INFO - Started process (PID=1161) to work on /home/airflow/.local/lib/python3.8/site-packages/airflow/example_dags/example_sensor_decorator.py
[2026-08-21T22:56:23.945+0000] {processor.py:830} INFO - Processing file /home/airflow/.local/lib/python3.8/site-packages/airflow/example_dags/example_sensor_decorator.py for tasks to queue
[2026-08-21T22:56:23.948+0000] {logging_mixin.py:188} INFO - [2026-08-21T22:56:23.948+0000] {dagbag.py:540} INFO - Filling up the DagBag from /home/airflow/.local/lib/python3.8/site-packages/airflow/example_dags/example_sensor_decorator.py
[2026-08-21T22:56:23.957+0000] {processor.py:840} INFO - DAG(s) 'example_sensor_decorator' retrieved from /home/airflow/.local/lib/python3.8/site-packages/airflow/example_dags/example_sensor_decorator.py
[2026-08-21T22:56:23.986+0000] {logging_mixin.py:188} INFO - [2026-08-21T22:56:23.985+0000] {dag.py:3047} INFO - Sync 1 DAGs
[2026-08-21T22:56:24.000+0000] {logging_mixin.py:188} INFO - [2026-08-21T22:56:24.000+0000] {dag.py:3834} INFO - Setting next_dagrun for example_sensor_decorator to None, run_after=None
[2026-08-21T22:56:24.023+0000] {processor.py:183} INFO - Processing /home/airflow/.local/lib/python3.8/site-packages/airflow/example_dags/example_sensor_decorator.py took 0.084 seconds
[2026-08-21T22:56:54.404+0000] {processor.py:161} INFO - Started process (PID=1218) to work on /home/airflow/.local/lib/python3.8/site-packages/airflow/example_dags/example_sensor_decorator.py
[2026-08-21T22:56:54.407+0000] {processor.py:830} INFO - Processing file /home/airflow/.local/lib/python3.8/site-packages/airflow/example_dags/example_sensor_decorator.py for tasks to queue
[2026-08-21T22:56:54.409+0000] {logging_mixin.py:188} INFO - [2026-08-21T22:56:54.409+0000] {dagbag.py:540} INFO - Filling up the DagBag from /home/airflow/.local/lib/python3.8/site-packages/airflow/example_dags/example_sensor_decorator.py
[2026-08-21T22:56:54.418+0000] {processor.py:840} INFO - DAG(s) 'example_sensor_decorator' retrieved from /home/airflow/.local/lib/python3.8/site-packages/airflow/example_dags/example_sensor_decorator.py
[2026-08-21T22:56:54.448+0000] {logging_mixin.py:188} INFO - [2026-08-21T22:56:54.448+0000] {dag.py:3047} INFO - Sync 1 DAGs
[2026-08-21T22:56:54.465+0000] {logging_mixin.py:188} INFO - [2026-08-21T22:56:54.465+0000] {dag.py:3834} INFO - Setting next_dagrun for example_sensor_decorator to None, run_after=None
[2026-08-21T22:56:54.490+0000] {processor.py:183} INFO - Processing /home/airflow/.local/lib/python3.8/site-packages/airflow/example_dags/example_sensor_decorator.py took 0.092 seconds
[2026-08-21T22:57:25.184+0000] {processor.py:161} INFO - Started process (PID=1275) to work on /home/airflow/.local/lib/python3.8/site-packages/airflow/example_dags/example_sensor_decorator.py
[2026-08-21T22:57:25.186+0000] {processor.py:830} INFO - Processing file /home/airflow/.local/lib/python3.8/site-packages/airflow/example_dags/example_sensor_decorator.py for tasks to queue
[2026-08-21T22:57:25.189+0000] {logging_mixin.py:188} INFO - [2026-08-21T22:57:25.188+0000] {dagbag.py:540} INFO - Filling up the DagBag from /home/airflow/.local/lib/python3.8/site-packages/airflow/example_dags/example_sensor_decorator.py
[2026-08-21T22:57:25.197+0000] {processor.py:840} INFO - DAG(s) 'example_sensor_decorator' retrieved from /home/airflow/.local/lib/python3.8/site-packages/airflow/example_dags/example_sensor_decorator.py
[2026-08-21T22:57:25.225+0000] {logging_mixin.py:188} INFO - [2026-08-21T22:57:25.225+0000] {dag.py:3047} INFO - Sync 1 DAGs
[2026-08-21T22:57:25.241+0000] {logging_mixin.py:188} INFO - [2026-08-21T22:57:25.241+0000] {dag.py:3834} INFO - Setting next_dagrun for example_sensor_decorator to None, run_after=None
[2026-08-21T22:57:25.271+0000] {processor.py:183} INFO - Processing /home/airflow/.local/lib/python3.8/site-packages/airflow/example_dags/example_sensor_decorator.py took 0.090 seconds
[2026-08-21T22:57:55.676+0000] {processor.py:161} INFO - Started process (PID=1332) to work on /home/airflow/.local/lib/python3.8/site-packages/airflow/example_dags/example_sensor_decorator.py
[2026-08-21T22:57:55.679+0000] {processor.py:830} INFO - Processing file /home/airflow/.local/lib/python3.8/site-packages/airflow/example_dags/example_sensor_decorator.py for tasks to queue
[2026-08-21T22:57:55.684+0000] {logging_mixin.py:188} INFO - [2026-08-21T22:57:55.684+0000] {dagbag.py:540} INFO - Filling up the DagBag from /home/airflow/.local/lib/python3.8/site-packages/airflow/example_dags/example_sensor_decorator.py
[2026-08-21T22:57:55.695+0000] {processor.py:840} INFO - DAG(s) 'example_sensor_decorator' retrieved from /home/airflow/.local/lib/python3.8/site-packages/airflow/example_dags/example_sensor_decorator.py
[2026-08-21T22:57:55.721+0000] {logging_mixin.py:188} INFO - [2026-08-21T22:57:55.721+0000] {dag.py:3047} INFO - Sync 1 DAGs
[2026-08-21T22:57:55.738+0000] {logging_mixin.py:188} INFO - [2026-08-21T22:57:55.738+0000] {dag.py:3834} INFO - Setting next_dagrun for example_sensor_decorator to None, run_after=None
[2026-08-21T22:57:55.764+0000] {processor.py:183} INFO - Processing /home/airflow/.local/lib/python3.8/site-packages/airflow/example_dags/example_sensor_decorator.py took 0.096 seconds
[2026-08-21T22:58:26.034+0000] {processor.py:161} INFO - Started process (PID=1389) to work on /home/airflow/.local/lib/python3.8/site-packages/airflow/example_dags/example_sensor_decorator.py
[2026-08-21T22:58:26.035+0000] {processor.py:830} INFO - Processing file /home/airflow/.local/lib/python3.8/site-packages/airflow/example_dags/example_sensor_decorator.py for tasks to queue
[2026-08-21T22:58:26.039+0000] {logging_mixin.py:188} INFO - [2026-08-21T22:58:26.039+0000] {dagbag.py:540} INFO - Filling up the DagBag from /home/airflow/.local/lib/python3.8/site-packages/airflow/example_dags/example_sensor_decorator.py
[2026-08-21T22:58:26.048+0000] {processor.py:840} INFO - DAG(s) 'example_sensor_decorator' retrieved from /home/airflow/.local/lib/python3.8/site-packages/airflow/example_dags/example_sensor_decorator.py
[2026-08-21T22:58:26.075+0000] {logging_mixin.py:188} INFO - [2026-08-21T22:58:26.075+0000] {dag.py:3047} INFO - Sync 1 DAGs
[2026-08-21T22:58:26.091+0000] {logging_mixin.py:188} INFO - [2026-08-21T22:58:26.091+0000] {dag.py:3834} INFO - Setting next_dagrun for example_sensor_decorator to None, run_after=None
[2026-08-21T22:58:26.121+0000] {processor.py:183} INFO - Processing /home/airflow/.local/lib/python3.8/site-packages/airflow/example_dags/example_sensor_decorator.py took 0.091 seconds
[2026-08-21T22:58:56.562+0000] {processor.py:161} INFO - Started process (PID=1446) to work on /home/airflow/.local/lib/python3.8/site-packages/airflow/example_dags/example_sensor_decorator.py
[2026-08-21T22:58:56.564+0000] {processor.py:830} INFO - Processing file /home/airflow/.local/lib/python3.8/site-packages/airflow/example_dags/example_sensor_decorator.py for tasks to queue
[2026-08-21T22:58:56.567+0000] {logging_mixin.py:188} INFO - [2026-08-21T22:58:56.567+0000] {dagbag.py:540} INFO - Filling up the DagBag from /home/airflow/.local/lib/python3.8/site-packages/airflow/example_dags/example_sensor_decorator.py
[2026-08-21T22:58:56.577+0000] {processor.py:840} INFO - DAG(s) 'example_sensor_decorator' retrieved from /home/airflow/.local/lib/python3.8/site-packages/airflow/example_dags/example_sensor_decorator.py
[2026-08-21T22:58:56.603+0000] {logging_mixin.py:188} INFO - [2026-08-21T22:58:56.602+0000] {dag.py:3047} INFO - Sync 1 DAGs
[2026-08-21T22:58:56.616+0000] {logging_mixin.py:188} INFO - [2026-08-21T22:58:56.616+0000] {dag.py:3834} INFO - Setting next_dagrun for example_sensor_decorator to None, run_after=None
[2026-08-21T22:58:56.638+0000] {processor.py:183} INFO - Processing /home/airflow/.local/lib/python3.8/site-packages/airflow/example_dags/example_sensor_decorator.py took 0.081 seconds
[2026-08-21T22:59:27.073+0000] {processor.py:161} INFO - Started process (PID=1503) to work on /home/airflow/.local/lib/python3.8/site-packages/airflow/example_dags/example_sensor_decorator.py
[2026-08-21T22:59:27.076+0000] {processor.py:830} INFO - Processing file /home/airflow/.local/lib/python3.8/site-packages/airflow/example_dags/example_sensor_decorator.py for tasks to queue
[2026-08-21T22:59:27.079+0000] {logging_mixin.py:188} INFO - [2026-08-21T22:59:27.079+0000] {dagbag.py:540} INFO - Filling up the DagBag from /home/airflow/.local/lib/python3.8/site-packages/airflow/example_dags/example_sensor_decorator.py
[2026-08-21T22:59:27.088+0000] {processor.py:840} INFO - DAG(s) 'example_sensor_decorator' retrieved from /home/airflow/.local/lib/python3.8/site-packages/airflow/example_dags/example_sensor_decorator.py
[2026-08-21T22:59:27.113+0000] {logging_mixin.py:188} INFO - [2026-08-21T22:59:27.112+0000] {dag.py:3047} INFO - Sync 1 DAGs
[2026-08-21T22:59:27.129+0000] {logging_mixin.py:188} INFO - [2026-08-21T22:59:27.129+0000] {dag.py:3834} INFO - Setting next_dagrun for example_sensor_decorator to None, run_after=None
[2026-08-21T22:59:27.152+0000] {processor.py:183} INFO - Processing /home/airflow/.local/lib/python3.8/site-packages/airflow/example_dags/example_sensor_decorator.py took 0.084 seconds
[2026-08-21T22:59:57.466+0000] {processor.py:161} INFO - Started process (PID=1560) to work on /home/airflow/.local/lib/python3.8/site-packages/airflow/example_dags/example_sensor_decorator.py
[2026-08-21T22:59:57.468+0000] {processor.py:830} INFO - Processing file /home/airflow/.local/lib/python3.8/site-packages/airflow/example_dags/example_sensor_decorator.py for tasks to queue
[2026-08-21T22:59:57.471+0000] {logging_mixin.py:188} INFO - [2026-08-21T22:59:57.470+0000] {dagbag.py:540} INFO - Filling up the DagBag from /home/airflow/.local/lib/python3.8/site-packages/airflow/example_dags/example_sensor_decorator.py
[2026-08-21T22:59:57.479+0000] {processor.py:840} INFO - DAG(s) 'example_sensor_decorator' retrieved from /home/airflow/.local/lib/python3.8/site-packages/airflow/example_dags/example_sensor_decorator.py
[2026-08-21T22:59:57.507+0000] {logging_mixin.py:188} INFO - [2026-08-21T22:59:57.506+0000] {dag.py:3047} INFO - Sync 1 DAGs
[2026-08-21T22:59:57.522+0000] {logging_mixin.py:188} INFO - [2026-08-21T22:59:57.521+0000] {dag.py:3834} INFO - Setting next_dagrun for example_sensor_decorator to None, run_after=None
[2026-08-21T22:59:57.546+0000] {processor.py:183} INFO - Processing /home/airflow/.local/lib/python3.8/site-packages/airflow/example_dags/example_sensor_decorator.py took 0.085 seconds
[2026-08-21T23:00:27.846+0000] {processor.py:161} INFO - Started process (PID=1617) to work on /home/airflow/.local/lib/python3.8/site-packages/airflow/example_dags/example_sensor_decorator.py
[2026-08-21T23:00:27.848+0000] {processor.py:830} INFO - Processing file /home/airflow/.local/lib/python3.8/site-packages/airflow/example_dags/example_sensor_decorator.py for tasks to queue
[2026-08-21T23:00:27.853+0000] {logging_mixin.py:188} INFO - [2026-08-21T23:00:27.852+0000] {dagbag.py:540} INFO - Filling up the DagBag from /home/airflow/.local/lib/python3.8/site-packages/airflow/example_dags/example_sensor_decorator.py
[2026-08-21T23:00:27.860+0000] {processor.py:840} INFO - DAG(s) 'example_sensor_decorator' retrieved from /home/airflow/.local/lib/python3.8/site-packages/airflow/example_dags/example_sensor_decorator.py
[2026-08-21T23:00:27.888+0000] {logging_mixin.py:188} INFO - [2026-08-21T23:00:27.888+0000] {dag.py:3047} INFO - Sync 1 DAGs
[2026-08-21T23:00:27.904+0000] {logging_mixin.py:188} INFO - [2026-08-21T23:00:27.903+0000] {dag.py:3834} INFO - Setting next_dagrun for example_sensor_decorator to None, run_after=None
[2026-08-21T23:00:27.928+0000] {processor.py:183} INFO - Processing /home/airflow/.local/lib/python3.8/site-packages/airflow/example_dags/example_sensor_decorator.py took 0.088 seconds
[2026-08-21T23:00:58.707+0000] {processor.py:161} INFO - Started process (PID=1674) to work on /home/airflow/.local/lib/python3.8/site-packages/airflow/example_dags/example_sensor_decorator.py
[2026-08-21T23:00:58.711+0000] {processor.py:830} INFO - Processing file /home/airflow/.local/lib/python3.8/site-packages/airflow/example_dags/example_sensor_decorator.py for tasks to queue
[2026-08-21T23:00:58.715+0000] {logging_mixin.py:188} INFO - [2026-08-21T23:00:58.714+0000] {dagbag.py:540} INFO - Filling up the DagBag from /home/airflow/.local/lib/python3.8/site-packages/airflow/example_dags/example_sensor_decorator.py
[2026-08-21T23:00:58.723+0000] {processor.py:840} INFO - DAG(s) 'example_sensor_decorator' retrieved from /home/airflow/.local/lib/python3.8/site-packages/airflow/example_dags/example_sensor_decorator.py
[2026-08-21T23:00:58.749+0000] {logging_mixin.py:188} INFO - [2026-08-21T23:00:58.748+0000] {dag.py:3047} INFO - Sync 1 DAGs
[2026-08-21T23:00:58.762+0000] {logging_mixin.py:188} INFO - [2026-08-21T23:00:58.762+0000] {dag.py:3834} INFO - Setting next_dagrun for example_sensor_decorator to None, run_after=None
[2026-08-21T23:00:58.788+0000] {processor.py:183} INFO - Processing /home/airflow/.local/lib/python3.8/site-packages/airflow/example_dags/example_sensor_decorator.py took 0.085 seconds
[2026-08-21T23:01:29.730+0000] {processor.py:161} INFO - Started process (PID=1731) to work on /home/airflow/.local/lib/python3.8/site-packages/airflow/example_dags/example_sensor_decorator.py
[2026-08-21T23:01:29.732+0000] {processor.py:830} INFO - Processing file /home/airflow/.local/lib/python3.8/site-packages/airflow/example_dags/example_sensor_decorator.py for tasks to queue
[2026-08-21T23:01:29.736+0000] {logging_mixin.py:188} INFO - [2026-08-21T23:01:29.736+0000] {dagbag.py:540} INFO - Filling up the DagBag from /home/airflow/.local/lib/python3.8/site-packages/airflow/example_dags/example_sensor_decorator.py
[2026-08-21T23:01:29.747+0000] {processor.py:840} INFO - DAG(s) 'example_sensor_decorator' retrieved from /home/airflow/.local/lib/python3.8/site-packages/airflow/example_dags/example_sensor_decorator.py
[2026-08-21T23:01:29.776+0000] {logging_mixin.py:188} INFO - [2026-08-21T23:01:29.776+0000] {dag.py:3047} INFO - Sync 1 DAGs
[2026-08-21T23:01:29.790+0000] {logging_mixin.py:188} INFO - [2026-08-21T23:01:29.790+0000] {dag.py:3834} INFO - Setting next_dagrun for example_sensor_decorator to None, run_after=None
[2026-08-21T23:01:29.825+0000] {processor.py:183} INFO - Processing /home/airflow/.local/lib/python3.8/site-packages/airflow/example_dags/example_sensor_decorator.py took 0.101 seconds
[2026-08-21T23:02:00.299+0000] {processor.py:161} INFO - Started process (PID=1788) to work on /home/airflow/.local/lib/python3.8/site-packages/airflow/example_dags/example_sensor_decorator.py
[2026-08-21T23:02:00.301+0000] {processor.py:830} INFO - Processing file /home/airflow/.local/lib/python3.8/site-packages/airflow/example_dags/example_sensor_decorator.py for tasks to queue
[2026-08-21T23:02:00.305+0000] {logging_mixin.py:188} INFO - [2026-08-21T23:02:00.305+0000] {dagbag.py:540} INFO - Filling up the DagBag from /home/airflow/.local/lib/python3.8/site-packages/airflow/example_dags/example_sensor_decorator.py
[2026-08-21T23:02:00.317+0000] {processor.py:840} INFO - DAG(s) 'example_sensor_decorator' retrieved from /home/airflow/.local/lib/python3.8/site-packages/airflow/example_dags/example_sensor_decorator.py
[2026-08-21T23:02:00.350+0000] {logging_mixin.py:188} INFO - [2026-08-21T23:02:00.349+0000] {dag.py:3047} INFO - Sync 1 DAGs
[2026-08-21T23:02:00.366+0000] {logging_mixin.py:188} INFO - [2026-08-21T23:02:00.366+0000] {dag.py:3834} INFO - Setting next_dagrun for example_sensor_decorator to None, run_after=None
[2026-08-21T23:02:00.390+0000] {processor.py:183} INFO - Processing /home/airflow/.local/lib/python3.8/site-packages/airflow/example_dags/example_sensor_decorator.py took 0.097 seconds
[2026-08-21T23:02:30.501+0000] {processor.py:161} INFO - Started process (PID=1845) to work on /home/airflow/.local/lib/python3.8/site-packages/airflow/example_dags/example_sensor_decorator.py
[2026-08-21T23:02:30.503+0000] {processor.py:830} INFO - Processing file /home/airflow/.local/lib/python3.8/site-packages/airflow/example_dags/example_sensor_decorator.py for tasks to queue
[2026-08-21T23:02:30.508+0000] {logging_mixin.py:188} INFO - [2026-08-21T23:02:30.507+0000] {dagbag.py:540} INFO - Filling up the DagBag from /home/airflow/.local/lib/python3.8/site-packages/airflow/example_dags/example_sensor_decorator.py
[2026-08-21T23:02:30.524+0000] {processor.py:840} INFO - DAG(s) 'example_sensor_decorator' retrieved from /home/airflow/.local/lib/python3.8/site-packages/airflow/example_dags/example_sensor_decorator.py
[2026-08-21T23:02:30.558+0000] {logging_mixin.py:188} INFO - [2026-08-21T23:02:30.558+0000] {dag.py:3047} INFO - Sync 1 DAGs
[2026-08-21T23:02:30.581+0000] {logging_mixin.py:188} INFO - [2026-08-21T23:02:30.580+0000] {dag.py:3834} INFO - Setting next_dagrun for example_sensor_decorator to None, run_after=None
[2026-08-21T23:02:30.614+0000] {processor.py:183} INFO - Processing /home/airflow/.local/lib/python3.8/site-packages/airflow/example_dags/example_sensor_decorator.py took 0.120 seconds
[2026-08-21T23:03:01.014+0000] {processor.py:161} INFO - Started process (PID=1902) to work on /home/airflow/.local/lib/python3.8/site-packages/airflow/example_dags/example_sensor_decorator.py
[2026-08-21T23:03:01.017+0000] {processor.py:830} INFO - Processing file /home/airflow/.local/lib/python3.8/site-packages/airflow/example_dags/example_sensor_decorator.py for tasks to queue
[2026-08-21T23:03:01.021+0000] {logging_mixin.py:188} INFO - [2026-08-21T23:03:01.021+0000] {dagbag.py:540} INFO - Filling up the DagBag from /home/airflow/.local/lib/python3.8/site-packages/airflow/example_dags/example_sensor_decorator.py
[2026-08-21T23:03:01.029+0000] {processor.py:840} INFO - DAG(s) 'example_sensor_decorator' retrieved from /home/airflow/.local/lib/python3.8/site-packages/airflow/example_dags/example_sensor_decorator.py
[2026-08-21T23:03:01.056+0000] {logging_mixin.py:188} INFO - [2026-08-21T23:03:01.055+0000] {dag.py:3047} INFO - Sync 1 DAGs
[2026-08-21T23:03:01.071+0000] {logging_mixin.py:188} INFO - [2026-08-21T23:03:01.071+0000] {dag.py:3834} INFO - Setting next_dagrun for example_sensor_decorator to None, run_after=None
[2026-08-21T23:03:01.097+0000] {processor.py:183} INFO - Processing /home/airflow/.local/lib/python3.8/site-packages/airflow/example_dags/example_sensor_decorator.py took 0.088 seconds
[2026-08-21T23:03:31.673+0000] {processor.py:161} INFO - Started process (PID=1959) to work on /home/airflow/.local/lib/python3.8/site-packages/airflow/example_dags/example_sensor_decorator.py
[2026-08-21T23:03:31.675+0000] {processor.py:830} INFO - Processing file /home/airflow/.local/lib/python3.8/site-packages/airflow/example_dags/example_sensor_decorator.py for tasks to queue
[2026-08-21T23:03:31.679+0000] {logging_mixin.py:188} INFO - [2026-08-21T23:03:31.678+0000] {dagbag.py:540} INFO - Filling up the DagBag from /home/airflow/.local/lib/python3.8/site-packages/airflow/example_dags/example_sensor_decorator.py
[2026-08-21T23:03:31.692+0000] {processor.py:840} INFO - DAG(s) 'example_sensor_decorator' retrieved from /home/airflow/.local/lib/python3.8/site-packages/airflow/example_dags/example_sensor_decorator.py
[2026-08-21T23:03:31.726+0000] {logging_mixin.py:188} INFO - [2026-08-21T23:03:31.726+0000] {dag.py:3047} INFO - Sync 1 DAGs
[2026-08-21T23:03:31.750+0000] {logging_mixin.py:188} INFO - [2026-08-21T23:03:31.749+0000] {dag.py:3834} INFO - Setting next_dagrun for example_sensor_decorator to None, run_after=None
[2026-08-21T23:03:31.785+0000] {processor.py:183} INFO - Processing /home/airflow/.local/lib/python3.8/site-packages/airflow/example_dags/example_sensor_decorator.py took 0.118 seconds
[2026-08-21T23:04:01.937+0000] {processor.py:161} INFO - Started process (PID=2016) to work on /home/airflow/.local/lib/python3.8/site-packages/airflow/example_dags/example_sensor_decorator.py
[2026-08-21T23:04:01.939+0000] {processor.py:830} INFO - Processing file /home/airflow/.local/lib/python3.8/site-packages/airflow/example_dags/example_sensor_decorator.py for tasks to queue
[2026-08-21T23:04:01.944+0000] {logging_mixin.py:188} INFO - [2026-08-21T23:04:01.944+0000] {dagbag.py:540} INFO - Filling up the DagBag from /home/airflow/.local/lib/python3.8/site-packages/airflow/example_dags/example_sensor_decorator.py
[2026-08-21T23:04:01.959+0000] {processor.py:840} INFO - DAG(s) 'example_sensor_decorator' retrieved from /home/airflow/.local/lib/python3.8/site-packages/airflow/example_dags/example_sensor_decorator.py
[2026-08-21T23:04:02.002+0000] {logging_mixin.py:188} INFO - [2026-08-21T23:04:02.002+0000] {dag.py:3047} INFO - Sync 1 DAGs
[2026-08-21T23:04:02.019+0000] {logging_mixin.py:188} INFO - [2026-08-21T23:04:02.019+0000] {dag.py:3834} INFO - Setting next_dagrun for example_sensor_decorator to None, run_after=None
[2026-08-21T23:04:02.045+0000] {processor.py:183} INFO - Processing /home/airflow/.local/lib/python3.8/site-packages/airflow/example_dags/example_sensor_decorator.py took 0.116 seconds
[2026-08-21T23:04:32.671+0000] {processor.py:161} INFO - Started process (PID=2073) to work on /home/airflow/.local/lib/python3.8/site-packages/airflow/example_dags/example_sensor_decorator.py
[2026-08-21T23:04:32.674+0000] {processor.py:830} INFO - Processing file /home/airflow/.local/lib/python3.8/site-packages/airflow/example_dags/example_sensor_decorator.py for tasks to queue
[2026-08-21T23:04:32.678+0000] {logging_mixin.py:188} INFO - [2026-08-21T23:04:32.677+0000] {dagbag.py:540} INFO - Filling up the DagBag from /home/airflow/.local/lib/python3.8/site-packages/airflow/example_dags/example_sensor_decorator.py
[2026-08-21T23:04:32.688+0000] {processor.py:840} INFO - DAG(s) 'example_sensor_decorator' retrieved from /home/airflow/.local/lib/python3.8/site-packages/airflow/example_dags/example_sensor_decorator.py
[2026-08-21T23:04:32.721+0000] {logging_mixin.py:188} INFO - [2026-08-21T23:04:32.721+0000] {dag.py:3047} INFO - Sync 1 DAGs
[2026-08-21T23:04:32.739+0000] {logging_mixin.py:188} INFO - [2026-08-21T23:04:32.739+0000] {dag.py:3834} INFO - Setting next_dagrun for example_sensor_decorator to None, run_after=None
[2026-08-21T23:04:32.765+0000] {processor.py:183} INFO - Processing /home/airflow/.local/lib/python3.8/site-packages/airflow/example_dags/example_sensor_decorator.py took 0.098 seconds
[2026-08-21T23:05:02.983+0000] {processor.py:161} INFO - Started process (PID=2130) to work on /home/airflow/.local/lib/python3.8/site-packages/airflow/example_dags/example_sensor_decorator.py
[2026-08-21T23:05:02.985+0000] {processor.py:830} INFO - Processing file /home/airflow/.local/lib/python3.8/site-packages/airflow/example_dags/example_sensor_decorator.py for tasks to queue
[2026-08-21T23:05:02.989+0000] {logging_mixin.py:188} INFO - [2026-08-21T23:05:02.988+0000] {dagbag.py:540} INFO - Filling up the DagBag from /home/airflow/.local/lib/python3.8/site-packages/airflow/example_dags/example_sensor_decorator.py
[2026-08-21T23:05:02.997+0000] {processor.py:840} INFO - DAG(s) 'example_sensor_decorator' retrieved from /home/airflow/.local/lib/python3.8/site-packages/airflow/example_dags/example_sensor_decorator.py
[2026-08-21T23:05:03.023+0000] {logging_mixin.py:188} INFO - [2026-08-21T23:05:03.023+0000] {dag.py:3047} INFO - Sync 1 DAGs
[2026-08-21T23:05:03.041+0000] {logging_mixin.py:188} INFO - [2026-08-21T23:05:03.040+0000] {dag.py:3834} INFO - Setting next_dagrun for example_sensor_decorator to None, run_after=None
[2026-08-21T23:05:03.066+0000] {processor.py:183} INFO - Processing /home/airflow/.local/lib/python3.8/site-packages/airflow/example_dags/example_sensor_decorator.py took 0.087 seconds
[2026-08-21T23:05:33.243+0000] {processor.py:161} INFO - Started process (PID=2187) to work on /home/airflow/.local/lib/python3.8/site-packages/airflow/example_dags/example_sensor_decorator.py
[2026-08-21T23:05:33.245+0000] {processor.py:830} INFO - Processing file /home/airflow/.local/lib/python3.8/site-packages/airflow/example_dags/example_sensor_decorator.py for tasks to queue
[2026-08-21T23:05:33.249+0000] {logging_mixin.py:188} INFO - [2026-08-21T23:05:33.248+0000] {dagbag.py:540} INFO - Filling up the DagBag from /home/airflow/.local/lib/python3.8/site-packages/airflow/example_dags/example_sensor_decorator.py
[2026-08-21T23:05:33.258+0000] {processor.py:840} INFO - DAG(s) 'example_sensor_decorator' retrieved from /home/airflow/.local/lib/python3.8/site-packages/airflow/example_dags/example_sensor_decorator.py
[2026-08-21T23:05:33.284+0000] {logging_mixin.py:188} INFO - [2026-08-21T23:05:33.284+0000] {dag.py:3047} INFO - Sync 1 DAGs
[2026-08-21T23:05:33.298+0000] {logging_mixin.py:188} INFO - [2026-08-21T23:05:33.298+0000] {dag.py:3834} INFO - Setting next_dagrun for example_sensor_decorator to None, run_after=None
[2026-08-21T23:05:33.322+0000] {processor.py:183} INFO - Processing /home/airflow/.local/lib/python3.8/site-packages/airflow/example_dags/example_sensor_decorator.py took 0.085 seconds
[2026-08-21T23:06:03.748+0000] {processor.py:161} INFO - Started process (PID=2244) to work on /home/airflow/.local/lib/python3.8/site-packages/airflow/example_dags/example_sensor_decorator.py
[2026-08-21T23:06:03.750+0000] {processor.py:830} INFO - Processing file /home/airflow/.local/lib/python3.8/site-packages/airflow/example_dags/example_sensor_decorator.py for tasks to queue
[2026-08-21T23:06:03.754+0000] {logging_mixin.py:188} INFO - [2026-08-21T23:06:03.753+0000] {dagbag.py:540} INFO - Filling up the DagBag from /home/airflow/.local/lib/python3.8/site-packages/airflow/example_dags/example_sensor_decorator.py
[2026-08-21T23:06:03.763+0000] {processor.py:840} INFO - DAG(s) 'example_sensor_decorator' retrieved from /home/airflow/.local/lib/python3.8/site-packages/airflow/example_dags/example_sensor_decorator.py
[2026-08-21T23:06:03.794+0000] {logging_mixin.py:188} INFO - [2026-08-21T23:06:03.794+0000] {dag.py:3047} INFO - Sync 1 DAGs
[2026-08-21T23:06:03.810+0000] {logging_mixin.py:188} INFO - [2026-08-21T23:06:03.810+0000] {dag.py:3834} INFO - Setting next_dagrun for example_sensor_decorator to None, run_after=None
[2026-08-21T23:06:03.839+0000] {processor.py:183} INFO - Processing /home/airflow/.local/lib/python3.8/site-packages/airflow/example_dags/example_sensor_decorator.py took 0.097 seconds
[2026-08-21T23:06:34.563+0000] {processor.py:161} INFO - Started process (PID=2301) to work on /home/airflow/.local/lib/python3.8/site-packages/airflow/example_dags/example_sensor_decorator.py
[2026-08-21T23:06:34.565+0000] {processor.py:830} INFO - Processing file /home/airflow/.local/lib/python3.8/site-packages/airflow/example_dags/example_sensor_decorator.py for tasks to queue
[2026-08-21T23:06:34.568+0000] {logging_mixin.py:188} INFO - [2026-08-21T23:06:34.568+0000] {dagbag.py:540} INFO - Filling up the DagBag from /home/airflow/.local/lib/python3.8/site-packages/airflow/example_dags/example_sensor_decorator.py
[2026-08-21T23:06:34.578+0000] {processor.py:840} INFO - DAG(s) 'example_sensor_decorator' retrieved from /home/airflow/.local/lib/python3.8/site-packages/airflow/example_dags/example_sensor_decorator.py
[2026-08-21T23:06:34.606+0000] {logging_mixin.py:188} INFO - [2026-08-21T23:06:34.606+0000] {dag.py:3047} INFO - Sync 1 DAGs
[2026-08-21T23:06:34.620+0000] {logging_mixin.py:188} INFO - [2026-08-21T23:06:34.620+0000] {dag.py:3834} INFO - Setting next_dagrun for example_sensor_decorator to None, run_after=None
[2026-08-21T23:06:34.644+0000] {processor.py:183} INFO - Processing /home/airflow/.local/lib/python3.8/site-packages/airflow/example_dags/example_sensor_decorator.py took 0.084 seconds
[2026-08-21T23:07:04.973+0000] {processor.py:161} INFO - Started process (PID=2358) to work on /home/airflow/.local/lib/python3.8/site-packages/airflow/example_dags/example_sensor_decorator.py
[2026-08-21T23:07:04.975+0000] {processor.py:830} INFO - Processing file /home/airflow/.local/lib/python3.8/site-packages/airflow/example_dags/example_sensor_decorator.py for tasks to queue
[2026-08-21T23:07:04.978+0000] {logging_mixin.py:188} INFO - [2026-08-21T23:07:04.977+0000] {dagbag.py:540} INFO - Filling up the DagBag from /home/airflow/.local/lib/python3.8/site-packages/airflow/example_dags/example_sensor_decorator.py
[2026-08-21T23:07:04.985+0000] {processor.py:840} INFO - DAG(s) 'example_sensor_decorator' retrieved from /home/airflow/.local/lib/python3.8/site-packages/airflow/example_dags/example_sensor_decorator.py
[2026-08-21T23:07:05.010+0000] {logging_mixin.py:188} INFO - [2026-08-21T23:07:05.010+0000] {dag.py:3047} INFO - Sync 1 DAGs
[2026-08-21T23:07:05.027+0000] {logging_mixin.py:188} INFO - [2026-08-21T23:07:05.027+0000] {dag.py:3834} INFO - Setting next_dagrun for example_sensor_decorator to None, run_after=None
[2026-08-21T23:07:05.056+0000] {processor.py:183} INFO - Processing /home/airflow/.local/lib/python3.8/site-packages/airflow/example_dags/example_sensor_decorator.py took 0.088 seconds
[2026-08-21T23:07:35.567+0000] {processor.py:161} INFO - Started process (PID=2415) to work on /home/airflow/.local/lib/python3.8/site-packages/airflow/example_dags/example_sensor_decorator.py
[2026-08-21T23:07:35.570+0000] {processor.py:830} INFO - Processing file /home/airflow/.local/lib/python3.8/site-packages/airflow/example_dags/example_sensor_decorator.py for tasks to queue
[2026-08-21T23:07:35.576+0000] {logging_mixin.py:188} INFO - [2026-08-21T23:07:35.575+0000] {dagbag.py:540} INFO - Filling up the DagBag from /home/airflow/.local/lib/python3.8/site-packages/airflow/example_dags/example_sensor_decorator.py
[2026-08-21T23:07:35.588+0000] {processor.py:840} INFO - DAG(s) 'example_sensor_decorator' retrieved from /home/airflow/.local/lib/python3.8/site-packages/airflow/example_dags/example_sensor_decorator.py
[2026-08-21T23:07:35.625+0000] {logging_mixin.py:188} INFO - [2026-08-21T23:07:35.625+0000] {dag.py:3047} INFO - Sync 1 DAGs
[2026-08-21T23:07:35.646+0000] {logging_mixin.py:188} INFO - [2026-08-21T23:07:35.645+0000] {dag.py:3834} INFO - Setting next_dagrun for example_sensor_decorator to None, run_after=None
[2026-08-21T23:07:35.679+0000] {processor.py:183} INFO - Processing /home/airflow/.local/lib/python3.8/site-packages/airflow/example_dags/example_sensor_decorator.py took 0.120 seconds
[2026-08-21T23:08:05.922+0000] {processor.py:161} INFO - Started process (PID=2474) to work on /home/airflow/.local/lib/python3.8/site-packages/airflow/example_dags/example_sensor_decorator.py
[2026-08-21T23:08:05.924+0000] {processor.py:830} INFO - Processing file /home/airflow/.local/lib/python3.8/site-packages/airflow/example_dags/example_sensor_decorator.py for tasks to queue
[2026-08-21T23:08:05.928+0000] {logging_mixin.py:188} INFO - [2026-08-21T23:08:05.928+0000] {dagbag.py:540} INFO - Filling up the DagBag from /home/airflow/.local/lib/python3.8/site-packages/airflow/example_dags/example_sensor_decorator.py
[2026-08-21T23:08:05.938+0000] {processor.py:840} INFO - DAG(s) 'example_sensor_decorator' retrieved from /home/airflow/.local/lib/python3.8/site-packages/airflow/example_dags/example_sensor_decorator.py
[2026-08-21T23:08:05.990+0000] {logging_mixin.py:188} INFO - [2026-08-21T23:08:05.990+0000] {dag.py:3047} INFO - Sync 1 DAGs
[2026-08-21T23:08:06.037+0000] {logging_mixin.py:188} INFO - [2026-08-21T23:08:06.037+0000] {dag.py:3834} INFO - Setting next_dagrun for example_sensor_decorator to None, run_after=None
[2026-08-21T23:08:06.097+0000] {processor.py:183} INFO - Processing /home/airflow/.local/lib/python3.8/site-packages/airflow/example_dags/example_sensor_decorator.py took 0.181 seconds
