[2026-08-21T22:46:42.329+0000] {processor.py:161} INFO - Started process (PID=74) to work on /home/airflow/.local/lib/python3.8/site-packages/airflow/example_dags/example_sensors.py
[2026-08-21T22:46:42.331+0000] {processor.py:830} INFO - Processing file /home/airflow/.local/lib/python3.8/site-packages/airflow/example_dags/example_sensors.py for tasks to queue
[2026-08-21T22:46:42.333+0000] {logging_mixin.py:188} INFO - [2026-08-21T22:46:42.333+0000] {dagbag.py:540} INFO - Filling up the DagBag from /home/airflow/.local/lib/python3.8/site-packages/airflow/example_dags/example_sensors.py
[2026-08-21T22:46:42.347+0000] {processor.py:840} INFO - DAG(s) 'example_sensors' retrieved from /home/airflow/.local/lib/python3.8/site-packages/airflow/example_dags/example_sensors.py
[2026-08-21T22:46:42.365+0000] {logging_mixin.py:188} INFO - [2026-08-21T22:46:42.365+0000] {dag.py:3047} INFO - Sync 1 DAGs
[2026-08-21T22:46:42.389+0000] {logging_mixin.py:188} INFO - [2026-08-21T22:46:42.388+0000] {dag.py:3834} INFO - Setting next_dagrun for example_sensors to None, run_after=None
[2026-08-21T22:46:42.414+0000] {processor.py:183} INFO - Processing /home/airflow/.local/lib/python3.8/site-packages/airflow/example_dags/example_sensors.py took 0.088 seconds
[2026-08-21T22:47:12.803+0000] {processor.py:161} INFO - Started process (PID=129) to work on /home/airflow/.local/lib/python3.8/site-packages/airflow/example_dags/example_sensors.py
[2026-08-21T22:47:12.805+0000] {processor.py:830} INFO - Processing file /home/airflow/.local/lib/python3.8/site-packages/airflow/example_dags/example_sensors.py for tasks to queue
[2026-08-21T22:47:12.808+0000] {logging_mixin.py:188} INFO - [2026-08-21T22:47:12.808+0000] {dagbag.py:540} INFO - Filling up the DagBag from /home/airflow/.local/lib/python3.8/site-packages/airflow/example_dags/example_sensors.py
[2026-08-21T22:47:12.821+0000] {processor.py:840} INFO - DAG(s) 'example_sensors' retrieved from /home/airflow/.local/lib/python3.8/site-packages/airflow/example_dags/example_sensors.py
[2026-08-21T22:47:12.960+0000] {logging_mixin.py:188} INFO - [2026-08-21T22:47:12.960+0000] {dag.py:3047} INFO - Sync 1 DAGs
[2026-08-21T22:47:12.970+0000] {logging_mixin.py:188} INFO - [2026-08-21T22:47:12.970+0000] {dag.py:3834} INFO - Setting next_dagrun for example_sensors to None, run_after=None
[2026-08-21T22:47:12.995+0000] {processor.py:183} INFO - Processing /home/airflow/.local/lib/python3.8/site-packages/airflow/example_dags/example_sensors.py took 0.196 seconds
[2026-08-21T22:47:43.210+0000] {processor.py:161} INFO - Started process (PID=186) to work on /home/airflow/.local/lib/python3.8/site-packages/airflow/example_dags/example_sensors.py
[2026-08-21T22:47:43.212+0000] {processor.py:830} INFO - Processing file /home/airflow/.local/lib/python3.8/site-packages/airflow/example_dags/example_sensors.py for tasks to queue
[2026-08-21T22:47:43.214+0000] {logging_mixin.py:188} INFO - [2026-08-21T22:47:43.214+0000] {dagbag.py:540} INFO - Filling up the DagBag from /home/airflow/.local/lib/python3.8/site-packages/airflow/example_dags/example_sensors.py
[2026-08-21T22:47:43.228+0000] {processor.py:840} INFO - DAG(s) 'example_sensors' retrieved from /home/airflow/.local/lib/python3.8/site-packages/airflow/example_dags/example_sensors.py
[2026-08-21T22:47:43.267+0000] {logging_mixin.py:188} INFO - [2026-08-21T22:47:43.267+0000] {dag.py:3047} INFO - Sync 1 DAGs
[2026-08-21T22:47:43.283+0000] {logging_mixin.py:188} INFO - [2026-08-21T22:47:43.283+0000] {dag.py:3834} INFO - Setting next_dagrun for example_sensors to None, run_after=None
[2026-08-21T22:47:43.311+0000] {processor.py:183} INFO - Processing /home/airflow/.local/lib/python3.8/site-packages/airflow/example_dags/example_sensors.py took 0.109 seconds
[2026-08-21T22:48:13.385+0000] {processor.py:161} INFO - Started process (PID=243) to work on /home/airflow/.local/lib/python3.8/site-packages/airflow/example_dags/example_sensors.py
[2026-08-21T22:48:13.387+0000] {processor.py:830} INFO - Processing file /home/airflow/.local/lib/python3.8/site-packages/airflow/example_dags/example_sensors.py for tasks to queue
[2026-08-21T22:48:13.391+0000] {logging_mixin.py:188} INFO - [2026-08-21T22:48:13.390+0000] {dagbag.py:540} INFO - Filling up the DagBag from /home/airflow/.local/lib/python3.8/site-packages/airflow/example_dags/example_sensors.py
[2026-08-21T22:48:13.403+0000] {processor.py:840} INFO - DAG(s) 'example_sensors' retrieved from /home/airflow/.local/lib/python3.8/site-packages/airflow/example_dags/example_sensors.py
[2026-08-21T22:48:13.435+0000] {logging_mixin.py:188} INFO - [2026-08-21T22:48:13.435+0000] {dag.py:3047} INFO - Sync 1 DAGs
[2026-08-21T22:48:13.448+0000] {logging_mixin.py:188} INFO - [2026-08-21T22:48:13.448+0000] {dag.py:3834} INFO - Setting next_dagrun for example_sensors to None, run_after=None
[2026-08-21T22:48:13.470+0000] {processor.py:183} INFO - Processing /home/airflow/.local/lib/python3.8/site-packages/airflow/example_dags/example_sensors.py took 0.090 seconds
[2026-08-21T22:48:43.728+0000] {processor.py:161} INFO - Started process (PID=300) to work on /home/airflow/.local/lib/python3.8/site-packages/airflow/example_dags/example_sensors.py
[2026-08-21T22:48:43.729+0000] {processor.py:830} INFO - Processing file /home/airflow/.local/lib/python3.8/site-packages/airflow/example_dags/example_sensors.py for tasks to queue
[2026-08-21T22:48:43.733+0000] {logging_mixin.py:188} INFO - [2026-08-21T22:48:43.733+0000] {dagbag.py:540} INFO - Filling up the DagBag from /home/airflow/.local/lib/python3.8/site-packages/airflow/example_dags/example_sensors.py
[2026-08-21T22:48:43.743+0000] {processor.py:840} INFO - DAG(s) 'example_sensors' retrieved from /home/airflow/.local/lib/python3.8/site-packages/airflow/example_dags/example_sensors.py
[2026-08-21T22:48:43.774+0000] {logging_mixin.py:188} INFO - [2026-08-21T22:48:43.774+0000] {dag.py:3047} INFO - Sync 1 DAGs
[2026-08-21T22:48:43.787+0000] {logging_mixin.py:188} INFO - [2026-08-21T22:48:43.787+0000] {dag.py:3834} INFO - Setting next_dagrun for example_sensors to None, run_after=None
[2026-08-21T22:48:43.808+0000] {processor.py:183} INFO - Processing /home/airflow/.local/lib/python3.8/site-packages/airflow/example_dags/example_sensors.py took 0.084 seconds
[2026-08-21T22:49:14.136+0000] {processor.py:161} INFO - Started process (PID=357) to work on /home/airflow/.local/lib/python3.8/site-packages/airflow/example_dags/example_sensors.py
[2026-08-21T22:49:14.138+0000] {processor.py:830} INFO - Processing file /home/airflow/.local/lib/python3.8/site-packages/airflow/example_dags/example_sensors.py for tasks to queue
[2026-08-21T22:49:14.142+0000] {logging_mixin.py:188} INFO - [2026-08-21T22:49:14.141+0000] {dagbag.py:540} INFO - Filling up the DagBag from /home/airflow/.local/lib/python3.8/site-packages/airflow/example_dags/example_sensors.py
[2026-08-21T22:49:14.155+0000] {processor.py:840} INFO - DAG(s) 'example_sensors' retrieved from /home/airflow/.local/lib/python3.8/site-packages/airflow/example_dags/example_sensors.py
[2026-08-21T22:49:14.186+0000] {logging_mixin.py:188} INFO - [2026-08-21T22:49:14.185+0000] {dag.py:3047} INFO - Sync 1 DAGs
[2026-08-21T22:49:14.200+0000] {logging_mixin.py:188} INFO - [2026-08-21T22:49:14.200+0000] {dag.py:3834} INFO - Setting next_dagrun for example_sensors to None, run_after=None
[2026-08-21T22:49:14.219+0000] {processor.py:183} INFO - Processing /home/airflow/.local/lib/python3.8/site-packages/airflow/example_dags/example_sensors.py took 0.088 seconds
[2026-08-21T22:49:44.440+0000] {processor.py:161} INFO - Started process (PID=414) to work on /home/airflow/.local/lib/python3.8/site-packages/airflow/example_dags/example_sensors.py
[2026-08-21T22:49:44.442+0000] {processor.py:830} INFO - Processing file /home/airflow/.local/lib/python3.8/site-packages/airflow/example_dags/example_sensors.py for tasks to queue
[2026-08-21T22:49:44.445+0000] {logging_mixin.py:188} INFO - [2026-08-21T22:49:44.445+0000] {dagbag.py:540} INFO - Filling up the DagBag from /home/airflow/.local/lib/python3.8/site-packages/airflow/example_dags/example_sensors.py
[2026-08-21T22:49:44.463+0000] {processor.py:840} INFO - DAG(s) 'example_sensors' retrieved from /home/airflow/.local/lib/python3.8/site-packages/airflow/example_dags/example_sensors.py
[2026-08-21T22:49:44.498+0000] {logging_mixin.py:188} INFO - [2026-08-21T22:49:44.498+0000] {dag.py:3047} INFO - Sync 1 DAGs
[2026-08-21T22:49:44.514+0000] {logging_mixin.py:188} INFO - [2026-08-21T22:49:44.514+0000] {dag.py:3834} INFO - Setting next_dagrun for example_sensors to None, run_after=None
[2026-08-21T22:49:44.537+0000] {processor.py:183} INFO - Processing /home/airflow/.local/lib/python3.8/site-packages/airflow/example_dags/example_sensors.py took 0.101 seconds
[2026-08-21T22:50:14.949+0000] {processor.py:161} INFO - Started process (PID=471) to work on /home/airflow/.local/lib/python3.8/site-packages/airflow/example_dags/example_sensors.py
[2026-08-21T22:50:14.951+0000] {processor.py:830} INFO - Processing file /home/airflow/.local/lib/python3.8/site-packages/airflow/example_dags/example_sensors.py for tasks to queue
[2026-08-21T22:50:14.954+0000] {logging_mixin.py:188} INFO - [2026-08-21T22:50:14.953+0000] {dagbag.py:540} INFO - Filling up the DagBag from /home/airflow/.local/lib/python3.8/site-packages/airflow/example_dags/example_sensors.py
[2026-08-21T22:50:14.969+0000] {processor.py:840} INFO - DAG(s) 'example_sensors' retrieved from /home/airflow/.local/lib/python3.8/site-packages/airflow/example_dags/example_sensors.py
[2026-08-21T22:50:15.000+0000] {logging_mixin.py:188} INFO - [2026-08-21T22:50:15.000+0000] {dag.py:3047} INFO - Sync 1 DAGs
[2026-08-21T22:50:15.015+0000] {logging_mixin.py:188} INFO - [2026-08-21T22:50:15.015+0000] {dag.py:3834} INFO - Setting next_dagrun for example_sensors to None, run_after=None
[2026-08-21T22:50:15.035+0000] {processor.py:183} INFO - Processing /home/airflow/.local/lib/python3.8/site-packages/airflow/example_dags/example_sensors.py took 0.090 seconds
[2026-08-21T22:50:45.128+0000] {processor.py:161} INFO - Started process (PID=528) to work on /home/airflow/.local/lib/python3.8/site-packages/airflow/example_dags/example_sensors.py
[2026-08-21T22:50:45.130+0000] {processor.py:830} INFO - Processing file /home/airflow/.local/lib/python3.8/site-packages/airflow/example_dags/example_sensors.py for tasks to queue
[2026-08-21T22:50:45.133+0000] {logging_mixin.py:188} INFO - [2026-08-21T22:50:45.132+0000] {dagbag.py:540} INFO - Filling up the DagBag from /home/airflow/.local/lib/python3.8/site-packages/airflow/example_dags/example_sensors.py
[2026-08-21T22:50:45.146+0000] {processor.py:840} INFO - DAG(s) 'example_sensors' retrieved from /home/airflow/.local/lib/python3.8/site-packages/airflow/example_dags/example_sensors.py
[2026-08-21T22:50:45.185+0000] {logging_mixin.py:188} INFO - [2026-08-21T22:50:45.185+0000] {dag.py:3047} INFO - Sync 1 DAGs
[2026-08-21T22:50:45.208+0000] {logging_mixin.py:188} INFO - [2026-08-21T22:50:45.207+0000] {dag.py:3834} INFO - Setting next_dagrun for example_sensors to None, run_after=None
[2026-08-21T22:50:45.239+0000] {processor.py:183} INFO - Processing /home/airflow/.local/lib/python3.8/site-packages/airflow/example_dags/example_sensors.py took 0.115 seconds
[2026-08-21T22:51:15.524+0000] {processor.py:161} INFO - Started process (PID=585) to work on /home/airflow/.local/lib/python3.8/site-packages/airflow/example_dags/example_sensors.py
[2026-08-21T22:51:15.526+0000] {processor.py:830} INFO - Processing file /home/airflow/.local/lib/python3.8/site-packages/airflow/example_dags/example_sensors.py for tasks to queue
[2026-08-21T22:51:15.530+0000] {logging_mixin.py:188} INFO - [2026-08-21T22:51:15.529+0000] {dagbag.py:540} INFO - Filling up the DagBag from /home/airflow/.local/lib/python3.8/site-packages/airflow/example_dags/example_sensors.py
[2026-08-21T22:51:15.544+0000] {processor.py:840} INFO - DAG(s) 'example_sensors' retrieved from /home/airflow/.local/lib/python3.8/site-packages/airflow/example_dags/example_sensors.py
[2026-08-21T22:51:15.574+0000] {logging_mixin.py:188} INFO - [2026-08-21T22:51:15.573+0000] {dag.py:3047} INFO - Sync 1 DAGs
[2026-08-21T22:51:15.589+0000] {logging_mixin.py:188} INFO - [2026-08-21T22:51:15.589+0000] {dag.py:3834} INFO - Setting next_dagrun for example_sensors to None, run_after=None
[2026-08-21T22:51:15.614+0000] {processor.py:183} INFO - Processing /home/airflow/.local/lib/python3.8/site-packages/airflow/example_dags/example_sensors.py took 0.095 seconds
[2026-08-21T22:51:45.708+0000] {processor.py:161} INFO - Started process (PID=642) to work on /home/airflow/.local/lib/python3.8/site-packages/airflow/example_dags/example_sensors.py
[2026-08-21T22:51:45.710+0000] {processor.py:830} INFO - Processing file /home/airflow/.local/lib/python3.8/site-packages/airflow/example_dags/example_sensors.py for tasks to queue
[2026-08-21T22:51:45.713+0000] {logging_mixin.py:188} INFO - [2026-08-21T22:51:45.712+0000] {dagbag.py:540} INFO - Filling up the DagBag from /home/airflow/.local/lib/python3.8/site-packages/airflow/example_dags/example_sensors.py
[2026-08-21T22:51:45.724+0000] {processor.py:840} INFO - DAG(s) 'example_sensors' retrieved from /home/airflow/.local/lib/python3.8/site-packages/airflow/example_dags/example_sensors.py
[2026-08-21T22:51:45.763+0000] {logging_mixin.py:188} INFO - [2026-08-21T22:51:45.763+0000] {dag.py:3047} INFO - Sync 1 DAGs
[2026-08-21T22:51:45.778+0000] {logging_mixin.py:188} INFO - [2026-08-21T22:51:45.778+0000] {dag.py:3834} INFO - Setting next_dagrun for example_sensors to None, run_after=None
[2026-08-21T22:51:45.808+0000] {processor.py:183} INFO - Processing /home/airflow/.local/lib/python3.8/site-packages/airflow/example_dags/example_sensors.py took 0.104 seconds
[2026-08-21T22:52:16.233+0000] {processor.py:161} INFO - Started process (PID=699) to work on /home/airflow/.local/lib/python3.8/site-packages/airflow/example_dags/example_sensors.py
[2026-08-21T22:52:16.235+0000] {processor.py:830} INFO - Processing file /home/airflow/.local/lib/python3.8/site-packages/airflow/example_dags/example_sensors.py for tasks to queue
[2026-08-21T22:52:16.238+0000] {logging_mixin.py:188} INFO - [2026-08-21T22:52:16.237+0000] {dagbag.py:540} INFO - Filling up the DagBag from /home/airflow/.local/lib/python3.8/site-packages/airflow/example_dags/example_sensors.py
[2026-08-21T22:52:16.249+0000] {processor.py:840} INFO - DAG(s) 'example_sensors' retrieved from /home/airflow/.local/lib/python3.8/site-packages/airflow/example_dags/example_sensors.py
[2026-08-21T22:52:16.276+0000] {logging_mixin.py:188} INFO - [2026-08-21T22:52:16.276+0000] {dag.py:3047} INFO - Sync 1 DAGs
[2026-08-21T22:52:16.289+0000] {logging_mixin.py:188} INFO - [2026-08-21T22:52:16.289+0000] {dag.py:3834} INFO - Setting next_dagrun for example_sensors to None, run_after=None
[2026-08-21T22:52:16.311+0000] {processor.py:183} INFO - Processing /home/airflow/.local/lib/python3.8/site-packages/airflow/example_dags/example_sensors.py took 0.084 seconds
[2026-08-21T22:52:47.222+0000] {processor.py:161} INFO - Started process (PID=756) to work on /home/airflow/.local/lib/python3.8/site-packages/airflow/example_dags/example_sensors.py
[2026-08-21T22:52:47.224+0000] {processor.py:830} INFO - Processing file /home/airflow/.local/lib/python3.8/site-packages/airflow/example_dags/example_sensors.py for tasks to queue
[2026-08-21T22:52:47.228+0000] {logging_mixin.py:188} INFO - [2026-08-21T22:52:47.228+0000] {dagbag.py:540} INFO - Filling up the DagBag from /home/airflow/.local/lib/python3.8/site-packages/airflow/example_dags/example_sensors.py
[2026-08-21T22:52:47.248+0000] {processor.py:840} INFO - DAG(s) 'example_sensors' retrieved from /home/airflow/.local/lib/python3.8/site-packages/airflow/example_dags/example_sensors.py
[2026-08-21T22:52:47.292+0000] {logging_mixin.py:188} INFO - [2026-08-21T22:52:47.292+0000] {dag.py:3047} INFO - Sync 1 DAGs
[2026-08-21T22:52:47.309+0000] {logging_mixin.py:188} INFO - [2026-08-21T22:52:47.308+0000] {dag.py:3834} INFO - Setting next_dagrun for example_sensors to None, run_after=None
[2026-08-21T22:52:47.350+0000] {processor.py:183} INFO - Processing /home/airflow/.local/lib/python3.8/site-packages/airflow/example_dags/example_sensors.py took 0.133 seconds
[2026-08-21T22:53:18.397+0000] {processor.py:161} INFO - Started process (PID=813) to work on /home/airflow/.local/lib/python3.8/site-packages/airflow/example_dags/example_sensors.py
[2026-08-21T22:53:18.399+0000] {processor.py:830} INFO - Processing file /home/airflow/.local/lib/python3.8/site-packages/airflow/example_dags/example_sensors.py for tasks to queue
[2026-08-21T22:53:18.402+0000] {logging_mixin.py:188} INFO - [2026-08-21T22:53:18.402+0000] {dagbag.py:540} INFO - Filling up the DagBag from /home/airflow/.local/lib/python3.8/site-packages/airflow/example_dags/example_sensors.py
[2026-08-21T22:53:18.414+0000] {processor.py:840} INFO - DAG(s) 'example_sensors' retrieved from /home/airflow/.local/lib/python3.8/site-packages/airflow/example_dags/example_sensors.py
[2026-08-21T22:53:18.456+0000] {logging_mixin.py:188} INFO - [2026-08-21T22:53:18.455+0000] {dag.py:3047} INFO - Sync 1 DAGs
[2026-08-21T22:53:18.482+0000] {logging_mixin.py:188} INFO - [2026-08-21T22:53:18.481+0000] {dag.py:3834} INFO - Setting next_dagrun for example_sensors to None, run_after=None
[2026-08-21T22:53:18.518+0000] {processor.py:183} INFO - Processing /home/airflow/.local/lib/python3.8/site-packages/airflow/example_dags/example_sensors.py took 0.126 seconds
[2026-08-21T22:53:48.682+0000] {processor.py:161} INFO - Started process (PID=870) to work on /home/airflow/.local/lib/python3.8/site-packages/airflow/example_dags/example_sensors.py
[2026-08-21T22:53:48.684+0000] {processor.py:830} INFO - Processing file /home/airflow/.local/lib/python3.8/site-packages/airflow/example_dags/example_sensors.py for tasks to queue
[2026-08-21T22:53:48.686+0000] {logging_mixin.py:188} INFO - [2026-08-21T22:53:48.686+0000] {dagbag.py:540} INFO - Filling up the DagBag from /home/airflow/.local/lib/python3.8/site-packages/airflow/example_dags/example_sensors.py
[2026-08-21T22:53:48.703+0000] {processor.py:840} INFO - DAG(s) 'example_sensors' retrieved from /home/airflow/.local/lib/python3.8/site-packages/airflow/example_dags/example_sensors.py
[2026-08-21T22:53:48.752+0000] {logging_mixin.py:188} INFO - [2026-08-21T22:53:48.752+0000] {dag.py:3047} INFO - Sync 1 DAGs
[2026-08-21T22:53:48.767+0000] {logging_mixin.py:188} INFO - [2026-08-21T22:53:48.767+0000] {dag.py:3834} INFO - Setting next_dagrun for example_sensors to None, run_after=None
[2026-08-21T22:53:48.791+0000] {processor.py:183} INFO - Processing /home/airflow/.local/lib/python3.8/site-packages/airflow/example_dags/example_sensors.py took 0.112 seconds
[2026-08-21T22:54:19.010+0000] {processor.py:161} INFO - Started process (PID=927) to work on /home/airflow/.local/lib/python3.8/site-packages/airflow/example_dags/example_sensors.py
[2026-08-21T22:54:19.012+0000] {processor.py:830} INFO - Processing file /home/airflow/.local/lib/python3.8/site-packages/airflow/example_dags/example_sensors.py for tasks to queue
[2026-08-21T22:54:19.015+0000] {logging_mixin.py:188} INFO - [2026-08-21T22:54:19.014+0000] {dagbag.py:540} INFO - Filling up the DagBag from /home/airflow/.local/lib/python3.8/site-packages/airflow/example_dags/example_sensors.py
[2026-08-21T22:54:19.026+0000] {processor.py:840} INFO - DAG(s) 'example_sensors' retrieved from /home/airflow/.local/lib/python3.8/site-packages/airflow/example_dags/example_sensors.py
[2026-08-21T22:54:19.056+0000] {logging_mixin.py:188} INFO - [2026-08-21T22:54:19.056+0000] {dag.py:3047} INFO - Sync 1 DAGs
[2026-08-21T22:54:19.069+0000] {logging_mixin.py:188} INFO - [2026-08-21T22:54:19.069+0000] {dag.py:3834} INFO - Setting next_dagrun for example_sensors to None, run_after=None
[2026-08-21T22:54:19.093+0000] {processor.py:183} INFO - Processing /home/airflow/.local/lib/python3.8/site-packages/airflow/example_dags/example_sensors.py took 0.087 seconds
[2026-08-21T22:54:49.759+0000] {processor.py:161} INFO - Started process (PID=984) to work on /home/airflow/.local/lib/python3.8/site-packages/airflow/example_dags/example_sensors.py
[2026-08-21T22:54:49.762+0000] {processor.py:830} INFO - Processing file /home/airflow/.local/lib/python3.8/site-packages/airflow/example_dags/example_sensors.py for tasks to queue
[2026-08-21T22:54:49.765+0000] {logging_mixin.py:188} INFO - [2026-08-21T22:54:49.765+0000] {dagbag.py:540} INFO - Filling up the DagBag from /home/airflow/.local/lib/python3.8/site-packages/airflow/example_dags/example_sensors.py
[2026-08-21T22:54:49.784+0000] {processor.py:840} INFO - DAG(s) 'example_sensors' retrieved from /home/airflow/.local/lib/python3.8/site-packages/airflow/example_dags/example_sensors.py
[2026-08-21T22:54:49.820+0000] {logging_mixin.py:188} INFO - [2026-08-21T22:54:49.820+0000] {dag.py:3047} INFO - Sync 1 DAGs
[2026-08-21T22:54:49.836+0000] {logging_mixin.py:188} INFO - [2026-08-21T22:54:49.836+0000] {dag.py:3834} INFO - Setting next_dagrun for example_sensors to None, run_after=None
[2026-08-21T22:54:49.860+0000] {processor.py:183} INFO - Processing /home/airflow/.local/lib/python3.8/site-packages/airflow/example_dags/example_sensors.py took 0.106 seconds
[2026-08-21T22:55:20.185+0000] {processor.py:161} INFO - Started process (PID=1041) to work on /home/airflow/.local/lib/python3.8/site-packages/airflow/example_dags/example_sensors.py
[2026-08-21T22:55:20.188+0000] {processor.py:830} INFO - Processing file /home/airflow/.local/lib/python3.8/site-packages/airflow/example_dags/example_sensors.py for tasks to queue
[2026-08-21T22:55:20.191+0000] {logging_mixin.py:188} INFO - [2026-08-21T22:55:20.190+0000] {dagbag.py:540} INFO - Filling up the DagBag from /home/airflow/.local/lib/python3.8/site-packages/airflow/example_dags/example_sensors.py
[2026-08-21T22:55:20.203+0000] {processor.py:840} INFO - DAG(s) 'example_sensors' retrieved from /home/airflow/.local/lib/python3.8/site-packages/airflow/example_dags/example_sensors.py
[2026-08-21T22:55:20.239+0000] {logging_mixin.py:188} INFO - [2026-08-21T22:55:20.239+0000] {dag.py:3047} INFO - Sync 1 DAGs
[2026-08-21T22:55:20.255+0000] {logging_mixin.py:188} INFO - [2026-08-21T22:55:20.255+0000] {dag.py:3834} INFO - Setting next_dagrun for example_sensors to None, run_after=None
[2026-08-21T22:55:20.280+0000] {processor.py:183} INFO - Processing /home/airflow/.local/lib/python3.8/site-packages/airflow/example_dags/example_sensors.py took 0.101 seconds
[2026-08-21T22:55:50.486+0000] {processor.py:161} INFO - Started process (PID=1098) to work on /home/airflow/.local/lib/python3.8/site-packages/airflow/example_dags/example_sensors.py
[2026-08-21T22:55:50.488+0000] {processor.py:830} INFO - Processing file /home/airflow/.local/lib/python3.8/site-packages/airflow/example_dags/example_sensors.py for tasks to queue
[2026-08-21T22:55:50.492+0000] {logging_mixin.py:188} INFO - [2026-08-21T22:55:50.491+0000] {dagbag.py:540} INFO - Filling up the DagBag from /home/airflow/.local/lib/python3.8/site-packages/airflow/example_dags/example_sensors.py
[2026-08-21T22:55:50.506+0000] {processor.py:840} INFO - DAG(s) 'example_sensors' retrieved from /home/airflow/.local/lib/python3.8/site-packages/airflow/example_dags/example_sensors.py
[2026-08-21T22:55:50.540+0000] {logging_mixin.py:188} INFO - [2026-08-21T22:55:50.539+0000] {dag.py:3047} INFO - Sync 1 DAGs
[2026-08-21T22:55:50.555+0000] {logging_mixin.py:188} INFO - [2026-08-21T22:55:50.555+0000] {dag.py:3834} INFO - Setting next_dagrun for example_sensors to None, run_after=None
[2026-08-21T22:55:50.578+0000] {processor.py:183} INFO - Processing /home/airflow/.local/lib/python3.8/site-packages/airflow/example_dags/example_sensors.py took 0.097 seconds
[2026-08-21T22:56:21.501+0000] {processor.py:161} INFO - Started process (PID=1155) to work on /home/airflow/.local/lib/python3.8/site-packages/airflow/example_dags/example_sensors.py
[2026-08-21T22:56:21.503+0000] {processor.py:830} INFO - Processing file /home/airflow/.local/lib/python3.8/site-packages/airflow/example_dags/example_sensors.py for tasks to queue
[2026-08-21T22:56:21.506+0000] {logging_mixin.py:188} INFO - [2026-08-21T22:56:21.506+0000] {dagbag.py:540} INFO - Filling up the DagBag from /home/airflow/.local/lib/python3.8/site-packages/airflow/example_dags/example_sensors.py
[2026-08-21T22:56:21.519+0000] {processor.py:840} INFO - DAG(s) 'example_sensors' retrieved from /home/airflow/.local/lib/python3.8/site-packages/airflow/example_dags/example_sensors.py
[2026-08-21T22:56:21.556+0000] {logging_mixin.py:188} INFO - [2026-08-21T22:56:21.555+0000] {dag.py:3047} INFO - Sync 1 DAGs
[2026-08-21T22:56:21.575+0000] {logging_mixin.py:188} INFO - [2026-08-21T22:56:21.574+0000] {dag.py:3834} INFO - Setting next_dagrun for example_sensors to None, run_after=None
[2026-08-21T22:56:21.600+0000] {processor.py:183} INFO - Processing /home/airflow/.local/lib/python3.8/site-packages/airflow/example_dags/example_sensors.py took 0.104 seconds
[2026-08-21T22:56:51.975+0000] {processor.py:161} INFO - Started process (PID=1212) to work on /home/airflow/.local/lib/python3.8/site-packages/airflow/example_dags/example_sensors.py
[2026-08-21T22:56:51.977+0000] {processor.py:830} INFO - Processing file /home/airflow/.local/lib/python3.8/site-packages/airflow/example_dags/example_sensors.py for tasks to queue
[2026-08-21T22:56:51.981+0000] {logging_mixin.py:188} INFO - [2026-08-21T22:56:51.980+0000] {dagbag.py:540} INFO - Filling up the DagBag from /home/airflow/.local/lib/python3.8/site-packages/airflow/example_dags/example_sensors.py
[2026-08-21T22:56:51.995+0000] {processor.py:840} INFO - DAG(s) 'example_sensors' retrieved from /home/airflow/.local/lib/python3.8/site-packages/airflow/example_dags/example_sensors.py
[2026-08-21T22:56:52.030+0000] {logging_mixin.py:188} INFO - [2026-08-21T22:56:52.030+0000] {dag.py:3047} INFO - Sync 1 DAGs
[2026-08-21T22:56:52.045+0000] {logging_mixin.py:188} INFO - [2026-08-21T22:56:52.044+0000] {dag.py:3834} INFO - Setting next_dagrun for example_sensors to None, run_after=None
[2026-08-21T22:56:52.069+0000] {processor.py:183} INFO - Processing /home/airflow/.local/lib/python3.8/site-packages/airflow/example_dags/example_sensors.py took 0.098 seconds
[2026-08-21T22:57:22.693+0000] {processor.py:161} INFO - Started process (PID=1269) to work on /home/airflow/.local/lib/python3.8/site-packages/airflow/example_dags/example_sensors.py
[2026-08-21T22:57:22.695+0000] {processor.py:830} INFO - Processing file /home/airflow/.local/lib/python3.8/site-packages/airflow/example_dags/example_sensors.py for tasks to queue
[2026-08-21T22:57:22.698+0000] {logging_mixin.py:188} INFO - [2026-08-21T22:57:22.698+0000] {dagbag.py:540} INFO - Filling up the DagBag from /home/airflow/.local/lib/python3.8/site-packages/airflow/example_dags/example_sensors.py
[2026-08-21T22:57:22.715+0000] {processor.py:840} INFO - DAG(s) 'example_sensors' retrieved from /home/airflow/.local/lib/python3.8/site-packages/airflow/example_dags/example_sensors.py
[2026-08-21T22:57:22.745+0000] {logging_mixin.py:188} INFO - [2026-08-21T22:57:22.745+0000] {dag.py:3047} INFO - Sync 1 DAGs
[2026-08-21T22:57:22.758+0000] {logging_mixin.py:188} INFO - [2026-08-21T22:57:22.758+0000] {dag.py:3834} INFO - Setting next_dagrun for example_sensors to None, run_after=None
[2026-08-21T22:57:22.780+0000] {processor.py:183} INFO - Processing /home/airflow/.local/lib/python3.8/site-packages/airflow/example_dags/example_sensors.py took 0.091 seconds
[2026-08-21T22:57:53.223+0000] {processor.py:161} INFO - Started process (PID=1326) to work on /home/airflow/.local/lib/python3.8/site-packages/airflow/example_dags/example_sensors.py
[2026-08-21T22:57:53.225+0000] {processor.py:830} INFO - Processing file /home/airflow/.local/lib/python3.8/site-packages/airflow/example_dags/example_sensors.py for tasks to queue
[2026-08-21T22:57:53.230+0000] {logging_mixin.py:188} INFO - [2026-08-21T22:57:53.229+0000] {dagbag.py:540} INFO - Filling up the DagBag from /home/airflow/.local/lib/python3.8/site-packages/airflow/example_dags/example_sensors.py
[2026-08-21T22:57:53.246+0000] {processor.py:840} INFO - DAG(s) 'example_sensors' retrieved from /home/airflow/.local/lib/python3.8/site-packages/airflow/example_dags/example_sensors.py
[2026-08-21T22:57:53.283+0000] {logging_mixin.py:188} INFO - [2026-08-21T22:57:53.283+0000] {dag.py:3047} INFO - Sync 1 DAGs
[2026-08-21T22:57:53.301+0000] {logging_mixin.py:188} INFO - [2026-08-21T22:57:53.300+0000] {dag.py:3834} INFO - Setting next_dagrun for example_sensors to None, run_after=None
[2026-08-21T22:57:53.329+0000] {processor.py:183} INFO - Processing /home/airflow/.local/lib/python3.8/site-packages/airflow/example_dags/example_sensors.py took 0.111 seconds
[2026-08-21T22:58:23.693+0000] {processor.py:161} INFO - Started process (PID=1383) to work on /home/airflow/.local/lib/python3.8/site-packages/airflow/example_dags/example_sensors.py
[2026-08-21T22:58:23.695+0000] {processor.py:830} INFO - Processing file /home/airflow/.local/lib/python3.8/site-packages/airflow/example_dags/example_sensors.py for tasks to queue
[2026-08-21T22:58:23.698+0000] {logging_mixin.py:188} INFO - [2026-08-21T22:58:23.698+0000] {dagbag.py:540} INFO - Filling up the DagBag from /home/airflow/.local/lib/python3.8/site-packages/airflow/example_dags/example_sensors.py
[2026-08-21T22:58:23.711+0000] {processor.py:840} INFO - DAG(s) 'example_sensors' retrieved from /home/airflow/.local/lib/python3.8/site-packages/airflow/example_dags/example_sensors.py
[2026-08-21T22:58:23.745+0000] {logging_mixin.py:188} INFO - [2026-08-21T22:58:23.745+0000] {dag.py:3047} INFO - Sync 1 DAGs
[2026-08-21T22:58:23.762+0000] {logging_mixin.py:188} INFO - [2026-08-21T22:58:23.762+0000] {dag.py:3834} INFO - Setting next_dagrun for example_sensors to None, run_after=None
[2026-08-21T22:58:23.943+0000] {processor.py:183} INFO - Processing /home/airflow/.local/lib/python3.8/site-packages/airflow/example_dags/example_sensors.py took 0.256 seconds
[2026-08-21T22:58:54.148+0000] {processor.py:161} INFO - Started process (PID=1440) to work on /home/airflow/.local/lib/python3.8/site-packages/airflow/example_dags/example_sensors.py
[2026-08-21T22:58:54.150+0000] {processor.py:830} INFO - Processing file /home/airflow/.local/lib/python3.8/site-packages/airflow/example_dags/example_sensors.py for tasks to queue
[2026-08-21T22:58:54.153+0000] {logging_mixin.py:188} INFO - [2026-08-21T22:58:54.153+0000] {dagbag.py:540} INFO - Filling up the DagBag from /home/airflow/.local/lib/python3.8/site-packages/airflow/example_dags/example_sensors.py
[2026-08-21T22:58:54.165+0000] {processor.py:840} INFO - DAG(s) 'example_sensors' retrieved from /home/airflow/.local/lib/python3.8/site-packages/airflow/example_dags/example_sensors.py
[2026-08-21T22:58:54.196+0000] {logging_mixin.py:188} INFO - [2026-08-21T22:58:54.196+0000] {dag.py:3047} INFO - Sync 1 DAGs
[2026-08-21T22:58:54.210+0000] {logging_mixin.py:188} INFO - [2026-08-21T22:58:54.210+0000] {dag.py:3834} INFO - Setting next_dagrun for example_sensors to None, run_after=None
[2026-08-21T22:58:54.231+0000] {processor.py:183} INFO - Processing /home/airflow/.local/lib/python3.8/site-packages/airflow/example_dags/example_sensors.py took 0.087 seconds
[2026-08-21T22:59:24.581+0000] {processor.py:161} INFO - Started process (PID=1497) to work on /home/airflow/.local/lib/python3.8/site-packages/airflow/example_dags/example_sensors.py
[2026-08-21T22:59:24.583+0000] {processor.py:830} INFO - Processing file /home/airflow/.local/lib/python3.8/site-packages/airflow/example_dags/example_sensors.py for tasks to queue
[2026-08-21T22:59:24.586+0000] {logging_mixin.py:188} INFO - [2026-08-21T22:59:24.586+0000] {dagbag.py:540} INFO - Filling up the DagBag from /home/airflow/.local/lib/python3.8/site-packages/airflow/example_dags/example_sensors.py
[2026-08-21T22:59:24.596+0000] {processor.py:840} INFO - DAG(s) 'example_sensors' retrieved from /home/airflow/.local/lib/python3.8/site-packages/airflow/example_dags/example_sensors.py
[2026-08-21T22:59:24.632+0000] {logging_mixin.py:188} INFO - [2026-08-21T22:59:24.631+0000] {dag.py:3047} INFO - Sync 1 DAGs
[2026-08-21T22:59:24.648+0000] {logging_mixin.py:188} INFO - [2026-08-21T22:59:24.647+0000] {dag.py:3834} INFO - Setting next_dagrun for example_sensors to None, run_after=None
[2026-08-21T22:59:24.674+0000] {processor.py:183} INFO - Processing /home/airflow/.local/lib/python3.8/site-packages/airflow/example_dags/example_sensors.py took 0.097 seconds
[2026-08-21T22:59:55.030+0000] {processor.py:161} INFO - Started process (PID=1554) to work on /home/airflow/.local/lib/python3.8/site-packages/airflow/example_dags/example_sensors.py
[2026-08-21T22:59:55.033+0000] {processor.py:830} INFO - Processing file /home/airflow/.local/lib/python3.8/site-packages/airflow/example_dags/example_sensors.py for tasks to queue
[2026-08-21T22:59:55.035+0000] {logging_mixin.py:188} INFO - [2026-08-21T22:59:55.035+0000] {dagbag.py:540} INFO - Filling up the DagBag from /home/airflow/.local/lib/python3.8/site-packages/airflow/example_dags/example_sensors.py
[2026-08-21T22:59:55.049+0000] {processor.py:840} INFO - DAG(s) 'example_sensors' retrieved from /home/airflow/.local/lib/python3.8/site-packages/airflow/example_dags/example_sensors.py
[2026-08-21T22:59:55.084+0000] {logging_mixin.py:188} INFO - [2026-08-21T22:59:55.084+0000] {dag.py:3047} INFO - Sync 1 DAGs
[2026-08-21T22:59:55.103+0000] {logging_mixin.py:188} INFO - [2026-08-21T22:59:55.102+0000] {dag.py:3834} INFO - Setting next_dagrun for example_sensors to None, run_after=None
[2026-08-21T22:59:55.128+0000] {processor.py:183} INFO - Processing /home/airflow/.local/lib/python3.8/site-packages/airflow/example_dags/example_sensors.py took 0.102 seconds
[2026-08-21T23:00:25.402+0000] {processor.py:161} INFO - Started process (PID=1611) to work on /home/airflow/.local/lib/python3.8/site-packages/airflow/example_dags/example_sensors.py
[2026-08-21T23:00:25.404+0000] {processor.py:830} INFO - Processing file /home/airflow/.local/lib/python3.8/site-packages/airflow/example_dags/example_sensors.py for tasks to queue
[2026-08-21T23:00:25.407+0000] {logging_mixin.py:188} INFO - [2026-08-21T23:00:25.406+0000] {dagbag.py:540} INFO - Filling up the DagBag from /home/airflow/.local/lib/python3.8/site-packages/airflow/example_dags/example_sensors.py
[2026-08-21T23:00:25.418+0000] {processor.py:840} INFO - DAG(s) 'example_sensors' retrieved from /home/airflow/.local/lib/python3.8/site-packages/airflow/example_dags/example_sensors.py
[2026-08-21T23:00:25.458+0000] {logging_mixin.py:188} INFO - [2026-08-21T23:00:25.457+0000] {dag.py:3047} INFO - Sync 1 DAGs
[2026-08-21T23:00:25.476+0000] {logging_mixin.py:188} INFO - [2026-08-21T23:00:25.476+0000] {dag.py:3834} INFO - Setting next_dagrun for example_sensors to None, run_after=None
[2026-08-21T23:00:25.505+0000] {processor.py:183} INFO - Processing /home/airflow/.local/lib/python3.8/site-packages/airflow/example_dags/example_sensors.py took 0.107 seconds
[2026-08-21T23:00:56.315+0000] {processor.py:161} INFO - Started process (PID=1668) to work on /home/airflow/.local/lib/python3.8/site-packages/airflow/example_dags/example_sensors.py
[2026-08-21T23:00:56.317+0000] {processor.py:830} INFO - Processing file /home/airflow/.local/lib/python3.8/site-packages/airflow/example_dags/example_sensors.py for tasks to queue
[2026-08-21T23:00:56.320+0000] {logging_mixin.py:188} INFO - [2026-08-21T23:00:56.320+0000] {dagbag.py:540} INFO - Filling up the DagBag from /home/airflow/.local/lib/python3.8/site-packages/airflow/example_dags/example_sensors.py
[2026-08-21T23:00:56.338+0000] {processor.py:840} INFO - DAG(s) 'example_sensors' retrieved from /home/airflow/.local/lib/python3.8/site-packages/airflow/example_dags/example_sensors.py
[2026-08-21T23:00:56.370+0000] {logging_mixin.py:188} INFO - [2026-08-21T23:00:56.370+0000] {dag.py:3047} INFO - Sync 1 DAGs
[2026-08-21T23:00:56.384+0000] {logging_mixin.py:188} INFO - [2026-08-21T23:00:56.384+0000] {dag.py:3834} INFO - Setting next_dagrun for example_sensors to None, run_after=None
[2026-08-21T23:00:56.409+0000] {processor.py:183} INFO - Processing /home/airflow/.local/lib/python3.8/site-packages/airflow/example_dags/example_sensors.py took 0.099 seconds
[2026-08-21T23:01:27.283+0000] {processor.py:161} INFO - Started process (PID=1725) to work on /home/airflow/.local/lib/python3.8/site-packages/airflow/example_dags/example_sensors.py
[2026-08-21T23:01:27.286+0000] {processor.py:830} INFO - Processing file /home/airflow/.local/lib/python3.8/site-packages/airflow/example_dags/example_sensors.py for tasks to queue
[2026-08-21T23:01:27.290+0000] {logging_mixin.py:188} INFO - [2026-08-21T23:01:27.290+0000] {dagbag.py:540} INFO - Filling up the DagBag from /home/airflow/.local/lib/python3.8/site-packages/airflow/example_dags/example_sensors.py
[2026-08-21T23:01:27.303+0000] {processor.py:840} INFO - DAG(s) 'example_sensors' retrieved from /home/airflow/.local/lib/python3.8/site-packages/airflow/example_dags/example_sensors.py
[2026-08-21T23:01:27.339+0000] {logging_mixin.py:188} INFO - [2026-08-21T23:01:27.338+0000] {dag.py:3047} INFO - Sync 1 DAGs
[2026-08-21T23:01:27.360+0000] {logging_mixin.py:188} INFO - [2026-08-21T23:01:27.360+0000] {dag.py:3834} INFO - Setting next_dagrun for example_sensors to None, run_after=None
[2026-08-21T23:01:27.385+0000] {processor.py:183} INFO - Processing /home/airflow/.local/lib/python3.8/site-packages/airflow/example_dags/example_sensors.py took 0.108 seconds
[2026-08-21T23:01:57.838+0000] {processor.py:161} INFO - Started process (PID=1782) to work on /home/airflow/.local/lib/python3.8/site-packages/airflow/example_dags/example_sensors.py
[2026-08-21T23:01:57.840+0000] {processor.py:830} INFO - Processing file /home/airflow/.local/lib/python3.8/site-packages/airflow/example_dags/example_sensors.py for tasks to queue
[2026-08-21T23:01:57.844+0000] {logging_mixin.py:188} INFO - [2026-08-21T23:01:57.843+0000] {dagbag.py:540} INFO - Filling up the DagBag from /home/airflow/.local/lib/python3.8/site-packages/airflow/example_dags/example_sensors.py
[2026-08-21T23:01:57.872+0000] {processor.py:840} INFO - DAG(s) 'example_sensors' retrieved from /home/airflow/.local/lib/python3.8/site-packages/airflow/example_dags/example_sensors.py
[2026-08-21T23:01:57.910+0000] {logging_mixin.py:188} INFO - [2026-08-21T23:01:57.909+0000] {dag.py:3047} INFO - Sync 1 DAGs
[2026-08-21T23:01:57.925+0000] {logging_mixin.py:188} INFO - [2026-08-21T23:01:57.925+0000] {dag.py:3834} INFO - Setting next_dagrun for example_sensors to None, run_after=None
[2026-08-21T23:01:57.951+0000] {processor.py:183} INFO - Processing /home/airflow/.local/lib/python3.8/site-packages/airflow/example_dags/example_sensors.py took 0.119 seconds
[2026-08-21T23:02:28.060+0000] {processor.py:161} INFO - Started process (PID=1839) to work on /home/airflow/.local/lib/python3.8/site-packages/airflow/example_dags/example_sensors.py
[2026-08-21T23:02:28.062+0000] {processor.py:830} INFO - Processing file /home/airflow/.local/lib/python3.8/site-packages/airflow/example_dags/example_sensors.py for tasks to queue
[2026-08-21T23:02:28.065+0000] {logging_mixin.py:188} INFO - [2026-08-21T23:02:28.065+0000] {dagbag.py:540} INFO - Filling up the DagBag from /home/airflow/.local/lib/python3.8/site-packages/airflow/example_dags/example_sensors.py
[2026-08-21T23:02:28.079+0000] {processor.py:840} INFO - DAG(s) 'example_sensors' retrieved from /home/airflow/.local/lib/python3.8/site-packages/airflow/example_dags/example_sensors.py
[2026-08-21T23:02:28.116+0000] {logging_mixin.py:188} INFO - [2026-08-21T23:02:28.116+0000] {dag.py:3047} INFO - Sync 1 DAGs
[2026-08-21T23:02:28.131+0000] {logging_mixin.py:188} INFO - [2026-08-21T23:02:28.130+0000] {dag.py:3834} INFO - Setting next_dagrun for example_sensors to None, run_after=None
[2026-08-21T23:02:28.155+0000] {processor.py:183} INFO - Processing /home/airflow/.local/lib/python3.8/site-packages/airflow/example_dags/example_sensors.py took 0.101 seconds
[2026-08-21T23:02:58.535+0000] {processor.py:161} INFO - Started process (PID=1896) to work on /home/airflow/.local/lib/python3.8/site-packages/airflow/example_dags/example_sensors.py
[2026-08-21T23:02:58.537+0000] {processor.py:830} INFO - Processing file /home/airflow/.local/lib/python3.8/site-packages/airflow/example_dags/example_sensors.py for tasks to queue
[2026-08-21T23:02:58.541+0000] {logging_mixin.py:188} INFO - [2026-08-21T23:02:58.541+0000] {dagbag.py:540} INFO - Filling up the DagBag from /home/airflow/.local/lib/python3.8/site-packages/airflow/example_dags/example_sensors.py
[2026-08-21T23:02:58.558+0000] {processor.py:840} INFO - DAG(s) 'example_sensors' retrieved from /home/airflow/.local/lib/python3.8/site-packages/airflow/example_dags/example_sensors.py
[2026-08-21T23:02:58.605+0000] {logging_mixin.py:188} INFO - [2026-08-21T23:02:58.604+0000] {dag.py:3047} INFO - Sync 1 DAGs
[2026-08-21T23:02:58.625+0000] {logging_mixin.py:188} INFO - [2026-08-21T23:02:58.624+0000] {dag.py:3834} INFO - Setting next_dagrun for example_sensors to None, run_after=None
[2026-08-21T23:02:58.654+0000] {processor.py:183} INFO - Processing /home/airflow/.local/lib/python3.8/site-packages/airflow/example_dags/example_sensors.py took 0.127 seconds
[2026-08-21T23:03:29.089+0000] {processor.py:161} INFO - Started process (PID=1953) to work on /home/airflow/.local/lib/python3.8/site-packages/airflow/example_dags/example_sensors.py
[2026-08-21T23:03:29.092+0000] {processor.py:830} INFO - Processing file /home/airflow/.local/lib/python3.8/site-packages/airflow/example_dags/example_sensors.py for tasks to queue
[2026-08-21T23:03:29.096+0000] {logging_mixin.py:188} INFO - [2026-08-21T23:03:29.096+0000] {dagbag.py:540} INFO - Filling up the DagBag from /home/airflow/.local/lib/python3.8/site-packages/airflow/example_dags/example_sensors.py
[2026-08-21T23:03:29.108+0000] {processor.py:840} INFO - DAG(s) 'example_sensors' retrieved from /home/airflow/.local/lib/python3.8/site-packages/airflow/example_dags/example_sensors.py
[2026-08-21T23:03:29.147+0000] {logging_mixin.py:188} INFO - [2026-08-21T23:03:29.146+0000] {dag.py:3047} INFO - Sync 1 DAGs
[2026-08-21T23:03:29.160+0000] {logging_mixin.py:188} INFO - [2026-08-21T23:03:29.160+0000] {dag.py:3834} INFO - Setting next_dagrun for example_sensors to None, run_after=None
[2026-08-21T23:03:29.186+0000] {processor.py:183} INFO - Processing /home/airflow/.local/lib/python3.8/site-packages/airflow/example_dags/example_sensors.py took 0.104 seconds
[2026-08-21T23:03:59.455+0000] {processor.py:161} INFO - Started process (PID=2010) to work on /home/airflow/.local/lib/python3.8/site-packages/airflow/example_dags/example_sensors.py
[2026-08-21T23:03:59.457+0000] {processor.py:830} INFO - Processing file /home/airflow/.local/lib/python3.8/site-packages/airflow/example_dags/example_sensors.py for tasks to queue
[2026-08-21T23:03:59.462+0000] {logging_mixin.py:188} INFO - [2026-08-21T23:03:59.461+0000] {dagbag.py:540} INFO - Filling up the DagBag from /home/airflow/.local/lib/python3.8/site-packages/airflow/example_dags/example_sensors.py
[2026-08-21T23:03:59.473+0000] {processor.py:840} INFO - DAG(s) 'example_sensors' retrieved from /home/airflow/.local/lib/python3.8/site-packages/airflow/example_dags/example_sensors.py
[2026-08-21T23:03:59.507+0000] {logging_mixin.py:188} INFO - [2026-08-21T23:03:59.507+0000] {dag.py:3047} INFO - Sync 1 DAGs
[2026-08-21T23:03:59.524+0000] {logging_mixin.py:188} INFO - [2026-08-21T23:03:59.523+0000] {dag.py:3834} INFO - Setting next_dagrun for example_sensors to None, run_after=None
[2026-08-21T23:03:59.553+0000] {processor.py:183} INFO - Processing /home/airflow/.local/lib/python3.8/site-packages/airflow/example_dags/example_sensors.py took 0.103 seconds
[2026-08-21T23:04:30.188+0000] {processor.py:161} INFO - Started process (PID=2067) to work on /home/airflow/.local/lib/python3.8/site-packages/airflow/example_dags/example_sensors.py
[2026-08-21T23:04:30.202+0000] {processor.py:830} INFO - Processing file /home/airflow/.local/lib/python3.8/site-packages/airflow/example_dags/example_sensors.py for tasks to queue
[2026-08-21T23:04:30.230+0000] {logging_mixin.py:188} INFO - [2026-08-21T23:04:30.229+0000] {dagbag.py:540} INFO - Filling up the DagBag from /home/airflow/.local/lib/python3.8/site-packages/airflow/example_dags/example_sensors.py
[2026-08-21T23:04:30.251+0000] {processor.py:840} INFO - DAG(s) 'example_sensors' retrieved from /home/airflow/.local/lib/python3.8/site-packages/airflow/example_dags/example_sensors.py
[2026-08-21T23:04:30.294+0000] {logging_mixin.py:188} INFO - [2026-08-21T23:04:30.294+0000] {dag.py:3047} INFO - Sync 1 DAGs
[2026-08-21T23:04:30.310+0000] {logging_mixin.py:188} INFO - [2026-08-21T23:04:30.309+0000] {dag.py:3834} INFO - Setting next_dagrun for example_sensors to None, run_after=None
[2026-08-21T23:04:30.345+0000] {processor.py:183} INFO - Processing /home/airflow/.local/lib/python3.8/site-packages/airflow/example_dags/example_sensors.py took 0.162 seconds
[2026-08-21T23:05:00.587+0000] {processor.py:161} INFO - Started process (PID=2124) to work on /home/airflow/.local/lib/python3.8/site-packages/airflow/example_dags/example_sensors.py
[2026-08-21T23:05:00.589+0000] {processor.py:830} INFO - Processing file /home/airflow/.local/lib/python3.8/site-packages/airflow/example_dags/example_sensors.py for tasks to queue
[2026-08-21T23:05:00.592+0000] {logging_mixin.py:188} INFO - [2026-08-21T23:05:00.592+0000] {dagbag.py:540} INFO - Filling up the DagBag from /home/airflow/.local/lib/python3.8/site-packages/airflow/example_dags/example_sensors.py
[2026-08-21T23:05:00.606+0000] {processor.py:840} INFO - DAG(s) 'example_sensors' retrieved from /home/airflow/.local/lib/python3.8/site-packages/airflow/example_dags/example_sensors.py
[2026-08-21T23:05:00.637+0000] {logging_mixin.py:188} INFO - [2026-08-21T23:05:00.637+0000] {dag.py:3047} INFO - Sync 1 DAGs
[2026-08-21T23:05:00.651+0000] {logging_mixin.py:188} INFO - [2026-08-21T23:05:00.651+0000] {dag.py:3834} INFO - Setting next_dagrun for example_sensors to None, run_after=None
[2026-08-21T23:05:00.674+0000] {processor.py:183} INFO - Processing /home/airflow/.local/lib/python3.8/site-packages/airflow/example_dags/example_sensors.py took 0.091 seconds
[2026-08-21T23:05:30.833+0000] {processor.py:161} INFO - Started process (PID=2181) to work on /home/airflow/.local/lib/python3.8/site-packages/airflow/example_dags/example_sensors.py
[2026-08-21T23:05:30.834+0000] {processor.py:830} INFO - Processing file /home/airflow/.local/lib/python3.8/site-packages/airflow/example_dags/example_sensors.py for tasks to queue
[2026-08-21T23:05:30.838+0000] {logging_mixin.py:188} INFO - [2026-08-21T23:05:30.837+0000] {dagbag.py:540} INFO - Filling up the DagBag from /home/airflow/.local/lib/python3.8/site-packages/airflow/example_dags/example_sensors.py
[2026-08-21T23:05:30.847+0000] {processor.py:840} INFO - DAG(s) 'example_sensors' retrieved from /home/airflow/.local/lib/python3.8/site-packages/airflow/example_dags/example_sensors.py
[2026-08-21T23:05:30.878+0000] {logging_mixin.py:188} INFO - [2026-08-21T23:05:30.878+0000] {dag.py:3047} INFO - Sync 1 DAGs
[2026-08-21T23:05:30.898+0000] {logging_mixin.py:188} INFO - [2026-08-21T23:05:30.897+0000] {dag.py:3834} INFO - Setting next_dagrun for example_sensors to None, run_after=None
[2026-08-21T23:05:30.924+0000] {processor.py:183} INFO - Processing /home/airflow/.local/lib/python3.8/site-packages/airflow/example_dags/example_sensors.py took 0.094 seconds
[2026-08-21T23:06:01.299+0000] {processor.py:161} INFO - Started process (PID=2238) to work on /home/airflow/.local/lib/python3.8/site-packages/airflow/example_dags/example_sensors.py
[2026-08-21T23:06:01.301+0000] {processor.py:830} INFO - Processing file /home/airflow/.local/lib/python3.8/site-packages/airflow/example_dags/example_sensors.py for tasks to queue
[2026-08-21T23:06:01.305+0000] {logging_mixin.py:188} INFO - [2026-08-21T23:06:01.305+0000] {dagbag.py:540} INFO - Filling up the DagBag from /home/airflow/.local/lib/python3.8/site-packages/airflow/example_dags/example_sensors.py
[2026-08-21T23:06:01.317+0000] {processor.py:840} INFO - DAG(s) 'example_sensors' retrieved from /home/airflow/.local/lib/python3.8/site-packages/airflow/example_dags/example_sensors.py
[2026-08-21T23:06:01.352+0000] {logging_mixin.py:188} INFO - [2026-08-21T23:06:01.352+0000] {dag.py:3047} INFO - Sync 1 DAGs
[2026-08-21T23:06:01.367+0000] {logging_mixin.py:188} INFO - [2026-08-21T23:06:01.366+0000] {dag.py:3834} INFO - Setting next_dagrun for example_sensors to None, run_after=None
[2026-08-21T23:06:01.392+0000] {processor.py:183} INFO - Processing /home/airflow/.local/lib/python3.8/site-packages/airflow/example_dags/example_sensors.py took 0.098 seconds
[2026-08-21T23:06:32.126+0000] {processor.py:161} INFO - Started process (PID=2295) to work on /home/airflow/.local/lib/python3.8/site-packages/airflow/example_dags/example_sensors.py
[2026-08-21T23:06:32.128+0000] {processor.py:830} INFO - Processing file /home/airflow/.local/lib/python3.8/site-packages/airflow/example_dags/example_sensors.py for tasks to queue
[2026-08-21T23:06:32.131+0000] {logging_mixin.py:188} INFO - [2026-08-21T23:06:32.131+0000] {dagbag.py:540} INFO - Filling up the DagBag from /home/airflow/.local/lib/python3.8/site-packages/airflow/example_dags/example_sensors.py
[2026-08-21T23:06:32.144+0000] {processor.py:840} INFO - DAG(s) 'example_sensors' retrieved from /home/airflow/.local/lib/python3.8/site-packages/airflow/example_dags/example_sensors.py
[2026-08-21T23:06:32.179+0000] {logging_mixin.py:188} INFO - [2026-08-21T23:06:32.179+0000] {dag.py:3047} INFO - Sync 1 DAGs
[2026-08-21T23:06:32.193+0000] {logging_mixin.py:188} INFO - [2026-08-21T23:06:32.193+0000] {dag.py:3834} INFO - Setting next_dagrun for example_sensors to None, run_after=None
[2026-08-21T23:06:32.218+0000] {processor.py:183} INFO - Processing /home/airflow/.local/lib/python3.8/site-packages/airflow/example_dags/example_sensors.py took 0.095 seconds
[2026-08-21T23:07:02.559+0000] {processor.py:161} INFO - Started process (PID=2352) to work on /home/airflow/.local/lib/python3.8/site-packages/airflow/example_dags/example_sensors.py
[2026-08-21T23:07:02.563+0000] {processor.py:830} INFO - Processing file /home/airflow/.local/lib/python3.8/site-packages/airflow/example_dags/example_sensors.py for tasks to queue
[2026-08-21T23:07:02.568+0000] {logging_mixin.py:188} INFO - [2026-08-21T23:07:02.567+0000] {dagbag.py:540} INFO - Filling up the DagBag from /home/airflow/.local/lib/python3.8/site-packages/airflow/example_dags/example_sensors.py
[2026-08-21T23:07:02.584+0000] {processor.py:840} INFO - DAG(s) 'example_sensors' retrieved from /home/airflow/.local/lib/python3.8/site-packages/airflow/example_dags/example_sensors.py
[2026-08-21T23:07:02.619+0000] {logging_mixin.py:188} INFO - [2026-08-21T23:07:02.619+0000] {dag.py:3047} INFO - Sync 1 DAGs
[2026-08-21T23:07:02.634+0000] {logging_mixin.py:188} INFO - [2026-08-21T23:07:02.634+0000] {dag.py:3834} INFO - Setting next_dagrun for example_sensors to None, run_after=None
[2026-08-21T23:07:02.658+0000] {processor.py:183} INFO - Processing /home/airflow/.local/lib/python3.8/site-packages/airflow/example_dags/example_sensors.py took 0.105 seconds
[2026-08-21T23:07:33.106+0000] {processor.py:161} INFO - Started process (PID=2409) to work on /home/airflow/.local/lib/python3.8/site-packages/airflow/example_dags/example_sensors.py
[2026-08-21T23:07:33.109+0000] {processor.py:830} INFO - Processing file /home/airflow/.local/lib/python3.8/site-packages/airflow/example_dags/example_sensors.py for tasks to queue
[2026-08-21T23:07:33.113+0000] {logging_mixin.py:188} INFO - [2026-08-21T23:07:33.113+0000] {dagbag.py:540} INFO - Filling up the DagBag from /home/airflow/.local/lib/python3.8/site-packages/airflow/example_dags/example_sensors.py
[2026-08-21T23:07:33.126+0000] {processor.py:840} INFO - DAG(s) 'example_sensors' retrieved from /home/airflow/.local/lib/python3.8/site-packages/airflow/example_dags/example_sensors.py
[2026-08-21T23:07:33.162+0000] {logging_mixin.py:188} INFO - [2026-08-21T23:07:33.161+0000] {dag.py:3047} INFO - Sync 1 DAGs
[2026-08-21T23:07:33.178+0000] {logging_mixin.py:188} INFO - [2026-08-21T23:07:33.177+0000] {dag.py:3834} INFO - Setting next_dagrun for example_sensors to None, run_after=None
[2026-08-21T23:07:33.208+0000] {processor.py:183} INFO - Processing /home/airflow/.local/lib/python3.8/site-packages/airflow/example_dags/example_sensors.py took 0.109 seconds
[2026-08-21T23:08:03.466+0000] {processor.py:161} INFO - Started process (PID=2468) to work on /home/airflow/.local/lib/python3.8/site-packages/airflow/example_dags/example_sensors.py
[2026-08-21T23:08:03.468+0000] {processor.py:830} INFO - Processing file /home/airflow/.local/lib/python3.8/site-packages/airflow/example_dags/example_sensors.py for tasks to queue
[2026-08-21T23:08:03.471+0000] {logging_mixin.py:188} INFO - [2026-08-21T23:08:03.471+0000] {dagbag.py:540} INFO - Filling up the DagBag from /home/airflow/.local/lib/python3.8/site-packages/airflow/example_dags/example_sensors.py
[2026-08-21T23:08:03.483+0000] {processor.py:840} INFO - DAG(s) 'example_sensors' retrieved from /home/airflow/.local/lib/python3.8/site-packages/airflow/example_dags/example_sensors.py
[2026-08-21T23:08:03.520+0000] {logging_mixin.py:188} INFO - [2026-08-21T23:08:03.520+0000] {dag.py:3047} INFO - Sync 1 DAGs
[2026-08-21T23:08:03.535+0000] {logging_mixin.py:188} INFO - [2026-08-21T23:08:03.535+0000] {dag.py:3834} INFO - Setting next_dagrun for example_sensors to None, run_after=None
[2026-08-21T23:08:03.567+0000] {processor.py:183} INFO - Processing /home/airflow/.local/lib/python3.8/site-packages/airflow/example_dags/example_sensors.py took 0.106 seconds
