[2026-08-21T22:46:41.266+0000] {processor.py:161} INFO - Started process (PID=62) to work on /home/airflow/.local/lib/python3.8/site-packages/airflow/example_dags/example_short_circuit_operator.py
[2026-08-21T22:46:41.268+0000] {processor.py:830} INFO - Processing file /home/airflow/.local/lib/python3.8/site-packages/airflow/example_dags/example_short_circuit_operator.py for tasks to queue
[2026-08-21T22:46:41.273+0000] {logging_mixin.py:188} INFO - [2026-08-21T22:46:41.272+0000] {dagbag.py:540} INFO - Filling up the DagBag from /home/airflow/.local/lib/python3.8/site-packages/airflow/example_dags/example_short_circuit_operator.py
[2026-08-21T22:46:41.294+0000] {processor.py:840} INFO - DAG(s) 'example_short_circuit_operator' retrieved from /home/airflow/.local/lib/python3.8/site-packages/airflow/example_dags/example_short_circuit_operator.py
[2026-08-21T22:46:41.315+0000] {logging_mixin.py:188} INFO - [2026-08-21T22:46:41.315+0000] {dag.py:3047} INFO - Sync 1 DAGs
[2026-08-21T22:46:41.352+0000] {logging_mixin.py:188} INFO - [2026-08-21T22:46:41.352+0000] {dag.py:3834} INFO - Setting next_dagrun for example_short_circuit_operator to 2026-08-20 00:00:00+00:00, run_after=2026-08-21 00:00:00+00:00
[2026-08-21T22:46:41.377+0000] {processor.py:183} INFO - Processing /home/airflow/.local/lib/python3.8/site-packages/airflow/example_dags/example_short_circuit_operator.py took 0.120 seconds
[2026-08-21T22:47:11.741+0000] {processor.py:161} INFO - Started process (PID=118) to work on /home/airflow/.local/lib/python3.8/site-packages/airflow/example_dags/example_short_circuit_operator.py
[2026-08-21T22:47:11.743+0000] {processor.py:830} INFO - Processing file /home/airflow/.local/lib/python3.8/site-packages/airflow/example_dags/example_short_circuit_operator.py for tasks to queue
[2026-08-21T22:47:11.746+0000] {logging_mixin.py:188} INFO - [2026-08-21T22:47:11.746+0000] {dagbag.py:540} INFO - Filling up the DagBag from /home/airflow/.local/lib/python3.8/site-packages/airflow/example_dags/example_short_circuit_operator.py
[2026-08-21T22:47:11.757+0000] {processor.py:840} INFO - DAG(s) 'example_short_circuit_operator' retrieved from /home/airflow/.local/lib/python3.8/site-packages/airflow/example_dags/example_short_circuit_operator.py
[2026-08-21T22:47:11.900+0000] {logging_mixin.py:188} INFO - [2026-08-21T22:47:11.900+0000] {dag.py:3047} INFO - Sync 1 DAGs
[2026-08-21T22:47:11.932+0000] {logging_mixin.py:188} INFO - [2026-08-21T22:47:11.931+0000] {dag.py:3834} INFO - Setting next_dagrun for example_short_circuit_operator to 2026-08-20 00:00:00+00:00, run_after=2026-08-21 00:00:00+00:00
[2026-08-21T22:47:11.957+0000] {processor.py:183} INFO - Processing /home/airflow/.local/lib/python3.8/site-packages/airflow/example_dags/example_short_circuit_operator.py took 0.221 seconds
[2026-08-21T22:47:42.610+0000] {processor.py:161} INFO - Started process (PID=181) to work on /home/airflow/.local/lib/python3.8/site-packages/airflow/example_dags/example_short_circuit_operator.py
[2026-08-21T22:47:42.613+0000] {processor.py:830} INFO - Processing file /home/airflow/.local/lib/python3.8/site-packages/airflow/example_dags/example_short_circuit_operator.py for tasks to queue
[2026-08-21T22:47:42.616+0000] {logging_mixin.py:188} INFO - [2026-08-21T22:47:42.616+0000] {dagbag.py:540} INFO - Filling up the DagBag from /home/airflow/.local/lib/python3.8/site-packages/airflow/example_dags/example_short_circuit_operator.py
[2026-08-21T22:47:42.630+0000] {processor.py:840} INFO - DAG(s) 'example_short_circuit_operator' retrieved from /home/airflow/.local/lib/python3.8/site-packages/airflow/example_dags/example_short_circuit_operator.py
[2026-08-21T22:47:42.679+0000] {logging_mixin.py:188} INFO - [2026-08-21T22:47:42.679+0000] {dag.py:3047} INFO - Sync 1 DAGs
[2026-08-21T22:47:42.735+0000] {logging_mixin.py:188} INFO - [2026-08-21T22:47:42.734+0000] {dag.py:3834} INFO - Setting next_dagrun for example_short_circuit_operator to 2026-08-20 00:00:00+00:00, run_after=2026-08-21 00:00:00+00:00
[2026-08-21T22:47:42.767+0000] {processor.py:183} INFO - Processing /home/airflow/.local/lib/python3.8/site-packages/airflow/example_dags/example_short_circuit_operator.py took 0.164 seconds
[2026-08-21T22:48:12.905+0000] {processor.py:161} INFO - Started process (PID=238) to work on /home/airflow/.local/lib/python3.8/site-packages/airflow/example_dags/example_short_circuit_operator.py
[2026-08-21T22:48:12.907+0000] {processor.py:830} INFO - Processing file /home/airflow/.local/lib/python3.8/site-packages/airflow/example_dags/example_short_circuit_operator.py for tasks to queue
[2026-08-21T22:48:12.909+0000] {logging_mixin.py:188} INFO - [2026-08-21T22:48:12.909+0000] {dagbag.py:540} INFO - Filling up the DagBag from /home/airflow/.local/lib/python3.8/site-packages/airflow/example_dags/example_short_circuit_operator.py
[2026-08-21T22:48:12.917+0000] {processor.py:840} INFO - DAG(s) 'example_short_circuit_operator' retrieved from /home/airflow/.local/lib/python3.8/site-packages/airflow/example_dags/example_short_circuit_operator.py
[2026-08-21T22:48:12.945+0000] {logging_mixin.py:188} INFO - [2026-08-21T22:48:12.945+0000] {dag.py:3047} INFO - Sync 1 DAGs
[2026-08-21T22:48:12.973+0000] {logging_mixin.py:188} INFO - [2026-08-21T22:48:12.972+0000] {dag.py:3834} INFO - Setting next_dagrun for example_short_circuit_operator to 2026-08-20 00:00:00+00:00, run_after=2026-08-21 00:00:00+00:00
[2026-08-21T22:48:12.999+0000] {processor.py:183} INFO - Processing /home/airflow/.local/lib/python3.8/site-packages/airflow/example_dags/example_short_circuit_operator.py took 0.097 seconds
[2026-08-21T22:48:43.365+0000] {processor.py:161} INFO - Started process (PID=295) to work on /home/airflow/.local/lib/python3.8/site-packages/airflow/example_dags/example_short_circuit_operator.py
[2026-08-21T22:48:43.367+0000] {processor.py:830} INFO - Processing file /home/airflow/.local/lib/python3.8/site-packages/airflow/example_dags/example_short_circuit_operator.py for tasks to queue
[2026-08-21T22:48:43.371+0000] {logging_mixin.py:188} INFO - [2026-08-21T22:48:43.370+0000] {dagbag.py:540} INFO - Filling up the DagBag from /home/airflow/.local/lib/python3.8/site-packages/airflow/example_dags/example_short_circuit_operator.py
[2026-08-21T22:48:43.381+0000] {processor.py:840} INFO - DAG(s) 'example_short_circuit_operator' retrieved from /home/airflow/.local/lib/python3.8/site-packages/airflow/example_dags/example_short_circuit_operator.py
[2026-08-21T22:48:43.412+0000] {logging_mixin.py:188} INFO - [2026-08-21T22:48:43.412+0000] {dag.py:3047} INFO - Sync 1 DAGs
[2026-08-21T22:48:43.440+0000] {logging_mixin.py:188} INFO - [2026-08-21T22:48:43.440+0000] {dag.py:3834} INFO - Setting next_dagrun for example_short_circuit_operator to 2026-08-20 00:00:00+00:00, run_after=2026-08-21 00:00:00+00:00
[2026-08-21T22:48:43.467+0000] {processor.py:183} INFO - Processing /home/airflow/.local/lib/python3.8/site-packages/airflow/example_dags/example_short_circuit_operator.py took 0.106 seconds
[2026-08-21T22:49:13.741+0000] {processor.py:161} INFO - Started process (PID=352) to work on /home/airflow/.local/lib/python3.8/site-packages/airflow/example_dags/example_short_circuit_operator.py
[2026-08-21T22:49:13.743+0000] {processor.py:830} INFO - Processing file /home/airflow/.local/lib/python3.8/site-packages/airflow/example_dags/example_short_circuit_operator.py for tasks to queue
[2026-08-21T22:49:13.746+0000] {logging_mixin.py:188} INFO - [2026-08-21T22:49:13.746+0000] {dagbag.py:540} INFO - Filling up the DagBag from /home/airflow/.local/lib/python3.8/site-packages/airflow/example_dags/example_short_circuit_operator.py
[2026-08-21T22:49:13.756+0000] {processor.py:840} INFO - DAG(s) 'example_short_circuit_operator' retrieved from /home/airflow/.local/lib/python3.8/site-packages/airflow/example_dags/example_short_circuit_operator.py
[2026-08-21T22:49:13.784+0000] {logging_mixin.py:188} INFO - [2026-08-21T22:49:13.784+0000] {dag.py:3047} INFO - Sync 1 DAGs
[2026-08-21T22:49:13.831+0000] {logging_mixin.py:188} INFO - [2026-08-21T22:49:13.830+0000] {dag.py:3834} INFO - Setting next_dagrun for example_short_circuit_operator to 2026-08-20 00:00:00+00:00, run_after=2026-08-21 00:00:00+00:00
[2026-08-21T22:49:13.869+0000] {processor.py:183} INFO - Processing /home/airflow/.local/lib/python3.8/site-packages/airflow/example_dags/example_short_circuit_operator.py took 0.131 seconds
[2026-08-21T22:49:44.020+0000] {processor.py:161} INFO - Started process (PID=409) to work on /home/airflow/.local/lib/python3.8/site-packages/airflow/example_dags/example_short_circuit_operator.py
[2026-08-21T22:49:44.022+0000] {processor.py:830} INFO - Processing file /home/airflow/.local/lib/python3.8/site-packages/airflow/example_dags/example_short_circuit_operator.py for tasks to queue
[2026-08-21T22:49:44.025+0000] {logging_mixin.py:188} INFO - [2026-08-21T22:49:44.025+0000] {dagbag.py:540} INFO - Filling up the DagBag from /home/airflow/.local/lib/python3.8/site-packages/airflow/example_dags/example_short_circuit_operator.py
[2026-08-21T22:49:44.036+0000] {processor.py:840} INFO - DAG(s) 'example_short_circuit_operator' retrieved from /home/airflow/.local/lib/python3.8/site-packages/airflow/example_dags/example_short_circuit_operator.py
[2026-08-21T22:49:44.067+0000] {logging_mixin.py:188} INFO - [2026-08-21T22:49:44.066+0000] {dag.py:3047} INFO - Sync 1 DAGs
[2026-08-21T22:49:44.100+0000] {logging_mixin.py:188} INFO - [2026-08-21T22:49:44.099+0000] {dag.py:3834} INFO - Setting next_dagrun for example_short_circuit_operator to 2026-08-20 00:00:00+00:00, run_after=2026-08-21 00:00:00+00:00
[2026-08-21T22:49:44.129+0000] {processor.py:183} INFO - Processing /home/airflow/.local/lib/python3.8/site-packages/airflow/example_dags/example_short_circuit_operator.py took 0.114 seconds
[2026-08-21T22:50:14.543+0000] {processor.py:161} INFO - Started process (PID=466) to work on /home/airflow/.local/lib/python3.8/site-packages/airflow/example_dags/example_short_circuit_operator.py
[2026-08-21T22:50:14.544+0000] {processor.py:830} INFO - Processing file /home/airflow/.local/lib/python3.8/site-packages/airflow/example_dags/example_short_circuit_operator.py for tasks to queue
[2026-08-21T22:50:14.547+0000] {logging_mixin.py:188} INFO - [2026-08-21T22:50:14.547+0000] {dagbag.py:540} INFO - Filling up the DagBag from /home/airflow/.local/lib/python3.8/site-packages/airflow/example_dags/example_short_circuit_operator.py
[2026-08-21T22:50:14.555+0000] {processor.py:840} INFO - DAG(s) 'example_short_circuit_operator' retrieved from /home/airflow/.local/lib/python3.8/site-packages/airflow/example_dags/example_short_circuit_operator.py
[2026-08-21T22:50:14.586+0000] {logging_mixin.py:188} INFO - [2026-08-21T22:50:14.586+0000] {dag.py:3047} INFO - Sync 1 DAGs
[2026-08-21T22:50:14.614+0000] {logging_mixin.py:188} INFO - [2026-08-21T22:50:14.613+0000] {dag.py:3834} INFO - Setting next_dagrun for example_short_circuit_operator to 2026-08-20 00:00:00+00:00, run_after=2026-08-21 00:00:00+00:00
[2026-08-21T22:50:14.637+0000] {processor.py:183} INFO - Processing /home/airflow/.local/lib/python3.8/site-packages/airflow/example_dags/example_short_circuit_operator.py took 0.099 seconds
[2026-08-21T22:50:44.751+0000] {processor.py:161} INFO - Started process (PID=523) to work on /home/airflow/.local/lib/python3.8/site-packages/airflow/example_dags/example_short_circuit_operator.py
[2026-08-21T22:50:44.753+0000] {processor.py:830} INFO - Processing file /home/airflow/.local/lib/python3.8/site-packages/airflow/example_dags/example_short_circuit_operator.py for tasks to queue
[2026-08-21T22:50:44.758+0000] {logging_mixin.py:188} INFO - [2026-08-21T22:50:44.757+0000] {dagbag.py:540} INFO - Filling up the DagBag from /home/airflow/.local/lib/python3.8/site-packages/airflow/example_dags/example_short_circuit_operator.py
[2026-08-21T22:50:44.767+0000] {processor.py:840} INFO - DAG(s) 'example_short_circuit_operator' retrieved from /home/airflow/.local/lib/python3.8/site-packages/airflow/example_dags/example_short_circuit_operator.py
[2026-08-21T22:50:44.798+0000] {logging_mixin.py:188} INFO - [2026-08-21T22:50:44.798+0000] {dag.py:3047} INFO - Sync 1 DAGs
[2026-08-21T22:50:44.824+0000] {logging_mixin.py:188} INFO - [2026-08-21T22:50:44.824+0000] {dag.py:3834} INFO - Setting next_dagrun for example_short_circuit_operator to 2026-08-20 00:00:00+00:00, run_after=2026-08-21 00:00:00+00:00
[2026-08-21T22:50:44.847+0000] {processor.py:183} INFO - Processing /home/airflow/.local/lib/python3.8/site-packages/airflow/example_dags/example_short_circuit_operator.py took 0.099 seconds
[2026-08-21T22:51:15.078+0000] {processor.py:161} INFO - Started process (PID=580) to work on /home/airflow/.local/lib/python3.8/site-packages/airflow/example_dags/example_short_circuit_operator.py
[2026-08-21T22:51:15.080+0000] {processor.py:830} INFO - Processing file /home/airflow/.local/lib/python3.8/site-packages/airflow/example_dags/example_short_circuit_operator.py for tasks to queue
[2026-08-21T22:51:15.082+0000] {logging_mixin.py:188} INFO - [2026-08-21T22:51:15.082+0000] {dagbag.py:540} INFO - Filling up the DagBag from /home/airflow/.local/lib/python3.8/site-packages/airflow/example_dags/example_short_circuit_operator.py
[2026-08-21T22:51:15.091+0000] {processor.py:840} INFO - DAG(s) 'example_short_circuit_operator' retrieved from /home/airflow/.local/lib/python3.8/site-packages/airflow/example_dags/example_short_circuit_operator.py
[2026-08-21T22:51:15.120+0000] {logging_mixin.py:188} INFO - [2026-08-21T22:51:15.120+0000] {dag.py:3047} INFO - Sync 1 DAGs
[2026-08-21T22:51:15.147+0000] {logging_mixin.py:188} INFO - [2026-08-21T22:51:15.147+0000] {dag.py:3834} INFO - Setting next_dagrun for example_short_circuit_operator to 2026-08-20 00:00:00+00:00, run_after=2026-08-21 00:00:00+00:00
[2026-08-21T22:51:15.171+0000] {processor.py:183} INFO - Processing /home/airflow/.local/lib/python3.8/site-packages/airflow/example_dags/example_short_circuit_operator.py took 0.097 seconds
[2026-08-21T22:51:45.240+0000] {processor.py:161} INFO - Started process (PID=637) to work on /home/airflow/.local/lib/python3.8/site-packages/airflow/example_dags/example_short_circuit_operator.py
[2026-08-21T22:51:45.242+0000] {processor.py:830} INFO - Processing file /home/airflow/.local/lib/python3.8/site-packages/airflow/example_dags/example_short_circuit_operator.py for tasks to queue
[2026-08-21T22:51:45.244+0000] {logging_mixin.py:188} INFO - [2026-08-21T22:51:45.244+0000] {dagbag.py:540} INFO - Filling up the DagBag from /home/airflow/.local/lib/python3.8/site-packages/airflow/example_dags/example_short_circuit_operator.py
[2026-08-21T22:51:45.253+0000] {processor.py:840} INFO - DAG(s) 'example_short_circuit_operator' retrieved from /home/airflow/.local/lib/python3.8/site-packages/airflow/example_dags/example_short_circuit_operator.py
[2026-08-21T22:51:45.288+0000] {logging_mixin.py:188} INFO - [2026-08-21T22:51:45.288+0000] {dag.py:3047} INFO - Sync 1 DAGs
[2026-08-21T22:51:45.338+0000] {logging_mixin.py:188} INFO - [2026-08-21T22:51:45.337+0000] {dag.py:3834} INFO - Setting next_dagrun for example_short_circuit_operator to 2026-08-20 00:00:00+00:00, run_after=2026-08-21 00:00:00+00:00
[2026-08-21T22:51:45.377+0000] {processor.py:183} INFO - Processing /home/airflow/.local/lib/python3.8/site-packages/airflow/example_dags/example_short_circuit_operator.py took 0.143 seconds
[2026-08-21T22:52:15.797+0000] {processor.py:161} INFO - Started process (PID=694) to work on /home/airflow/.local/lib/python3.8/site-packages/airflow/example_dags/example_short_circuit_operator.py
[2026-08-21T22:52:15.800+0000] {processor.py:830} INFO - Processing file /home/airflow/.local/lib/python3.8/site-packages/airflow/example_dags/example_short_circuit_operator.py for tasks to queue
[2026-08-21T22:52:15.804+0000] {logging_mixin.py:188} INFO - [2026-08-21T22:52:15.804+0000] {dagbag.py:540} INFO - Filling up the DagBag from /home/airflow/.local/lib/python3.8/site-packages/airflow/example_dags/example_short_circuit_operator.py
[2026-08-21T22:52:15.816+0000] {processor.py:840} INFO - DAG(s) 'example_short_circuit_operator' retrieved from /home/airflow/.local/lib/python3.8/site-packages/airflow/example_dags/example_short_circuit_operator.py
[2026-08-21T22:52:15.845+0000] {logging_mixin.py:188} INFO - [2026-08-21T22:52:15.845+0000] {dag.py:3047} INFO - Sync 1 DAGs
[2026-08-21T22:52:15.873+0000] {logging_mixin.py:188} INFO - [2026-08-21T22:52:15.872+0000] {dag.py:3834} INFO - Setting next_dagrun for example_short_circuit_operator to 2026-08-20 00:00:00+00:00, run_after=2026-08-21 00:00:00+00:00
[2026-08-21T22:52:15.902+0000] {processor.py:183} INFO - Processing /home/airflow/.local/lib/python3.8/site-packages/airflow/example_dags/example_short_circuit_operator.py took 0.111 seconds
[2026-08-21T22:52:46.633+0000] {processor.py:161} INFO - Started process (PID=751) to work on /home/airflow/.local/lib/python3.8/site-packages/airflow/example_dags/example_short_circuit_operator.py
[2026-08-21T22:52:46.636+0000] {processor.py:830} INFO - Processing file /home/airflow/.local/lib/python3.8/site-packages/airflow/example_dags/example_short_circuit_operator.py for tasks to queue
[2026-08-21T22:52:46.640+0000] {logging_mixin.py:188} INFO - [2026-08-21T22:52:46.639+0000] {dagbag.py:540} INFO - Filling up the DagBag from /home/airflow/.local/lib/python3.8/site-packages/airflow/example_dags/example_short_circuit_operator.py
[2026-08-21T22:52:46.658+0000] {processor.py:840} INFO - DAG(s) 'example_short_circuit_operator' retrieved from /home/airflow/.local/lib/python3.8/site-packages/airflow/example_dags/example_short_circuit_operator.py
[2026-08-21T22:52:46.704+0000] {logging_mixin.py:188} INFO - [2026-08-21T22:52:46.704+0000] {dag.py:3047} INFO - Sync 1 DAGs
[2026-08-21T22:52:46.756+0000] {logging_mixin.py:188} INFO - [2026-08-21T22:52:46.756+0000] {dag.py:3834} INFO - Setting next_dagrun for example_short_circuit_operator to 2026-08-20 00:00:00+00:00, run_after=2026-08-21 00:00:00+00:00
[2026-08-21T22:52:46.796+0000] {processor.py:183} INFO - Processing /home/airflow/.local/lib/python3.8/site-packages/airflow/example_dags/example_short_circuit_operator.py took 0.173 seconds
[2026-08-21T22:53:16.972+0000] {processor.py:161} INFO - Started process (PID=808) to work on /home/airflow/.local/lib/python3.8/site-packages/airflow/example_dags/example_short_circuit_operator.py
[2026-08-21T22:53:16.975+0000] {processor.py:830} INFO - Processing file /home/airflow/.local/lib/python3.8/site-packages/airflow/example_dags/example_short_circuit_operator.py for tasks to queue
[2026-08-21T22:53:16.979+0000] {logging_mixin.py:188} INFO - [2026-08-21T22:53:16.978+0000] {dagbag.py:540} INFO - Filling up the DagBag from /home/airflow/.local/lib/python3.8/site-packages/airflow/example_dags/example_short_circuit_operator.py
[2026-08-21T22:53:16.988+0000] {processor.py:840} INFO - DAG(s) 'example_short_circuit_operator' retrieved from /home/airflow/.local/lib/python3.8/site-packages/airflow/example_dags/example_short_circuit_operator.py
[2026-08-21T22:53:17.022+0000] {logging_mixin.py:188} INFO - [2026-08-21T22:53:17.021+0000] {dag.py:3047} INFO - Sync 1 DAGs
[2026-08-21T22:53:17.049+0000] {logging_mixin.py:188} INFO - [2026-08-21T22:53:17.049+0000] {dag.py:3834} INFO - Setting next_dagrun for example_short_circuit_operator to 2026-08-20 00:00:00+00:00, run_after=2026-08-21 00:00:00+00:00
[2026-08-21T22:53:17.069+0000] {processor.py:183} INFO - Processing /home/airflow/.local/lib/python3.8/site-packages/airflow/example_dags/example_short_circuit_operator.py took 0.101 seconds
[2026-08-21T22:53:47.135+0000] {processor.py:161} INFO - Started process (PID=865) to work on /home/airflow/.local/lib/python3.8/site-packages/airflow/example_dags/example_short_circuit_operator.py
[2026-08-21T22:53:47.137+0000] {processor.py:830} INFO - Processing file /home/airflow/.local/lib/python3.8/site-packages/airflow/example_dags/example_short_circuit_operator.py for tasks to queue
[2026-08-21T22:53:47.140+0000] {logging_mixin.py:188} INFO - [2026-08-21T22:53:47.140+0000] {dagbag.py:540} INFO - Filling up the DagBag from /home/airflow/.local/lib/python3.8/site-packages/airflow/example_dags/example_short_circuit_operator.py
[2026-08-21T22:53:47.148+0000] {processor.py:840} INFO - DAG(s) 'example_short_circuit_operator' retrieved from /home/airflow/.local/lib/python3.8/site-packages/airflow/example_dags/example_short_circuit_operator.py
[2026-08-21T22:53:47.174+0000] {logging_mixin.py:188} INFO - [2026-08-21T22:53:47.174+0000] {dag.py:3047} INFO - Sync 1 DAGs
[2026-08-21T22:53:47.195+0000] {logging_mixin.py:188} INFO - [2026-08-21T22:53:47.195+0000] {dag.py:3834} INFO - Setting next_dagrun for example_short_circuit_operator to 2026-08-20 00:00:00+00:00, run_after=2026-08-21 00:00:00+00:00
[2026-08-21T22:53:47.217+0000] {processor.py:183} INFO - Processing /home/airflow/.local/lib/python3.8/site-packages/airflow/example_dags/example_short_circuit_operator.py took 0.086 seconds
[2026-08-21T22:54:17.333+0000] {processor.py:161} INFO - Started process (PID=922) to work on /home/airflow/.local/lib/python3.8/site-packages/airflow/example_dags/example_short_circuit_operator.py
[2026-08-21T22:54:17.335+0000] {processor.py:830} INFO - Processing file /home/airflow/.local/lib/python3.8/site-packages/airflow/example_dags/example_short_circuit_operator.py for tasks to queue
[2026-08-21T22:54:17.339+0000] {logging_mixin.py:188} INFO - [2026-08-21T22:54:17.338+0000] {dagbag.py:540} INFO - Filling up the DagBag from /home/airflow/.local/lib/python3.8/site-packages/airflow/example_dags/example_short_circuit_operator.py
[2026-08-21T22:54:17.349+0000] {processor.py:840} INFO - DAG(s) 'example_short_circuit_operator' retrieved from /home/airflow/.local/lib/python3.8/site-packages/airflow/example_dags/example_short_circuit_operator.py
[2026-08-21T22:54:17.385+0000] {logging_mixin.py:188} INFO - [2026-08-21T22:54:17.385+0000] {dag.py:3047} INFO - Sync 1 DAGs
[2026-08-21T22:54:17.413+0000] {logging_mixin.py:188} INFO - [2026-08-21T22:54:17.412+0000] {dag.py:3834} INFO - Setting next_dagrun for example_short_circuit_operator to 2026-08-20 00:00:00+00:00, run_after=2026-08-21 00:00:00+00:00
[2026-08-21T22:54:17.444+0000] {processor.py:183} INFO - Processing /home/airflow/.local/lib/python3.8/site-packages/airflow/example_dags/example_short_circuit_operator.py took 0.115 seconds
[2026-08-21T22:54:48.339+0000] {processor.py:161} INFO - Started process (PID=979) to work on /home/airflow/.local/lib/python3.8/site-packages/airflow/example_dags/example_short_circuit_operator.py
[2026-08-21T22:54:48.341+0000] {processor.py:830} INFO - Processing file /home/airflow/.local/lib/python3.8/site-packages/airflow/example_dags/example_short_circuit_operator.py for tasks to queue
[2026-08-21T22:54:48.343+0000] {logging_mixin.py:188} INFO - [2026-08-21T22:54:48.343+0000] {dagbag.py:540} INFO - Filling up the DagBag from /home/airflow/.local/lib/python3.8/site-packages/airflow/example_dags/example_short_circuit_operator.py
[2026-08-21T22:54:48.353+0000] {processor.py:840} INFO - DAG(s) 'example_short_circuit_operator' retrieved from /home/airflow/.local/lib/python3.8/site-packages/airflow/example_dags/example_short_circuit_operator.py
[2026-08-21T22:54:48.384+0000] {logging_mixin.py:188} INFO - [2026-08-21T22:54:48.384+0000] {dag.py:3047} INFO - Sync 1 DAGs
[2026-08-21T22:54:48.412+0000] {logging_mixin.py:188} INFO - [2026-08-21T22:54:48.412+0000] {dag.py:3834} INFO - Setting next_dagrun for example_short_circuit_operator to 2026-08-20 00:00:00+00:00, run_after=2026-08-21 00:00:00+00:00
[2026-08-21T22:54:48.436+0000] {processor.py:183} INFO - Processing /home/airflow/.local/lib/python3.8/site-packages/airflow/example_dags/example_short_circuit_operator.py took 0.100 seconds
[2026-08-21T22:55:18.784+0000] {processor.py:161} INFO - Started process (PID=1036) to work on /home/airflow/.local/lib/python3.8/site-packages/airflow/example_dags/example_short_circuit_operator.py
[2026-08-21T22:55:18.786+0000] {processor.py:830} INFO - Processing file /home/airflow/.local/lib/python3.8/site-packages/airflow/example_dags/example_short_circuit_operator.py for tasks to queue
[2026-08-21T22:55:18.788+0000] {logging_mixin.py:188} INFO - [2026-08-21T22:55:18.788+0000] {dagbag.py:540} INFO - Filling up the DagBag from /home/airflow/.local/lib/python3.8/site-packages/airflow/example_dags/example_short_circuit_operator.py
[2026-08-21T22:55:18.800+0000] {processor.py:840} INFO - DAG(s) 'example_short_circuit_operator' retrieved from /home/airflow/.local/lib/python3.8/site-packages/airflow/example_dags/example_short_circuit_operator.py
[2026-08-21T22:55:18.828+0000] {logging_mixin.py:188} INFO - [2026-08-21T22:55:18.828+0000] {dag.py:3047} INFO - Sync 1 DAGs
[2026-08-21T22:55:18.854+0000] {logging_mixin.py:188} INFO - [2026-08-21T22:55:18.853+0000] {dag.py:3834} INFO - Setting next_dagrun for example_short_circuit_operator to 2026-08-20 00:00:00+00:00, run_after=2026-08-21 00:00:00+00:00
[2026-08-21T22:55:18.877+0000] {processor.py:183} INFO - Processing /home/airflow/.local/lib/python3.8/site-packages/airflow/example_dags/example_short_circuit_operator.py took 0.099 seconds
[2026-08-21T22:55:49.063+0000] {processor.py:161} INFO - Started process (PID=1093) to work on /home/airflow/.local/lib/python3.8/site-packages/airflow/example_dags/example_short_circuit_operator.py
[2026-08-21T22:55:49.065+0000] {processor.py:830} INFO - Processing file /home/airflow/.local/lib/python3.8/site-packages/airflow/example_dags/example_short_circuit_operator.py for tasks to queue
[2026-08-21T22:55:49.068+0000] {logging_mixin.py:188} INFO - [2026-08-21T22:55:49.067+0000] {dagbag.py:540} INFO - Filling up the DagBag from /home/airflow/.local/lib/python3.8/site-packages/airflow/example_dags/example_short_circuit_operator.py
[2026-08-21T22:55:49.079+0000] {processor.py:840} INFO - DAG(s) 'example_short_circuit_operator' retrieved from /home/airflow/.local/lib/python3.8/site-packages/airflow/example_dags/example_short_circuit_operator.py
[2026-08-21T22:55:49.108+0000] {logging_mixin.py:188} INFO - [2026-08-21T22:55:49.107+0000] {dag.py:3047} INFO - Sync 1 DAGs
[2026-08-21T22:55:49.133+0000] {logging_mixin.py:188} INFO - [2026-08-21T22:55:49.133+0000] {dag.py:3834} INFO - Setting next_dagrun for example_short_circuit_operator to 2026-08-20 00:00:00+00:00, run_after=2026-08-21 00:00:00+00:00
[2026-08-21T22:55:49.159+0000] {processor.py:183} INFO - Processing /home/airflow/.local/lib/python3.8/site-packages/airflow/example_dags/example_short_circuit_operator.py took 0.100 seconds
[2026-08-21T22:56:20.066+0000] {processor.py:161} INFO - Started process (PID=1150) to work on /home/airflow/.local/lib/python3.8/site-packages/airflow/example_dags/example_short_circuit_operator.py
[2026-08-21T22:56:20.068+0000] {processor.py:830} INFO - Processing file /home/airflow/.local/lib/python3.8/site-packages/airflow/example_dags/example_short_circuit_operator.py for tasks to queue
[2026-08-21T22:56:20.071+0000] {logging_mixin.py:188} INFO - [2026-08-21T22:56:20.071+0000] {dagbag.py:540} INFO - Filling up the DagBag from /home/airflow/.local/lib/python3.8/site-packages/airflow/example_dags/example_short_circuit_operator.py
[2026-08-21T22:56:20.079+0000] {processor.py:840} INFO - DAG(s) 'example_short_circuit_operator' retrieved from /home/airflow/.local/lib/python3.8/site-packages/airflow/example_dags/example_short_circuit_operator.py
[2026-08-21T22:56:20.107+0000] {logging_mixin.py:188} INFO - [2026-08-21T22:56:20.106+0000] {dag.py:3047} INFO - Sync 1 DAGs
[2026-08-21T22:56:20.131+0000] {logging_mixin.py:188} INFO - [2026-08-21T22:56:20.131+0000] {dag.py:3834} INFO - Setting next_dagrun for example_short_circuit_operator to 2026-08-20 00:00:00+00:00, run_after=2026-08-21 00:00:00+00:00
[2026-08-21T22:56:20.153+0000] {processor.py:183} INFO - Processing /home/airflow/.local/lib/python3.8/site-packages/airflow/example_dags/example_short_circuit_operator.py took 0.091 seconds
[2026-08-21T22:56:50.568+0000] {processor.py:161} INFO - Started process (PID=1207) to work on /home/airflow/.local/lib/python3.8/site-packages/airflow/example_dags/example_short_circuit_operator.py
[2026-08-21T22:56:50.570+0000] {processor.py:830} INFO - Processing file /home/airflow/.local/lib/python3.8/site-packages/airflow/example_dags/example_short_circuit_operator.py for tasks to queue
[2026-08-21T22:56:50.573+0000] {logging_mixin.py:188} INFO - [2026-08-21T22:56:50.573+0000] {dagbag.py:540} INFO - Filling up the DagBag from /home/airflow/.local/lib/python3.8/site-packages/airflow/example_dags/example_short_circuit_operator.py
[2026-08-21T22:56:50.583+0000] {processor.py:840} INFO - DAG(s) 'example_short_circuit_operator' retrieved from /home/airflow/.local/lib/python3.8/site-packages/airflow/example_dags/example_short_circuit_operator.py
[2026-08-21T22:56:50.614+0000] {logging_mixin.py:188} INFO - [2026-08-21T22:56:50.613+0000] {dag.py:3047} INFO - Sync 1 DAGs
[2026-08-21T22:56:50.641+0000] {logging_mixin.py:188} INFO - [2026-08-21T22:56:50.641+0000] {dag.py:3834} INFO - Setting next_dagrun for example_short_circuit_operator to 2026-08-20 00:00:00+00:00, run_after=2026-08-21 00:00:00+00:00
[2026-08-21T22:56:50.672+0000] {processor.py:183} INFO - Processing /home/airflow/.local/lib/python3.8/site-packages/airflow/example_dags/example_short_circuit_operator.py took 0.108 seconds
[2026-08-21T22:57:21.293+0000] {processor.py:161} INFO - Started process (PID=1264) to work on /home/airflow/.local/lib/python3.8/site-packages/airflow/example_dags/example_short_circuit_operator.py
[2026-08-21T22:57:21.295+0000] {processor.py:830} INFO - Processing file /home/airflow/.local/lib/python3.8/site-packages/airflow/example_dags/example_short_circuit_operator.py for tasks to queue
[2026-08-21T22:57:21.298+0000] {logging_mixin.py:188} INFO - [2026-08-21T22:57:21.298+0000] {dagbag.py:540} INFO - Filling up the DagBag from /home/airflow/.local/lib/python3.8/site-packages/airflow/example_dags/example_short_circuit_operator.py
[2026-08-21T22:57:21.310+0000] {processor.py:840} INFO - DAG(s) 'example_short_circuit_operator' retrieved from /home/airflow/.local/lib/python3.8/site-packages/airflow/example_dags/example_short_circuit_operator.py
[2026-08-21T22:57:21.344+0000] {logging_mixin.py:188} INFO - [2026-08-21T22:57:21.344+0000] {dag.py:3047} INFO - Sync 1 DAGs
[2026-08-21T22:57:21.373+0000] {logging_mixin.py:188} INFO - [2026-08-21T22:57:21.373+0000] {dag.py:3834} INFO - Setting next_dagrun for example_short_circuit_operator to 2026-08-20 00:00:00+00:00, run_after=2026-08-21 00:00:00+00:00
[2026-08-21T22:57:21.401+0000] {processor.py:183} INFO - Processing /home/airflow/.local/lib/python3.8/site-packages/airflow/example_dags/example_short_circuit_operator.py took 0.113 seconds
[2026-08-21T22:57:51.843+0000] {processor.py:161} INFO - Started process (PID=1321) to work on /home/airflow/.local/lib/python3.8/site-packages/airflow/example_dags/example_short_circuit_operator.py
[2026-08-21T22:57:51.846+0000] {processor.py:830} INFO - Processing file /home/airflow/.local/lib/python3.8/site-packages/airflow/example_dags/example_short_circuit_operator.py for tasks to queue
[2026-08-21T22:57:51.849+0000] {logging_mixin.py:188} INFO - [2026-08-21T22:57:51.849+0000] {dagbag.py:540} INFO - Filling up the DagBag from /home/airflow/.local/lib/python3.8/site-packages/airflow/example_dags/example_short_circuit_operator.py
[2026-08-21T22:57:51.863+0000] {processor.py:840} INFO - DAG(s) 'example_short_circuit_operator' retrieved from /home/airflow/.local/lib/python3.8/site-packages/airflow/example_dags/example_short_circuit_operator.py
[2026-08-21T22:57:51.894+0000] {logging_mixin.py:188} INFO - [2026-08-21T22:57:51.893+0000] {dag.py:3047} INFO - Sync 1 DAGs
[2026-08-21T22:57:51.922+0000] {logging_mixin.py:188} INFO - [2026-08-21T22:57:51.921+0000] {dag.py:3834} INFO - Setting next_dagrun for example_short_circuit_operator to 2026-08-20 00:00:00+00:00, run_after=2026-08-21 00:00:00+00:00
[2026-08-21T22:57:51.947+0000] {processor.py:183} INFO - Processing /home/airflow/.local/lib/python3.8/site-packages/airflow/example_dags/example_short_circuit_operator.py took 0.110 seconds
[2026-08-21T22:58:22.224+0000] {processor.py:161} INFO - Started process (PID=1378) to work on /home/airflow/.local/lib/python3.8/site-packages/airflow/example_dags/example_short_circuit_operator.py
[2026-08-21T22:58:22.227+0000] {processor.py:830} INFO - Processing file /home/airflow/.local/lib/python3.8/site-packages/airflow/example_dags/example_short_circuit_operator.py for tasks to queue
[2026-08-21T22:58:22.231+0000] {logging_mixin.py:188} INFO - [2026-08-21T22:58:22.230+0000] {dagbag.py:540} INFO - Filling up the DagBag from /home/airflow/.local/lib/python3.8/site-packages/airflow/example_dags/example_short_circuit_operator.py
[2026-08-21T22:58:22.242+0000] {processor.py:840} INFO - DAG(s) 'example_short_circuit_operator' retrieved from /home/airflow/.local/lib/python3.8/site-packages/airflow/example_dags/example_short_circuit_operator.py
[2026-08-21T22:58:22.281+0000] {logging_mixin.py:188} INFO - [2026-08-21T22:58:22.281+0000] {dag.py:3047} INFO - Sync 1 DAGs
[2026-08-21T22:58:22.314+0000] {logging_mixin.py:188} INFO - [2026-08-21T22:58:22.313+0000] {dag.py:3834} INFO - Setting next_dagrun for example_short_circuit_operator to 2026-08-20 00:00:00+00:00, run_after=2026-08-21 00:00:00+00:00
[2026-08-21T22:58:22.340+0000] {processor.py:183} INFO - Processing /home/airflow/.local/lib/python3.8/site-packages/airflow/example_dags/example_short_circuit_operator.py took 0.122 seconds
[2026-08-21T22:58:52.530+0000] {processor.py:161} INFO - Started process (PID=1435) to work on /home/airflow/.local/lib/python3.8/site-packages/airflow/example_dags/example_short_circuit_operator.py
[2026-08-21T22:58:52.533+0000] {processor.py:830} INFO - Processing file /home/airflow/.local/lib/python3.8/site-packages/airflow/example_dags/example_short_circuit_operator.py for tasks to queue
[2026-08-21T22:58:52.537+0000] {logging_mixin.py:188} INFO - [2026-08-21T22:58:52.536+0000] {dagbag.py:540} INFO - Filling up the DagBag from /home/airflow/.local/lib/python3.8/site-packages/airflow/example_dags/example_short_circuit_operator.py
[2026-08-21T22:58:52.547+0000] {processor.py:840} INFO - DAG(s) 'example_short_circuit_operator' retrieved from /home/airflow/.local/lib/python3.8/site-packages/airflow/example_dags/example_short_circuit_operator.py
[2026-08-21T22:58:52.580+0000] {logging_mixin.py:188} INFO - [2026-08-21T22:58:52.579+0000] {dag.py:3047} INFO - Sync 1 DAGs
[2026-08-21T22:58:52.612+0000] {logging_mixin.py:188} INFO - [2026-08-21T22:58:52.612+0000] {dag.py:3834} INFO - Setting next_dagrun for example_short_circuit_operator to 2026-08-20 00:00:00+00:00, run_after=2026-08-21 00:00:00+00:00
[2026-08-21T22:58:52.641+0000] {processor.py:183} INFO - Processing /home/airflow/.local/lib/python3.8/site-packages/airflow/example_dags/example_short_circuit_operator.py took 0.115 seconds
[2026-08-21T22:59:23.200+0000] {processor.py:161} INFO - Started process (PID=1492) to work on /home/airflow/.local/lib/python3.8/site-packages/airflow/example_dags/example_short_circuit_operator.py
[2026-08-21T22:59:23.202+0000] {processor.py:830} INFO - Processing file /home/airflow/.local/lib/python3.8/site-packages/airflow/example_dags/example_short_circuit_operator.py for tasks to queue
[2026-08-21T22:59:23.205+0000] {logging_mixin.py:188} INFO - [2026-08-21T22:59:23.204+0000] {dagbag.py:540} INFO - Filling up the DagBag from /home/airflow/.local/lib/python3.8/site-packages/airflow/example_dags/example_short_circuit_operator.py
[2026-08-21T22:59:23.218+0000] {processor.py:840} INFO - DAG(s) 'example_short_circuit_operator' retrieved from /home/airflow/.local/lib/python3.8/site-packages/airflow/example_dags/example_short_circuit_operator.py
[2026-08-21T22:59:23.251+0000] {logging_mixin.py:188} INFO - [2026-08-21T22:59:23.251+0000] {dag.py:3047} INFO - Sync 1 DAGs
[2026-08-21T22:59:23.286+0000] {logging_mixin.py:188} INFO - [2026-08-21T22:59:23.286+0000] {dag.py:3834} INFO - Setting next_dagrun for example_short_circuit_operator to 2026-08-20 00:00:00+00:00, run_after=2026-08-21 00:00:00+00:00
[2026-08-21T22:59:23.309+0000] {processor.py:183} INFO - Processing /home/airflow/.local/lib/python3.8/site-packages/airflow/example_dags/example_short_circuit_operator.py took 0.115 seconds
[2026-08-21T22:59:53.636+0000] {processor.py:161} INFO - Started process (PID=1549) to work on /home/airflow/.local/lib/python3.8/site-packages/airflow/example_dags/example_short_circuit_operator.py
[2026-08-21T22:59:53.637+0000] {processor.py:830} INFO - Processing file /home/airflow/.local/lib/python3.8/site-packages/airflow/example_dags/example_short_circuit_operator.py for tasks to queue
[2026-08-21T22:59:53.640+0000] {logging_mixin.py:188} INFO - [2026-08-21T22:59:53.640+0000] {dagbag.py:540} INFO - Filling up the DagBag from /home/airflow/.local/lib/python3.8/site-packages/airflow/example_dags/example_short_circuit_operator.py
[2026-08-21T22:59:53.652+0000] {processor.py:840} INFO - DAG(s) 'example_short_circuit_operator' retrieved from /home/airflow/.local/lib/python3.8/site-packages/airflow/example_dags/example_short_circuit_operator.py
[2026-08-21T22:59:53.682+0000] {logging_mixin.py:188} INFO - [2026-08-21T22:59:53.681+0000] {dag.py:3047} INFO - Sync 1 DAGs
[2026-08-21T22:59:53.712+0000] {logging_mixin.py:188} INFO - [2026-08-21T22:59:53.712+0000] {dag.py:3834} INFO - Setting next_dagrun for example_short_circuit_operator to 2026-08-20 00:00:00+00:00, run_after=2026-08-21 00:00:00+00:00
[2026-08-21T22:59:53.737+0000] {processor.py:183} INFO - Processing /home/airflow/.local/lib/python3.8/site-packages/airflow/example_dags/example_short_circuit_operator.py took 0.105 seconds
[2026-08-21T23:00:24.000+0000] {processor.py:161} INFO - Started process (PID=1606) to work on /home/airflow/.local/lib/python3.8/site-packages/airflow/example_dags/example_short_circuit_operator.py
[2026-08-21T23:00:24.002+0000] {processor.py:830} INFO - Processing file /home/airflow/.local/lib/python3.8/site-packages/airflow/example_dags/example_short_circuit_operator.py for tasks to queue
[2026-08-21T23:00:24.005+0000] {logging_mixin.py:188} INFO - [2026-08-21T23:00:24.004+0000] {dagbag.py:540} INFO - Filling up the DagBag from /home/airflow/.local/lib/python3.8/site-packages/airflow/example_dags/example_short_circuit_operator.py
[2026-08-21T23:00:24.018+0000] {processor.py:840} INFO - DAG(s) 'example_short_circuit_operator' retrieved from /home/airflow/.local/lib/python3.8/site-packages/airflow/example_dags/example_short_circuit_operator.py
[2026-08-21T23:00:24.047+0000] {logging_mixin.py:188} INFO - [2026-08-21T23:00:24.047+0000] {dag.py:3047} INFO - Sync 1 DAGs
[2026-08-21T23:00:24.077+0000] {logging_mixin.py:188} INFO - [2026-08-21T23:00:24.077+0000] {dag.py:3834} INFO - Setting next_dagrun for example_short_circuit_operator to 2026-08-20 00:00:00+00:00, run_after=2026-08-21 00:00:00+00:00
[2026-08-21T23:00:24.100+0000] {processor.py:183} INFO - Processing /home/airflow/.local/lib/python3.8/site-packages/airflow/example_dags/example_short_circuit_operator.py took 0.103 seconds
[2026-08-21T23:00:55.013+0000] {processor.py:161} INFO - Started process (PID=1663) to work on /home/airflow/.local/lib/python3.8/site-packages/airflow/example_dags/example_short_circuit_operator.py
[2026-08-21T23:00:55.016+0000] {processor.py:830} INFO - Processing file /home/airflow/.local/lib/python3.8/site-packages/airflow/example_dags/example_short_circuit_operator.py for tasks to queue
[2026-08-21T23:00:55.018+0000] {logging_mixin.py:188} INFO - [2026-08-21T23:00:55.018+0000] {dagbag.py:540} INFO - Filling up the DagBag from /home/airflow/.local/lib/python3.8/site-packages/airflow/example_dags/example_short_circuit_operator.py
[2026-08-21T23:00:55.028+0000] {processor.py:840} INFO - DAG(s) 'example_short_circuit_operator' retrieved from /home/airflow/.local/lib/python3.8/site-packages/airflow/example_dags/example_short_circuit_operator.py
[2026-08-21T23:00:55.061+0000] {logging_mixin.py:188} INFO - [2026-08-21T23:00:55.060+0000] {dag.py:3047} INFO - Sync 1 DAGs
[2026-08-21T23:00:55.087+0000] {logging_mixin.py:188} INFO - [2026-08-21T23:00:55.087+0000] {dag.py:3834} INFO - Setting next_dagrun for example_short_circuit_operator to 2026-08-20 00:00:00+00:00, run_after=2026-08-21 00:00:00+00:00
[2026-08-21T23:00:55.115+0000] {processor.py:183} INFO - Processing /home/airflow/.local/lib/python3.8/site-packages/airflow/example_dags/example_short_circuit_operator.py took 0.106 seconds
[2026-08-21T23:01:25.852+0000] {processor.py:161} INFO - Started process (PID=1720) to work on /home/airflow/.local/lib/python3.8/site-packages/airflow/example_dags/example_short_circuit_operator.py
[2026-08-21T23:01:25.853+0000] {processor.py:830} INFO - Processing file /home/airflow/.local/lib/python3.8/site-packages/airflow/example_dags/example_short_circuit_operator.py for tasks to queue
[2026-08-21T23:01:25.856+0000] {logging_mixin.py:188} INFO - [2026-08-21T23:01:25.856+0000] {dagbag.py:540} INFO - Filling up the DagBag from /home/airflow/.local/lib/python3.8/site-packages/airflow/example_dags/example_short_circuit_operator.py
[2026-08-21T23:01:25.864+0000] {processor.py:840} INFO - DAG(s) 'example_short_circuit_operator' retrieved from /home/airflow/.local/lib/python3.8/site-packages/airflow/example_dags/example_short_circuit_operator.py
[2026-08-21T23:01:25.895+0000] {logging_mixin.py:188} INFO - [2026-08-21T23:01:25.895+0000] {dag.py:3047} INFO - Sync 1 DAGs
[2026-08-21T23:01:25.920+0000] {logging_mixin.py:188} INFO - [2026-08-21T23:01:25.919+0000] {dag.py:3834} INFO - Setting next_dagrun for example_short_circuit_operator to 2026-08-20 00:00:00+00:00, run_after=2026-08-21 00:00:00+00:00
[2026-08-21T23:01:25.941+0000] {processor.py:183} INFO - Processing /home/airflow/.local/lib/python3.8/site-packages/airflow/example_dags/example_short_circuit_operator.py took 0.093 seconds
[2026-08-21T23:01:56.370+0000] {processor.py:161} INFO - Started process (PID=1777) to work on /home/airflow/.local/lib/python3.8/site-packages/airflow/example_dags/example_short_circuit_operator.py
[2026-08-21T23:01:56.373+0000] {processor.py:830} INFO - Processing file /home/airflow/.local/lib/python3.8/site-packages/airflow/example_dags/example_short_circuit_operator.py for tasks to queue
[2026-08-21T23:01:56.376+0000] {logging_mixin.py:188} INFO - [2026-08-21T23:01:56.375+0000] {dagbag.py:540} INFO - Filling up the DagBag from /home/airflow/.local/lib/python3.8/site-packages/airflow/example_dags/example_short_circuit_operator.py
[2026-08-21T23:01:56.384+0000] {processor.py:840} INFO - DAG(s) 'example_short_circuit_operator' retrieved from /home/airflow/.local/lib/python3.8/site-packages/airflow/example_dags/example_short_circuit_operator.py
[2026-08-21T23:01:56.416+0000] {logging_mixin.py:188} INFO - [2026-08-21T23:01:56.415+0000] {dag.py:3047} INFO - Sync 1 DAGs
[2026-08-21T23:01:56.443+0000] {logging_mixin.py:188} INFO - [2026-08-21T23:01:56.443+0000] {dag.py:3834} INFO - Setting next_dagrun for example_short_circuit_operator to 2026-08-20 00:00:00+00:00, run_after=2026-08-21 00:00:00+00:00
[2026-08-21T23:01:56.468+0000] {processor.py:183} INFO - Processing /home/airflow/.local/lib/python3.8/site-packages/airflow/example_dags/example_short_circuit_operator.py took 0.103 seconds
[2026-08-21T23:02:26.558+0000] {processor.py:161} INFO - Started process (PID=1834) to work on /home/airflow/.local/lib/python3.8/site-packages/airflow/example_dags/example_short_circuit_operator.py
[2026-08-21T23:02:26.560+0000] {processor.py:830} INFO - Processing file /home/airflow/.local/lib/python3.8/site-packages/airflow/example_dags/example_short_circuit_operator.py for tasks to queue
[2026-08-21T23:02:26.563+0000] {logging_mixin.py:188} INFO - [2026-08-21T23:02:26.562+0000] {dagbag.py:540} INFO - Filling up the DagBag from /home/airflow/.local/lib/python3.8/site-packages/airflow/example_dags/example_short_circuit_operator.py
[2026-08-21T23:02:26.572+0000] {processor.py:840} INFO - DAG(s) 'example_short_circuit_operator' retrieved from /home/airflow/.local/lib/python3.8/site-packages/airflow/example_dags/example_short_circuit_operator.py
[2026-08-21T23:02:26.600+0000] {logging_mixin.py:188} INFO - [2026-08-21T23:02:26.600+0000] {dag.py:3047} INFO - Sync 1 DAGs
[2026-08-21T23:02:26.630+0000] {logging_mixin.py:188} INFO - [2026-08-21T23:02:26.629+0000] {dag.py:3834} INFO - Setting next_dagrun for example_short_circuit_operator to 2026-08-20 00:00:00+00:00, run_after=2026-08-21 00:00:00+00:00
[2026-08-21T23:02:26.661+0000] {processor.py:183} INFO - Processing /home/airflow/.local/lib/python3.8/site-packages/airflow/example_dags/example_short_circuit_operator.py took 0.106 seconds
[2026-08-21T23:02:57.029+0000] {processor.py:161} INFO - Started process (PID=1891) to work on /home/airflow/.local/lib/python3.8/site-packages/airflow/example_dags/example_short_circuit_operator.py
[2026-08-21T23:02:57.031+0000] {processor.py:830} INFO - Processing file /home/airflow/.local/lib/python3.8/site-packages/airflow/example_dags/example_short_circuit_operator.py for tasks to queue
[2026-08-21T23:02:57.035+0000] {logging_mixin.py:188} INFO - [2026-08-21T23:02:57.034+0000] {dagbag.py:540} INFO - Filling up the DagBag from /home/airflow/.local/lib/python3.8/site-packages/airflow/example_dags/example_short_circuit_operator.py
[2026-08-21T23:02:57.052+0000] {processor.py:840} INFO - DAG(s) 'example_short_circuit_operator' retrieved from /home/airflow/.local/lib/python3.8/site-packages/airflow/example_dags/example_short_circuit_operator.py
[2026-08-21T23:02:57.089+0000] {logging_mixin.py:188} INFO - [2026-08-21T23:02:57.089+0000] {dag.py:3047} INFO - Sync 1 DAGs
[2026-08-21T23:02:57.125+0000] {logging_mixin.py:188} INFO - [2026-08-21T23:02:57.125+0000] {dag.py:3834} INFO - Setting next_dagrun for example_short_circuit_operator to 2026-08-20 00:00:00+00:00, run_after=2026-08-21 00:00:00+00:00
[2026-08-21T23:02:57.154+0000] {processor.py:183} INFO - Processing /home/airflow/.local/lib/python3.8/site-packages/airflow/example_dags/example_short_circuit_operator.py took 0.132 seconds
[2026-08-21T23:03:27.512+0000] {processor.py:161} INFO - Started process (PID=1948) to work on /home/airflow/.local/lib/python3.8/site-packages/airflow/example_dags/example_short_circuit_operator.py
[2026-08-21T23:03:27.514+0000] {processor.py:830} INFO - Processing file /home/airflow/.local/lib/python3.8/site-packages/airflow/example_dags/example_short_circuit_operator.py for tasks to queue
[2026-08-21T23:03:27.519+0000] {logging_mixin.py:188} INFO - [2026-08-21T23:03:27.518+0000] {dagbag.py:540} INFO - Filling up the DagBag from /home/airflow/.local/lib/python3.8/site-packages/airflow/example_dags/example_short_circuit_operator.py
[2026-08-21T23:03:27.537+0000] {processor.py:840} INFO - DAG(s) 'example_short_circuit_operator' retrieved from /home/airflow/.local/lib/python3.8/site-packages/airflow/example_dags/example_short_circuit_operator.py
[2026-08-21T23:03:27.571+0000] {logging_mixin.py:188} INFO - [2026-08-21T23:03:27.570+0000] {dag.py:3047} INFO - Sync 1 DAGs
[2026-08-21T23:03:27.604+0000] {logging_mixin.py:188} INFO - [2026-08-21T23:03:27.604+0000] {dag.py:3834} INFO - Setting next_dagrun for example_short_circuit_operator to 2026-08-20 00:00:00+00:00, run_after=2026-08-21 00:00:00+00:00
[2026-08-21T23:03:27.632+0000] {processor.py:183} INFO - Processing /home/airflow/.local/lib/python3.8/site-packages/airflow/example_dags/example_short_circuit_operator.py took 0.126 seconds
[2026-08-21T23:03:58.147+0000] {processor.py:161} INFO - Started process (PID=2005) to work on /home/airflow/.local/lib/python3.8/site-packages/airflow/example_dags/example_short_circuit_operator.py
[2026-08-21T23:03:58.150+0000] {processor.py:830} INFO - Processing file /home/airflow/.local/lib/python3.8/site-packages/airflow/example_dags/example_short_circuit_operator.py for tasks to queue
[2026-08-21T23:03:58.156+0000] {logging_mixin.py:188} INFO - [2026-08-21T23:03:58.155+0000] {dagbag.py:540} INFO - Filling up the DagBag from /home/airflow/.local/lib/python3.8/site-packages/airflow/example_dags/example_short_circuit_operator.py
[2026-08-21T23:03:58.168+0000] {processor.py:840} INFO - DAG(s) 'example_short_circuit_operator' retrieved from /home/airflow/.local/lib/python3.8/site-packages/airflow/example_dags/example_short_circuit_operator.py
[2026-08-21T23:03:58.196+0000] {logging_mixin.py:188} INFO - [2026-08-21T23:03:58.195+0000] {dag.py:3047} INFO - Sync 1 DAGs
[2026-08-21T23:03:58.222+0000] {logging_mixin.py:188} INFO - [2026-08-21T23:03:58.221+0000] {dag.py:3834} INFO - Setting next_dagrun for example_short_circuit_operator to 2026-08-20 00:00:00+00:00, run_after=2026-08-21 00:00:00+00:00
[2026-08-21T23:03:58.249+0000] {processor.py:183} INFO - Processing /home/airflow/.local/lib/python3.8/site-packages/airflow/example_dags/example_short_circuit_operator.py took 0.107 seconds
[2026-08-21T23:04:28.693+0000] {processor.py:161} INFO - Started process (PID=2062) to work on /home/airflow/.local/lib/python3.8/site-packages/airflow/example_dags/example_short_circuit_operator.py
[2026-08-21T23:04:28.695+0000] {processor.py:830} INFO - Processing file /home/airflow/.local/lib/python3.8/site-packages/airflow/example_dags/example_short_circuit_operator.py for tasks to queue
[2026-08-21T23:04:28.699+0000] {logging_mixin.py:188} INFO - [2026-08-21T23:04:28.698+0000] {dagbag.py:540} INFO - Filling up the DagBag from /home/airflow/.local/lib/python3.8/site-packages/airflow/example_dags/example_short_circuit_operator.py
[2026-08-21T23:04:28.710+0000] {processor.py:840} INFO - DAG(s) 'example_short_circuit_operator' retrieved from /home/airflow/.local/lib/python3.8/site-packages/airflow/example_dags/example_short_circuit_operator.py
[2026-08-21T23:04:28.743+0000] {logging_mixin.py:188} INFO - [2026-08-21T23:04:28.743+0000] {dag.py:3047} INFO - Sync 1 DAGs
[2026-08-21T23:04:28.769+0000] {logging_mixin.py:188} INFO - [2026-08-21T23:04:28.769+0000] {dag.py:3834} INFO - Setting next_dagrun for example_short_circuit_operator to 2026-08-20 00:00:00+00:00, run_after=2026-08-21 00:00:00+00:00
[2026-08-21T23:04:28.794+0000] {processor.py:183} INFO - Processing /home/airflow/.local/lib/python3.8/site-packages/airflow/example_dags/example_short_circuit_operator.py took 0.105 seconds
[2026-08-21T23:04:59.264+0000] {processor.py:161} INFO - Started process (PID=2119) to work on /home/airflow/.local/lib/python3.8/site-packages/airflow/example_dags/example_short_circuit_operator.py
[2026-08-21T23:04:59.266+0000] {processor.py:830} INFO - Processing file /home/airflow/.local/lib/python3.8/site-packages/airflow/example_dags/example_short_circuit_operator.py for tasks to queue
[2026-08-21T23:04:59.270+0000] {logging_mixin.py:188} INFO - [2026-08-21T23:04:59.270+0000] {dagbag.py:540} INFO - Filling up the DagBag from /home/airflow/.local/lib/python3.8/site-packages/airflow/example_dags/example_short_circuit_operator.py
[2026-08-21T23:04:59.287+0000] {processor.py:840} INFO - DAG(s) 'example_short_circuit_operator' retrieved from /home/airflow/.local/lib/python3.8/site-packages/airflow/example_dags/example_short_circuit_operator.py
[2026-08-21T23:04:59.319+0000] {logging_mixin.py:188} INFO - [2026-08-21T23:04:59.318+0000] {dag.py:3047} INFO - Sync 1 DAGs
[2026-08-21T23:04:59.351+0000] {logging_mixin.py:188} INFO - [2026-08-21T23:04:59.351+0000] {dag.py:3834} INFO - Setting next_dagrun for example_short_circuit_operator to 2026-08-20 00:00:00+00:00, run_after=2026-08-21 00:00:00+00:00
[2026-08-21T23:04:59.376+0000] {processor.py:183} INFO - Processing /home/airflow/.local/lib/python3.8/site-packages/airflow/example_dags/example_short_circuit_operator.py took 0.118 seconds
[2026-08-21T23:05:29.479+0000] {processor.py:161} INFO - Started process (PID=2176) to work on /home/airflow/.local/lib/python3.8/site-packages/airflow/example_dags/example_short_circuit_operator.py
[2026-08-21T23:05:29.482+0000] {processor.py:830} INFO - Processing file /home/airflow/.local/lib/python3.8/site-packages/airflow/example_dags/example_short_circuit_operator.py for tasks to queue
[2026-08-21T23:05:29.485+0000] {logging_mixin.py:188} INFO - [2026-08-21T23:05:29.485+0000] {dagbag.py:540} INFO - Filling up the DagBag from /home/airflow/.local/lib/python3.8/site-packages/airflow/example_dags/example_short_circuit_operator.py
[2026-08-21T23:05:29.494+0000] {processor.py:840} INFO - DAG(s) 'example_short_circuit_operator' retrieved from /home/airflow/.local/lib/python3.8/site-packages/airflow/example_dags/example_short_circuit_operator.py
[2026-08-21T23:05:29.524+0000] {logging_mixin.py:188} INFO - [2026-08-21T23:05:29.524+0000] {dag.py:3047} INFO - Sync 1 DAGs
[2026-08-21T23:05:29.571+0000] {logging_mixin.py:188} INFO - [2026-08-21T23:05:29.570+0000] {dag.py:3834} INFO - Setting next_dagrun for example_short_circuit_operator to 2026-08-20 00:00:00+00:00, run_after=2026-08-21 00:00:00+00:00
[2026-08-21T23:05:29.612+0000] {processor.py:183} INFO - Processing /home/airflow/.local/lib/python3.8/site-packages/airflow/example_dags/example_short_circuit_operator.py took 0.137 seconds
[2026-08-21T23:05:59.858+0000] {processor.py:161} INFO - Started process (PID=2233) to work on /home/airflow/.local/lib/python3.8/site-packages/airflow/example_dags/example_short_circuit_operator.py
[2026-08-21T23:05:59.860+0000] {processor.py:830} INFO - Processing file /home/airflow/.local/lib/python3.8/site-packages/airflow/example_dags/example_short_circuit_operator.py for tasks to queue
[2026-08-21T23:05:59.863+0000] {logging_mixin.py:188} INFO - [2026-08-21T23:05:59.863+0000] {dagbag.py:540} INFO - Filling up the DagBag from /home/airflow/.local/lib/python3.8/site-packages/airflow/example_dags/example_short_circuit_operator.py
[2026-08-21T23:05:59.875+0000] {processor.py:840} INFO - DAG(s) 'example_short_circuit_operator' retrieved from /home/airflow/.local/lib/python3.8/site-packages/airflow/example_dags/example_short_circuit_operator.py
[2026-08-21T23:05:59.911+0000] {logging_mixin.py:188} INFO - [2026-08-21T23:05:59.910+0000] {dag.py:3047} INFO - Sync 1 DAGs
[2026-08-21T23:05:59.937+0000] {logging_mixin.py:188} INFO - [2026-08-21T23:05:59.937+0000] {dag.py:3834} INFO - Setting next_dagrun for example_short_circuit_operator to 2026-08-20 00:00:00+00:00, run_after=2026-08-21 00:00:00+00:00
[2026-08-21T23:05:59.964+0000] {processor.py:183} INFO - Processing /home/airflow/.local/lib/python3.8/site-packages/airflow/example_dags/example_short_circuit_operator.py took 0.111 seconds
[2026-08-21T23:06:30.801+0000] {processor.py:161} INFO - Started process (PID=2290) to work on /home/airflow/.local/lib/python3.8/site-packages/airflow/example_dags/example_short_circuit_operator.py
[2026-08-21T23:06:30.803+0000] {processor.py:830} INFO - Processing file /home/airflow/.local/lib/python3.8/site-packages/airflow/example_dags/example_short_circuit_operator.py for tasks to queue
[2026-08-21T23:06:30.806+0000] {logging_mixin.py:188} INFO - [2026-08-21T23:06:30.806+0000] {dagbag.py:540} INFO - Filling up the DagBag from /home/airflow/.local/lib/python3.8/site-packages/airflow/example_dags/example_short_circuit_operator.py
[2026-08-21T23:06:30.817+0000] {processor.py:840} INFO - DAG(s) 'example_short_circuit_operator' retrieved from /home/airflow/.local/lib/python3.8/site-packages/airflow/example_dags/example_short_circuit_operator.py
[2026-08-21T23:06:30.860+0000] {logging_mixin.py:188} INFO - [2026-08-21T23:06:30.860+0000] {dag.py:3047} INFO - Sync 1 DAGs
[2026-08-21T23:06:30.890+0000] {logging_mixin.py:188} INFO - [2026-08-21T23:06:30.890+0000] {dag.py:3834} INFO - Setting next_dagrun for example_short_circuit_operator to 2026-08-20 00:00:00+00:00, run_after=2026-08-21 00:00:00+00:00
[2026-08-21T23:06:30.919+0000] {processor.py:183} INFO - Processing /home/airflow/.local/lib/python3.8/site-packages/airflow/example_dags/example_short_circuit_operator.py took 0.123 seconds
[2026-08-21T23:07:01.033+0000] {processor.py:161} INFO - Started process (PID=2347) to work on /home/airflow/.local/lib/python3.8/site-packages/airflow/example_dags/example_short_circuit_operator.py
[2026-08-21T23:07:01.035+0000] {processor.py:830} INFO - Processing file /home/airflow/.local/lib/python3.8/site-packages/airflow/example_dags/example_short_circuit_operator.py for tasks to queue
[2026-08-21T23:07:01.037+0000] {logging_mixin.py:188} INFO - [2026-08-21T23:07:01.037+0000] {dagbag.py:540} INFO - Filling up the DagBag from /home/airflow/.local/lib/python3.8/site-packages/airflow/example_dags/example_short_circuit_operator.py
[2026-08-21T23:07:01.047+0000] {processor.py:840} INFO - DAG(s) 'example_short_circuit_operator' retrieved from /home/airflow/.local/lib/python3.8/site-packages/airflow/example_dags/example_short_circuit_operator.py
[2026-08-21T23:07:01.074+0000] {logging_mixin.py:188} INFO - [2026-08-21T23:07:01.074+0000] {dag.py:3047} INFO - Sync 1 DAGs
[2026-08-21T23:07:01.098+0000] {logging_mixin.py:188} INFO - [2026-08-21T23:07:01.098+0000] {dag.py:3834} INFO - Setting next_dagrun for example_short_circuit_operator to 2026-08-20 00:00:00+00:00, run_after=2026-08-21 00:00:00+00:00
[2026-08-21T23:07:01.166+0000] {processor.py:183} INFO - Processing /home/airflow/.local/lib/python3.8/site-packages/airflow/example_dags/example_short_circuit_operator.py took 0.137 seconds
[2026-08-21T23:07:31.626+0000] {processor.py:161} INFO - Started process (PID=2404) to work on /home/airflow/.local/lib/python3.8/site-packages/airflow/example_dags/example_short_circuit_operator.py
[2026-08-21T23:07:31.628+0000] {processor.py:830} INFO - Processing file /home/airflow/.local/lib/python3.8/site-packages/airflow/example_dags/example_short_circuit_operator.py for tasks to queue
[2026-08-21T23:07:31.631+0000] {logging_mixin.py:188} INFO - [2026-08-21T23:07:31.631+0000] {dagbag.py:540} INFO - Filling up the DagBag from /home/airflow/.local/lib/python3.8/site-packages/airflow/example_dags/example_short_circuit_operator.py
[2026-08-21T23:07:31.641+0000] {processor.py:840} INFO - DAG(s) 'example_short_circuit_operator' retrieved from /home/airflow/.local/lib/python3.8/site-packages/airflow/example_dags/example_short_circuit_operator.py
[2026-08-21T23:07:31.673+0000] {logging_mixin.py:188} INFO - [2026-08-21T23:07:31.673+0000] {dag.py:3047} INFO - Sync 1 DAGs
[2026-08-21T23:07:31.701+0000] {logging_mixin.py:188} INFO - [2026-08-21T23:07:31.701+0000] {dag.py:3834} INFO - Setting next_dagrun for example_short_circuit_operator to 2026-08-20 00:00:00+00:00, run_after=2026-08-21 00:00:00+00:00
[2026-08-21T23:07:31.727+0000] {processor.py:183} INFO - Processing /home/airflow/.local/lib/python3.8/site-packages/airflow/example_dags/example_short_circuit_operator.py took 0.106 seconds
[2026-08-21T23:08:02.175+0000] {processor.py:161} INFO - Started process (PID=2463) to work on /home/airflow/.local/lib/python3.8/site-packages/airflow/example_dags/example_short_circuit_operator.py
[2026-08-21T23:08:02.177+0000] {processor.py:830} INFO - Processing file /home/airflow/.local/lib/python3.8/site-packages/airflow/example_dags/example_short_circuit_operator.py for tasks to queue
[2026-08-21T23:08:02.179+0000] {logging_mixin.py:188} INFO - [2026-08-21T23:08:02.179+0000] {dagbag.py:540} INFO - Filling up the DagBag from /home/airflow/.local/lib/python3.8/site-packages/airflow/example_dags/example_short_circuit_operator.py
[2026-08-21T23:08:02.189+0000] {processor.py:840} INFO - DAG(s) 'example_short_circuit_operator' retrieved from /home/airflow/.local/lib/python3.8/site-packages/airflow/example_dags/example_short_circuit_operator.py
[2026-08-21T23:08:02.217+0000] {logging_mixin.py:188} INFO - [2026-08-21T23:08:02.217+0000] {dag.py:3047} INFO - Sync 1 DAGs
[2026-08-21T23:08:02.242+0000] {logging_mixin.py:188} INFO - [2026-08-21T23:08:02.241+0000] {dag.py:3834} INFO - Setting next_dagrun for example_short_circuit_operator to 2026-08-20 00:00:00+00:00, run_after=2026-08-21 00:00:00+00:00
[2026-08-21T23:08:02.268+0000] {processor.py:183} INFO - Processing /home/airflow/.local/lib/python3.8/site-packages/airflow/example_dags/example_short_circuit_operator.py took 0.098 seconds
