[2026-08-21T22:46:40.010+0000] {processor.py:161} INFO - Started process (PID=56) to work on /home/airflow/.local/lib/python3.8/site-packages/airflow/example_dags/example_task_group.py
[2026-08-21T22:46:40.012+0000] {processor.py:830} INFO - Processing file /home/airflow/.local/lib/python3.8/site-packages/airflow/example_dags/example_task_group.py for tasks to queue
[2026-08-21T22:46:40.014+0000] {logging_mixin.py:188} INFO - [2026-08-21T22:46:40.014+0000] {dagbag.py:540} INFO - Filling up the DagBag from /home/airflow/.local/lib/python3.8/site-packages/airflow/example_dags/example_task_group.py
[2026-08-21T22:46:40.032+0000] {processor.py:840} INFO - DAG(s) 'example_task_group' retrieved from /home/airflow/.local/lib/python3.8/site-packages/airflow/example_dags/example_task_group.py
[2026-08-21T22:46:40.054+0000] {logging_mixin.py:188} INFO - [2026-08-21T22:46:40.054+0000] {dag.py:3047} INFO - Sync 1 DAGs
[2026-08-21T22:46:40.097+0000] {logging_mixin.py:188} INFO - [2026-08-21T22:46:40.096+0000] {dag.py:3834} INFO - Setting next_dagrun for example_task_group to 2026-08-20 00:00:00+00:00, run_after=2026-08-21 00:00:00+00:00
[2026-08-21T22:46:40.124+0000] {processor.py:183} INFO - Processing /home/airflow/.local/lib/python3.8/site-packages/airflow/example_dags/example_task_group.py took 0.120 seconds
[2026-08-21T22:47:10.314+0000] {processor.py:161} INFO - Started process (PID=112) to work on /home/airflow/.local/lib/python3.8/site-packages/airflow/example_dags/example_task_group.py
[2026-08-21T22:47:10.318+0000] {processor.py:830} INFO - Processing file /home/airflow/.local/lib/python3.8/site-packages/airflow/example_dags/example_task_group.py for tasks to queue
[2026-08-21T22:47:10.326+0000] {logging_mixin.py:188} INFO - [2026-08-21T22:47:10.325+0000] {dagbag.py:540} INFO - Filling up the DagBag from /home/airflow/.local/lib/python3.8/site-packages/airflow/example_dags/example_task_group.py
[2026-08-21T22:47:10.351+0000] {processor.py:840} INFO - DAG(s) 'example_task_group' retrieved from /home/airflow/.local/lib/python3.8/site-packages/airflow/example_dags/example_task_group.py
[2026-08-21T22:47:10.667+0000] {logging_mixin.py:188} INFO - [2026-08-21T22:47:10.666+0000] {dag.py:3047} INFO - Sync 1 DAGs
[2026-08-21T22:47:10.713+0000] {logging_mixin.py:188} INFO - [2026-08-21T22:47:10.713+0000] {dag.py:3834} INFO - Setting next_dagrun for example_task_group to 2026-08-20 00:00:00+00:00, run_after=2026-08-21 00:00:00+00:00
[2026-08-21T22:47:10.754+0000] {processor.py:183} INFO - Processing /home/airflow/.local/lib/python3.8/site-packages/airflow/example_dags/example_task_group.py took 0.456 seconds
[2026-08-21T22:47:40.994+0000] {processor.py:161} INFO - Started process (PID=169) to work on /home/airflow/.local/lib/python3.8/site-packages/airflow/example_dags/example_task_group.py
[2026-08-21T22:47:40.996+0000] {processor.py:830} INFO - Processing file /home/airflow/.local/lib/python3.8/site-packages/airflow/example_dags/example_task_group.py for tasks to queue
[2026-08-21T22:47:41.000+0000] {logging_mixin.py:188} INFO - [2026-08-21T22:47:41.000+0000] {dagbag.py:540} INFO - Filling up the DagBag from /home/airflow/.local/lib/python3.8/site-packages/airflow/example_dags/example_task_group.py
[2026-08-21T22:47:41.027+0000] {processor.py:840} INFO - DAG(s) 'example_task_group' retrieved from /home/airflow/.local/lib/python3.8/site-packages/airflow/example_dags/example_task_group.py
[2026-08-21T22:47:41.079+0000] {logging_mixin.py:188} INFO - [2026-08-21T22:47:41.079+0000] {dag.py:3047} INFO - Sync 1 DAGs
[2026-08-21T22:47:41.123+0000] {logging_mixin.py:188} INFO - [2026-08-21T22:47:41.123+0000] {dag.py:3834} INFO - Setting next_dagrun for example_task_group to 2026-08-20 00:00:00+00:00, run_after=2026-08-21 00:00:00+00:00
[2026-08-21T22:47:41.157+0000] {processor.py:183} INFO - Processing /home/airflow/.local/lib/python3.8/site-packages/airflow/example_dags/example_task_group.py took 0.177 seconds
[2026-08-21T22:48:11.428+0000] {processor.py:161} INFO - Started process (PID=226) to work on /home/airflow/.local/lib/python3.8/site-packages/airflow/example_dags/example_task_group.py
[2026-08-21T22:48:11.430+0000] {processor.py:830} INFO - Processing file /home/airflow/.local/lib/python3.8/site-packages/airflow/example_dags/example_task_group.py for tasks to queue
[2026-08-21T22:48:11.434+0000] {logging_mixin.py:188} INFO - [2026-08-21T22:48:11.433+0000] {dagbag.py:540} INFO - Filling up the DagBag from /home/airflow/.local/lib/python3.8/site-packages/airflow/example_dags/example_task_group.py
[2026-08-21T22:48:11.443+0000] {processor.py:840} INFO - DAG(s) 'example_task_group' retrieved from /home/airflow/.local/lib/python3.8/site-packages/airflow/example_dags/example_task_group.py
[2026-08-21T22:48:11.474+0000] {logging_mixin.py:188} INFO - [2026-08-21T22:48:11.474+0000] {dag.py:3047} INFO - Sync 1 DAGs
[2026-08-21T22:48:11.501+0000] {logging_mixin.py:188} INFO - [2026-08-21T22:48:11.501+0000] {dag.py:3834} INFO - Setting next_dagrun for example_task_group to 2026-08-20 00:00:00+00:00, run_after=2026-08-21 00:00:00+00:00
[2026-08-21T22:48:11.525+0000] {processor.py:183} INFO - Processing /home/airflow/.local/lib/python3.8/site-packages/airflow/example_dags/example_task_group.py took 0.101 seconds
[2026-08-21T22:48:42.029+0000] {processor.py:161} INFO - Started process (PID=283) to work on /home/airflow/.local/lib/python3.8/site-packages/airflow/example_dags/example_task_group.py
[2026-08-21T22:48:42.031+0000] {processor.py:830} INFO - Processing file /home/airflow/.local/lib/python3.8/site-packages/airflow/example_dags/example_task_group.py for tasks to queue
[2026-08-21T22:48:42.035+0000] {logging_mixin.py:188} INFO - [2026-08-21T22:48:42.035+0000] {dagbag.py:540} INFO - Filling up the DagBag from /home/airflow/.local/lib/python3.8/site-packages/airflow/example_dags/example_task_group.py
[2026-08-21T22:48:42.048+0000] {processor.py:840} INFO - DAG(s) 'example_task_group' retrieved from /home/airflow/.local/lib/python3.8/site-packages/airflow/example_dags/example_task_group.py
[2026-08-21T22:48:42.078+0000] {logging_mixin.py:188} INFO - [2026-08-21T22:48:42.077+0000] {dag.py:3047} INFO - Sync 1 DAGs
[2026-08-21T22:48:42.105+0000] {logging_mixin.py:188} INFO - [2026-08-21T22:48:42.105+0000] {dag.py:3834} INFO - Setting next_dagrun for example_task_group to 2026-08-20 00:00:00+00:00, run_after=2026-08-21 00:00:00+00:00
[2026-08-21T22:48:42.128+0000] {processor.py:183} INFO - Processing /home/airflow/.local/lib/python3.8/site-packages/airflow/example_dags/example_task_group.py took 0.104 seconds
[2026-08-21T22:49:12.334+0000] {processor.py:161} INFO - Started process (PID=340) to work on /home/airflow/.local/lib/python3.8/site-packages/airflow/example_dags/example_task_group.py
[2026-08-21T22:49:12.336+0000] {processor.py:830} INFO - Processing file /home/airflow/.local/lib/python3.8/site-packages/airflow/example_dags/example_task_group.py for tasks to queue
[2026-08-21T22:49:12.340+0000] {logging_mixin.py:188} INFO - [2026-08-21T22:49:12.340+0000] {dagbag.py:540} INFO - Filling up the DagBag from /home/airflow/.local/lib/python3.8/site-packages/airflow/example_dags/example_task_group.py
[2026-08-21T22:49:12.352+0000] {processor.py:840} INFO - DAG(s) 'example_task_group' retrieved from /home/airflow/.local/lib/python3.8/site-packages/airflow/example_dags/example_task_group.py
[2026-08-21T22:49:12.392+0000] {logging_mixin.py:188} INFO - [2026-08-21T22:49:12.392+0000] {dag.py:3047} INFO - Sync 1 DAGs
[2026-08-21T22:49:12.435+0000] {logging_mixin.py:188} INFO - [2026-08-21T22:49:12.435+0000] {dag.py:3834} INFO - Setting next_dagrun for example_task_group to 2026-08-20 00:00:00+00:00, run_after=2026-08-21 00:00:00+00:00
[2026-08-21T22:49:12.470+0000] {processor.py:183} INFO - Processing /home/airflow/.local/lib/python3.8/site-packages/airflow/example_dags/example_task_group.py took 0.142 seconds
[2026-08-21T22:49:42.698+0000] {processor.py:161} INFO - Started process (PID=403) to work on /home/airflow/.local/lib/python3.8/site-packages/airflow/example_dags/example_task_group.py
[2026-08-21T22:49:42.700+0000] {processor.py:830} INFO - Processing file /home/airflow/.local/lib/python3.8/site-packages/airflow/example_dags/example_task_group.py for tasks to queue
[2026-08-21T22:49:42.708+0000] {logging_mixin.py:188} INFO - [2026-08-21T22:49:42.707+0000] {dagbag.py:540} INFO - Filling up the DagBag from /home/airflow/.local/lib/python3.8/site-packages/airflow/example_dags/example_task_group.py
[2026-08-21T22:49:42.716+0000] {processor.py:840} INFO - DAG(s) 'example_task_group' retrieved from /home/airflow/.local/lib/python3.8/site-packages/airflow/example_dags/example_task_group.py
[2026-08-21T22:49:42.740+0000] {logging_mixin.py:188} INFO - [2026-08-21T22:49:42.739+0000] {dag.py:3047} INFO - Sync 1 DAGs
[2026-08-21T22:49:42.765+0000] {logging_mixin.py:188} INFO - [2026-08-21T22:49:42.764+0000] {dag.py:3834} INFO - Setting next_dagrun for example_task_group to 2026-08-20 00:00:00+00:00, run_after=2026-08-21 00:00:00+00:00
[2026-08-21T22:49:42.787+0000] {processor.py:183} INFO - Processing /home/airflow/.local/lib/python3.8/site-packages/airflow/example_dags/example_task_group.py took 0.094 seconds
[2026-08-21T22:50:13.107+0000] {processor.py:161} INFO - Started process (PID=460) to work on /home/airflow/.local/lib/python3.8/site-packages/airflow/example_dags/example_task_group.py
[2026-08-21T22:50:13.108+0000] {processor.py:830} INFO - Processing file /home/airflow/.local/lib/python3.8/site-packages/airflow/example_dags/example_task_group.py for tasks to queue
[2026-08-21T22:50:13.114+0000] {logging_mixin.py:188} INFO - [2026-08-21T22:50:13.114+0000] {dagbag.py:540} INFO - Filling up the DagBag from /home/airflow/.local/lib/python3.8/site-packages/airflow/example_dags/example_task_group.py
[2026-08-21T22:50:13.124+0000] {processor.py:840} INFO - DAG(s) 'example_task_group' retrieved from /home/airflow/.local/lib/python3.8/site-packages/airflow/example_dags/example_task_group.py
[2026-08-21T22:50:13.150+0000] {logging_mixin.py:188} INFO - [2026-08-21T22:50:13.150+0000] {dag.py:3047} INFO - Sync 1 DAGs
[2026-08-21T22:50:13.175+0000] {logging_mixin.py:188} INFO - [2026-08-21T22:50:13.174+0000] {dag.py:3834} INFO - Setting next_dagrun for example_task_group to 2026-08-20 00:00:00+00:00, run_after=2026-08-21 00:00:00+00:00
[2026-08-21T22:50:13.197+0000] {processor.py:183} INFO - Processing /home/airflow/.local/lib/python3.8/site-packages/airflow/example_dags/example_task_group.py took 0.094 seconds
[2026-08-21T22:50:43.342+0000] {processor.py:161} INFO - Started process (PID=517) to work on /home/airflow/.local/lib/python3.8/site-packages/airflow/example_dags/example_task_group.py
[2026-08-21T22:50:43.344+0000] {processor.py:830} INFO - Processing file /home/airflow/.local/lib/python3.8/site-packages/airflow/example_dags/example_task_group.py for tasks to queue
[2026-08-21T22:50:43.347+0000] {logging_mixin.py:188} INFO - [2026-08-21T22:50:43.346+0000] {dagbag.py:540} INFO - Filling up the DagBag from /home/airflow/.local/lib/python3.8/site-packages/airflow/example_dags/example_task_group.py
[2026-08-21T22:50:43.357+0000] {processor.py:840} INFO - DAG(s) 'example_task_group' retrieved from /home/airflow/.local/lib/python3.8/site-packages/airflow/example_dags/example_task_group.py
[2026-08-21T22:50:43.383+0000] {logging_mixin.py:188} INFO - [2026-08-21T22:50:43.383+0000] {dag.py:3047} INFO - Sync 1 DAGs
[2026-08-21T22:50:43.408+0000] {logging_mixin.py:188} INFO - [2026-08-21T22:50:43.408+0000] {dag.py:3834} INFO - Setting next_dagrun for example_task_group to 2026-08-20 00:00:00+00:00, run_after=2026-08-21 00:00:00+00:00
[2026-08-21T22:50:43.431+0000] {processor.py:183} INFO - Processing /home/airflow/.local/lib/python3.8/site-packages/airflow/example_dags/example_task_group.py took 0.096 seconds
[2026-08-21T22:51:13.534+0000] {processor.py:161} INFO - Started process (PID=574) to work on /home/airflow/.local/lib/python3.8/site-packages/airflow/example_dags/example_task_group.py
[2026-08-21T22:51:13.536+0000] {processor.py:830} INFO - Processing file /home/airflow/.local/lib/python3.8/site-packages/airflow/example_dags/example_task_group.py for tasks to queue
[2026-08-21T22:51:13.539+0000] {logging_mixin.py:188} INFO - [2026-08-21T22:51:13.539+0000] {dagbag.py:540} INFO - Filling up the DagBag from /home/airflow/.local/lib/python3.8/site-packages/airflow/example_dags/example_task_group.py
[2026-08-21T22:51:13.553+0000] {processor.py:840} INFO - DAG(s) 'example_task_group' retrieved from /home/airflow/.local/lib/python3.8/site-packages/airflow/example_dags/example_task_group.py
[2026-08-21T22:51:13.582+0000] {logging_mixin.py:188} INFO - [2026-08-21T22:51:13.581+0000] {dag.py:3047} INFO - Sync 1 DAGs
[2026-08-21T22:51:13.612+0000] {logging_mixin.py:188} INFO - [2026-08-21T22:51:13.612+0000] {dag.py:3834} INFO - Setting next_dagrun for example_task_group to 2026-08-20 00:00:00+00:00, run_after=2026-08-21 00:00:00+00:00
[2026-08-21T22:51:13.638+0000] {processor.py:183} INFO - Processing /home/airflow/.local/lib/python3.8/site-packages/airflow/example_dags/example_task_group.py took 0.109 seconds
[2026-08-21T22:51:43.794+0000] {processor.py:161} INFO - Started process (PID=631) to work on /home/airflow/.local/lib/python3.8/site-packages/airflow/example_dags/example_task_group.py
[2026-08-21T22:51:43.797+0000] {processor.py:830} INFO - Processing file /home/airflow/.local/lib/python3.8/site-packages/airflow/example_dags/example_task_group.py for tasks to queue
[2026-08-21T22:51:43.801+0000] {logging_mixin.py:188} INFO - [2026-08-21T22:51:43.801+0000] {dagbag.py:540} INFO - Filling up the DagBag from /home/airflow/.local/lib/python3.8/site-packages/airflow/example_dags/example_task_group.py
[2026-08-21T22:51:43.811+0000] {processor.py:840} INFO - DAG(s) 'example_task_group' retrieved from /home/airflow/.local/lib/python3.8/site-packages/airflow/example_dags/example_task_group.py
[2026-08-21T22:51:43.838+0000] {logging_mixin.py:188} INFO - [2026-08-21T22:51:43.838+0000] {dag.py:3047} INFO - Sync 1 DAGs
[2026-08-21T22:51:43.862+0000] {logging_mixin.py:188} INFO - [2026-08-21T22:51:43.861+0000] {dag.py:3834} INFO - Setting next_dagrun for example_task_group to 2026-08-20 00:00:00+00:00, run_after=2026-08-21 00:00:00+00:00
[2026-08-21T22:51:43.883+0000] {processor.py:183} INFO - Processing /home/airflow/.local/lib/python3.8/site-packages/airflow/example_dags/example_task_group.py took 0.097 seconds
[2026-08-21T22:52:14.334+0000] {processor.py:161} INFO - Started process (PID=688) to work on /home/airflow/.local/lib/python3.8/site-packages/airflow/example_dags/example_task_group.py
[2026-08-21T22:52:14.336+0000] {processor.py:830} INFO - Processing file /home/airflow/.local/lib/python3.8/site-packages/airflow/example_dags/example_task_group.py for tasks to queue
[2026-08-21T22:52:14.339+0000] {logging_mixin.py:188} INFO - [2026-08-21T22:52:14.339+0000] {dagbag.py:540} INFO - Filling up the DagBag from /home/airflow/.local/lib/python3.8/site-packages/airflow/example_dags/example_task_group.py
[2026-08-21T22:52:14.351+0000] {processor.py:840} INFO - DAG(s) 'example_task_group' retrieved from /home/airflow/.local/lib/python3.8/site-packages/airflow/example_dags/example_task_group.py
[2026-08-21T22:52:14.378+0000] {logging_mixin.py:188} INFO - [2026-08-21T22:52:14.377+0000] {dag.py:3047} INFO - Sync 1 DAGs
[2026-08-21T22:52:14.405+0000] {logging_mixin.py:188} INFO - [2026-08-21T22:52:14.405+0000] {dag.py:3834} INFO - Setting next_dagrun for example_task_group to 2026-08-20 00:00:00+00:00, run_after=2026-08-21 00:00:00+00:00
[2026-08-21T22:52:14.426+0000] {processor.py:183} INFO - Processing /home/airflow/.local/lib/python3.8/site-packages/airflow/example_dags/example_task_group.py took 0.097 seconds
[2026-08-21T22:52:45.037+0000] {processor.py:161} INFO - Started process (PID=745) to work on /home/airflow/.local/lib/python3.8/site-packages/airflow/example_dags/example_task_group.py
[2026-08-21T22:52:45.040+0000] {processor.py:830} INFO - Processing file /home/airflow/.local/lib/python3.8/site-packages/airflow/example_dags/example_task_group.py for tasks to queue
[2026-08-21T22:52:45.054+0000] {logging_mixin.py:188} INFO - [2026-08-21T22:52:45.053+0000] {dagbag.py:540} INFO - Filling up the DagBag from /home/airflow/.local/lib/python3.8/site-packages/airflow/example_dags/example_task_group.py
[2026-08-21T22:52:45.076+0000] {processor.py:840} INFO - DAG(s) 'example_task_group' retrieved from /home/airflow/.local/lib/python3.8/site-packages/airflow/example_dags/example_task_group.py
[2026-08-21T22:52:45.129+0000] {logging_mixin.py:188} INFO - [2026-08-21T22:52:45.129+0000] {dag.py:3047} INFO - Sync 1 DAGs
[2026-08-21T22:52:45.172+0000] {logging_mixin.py:188} INFO - [2026-08-21T22:52:45.172+0000] {dag.py:3834} INFO - Setting next_dagrun for example_task_group to 2026-08-20 00:00:00+00:00, run_after=2026-08-21 00:00:00+00:00
[2026-08-21T22:52:45.206+0000] {processor.py:183} INFO - Processing /home/airflow/.local/lib/python3.8/site-packages/airflow/example_dags/example_task_group.py took 0.175 seconds
[2026-08-21T22:53:15.354+0000] {processor.py:161} INFO - Started process (PID=802) to work on /home/airflow/.local/lib/python3.8/site-packages/airflow/example_dags/example_task_group.py
[2026-08-21T22:53:15.357+0000] {processor.py:830} INFO - Processing file /home/airflow/.local/lib/python3.8/site-packages/airflow/example_dags/example_task_group.py for tasks to queue
[2026-08-21T22:53:15.361+0000] {logging_mixin.py:188} INFO - [2026-08-21T22:53:15.360+0000] {dagbag.py:540} INFO - Filling up the DagBag from /home/airflow/.local/lib/python3.8/site-packages/airflow/example_dags/example_task_group.py
[2026-08-21T22:53:15.375+0000] {processor.py:840} INFO - DAG(s) 'example_task_group' retrieved from /home/airflow/.local/lib/python3.8/site-packages/airflow/example_dags/example_task_group.py
[2026-08-21T22:53:15.419+0000] {logging_mixin.py:188} INFO - [2026-08-21T22:53:15.419+0000] {dag.py:3047} INFO - Sync 1 DAGs
[2026-08-21T22:53:15.462+0000] {logging_mixin.py:188} INFO - [2026-08-21T22:53:15.462+0000] {dag.py:3834} INFO - Setting next_dagrun for example_task_group to 2026-08-20 00:00:00+00:00, run_after=2026-08-21 00:00:00+00:00
[2026-08-21T22:53:15.486+0000] {processor.py:183} INFO - Processing /home/airflow/.local/lib/python3.8/site-packages/airflow/example_dags/example_task_group.py took 0.135 seconds
[2026-08-21T22:53:45.683+0000] {processor.py:161} INFO - Started process (PID=859) to work on /home/airflow/.local/lib/python3.8/site-packages/airflow/example_dags/example_task_group.py
[2026-08-21T22:53:45.685+0000] {processor.py:830} INFO - Processing file /home/airflow/.local/lib/python3.8/site-packages/airflow/example_dags/example_task_group.py for tasks to queue
[2026-08-21T22:53:45.689+0000] {logging_mixin.py:188} INFO - [2026-08-21T22:53:45.688+0000] {dagbag.py:540} INFO - Filling up the DagBag from /home/airflow/.local/lib/python3.8/site-packages/airflow/example_dags/example_task_group.py
[2026-08-21T22:53:45.702+0000] {processor.py:840} INFO - DAG(s) 'example_task_group' retrieved from /home/airflow/.local/lib/python3.8/site-packages/airflow/example_dags/example_task_group.py
[2026-08-21T22:53:45.737+0000] {logging_mixin.py:188} INFO - [2026-08-21T22:53:45.737+0000] {dag.py:3047} INFO - Sync 1 DAGs
[2026-08-21T22:53:45.767+0000] {logging_mixin.py:188} INFO - [2026-08-21T22:53:45.766+0000] {dag.py:3834} INFO - Setting next_dagrun for example_task_group to 2026-08-20 00:00:00+00:00, run_after=2026-08-21 00:00:00+00:00
[2026-08-21T22:53:45.792+0000] {processor.py:183} INFO - Processing /home/airflow/.local/lib/python3.8/site-packages/airflow/example_dags/example_task_group.py took 0.115 seconds
[2026-08-21T22:54:15.930+0000] {processor.py:161} INFO - Started process (PID=916) to work on /home/airflow/.local/lib/python3.8/site-packages/airflow/example_dags/example_task_group.py
[2026-08-21T22:54:15.932+0000] {processor.py:830} INFO - Processing file /home/airflow/.local/lib/python3.8/site-packages/airflow/example_dags/example_task_group.py for tasks to queue
[2026-08-21T22:54:15.936+0000] {logging_mixin.py:188} INFO - [2026-08-21T22:54:15.935+0000] {dagbag.py:540} INFO - Filling up the DagBag from /home/airflow/.local/lib/python3.8/site-packages/airflow/example_dags/example_task_group.py
[2026-08-21T22:54:15.945+0000] {processor.py:840} INFO - DAG(s) 'example_task_group' retrieved from /home/airflow/.local/lib/python3.8/site-packages/airflow/example_dags/example_task_group.py
[2026-08-21T22:54:15.972+0000] {logging_mixin.py:188} INFO - [2026-08-21T22:54:15.972+0000] {dag.py:3047} INFO - Sync 1 DAGs
[2026-08-21T22:54:16.001+0000] {logging_mixin.py:188} INFO - [2026-08-21T22:54:16.000+0000] {dag.py:3834} INFO - Setting next_dagrun for example_task_group to 2026-08-20 00:00:00+00:00, run_after=2026-08-21 00:00:00+00:00
[2026-08-21T22:54:16.026+0000] {processor.py:183} INFO - Processing /home/airflow/.local/lib/python3.8/site-packages/airflow/example_dags/example_task_group.py took 0.101 seconds
[2026-08-21T22:54:46.985+0000] {processor.py:161} INFO - Started process (PID=973) to work on /home/airflow/.local/lib/python3.8/site-packages/airflow/example_dags/example_task_group.py
[2026-08-21T22:54:46.987+0000] {processor.py:830} INFO - Processing file /home/airflow/.local/lib/python3.8/site-packages/airflow/example_dags/example_task_group.py for tasks to queue
[2026-08-21T22:54:46.991+0000] {logging_mixin.py:188} INFO - [2026-08-21T22:54:46.990+0000] {dagbag.py:540} INFO - Filling up the DagBag from /home/airflow/.local/lib/python3.8/site-packages/airflow/example_dags/example_task_group.py
[2026-08-21T22:54:47.001+0000] {processor.py:840} INFO - DAG(s) 'example_task_group' retrieved from /home/airflow/.local/lib/python3.8/site-packages/airflow/example_dags/example_task_group.py
[2026-08-21T22:54:47.034+0000] {logging_mixin.py:188} INFO - [2026-08-21T22:54:47.033+0000] {dag.py:3047} INFO - Sync 1 DAGs
[2026-08-21T22:54:47.065+0000] {logging_mixin.py:188} INFO - [2026-08-21T22:54:47.064+0000] {dag.py:3834} INFO - Setting next_dagrun for example_task_group to 2026-08-20 00:00:00+00:00, run_after=2026-08-21 00:00:00+00:00
[2026-08-21T22:54:47.091+0000] {processor.py:183} INFO - Processing /home/airflow/.local/lib/python3.8/site-packages/airflow/example_dags/example_task_group.py took 0.112 seconds
[2026-08-21T22:55:17.416+0000] {processor.py:161} INFO - Started process (PID=1030) to work on /home/airflow/.local/lib/python3.8/site-packages/airflow/example_dags/example_task_group.py
[2026-08-21T22:55:17.418+0000] {processor.py:830} INFO - Processing file /home/airflow/.local/lib/python3.8/site-packages/airflow/example_dags/example_task_group.py for tasks to queue
[2026-08-21T22:55:17.421+0000] {logging_mixin.py:188} INFO - [2026-08-21T22:55:17.421+0000] {dagbag.py:540} INFO - Filling up the DagBag from /home/airflow/.local/lib/python3.8/site-packages/airflow/example_dags/example_task_group.py
[2026-08-21T22:55:17.432+0000] {processor.py:840} INFO - DAG(s) 'example_task_group' retrieved from /home/airflow/.local/lib/python3.8/site-packages/airflow/example_dags/example_task_group.py
[2026-08-21T22:55:17.467+0000] {logging_mixin.py:188} INFO - [2026-08-21T22:55:17.466+0000] {dag.py:3047} INFO - Sync 1 DAGs
[2026-08-21T22:55:17.495+0000] {logging_mixin.py:188} INFO - [2026-08-21T22:55:17.495+0000] {dag.py:3834} INFO - Setting next_dagrun for example_task_group to 2026-08-20 00:00:00+00:00, run_after=2026-08-21 00:00:00+00:00
[2026-08-21T22:55:17.523+0000] {processor.py:183} INFO - Processing /home/airflow/.local/lib/python3.8/site-packages/airflow/example_dags/example_task_group.py took 0.114 seconds
[2026-08-21T22:55:47.738+0000] {processor.py:161} INFO - Started process (PID=1087) to work on /home/airflow/.local/lib/python3.8/site-packages/airflow/example_dags/example_task_group.py
[2026-08-21T22:55:47.740+0000] {processor.py:830} INFO - Processing file /home/airflow/.local/lib/python3.8/site-packages/airflow/example_dags/example_task_group.py for tasks to queue
[2026-08-21T22:55:47.743+0000] {logging_mixin.py:188} INFO - [2026-08-21T22:55:47.743+0000] {dagbag.py:540} INFO - Filling up the DagBag from /home/airflow/.local/lib/python3.8/site-packages/airflow/example_dags/example_task_group.py
[2026-08-21T22:55:47.754+0000] {processor.py:840} INFO - DAG(s) 'example_task_group' retrieved from /home/airflow/.local/lib/python3.8/site-packages/airflow/example_dags/example_task_group.py
[2026-08-21T22:55:47.785+0000] {logging_mixin.py:188} INFO - [2026-08-21T22:55:47.785+0000] {dag.py:3047} INFO - Sync 1 DAGs
[2026-08-21T22:55:47.809+0000] {logging_mixin.py:188} INFO - [2026-08-21T22:55:47.809+0000] {dag.py:3834} INFO - Setting next_dagrun for example_task_group to 2026-08-20 00:00:00+00:00, run_after=2026-08-21 00:00:00+00:00
[2026-08-21T22:55:47.834+0000] {processor.py:183} INFO - Processing /home/airflow/.local/lib/python3.8/site-packages/airflow/example_dags/example_task_group.py took 0.101 seconds
[2026-08-21T22:56:18.565+0000] {processor.py:161} INFO - Started process (PID=1144) to work on /home/airflow/.local/lib/python3.8/site-packages/airflow/example_dags/example_task_group.py
[2026-08-21T22:56:18.567+0000] {processor.py:830} INFO - Processing file /home/airflow/.local/lib/python3.8/site-packages/airflow/example_dags/example_task_group.py for tasks to queue
[2026-08-21T22:56:18.570+0000] {logging_mixin.py:188} INFO - [2026-08-21T22:56:18.570+0000] {dagbag.py:540} INFO - Filling up the DagBag from /home/airflow/.local/lib/python3.8/site-packages/airflow/example_dags/example_task_group.py
[2026-08-21T22:56:18.585+0000] {processor.py:840} INFO - DAG(s) 'example_task_group' retrieved from /home/airflow/.local/lib/python3.8/site-packages/airflow/example_dags/example_task_group.py
[2026-08-21T22:56:18.618+0000] {logging_mixin.py:188} INFO - [2026-08-21T22:56:18.618+0000] {dag.py:3047} INFO - Sync 1 DAGs
[2026-08-21T22:56:18.647+0000] {logging_mixin.py:188} INFO - [2026-08-21T22:56:18.646+0000] {dag.py:3834} INFO - Setting next_dagrun for example_task_group to 2026-08-20 00:00:00+00:00, run_after=2026-08-21 00:00:00+00:00
[2026-08-21T22:56:18.671+0000] {processor.py:183} INFO - Processing /home/airflow/.local/lib/python3.8/site-packages/airflow/example_dags/example_task_group.py took 0.109 seconds
[2026-08-21T22:56:49.226+0000] {processor.py:161} INFO - Started process (PID=1201) to work on /home/airflow/.local/lib/python3.8/site-packages/airflow/example_dags/example_task_group.py
[2026-08-21T22:56:49.228+0000] {processor.py:830} INFO - Processing file /home/airflow/.local/lib/python3.8/site-packages/airflow/example_dags/example_task_group.py for tasks to queue
[2026-08-21T22:56:49.231+0000] {logging_mixin.py:188} INFO - [2026-08-21T22:56:49.231+0000] {dagbag.py:540} INFO - Filling up the DagBag from /home/airflow/.local/lib/python3.8/site-packages/airflow/example_dags/example_task_group.py
[2026-08-21T22:56:49.245+0000] {processor.py:840} INFO - DAG(s) 'example_task_group' retrieved from /home/airflow/.local/lib/python3.8/site-packages/airflow/example_dags/example_task_group.py
[2026-08-21T22:56:49.275+0000] {logging_mixin.py:188} INFO - [2026-08-21T22:56:49.275+0000] {dag.py:3047} INFO - Sync 1 DAGs
[2026-08-21T22:56:49.304+0000] {logging_mixin.py:188} INFO - [2026-08-21T22:56:49.303+0000] {dag.py:3834} INFO - Setting next_dagrun for example_task_group to 2026-08-20 00:00:00+00:00, run_after=2026-08-21 00:00:00+00:00
[2026-08-21T22:56:49.329+0000] {processor.py:183} INFO - Processing /home/airflow/.local/lib/python3.8/site-packages/airflow/example_dags/example_task_group.py took 0.109 seconds
[2026-08-21T22:57:19.930+0000] {processor.py:161} INFO - Started process (PID=1258) to work on /home/airflow/.local/lib/python3.8/site-packages/airflow/example_dags/example_task_group.py
[2026-08-21T22:57:19.932+0000] {processor.py:830} INFO - Processing file /home/airflow/.local/lib/python3.8/site-packages/airflow/example_dags/example_task_group.py for tasks to queue
[2026-08-21T22:57:19.934+0000] {logging_mixin.py:188} INFO - [2026-08-21T22:57:19.934+0000] {dagbag.py:540} INFO - Filling up the DagBag from /home/airflow/.local/lib/python3.8/site-packages/airflow/example_dags/example_task_group.py
[2026-08-21T22:57:19.947+0000] {processor.py:840} INFO - DAG(s) 'example_task_group' retrieved from /home/airflow/.local/lib/python3.8/site-packages/airflow/example_dags/example_task_group.py
[2026-08-21T22:57:19.977+0000] {logging_mixin.py:188} INFO - [2026-08-21T22:57:19.977+0000] {dag.py:3047} INFO - Sync 1 DAGs
[2026-08-21T22:57:20.006+0000] {logging_mixin.py:188} INFO - [2026-08-21T22:57:20.005+0000] {dag.py:3834} INFO - Setting next_dagrun for example_task_group to 2026-08-20 00:00:00+00:00, run_after=2026-08-21 00:00:00+00:00
[2026-08-21T22:57:20.032+0000] {processor.py:183} INFO - Processing /home/airflow/.local/lib/python3.8/site-packages/airflow/example_dags/example_task_group.py took 0.107 seconds
[2026-08-21T22:57:50.495+0000] {processor.py:161} INFO - Started process (PID=1315) to work on /home/airflow/.local/lib/python3.8/site-packages/airflow/example_dags/example_task_group.py
[2026-08-21T22:57:50.497+0000] {processor.py:830} INFO - Processing file /home/airflow/.local/lib/python3.8/site-packages/airflow/example_dags/example_task_group.py for tasks to queue
[2026-08-21T22:57:50.500+0000] {logging_mixin.py:188} INFO - [2026-08-21T22:57:50.500+0000] {dagbag.py:540} INFO - Filling up the DagBag from /home/airflow/.local/lib/python3.8/site-packages/airflow/example_dags/example_task_group.py
[2026-08-21T22:57:50.510+0000] {processor.py:840} INFO - DAG(s) 'example_task_group' retrieved from /home/airflow/.local/lib/python3.8/site-packages/airflow/example_dags/example_task_group.py
[2026-08-21T22:57:50.541+0000] {logging_mixin.py:188} INFO - [2026-08-21T22:57:50.541+0000] {dag.py:3047} INFO - Sync 1 DAGs
[2026-08-21T22:57:50.570+0000] {logging_mixin.py:188} INFO - [2026-08-21T22:57:50.570+0000] {dag.py:3834} INFO - Setting next_dagrun for example_task_group to 2026-08-20 00:00:00+00:00, run_after=2026-08-21 00:00:00+00:00
[2026-08-21T22:57:50.596+0000] {processor.py:183} INFO - Processing /home/airflow/.local/lib/python3.8/site-packages/airflow/example_dags/example_task_group.py took 0.105 seconds
[2026-08-21T22:58:20.768+0000] {processor.py:161} INFO - Started process (PID=1372) to work on /home/airflow/.local/lib/python3.8/site-packages/airflow/example_dags/example_task_group.py
[2026-08-21T22:58:20.771+0000] {processor.py:830} INFO - Processing file /home/airflow/.local/lib/python3.8/site-packages/airflow/example_dags/example_task_group.py for tasks to queue
[2026-08-21T22:58:20.773+0000] {logging_mixin.py:188} INFO - [2026-08-21T22:58:20.773+0000] {dagbag.py:540} INFO - Filling up the DagBag from /home/airflow/.local/lib/python3.8/site-packages/airflow/example_dags/example_task_group.py
[2026-08-21T22:58:20.785+0000] {processor.py:840} INFO - DAG(s) 'example_task_group' retrieved from /home/airflow/.local/lib/python3.8/site-packages/airflow/example_dags/example_task_group.py
[2026-08-21T22:58:20.811+0000] {logging_mixin.py:188} INFO - [2026-08-21T22:58:20.811+0000] {dag.py:3047} INFO - Sync 1 DAGs
[2026-08-21T22:58:20.839+0000] {logging_mixin.py:188} INFO - [2026-08-21T22:58:20.839+0000] {dag.py:3834} INFO - Setting next_dagrun for example_task_group to 2026-08-20 00:00:00+00:00, run_after=2026-08-21 00:00:00+00:00
[2026-08-21T22:58:20.861+0000] {processor.py:183} INFO - Processing /home/airflow/.local/lib/python3.8/site-packages/airflow/example_dags/example_task_group.py took 0.099 seconds
[2026-08-21T22:58:51.052+0000] {processor.py:161} INFO - Started process (PID=1429) to work on /home/airflow/.local/lib/python3.8/site-packages/airflow/example_dags/example_task_group.py
[2026-08-21T22:58:51.054+0000] {processor.py:830} INFO - Processing file /home/airflow/.local/lib/python3.8/site-packages/airflow/example_dags/example_task_group.py for tasks to queue
[2026-08-21T22:58:51.057+0000] {logging_mixin.py:188} INFO - [2026-08-21T22:58:51.057+0000] {dagbag.py:540} INFO - Filling up the DagBag from /home/airflow/.local/lib/python3.8/site-packages/airflow/example_dags/example_task_group.py
[2026-08-21T22:58:51.068+0000] {processor.py:840} INFO - DAG(s) 'example_task_group' retrieved from /home/airflow/.local/lib/python3.8/site-packages/airflow/example_dags/example_task_group.py
[2026-08-21T22:58:51.097+0000] {logging_mixin.py:188} INFO - [2026-08-21T22:58:51.096+0000] {dag.py:3047} INFO - Sync 1 DAGs
[2026-08-21T22:58:51.127+0000] {logging_mixin.py:188} INFO - [2026-08-21T22:58:51.126+0000] {dag.py:3834} INFO - Setting next_dagrun for example_task_group to 2026-08-20 00:00:00+00:00, run_after=2026-08-21 00:00:00+00:00
[2026-08-21T22:58:51.152+0000] {processor.py:183} INFO - Processing /home/airflow/.local/lib/python3.8/site-packages/airflow/example_dags/example_task_group.py took 0.105 seconds
[2026-08-21T22:59:21.830+0000] {processor.py:161} INFO - Started process (PID=1486) to work on /home/airflow/.local/lib/python3.8/site-packages/airflow/example_dags/example_task_group.py
[2026-08-21T22:59:21.832+0000] {processor.py:830} INFO - Processing file /home/airflow/.local/lib/python3.8/site-packages/airflow/example_dags/example_task_group.py for tasks to queue
[2026-08-21T22:59:21.836+0000] {logging_mixin.py:188} INFO - [2026-08-21T22:59:21.835+0000] {dagbag.py:540} INFO - Filling up the DagBag from /home/airflow/.local/lib/python3.8/site-packages/airflow/example_dags/example_task_group.py
[2026-08-21T22:59:21.850+0000] {processor.py:840} INFO - DAG(s) 'example_task_group' retrieved from /home/airflow/.local/lib/python3.8/site-packages/airflow/example_dags/example_task_group.py
[2026-08-21T22:59:21.882+0000] {logging_mixin.py:188} INFO - [2026-08-21T22:59:21.882+0000] {dag.py:3047} INFO - Sync 1 DAGs
[2026-08-21T22:59:21.914+0000] {logging_mixin.py:188} INFO - [2026-08-21T22:59:21.913+0000] {dag.py:3834} INFO - Setting next_dagrun for example_task_group to 2026-08-20 00:00:00+00:00, run_after=2026-08-21 00:00:00+00:00
[2026-08-21T22:59:21.941+0000] {processor.py:183} INFO - Processing /home/airflow/.local/lib/python3.8/site-packages/airflow/example_dags/example_task_group.py took 0.118 seconds
[2026-08-21T22:59:52.282+0000] {processor.py:161} INFO - Started process (PID=1543) to work on /home/airflow/.local/lib/python3.8/site-packages/airflow/example_dags/example_task_group.py
[2026-08-21T22:59:52.284+0000] {processor.py:830} INFO - Processing file /home/airflow/.local/lib/python3.8/site-packages/airflow/example_dags/example_task_group.py for tasks to queue
[2026-08-21T22:59:52.286+0000] {logging_mixin.py:188} INFO - [2026-08-21T22:59:52.286+0000] {dagbag.py:540} INFO - Filling up the DagBag from /home/airflow/.local/lib/python3.8/site-packages/airflow/example_dags/example_task_group.py
[2026-08-21T22:59:52.297+0000] {processor.py:840} INFO - DAG(s) 'example_task_group' retrieved from /home/airflow/.local/lib/python3.8/site-packages/airflow/example_dags/example_task_group.py
[2026-08-21T22:59:52.323+0000] {logging_mixin.py:188} INFO - [2026-08-21T22:59:52.323+0000] {dag.py:3047} INFO - Sync 1 DAGs
[2026-08-21T22:59:52.355+0000] {logging_mixin.py:188} INFO - [2026-08-21T22:59:52.355+0000] {dag.py:3834} INFO - Setting next_dagrun for example_task_group to 2026-08-20 00:00:00+00:00, run_after=2026-08-21 00:00:00+00:00
[2026-08-21T22:59:52.382+0000] {processor.py:183} INFO - Processing /home/airflow/.local/lib/python3.8/site-packages/airflow/example_dags/example_task_group.py took 0.104 seconds
[2026-08-21T23:00:23.414+0000] {processor.py:161} INFO - Started process (PID=1600) to work on /home/airflow/.local/lib/python3.8/site-packages/airflow/example_dags/example_task_group.py
[2026-08-21T23:00:23.416+0000] {processor.py:830} INFO - Processing file /home/airflow/.local/lib/python3.8/site-packages/airflow/example_dags/example_task_group.py for tasks to queue
[2026-08-21T23:00:23.419+0000] {logging_mixin.py:188} INFO - [2026-08-21T23:00:23.418+0000] {dagbag.py:540} INFO - Filling up the DagBag from /home/airflow/.local/lib/python3.8/site-packages/airflow/example_dags/example_task_group.py
[2026-08-21T23:00:23.431+0000] {processor.py:840} INFO - DAG(s) 'example_task_group' retrieved from /home/airflow/.local/lib/python3.8/site-packages/airflow/example_dags/example_task_group.py
[2026-08-21T23:00:23.461+0000] {logging_mixin.py:188} INFO - [2026-08-21T23:00:23.461+0000] {dag.py:3047} INFO - Sync 1 DAGs
[2026-08-21T23:00:23.487+0000] {logging_mixin.py:188} INFO - [2026-08-21T23:00:23.487+0000] {dag.py:3834} INFO - Setting next_dagrun for example_task_group to 2026-08-20 00:00:00+00:00, run_after=2026-08-21 00:00:00+00:00
[2026-08-21T23:00:23.516+0000] {processor.py:183} INFO - Processing /home/airflow/.local/lib/python3.8/site-packages/airflow/example_dags/example_task_group.py took 0.110 seconds
[2026-08-21T23:00:53.623+0000] {processor.py:161} INFO - Started process (PID=1657) to work on /home/airflow/.local/lib/python3.8/site-packages/airflow/example_dags/example_task_group.py
[2026-08-21T23:00:53.625+0000] {processor.py:830} INFO - Processing file /home/airflow/.local/lib/python3.8/site-packages/airflow/example_dags/example_task_group.py for tasks to queue
[2026-08-21T23:00:53.630+0000] {logging_mixin.py:188} INFO - [2026-08-21T23:00:53.629+0000] {dagbag.py:540} INFO - Filling up the DagBag from /home/airflow/.local/lib/python3.8/site-packages/airflow/example_dags/example_task_group.py
[2026-08-21T23:00:53.642+0000] {processor.py:840} INFO - DAG(s) 'example_task_group' retrieved from /home/airflow/.local/lib/python3.8/site-packages/airflow/example_dags/example_task_group.py
[2026-08-21T23:00:53.671+0000] {logging_mixin.py:188} INFO - [2026-08-21T23:00:53.670+0000] {dag.py:3047} INFO - Sync 1 DAGs
[2026-08-21T23:00:53.696+0000] {logging_mixin.py:188} INFO - [2026-08-21T23:00:53.696+0000] {dag.py:3834} INFO - Setting next_dagrun for example_task_group to 2026-08-20 00:00:00+00:00, run_after=2026-08-21 00:00:00+00:00
[2026-08-21T23:00:53.723+0000] {processor.py:183} INFO - Processing /home/airflow/.local/lib/python3.8/site-packages/airflow/example_dags/example_task_group.py took 0.105 seconds
[2026-08-21T23:01:24.464+0000] {processor.py:161} INFO - Started process (PID=1714) to work on /home/airflow/.local/lib/python3.8/site-packages/airflow/example_dags/example_task_group.py
[2026-08-21T23:01:24.466+0000] {processor.py:830} INFO - Processing file /home/airflow/.local/lib/python3.8/site-packages/airflow/example_dags/example_task_group.py for tasks to queue
[2026-08-21T23:01:24.469+0000] {logging_mixin.py:188} INFO - [2026-08-21T23:01:24.468+0000] {dagbag.py:540} INFO - Filling up the DagBag from /home/airflow/.local/lib/python3.8/site-packages/airflow/example_dags/example_task_group.py
[2026-08-21T23:01:24.479+0000] {processor.py:840} INFO - DAG(s) 'example_task_group' retrieved from /home/airflow/.local/lib/python3.8/site-packages/airflow/example_dags/example_task_group.py
[2026-08-21T23:01:24.507+0000] {logging_mixin.py:188} INFO - [2026-08-21T23:01:24.507+0000] {dag.py:3047} INFO - Sync 1 DAGs
[2026-08-21T23:01:24.532+0000] {logging_mixin.py:188} INFO - [2026-08-21T23:01:24.532+0000] {dag.py:3834} INFO - Setting next_dagrun for example_task_group to 2026-08-20 00:00:00+00:00, run_after=2026-08-21 00:00:00+00:00
[2026-08-21T23:01:24.555+0000] {processor.py:183} INFO - Processing /home/airflow/.local/lib/python3.8/site-packages/airflow/example_dags/example_task_group.py took 0.095 seconds
[2026-08-21T23:01:54.946+0000] {processor.py:161} INFO - Started process (PID=1771) to work on /home/airflow/.local/lib/python3.8/site-packages/airflow/example_dags/example_task_group.py
[2026-08-21T23:01:54.947+0000] {processor.py:830} INFO - Processing file /home/airflow/.local/lib/python3.8/site-packages/airflow/example_dags/example_task_group.py for tasks to queue
[2026-08-21T23:01:54.950+0000] {logging_mixin.py:188} INFO - [2026-08-21T23:01:54.949+0000] {dagbag.py:540} INFO - Filling up the DagBag from /home/airflow/.local/lib/python3.8/site-packages/airflow/example_dags/example_task_group.py
[2026-08-21T23:01:54.961+0000] {processor.py:840} INFO - DAG(s) 'example_task_group' retrieved from /home/airflow/.local/lib/python3.8/site-packages/airflow/example_dags/example_task_group.py
[2026-08-21T23:01:54.996+0000] {logging_mixin.py:188} INFO - [2026-08-21T23:01:54.996+0000] {dag.py:3047} INFO - Sync 1 DAGs
[2026-08-21T23:01:55.027+0000] {logging_mixin.py:188} INFO - [2026-08-21T23:01:55.027+0000] {dag.py:3834} INFO - Setting next_dagrun for example_task_group to 2026-08-20 00:00:00+00:00, run_after=2026-08-21 00:00:00+00:00
[2026-08-21T23:01:55.050+0000] {processor.py:183} INFO - Processing /home/airflow/.local/lib/python3.8/site-packages/airflow/example_dags/example_task_group.py took 0.108 seconds
[2026-08-21T23:02:25.130+0000] {processor.py:161} INFO - Started process (PID=1828) to work on /home/airflow/.local/lib/python3.8/site-packages/airflow/example_dags/example_task_group.py
[2026-08-21T23:02:25.132+0000] {processor.py:830} INFO - Processing file /home/airflow/.local/lib/python3.8/site-packages/airflow/example_dags/example_task_group.py for tasks to queue
[2026-08-21T23:02:25.136+0000] {logging_mixin.py:188} INFO - [2026-08-21T23:02:25.135+0000] {dagbag.py:540} INFO - Filling up the DagBag from /home/airflow/.local/lib/python3.8/site-packages/airflow/example_dags/example_task_group.py
[2026-08-21T23:02:25.148+0000] {processor.py:840} INFO - DAG(s) 'example_task_group' retrieved from /home/airflow/.local/lib/python3.8/site-packages/airflow/example_dags/example_task_group.py
[2026-08-21T23:02:25.177+0000] {logging_mixin.py:188} INFO - [2026-08-21T23:02:25.177+0000] {dag.py:3047} INFO - Sync 1 DAGs
[2026-08-21T23:02:25.206+0000] {logging_mixin.py:188} INFO - [2026-08-21T23:02:25.206+0000] {dag.py:3834} INFO - Setting next_dagrun for example_task_group to 2026-08-20 00:00:00+00:00, run_after=2026-08-21 00:00:00+00:00
[2026-08-21T23:02:25.230+0000] {processor.py:183} INFO - Processing /home/airflow/.local/lib/python3.8/site-packages/airflow/example_dags/example_task_group.py took 0.105 seconds
[2026-08-21T23:02:55.520+0000] {processor.py:161} INFO - Started process (PID=1885) to work on /home/airflow/.local/lib/python3.8/site-packages/airflow/example_dags/example_task_group.py
[2026-08-21T23:02:55.522+0000] {processor.py:830} INFO - Processing file /home/airflow/.local/lib/python3.8/site-packages/airflow/example_dags/example_task_group.py for tasks to queue
[2026-08-21T23:02:55.525+0000] {logging_mixin.py:188} INFO - [2026-08-21T23:02:55.525+0000] {dagbag.py:540} INFO - Filling up the DagBag from /home/airflow/.local/lib/python3.8/site-packages/airflow/example_dags/example_task_group.py
[2026-08-21T23:02:55.536+0000] {processor.py:840} INFO - DAG(s) 'example_task_group' retrieved from /home/airflow/.local/lib/python3.8/site-packages/airflow/example_dags/example_task_group.py
[2026-08-21T23:02:55.565+0000] {logging_mixin.py:188} INFO - [2026-08-21T23:02:55.565+0000] {dag.py:3047} INFO - Sync 1 DAGs
[2026-08-21T23:02:55.595+0000] {logging_mixin.py:188} INFO - [2026-08-21T23:02:55.595+0000] {dag.py:3834} INFO - Setting next_dagrun for example_task_group to 2026-08-20 00:00:00+00:00, run_after=2026-08-21 00:00:00+00:00
[2026-08-21T23:02:55.619+0000] {processor.py:183} INFO - Processing /home/airflow/.local/lib/python3.8/site-packages/airflow/example_dags/example_task_group.py took 0.104 seconds
[2026-08-21T23:03:26.120+0000] {processor.py:161} INFO - Started process (PID=1942) to work on /home/airflow/.local/lib/python3.8/site-packages/airflow/example_dags/example_task_group.py
[2026-08-21T23:03:26.121+0000] {processor.py:830} INFO - Processing file /home/airflow/.local/lib/python3.8/site-packages/airflow/example_dags/example_task_group.py for tasks to queue
[2026-08-21T23:03:26.124+0000] {logging_mixin.py:188} INFO - [2026-08-21T23:03:26.123+0000] {dagbag.py:540} INFO - Filling up the DagBag from /home/airflow/.local/lib/python3.8/site-packages/airflow/example_dags/example_task_group.py
[2026-08-21T23:03:26.132+0000] {processor.py:840} INFO - DAG(s) 'example_task_group' retrieved from /home/airflow/.local/lib/python3.8/site-packages/airflow/example_dags/example_task_group.py
[2026-08-21T23:03:26.156+0000] {logging_mixin.py:188} INFO - [2026-08-21T23:03:26.155+0000] {dag.py:3047} INFO - Sync 1 DAGs
[2026-08-21T23:03:26.184+0000] {logging_mixin.py:188} INFO - [2026-08-21T23:03:26.184+0000] {dag.py:3834} INFO - Setting next_dagrun for example_task_group to 2026-08-20 00:00:00+00:00, run_after=2026-08-21 00:00:00+00:00
[2026-08-21T23:03:26.206+0000] {processor.py:183} INFO - Processing /home/airflow/.local/lib/python3.8/site-packages/airflow/example_dags/example_task_group.py took 0.090 seconds
[2026-08-21T23:03:56.748+0000] {processor.py:161} INFO - Started process (PID=1999) to work on /home/airflow/.local/lib/python3.8/site-packages/airflow/example_dags/example_task_group.py
[2026-08-21T23:03:56.751+0000] {processor.py:830} INFO - Processing file /home/airflow/.local/lib/python3.8/site-packages/airflow/example_dags/example_task_group.py for tasks to queue
[2026-08-21T23:03:56.754+0000] {logging_mixin.py:188} INFO - [2026-08-21T23:03:56.753+0000] {dagbag.py:540} INFO - Filling up the DagBag from /home/airflow/.local/lib/python3.8/site-packages/airflow/example_dags/example_task_group.py
[2026-08-21T23:03:56.763+0000] {processor.py:840} INFO - DAG(s) 'example_task_group' retrieved from /home/airflow/.local/lib/python3.8/site-packages/airflow/example_dags/example_task_group.py
[2026-08-21T23:03:56.789+0000] {logging_mixin.py:188} INFO - [2026-08-21T23:03:56.789+0000] {dag.py:3047} INFO - Sync 1 DAGs
[2026-08-21T23:03:56.817+0000] {logging_mixin.py:188} INFO - [2026-08-21T23:03:56.816+0000] {dag.py:3834} INFO - Setting next_dagrun for example_task_group to 2026-08-20 00:00:00+00:00, run_after=2026-08-21 00:00:00+00:00
[2026-08-21T23:03:56.840+0000] {processor.py:183} INFO - Processing /home/airflow/.local/lib/python3.8/site-packages/airflow/example_dags/example_task_group.py took 0.097 seconds
[2026-08-21T23:04:27.262+0000] {processor.py:161} INFO - Started process (PID=2056) to work on /home/airflow/.local/lib/python3.8/site-packages/airflow/example_dags/example_task_group.py
[2026-08-21T23:04:27.264+0000] {processor.py:830} INFO - Processing file /home/airflow/.local/lib/python3.8/site-packages/airflow/example_dags/example_task_group.py for tasks to queue
[2026-08-21T23:04:27.268+0000] {logging_mixin.py:188} INFO - [2026-08-21T23:04:27.267+0000] {dagbag.py:540} INFO - Filling up the DagBag from /home/airflow/.local/lib/python3.8/site-packages/airflow/example_dags/example_task_group.py
[2026-08-21T23:04:27.280+0000] {processor.py:840} INFO - DAG(s) 'example_task_group' retrieved from /home/airflow/.local/lib/python3.8/site-packages/airflow/example_dags/example_task_group.py
[2026-08-21T23:04:27.312+0000] {logging_mixin.py:188} INFO - [2026-08-21T23:04:27.312+0000] {dag.py:3047} INFO - Sync 1 DAGs
[2026-08-21T23:04:27.343+0000] {logging_mixin.py:188} INFO - [2026-08-21T23:04:27.342+0000] {dag.py:3834} INFO - Setting next_dagrun for example_task_group to 2026-08-20 00:00:00+00:00, run_after=2026-08-21 00:00:00+00:00
[2026-08-21T23:04:27.367+0000] {processor.py:183} INFO - Processing /home/airflow/.local/lib/python3.8/site-packages/airflow/example_dags/example_task_group.py took 0.110 seconds
[2026-08-21T23:04:57.847+0000] {processor.py:161} INFO - Started process (PID=2113) to work on /home/airflow/.local/lib/python3.8/site-packages/airflow/example_dags/example_task_group.py
[2026-08-21T23:04:57.849+0000] {processor.py:830} INFO - Processing file /home/airflow/.local/lib/python3.8/site-packages/airflow/example_dags/example_task_group.py for tasks to queue
[2026-08-21T23:04:57.852+0000] {logging_mixin.py:188} INFO - [2026-08-21T23:04:57.852+0000] {dagbag.py:540} INFO - Filling up the DagBag from /home/airflow/.local/lib/python3.8/site-packages/airflow/example_dags/example_task_group.py
[2026-08-21T23:04:57.862+0000] {processor.py:840} INFO - DAG(s) 'example_task_group' retrieved from /home/airflow/.local/lib/python3.8/site-packages/airflow/example_dags/example_task_group.py
[2026-08-21T23:04:57.892+0000] {logging_mixin.py:188} INFO - [2026-08-21T23:04:57.892+0000] {dag.py:3047} INFO - Sync 1 DAGs
[2026-08-21T23:04:57.917+0000] {logging_mixin.py:188} INFO - [2026-08-21T23:04:57.917+0000] {dag.py:3834} INFO - Setting next_dagrun for example_task_group to 2026-08-20 00:00:00+00:00, run_after=2026-08-21 00:00:00+00:00
[2026-08-21T23:04:57.944+0000] {processor.py:183} INFO - Processing /home/airflow/.local/lib/python3.8/site-packages/airflow/example_dags/example_task_group.py took 0.102 seconds
[2026-08-21T23:05:28.042+0000] {processor.py:161} INFO - Started process (PID=2170) to work on /home/airflow/.local/lib/python3.8/site-packages/airflow/example_dags/example_task_group.py
[2026-08-21T23:05:28.044+0000] {processor.py:830} INFO - Processing file /home/airflow/.local/lib/python3.8/site-packages/airflow/example_dags/example_task_group.py for tasks to queue
[2026-08-21T23:05:28.049+0000] {logging_mixin.py:188} INFO - [2026-08-21T23:05:28.049+0000] {dagbag.py:540} INFO - Filling up the DagBag from /home/airflow/.local/lib/python3.8/site-packages/airflow/example_dags/example_task_group.py
[2026-08-21T23:05:28.064+0000] {processor.py:840} INFO - DAG(s) 'example_task_group' retrieved from /home/airflow/.local/lib/python3.8/site-packages/airflow/example_dags/example_task_group.py
[2026-08-21T23:05:28.097+0000] {logging_mixin.py:188} INFO - [2026-08-21T23:05:28.097+0000] {dag.py:3047} INFO - Sync 1 DAGs
[2026-08-21T23:05:28.127+0000] {logging_mixin.py:188} INFO - [2026-08-21T23:05:28.127+0000] {dag.py:3834} INFO - Setting next_dagrun for example_task_group to 2026-08-20 00:00:00+00:00, run_after=2026-08-21 00:00:00+00:00
[2026-08-21T23:05:28.152+0000] {processor.py:183} INFO - Processing /home/airflow/.local/lib/python3.8/site-packages/airflow/example_dags/example_task_group.py took 0.118 seconds
[2026-08-21T23:05:58.253+0000] {processor.py:161} INFO - Started process (PID=2227) to work on /home/airflow/.local/lib/python3.8/site-packages/airflow/example_dags/example_task_group.py
[2026-08-21T23:05:58.260+0000] {processor.py:830} INFO - Processing file /home/airflow/.local/lib/python3.8/site-packages/airflow/example_dags/example_task_group.py for tasks to queue
[2026-08-21T23:05:58.267+0000] {logging_mixin.py:188} INFO - [2026-08-21T23:05:58.266+0000] {dagbag.py:540} INFO - Filling up the DagBag from /home/airflow/.local/lib/python3.8/site-packages/airflow/example_dags/example_task_group.py
[2026-08-21T23:05:58.276+0000] {processor.py:840} INFO - DAG(s) 'example_task_group' retrieved from /home/airflow/.local/lib/python3.8/site-packages/airflow/example_dags/example_task_group.py
[2026-08-21T23:05:58.322+0000] {logging_mixin.py:188} INFO - [2026-08-21T23:05:58.322+0000] {dag.py:3047} INFO - Sync 1 DAGs
[2026-08-21T23:05:58.389+0000] {logging_mixin.py:188} INFO - [2026-08-21T23:05:58.389+0000] {dag.py:3834} INFO - Setting next_dagrun for example_task_group to 2026-08-20 00:00:00+00:00, run_after=2026-08-21 00:00:00+00:00
[2026-08-21T23:05:58.424+0000] {processor.py:183} INFO - Processing /home/airflow/.local/lib/python3.8/site-packages/airflow/example_dags/example_task_group.py took 0.179 seconds
[2026-08-21T23:06:29.317+0000] {processor.py:161} INFO - Started process (PID=2284) to work on /home/airflow/.local/lib/python3.8/site-packages/airflow/example_dags/example_task_group.py
[2026-08-21T23:06:29.319+0000] {processor.py:830} INFO - Processing file /home/airflow/.local/lib/python3.8/site-packages/airflow/example_dags/example_task_group.py for tasks to queue
[2026-08-21T23:06:29.322+0000] {logging_mixin.py:188} INFO - [2026-08-21T23:06:29.322+0000] {dagbag.py:540} INFO - Filling up the DagBag from /home/airflow/.local/lib/python3.8/site-packages/airflow/example_dags/example_task_group.py
[2026-08-21T23:06:29.333+0000] {processor.py:840} INFO - DAG(s) 'example_task_group' retrieved from /home/airflow/.local/lib/python3.8/site-packages/airflow/example_dags/example_task_group.py
[2026-08-21T23:06:29.360+0000] {logging_mixin.py:188} INFO - [2026-08-21T23:06:29.359+0000] {dag.py:3047} INFO - Sync 1 DAGs
[2026-08-21T23:06:29.386+0000] {logging_mixin.py:188} INFO - [2026-08-21T23:06:29.386+0000] {dag.py:3834} INFO - Setting next_dagrun for example_task_group to 2026-08-20 00:00:00+00:00, run_after=2026-08-21 00:00:00+00:00
[2026-08-21T23:06:29.414+0000] {processor.py:183} INFO - Processing /home/airflow/.local/lib/python3.8/site-packages/airflow/example_dags/example_task_group.py took 0.108 seconds
[2026-08-21T23:06:59.490+0000] {processor.py:161} INFO - Started process (PID=2340) to work on /home/airflow/.local/lib/python3.8/site-packages/airflow/example_dags/example_task_group.py
[2026-08-21T23:06:59.493+0000] {processor.py:830} INFO - Processing file /home/airflow/.local/lib/python3.8/site-packages/airflow/example_dags/example_task_group.py for tasks to queue
[2026-08-21T23:06:59.496+0000] {logging_mixin.py:188} INFO - [2026-08-21T23:06:59.496+0000] {dagbag.py:540} INFO - Filling up the DagBag from /home/airflow/.local/lib/python3.8/site-packages/airflow/example_dags/example_task_group.py
[2026-08-21T23:06:59.507+0000] {processor.py:840} INFO - DAG(s) 'example_task_group' retrieved from /home/airflow/.local/lib/python3.8/site-packages/airflow/example_dags/example_task_group.py
[2026-08-21T23:06:59.537+0000] {logging_mixin.py:188} INFO - [2026-08-21T23:06:59.537+0000] {dag.py:3047} INFO - Sync 1 DAGs
[2026-08-21T23:06:59.560+0000] {logging_mixin.py:188} INFO - [2026-08-21T23:06:59.560+0000] {dag.py:3834} INFO - Setting next_dagrun for example_task_group to 2026-08-20 00:00:00+00:00, run_after=2026-08-21 00:00:00+00:00
[2026-08-21T23:06:59.585+0000] {processor.py:183} INFO - Processing /home/airflow/.local/lib/python3.8/site-packages/airflow/example_dags/example_task_group.py took 0.100 seconds
[2026-08-21T23:07:30.153+0000] {processor.py:161} INFO - Started process (PID=2398) to work on /home/airflow/.local/lib/python3.8/site-packages/airflow/example_dags/example_task_group.py
[2026-08-21T23:07:30.155+0000] {processor.py:830} INFO - Processing file /home/airflow/.local/lib/python3.8/site-packages/airflow/example_dags/example_task_group.py for tasks to queue
[2026-08-21T23:07:30.158+0000] {logging_mixin.py:188} INFO - [2026-08-21T23:07:30.157+0000] {dagbag.py:540} INFO - Filling up the DagBag from /home/airflow/.local/lib/python3.8/site-packages/airflow/example_dags/example_task_group.py
[2026-08-21T23:07:30.168+0000] {processor.py:840} INFO - DAG(s) 'example_task_group' retrieved from /home/airflow/.local/lib/python3.8/site-packages/airflow/example_dags/example_task_group.py
[2026-08-21T23:07:30.198+0000] {logging_mixin.py:188} INFO - [2026-08-21T23:07:30.198+0000] {dag.py:3047} INFO - Sync 1 DAGs
[2026-08-21T23:07:30.226+0000] {logging_mixin.py:188} INFO - [2026-08-21T23:07:30.226+0000] {dag.py:3834} INFO - Setting next_dagrun for example_task_group to 2026-08-20 00:00:00+00:00, run_after=2026-08-21 00:00:00+00:00
[2026-08-21T23:07:30.251+0000] {processor.py:183} INFO - Processing /home/airflow/.local/lib/python3.8/site-packages/airflow/example_dags/example_task_group.py took 0.101 seconds
[2026-08-21T23:08:00.594+0000] {processor.py:161} INFO - Started process (PID=2457) to work on /home/airflow/.local/lib/python3.8/site-packages/airflow/example_dags/example_task_group.py
[2026-08-21T23:08:00.596+0000] {processor.py:830} INFO - Processing file /home/airflow/.local/lib/python3.8/site-packages/airflow/example_dags/example_task_group.py for tasks to queue
[2026-08-21T23:08:00.599+0000] {logging_mixin.py:188} INFO - [2026-08-21T23:08:00.598+0000] {dagbag.py:540} INFO - Filling up the DagBag from /home/airflow/.local/lib/python3.8/site-packages/airflow/example_dags/example_task_group.py
[2026-08-21T23:08:00.611+0000] {processor.py:840} INFO - DAG(s) 'example_task_group' retrieved from /home/airflow/.local/lib/python3.8/site-packages/airflow/example_dags/example_task_group.py
[2026-08-21T23:08:00.645+0000] {logging_mixin.py:188} INFO - [2026-08-21T23:08:00.645+0000] {dag.py:3047} INFO - Sync 1 DAGs
[2026-08-21T23:08:00.684+0000] {logging_mixin.py:188} INFO - [2026-08-21T23:08:00.683+0000] {dag.py:3834} INFO - Setting next_dagrun for example_task_group to 2026-08-20 00:00:00+00:00, run_after=2026-08-21 00:00:00+00:00
[2026-08-21T23:08:00.712+0000] {processor.py:183} INFO - Processing /home/airflow/.local/lib/python3.8/site-packages/airflow/example_dags/example_task_group.py took 0.125 seconds
