[2026-08-21T22:46:46.314+0000] {processor.py:161} INFO - Started process (PID=96) to work on /home/airflow/.local/lib/python3.8/site-packages/airflow/example_dags/example_params_ui_tutorial.py
[2026-08-21T22:46:46.316+0000] {processor.py:830} INFO - Processing file /home/airflow/.local/lib/python3.8/site-packages/airflow/example_dags/example_params_ui_tutorial.py for tasks to queue
[2026-08-21T22:46:46.320+0000] {logging_mixin.py:188} INFO - [2026-08-21T22:46:46.319+0000] {dagbag.py:540} INFO - Filling up the DagBag from /home/airflow/.local/lib/python3.8/site-packages/airflow/example_dags/example_params_ui_tutorial.py
[2026-08-21T22:46:46.343+0000] {processor.py:840} INFO - DAG(s) 'example_params_ui_tutorial' retrieved from /home/airflow/.local/lib/python3.8/site-packages/airflow/example_dags/example_params_ui_tutorial.py
[2026-08-21T22:46:46.536+0000] {logging_mixin.py:188} INFO - [2026-08-21T22:46:46.536+0000] {dag.py:3047} INFO - Sync 1 DAGs
[2026-08-21T22:46:46.553+0000] {logging_mixin.py:188} INFO - [2026-08-21T22:46:46.553+0000] {dag.py:3834} INFO - Setting next_dagrun for example_params_ui_tutorial to None, run_after=None
[2026-08-21T22:46:46.585+0000] {processor.py:183} INFO - Processing /home/airflow/.local/lib/python3.8/site-packages/airflow/example_dags/example_params_ui_tutorial.py took 0.276 seconds
[2026-08-21T22:47:17.524+0000] {processor.py:161} INFO - Started process (PID=153) to work on /home/airflow/.local/lib/python3.8/site-packages/airflow/example_dags/example_params_ui_tutorial.py
[2026-08-21T22:47:17.527+0000] {processor.py:830} INFO - Processing file /home/airflow/.local/lib/python3.8/site-packages/airflow/example_dags/example_params_ui_tutorial.py for tasks to queue
[2026-08-21T22:47:17.532+0000] {logging_mixin.py:188} INFO - [2026-08-21T22:47:17.531+0000] {dagbag.py:540} INFO - Filling up the DagBag from /home/airflow/.local/lib/python3.8/site-packages/airflow/example_dags/example_params_ui_tutorial.py
[2026-08-21T22:47:17.553+0000] {processor.py:840} INFO - DAG(s) 'example_params_ui_tutorial' retrieved from /home/airflow/.local/lib/python3.8/site-packages/airflow/example_dags/example_params_ui_tutorial.py
[2026-08-21T22:47:17.668+0000] {logging_mixin.py:188} INFO - [2026-08-21T22:47:17.667+0000] {dag.py:3047} INFO - Sync 1 DAGs
[2026-08-21T22:47:17.699+0000] {logging_mixin.py:188} INFO - [2026-08-21T22:47:17.699+0000] {dag.py:3834} INFO - Setting next_dagrun for example_params_ui_tutorial to None, run_after=None
[2026-08-21T22:47:17.739+0000] {processor.py:183} INFO - Processing /home/airflow/.local/lib/python3.8/site-packages/airflow/example_dags/example_params_ui_tutorial.py took 0.219 seconds
[2026-08-21T22:47:48.077+0000] {processor.py:161} INFO - Started process (PID=210) to work on /home/airflow/.local/lib/python3.8/site-packages/airflow/example_dags/example_params_ui_tutorial.py
[2026-08-21T22:47:48.079+0000] {processor.py:830} INFO - Processing file /home/airflow/.local/lib/python3.8/site-packages/airflow/example_dags/example_params_ui_tutorial.py for tasks to queue
[2026-08-21T22:47:48.082+0000] {logging_mixin.py:188} INFO - [2026-08-21T22:47:48.082+0000] {dagbag.py:540} INFO - Filling up the DagBag from /home/airflow/.local/lib/python3.8/site-packages/airflow/example_dags/example_params_ui_tutorial.py
[2026-08-21T22:47:48.111+0000] {processor.py:840} INFO - DAG(s) 'example_params_ui_tutorial' retrieved from /home/airflow/.local/lib/python3.8/site-packages/airflow/example_dags/example_params_ui_tutorial.py
[2026-08-21T22:47:48.304+0000] {logging_mixin.py:188} INFO - [2026-08-21T22:47:48.302+0000] {dag.py:3047} INFO - Sync 1 DAGs
[2026-08-21T22:47:48.348+0000] {logging_mixin.py:188} INFO - [2026-08-21T22:47:48.348+0000] {dag.py:3834} INFO - Setting next_dagrun for example_params_ui_tutorial to None, run_after=None
[2026-08-21T22:47:48.410+0000] {processor.py:183} INFO - Processing /home/airflow/.local/lib/python3.8/site-packages/airflow/example_dags/example_params_ui_tutorial.py took 0.339 seconds
[2026-08-21T22:48:18.813+0000] {processor.py:161} INFO - Started process (PID=267) to work on /home/airflow/.local/lib/python3.8/site-packages/airflow/example_dags/example_params_ui_tutorial.py
[2026-08-21T22:48:18.815+0000] {processor.py:830} INFO - Processing file /home/airflow/.local/lib/python3.8/site-packages/airflow/example_dags/example_params_ui_tutorial.py for tasks to queue
[2026-08-21T22:48:18.818+0000] {logging_mixin.py:188} INFO - [2026-08-21T22:48:18.818+0000] {dagbag.py:540} INFO - Filling up the DagBag from /home/airflow/.local/lib/python3.8/site-packages/airflow/example_dags/example_params_ui_tutorial.py
[2026-08-21T22:48:18.835+0000] {processor.py:840} INFO - DAG(s) 'example_params_ui_tutorial' retrieved from /home/airflow/.local/lib/python3.8/site-packages/airflow/example_dags/example_params_ui_tutorial.py
[2026-08-21T22:48:18.900+0000] {logging_mixin.py:188} INFO - [2026-08-21T22:48:18.900+0000] {dag.py:3047} INFO - Sync 1 DAGs
[2026-08-21T22:48:18.917+0000] {logging_mixin.py:188} INFO - [2026-08-21T22:48:18.916+0000] {dag.py:3834} INFO - Setting next_dagrun for example_params_ui_tutorial to None, run_after=None
[2026-08-21T22:48:18.940+0000] {processor.py:183} INFO - Processing /home/airflow/.local/lib/python3.8/site-packages/airflow/example_dags/example_params_ui_tutorial.py took 0.133 seconds
[2026-08-21T22:48:49.625+0000] {processor.py:161} INFO - Started process (PID=324) to work on /home/airflow/.local/lib/python3.8/site-packages/airflow/example_dags/example_params_ui_tutorial.py
[2026-08-21T22:48:49.627+0000] {processor.py:830} INFO - Processing file /home/airflow/.local/lib/python3.8/site-packages/airflow/example_dags/example_params_ui_tutorial.py for tasks to queue
[2026-08-21T22:48:49.631+0000] {logging_mixin.py:188} INFO - [2026-08-21T22:48:49.630+0000] {dagbag.py:540} INFO - Filling up the DagBag from /home/airflow/.local/lib/python3.8/site-packages/airflow/example_dags/example_params_ui_tutorial.py
[2026-08-21T22:48:49.650+0000] {processor.py:840} INFO - DAG(s) 'example_params_ui_tutorial' retrieved from /home/airflow/.local/lib/python3.8/site-packages/airflow/example_dags/example_params_ui_tutorial.py
[2026-08-21T22:48:49.759+0000] {logging_mixin.py:188} INFO - [2026-08-21T22:48:49.758+0000] {dag.py:3047} INFO - Sync 1 DAGs
[2026-08-21T22:48:49.776+0000] {logging_mixin.py:188} INFO - [2026-08-21T22:48:49.776+0000] {dag.py:3834} INFO - Setting next_dagrun for example_params_ui_tutorial to None, run_after=None
[2026-08-21T22:48:49.799+0000] {processor.py:183} INFO - Processing /home/airflow/.local/lib/python3.8/site-packages/airflow/example_dags/example_params_ui_tutorial.py took 0.180 seconds
[2026-08-21T22:49:20.052+0000] {processor.py:161} INFO - Started process (PID=381) to work on /home/airflow/.local/lib/python3.8/site-packages/airflow/example_dags/example_params_ui_tutorial.py
[2026-08-21T22:49:20.054+0000] {processor.py:830} INFO - Processing file /home/airflow/.local/lib/python3.8/site-packages/airflow/example_dags/example_params_ui_tutorial.py for tasks to queue
[2026-08-21T22:49:20.057+0000] {logging_mixin.py:188} INFO - [2026-08-21T22:49:20.056+0000] {dagbag.py:540} INFO - Filling up the DagBag from /home/airflow/.local/lib/python3.8/site-packages/airflow/example_dags/example_params_ui_tutorial.py
[2026-08-21T22:49:20.078+0000] {processor.py:840} INFO - DAG(s) 'example_params_ui_tutorial' retrieved from /home/airflow/.local/lib/python3.8/site-packages/airflow/example_dags/example_params_ui_tutorial.py
[2026-08-21T22:49:20.144+0000] {logging_mixin.py:188} INFO - [2026-08-21T22:49:20.143+0000] {dag.py:3047} INFO - Sync 1 DAGs
[2026-08-21T22:49:20.159+0000] {logging_mixin.py:188} INFO - [2026-08-21T22:49:20.158+0000] {dag.py:3834} INFO - Setting next_dagrun for example_params_ui_tutorial to None, run_after=None
[2026-08-21T22:49:20.185+0000] {processor.py:183} INFO - Processing /home/airflow/.local/lib/python3.8/site-packages/airflow/example_dags/example_params_ui_tutorial.py took 0.137 seconds
[2026-08-21T22:49:50.621+0000] {processor.py:161} INFO - Started process (PID=438) to work on /home/airflow/.local/lib/python3.8/site-packages/airflow/example_dags/example_params_ui_tutorial.py
[2026-08-21T22:49:50.624+0000] {processor.py:830} INFO - Processing file /home/airflow/.local/lib/python3.8/site-packages/airflow/example_dags/example_params_ui_tutorial.py for tasks to queue
[2026-08-21T22:49:50.628+0000] {logging_mixin.py:188} INFO - [2026-08-21T22:49:50.627+0000] {dagbag.py:540} INFO - Filling up the DagBag from /home/airflow/.local/lib/python3.8/site-packages/airflow/example_dags/example_params_ui_tutorial.py
[2026-08-21T22:49:50.648+0000] {processor.py:840} INFO - DAG(s) 'example_params_ui_tutorial' retrieved from /home/airflow/.local/lib/python3.8/site-packages/airflow/example_dags/example_params_ui_tutorial.py
[2026-08-21T22:49:50.720+0000] {logging_mixin.py:188} INFO - [2026-08-21T22:49:50.719+0000] {dag.py:3047} INFO - Sync 1 DAGs
[2026-08-21T22:49:50.738+0000] {logging_mixin.py:188} INFO - [2026-08-21T22:49:50.737+0000] {dag.py:3834} INFO - Setting next_dagrun for example_params_ui_tutorial to None, run_after=None
[2026-08-21T22:49:50.760+0000] {processor.py:183} INFO - Processing /home/airflow/.local/lib/python3.8/site-packages/airflow/example_dags/example_params_ui_tutorial.py took 0.143 seconds
[2026-08-21T22:50:21.117+0000] {processor.py:161} INFO - Started process (PID=495) to work on /home/airflow/.local/lib/python3.8/site-packages/airflow/example_dags/example_params_ui_tutorial.py
[2026-08-21T22:50:21.119+0000] {processor.py:830} INFO - Processing file /home/airflow/.local/lib/python3.8/site-packages/airflow/example_dags/example_params_ui_tutorial.py for tasks to queue
[2026-08-21T22:50:21.122+0000] {logging_mixin.py:188} INFO - [2026-08-21T22:50:21.121+0000] {dagbag.py:540} INFO - Filling up the DagBag from /home/airflow/.local/lib/python3.8/site-packages/airflow/example_dags/example_params_ui_tutorial.py
[2026-08-21T22:50:21.138+0000] {processor.py:840} INFO - DAG(s) 'example_params_ui_tutorial' retrieved from /home/airflow/.local/lib/python3.8/site-packages/airflow/example_dags/example_params_ui_tutorial.py
[2026-08-21T22:50:21.207+0000] {logging_mixin.py:188} INFO - [2026-08-21T22:50:21.207+0000] {dag.py:3047} INFO - Sync 1 DAGs
[2026-08-21T22:50:21.223+0000] {logging_mixin.py:188} INFO - [2026-08-21T22:50:21.222+0000] {dag.py:3834} INFO - Setting next_dagrun for example_params_ui_tutorial to None, run_after=None
[2026-08-21T22:50:21.246+0000] {processor.py:183} INFO - Processing /home/airflow/.local/lib/python3.8/site-packages/airflow/example_dags/example_params_ui_tutorial.py took 0.135 seconds
[2026-08-21T22:50:52.137+0000] {processor.py:161} INFO - Started process (PID=552) to work on /home/airflow/.local/lib/python3.8/site-packages/airflow/example_dags/example_params_ui_tutorial.py
[2026-08-21T22:50:52.139+0000] {processor.py:830} INFO - Processing file /home/airflow/.local/lib/python3.8/site-packages/airflow/example_dags/example_params_ui_tutorial.py for tasks to queue
[2026-08-21T22:50:52.142+0000] {logging_mixin.py:188} INFO - [2026-08-21T22:50:52.142+0000] {dagbag.py:540} INFO - Filling up the DagBag from /home/airflow/.local/lib/python3.8/site-packages/airflow/example_dags/example_params_ui_tutorial.py
[2026-08-21T22:50:52.158+0000] {processor.py:840} INFO - DAG(s) 'example_params_ui_tutorial' retrieved from /home/airflow/.local/lib/python3.8/site-packages/airflow/example_dags/example_params_ui_tutorial.py
[2026-08-21T22:50:52.226+0000] {logging_mixin.py:188} INFO - [2026-08-21T22:50:52.226+0000] {dag.py:3047} INFO - Sync 1 DAGs
[2026-08-21T22:50:52.246+0000] {logging_mixin.py:188} INFO - [2026-08-21T22:50:52.245+0000] {dag.py:3834} INFO - Setting next_dagrun for example_params_ui_tutorial to None, run_after=None
[2026-08-21T22:50:52.276+0000] {processor.py:183} INFO - Processing /home/airflow/.local/lib/python3.8/site-packages/airflow/example_dags/example_params_ui_tutorial.py took 0.144 seconds
[2026-08-21T22:51:22.560+0000] {processor.py:161} INFO - Started process (PID=609) to work on /home/airflow/.local/lib/python3.8/site-packages/airflow/example_dags/example_params_ui_tutorial.py
[2026-08-21T22:51:22.562+0000] {processor.py:830} INFO - Processing file /home/airflow/.local/lib/python3.8/site-packages/airflow/example_dags/example_params_ui_tutorial.py for tasks to queue
[2026-08-21T22:51:22.565+0000] {logging_mixin.py:188} INFO - [2026-08-21T22:51:22.564+0000] {dagbag.py:540} INFO - Filling up the DagBag from /home/airflow/.local/lib/python3.8/site-packages/airflow/example_dags/example_params_ui_tutorial.py
[2026-08-21T22:51:22.580+0000] {processor.py:840} INFO - DAG(s) 'example_params_ui_tutorial' retrieved from /home/airflow/.local/lib/python3.8/site-packages/airflow/example_dags/example_params_ui_tutorial.py
[2026-08-21T22:51:22.648+0000] {logging_mixin.py:188} INFO - [2026-08-21T22:51:22.648+0000] {dag.py:3047} INFO - Sync 1 DAGs
[2026-08-21T22:51:22.663+0000] {logging_mixin.py:188} INFO - [2026-08-21T22:51:22.663+0000] {dag.py:3834} INFO - Setting next_dagrun for example_params_ui_tutorial to None, run_after=None
[2026-08-21T22:51:22.687+0000] {processor.py:183} INFO - Processing /home/airflow/.local/lib/python3.8/site-packages/airflow/example_dags/example_params_ui_tutorial.py took 0.130 seconds
[2026-08-21T22:51:53.437+0000] {processor.py:161} INFO - Started process (PID=665) to work on /home/airflow/.local/lib/python3.8/site-packages/airflow/example_dags/example_params_ui_tutorial.py
[2026-08-21T22:51:53.438+0000] {processor.py:830} INFO - Processing file /home/airflow/.local/lib/python3.8/site-packages/airflow/example_dags/example_params_ui_tutorial.py for tasks to queue
[2026-08-21T22:51:53.442+0000] {logging_mixin.py:188} INFO - [2026-08-21T22:51:53.442+0000] {dagbag.py:540} INFO - Filling up the DagBag from /home/airflow/.local/lib/python3.8/site-packages/airflow/example_dags/example_params_ui_tutorial.py
[2026-08-21T22:51:53.457+0000] {processor.py:840} INFO - DAG(s) 'example_params_ui_tutorial' retrieved from /home/airflow/.local/lib/python3.8/site-packages/airflow/example_dags/example_params_ui_tutorial.py
[2026-08-21T22:51:53.532+0000] {logging_mixin.py:188} INFO - [2026-08-21T22:51:53.531+0000] {dag.py:3047} INFO - Sync 1 DAGs
[2026-08-21T22:51:53.548+0000] {logging_mixin.py:188} INFO - [2026-08-21T22:51:53.547+0000] {dag.py:3834} INFO - Setting next_dagrun for example_params_ui_tutorial to None, run_after=None
[2026-08-21T22:51:53.571+0000] {processor.py:183} INFO - Processing /home/airflow/.local/lib/python3.8/site-packages/airflow/example_dags/example_params_ui_tutorial.py took 0.138 seconds
[2026-08-21T22:52:23.838+0000] {processor.py:161} INFO - Started process (PID=721) to work on /home/airflow/.local/lib/python3.8/site-packages/airflow/example_dags/example_params_ui_tutorial.py
[2026-08-21T22:52:23.840+0000] {processor.py:830} INFO - Processing file /home/airflow/.local/lib/python3.8/site-packages/airflow/example_dags/example_params_ui_tutorial.py for tasks to queue
[2026-08-21T22:52:23.844+0000] {logging_mixin.py:188} INFO - [2026-08-21T22:52:23.844+0000] {dagbag.py:540} INFO - Filling up the DagBag from /home/airflow/.local/lib/python3.8/site-packages/airflow/example_dags/example_params_ui_tutorial.py
[2026-08-21T22:52:23.858+0000] {processor.py:840} INFO - DAG(s) 'example_params_ui_tutorial' retrieved from /home/airflow/.local/lib/python3.8/site-packages/airflow/example_dags/example_params_ui_tutorial.py
[2026-08-21T22:52:23.927+0000] {logging_mixin.py:188} INFO - [2026-08-21T22:52:23.926+0000] {dag.py:3047} INFO - Sync 1 DAGs
[2026-08-21T22:52:23.942+0000] {logging_mixin.py:188} INFO - [2026-08-21T22:52:23.942+0000] {dag.py:3834} INFO - Setting next_dagrun for example_params_ui_tutorial to None, run_after=None
[2026-08-21T22:52:23.969+0000] {processor.py:183} INFO - Processing /home/airflow/.local/lib/python3.8/site-packages/airflow/example_dags/example_params_ui_tutorial.py took 0.137 seconds
[2026-08-21T22:52:54.231+0000] {processor.py:161} INFO - Started process (PID=778) to work on /home/airflow/.local/lib/python3.8/site-packages/airflow/example_dags/example_params_ui_tutorial.py
[2026-08-21T22:52:54.234+0000] {processor.py:830} INFO - Processing file /home/airflow/.local/lib/python3.8/site-packages/airflow/example_dags/example_params_ui_tutorial.py for tasks to queue
[2026-08-21T22:52:54.245+0000] {logging_mixin.py:188} INFO - [2026-08-21T22:52:54.245+0000] {dagbag.py:540} INFO - Filling up the DagBag from /home/airflow/.local/lib/python3.8/site-packages/airflow/example_dags/example_params_ui_tutorial.py
[2026-08-21T22:52:54.277+0000] {processor.py:840} INFO - DAG(s) 'example_params_ui_tutorial' retrieved from /home/airflow/.local/lib/python3.8/site-packages/airflow/example_dags/example_params_ui_tutorial.py
[2026-08-21T22:52:54.457+0000] {logging_mixin.py:188} INFO - [2026-08-21T22:52:54.456+0000] {dag.py:3047} INFO - Sync 1 DAGs
[2026-08-21T22:52:54.497+0000] {logging_mixin.py:188} INFO - [2026-08-21T22:52:54.496+0000] {dag.py:3834} INFO - Setting next_dagrun for example_params_ui_tutorial to None, run_after=None
[2026-08-21T22:52:54.544+0000] {processor.py:183} INFO - Processing /home/airflow/.local/lib/python3.8/site-packages/airflow/example_dags/example_params_ui_tutorial.py took 0.320 seconds
[2026-08-21T22:53:24.865+0000] {processor.py:161} INFO - Started process (PID=835) to work on /home/airflow/.local/lib/python3.8/site-packages/airflow/example_dags/example_params_ui_tutorial.py
[2026-08-21T22:53:24.866+0000] {processor.py:830} INFO - Processing file /home/airflow/.local/lib/python3.8/site-packages/airflow/example_dags/example_params_ui_tutorial.py for tasks to queue
[2026-08-21T22:53:24.869+0000] {logging_mixin.py:188} INFO - [2026-08-21T22:53:24.869+0000] {dagbag.py:540} INFO - Filling up the DagBag from /home/airflow/.local/lib/python3.8/site-packages/airflow/example_dags/example_params_ui_tutorial.py
[2026-08-21T22:53:24.882+0000] {processor.py:840} INFO - DAG(s) 'example_params_ui_tutorial' retrieved from /home/airflow/.local/lib/python3.8/site-packages/airflow/example_dags/example_params_ui_tutorial.py
[2026-08-21T22:53:24.952+0000] {logging_mixin.py:188} INFO - [2026-08-21T22:53:24.952+0000] {dag.py:3047} INFO - Sync 1 DAGs
[2026-08-21T22:53:24.966+0000] {logging_mixin.py:188} INFO - [2026-08-21T22:53:24.966+0000] {dag.py:3834} INFO - Setting next_dagrun for example_params_ui_tutorial to None, run_after=None
[2026-08-21T22:53:24.992+0000] {processor.py:183} INFO - Processing /home/airflow/.local/lib/python3.8/site-packages/airflow/example_dags/example_params_ui_tutorial.py took 0.132 seconds
[2026-08-21T22:53:55.411+0000] {processor.py:161} INFO - Started process (PID=892) to work on /home/airflow/.local/lib/python3.8/site-packages/airflow/example_dags/example_params_ui_tutorial.py
[2026-08-21T22:53:55.415+0000] {processor.py:830} INFO - Processing file /home/airflow/.local/lib/python3.8/site-packages/airflow/example_dags/example_params_ui_tutorial.py for tasks to queue
[2026-08-21T22:53:55.421+0000] {logging_mixin.py:188} INFO - [2026-08-21T22:53:55.420+0000] {dagbag.py:540} INFO - Filling up the DagBag from /home/airflow/.local/lib/python3.8/site-packages/airflow/example_dags/example_params_ui_tutorial.py
[2026-08-21T22:53:55.452+0000] {processor.py:840} INFO - DAG(s) 'example_params_ui_tutorial' retrieved from /home/airflow/.local/lib/python3.8/site-packages/airflow/example_dags/example_params_ui_tutorial.py
[2026-08-21T22:53:55.567+0000] {logging_mixin.py:188} INFO - [2026-08-21T22:53:55.567+0000] {dag.py:3047} INFO - Sync 1 DAGs
[2026-08-21T22:53:55.584+0000] {logging_mixin.py:188} INFO - [2026-08-21T22:53:55.584+0000] {dag.py:3834} INFO - Setting next_dagrun for example_params_ui_tutorial to None, run_after=None
[2026-08-21T22:53:55.606+0000] {processor.py:183} INFO - Processing /home/airflow/.local/lib/python3.8/site-packages/airflow/example_dags/example_params_ui_tutorial.py took 0.204 seconds
[2026-08-21T22:54:25.674+0000] {processor.py:161} INFO - Started process (PID=949) to work on /home/airflow/.local/lib/python3.8/site-packages/airflow/example_dags/example_params_ui_tutorial.py
[2026-08-21T22:54:25.676+0000] {processor.py:830} INFO - Processing file /home/airflow/.local/lib/python3.8/site-packages/airflow/example_dags/example_params_ui_tutorial.py for tasks to queue
[2026-08-21T22:54:25.680+0000] {logging_mixin.py:188} INFO - [2026-08-21T22:54:25.680+0000] {dagbag.py:540} INFO - Filling up the DagBag from /home/airflow/.local/lib/python3.8/site-packages/airflow/example_dags/example_params_ui_tutorial.py
[2026-08-21T22:54:25.700+0000] {processor.py:840} INFO - DAG(s) 'example_params_ui_tutorial' retrieved from /home/airflow/.local/lib/python3.8/site-packages/airflow/example_dags/example_params_ui_tutorial.py
[2026-08-21T22:54:25.787+0000] {logging_mixin.py:188} INFO - [2026-08-21T22:54:25.786+0000] {dag.py:3047} INFO - Sync 1 DAGs
[2026-08-21T22:54:25.806+0000] {logging_mixin.py:188} INFO - [2026-08-21T22:54:25.806+0000] {dag.py:3834} INFO - Setting next_dagrun for example_params_ui_tutorial to None, run_after=None
[2026-08-21T22:54:25.833+0000] {processor.py:183} INFO - Processing /home/airflow/.local/lib/python3.8/site-packages/airflow/example_dags/example_params_ui_tutorial.py took 0.165 seconds
[2026-08-21T22:54:56.240+0000] {processor.py:161} INFO - Started process (PID=1006) to work on /home/airflow/.local/lib/python3.8/site-packages/airflow/example_dags/example_params_ui_tutorial.py
[2026-08-21T22:54:56.242+0000] {processor.py:830} INFO - Processing file /home/airflow/.local/lib/python3.8/site-packages/airflow/example_dags/example_params_ui_tutorial.py for tasks to queue
[2026-08-21T22:54:56.246+0000] {logging_mixin.py:188} INFO - [2026-08-21T22:54:56.245+0000] {dagbag.py:540} INFO - Filling up the DagBag from /home/airflow/.local/lib/python3.8/site-packages/airflow/example_dags/example_params_ui_tutorial.py
[2026-08-21T22:54:56.261+0000] {processor.py:840} INFO - DAG(s) 'example_params_ui_tutorial' retrieved from /home/airflow/.local/lib/python3.8/site-packages/airflow/example_dags/example_params_ui_tutorial.py
[2026-08-21T22:54:56.336+0000] {logging_mixin.py:188} INFO - [2026-08-21T22:54:56.335+0000] {dag.py:3047} INFO - Sync 1 DAGs
[2026-08-21T22:54:56.353+0000] {logging_mixin.py:188} INFO - [2026-08-21T22:54:56.352+0000] {dag.py:3834} INFO - Setting next_dagrun for example_params_ui_tutorial to None, run_after=None
[2026-08-21T22:54:56.378+0000] {processor.py:183} INFO - Processing /home/airflow/.local/lib/python3.8/site-packages/airflow/example_dags/example_params_ui_tutorial.py took 0.143 seconds
[2026-08-21T22:55:26.949+0000] {processor.py:161} INFO - Started process (PID=1063) to work on /home/airflow/.local/lib/python3.8/site-packages/airflow/example_dags/example_params_ui_tutorial.py
[2026-08-21T22:55:26.951+0000] {processor.py:830} INFO - Processing file /home/airflow/.local/lib/python3.8/site-packages/airflow/example_dags/example_params_ui_tutorial.py for tasks to queue
[2026-08-21T22:55:26.954+0000] {logging_mixin.py:188} INFO - [2026-08-21T22:55:26.953+0000] {dagbag.py:540} INFO - Filling up the DagBag from /home/airflow/.local/lib/python3.8/site-packages/airflow/example_dags/example_params_ui_tutorial.py
[2026-08-21T22:55:26.969+0000] {processor.py:840} INFO - DAG(s) 'example_params_ui_tutorial' retrieved from /home/airflow/.local/lib/python3.8/site-packages/airflow/example_dags/example_params_ui_tutorial.py
[2026-08-21T22:55:27.041+0000] {logging_mixin.py:188} INFO - [2026-08-21T22:55:27.040+0000] {dag.py:3047} INFO - Sync 1 DAGs
[2026-08-21T22:55:27.063+0000] {logging_mixin.py:188} INFO - [2026-08-21T22:55:27.063+0000] {dag.py:3834} INFO - Setting next_dagrun for example_params_ui_tutorial to None, run_after=None
[2026-08-21T22:55:27.087+0000] {processor.py:183} INFO - Processing /home/airflow/.local/lib/python3.8/site-packages/airflow/example_dags/example_params_ui_tutorial.py took 0.143 seconds
[2026-08-21T22:55:57.214+0000] {processor.py:161} INFO - Started process (PID=1120) to work on /home/airflow/.local/lib/python3.8/site-packages/airflow/example_dags/example_params_ui_tutorial.py
[2026-08-21T22:55:57.216+0000] {processor.py:830} INFO - Processing file /home/airflow/.local/lib/python3.8/site-packages/airflow/example_dags/example_params_ui_tutorial.py for tasks to queue
[2026-08-21T22:55:57.219+0000] {logging_mixin.py:188} INFO - [2026-08-21T22:55:57.219+0000] {dagbag.py:540} INFO - Filling up the DagBag from /home/airflow/.local/lib/python3.8/site-packages/airflow/example_dags/example_params_ui_tutorial.py
[2026-08-21T22:55:57.235+0000] {processor.py:840} INFO - DAG(s) 'example_params_ui_tutorial' retrieved from /home/airflow/.local/lib/python3.8/site-packages/airflow/example_dags/example_params_ui_tutorial.py
[2026-08-21T22:55:57.312+0000] {logging_mixin.py:188} INFO - [2026-08-21T22:55:57.312+0000] {dag.py:3047} INFO - Sync 1 DAGs
[2026-08-21T22:55:57.329+0000] {logging_mixin.py:188} INFO - [2026-08-21T22:55:57.328+0000] {dag.py:3834} INFO - Setting next_dagrun for example_params_ui_tutorial to None, run_after=None
[2026-08-21T22:55:57.354+0000] {processor.py:183} INFO - Processing /home/airflow/.local/lib/python3.8/site-packages/airflow/example_dags/example_params_ui_tutorial.py took 0.146 seconds
[2026-08-21T22:56:28.039+0000] {processor.py:161} INFO - Started process (PID=1177) to work on /home/airflow/.local/lib/python3.8/site-packages/airflow/example_dags/example_params_ui_tutorial.py
[2026-08-21T22:56:28.041+0000] {processor.py:830} INFO - Processing file /home/airflow/.local/lib/python3.8/site-packages/airflow/example_dags/example_params_ui_tutorial.py for tasks to queue
[2026-08-21T22:56:28.045+0000] {logging_mixin.py:188} INFO - [2026-08-21T22:56:28.044+0000] {dagbag.py:540} INFO - Filling up the DagBag from /home/airflow/.local/lib/python3.8/site-packages/airflow/example_dags/example_params_ui_tutorial.py
[2026-08-21T22:56:28.060+0000] {processor.py:840} INFO - DAG(s) 'example_params_ui_tutorial' retrieved from /home/airflow/.local/lib/python3.8/site-packages/airflow/example_dags/example_params_ui_tutorial.py
[2026-08-21T22:56:28.144+0000] {logging_mixin.py:188} INFO - [2026-08-21T22:56:28.144+0000] {dag.py:3047} INFO - Sync 1 DAGs
[2026-08-21T22:56:28.162+0000] {logging_mixin.py:188} INFO - [2026-08-21T22:56:28.161+0000] {dag.py:3834} INFO - Setting next_dagrun for example_params_ui_tutorial to None, run_after=None
[2026-08-21T22:56:28.189+0000] {processor.py:183} INFO - Processing /home/airflow/.local/lib/python3.8/site-packages/airflow/example_dags/example_params_ui_tutorial.py took 0.156 seconds
[2026-08-21T22:56:58.708+0000] {processor.py:161} INFO - Started process (PID=1234) to work on /home/airflow/.local/lib/python3.8/site-packages/airflow/example_dags/example_params_ui_tutorial.py
[2026-08-21T22:56:58.710+0000] {processor.py:830} INFO - Processing file /home/airflow/.local/lib/python3.8/site-packages/airflow/example_dags/example_params_ui_tutorial.py for tasks to queue
[2026-08-21T22:56:58.714+0000] {logging_mixin.py:188} INFO - [2026-08-21T22:56:58.714+0000] {dagbag.py:540} INFO - Filling up the DagBag from /home/airflow/.local/lib/python3.8/site-packages/airflow/example_dags/example_params_ui_tutorial.py
[2026-08-21T22:56:58.739+0000] {processor.py:840} INFO - DAG(s) 'example_params_ui_tutorial' retrieved from /home/airflow/.local/lib/python3.8/site-packages/airflow/example_dags/example_params_ui_tutorial.py
[2026-08-21T22:56:58.817+0000] {logging_mixin.py:188} INFO - [2026-08-21T22:56:58.817+0000] {dag.py:3047} INFO - Sync 1 DAGs
[2026-08-21T22:56:58.835+0000] {logging_mixin.py:188} INFO - [2026-08-21T22:56:58.834+0000] {dag.py:3834} INFO - Setting next_dagrun for example_params_ui_tutorial to None, run_after=None
[2026-08-21T22:56:58.862+0000] {processor.py:183} INFO - Processing /home/airflow/.local/lib/python3.8/site-packages/airflow/example_dags/example_params_ui_tutorial.py took 0.162 seconds
[2026-08-21T22:57:29.279+0000] {processor.py:161} INFO - Started process (PID=1291) to work on /home/airflow/.local/lib/python3.8/site-packages/airflow/example_dags/example_params_ui_tutorial.py
[2026-08-21T22:57:29.281+0000] {processor.py:830} INFO - Processing file /home/airflow/.local/lib/python3.8/site-packages/airflow/example_dags/example_params_ui_tutorial.py for tasks to queue
[2026-08-21T22:57:29.284+0000] {logging_mixin.py:188} INFO - [2026-08-21T22:57:29.284+0000] {dagbag.py:540} INFO - Filling up the DagBag from /home/airflow/.local/lib/python3.8/site-packages/airflow/example_dags/example_params_ui_tutorial.py
[2026-08-21T22:57:29.300+0000] {processor.py:840} INFO - DAG(s) 'example_params_ui_tutorial' retrieved from /home/airflow/.local/lib/python3.8/site-packages/airflow/example_dags/example_params_ui_tutorial.py
[2026-08-21T22:57:29.376+0000] {logging_mixin.py:188} INFO - [2026-08-21T22:57:29.376+0000] {dag.py:3047} INFO - Sync 1 DAGs
[2026-08-21T22:57:29.392+0000] {logging_mixin.py:188} INFO - [2026-08-21T22:57:29.391+0000] {dag.py:3834} INFO - Setting next_dagrun for example_params_ui_tutorial to None, run_after=None
[2026-08-21T22:57:29.417+0000] {processor.py:183} INFO - Processing /home/airflow/.local/lib/python3.8/site-packages/airflow/example_dags/example_params_ui_tutorial.py took 0.143 seconds
[2026-08-21T22:57:59.631+0000] {processor.py:161} INFO - Started process (PID=1348) to work on /home/airflow/.local/lib/python3.8/site-packages/airflow/example_dags/example_params_ui_tutorial.py
[2026-08-21T22:57:59.633+0000] {processor.py:830} INFO - Processing file /home/airflow/.local/lib/python3.8/site-packages/airflow/example_dags/example_params_ui_tutorial.py for tasks to queue
[2026-08-21T22:57:59.635+0000] {logging_mixin.py:188} INFO - [2026-08-21T22:57:59.635+0000] {dagbag.py:540} INFO - Filling up the DagBag from /home/airflow/.local/lib/python3.8/site-packages/airflow/example_dags/example_params_ui_tutorial.py
[2026-08-21T22:57:59.650+0000] {processor.py:840} INFO - DAG(s) 'example_params_ui_tutorial' retrieved from /home/airflow/.local/lib/python3.8/site-packages/airflow/example_dags/example_params_ui_tutorial.py
[2026-08-21T22:57:59.724+0000] {logging_mixin.py:188} INFO - [2026-08-21T22:57:59.724+0000] {dag.py:3047} INFO - Sync 1 DAGs
[2026-08-21T22:57:59.739+0000] {logging_mixin.py:188} INFO - [2026-08-21T22:57:59.739+0000] {dag.py:3834} INFO - Setting next_dagrun for example_params_ui_tutorial to None, run_after=None
[2026-08-21T22:57:59.762+0000] {processor.py:183} INFO - Processing /home/airflow/.local/lib/python3.8/site-packages/airflow/example_dags/example_params_ui_tutorial.py took 0.136 seconds
[2026-08-21T22:58:30.336+0000] {processor.py:161} INFO - Started process (PID=1405) to work on /home/airflow/.local/lib/python3.8/site-packages/airflow/example_dags/example_params_ui_tutorial.py
[2026-08-21T22:58:30.337+0000] {processor.py:830} INFO - Processing file /home/airflow/.local/lib/python3.8/site-packages/airflow/example_dags/example_params_ui_tutorial.py for tasks to queue
[2026-08-21T22:58:30.340+0000] {logging_mixin.py:188} INFO - [2026-08-21T22:58:30.339+0000] {dagbag.py:540} INFO - Filling up the DagBag from /home/airflow/.local/lib/python3.8/site-packages/airflow/example_dags/example_params_ui_tutorial.py
[2026-08-21T22:58:30.353+0000] {processor.py:840} INFO - DAG(s) 'example_params_ui_tutorial' retrieved from /home/airflow/.local/lib/python3.8/site-packages/airflow/example_dags/example_params_ui_tutorial.py
[2026-08-21T22:58:30.422+0000] {logging_mixin.py:188} INFO - [2026-08-21T22:58:30.422+0000] {dag.py:3047} INFO - Sync 1 DAGs
[2026-08-21T22:58:30.440+0000] {logging_mixin.py:188} INFO - [2026-08-21T22:58:30.440+0000] {dag.py:3834} INFO - Setting next_dagrun for example_params_ui_tutorial to None, run_after=None
[2026-08-21T22:58:30.469+0000] {processor.py:183} INFO - Processing /home/airflow/.local/lib/python3.8/site-packages/airflow/example_dags/example_params_ui_tutorial.py took 0.138 seconds
[2026-08-21T22:59:00.620+0000] {processor.py:161} INFO - Started process (PID=1462) to work on /home/airflow/.local/lib/python3.8/site-packages/airflow/example_dags/example_params_ui_tutorial.py
[2026-08-21T22:59:00.621+0000] {processor.py:830} INFO - Processing file /home/airflow/.local/lib/python3.8/site-packages/airflow/example_dags/example_params_ui_tutorial.py for tasks to queue
[2026-08-21T22:59:00.627+0000] {logging_mixin.py:188} INFO - [2026-08-21T22:59:00.626+0000] {dagbag.py:540} INFO - Filling up the DagBag from /home/airflow/.local/lib/python3.8/site-packages/airflow/example_dags/example_params_ui_tutorial.py
[2026-08-21T22:59:00.645+0000] {processor.py:840} INFO - DAG(s) 'example_params_ui_tutorial' retrieved from /home/airflow/.local/lib/python3.8/site-packages/airflow/example_dags/example_params_ui_tutorial.py
[2026-08-21T22:59:00.708+0000] {logging_mixin.py:188} INFO - [2026-08-21T22:59:00.708+0000] {dag.py:3047} INFO - Sync 1 DAGs
[2026-08-21T22:59:00.727+0000] {logging_mixin.py:188} INFO - [2026-08-21T22:59:00.726+0000] {dag.py:3834} INFO - Setting next_dagrun for example_params_ui_tutorial to None, run_after=None
[2026-08-21T22:59:00.754+0000] {processor.py:183} INFO - Processing /home/airflow/.local/lib/python3.8/site-packages/airflow/example_dags/example_params_ui_tutorial.py took 0.139 seconds
[2026-08-21T22:59:31.073+0000] {processor.py:161} INFO - Started process (PID=1519) to work on /home/airflow/.local/lib/python3.8/site-packages/airflow/example_dags/example_params_ui_tutorial.py
[2026-08-21T22:59:31.075+0000] {processor.py:830} INFO - Processing file /home/airflow/.local/lib/python3.8/site-packages/airflow/example_dags/example_params_ui_tutorial.py for tasks to queue
[2026-08-21T22:59:31.077+0000] {logging_mixin.py:188} INFO - [2026-08-21T22:59:31.077+0000] {dagbag.py:540} INFO - Filling up the DagBag from /home/airflow/.local/lib/python3.8/site-packages/airflow/example_dags/example_params_ui_tutorial.py
[2026-08-21T22:59:31.093+0000] {processor.py:840} INFO - DAG(s) 'example_params_ui_tutorial' retrieved from /home/airflow/.local/lib/python3.8/site-packages/airflow/example_dags/example_params_ui_tutorial.py
[2026-08-21T22:59:31.177+0000] {logging_mixin.py:188} INFO - [2026-08-21T22:59:31.177+0000] {dag.py:3047} INFO - Sync 1 DAGs
[2026-08-21T22:59:31.191+0000] {logging_mixin.py:188} INFO - [2026-08-21T22:59:31.191+0000] {dag.py:3834} INFO - Setting next_dagrun for example_params_ui_tutorial to None, run_after=None
[2026-08-21T22:59:31.212+0000] {processor.py:183} INFO - Processing /home/airflow/.local/lib/python3.8/site-packages/airflow/example_dags/example_params_ui_tutorial.py took 0.143 seconds
[2026-08-21T23:00:01.692+0000] {processor.py:161} INFO - Started process (PID=1576) to work on /home/airflow/.local/lib/python3.8/site-packages/airflow/example_dags/example_params_ui_tutorial.py
[2026-08-21T23:00:01.694+0000] {processor.py:830} INFO - Processing file /home/airflow/.local/lib/python3.8/site-packages/airflow/example_dags/example_params_ui_tutorial.py for tasks to queue
[2026-08-21T23:00:01.697+0000] {logging_mixin.py:188} INFO - [2026-08-21T23:00:01.697+0000] {dagbag.py:540} INFO - Filling up the DagBag from /home/airflow/.local/lib/python3.8/site-packages/airflow/example_dags/example_params_ui_tutorial.py
[2026-08-21T23:00:01.712+0000] {processor.py:840} INFO - DAG(s) 'example_params_ui_tutorial' retrieved from /home/airflow/.local/lib/python3.8/site-packages/airflow/example_dags/example_params_ui_tutorial.py
[2026-08-21T23:00:01.795+0000] {logging_mixin.py:188} INFO - [2026-08-21T23:00:01.794+0000] {dag.py:3047} INFO - Sync 1 DAGs
[2026-08-21T23:00:01.817+0000] {logging_mixin.py:188} INFO - [2026-08-21T23:00:01.817+0000] {dag.py:3834} INFO - Setting next_dagrun for example_params_ui_tutorial to None, run_after=None
[2026-08-21T23:00:01.845+0000] {processor.py:183} INFO - Processing /home/airflow/.local/lib/python3.8/site-packages/airflow/example_dags/example_params_ui_tutorial.py took 0.157 seconds
[2026-08-21T23:00:31.986+0000] {processor.py:161} INFO - Started process (PID=1633) to work on /home/airflow/.local/lib/python3.8/site-packages/airflow/example_dags/example_params_ui_tutorial.py
[2026-08-21T23:00:31.988+0000] {processor.py:830} INFO - Processing file /home/airflow/.local/lib/python3.8/site-packages/airflow/example_dags/example_params_ui_tutorial.py for tasks to queue
[2026-08-21T23:00:31.991+0000] {logging_mixin.py:188} INFO - [2026-08-21T23:00:31.990+0000] {dagbag.py:540} INFO - Filling up the DagBag from /home/airflow/.local/lib/python3.8/site-packages/airflow/example_dags/example_params_ui_tutorial.py
[2026-08-21T23:00:32.008+0000] {processor.py:840} INFO - DAG(s) 'example_params_ui_tutorial' retrieved from /home/airflow/.local/lib/python3.8/site-packages/airflow/example_dags/example_params_ui_tutorial.py
[2026-08-21T23:00:32.081+0000] {logging_mixin.py:188} INFO - [2026-08-21T23:00:32.080+0000] {dag.py:3047} INFO - Sync 1 DAGs
[2026-08-21T23:00:32.100+0000] {logging_mixin.py:188} INFO - [2026-08-21T23:00:32.100+0000] {dag.py:3834} INFO - Setting next_dagrun for example_params_ui_tutorial to None, run_after=None
[2026-08-21T23:00:32.132+0000] {processor.py:183} INFO - Processing /home/airflow/.local/lib/python3.8/site-packages/airflow/example_dags/example_params_ui_tutorial.py took 0.152 seconds
[2026-08-21T23:01:02.712+0000] {processor.py:161} INFO - Started process (PID=1690) to work on /home/airflow/.local/lib/python3.8/site-packages/airflow/example_dags/example_params_ui_tutorial.py
[2026-08-21T23:01:02.714+0000] {processor.py:830} INFO - Processing file /home/airflow/.local/lib/python3.8/site-packages/airflow/example_dags/example_params_ui_tutorial.py for tasks to queue
[2026-08-21T23:01:02.718+0000] {logging_mixin.py:188} INFO - [2026-08-21T23:01:02.717+0000] {dagbag.py:540} INFO - Filling up the DagBag from /home/airflow/.local/lib/python3.8/site-packages/airflow/example_dags/example_params_ui_tutorial.py
[2026-08-21T23:01:02.740+0000] {processor.py:840} INFO - DAG(s) 'example_params_ui_tutorial' retrieved from /home/airflow/.local/lib/python3.8/site-packages/airflow/example_dags/example_params_ui_tutorial.py
[2026-08-21T23:01:02.824+0000] {logging_mixin.py:188} INFO - [2026-08-21T23:01:02.824+0000] {dag.py:3047} INFO - Sync 1 DAGs
[2026-08-21T23:01:02.847+0000] {logging_mixin.py:188} INFO - [2026-08-21T23:01:02.847+0000] {dag.py:3834} INFO - Setting next_dagrun for example_params_ui_tutorial to None, run_after=None
[2026-08-21T23:01:02.891+0000] {processor.py:183} INFO - Processing /home/airflow/.local/lib/python3.8/site-packages/airflow/example_dags/example_params_ui_tutorial.py took 0.183 seconds
[2026-08-21T23:01:32.989+0000] {processor.py:161} INFO - Started process (PID=1747) to work on /home/airflow/.local/lib/python3.8/site-packages/airflow/example_dags/example_params_ui_tutorial.py
[2026-08-21T23:01:32.992+0000] {processor.py:830} INFO - Processing file /home/airflow/.local/lib/python3.8/site-packages/airflow/example_dags/example_params_ui_tutorial.py for tasks to queue
[2026-08-21T23:01:32.995+0000] {logging_mixin.py:188} INFO - [2026-08-21T23:01:32.994+0000] {dagbag.py:540} INFO - Filling up the DagBag from /home/airflow/.local/lib/python3.8/site-packages/airflow/example_dags/example_params_ui_tutorial.py
[2026-08-21T23:01:33.009+0000] {processor.py:840} INFO - DAG(s) 'example_params_ui_tutorial' retrieved from /home/airflow/.local/lib/python3.8/site-packages/airflow/example_dags/example_params_ui_tutorial.py
[2026-08-21T23:01:33.086+0000] {logging_mixin.py:188} INFO - [2026-08-21T23:01:33.086+0000] {dag.py:3047} INFO - Sync 1 DAGs
[2026-08-21T23:01:33.103+0000] {logging_mixin.py:188} INFO - [2026-08-21T23:01:33.103+0000] {dag.py:3834} INFO - Setting next_dagrun for example_params_ui_tutorial to None, run_after=None
[2026-08-21T23:01:33.126+0000] {processor.py:183} INFO - Processing /home/airflow/.local/lib/python3.8/site-packages/airflow/example_dags/example_params_ui_tutorial.py took 0.142 seconds
[2026-08-21T23:02:03.367+0000] {processor.py:161} INFO - Started process (PID=1804) to work on /home/airflow/.local/lib/python3.8/site-packages/airflow/example_dags/example_params_ui_tutorial.py
[2026-08-21T23:02:03.369+0000] {processor.py:830} INFO - Processing file /home/airflow/.local/lib/python3.8/site-packages/airflow/example_dags/example_params_ui_tutorial.py for tasks to queue
[2026-08-21T23:02:03.372+0000] {logging_mixin.py:188} INFO - [2026-08-21T23:02:03.371+0000] {dagbag.py:540} INFO - Filling up the DagBag from /home/airflow/.local/lib/python3.8/site-packages/airflow/example_dags/example_params_ui_tutorial.py
[2026-08-21T23:02:03.387+0000] {processor.py:840} INFO - DAG(s) 'example_params_ui_tutorial' retrieved from /home/airflow/.local/lib/python3.8/site-packages/airflow/example_dags/example_params_ui_tutorial.py
[2026-08-21T23:02:03.457+0000] {logging_mixin.py:188} INFO - [2026-08-21T23:02:03.456+0000] {dag.py:3047} INFO - Sync 1 DAGs
[2026-08-21T23:02:03.475+0000] {logging_mixin.py:188} INFO - [2026-08-21T23:02:03.475+0000] {dag.py:3834} INFO - Setting next_dagrun for example_params_ui_tutorial to None, run_after=None
[2026-08-21T23:02:03.501+0000] {processor.py:183} INFO - Processing /home/airflow/.local/lib/python3.8/site-packages/airflow/example_dags/example_params_ui_tutorial.py took 0.141 seconds
[2026-08-21T23:02:33.609+0000] {processor.py:161} INFO - Started process (PID=1861) to work on /home/airflow/.local/lib/python3.8/site-packages/airflow/example_dags/example_params_ui_tutorial.py
[2026-08-21T23:02:33.611+0000] {processor.py:830} INFO - Processing file /home/airflow/.local/lib/python3.8/site-packages/airflow/example_dags/example_params_ui_tutorial.py for tasks to queue
[2026-08-21T23:02:33.615+0000] {logging_mixin.py:188} INFO - [2026-08-21T23:02:33.615+0000] {dagbag.py:540} INFO - Filling up the DagBag from /home/airflow/.local/lib/python3.8/site-packages/airflow/example_dags/example_params_ui_tutorial.py
[2026-08-21T23:02:33.636+0000] {processor.py:840} INFO - DAG(s) 'example_params_ui_tutorial' retrieved from /home/airflow/.local/lib/python3.8/site-packages/airflow/example_dags/example_params_ui_tutorial.py
[2026-08-21T23:02:33.746+0000] {logging_mixin.py:188} INFO - [2026-08-21T23:02:33.746+0000] {dag.py:3047} INFO - Sync 1 DAGs
[2026-08-21T23:02:33.768+0000] {logging_mixin.py:188} INFO - [2026-08-21T23:02:33.768+0000] {dag.py:3834} INFO - Setting next_dagrun for example_params_ui_tutorial to None, run_after=None
[2026-08-21T23:02:33.798+0000] {processor.py:183} INFO - Processing /home/airflow/.local/lib/python3.8/site-packages/airflow/example_dags/example_params_ui_tutorial.py took 0.196 seconds
[2026-08-21T23:03:04.117+0000] {processor.py:161} INFO - Started process (PID=1918) to work on /home/airflow/.local/lib/python3.8/site-packages/airflow/example_dags/example_params_ui_tutorial.py
[2026-08-21T23:03:04.119+0000] {processor.py:830} INFO - Processing file /home/airflow/.local/lib/python3.8/site-packages/airflow/example_dags/example_params_ui_tutorial.py for tasks to queue
[2026-08-21T23:03:04.123+0000] {logging_mixin.py:188} INFO - [2026-08-21T23:03:04.123+0000] {dagbag.py:540} INFO - Filling up the DagBag from /home/airflow/.local/lib/python3.8/site-packages/airflow/example_dags/example_params_ui_tutorial.py
[2026-08-21T23:03:04.145+0000] {processor.py:840} INFO - DAG(s) 'example_params_ui_tutorial' retrieved from /home/airflow/.local/lib/python3.8/site-packages/airflow/example_dags/example_params_ui_tutorial.py
[2026-08-21T23:03:04.223+0000] {logging_mixin.py:188} INFO - [2026-08-21T23:03:04.223+0000] {dag.py:3047} INFO - Sync 1 DAGs
[2026-08-21T23:03:04.242+0000] {logging_mixin.py:188} INFO - [2026-08-21T23:03:04.242+0000] {dag.py:3834} INFO - Setting next_dagrun for example_params_ui_tutorial to None, run_after=None
[2026-08-21T23:03:04.272+0000] {processor.py:183} INFO - Processing /home/airflow/.local/lib/python3.8/site-packages/airflow/example_dags/example_params_ui_tutorial.py took 0.160 seconds
[2026-08-21T23:03:34.321+0000] {processor.py:161} INFO - Started process (PID=1975) to work on /home/airflow/.local/lib/python3.8/site-packages/airflow/example_dags/example_params_ui_tutorial.py
[2026-08-21T23:03:34.323+0000] {processor.py:830} INFO - Processing file /home/airflow/.local/lib/python3.8/site-packages/airflow/example_dags/example_params_ui_tutorial.py for tasks to queue
[2026-08-21T23:03:34.327+0000] {logging_mixin.py:188} INFO - [2026-08-21T23:03:34.327+0000] {dagbag.py:540} INFO - Filling up the DagBag from /home/airflow/.local/lib/python3.8/site-packages/airflow/example_dags/example_params_ui_tutorial.py
[2026-08-21T23:03:34.360+0000] {processor.py:840} INFO - DAG(s) 'example_params_ui_tutorial' retrieved from /home/airflow/.local/lib/python3.8/site-packages/airflow/example_dags/example_params_ui_tutorial.py
[2026-08-21T23:03:34.477+0000] {logging_mixin.py:188} INFO - [2026-08-21T23:03:34.477+0000] {dag.py:3047} INFO - Sync 1 DAGs
[2026-08-21T23:03:34.501+0000] {logging_mixin.py:188} INFO - [2026-08-21T23:03:34.498+0000] {dag.py:3834} INFO - Setting next_dagrun for example_params_ui_tutorial to None, run_after=None
[2026-08-21T23:03:34.531+0000] {processor.py:183} INFO - Processing /home/airflow/.local/lib/python3.8/site-packages/airflow/example_dags/example_params_ui_tutorial.py took 0.215 seconds
[2026-08-21T23:04:04.777+0000] {processor.py:161} INFO - Started process (PID=2032) to work on /home/airflow/.local/lib/python3.8/site-packages/airflow/example_dags/example_params_ui_tutorial.py
[2026-08-21T23:04:04.779+0000] {processor.py:830} INFO - Processing file /home/airflow/.local/lib/python3.8/site-packages/airflow/example_dags/example_params_ui_tutorial.py for tasks to queue
[2026-08-21T23:04:04.782+0000] {logging_mixin.py:188} INFO - [2026-08-21T23:04:04.782+0000] {dagbag.py:540} INFO - Filling up the DagBag from /home/airflow/.local/lib/python3.8/site-packages/airflow/example_dags/example_params_ui_tutorial.py
[2026-08-21T23:04:04.801+0000] {processor.py:840} INFO - DAG(s) 'example_params_ui_tutorial' retrieved from /home/airflow/.local/lib/python3.8/site-packages/airflow/example_dags/example_params_ui_tutorial.py
[2026-08-21T23:04:04.937+0000] {logging_mixin.py:188} INFO - [2026-08-21T23:04:04.937+0000] {dag.py:3047} INFO - Sync 1 DAGs
[2026-08-21T23:04:04.962+0000] {logging_mixin.py:188} INFO - [2026-08-21T23:04:04.961+0000] {dag.py:3834} INFO - Setting next_dagrun for example_params_ui_tutorial to None, run_after=None
[2026-08-21T23:04:04.993+0000] {processor.py:183} INFO - Processing /home/airflow/.local/lib/python3.8/site-packages/airflow/example_dags/example_params_ui_tutorial.py took 0.222 seconds
[2026-08-21T23:04:35.058+0000] {processor.py:161} INFO - Started process (PID=2089) to work on /home/airflow/.local/lib/python3.8/site-packages/airflow/example_dags/example_params_ui_tutorial.py
[2026-08-21T23:04:35.060+0000] {processor.py:830} INFO - Processing file /home/airflow/.local/lib/python3.8/site-packages/airflow/example_dags/example_params_ui_tutorial.py for tasks to queue
[2026-08-21T23:04:35.064+0000] {logging_mixin.py:188} INFO - [2026-08-21T23:04:35.064+0000] {dagbag.py:540} INFO - Filling up the DagBag from /home/airflow/.local/lib/python3.8/site-packages/airflow/example_dags/example_params_ui_tutorial.py
[2026-08-21T23:04:35.077+0000] {processor.py:840} INFO - DAG(s) 'example_params_ui_tutorial' retrieved from /home/airflow/.local/lib/python3.8/site-packages/airflow/example_dags/example_params_ui_tutorial.py
[2026-08-21T23:04:35.168+0000] {logging_mixin.py:188} INFO - [2026-08-21T23:04:35.168+0000] {dag.py:3047} INFO - Sync 1 DAGs
[2026-08-21T23:04:35.183+0000] {logging_mixin.py:188} INFO - [2026-08-21T23:04:35.182+0000] {dag.py:3834} INFO - Setting next_dagrun for example_params_ui_tutorial to None, run_after=None
[2026-08-21T23:04:35.204+0000] {processor.py:183} INFO - Processing /home/airflow/.local/lib/python3.8/site-packages/airflow/example_dags/example_params_ui_tutorial.py took 0.149 seconds
[2026-08-21T23:05:05.271+0000] {processor.py:161} INFO - Started process (PID=2147) to work on /home/airflow/.local/lib/python3.8/site-packages/airflow/example_dags/example_params_ui_tutorial.py
[2026-08-21T23:05:05.273+0000] {processor.py:830} INFO - Processing file /home/airflow/.local/lib/python3.8/site-packages/airflow/example_dags/example_params_ui_tutorial.py for tasks to queue
[2026-08-21T23:05:05.279+0000] {logging_mixin.py:188} INFO - [2026-08-21T23:05:05.278+0000] {dagbag.py:540} INFO - Filling up the DagBag from /home/airflow/.local/lib/python3.8/site-packages/airflow/example_dags/example_params_ui_tutorial.py
[2026-08-21T23:05:05.312+0000] {processor.py:840} INFO - DAG(s) 'example_params_ui_tutorial' retrieved from /home/airflow/.local/lib/python3.8/site-packages/airflow/example_dags/example_params_ui_tutorial.py
[2026-08-21T23:05:05.461+0000] {logging_mixin.py:188} INFO - [2026-08-21T23:05:05.461+0000] {dag.py:3047} INFO - Sync 1 DAGs
[2026-08-21T23:05:05.474+0000] {logging_mixin.py:188} INFO - [2026-08-21T23:05:05.474+0000] {dag.py:3834} INFO - Setting next_dagrun for example_params_ui_tutorial to None, run_after=None
[2026-08-21T23:05:05.496+0000] {processor.py:183} INFO - Processing /home/airflow/.local/lib/python3.8/site-packages/airflow/example_dags/example_params_ui_tutorial.py took 0.233 seconds
[2026-08-21T23:05:35.597+0000] {processor.py:161} INFO - Started process (PID=2203) to work on /home/airflow/.local/lib/python3.8/site-packages/airflow/example_dags/example_params_ui_tutorial.py
[2026-08-21T23:05:35.599+0000] {processor.py:830} INFO - Processing file /home/airflow/.local/lib/python3.8/site-packages/airflow/example_dags/example_params_ui_tutorial.py for tasks to queue
[2026-08-21T23:05:35.602+0000] {logging_mixin.py:188} INFO - [2026-08-21T23:05:35.601+0000] {dagbag.py:540} INFO - Filling up the DagBag from /home/airflow/.local/lib/python3.8/site-packages/airflow/example_dags/example_params_ui_tutorial.py
[2026-08-21T23:05:35.615+0000] {processor.py:840} INFO - DAG(s) 'example_params_ui_tutorial' retrieved from /home/airflow/.local/lib/python3.8/site-packages/airflow/example_dags/example_params_ui_tutorial.py
[2026-08-21T23:05:35.685+0000] {logging_mixin.py:188} INFO - [2026-08-21T23:05:35.684+0000] {dag.py:3047} INFO - Sync 1 DAGs
[2026-08-21T23:05:35.698+0000] {logging_mixin.py:188} INFO - [2026-08-21T23:05:35.698+0000] {dag.py:3834} INFO - Setting next_dagrun for example_params_ui_tutorial to None, run_after=None
[2026-08-21T23:05:35.716+0000] {processor.py:183} INFO - Processing /home/airflow/.local/lib/python3.8/site-packages/airflow/example_dags/example_params_ui_tutorial.py took 0.123 seconds
[2026-08-21T23:06:05.936+0000] {processor.py:161} INFO - Started process (PID=2260) to work on /home/airflow/.local/lib/python3.8/site-packages/airflow/example_dags/example_params_ui_tutorial.py
[2026-08-21T23:06:05.940+0000] {processor.py:830} INFO - Processing file /home/airflow/.local/lib/python3.8/site-packages/airflow/example_dags/example_params_ui_tutorial.py for tasks to queue
[2026-08-21T23:06:05.944+0000] {logging_mixin.py:188} INFO - [2026-08-21T23:06:05.944+0000] {dagbag.py:540} INFO - Filling up the DagBag from /home/airflow/.local/lib/python3.8/site-packages/airflow/example_dags/example_params_ui_tutorial.py
[2026-08-21T23:06:05.972+0000] {processor.py:840} INFO - DAG(s) 'example_params_ui_tutorial' retrieved from /home/airflow/.local/lib/python3.8/site-packages/airflow/example_dags/example_params_ui_tutorial.py
[2026-08-21T23:06:06.165+0000] {logging_mixin.py:188} INFO - [2026-08-21T23:06:06.165+0000] {dag.py:3047} INFO - Sync 1 DAGs
[2026-08-21T23:06:06.185+0000] {logging_mixin.py:188} INFO - [2026-08-21T23:06:06.184+0000] {dag.py:3834} INFO - Setting next_dagrun for example_params_ui_tutorial to None, run_after=None
[2026-08-21T23:06:06.210+0000] {processor.py:183} INFO - Processing /home/airflow/.local/lib/python3.8/site-packages/airflow/example_dags/example_params_ui_tutorial.py took 0.279 seconds
[2026-08-21T23:06:36.694+0000] {processor.py:161} INFO - Started process (PID=2317) to work on /home/airflow/.local/lib/python3.8/site-packages/airflow/example_dags/example_params_ui_tutorial.py
[2026-08-21T23:06:36.695+0000] {processor.py:830} INFO - Processing file /home/airflow/.local/lib/python3.8/site-packages/airflow/example_dags/example_params_ui_tutorial.py for tasks to queue
[2026-08-21T23:06:36.698+0000] {logging_mixin.py:188} INFO - [2026-08-21T23:06:36.698+0000] {dagbag.py:540} INFO - Filling up the DagBag from /home/airflow/.local/lib/python3.8/site-packages/airflow/example_dags/example_params_ui_tutorial.py
[2026-08-21T23:06:36.712+0000] {processor.py:840} INFO - DAG(s) 'example_params_ui_tutorial' retrieved from /home/airflow/.local/lib/python3.8/site-packages/airflow/example_dags/example_params_ui_tutorial.py
[2026-08-21T23:06:36.790+0000] {logging_mixin.py:188} INFO - [2026-08-21T23:06:36.789+0000] {dag.py:3047} INFO - Sync 1 DAGs
[2026-08-21T23:06:36.805+0000] {logging_mixin.py:188} INFO - [2026-08-21T23:06:36.804+0000] {dag.py:3834} INFO - Setting next_dagrun for example_params_ui_tutorial to None, run_after=None
[2026-08-21T23:06:36.825+0000] {processor.py:183} INFO - Processing /home/airflow/.local/lib/python3.8/site-packages/airflow/example_dags/example_params_ui_tutorial.py took 0.135 seconds
[2026-08-21T23:07:07.019+0000] {processor.py:161} INFO - Started process (PID=2374) to work on /home/airflow/.local/lib/python3.8/site-packages/airflow/example_dags/example_params_ui_tutorial.py
[2026-08-21T23:07:07.021+0000] {processor.py:830} INFO - Processing file /home/airflow/.local/lib/python3.8/site-packages/airflow/example_dags/example_params_ui_tutorial.py for tasks to queue
[2026-08-21T23:07:07.026+0000] {logging_mixin.py:188} INFO - [2026-08-21T23:07:07.026+0000] {dagbag.py:540} INFO - Filling up the DagBag from /home/airflow/.local/lib/python3.8/site-packages/airflow/example_dags/example_params_ui_tutorial.py
[2026-08-21T23:07:07.041+0000] {processor.py:840} INFO - DAG(s) 'example_params_ui_tutorial' retrieved from /home/airflow/.local/lib/python3.8/site-packages/airflow/example_dags/example_params_ui_tutorial.py
[2026-08-21T23:07:07.116+0000] {logging_mixin.py:188} INFO - [2026-08-21T23:07:07.116+0000] {dag.py:3047} INFO - Sync 1 DAGs
[2026-08-21T23:07:07.131+0000] {logging_mixin.py:188} INFO - [2026-08-21T23:07:07.130+0000] {dag.py:3834} INFO - Setting next_dagrun for example_params_ui_tutorial to None, run_after=None
[2026-08-21T23:07:07.154+0000] {processor.py:183} INFO - Processing /home/airflow/.local/lib/python3.8/site-packages/airflow/example_dags/example_params_ui_tutorial.py took 0.139 seconds
[2026-08-21T23:07:37.845+0000] {processor.py:161} INFO - Started process (PID=2431) to work on /home/airflow/.local/lib/python3.8/site-packages/airflow/example_dags/example_params_ui_tutorial.py
[2026-08-21T23:07:37.847+0000] {processor.py:830} INFO - Processing file /home/airflow/.local/lib/python3.8/site-packages/airflow/example_dags/example_params_ui_tutorial.py for tasks to queue
[2026-08-21T23:07:37.851+0000] {logging_mixin.py:188} INFO - [2026-08-21T23:07:37.850+0000] {dagbag.py:540} INFO - Filling up the DagBag from /home/airflow/.local/lib/python3.8/site-packages/airflow/example_dags/example_params_ui_tutorial.py
[2026-08-21T23:07:37.867+0000] {processor.py:840} INFO - DAG(s) 'example_params_ui_tutorial' retrieved from /home/airflow/.local/lib/python3.8/site-packages/airflow/example_dags/example_params_ui_tutorial.py
[2026-08-21T23:07:37.938+0000] {logging_mixin.py:188} INFO - [2026-08-21T23:07:37.938+0000] {dag.py:3047} INFO - Sync 1 DAGs
[2026-08-21T23:07:37.953+0000] {logging_mixin.py:188} INFO - [2026-08-21T23:07:37.953+0000] {dag.py:3834} INFO - Setting next_dagrun for example_params_ui_tutorial to None, run_after=None
[2026-08-21T23:07:37.977+0000] {processor.py:183} INFO - Processing /home/airflow/.local/lib/python3.8/site-packages/airflow/example_dags/example_params_ui_tutorial.py took 0.136 seconds
