[2026-08-21T22:46:47.880+0000] {processor.py:161} INFO - Started process (PID=104) to work on /home/airflow/.local/lib/python3.8/site-packages/airflow/example_dags/example_params_trigger_ui.py
[2026-08-21T22:46:47.882+0000] {processor.py:830} INFO - Processing file /home/airflow/.local/lib/python3.8/site-packages/airflow/example_dags/example_params_trigger_ui.py for tasks to queue
[2026-08-21T22:46:47.885+0000] {logging_mixin.py:188} INFO - [2026-08-21T22:46:47.884+0000] {dagbag.py:540} INFO - Filling up the DagBag from /home/airflow/.local/lib/python3.8/site-packages/airflow/example_dags/example_params_trigger_ui.py
[2026-08-21T22:46:47.906+0000] {processor.py:840} INFO - DAG(s) 'example_params_trigger_ui' retrieved from /home/airflow/.local/lib/python3.8/site-packages/airflow/example_dags/example_params_trigger_ui.py
[2026-08-21T22:46:48.068+0000] {logging_mixin.py:188} INFO - [2026-08-21T22:46:48.068+0000] {dag.py:3047} INFO - Sync 1 DAGs
[2026-08-21T22:46:48.083+0000] {logging_mixin.py:188} INFO - [2026-08-21T22:46:48.083+0000] {dag.py:3834} INFO - Setting next_dagrun for example_params_trigger_ui to None, run_after=None
[2026-08-21T22:46:48.111+0000] {processor.py:183} INFO - Processing /home/airflow/.local/lib/python3.8/site-packages/airflow/example_dags/example_params_trigger_ui.py took 0.235 seconds
[2026-08-21T22:47:18.310+0000] {processor.py:161} INFO - Started process (PID=161) to work on /home/airflow/.local/lib/python3.8/site-packages/airflow/example_dags/example_params_trigger_ui.py
[2026-08-21T22:47:18.312+0000] {processor.py:830} INFO - Processing file /home/airflow/.local/lib/python3.8/site-packages/airflow/example_dags/example_params_trigger_ui.py for tasks to queue
[2026-08-21T22:47:18.318+0000] {logging_mixin.py:188} INFO - [2026-08-21T22:47:18.317+0000] {dagbag.py:540} INFO - Filling up the DagBag from /home/airflow/.local/lib/python3.8/site-packages/airflow/example_dags/example_params_trigger_ui.py
[2026-08-21T22:47:18.336+0000] {processor.py:840} INFO - DAG(s) 'example_params_trigger_ui' retrieved from /home/airflow/.local/lib/python3.8/site-packages/airflow/example_dags/example_params_trigger_ui.py
[2026-08-21T22:47:18.408+0000] {logging_mixin.py:188} INFO - [2026-08-21T22:47:18.408+0000] {dag.py:3047} INFO - Sync 1 DAGs
[2026-08-21T22:47:18.426+0000] {logging_mixin.py:188} INFO - [2026-08-21T22:47:18.426+0000] {dag.py:3834} INFO - Setting next_dagrun for example_params_trigger_ui to None, run_after=None
[2026-08-21T22:47:18.458+0000] {processor.py:183} INFO - Processing /home/airflow/.local/lib/python3.8/site-packages/airflow/example_dags/example_params_trigger_ui.py took 0.152 seconds
[2026-08-21T22:47:48.906+0000] {processor.py:161} INFO - Started process (PID=218) to work on /home/airflow/.local/lib/python3.8/site-packages/airflow/example_dags/example_params_trigger_ui.py
[2026-08-21T22:47:48.908+0000] {processor.py:830} INFO - Processing file /home/airflow/.local/lib/python3.8/site-packages/airflow/example_dags/example_params_trigger_ui.py for tasks to queue
[2026-08-21T22:47:48.911+0000] {logging_mixin.py:188} INFO - [2026-08-21T22:47:48.911+0000] {dagbag.py:540} INFO - Filling up the DagBag from /home/airflow/.local/lib/python3.8/site-packages/airflow/example_dags/example_params_trigger_ui.py
[2026-08-21T22:47:48.929+0000] {processor.py:840} INFO - DAG(s) 'example_params_trigger_ui' retrieved from /home/airflow/.local/lib/python3.8/site-packages/airflow/example_dags/example_params_trigger_ui.py
[2026-08-21T22:47:48.989+0000] {logging_mixin.py:188} INFO - [2026-08-21T22:47:48.989+0000] {dag.py:3047} INFO - Sync 1 DAGs
[2026-08-21T22:47:49.004+0000] {logging_mixin.py:188} INFO - [2026-08-21T22:47:49.003+0000] {dag.py:3834} INFO - Setting next_dagrun for example_params_trigger_ui to None, run_after=None
[2026-08-21T22:47:49.032+0000] {processor.py:183} INFO - Processing /home/airflow/.local/lib/python3.8/site-packages/airflow/example_dags/example_params_trigger_ui.py took 0.129 seconds
[2026-08-21T22:48:19.490+0000] {processor.py:161} INFO - Started process (PID=275) to work on /home/airflow/.local/lib/python3.8/site-packages/airflow/example_dags/example_params_trigger_ui.py
[2026-08-21T22:48:19.493+0000] {processor.py:830} INFO - Processing file /home/airflow/.local/lib/python3.8/site-packages/airflow/example_dags/example_params_trigger_ui.py for tasks to queue
[2026-08-21T22:48:19.497+0000] {logging_mixin.py:188} INFO - [2026-08-21T22:48:19.496+0000] {dagbag.py:540} INFO - Filling up the DagBag from /home/airflow/.local/lib/python3.8/site-packages/airflow/example_dags/example_params_trigger_ui.py
[2026-08-21T22:48:19.518+0000] {processor.py:840} INFO - DAG(s) 'example_params_trigger_ui' retrieved from /home/airflow/.local/lib/python3.8/site-packages/airflow/example_dags/example_params_trigger_ui.py
[2026-08-21T22:48:19.577+0000] {logging_mixin.py:188} INFO - [2026-08-21T22:48:19.577+0000] {dag.py:3047} INFO - Sync 1 DAGs
[2026-08-21T22:48:19.592+0000] {logging_mixin.py:188} INFO - [2026-08-21T22:48:19.592+0000] {dag.py:3834} INFO - Setting next_dagrun for example_params_trigger_ui to None, run_after=None
[2026-08-21T22:48:19.616+0000] {processor.py:183} INFO - Processing /home/airflow/.local/lib/python3.8/site-packages/airflow/example_dags/example_params_trigger_ui.py took 0.130 seconds
[2026-08-21T22:48:50.360+0000] {processor.py:161} INFO - Started process (PID=333) to work on /home/airflow/.local/lib/python3.8/site-packages/airflow/example_dags/example_params_trigger_ui.py
[2026-08-21T22:48:50.362+0000] {processor.py:830} INFO - Processing file /home/airflow/.local/lib/python3.8/site-packages/airflow/example_dags/example_params_trigger_ui.py for tasks to queue
[2026-08-21T22:48:50.365+0000] {logging_mixin.py:188} INFO - [2026-08-21T22:48:50.364+0000] {dagbag.py:540} INFO - Filling up the DagBag from /home/airflow/.local/lib/python3.8/site-packages/airflow/example_dags/example_params_trigger_ui.py
[2026-08-21T22:48:50.382+0000] {processor.py:840} INFO - DAG(s) 'example_params_trigger_ui' retrieved from /home/airflow/.local/lib/python3.8/site-packages/airflow/example_dags/example_params_trigger_ui.py
[2026-08-21T22:48:50.450+0000] {logging_mixin.py:188} INFO - [2026-08-21T22:48:50.450+0000] {dag.py:3047} INFO - Sync 1 DAGs
[2026-08-21T22:48:50.490+0000] {logging_mixin.py:188} INFO - [2026-08-21T22:48:50.490+0000] {dag.py:3834} INFO - Setting next_dagrun for example_params_trigger_ui to None, run_after=None
[2026-08-21T22:48:50.550+0000] {processor.py:183} INFO - Processing /home/airflow/.local/lib/python3.8/site-packages/airflow/example_dags/example_params_trigger_ui.py took 0.194 seconds
[2026-08-21T22:49:20.655+0000] {processor.py:161} INFO - Started process (PID=389) to work on /home/airflow/.local/lib/python3.8/site-packages/airflow/example_dags/example_params_trigger_ui.py
[2026-08-21T22:49:20.658+0000] {processor.py:830} INFO - Processing file /home/airflow/.local/lib/python3.8/site-packages/airflow/example_dags/example_params_trigger_ui.py for tasks to queue
[2026-08-21T22:49:20.662+0000] {logging_mixin.py:188} INFO - [2026-08-21T22:49:20.661+0000] {dagbag.py:540} INFO - Filling up the DagBag from /home/airflow/.local/lib/python3.8/site-packages/airflow/example_dags/example_params_trigger_ui.py
[2026-08-21T22:49:20.684+0000] {processor.py:840} INFO - DAG(s) 'example_params_trigger_ui' retrieved from /home/airflow/.local/lib/python3.8/site-packages/airflow/example_dags/example_params_trigger_ui.py
[2026-08-21T22:49:20.748+0000] {logging_mixin.py:188} INFO - [2026-08-21T22:49:20.747+0000] {dag.py:3047} INFO - Sync 1 DAGs
[2026-08-21T22:49:20.762+0000] {logging_mixin.py:188} INFO - [2026-08-21T22:49:20.762+0000] {dag.py:3834} INFO - Setting next_dagrun for example_params_trigger_ui to None, run_after=None
[2026-08-21T22:49:20.789+0000] {processor.py:183} INFO - Processing /home/airflow/.local/lib/python3.8/site-packages/airflow/example_dags/example_params_trigger_ui.py took 0.140 seconds
[2026-08-21T22:49:51.239+0000] {processor.py:161} INFO - Started process (PID=446) to work on /home/airflow/.local/lib/python3.8/site-packages/airflow/example_dags/example_params_trigger_ui.py
[2026-08-21T22:49:51.240+0000] {processor.py:830} INFO - Processing file /home/airflow/.local/lib/python3.8/site-packages/airflow/example_dags/example_params_trigger_ui.py for tasks to queue
[2026-08-21T22:49:51.243+0000] {logging_mixin.py:188} INFO - [2026-08-21T22:49:51.242+0000] {dagbag.py:540} INFO - Filling up the DagBag from /home/airflow/.local/lib/python3.8/site-packages/airflow/example_dags/example_params_trigger_ui.py
[2026-08-21T22:49:51.257+0000] {processor.py:840} INFO - DAG(s) 'example_params_trigger_ui' retrieved from /home/airflow/.local/lib/python3.8/site-packages/airflow/example_dags/example_params_trigger_ui.py
[2026-08-21T22:49:51.317+0000] {logging_mixin.py:188} INFO - [2026-08-21T22:49:51.317+0000] {dag.py:3047} INFO - Sync 1 DAGs
[2026-08-21T22:49:51.332+0000] {logging_mixin.py:188} INFO - [2026-08-21T22:49:51.331+0000] {dag.py:3834} INFO - Setting next_dagrun for example_params_trigger_ui to None, run_after=None
[2026-08-21T22:49:51.356+0000] {processor.py:183} INFO - Processing /home/airflow/.local/lib/python3.8/site-packages/airflow/example_dags/example_params_trigger_ui.py took 0.122 seconds
[2026-08-21T22:50:21.774+0000] {processor.py:161} INFO - Started process (PID=503) to work on /home/airflow/.local/lib/python3.8/site-packages/airflow/example_dags/example_params_trigger_ui.py
[2026-08-21T22:50:21.775+0000] {processor.py:830} INFO - Processing file /home/airflow/.local/lib/python3.8/site-packages/airflow/example_dags/example_params_trigger_ui.py for tasks to queue
[2026-08-21T22:50:21.778+0000] {logging_mixin.py:188} INFO - [2026-08-21T22:50:21.777+0000] {dagbag.py:540} INFO - Filling up the DagBag from /home/airflow/.local/lib/python3.8/site-packages/airflow/example_dags/example_params_trigger_ui.py
[2026-08-21T22:50:21.799+0000] {processor.py:840} INFO - DAG(s) 'example_params_trigger_ui' retrieved from /home/airflow/.local/lib/python3.8/site-packages/airflow/example_dags/example_params_trigger_ui.py
[2026-08-21T22:50:21.867+0000] {logging_mixin.py:188} INFO - [2026-08-21T22:50:21.867+0000] {dag.py:3047} INFO - Sync 1 DAGs
[2026-08-21T22:50:21.880+0000] {logging_mixin.py:188} INFO - [2026-08-21T22:50:21.880+0000] {dag.py:3834} INFO - Setting next_dagrun for example_params_trigger_ui to None, run_after=None
[2026-08-21T22:50:21.901+0000] {processor.py:183} INFO - Processing /home/airflow/.local/lib/python3.8/site-packages/airflow/example_dags/example_params_trigger_ui.py took 0.133 seconds
[2026-08-21T22:50:52.950+0000] {processor.py:161} INFO - Started process (PID=560) to work on /home/airflow/.local/lib/python3.8/site-packages/airflow/example_dags/example_params_trigger_ui.py
[2026-08-21T22:50:52.952+0000] {processor.py:830} INFO - Processing file /home/airflow/.local/lib/python3.8/site-packages/airflow/example_dags/example_params_trigger_ui.py for tasks to queue
[2026-08-21T22:50:52.954+0000] {logging_mixin.py:188} INFO - [2026-08-21T22:50:52.954+0000] {dagbag.py:540} INFO - Filling up the DagBag from /home/airflow/.local/lib/python3.8/site-packages/airflow/example_dags/example_params_trigger_ui.py
[2026-08-21T22:50:52.969+0000] {processor.py:840} INFO - DAG(s) 'example_params_trigger_ui' retrieved from /home/airflow/.local/lib/python3.8/site-packages/airflow/example_dags/example_params_trigger_ui.py
[2026-08-21T22:50:53.038+0000] {logging_mixin.py:188} INFO - [2026-08-21T22:50:53.037+0000] {dag.py:3047} INFO - Sync 1 DAGs
[2026-08-21T22:50:53.055+0000] {logging_mixin.py:188} INFO - [2026-08-21T22:50:53.055+0000] {dag.py:3834} INFO - Setting next_dagrun for example_params_trigger_ui to None, run_after=None
[2026-08-21T22:50:53.088+0000] {processor.py:183} INFO - Processing /home/airflow/.local/lib/python3.8/site-packages/airflow/example_dags/example_params_trigger_ui.py took 0.141 seconds
[2026-08-21T22:51:23.198+0000] {processor.py:161} INFO - Started process (PID=617) to work on /home/airflow/.local/lib/python3.8/site-packages/airflow/example_dags/example_params_trigger_ui.py
[2026-08-21T22:51:23.200+0000] {processor.py:830} INFO - Processing file /home/airflow/.local/lib/python3.8/site-packages/airflow/example_dags/example_params_trigger_ui.py for tasks to queue
[2026-08-21T22:51:23.202+0000] {logging_mixin.py:188} INFO - [2026-08-21T22:51:23.202+0000] {dagbag.py:540} INFO - Filling up the DagBag from /home/airflow/.local/lib/python3.8/site-packages/airflow/example_dags/example_params_trigger_ui.py
[2026-08-21T22:51:23.216+0000] {processor.py:840} INFO - DAG(s) 'example_params_trigger_ui' retrieved from /home/airflow/.local/lib/python3.8/site-packages/airflow/example_dags/example_params_trigger_ui.py
[2026-08-21T22:51:23.280+0000] {logging_mixin.py:188} INFO - [2026-08-21T22:51:23.279+0000] {dag.py:3047} INFO - Sync 1 DAGs
[2026-08-21T22:51:23.294+0000] {logging_mixin.py:188} INFO - [2026-08-21T22:51:23.294+0000] {dag.py:3834} INFO - Setting next_dagrun for example_params_trigger_ui to None, run_after=None
[2026-08-21T22:51:23.328+0000] {processor.py:183} INFO - Processing /home/airflow/.local/lib/python3.8/site-packages/airflow/example_dags/example_params_trigger_ui.py took 0.134 seconds
[2026-08-21T22:51:54.365+0000] {processor.py:161} INFO - Started process (PID=674) to work on /home/airflow/.local/lib/python3.8/site-packages/airflow/example_dags/example_params_trigger_ui.py
[2026-08-21T22:51:54.367+0000] {processor.py:830} INFO - Processing file /home/airflow/.local/lib/python3.8/site-packages/airflow/example_dags/example_params_trigger_ui.py for tasks to queue
[2026-08-21T22:51:54.370+0000] {logging_mixin.py:188} INFO - [2026-08-21T22:51:54.370+0000] {dagbag.py:540} INFO - Filling up the DagBag from /home/airflow/.local/lib/python3.8/site-packages/airflow/example_dags/example_params_trigger_ui.py
[2026-08-21T22:51:54.386+0000] {processor.py:840} INFO - DAG(s) 'example_params_trigger_ui' retrieved from /home/airflow/.local/lib/python3.8/site-packages/airflow/example_dags/example_params_trigger_ui.py
[2026-08-21T22:51:54.451+0000] {logging_mixin.py:188} INFO - [2026-08-21T22:51:54.451+0000] {dag.py:3047} INFO - Sync 1 DAGs
[2026-08-21T22:51:54.469+0000] {logging_mixin.py:188} INFO - [2026-08-21T22:51:54.469+0000] {dag.py:3834} INFO - Setting next_dagrun for example_params_trigger_ui to None, run_after=None
[2026-08-21T22:51:54.496+0000] {processor.py:183} INFO - Processing /home/airflow/.local/lib/python3.8/site-packages/airflow/example_dags/example_params_trigger_ui.py took 0.134 seconds
[2026-08-21T22:52:24.807+0000] {processor.py:161} INFO - Started process (PID=731) to work on /home/airflow/.local/lib/python3.8/site-packages/airflow/example_dags/example_params_trigger_ui.py
[2026-08-21T22:52:24.810+0000] {processor.py:830} INFO - Processing file /home/airflow/.local/lib/python3.8/site-packages/airflow/example_dags/example_params_trigger_ui.py for tasks to queue
[2026-08-21T22:52:24.812+0000] {logging_mixin.py:188} INFO - [2026-08-21T22:52:24.812+0000] {dagbag.py:540} INFO - Filling up the DagBag from /home/airflow/.local/lib/python3.8/site-packages/airflow/example_dags/example_params_trigger_ui.py
[2026-08-21T22:52:24.830+0000] {processor.py:840} INFO - DAG(s) 'example_params_trigger_ui' retrieved from /home/airflow/.local/lib/python3.8/site-packages/airflow/example_dags/example_params_trigger_ui.py
[2026-08-21T22:52:24.889+0000] {logging_mixin.py:188} INFO - [2026-08-21T22:52:24.888+0000] {dag.py:3047} INFO - Sync 1 DAGs
[2026-08-21T22:52:24.907+0000] {logging_mixin.py:188} INFO - [2026-08-21T22:52:24.907+0000] {dag.py:3834} INFO - Setting next_dagrun for example_params_trigger_ui to None, run_after=None
[2026-08-21T22:52:24.934+0000] {processor.py:183} INFO - Processing /home/airflow/.local/lib/python3.8/site-packages/airflow/example_dags/example_params_trigger_ui.py took 0.132 seconds
[2026-08-21T22:52:55.741+0000] {processor.py:161} INFO - Started process (PID=788) to work on /home/airflow/.local/lib/python3.8/site-packages/airflow/example_dags/example_params_trigger_ui.py
[2026-08-21T22:52:55.743+0000] {processor.py:830} INFO - Processing file /home/airflow/.local/lib/python3.8/site-packages/airflow/example_dags/example_params_trigger_ui.py for tasks to queue
[2026-08-21T22:52:55.746+0000] {logging_mixin.py:188} INFO - [2026-08-21T22:52:55.745+0000] {dagbag.py:540} INFO - Filling up the DagBag from /home/airflow/.local/lib/python3.8/site-packages/airflow/example_dags/example_params_trigger_ui.py
[2026-08-21T22:52:55.766+0000] {processor.py:840} INFO - DAG(s) 'example_params_trigger_ui' retrieved from /home/airflow/.local/lib/python3.8/site-packages/airflow/example_dags/example_params_trigger_ui.py
[2026-08-21T22:52:55.838+0000] {logging_mixin.py:188} INFO - [2026-08-21T22:52:55.837+0000] {dag.py:3047} INFO - Sync 1 DAGs
[2026-08-21T22:52:55.860+0000] {logging_mixin.py:188} INFO - [2026-08-21T22:52:55.859+0000] {dag.py:3834} INFO - Setting next_dagrun for example_params_trigger_ui to None, run_after=None
[2026-08-21T22:52:55.895+0000] {processor.py:183} INFO - Processing /home/airflow/.local/lib/python3.8/site-packages/airflow/example_dags/example_params_trigger_ui.py took 0.159 seconds
[2026-08-21T22:53:26.751+0000] {processor.py:161} INFO - Started process (PID=845) to work on /home/airflow/.local/lib/python3.8/site-packages/airflow/example_dags/example_params_trigger_ui.py
[2026-08-21T22:53:26.753+0000] {processor.py:830} INFO - Processing file /home/airflow/.local/lib/python3.8/site-packages/airflow/example_dags/example_params_trigger_ui.py for tasks to queue
[2026-08-21T22:53:26.756+0000] {logging_mixin.py:188} INFO - [2026-08-21T22:53:26.755+0000] {dagbag.py:540} INFO - Filling up the DagBag from /home/airflow/.local/lib/python3.8/site-packages/airflow/example_dags/example_params_trigger_ui.py
[2026-08-21T22:53:26.773+0000] {processor.py:840} INFO - DAG(s) 'example_params_trigger_ui' retrieved from /home/airflow/.local/lib/python3.8/site-packages/airflow/example_dags/example_params_trigger_ui.py
[2026-08-21T22:53:26.836+0000] {logging_mixin.py:188} INFO - [2026-08-21T22:53:26.836+0000] {dag.py:3047} INFO - Sync 1 DAGs
[2026-08-21T22:53:26.855+0000] {logging_mixin.py:188} INFO - [2026-08-21T22:53:26.855+0000] {dag.py:3834} INFO - Setting next_dagrun for example_params_trigger_ui to None, run_after=None
[2026-08-21T22:53:26.886+0000] {processor.py:183} INFO - Processing /home/airflow/.local/lib/python3.8/site-packages/airflow/example_dags/example_params_trigger_ui.py took 0.138 seconds
[2026-08-21T22:53:57.159+0000] {processor.py:161} INFO - Started process (PID=902) to work on /home/airflow/.local/lib/python3.8/site-packages/airflow/example_dags/example_params_trigger_ui.py
[2026-08-21T22:53:57.161+0000] {processor.py:830} INFO - Processing file /home/airflow/.local/lib/python3.8/site-packages/airflow/example_dags/example_params_trigger_ui.py for tasks to queue
[2026-08-21T22:53:57.165+0000] {logging_mixin.py:188} INFO - [2026-08-21T22:53:57.164+0000] {dagbag.py:540} INFO - Filling up the DagBag from /home/airflow/.local/lib/python3.8/site-packages/airflow/example_dags/example_params_trigger_ui.py
[2026-08-21T22:53:57.187+0000] {processor.py:840} INFO - DAG(s) 'example_params_trigger_ui' retrieved from /home/airflow/.local/lib/python3.8/site-packages/airflow/example_dags/example_params_trigger_ui.py
[2026-08-21T22:53:57.251+0000] {logging_mixin.py:188} INFO - [2026-08-21T22:53:57.250+0000] {dag.py:3047} INFO - Sync 1 DAGs
[2026-08-21T22:53:57.264+0000] {logging_mixin.py:188} INFO - [2026-08-21T22:53:57.264+0000] {dag.py:3834} INFO - Setting next_dagrun for example_params_trigger_ui to None, run_after=None
[2026-08-21T22:53:57.287+0000] {processor.py:183} INFO - Processing /home/airflow/.local/lib/python3.8/site-packages/airflow/example_dags/example_params_trigger_ui.py took 0.132 seconds
[2026-08-21T22:54:27.463+0000] {processor.py:161} INFO - Started process (PID=957) to work on /home/airflow/.local/lib/python3.8/site-packages/airflow/example_dags/example_params_trigger_ui.py
[2026-08-21T22:54:27.465+0000] {processor.py:830} INFO - Processing file /home/airflow/.local/lib/python3.8/site-packages/airflow/example_dags/example_params_trigger_ui.py for tasks to queue
[2026-08-21T22:54:27.469+0000] {logging_mixin.py:188} INFO - [2026-08-21T22:54:27.468+0000] {dagbag.py:540} INFO - Filling up the DagBag from /home/airflow/.local/lib/python3.8/site-packages/airflow/example_dags/example_params_trigger_ui.py
[2026-08-21T22:54:27.488+0000] {processor.py:840} INFO - DAG(s) 'example_params_trigger_ui' retrieved from /home/airflow/.local/lib/python3.8/site-packages/airflow/example_dags/example_params_trigger_ui.py
[2026-08-21T22:54:27.577+0000] {logging_mixin.py:188} INFO - [2026-08-21T22:54:27.577+0000] {dag.py:3047} INFO - Sync 1 DAGs
[2026-08-21T22:54:27.594+0000] {logging_mixin.py:188} INFO - [2026-08-21T22:54:27.593+0000] {dag.py:3834} INFO - Setting next_dagrun for example_params_trigger_ui to None, run_after=None
[2026-08-21T22:54:27.623+0000] {processor.py:183} INFO - Processing /home/airflow/.local/lib/python3.8/site-packages/airflow/example_dags/example_params_trigger_ui.py took 0.166 seconds
[2026-08-21T22:54:57.882+0000] {processor.py:161} INFO - Started process (PID=1014) to work on /home/airflow/.local/lib/python3.8/site-packages/airflow/example_dags/example_params_trigger_ui.py
[2026-08-21T22:54:57.884+0000] {processor.py:830} INFO - Processing file /home/airflow/.local/lib/python3.8/site-packages/airflow/example_dags/example_params_trigger_ui.py for tasks to queue
[2026-08-21T22:54:57.887+0000] {logging_mixin.py:188} INFO - [2026-08-21T22:54:57.887+0000] {dagbag.py:540} INFO - Filling up the DagBag from /home/airflow/.local/lib/python3.8/site-packages/airflow/example_dags/example_params_trigger_ui.py
[2026-08-21T22:54:57.903+0000] {processor.py:840} INFO - DAG(s) 'example_params_trigger_ui' retrieved from /home/airflow/.local/lib/python3.8/site-packages/airflow/example_dags/example_params_trigger_ui.py
[2026-08-21T22:54:57.959+0000] {logging_mixin.py:188} INFO - [2026-08-21T22:54:57.959+0000] {dag.py:3047} INFO - Sync 1 DAGs
[2026-08-21T22:54:57.974+0000] {logging_mixin.py:188} INFO - [2026-08-21T22:54:57.974+0000] {dag.py:3834} INFO - Setting next_dagrun for example_params_trigger_ui to None, run_after=None
[2026-08-21T22:54:58.002+0000] {processor.py:183} INFO - Processing /home/airflow/.local/lib/python3.8/site-packages/airflow/example_dags/example_params_trigger_ui.py took 0.124 seconds
[2026-08-21T22:55:28.531+0000] {processor.py:161} INFO - Started process (PID=1071) to work on /home/airflow/.local/lib/python3.8/site-packages/airflow/example_dags/example_params_trigger_ui.py
[2026-08-21T22:55:28.533+0000] {processor.py:830} INFO - Processing file /home/airflow/.local/lib/python3.8/site-packages/airflow/example_dags/example_params_trigger_ui.py for tasks to queue
[2026-08-21T22:55:28.536+0000] {logging_mixin.py:188} INFO - [2026-08-21T22:55:28.535+0000] {dagbag.py:540} INFO - Filling up the DagBag from /home/airflow/.local/lib/python3.8/site-packages/airflow/example_dags/example_params_trigger_ui.py
[2026-08-21T22:55:28.556+0000] {processor.py:840} INFO - DAG(s) 'example_params_trigger_ui' retrieved from /home/airflow/.local/lib/python3.8/site-packages/airflow/example_dags/example_params_trigger_ui.py
[2026-08-21T22:55:28.617+0000] {logging_mixin.py:188} INFO - [2026-08-21T22:55:28.617+0000] {dag.py:3047} INFO - Sync 1 DAGs
[2026-08-21T22:55:28.635+0000] {logging_mixin.py:188} INFO - [2026-08-21T22:55:28.635+0000] {dag.py:3834} INFO - Setting next_dagrun for example_params_trigger_ui to None, run_after=None
[2026-08-21T22:55:28.663+0000] {processor.py:183} INFO - Processing /home/airflow/.local/lib/python3.8/site-packages/airflow/example_dags/example_params_trigger_ui.py took 0.135 seconds
[2026-08-21T22:55:58.900+0000] {processor.py:161} INFO - Started process (PID=1128) to work on /home/airflow/.local/lib/python3.8/site-packages/airflow/example_dags/example_params_trigger_ui.py
[2026-08-21T22:55:58.902+0000] {processor.py:830} INFO - Processing file /home/airflow/.local/lib/python3.8/site-packages/airflow/example_dags/example_params_trigger_ui.py for tasks to queue
[2026-08-21T22:55:58.904+0000] {logging_mixin.py:188} INFO - [2026-08-21T22:55:58.904+0000] {dagbag.py:540} INFO - Filling up the DagBag from /home/airflow/.local/lib/python3.8/site-packages/airflow/example_dags/example_params_trigger_ui.py
[2026-08-21T22:55:58.922+0000] {processor.py:840} INFO - DAG(s) 'example_params_trigger_ui' retrieved from /home/airflow/.local/lib/python3.8/site-packages/airflow/example_dags/example_params_trigger_ui.py
[2026-08-21T22:55:59.032+0000] {logging_mixin.py:188} INFO - [2026-08-21T22:55:59.031+0000] {dag.py:3047} INFO - Sync 1 DAGs
[2026-08-21T22:55:59.051+0000] {logging_mixin.py:188} INFO - [2026-08-21T22:55:59.050+0000] {dag.py:3834} INFO - Setting next_dagrun for example_params_trigger_ui to None, run_after=None
[2026-08-21T22:55:59.083+0000] {processor.py:183} INFO - Processing /home/airflow/.local/lib/python3.8/site-packages/airflow/example_dags/example_params_trigger_ui.py took 0.187 seconds
[2026-08-21T22:56:29.620+0000] {processor.py:161} INFO - Started process (PID=1185) to work on /home/airflow/.local/lib/python3.8/site-packages/airflow/example_dags/example_params_trigger_ui.py
[2026-08-21T22:56:29.622+0000] {processor.py:830} INFO - Processing file /home/airflow/.local/lib/python3.8/site-packages/airflow/example_dags/example_params_trigger_ui.py for tasks to queue
[2026-08-21T22:56:29.625+0000] {logging_mixin.py:188} INFO - [2026-08-21T22:56:29.625+0000] {dagbag.py:540} INFO - Filling up the DagBag from /home/airflow/.local/lib/python3.8/site-packages/airflow/example_dags/example_params_trigger_ui.py
[2026-08-21T22:56:29.639+0000] {processor.py:840} INFO - DAG(s) 'example_params_trigger_ui' retrieved from /home/airflow/.local/lib/python3.8/site-packages/airflow/example_dags/example_params_trigger_ui.py
[2026-08-21T22:56:29.700+0000] {logging_mixin.py:188} INFO - [2026-08-21T22:56:29.700+0000] {dag.py:3047} INFO - Sync 1 DAGs
[2026-08-21T22:56:29.716+0000] {logging_mixin.py:188} INFO - [2026-08-21T22:56:29.715+0000] {dag.py:3834} INFO - Setting next_dagrun for example_params_trigger_ui to None, run_after=None
[2026-08-21T22:56:29.743+0000] {processor.py:183} INFO - Processing /home/airflow/.local/lib/python3.8/site-packages/airflow/example_dags/example_params_trigger_ui.py took 0.127 seconds
[2026-08-21T22:57:00.344+0000] {processor.py:161} INFO - Started process (PID=1242) to work on /home/airflow/.local/lib/python3.8/site-packages/airflow/example_dags/example_params_trigger_ui.py
[2026-08-21T22:57:00.346+0000] {processor.py:830} INFO - Processing file /home/airflow/.local/lib/python3.8/site-packages/airflow/example_dags/example_params_trigger_ui.py for tasks to queue
[2026-08-21T22:57:00.348+0000] {logging_mixin.py:188} INFO - [2026-08-21T22:57:00.348+0000] {dagbag.py:540} INFO - Filling up the DagBag from /home/airflow/.local/lib/python3.8/site-packages/airflow/example_dags/example_params_trigger_ui.py
[2026-08-21T22:57:00.365+0000] {processor.py:840} INFO - DAG(s) 'example_params_trigger_ui' retrieved from /home/airflow/.local/lib/python3.8/site-packages/airflow/example_dags/example_params_trigger_ui.py
[2026-08-21T22:57:00.430+0000] {logging_mixin.py:188} INFO - [2026-08-21T22:57:00.430+0000] {dag.py:3047} INFO - Sync 1 DAGs
[2026-08-21T22:57:00.449+0000] {logging_mixin.py:188} INFO - [2026-08-21T22:57:00.449+0000] {dag.py:3834} INFO - Setting next_dagrun for example_params_trigger_ui to None, run_after=None
[2026-08-21T22:57:00.479+0000] {processor.py:183} INFO - Processing /home/airflow/.local/lib/python3.8/site-packages/airflow/example_dags/example_params_trigger_ui.py took 0.138 seconds
[2026-08-21T22:57:30.900+0000] {processor.py:161} INFO - Started process (PID=1299) to work on /home/airflow/.local/lib/python3.8/site-packages/airflow/example_dags/example_params_trigger_ui.py
[2026-08-21T22:57:30.902+0000] {processor.py:830} INFO - Processing file /home/airflow/.local/lib/python3.8/site-packages/airflow/example_dags/example_params_trigger_ui.py for tasks to queue
[2026-08-21T22:57:30.904+0000] {logging_mixin.py:188} INFO - [2026-08-21T22:57:30.904+0000] {dagbag.py:540} INFO - Filling up the DagBag from /home/airflow/.local/lib/python3.8/site-packages/airflow/example_dags/example_params_trigger_ui.py
[2026-08-21T22:57:30.921+0000] {processor.py:840} INFO - DAG(s) 'example_params_trigger_ui' retrieved from /home/airflow/.local/lib/python3.8/site-packages/airflow/example_dags/example_params_trigger_ui.py
[2026-08-21T22:57:30.984+0000] {logging_mixin.py:188} INFO - [2026-08-21T22:57:30.984+0000] {dag.py:3047} INFO - Sync 1 DAGs
[2026-08-21T22:57:30.998+0000] {logging_mixin.py:188} INFO - [2026-08-21T22:57:30.998+0000] {dag.py:3834} INFO - Setting next_dagrun for example_params_trigger_ui to None, run_after=None
[2026-08-21T22:57:31.023+0000] {processor.py:183} INFO - Processing /home/airflow/.local/lib/python3.8/site-packages/airflow/example_dags/example_params_trigger_ui.py took 0.127 seconds
[2026-08-21T22:58:01.209+0000] {processor.py:161} INFO - Started process (PID=1356) to work on /home/airflow/.local/lib/python3.8/site-packages/airflow/example_dags/example_params_trigger_ui.py
[2026-08-21T22:58:01.210+0000] {processor.py:830} INFO - Processing file /home/airflow/.local/lib/python3.8/site-packages/airflow/example_dags/example_params_trigger_ui.py for tasks to queue
[2026-08-21T22:58:01.213+0000] {logging_mixin.py:188} INFO - [2026-08-21T22:58:01.213+0000] {dagbag.py:540} INFO - Filling up the DagBag from /home/airflow/.local/lib/python3.8/site-packages/airflow/example_dags/example_params_trigger_ui.py
[2026-08-21T22:58:01.227+0000] {processor.py:840} INFO - DAG(s) 'example_params_trigger_ui' retrieved from /home/airflow/.local/lib/python3.8/site-packages/airflow/example_dags/example_params_trigger_ui.py
[2026-08-21T22:58:01.282+0000] {logging_mixin.py:188} INFO - [2026-08-21T22:58:01.281+0000] {dag.py:3047} INFO - Sync 1 DAGs
[2026-08-21T22:58:01.294+0000] {logging_mixin.py:188} INFO - [2026-08-21T22:58:01.294+0000] {dag.py:3834} INFO - Setting next_dagrun for example_params_trigger_ui to None, run_after=None
[2026-08-21T22:58:01.320+0000] {processor.py:183} INFO - Processing /home/airflow/.local/lib/python3.8/site-packages/airflow/example_dags/example_params_trigger_ui.py took 0.114 seconds
[2026-08-21T22:58:31.933+0000] {processor.py:161} INFO - Started process (PID=1413) to work on /home/airflow/.local/lib/python3.8/site-packages/airflow/example_dags/example_params_trigger_ui.py
[2026-08-21T22:58:31.934+0000] {processor.py:830} INFO - Processing file /home/airflow/.local/lib/python3.8/site-packages/airflow/example_dags/example_params_trigger_ui.py for tasks to queue
[2026-08-21T22:58:31.937+0000] {logging_mixin.py:188} INFO - [2026-08-21T22:58:31.937+0000] {dagbag.py:540} INFO - Filling up the DagBag from /home/airflow/.local/lib/python3.8/site-packages/airflow/example_dags/example_params_trigger_ui.py
[2026-08-21T22:58:31.956+0000] {processor.py:840} INFO - DAG(s) 'example_params_trigger_ui' retrieved from /home/airflow/.local/lib/python3.8/site-packages/airflow/example_dags/example_params_trigger_ui.py
[2026-08-21T22:58:32.015+0000] {logging_mixin.py:188} INFO - [2026-08-21T22:58:32.014+0000] {dag.py:3047} INFO - Sync 1 DAGs
[2026-08-21T22:58:32.028+0000] {logging_mixin.py:188} INFO - [2026-08-21T22:58:32.028+0000] {dag.py:3834} INFO - Setting next_dagrun for example_params_trigger_ui to None, run_after=None
[2026-08-21T22:58:32.053+0000] {processor.py:183} INFO - Processing /home/airflow/.local/lib/python3.8/site-packages/airflow/example_dags/example_params_trigger_ui.py took 0.124 seconds
[2026-08-21T22:59:02.281+0000] {processor.py:161} INFO - Started process (PID=1470) to work on /home/airflow/.local/lib/python3.8/site-packages/airflow/example_dags/example_params_trigger_ui.py
[2026-08-21T22:59:02.283+0000] {processor.py:830} INFO - Processing file /home/airflow/.local/lib/python3.8/site-packages/airflow/example_dags/example_params_trigger_ui.py for tasks to queue
[2026-08-21T22:59:02.285+0000] {logging_mixin.py:188} INFO - [2026-08-21T22:59:02.285+0000] {dagbag.py:540} INFO - Filling up the DagBag from /home/airflow/.local/lib/python3.8/site-packages/airflow/example_dags/example_params_trigger_ui.py
[2026-08-21T22:59:02.301+0000] {processor.py:840} INFO - DAG(s) 'example_params_trigger_ui' retrieved from /home/airflow/.local/lib/python3.8/site-packages/airflow/example_dags/example_params_trigger_ui.py
[2026-08-21T22:59:02.363+0000] {logging_mixin.py:188} INFO - [2026-08-21T22:59:02.363+0000] {dag.py:3047} INFO - Sync 1 DAGs
[2026-08-21T22:59:02.380+0000] {logging_mixin.py:188} INFO - [2026-08-21T22:59:02.379+0000] {dag.py:3834} INFO - Setting next_dagrun for example_params_trigger_ui to None, run_after=None
[2026-08-21T22:59:02.405+0000] {processor.py:183} INFO - Processing /home/airflow/.local/lib/python3.8/site-packages/airflow/example_dags/example_params_trigger_ui.py took 0.129 seconds
[2026-08-21T22:59:32.645+0000] {processor.py:161} INFO - Started process (PID=1527) to work on /home/airflow/.local/lib/python3.8/site-packages/airflow/example_dags/example_params_trigger_ui.py
[2026-08-21T22:59:32.647+0000] {processor.py:830} INFO - Processing file /home/airflow/.local/lib/python3.8/site-packages/airflow/example_dags/example_params_trigger_ui.py for tasks to queue
[2026-08-21T22:59:32.649+0000] {logging_mixin.py:188} INFO - [2026-08-21T22:59:32.649+0000] {dagbag.py:540} INFO - Filling up the DagBag from /home/airflow/.local/lib/python3.8/site-packages/airflow/example_dags/example_params_trigger_ui.py
[2026-08-21T22:59:32.668+0000] {processor.py:840} INFO - DAG(s) 'example_params_trigger_ui' retrieved from /home/airflow/.local/lib/python3.8/site-packages/airflow/example_dags/example_params_trigger_ui.py
[2026-08-21T22:59:32.732+0000] {logging_mixin.py:188} INFO - [2026-08-21T22:59:32.731+0000] {dag.py:3047} INFO - Sync 1 DAGs
[2026-08-21T22:59:32.752+0000] {logging_mixin.py:188} INFO - [2026-08-21T22:59:32.752+0000] {dag.py:3834} INFO - Setting next_dagrun for example_params_trigger_ui to None, run_after=None
[2026-08-21T22:59:32.785+0000] {processor.py:183} INFO - Processing /home/airflow/.local/lib/python3.8/site-packages/airflow/example_dags/example_params_trigger_ui.py took 0.143 seconds
[2026-08-21T23:00:03.306+0000] {processor.py:161} INFO - Started process (PID=1584) to work on /home/airflow/.local/lib/python3.8/site-packages/airflow/example_dags/example_params_trigger_ui.py
[2026-08-21T23:00:03.308+0000] {processor.py:830} INFO - Processing file /home/airflow/.local/lib/python3.8/site-packages/airflow/example_dags/example_params_trigger_ui.py for tasks to queue
[2026-08-21T23:00:03.311+0000] {logging_mixin.py:188} INFO - [2026-08-21T23:00:03.311+0000] {dagbag.py:540} INFO - Filling up the DagBag from /home/airflow/.local/lib/python3.8/site-packages/airflow/example_dags/example_params_trigger_ui.py
[2026-08-21T23:00:03.328+0000] {processor.py:840} INFO - DAG(s) 'example_params_trigger_ui' retrieved from /home/airflow/.local/lib/python3.8/site-packages/airflow/example_dags/example_params_trigger_ui.py
[2026-08-21T23:00:03.385+0000] {logging_mixin.py:188} INFO - [2026-08-21T23:00:03.385+0000] {dag.py:3047} INFO - Sync 1 DAGs
[2026-08-21T23:00:03.400+0000] {logging_mixin.py:188} INFO - [2026-08-21T23:00:03.399+0000] {dag.py:3834} INFO - Setting next_dagrun for example_params_trigger_ui to None, run_after=None
[2026-08-21T23:00:03.424+0000] {processor.py:183} INFO - Processing /home/airflow/.local/lib/python3.8/site-packages/airflow/example_dags/example_params_trigger_ui.py took 0.123 seconds
[2026-08-21T23:00:33.642+0000] {processor.py:161} INFO - Started process (PID=1642) to work on /home/airflow/.local/lib/python3.8/site-packages/airflow/example_dags/example_params_trigger_ui.py
[2026-08-21T23:00:33.644+0000] {processor.py:830} INFO - Processing file /home/airflow/.local/lib/python3.8/site-packages/airflow/example_dags/example_params_trigger_ui.py for tasks to queue
[2026-08-21T23:00:33.646+0000] {logging_mixin.py:188} INFO - [2026-08-21T23:00:33.646+0000] {dagbag.py:540} INFO - Filling up the DagBag from /home/airflow/.local/lib/python3.8/site-packages/airflow/example_dags/example_params_trigger_ui.py
[2026-08-21T23:00:33.661+0000] {processor.py:840} INFO - DAG(s) 'example_params_trigger_ui' retrieved from /home/airflow/.local/lib/python3.8/site-packages/airflow/example_dags/example_params_trigger_ui.py
[2026-08-21T23:00:33.724+0000] {logging_mixin.py:188} INFO - [2026-08-21T23:00:33.724+0000] {dag.py:3047} INFO - Sync 1 DAGs
[2026-08-21T23:00:33.739+0000] {logging_mixin.py:188} INFO - [2026-08-21T23:00:33.739+0000] {dag.py:3834} INFO - Setting next_dagrun for example_params_trigger_ui to None, run_after=None
[2026-08-21T23:00:33.765+0000] {processor.py:183} INFO - Processing /home/airflow/.local/lib/python3.8/site-packages/airflow/example_dags/example_params_trigger_ui.py took 0.126 seconds
[2026-08-21T23:01:04.426+0000] {processor.py:161} INFO - Started process (PID=1698) to work on /home/airflow/.local/lib/python3.8/site-packages/airflow/example_dags/example_params_trigger_ui.py
[2026-08-21T23:01:04.427+0000] {processor.py:830} INFO - Processing file /home/airflow/.local/lib/python3.8/site-packages/airflow/example_dags/example_params_trigger_ui.py for tasks to queue
[2026-08-21T23:01:04.430+0000] {logging_mixin.py:188} INFO - [2026-08-21T23:01:04.429+0000] {dagbag.py:540} INFO - Filling up the DagBag from /home/airflow/.local/lib/python3.8/site-packages/airflow/example_dags/example_params_trigger_ui.py
[2026-08-21T23:01:04.450+0000] {processor.py:840} INFO - DAG(s) 'example_params_trigger_ui' retrieved from /home/airflow/.local/lib/python3.8/site-packages/airflow/example_dags/example_params_trigger_ui.py
[2026-08-21T23:01:04.508+0000] {logging_mixin.py:188} INFO - [2026-08-21T23:01:04.508+0000] {dag.py:3047} INFO - Sync 1 DAGs
[2026-08-21T23:01:04.527+0000] {logging_mixin.py:188} INFO - [2026-08-21T23:01:04.527+0000] {dag.py:3834} INFO - Setting next_dagrun for example_params_trigger_ui to None, run_after=None
[2026-08-21T23:01:04.554+0000] {processor.py:183} INFO - Processing /home/airflow/.local/lib/python3.8/site-packages/airflow/example_dags/example_params_trigger_ui.py took 0.133 seconds
[2026-08-21T23:01:34.663+0000] {processor.py:161} INFO - Started process (PID=1755) to work on /home/airflow/.local/lib/python3.8/site-packages/airflow/example_dags/example_params_trigger_ui.py
[2026-08-21T23:01:34.665+0000] {processor.py:830} INFO - Processing file /home/airflow/.local/lib/python3.8/site-packages/airflow/example_dags/example_params_trigger_ui.py for tasks to queue
[2026-08-21T23:01:34.668+0000] {logging_mixin.py:188} INFO - [2026-08-21T23:01:34.667+0000] {dagbag.py:540} INFO - Filling up the DagBag from /home/airflow/.local/lib/python3.8/site-packages/airflow/example_dags/example_params_trigger_ui.py
[2026-08-21T23:01:34.684+0000] {processor.py:840} INFO - DAG(s) 'example_params_trigger_ui' retrieved from /home/airflow/.local/lib/python3.8/site-packages/airflow/example_dags/example_params_trigger_ui.py
[2026-08-21T23:01:34.746+0000] {logging_mixin.py:188} INFO - [2026-08-21T23:01:34.746+0000] {dag.py:3047} INFO - Sync 1 DAGs
[2026-08-21T23:01:34.760+0000] {logging_mixin.py:188} INFO - [2026-08-21T23:01:34.760+0000] {dag.py:3834} INFO - Setting next_dagrun for example_params_trigger_ui to None, run_after=None
[2026-08-21T23:01:34.786+0000] {processor.py:183} INFO - Processing /home/airflow/.local/lib/python3.8/site-packages/airflow/example_dags/example_params_trigger_ui.py took 0.127 seconds
[2026-08-21T23:02:04.853+0000] {processor.py:161} INFO - Started process (PID=1811) to work on /home/airflow/.local/lib/python3.8/site-packages/airflow/example_dags/example_params_trigger_ui.py
[2026-08-21T23:02:04.855+0000] {processor.py:830} INFO - Processing file /home/airflow/.local/lib/python3.8/site-packages/airflow/example_dags/example_params_trigger_ui.py for tasks to queue
[2026-08-21T23:02:04.858+0000] {logging_mixin.py:188} INFO - [2026-08-21T23:02:04.857+0000] {dagbag.py:540} INFO - Filling up the DagBag from /home/airflow/.local/lib/python3.8/site-packages/airflow/example_dags/example_params_trigger_ui.py
[2026-08-21T23:02:04.878+0000] {processor.py:840} INFO - DAG(s) 'example_params_trigger_ui' retrieved from /home/airflow/.local/lib/python3.8/site-packages/airflow/example_dags/example_params_trigger_ui.py
[2026-08-21T23:02:04.936+0000] {logging_mixin.py:188} INFO - [2026-08-21T23:02:04.936+0000] {dag.py:3047} INFO - Sync 1 DAGs
[2026-08-21T23:02:04.953+0000] {logging_mixin.py:188} INFO - [2026-08-21T23:02:04.952+0000] {dag.py:3834} INFO - Setting next_dagrun for example_params_trigger_ui to None, run_after=None
[2026-08-21T23:02:04.980+0000] {processor.py:183} INFO - Processing /home/airflow/.local/lib/python3.8/site-packages/airflow/example_dags/example_params_trigger_ui.py took 0.132 seconds
[2026-08-21T23:02:35.103+0000] {processor.py:161} INFO - Started process (PID=1868) to work on /home/airflow/.local/lib/python3.8/site-packages/airflow/example_dags/example_params_trigger_ui.py
[2026-08-21T23:02:35.105+0000] {processor.py:830} INFO - Processing file /home/airflow/.local/lib/python3.8/site-packages/airflow/example_dags/example_params_trigger_ui.py for tasks to queue
[2026-08-21T23:02:35.109+0000] {logging_mixin.py:188} INFO - [2026-08-21T23:02:35.109+0000] {dagbag.py:540} INFO - Filling up the DagBag from /home/airflow/.local/lib/python3.8/site-packages/airflow/example_dags/example_params_trigger_ui.py
[2026-08-21T23:02:35.140+0000] {processor.py:840} INFO - DAG(s) 'example_params_trigger_ui' retrieved from /home/airflow/.local/lib/python3.8/site-packages/airflow/example_dags/example_params_trigger_ui.py
[2026-08-21T23:02:35.213+0000] {logging_mixin.py:188} INFO - [2026-08-21T23:02:35.213+0000] {dag.py:3047} INFO - Sync 1 DAGs
[2026-08-21T23:02:35.230+0000] {logging_mixin.py:188} INFO - [2026-08-21T23:02:35.230+0000] {dag.py:3834} INFO - Setting next_dagrun for example_params_trigger_ui to None, run_after=None
[2026-08-21T23:02:35.255+0000] {processor.py:183} INFO - Processing /home/airflow/.local/lib/python3.8/site-packages/airflow/example_dags/example_params_trigger_ui.py took 0.158 seconds
[2026-08-21T23:03:05.621+0000] {processor.py:161} INFO - Started process (PID=1925) to work on /home/airflow/.local/lib/python3.8/site-packages/airflow/example_dags/example_params_trigger_ui.py
[2026-08-21T23:03:05.623+0000] {processor.py:830} INFO - Processing file /home/airflow/.local/lib/python3.8/site-packages/airflow/example_dags/example_params_trigger_ui.py for tasks to queue
[2026-08-21T23:03:05.627+0000] {logging_mixin.py:188} INFO - [2026-08-21T23:03:05.627+0000] {dagbag.py:540} INFO - Filling up the DagBag from /home/airflow/.local/lib/python3.8/site-packages/airflow/example_dags/example_params_trigger_ui.py
[2026-08-21T23:03:05.651+0000] {processor.py:840} INFO - DAG(s) 'example_params_trigger_ui' retrieved from /home/airflow/.local/lib/python3.8/site-packages/airflow/example_dags/example_params_trigger_ui.py
[2026-08-21T23:03:05.726+0000] {logging_mixin.py:188} INFO - [2026-08-21T23:03:05.726+0000] {dag.py:3047} INFO - Sync 1 DAGs
[2026-08-21T23:03:05.754+0000] {logging_mixin.py:188} INFO - [2026-08-21T23:03:05.754+0000] {dag.py:3834} INFO - Setting next_dagrun for example_params_trigger_ui to None, run_after=None
[2026-08-21T23:03:05.788+0000] {processor.py:183} INFO - Processing /home/airflow/.local/lib/python3.8/site-packages/airflow/example_dags/example_params_trigger_ui.py took 0.173 seconds
[2026-08-21T23:03:35.933+0000] {processor.py:161} INFO - Started process (PID=1982) to work on /home/airflow/.local/lib/python3.8/site-packages/airflow/example_dags/example_params_trigger_ui.py
[2026-08-21T23:03:35.936+0000] {processor.py:830} INFO - Processing file /home/airflow/.local/lib/python3.8/site-packages/airflow/example_dags/example_params_trigger_ui.py for tasks to queue
[2026-08-21T23:03:35.943+0000] {logging_mixin.py:188} INFO - [2026-08-21T23:03:35.943+0000] {dagbag.py:540} INFO - Filling up the DagBag from /home/airflow/.local/lib/python3.8/site-packages/airflow/example_dags/example_params_trigger_ui.py
[2026-08-21T23:03:35.980+0000] {processor.py:840} INFO - DAG(s) 'example_params_trigger_ui' retrieved from /home/airflow/.local/lib/python3.8/site-packages/airflow/example_dags/example_params_trigger_ui.py
[2026-08-21T23:03:36.107+0000] {logging_mixin.py:188} INFO - [2026-08-21T23:03:36.106+0000] {dag.py:3047} INFO - Sync 1 DAGs
[2026-08-21T23:03:36.131+0000] {logging_mixin.py:188} INFO - [2026-08-21T23:03:36.131+0000] {dag.py:3834} INFO - Setting next_dagrun for example_params_trigger_ui to None, run_after=None
[2026-08-21T23:03:36.156+0000] {processor.py:183} INFO - Processing /home/airflow/.local/lib/python3.8/site-packages/airflow/example_dags/example_params_trigger_ui.py took 0.229 seconds
[2026-08-21T23:04:06.431+0000] {processor.py:161} INFO - Started process (PID=2039) to work on /home/airflow/.local/lib/python3.8/site-packages/airflow/example_dags/example_params_trigger_ui.py
[2026-08-21T23:04:06.434+0000] {processor.py:830} INFO - Processing file /home/airflow/.local/lib/python3.8/site-packages/airflow/example_dags/example_params_trigger_ui.py for tasks to queue
[2026-08-21T23:04:06.437+0000] {logging_mixin.py:188} INFO - [2026-08-21T23:04:06.437+0000] {dagbag.py:540} INFO - Filling up the DagBag from /home/airflow/.local/lib/python3.8/site-packages/airflow/example_dags/example_params_trigger_ui.py
[2026-08-21T23:04:06.456+0000] {processor.py:840} INFO - DAG(s) 'example_params_trigger_ui' retrieved from /home/airflow/.local/lib/python3.8/site-packages/airflow/example_dags/example_params_trigger_ui.py
[2026-08-21T23:04:06.549+0000] {logging_mixin.py:188} INFO - [2026-08-21T23:04:06.548+0000] {dag.py:3047} INFO - Sync 1 DAGs
[2026-08-21T23:04:06.566+0000] {logging_mixin.py:188} INFO - [2026-08-21T23:04:06.565+0000] {dag.py:3834} INFO - Setting next_dagrun for example_params_trigger_ui to None, run_after=None
[2026-08-21T23:04:06.593+0000] {processor.py:183} INFO - Processing /home/airflow/.local/lib/python3.8/site-packages/airflow/example_dags/example_params_trigger_ui.py took 0.166 seconds
[2026-08-21T23:04:37.496+0000] {processor.py:161} INFO - Started process (PID=2096) to work on /home/airflow/.local/lib/python3.8/site-packages/airflow/example_dags/example_params_trigger_ui.py
[2026-08-21T23:04:37.505+0000] {processor.py:830} INFO - Processing file /home/airflow/.local/lib/python3.8/site-packages/airflow/example_dags/example_params_trigger_ui.py for tasks to queue
[2026-08-21T23:04:37.513+0000] {logging_mixin.py:188} INFO - [2026-08-21T23:04:37.512+0000] {dagbag.py:540} INFO - Filling up the DagBag from /home/airflow/.local/lib/python3.8/site-packages/airflow/example_dags/example_params_trigger_ui.py
[2026-08-21T23:04:37.589+0000] {processor.py:840} INFO - DAG(s) 'example_params_trigger_ui' retrieved from /home/airflow/.local/lib/python3.8/site-packages/airflow/example_dags/example_params_trigger_ui.py
[2026-08-21T23:04:37.760+0000] {logging_mixin.py:188} INFO - [2026-08-21T23:04:37.759+0000] {dag.py:3047} INFO - Sync 1 DAGs
[2026-08-21T23:04:37.789+0000] {logging_mixin.py:188} INFO - [2026-08-21T23:04:37.788+0000] {dag.py:3834} INFO - Setting next_dagrun for example_params_trigger_ui to None, run_after=None
[2026-08-21T23:04:37.821+0000] {processor.py:183} INFO - Processing /home/airflow/.local/lib/python3.8/site-packages/airflow/example_dags/example_params_trigger_ui.py took 0.333 seconds
[2026-08-21T23:05:07.888+0000] {processor.py:161} INFO - Started process (PID=2152) to work on /home/airflow/.local/lib/python3.8/site-packages/airflow/example_dags/example_params_trigger_ui.py
[2026-08-21T23:05:07.890+0000] {processor.py:830} INFO - Processing file /home/airflow/.local/lib/python3.8/site-packages/airflow/example_dags/example_params_trigger_ui.py for tasks to queue
[2026-08-21T23:05:07.893+0000] {logging_mixin.py:188} INFO - [2026-08-21T23:05:07.893+0000] {dagbag.py:540} INFO - Filling up the DagBag from /home/airflow/.local/lib/python3.8/site-packages/airflow/example_dags/example_params_trigger_ui.py
[2026-08-21T23:05:07.917+0000] {processor.py:840} INFO - DAG(s) 'example_params_trigger_ui' retrieved from /home/airflow/.local/lib/python3.8/site-packages/airflow/example_dags/example_params_trigger_ui.py
[2026-08-21T23:05:07.972+0000] {logging_mixin.py:188} INFO - [2026-08-21T23:05:07.971+0000] {dag.py:3047} INFO - Sync 1 DAGs
[2026-08-21T23:05:07.986+0000] {logging_mixin.py:188} INFO - [2026-08-21T23:05:07.986+0000] {dag.py:3834} INFO - Setting next_dagrun for example_params_trigger_ui to None, run_after=None
[2026-08-21T23:05:08.025+0000] {processor.py:183} INFO - Processing /home/airflow/.local/lib/python3.8/site-packages/airflow/example_dags/example_params_trigger_ui.py took 0.144 seconds
[2026-08-21T23:05:38.978+0000] {processor.py:161} INFO - Started process (PID=2210) to work on /home/airflow/.local/lib/python3.8/site-packages/airflow/example_dags/example_params_trigger_ui.py
[2026-08-21T23:05:38.980+0000] {processor.py:830} INFO - Processing file /home/airflow/.local/lib/python3.8/site-packages/airflow/example_dags/example_params_trigger_ui.py for tasks to queue
[2026-08-21T23:05:38.983+0000] {logging_mixin.py:188} INFO - [2026-08-21T23:05:38.982+0000] {dagbag.py:540} INFO - Filling up the DagBag from /home/airflow/.local/lib/python3.8/site-packages/airflow/example_dags/example_params_trigger_ui.py
[2026-08-21T23:05:38.997+0000] {processor.py:840} INFO - DAG(s) 'example_params_trigger_ui' retrieved from /home/airflow/.local/lib/python3.8/site-packages/airflow/example_dags/example_params_trigger_ui.py
[2026-08-21T23:05:39.051+0000] {logging_mixin.py:188} INFO - [2026-08-21T23:05:39.051+0000] {dag.py:3047} INFO - Sync 1 DAGs
[2026-08-21T23:05:39.063+0000] {logging_mixin.py:188} INFO - [2026-08-21T23:05:39.063+0000] {dag.py:3834} INFO - Setting next_dagrun for example_params_trigger_ui to None, run_after=None
[2026-08-21T23:05:39.086+0000] {processor.py:183} INFO - Processing /home/airflow/.local/lib/python3.8/site-packages/airflow/example_dags/example_params_trigger_ui.py took 0.112 seconds
[2026-08-21T23:06:09.518+0000] {processor.py:161} INFO - Started process (PID=2267) to work on /home/airflow/.local/lib/python3.8/site-packages/airflow/example_dags/example_params_trigger_ui.py
[2026-08-21T23:06:09.520+0000] {processor.py:830} INFO - Processing file /home/airflow/.local/lib/python3.8/site-packages/airflow/example_dags/example_params_trigger_ui.py for tasks to queue
[2026-08-21T23:06:09.522+0000] {logging_mixin.py:188} INFO - [2026-08-21T23:06:09.522+0000] {dagbag.py:540} INFO - Filling up the DagBag from /home/airflow/.local/lib/python3.8/site-packages/airflow/example_dags/example_params_trigger_ui.py
[2026-08-21T23:06:09.543+0000] {processor.py:840} INFO - DAG(s) 'example_params_trigger_ui' retrieved from /home/airflow/.local/lib/python3.8/site-packages/airflow/example_dags/example_params_trigger_ui.py
[2026-08-21T23:06:09.601+0000] {logging_mixin.py:188} INFO - [2026-08-21T23:06:09.600+0000] {dag.py:3047} INFO - Sync 1 DAGs
[2026-08-21T23:06:09.616+0000] {logging_mixin.py:188} INFO - [2026-08-21T23:06:09.615+0000] {dag.py:3834} INFO - Setting next_dagrun for example_params_trigger_ui to None, run_after=None
[2026-08-21T23:06:09.640+0000] {processor.py:183} INFO - Processing /home/airflow/.local/lib/python3.8/site-packages/airflow/example_dags/example_params_trigger_ui.py took 0.125 seconds
[2026-08-21T23:06:40.221+0000] {processor.py:161} INFO - Started process (PID=2324) to work on /home/airflow/.local/lib/python3.8/site-packages/airflow/example_dags/example_params_trigger_ui.py
[2026-08-21T23:06:40.223+0000] {processor.py:830} INFO - Processing file /home/airflow/.local/lib/python3.8/site-packages/airflow/example_dags/example_params_trigger_ui.py for tasks to queue
[2026-08-21T23:06:40.228+0000] {logging_mixin.py:188} INFO - [2026-08-21T23:06:40.227+0000] {dagbag.py:540} INFO - Filling up the DagBag from /home/airflow/.local/lib/python3.8/site-packages/airflow/example_dags/example_params_trigger_ui.py
[2026-08-21T23:06:40.244+0000] {processor.py:840} INFO - DAG(s) 'example_params_trigger_ui' retrieved from /home/airflow/.local/lib/python3.8/site-packages/airflow/example_dags/example_params_trigger_ui.py
[2026-08-21T23:06:40.316+0000] {logging_mixin.py:188} INFO - [2026-08-21T23:06:40.315+0000] {dag.py:3047} INFO - Sync 1 DAGs
[2026-08-21T23:06:40.341+0000] {logging_mixin.py:188} INFO - [2026-08-21T23:06:40.341+0000] {dag.py:3834} INFO - Setting next_dagrun for example_params_trigger_ui to None, run_after=None
[2026-08-21T23:06:40.377+0000] {processor.py:183} INFO - Processing /home/airflow/.local/lib/python3.8/site-packages/airflow/example_dags/example_params_trigger_ui.py took 0.160 seconds
[2026-08-21T23:07:10.428+0000] {processor.py:161} INFO - Started process (PID=2380) to work on /home/airflow/.local/lib/python3.8/site-packages/airflow/example_dags/example_params_trigger_ui.py
[2026-08-21T23:07:10.430+0000] {processor.py:830} INFO - Processing file /home/airflow/.local/lib/python3.8/site-packages/airflow/example_dags/example_params_trigger_ui.py for tasks to queue
[2026-08-21T23:07:10.433+0000] {logging_mixin.py:188} INFO - [2026-08-21T23:07:10.432+0000] {dagbag.py:540} INFO - Filling up the DagBag from /home/airflow/.local/lib/python3.8/site-packages/airflow/example_dags/example_params_trigger_ui.py
[2026-08-21T23:07:10.446+0000] {processor.py:840} INFO - DAG(s) 'example_params_trigger_ui' retrieved from /home/airflow/.local/lib/python3.8/site-packages/airflow/example_dags/example_params_trigger_ui.py
[2026-08-21T23:07:10.498+0000] {logging_mixin.py:188} INFO - [2026-08-21T23:07:10.498+0000] {dag.py:3047} INFO - Sync 1 DAGs
[2026-08-21T23:07:10.512+0000] {logging_mixin.py:188} INFO - [2026-08-21T23:07:10.512+0000] {dag.py:3834} INFO - Setting next_dagrun for example_params_trigger_ui to None, run_after=None
[2026-08-21T23:07:10.541+0000] {processor.py:183} INFO - Processing /home/airflow/.local/lib/python3.8/site-packages/airflow/example_dags/example_params_trigger_ui.py took 0.116 seconds
[2026-08-21T23:07:41.521+0000] {processor.py:161} INFO - Started process (PID=2438) to work on /home/airflow/.local/lib/python3.8/site-packages/airflow/example_dags/example_params_trigger_ui.py
[2026-08-21T23:07:41.522+0000] {processor.py:830} INFO - Processing file /home/airflow/.local/lib/python3.8/site-packages/airflow/example_dags/example_params_trigger_ui.py for tasks to queue
[2026-08-21T23:07:41.527+0000] {logging_mixin.py:188} INFO - [2026-08-21T23:07:41.526+0000] {dagbag.py:540} INFO - Filling up the DagBag from /home/airflow/.local/lib/python3.8/site-packages/airflow/example_dags/example_params_trigger_ui.py
[2026-08-21T23:07:41.546+0000] {processor.py:840} INFO - DAG(s) 'example_params_trigger_ui' retrieved from /home/airflow/.local/lib/python3.8/site-packages/airflow/example_dags/example_params_trigger_ui.py
[2026-08-21T23:07:41.605+0000] {logging_mixin.py:188} INFO - [2026-08-21T23:07:41.604+0000] {dag.py:3047} INFO - Sync 1 DAGs
[2026-08-21T23:07:41.622+0000] {logging_mixin.py:188} INFO - [2026-08-21T23:07:41.622+0000] {dag.py:3834} INFO - Setting next_dagrun for example_params_trigger_ui to None, run_after=None
[2026-08-21T23:07:41.646+0000] {processor.py:183} INFO - Processing /home/airflow/.local/lib/python3.8/site-packages/airflow/example_dags/example_params_trigger_ui.py took 0.132 seconds
