[2026-08-21T22:46:40.726+0000] {processor.py:161} INFO - Started process (PID=60) to work on /home/airflow/.local/lib/python3.8/site-packages/airflow/example_dags/example_complex.py
[2026-08-21T22:46:40.729+0000] {processor.py:830} INFO - Processing file /home/airflow/.local/lib/python3.8/site-packages/airflow/example_dags/example_complex.py for tasks to queue
[2026-08-21T22:46:40.735+0000] {logging_mixin.py:188} INFO - [2026-08-21T22:46:40.734+0000] {dagbag.py:540} INFO - Filling up the DagBag from /home/airflow/.local/lib/python3.8/site-packages/airflow/example_dags/example_complex.py
[2026-08-21T22:46:40.760+0000] {processor.py:840} INFO - DAG(s) 'example_complex' retrieved from /home/airflow/.local/lib/python3.8/site-packages/airflow/example_dags/example_complex.py
[2026-08-21T22:46:40.799+0000] {logging_mixin.py:188} INFO - [2026-08-21T22:46:40.798+0000] {dag.py:3047} INFO - Sync 1 DAGs
[2026-08-21T22:46:40.838+0000] {logging_mixin.py:188} INFO - [2026-08-21T22:46:40.838+0000] {dag.py:3834} INFO - Setting next_dagrun for example_complex to None, run_after=None
[2026-08-21T22:46:40.935+0000] {processor.py:183} INFO - Processing /home/airflow/.local/lib/python3.8/site-packages/airflow/example_dags/example_complex.py took 0.216 seconds
[2026-08-21T22:47:11.235+0000] {processor.py:161} INFO - Started process (PID=116) to work on /home/airflow/.local/lib/python3.8/site-packages/airflow/example_dags/example_complex.py
[2026-08-21T22:47:11.238+0000] {processor.py:830} INFO - Processing file /home/airflow/.local/lib/python3.8/site-packages/airflow/example_dags/example_complex.py for tasks to queue
[2026-08-21T22:47:11.242+0000] {logging_mixin.py:188} INFO - [2026-08-21T22:47:11.242+0000] {dagbag.py:540} INFO - Filling up the DagBag from /home/airflow/.local/lib/python3.8/site-packages/airflow/example_dags/example_complex.py
[2026-08-21T22:47:11.263+0000] {processor.py:840} INFO - DAG(s) 'example_complex' retrieved from /home/airflow/.local/lib/python3.8/site-packages/airflow/example_dags/example_complex.py
[2026-08-21T22:47:11.402+0000] {logging_mixin.py:188} INFO - [2026-08-21T22:47:11.401+0000] {dag.py:3047} INFO - Sync 1 DAGs
[2026-08-21T22:47:11.414+0000] {logging_mixin.py:188} INFO - [2026-08-21T22:47:11.414+0000] {dag.py:3834} INFO - Setting next_dagrun for example_complex to None, run_after=None
[2026-08-21T22:47:11.444+0000] {processor.py:183} INFO - Processing /home/airflow/.local/lib/python3.8/site-packages/airflow/example_dags/example_complex.py took 0.214 seconds
[2026-08-21T22:47:42.278+0000] {processor.py:161} INFO - Started process (PID=179) to work on /home/airflow/.local/lib/python3.8/site-packages/airflow/example_dags/example_complex.py
[2026-08-21T22:47:42.280+0000] {processor.py:830} INFO - Processing file /home/airflow/.local/lib/python3.8/site-packages/airflow/example_dags/example_complex.py for tasks to queue
[2026-08-21T22:47:42.284+0000] {logging_mixin.py:188} INFO - [2026-08-21T22:47:42.283+0000] {dagbag.py:540} INFO - Filling up the DagBag from /home/airflow/.local/lib/python3.8/site-packages/airflow/example_dags/example_complex.py
[2026-08-21T22:47:42.307+0000] {processor.py:840} INFO - DAG(s) 'example_complex' retrieved from /home/airflow/.local/lib/python3.8/site-packages/airflow/example_dags/example_complex.py
[2026-08-21T22:47:42.352+0000] {logging_mixin.py:188} INFO - [2026-08-21T22:47:42.352+0000] {dag.py:3047} INFO - Sync 1 DAGs
[2026-08-21T22:47:42.374+0000] {logging_mixin.py:188} INFO - [2026-08-21T22:47:42.373+0000] {dag.py:3834} INFO - Setting next_dagrun for example_complex to None, run_after=None
[2026-08-21T22:47:42.398+0000] {processor.py:183} INFO - Processing /home/airflow/.local/lib/python3.8/site-packages/airflow/example_dags/example_complex.py took 0.128 seconds
[2026-08-21T22:48:12.616+0000] {processor.py:161} INFO - Started process (PID=236) to work on /home/airflow/.local/lib/python3.8/site-packages/airflow/example_dags/example_complex.py
[2026-08-21T22:48:12.618+0000] {processor.py:830} INFO - Processing file /home/airflow/.local/lib/python3.8/site-packages/airflow/example_dags/example_complex.py for tasks to queue
[2026-08-21T22:48:12.623+0000] {logging_mixin.py:188} INFO - [2026-08-21T22:48:12.622+0000] {dagbag.py:540} INFO - Filling up the DagBag from /home/airflow/.local/lib/python3.8/site-packages/airflow/example_dags/example_complex.py
[2026-08-21T22:48:12.638+0000] {processor.py:840} INFO - DAG(s) 'example_complex' retrieved from /home/airflow/.local/lib/python3.8/site-packages/airflow/example_dags/example_complex.py
[2026-08-21T22:48:12.683+0000] {logging_mixin.py:188} INFO - [2026-08-21T22:48:12.683+0000] {dag.py:3047} INFO - Sync 1 DAGs
[2026-08-21T22:48:12.706+0000] {logging_mixin.py:188} INFO - [2026-08-21T22:48:12.705+0000] {dag.py:3834} INFO - Setting next_dagrun for example_complex to None, run_after=None
[2026-08-21T22:48:12.736+0000] {processor.py:183} INFO - Processing /home/airflow/.local/lib/python3.8/site-packages/airflow/example_dags/example_complex.py took 0.124 seconds
[2026-08-21T22:48:43.217+0000] {processor.py:161} INFO - Started process (PID=293) to work on /home/airflow/.local/lib/python3.8/site-packages/airflow/example_dags/example_complex.py
[2026-08-21T22:48:43.219+0000] {processor.py:830} INFO - Processing file /home/airflow/.local/lib/python3.8/site-packages/airflow/example_dags/example_complex.py for tasks to queue
[2026-08-21T22:48:43.221+0000] {logging_mixin.py:188} INFO - [2026-08-21T22:48:43.221+0000] {dagbag.py:540} INFO - Filling up the DagBag from /home/airflow/.local/lib/python3.8/site-packages/airflow/example_dags/example_complex.py
[2026-08-21T22:48:43.233+0000] {processor.py:840} INFO - DAG(s) 'example_complex' retrieved from /home/airflow/.local/lib/python3.8/site-packages/airflow/example_dags/example_complex.py
[2026-08-21T22:48:43.272+0000] {logging_mixin.py:188} INFO - [2026-08-21T22:48:43.272+0000] {dag.py:3047} INFO - Sync 1 DAGs
[2026-08-21T22:48:43.285+0000] {logging_mixin.py:188} INFO - [2026-08-21T22:48:43.285+0000] {dag.py:3834} INFO - Setting next_dagrun for example_complex to None, run_after=None
[2026-08-21T22:48:43.309+0000] {processor.py:183} INFO - Processing /home/airflow/.local/lib/python3.8/site-packages/airflow/example_dags/example_complex.py took 0.096 seconds
[2026-08-21T22:49:13.593+0000] {processor.py:161} INFO - Started process (PID=350) to work on /home/airflow/.local/lib/python3.8/site-packages/airflow/example_dags/example_complex.py
[2026-08-21T22:49:13.595+0000] {processor.py:830} INFO - Processing file /home/airflow/.local/lib/python3.8/site-packages/airflow/example_dags/example_complex.py for tasks to queue
[2026-08-21T22:49:13.598+0000] {logging_mixin.py:188} INFO - [2026-08-21T22:49:13.598+0000] {dagbag.py:540} INFO - Filling up the DagBag from /home/airflow/.local/lib/python3.8/site-packages/airflow/example_dags/example_complex.py
[2026-08-21T22:49:13.610+0000] {processor.py:840} INFO - DAG(s) 'example_complex' retrieved from /home/airflow/.local/lib/python3.8/site-packages/airflow/example_dags/example_complex.py
[2026-08-21T22:49:13.650+0000] {logging_mixin.py:188} INFO - [2026-08-21T22:49:13.649+0000] {dag.py:3047} INFO - Sync 1 DAGs
[2026-08-21T22:49:13.666+0000] {logging_mixin.py:188} INFO - [2026-08-21T22:49:13.666+0000] {dag.py:3834} INFO - Setting next_dagrun for example_complex to None, run_after=None
[2026-08-21T22:49:13.692+0000] {processor.py:183} INFO - Processing /home/airflow/.local/lib/python3.8/site-packages/airflow/example_dags/example_complex.py took 0.102 seconds
[2026-08-21T22:49:43.864+0000] {processor.py:161} INFO - Started process (PID=407) to work on /home/airflow/.local/lib/python3.8/site-packages/airflow/example_dags/example_complex.py
[2026-08-21T22:49:43.865+0000] {processor.py:830} INFO - Processing file /home/airflow/.local/lib/python3.8/site-packages/airflow/example_dags/example_complex.py for tasks to queue
[2026-08-21T22:49:43.868+0000] {logging_mixin.py:188} INFO - [2026-08-21T22:49:43.868+0000] {dagbag.py:540} INFO - Filling up the DagBag from /home/airflow/.local/lib/python3.8/site-packages/airflow/example_dags/example_complex.py
[2026-08-21T22:49:43.884+0000] {processor.py:840} INFO - DAG(s) 'example_complex' retrieved from /home/airflow/.local/lib/python3.8/site-packages/airflow/example_dags/example_complex.py
[2026-08-21T22:49:43.923+0000] {logging_mixin.py:188} INFO - [2026-08-21T22:49:43.923+0000] {dag.py:3047} INFO - Sync 1 DAGs
[2026-08-21T22:49:43.943+0000] {logging_mixin.py:188} INFO - [2026-08-21T22:49:43.942+0000] {dag.py:3834} INFO - Setting next_dagrun for example_complex to None, run_after=None
[2026-08-21T22:49:43.970+0000] {processor.py:183} INFO - Processing /home/airflow/.local/lib/python3.8/site-packages/airflow/example_dags/example_complex.py took 0.109 seconds
[2026-08-21T22:50:14.281+0000] {processor.py:161} INFO - Started process (PID=464) to work on /home/airflow/.local/lib/python3.8/site-packages/airflow/example_dags/example_complex.py
[2026-08-21T22:50:14.283+0000] {processor.py:830} INFO - Processing file /home/airflow/.local/lib/python3.8/site-packages/airflow/example_dags/example_complex.py for tasks to queue
[2026-08-21T22:50:14.286+0000] {logging_mixin.py:188} INFO - [2026-08-21T22:50:14.286+0000] {dagbag.py:540} INFO - Filling up the DagBag from /home/airflow/.local/lib/python3.8/site-packages/airflow/example_dags/example_complex.py
[2026-08-21T22:50:14.303+0000] {processor.py:840} INFO - DAG(s) 'example_complex' retrieved from /home/airflow/.local/lib/python3.8/site-packages/airflow/example_dags/example_complex.py
[2026-08-21T22:50:14.344+0000] {logging_mixin.py:188} INFO - [2026-08-21T22:50:14.344+0000] {dag.py:3047} INFO - Sync 1 DAGs
[2026-08-21T22:50:14.359+0000] {logging_mixin.py:188} INFO - [2026-08-21T22:50:14.358+0000] {dag.py:3834} INFO - Setting next_dagrun for example_complex to None, run_after=None
[2026-08-21T22:50:14.383+0000] {processor.py:183} INFO - Processing /home/airflow/.local/lib/python3.8/site-packages/airflow/example_dags/example_complex.py took 0.108 seconds
[2026-08-21T22:50:44.520+0000] {processor.py:161} INFO - Started process (PID=521) to work on /home/airflow/.local/lib/python3.8/site-packages/airflow/example_dags/example_complex.py
[2026-08-21T22:50:44.522+0000] {processor.py:830} INFO - Processing file /home/airflow/.local/lib/python3.8/site-packages/airflow/example_dags/example_complex.py for tasks to queue
[2026-08-21T22:50:44.525+0000] {logging_mixin.py:188} INFO - [2026-08-21T22:50:44.525+0000] {dagbag.py:540} INFO - Filling up the DagBag from /home/airflow/.local/lib/python3.8/site-packages/airflow/example_dags/example_complex.py
[2026-08-21T22:50:44.537+0000] {processor.py:840} INFO - DAG(s) 'example_complex' retrieved from /home/airflow/.local/lib/python3.8/site-packages/airflow/example_dags/example_complex.py
[2026-08-21T22:50:44.581+0000] {logging_mixin.py:188} INFO - [2026-08-21T22:50:44.581+0000] {dag.py:3047} INFO - Sync 1 DAGs
[2026-08-21T22:50:44.633+0000] {logging_mixin.py:188} INFO - [2026-08-21T22:50:44.632+0000] {dag.py:3834} INFO - Setting next_dagrun for example_complex to None, run_after=None
[2026-08-21T22:50:44.686+0000] {processor.py:183} INFO - Processing /home/airflow/.local/lib/python3.8/site-packages/airflow/example_dags/example_complex.py took 0.169 seconds
[2026-08-21T22:51:14.800+0000] {processor.py:161} INFO - Started process (PID=578) to work on /home/airflow/.local/lib/python3.8/site-packages/airflow/example_dags/example_complex.py
[2026-08-21T22:51:14.803+0000] {processor.py:830} INFO - Processing file /home/airflow/.local/lib/python3.8/site-packages/airflow/example_dags/example_complex.py for tasks to queue
[2026-08-21T22:51:14.807+0000] {logging_mixin.py:188} INFO - [2026-08-21T22:51:14.806+0000] {dagbag.py:540} INFO - Filling up the DagBag from /home/airflow/.local/lib/python3.8/site-packages/airflow/example_dags/example_complex.py
[2026-08-21T22:51:14.820+0000] {processor.py:840} INFO - DAG(s) 'example_complex' retrieved from /home/airflow/.local/lib/python3.8/site-packages/airflow/example_dags/example_complex.py
[2026-08-21T22:51:14.865+0000] {logging_mixin.py:188} INFO - [2026-08-21T22:51:14.864+0000] {dag.py:3047} INFO - Sync 1 DAGs
[2026-08-21T22:51:14.881+0000] {logging_mixin.py:188} INFO - [2026-08-21T22:51:14.880+0000] {dag.py:3834} INFO - Setting next_dagrun for example_complex to None, run_after=None
[2026-08-21T22:51:14.906+0000] {processor.py:183} INFO - Processing /home/airflow/.local/lib/python3.8/site-packages/airflow/example_dags/example_complex.py took 0.111 seconds
[2026-08-21T22:51:44.956+0000] {processor.py:161} INFO - Started process (PID=634) to work on /home/airflow/.local/lib/python3.8/site-packages/airflow/example_dags/example_complex.py
[2026-08-21T22:51:44.958+0000] {processor.py:830} INFO - Processing file /home/airflow/.local/lib/python3.8/site-packages/airflow/example_dags/example_complex.py for tasks to queue
[2026-08-21T22:51:44.961+0000] {logging_mixin.py:188} INFO - [2026-08-21T22:51:44.961+0000] {dagbag.py:540} INFO - Filling up the DagBag from /home/airflow/.local/lib/python3.8/site-packages/airflow/example_dags/example_complex.py
[2026-08-21T22:51:44.974+0000] {processor.py:840} INFO - DAG(s) 'example_complex' retrieved from /home/airflow/.local/lib/python3.8/site-packages/airflow/example_dags/example_complex.py
[2026-08-21T22:51:45.011+0000] {logging_mixin.py:188} INFO - [2026-08-21T22:51:45.011+0000] {dag.py:3047} INFO - Sync 1 DAGs
[2026-08-21T22:51:45.029+0000] {logging_mixin.py:188} INFO - [2026-08-21T22:51:45.029+0000] {dag.py:3834} INFO - Setting next_dagrun for example_complex to None, run_after=None
[2026-08-21T22:51:45.059+0000] {processor.py:183} INFO - Processing /home/airflow/.local/lib/python3.8/site-packages/airflow/example_dags/example_complex.py took 0.108 seconds
[2026-08-21T22:52:15.516+0000] {processor.py:161} INFO - Started process (PID=692) to work on /home/airflow/.local/lib/python3.8/site-packages/airflow/example_dags/example_complex.py
[2026-08-21T22:52:15.518+0000] {processor.py:830} INFO - Processing file /home/airflow/.local/lib/python3.8/site-packages/airflow/example_dags/example_complex.py for tasks to queue
[2026-08-21T22:52:15.521+0000] {logging_mixin.py:188} INFO - [2026-08-21T22:52:15.520+0000] {dagbag.py:540} INFO - Filling up the DagBag from /home/airflow/.local/lib/python3.8/site-packages/airflow/example_dags/example_complex.py
[2026-08-21T22:52:15.535+0000] {processor.py:840} INFO - DAG(s) 'example_complex' retrieved from /home/airflow/.local/lib/python3.8/site-packages/airflow/example_dags/example_complex.py
[2026-08-21T22:52:15.574+0000] {logging_mixin.py:188} INFO - [2026-08-21T22:52:15.573+0000] {dag.py:3047} INFO - Sync 1 DAGs
[2026-08-21T22:52:15.589+0000] {logging_mixin.py:188} INFO - [2026-08-21T22:52:15.589+0000] {dag.py:3834} INFO - Setting next_dagrun for example_complex to None, run_after=None
[2026-08-21T22:52:15.619+0000] {processor.py:183} INFO - Processing /home/airflow/.local/lib/python3.8/site-packages/airflow/example_dags/example_complex.py took 0.109 seconds
[2026-08-21T22:52:46.357+0000] {processor.py:161} INFO - Started process (PID=749) to work on /home/airflow/.local/lib/python3.8/site-packages/airflow/example_dags/example_complex.py
[2026-08-21T22:52:46.359+0000] {processor.py:830} INFO - Processing file /home/airflow/.local/lib/python3.8/site-packages/airflow/example_dags/example_complex.py for tasks to queue
[2026-08-21T22:52:46.364+0000] {logging_mixin.py:188} INFO - [2026-08-21T22:52:46.363+0000] {dagbag.py:540} INFO - Filling up the DagBag from /home/airflow/.local/lib/python3.8/site-packages/airflow/example_dags/example_complex.py
[2026-08-21T22:52:46.387+0000] {processor.py:840} INFO - DAG(s) 'example_complex' retrieved from /home/airflow/.local/lib/python3.8/site-packages/airflow/example_dags/example_complex.py
[2026-08-21T22:52:46.451+0000] {logging_mixin.py:188} INFO - [2026-08-21T22:52:46.450+0000] {dag.py:3047} INFO - Sync 1 DAGs
[2026-08-21T22:52:46.487+0000] {logging_mixin.py:188} INFO - [2026-08-21T22:52:46.487+0000] {dag.py:3834} INFO - Setting next_dagrun for example_complex to None, run_after=None
[2026-08-21T22:52:46.547+0000] {processor.py:183} INFO - Processing /home/airflow/.local/lib/python3.8/site-packages/airflow/example_dags/example_complex.py took 0.195 seconds
[2026-08-21T22:53:16.639+0000] {processor.py:161} INFO - Started process (PID=806) to work on /home/airflow/.local/lib/python3.8/site-packages/airflow/example_dags/example_complex.py
[2026-08-21T22:53:16.644+0000] {processor.py:830} INFO - Processing file /home/airflow/.local/lib/python3.8/site-packages/airflow/example_dags/example_complex.py for tasks to queue
[2026-08-21T22:53:16.649+0000] {logging_mixin.py:188} INFO - [2026-08-21T22:53:16.648+0000] {dagbag.py:540} INFO - Filling up the DagBag from /home/airflow/.local/lib/python3.8/site-packages/airflow/example_dags/example_complex.py
[2026-08-21T22:53:16.668+0000] {processor.py:840} INFO - DAG(s) 'example_complex' retrieved from /home/airflow/.local/lib/python3.8/site-packages/airflow/example_dags/example_complex.py
[2026-08-21T22:53:16.723+0000] {logging_mixin.py:188} INFO - [2026-08-21T22:53:16.723+0000] {dag.py:3047} INFO - Sync 1 DAGs
[2026-08-21T22:53:16.742+0000] {logging_mixin.py:188} INFO - [2026-08-21T22:53:16.741+0000] {dag.py:3834} INFO - Setting next_dagrun for example_complex to None, run_after=None
[2026-08-21T22:53:16.768+0000] {processor.py:183} INFO - Processing /home/airflow/.local/lib/python3.8/site-packages/airflow/example_dags/example_complex.py took 0.137 seconds
[2026-08-21T22:53:46.875+0000] {processor.py:161} INFO - Started process (PID=863) to work on /home/airflow/.local/lib/python3.8/site-packages/airflow/example_dags/example_complex.py
[2026-08-21T22:53:46.877+0000] {processor.py:830} INFO - Processing file /home/airflow/.local/lib/python3.8/site-packages/airflow/example_dags/example_complex.py for tasks to queue
[2026-08-21T22:53:46.880+0000] {logging_mixin.py:188} INFO - [2026-08-21T22:53:46.880+0000] {dagbag.py:540} INFO - Filling up the DagBag from /home/airflow/.local/lib/python3.8/site-packages/airflow/example_dags/example_complex.py
[2026-08-21T22:53:46.894+0000] {processor.py:840} INFO - DAG(s) 'example_complex' retrieved from /home/airflow/.local/lib/python3.8/site-packages/airflow/example_dags/example_complex.py
[2026-08-21T22:53:46.932+0000] {logging_mixin.py:188} INFO - [2026-08-21T22:53:46.932+0000] {dag.py:3047} INFO - Sync 1 DAGs
[2026-08-21T22:53:46.948+0000] {logging_mixin.py:188} INFO - [2026-08-21T22:53:46.947+0000] {dag.py:3834} INFO - Setting next_dagrun for example_complex to None, run_after=None
[2026-08-21T22:53:46.972+0000] {processor.py:183} INFO - Processing /home/airflow/.local/lib/python3.8/site-packages/airflow/example_dags/example_complex.py took 0.103 seconds
[2026-08-21T22:54:17.189+0000] {processor.py:161} INFO - Started process (PID=920) to work on /home/airflow/.local/lib/python3.8/site-packages/airflow/example_dags/example_complex.py
[2026-08-21T22:54:17.192+0000] {processor.py:830} INFO - Processing file /home/airflow/.local/lib/python3.8/site-packages/airflow/example_dags/example_complex.py for tasks to queue
[2026-08-21T22:54:17.196+0000] {logging_mixin.py:188} INFO - [2026-08-21T22:54:17.195+0000] {dagbag.py:540} INFO - Filling up the DagBag from /home/airflow/.local/lib/python3.8/site-packages/airflow/example_dags/example_complex.py
[2026-08-21T22:54:17.211+0000] {processor.py:840} INFO - DAG(s) 'example_complex' retrieved from /home/airflow/.local/lib/python3.8/site-packages/airflow/example_dags/example_complex.py
[2026-08-21T22:54:17.244+0000] {logging_mixin.py:188} INFO - [2026-08-21T22:54:17.244+0000] {dag.py:3047} INFO - Sync 1 DAGs
[2026-08-21T22:54:17.259+0000] {logging_mixin.py:188} INFO - [2026-08-21T22:54:17.258+0000] {dag.py:3834} INFO - Setting next_dagrun for example_complex to None, run_after=None
[2026-08-21T22:54:17.280+0000] {processor.py:183} INFO - Processing /home/airflow/.local/lib/python3.8/site-packages/airflow/example_dags/example_complex.py took 0.096 seconds
[2026-08-21T22:54:48.176+0000] {processor.py:161} INFO - Started process (PID=977) to work on /home/airflow/.local/lib/python3.8/site-packages/airflow/example_dags/example_complex.py
[2026-08-21T22:54:48.178+0000] {processor.py:830} INFO - Processing file /home/airflow/.local/lib/python3.8/site-packages/airflow/example_dags/example_complex.py for tasks to queue
[2026-08-21T22:54:48.181+0000] {logging_mixin.py:188} INFO - [2026-08-21T22:54:48.181+0000] {dagbag.py:540} INFO - Filling up the DagBag from /home/airflow/.local/lib/python3.8/site-packages/airflow/example_dags/example_complex.py
[2026-08-21T22:54:48.196+0000] {processor.py:840} INFO - DAG(s) 'example_complex' retrieved from /home/airflow/.local/lib/python3.8/site-packages/airflow/example_dags/example_complex.py
[2026-08-21T22:54:48.238+0000] {logging_mixin.py:188} INFO - [2026-08-21T22:54:48.238+0000] {dag.py:3047} INFO - Sync 1 DAGs
[2026-08-21T22:54:48.260+0000] {logging_mixin.py:188} INFO - [2026-08-21T22:54:48.259+0000] {dag.py:3834} INFO - Setting next_dagrun for example_complex to None, run_after=None
[2026-08-21T22:54:48.287+0000] {processor.py:183} INFO - Processing /home/airflow/.local/lib/python3.8/site-packages/airflow/example_dags/example_complex.py took 0.115 seconds
[2026-08-21T22:55:18.628+0000] {processor.py:161} INFO - Started process (PID=1034) to work on /home/airflow/.local/lib/python3.8/site-packages/airflow/example_dags/example_complex.py
[2026-08-21T22:55:18.629+0000] {processor.py:830} INFO - Processing file /home/airflow/.local/lib/python3.8/site-packages/airflow/example_dags/example_complex.py for tasks to queue
[2026-08-21T22:55:18.633+0000] {logging_mixin.py:188} INFO - [2026-08-21T22:55:18.632+0000] {dagbag.py:540} INFO - Filling up the DagBag from /home/airflow/.local/lib/python3.8/site-packages/airflow/example_dags/example_complex.py
[2026-08-21T22:55:18.645+0000] {processor.py:840} INFO - DAG(s) 'example_complex' retrieved from /home/airflow/.local/lib/python3.8/site-packages/airflow/example_dags/example_complex.py
[2026-08-21T22:55:18.684+0000] {logging_mixin.py:188} INFO - [2026-08-21T22:55:18.684+0000] {dag.py:3047} INFO - Sync 1 DAGs
[2026-08-21T22:55:18.698+0000] {logging_mixin.py:188} INFO - [2026-08-21T22:55:18.697+0000] {dag.py:3834} INFO - Setting next_dagrun for example_complex to None, run_after=None
[2026-08-21T22:55:18.725+0000] {processor.py:183} INFO - Processing /home/airflow/.local/lib/python3.8/site-packages/airflow/example_dags/example_complex.py took 0.101 seconds
[2026-08-21T22:55:48.895+0000] {processor.py:161} INFO - Started process (PID=1091) to work on /home/airflow/.local/lib/python3.8/site-packages/airflow/example_dags/example_complex.py
[2026-08-21T22:55:48.898+0000] {processor.py:830} INFO - Processing file /home/airflow/.local/lib/python3.8/site-packages/airflow/example_dags/example_complex.py for tasks to queue
[2026-08-21T22:55:48.901+0000] {logging_mixin.py:188} INFO - [2026-08-21T22:55:48.901+0000] {dagbag.py:540} INFO - Filling up the DagBag from /home/airflow/.local/lib/python3.8/site-packages/airflow/example_dags/example_complex.py
[2026-08-21T22:55:48.914+0000] {processor.py:840} INFO - DAG(s) 'example_complex' retrieved from /home/airflow/.local/lib/python3.8/site-packages/airflow/example_dags/example_complex.py
[2026-08-21T22:55:48.963+0000] {logging_mixin.py:188} INFO - [2026-08-21T22:55:48.962+0000] {dag.py:3047} INFO - Sync 1 DAGs
[2026-08-21T22:55:48.980+0000] {logging_mixin.py:188} INFO - [2026-08-21T22:55:48.980+0000] {dag.py:3834} INFO - Setting next_dagrun for example_complex to None, run_after=None
[2026-08-21T22:55:49.007+0000] {processor.py:183} INFO - Processing /home/airflow/.local/lib/python3.8/site-packages/airflow/example_dags/example_complex.py took 0.118 seconds
[2026-08-21T22:56:19.770+0000] {processor.py:161} INFO - Started process (PID=1148) to work on /home/airflow/.local/lib/python3.8/site-packages/airflow/example_dags/example_complex.py
[2026-08-21T22:56:19.771+0000] {processor.py:830} INFO - Processing file /home/airflow/.local/lib/python3.8/site-packages/airflow/example_dags/example_complex.py for tasks to queue
[2026-08-21T22:56:19.774+0000] {logging_mixin.py:188} INFO - [2026-08-21T22:56:19.774+0000] {dagbag.py:540} INFO - Filling up the DagBag from /home/airflow/.local/lib/python3.8/site-packages/airflow/example_dags/example_complex.py
[2026-08-21T22:56:19.793+0000] {processor.py:840} INFO - DAG(s) 'example_complex' retrieved from /home/airflow/.local/lib/python3.8/site-packages/airflow/example_dags/example_complex.py
[2026-08-21T22:56:19.831+0000] {logging_mixin.py:188} INFO - [2026-08-21T22:56:19.830+0000] {dag.py:3047} INFO - Sync 1 DAGs
[2026-08-21T22:56:19.846+0000] {logging_mixin.py:188} INFO - [2026-08-21T22:56:19.846+0000] {dag.py:3834} INFO - Setting next_dagrun for example_complex to None, run_after=None
[2026-08-21T22:56:19.878+0000] {processor.py:183} INFO - Processing /home/airflow/.local/lib/python3.8/site-packages/airflow/example_dags/example_complex.py took 0.113 seconds
[2026-08-21T22:56:50.417+0000] {processor.py:161} INFO - Started process (PID=1205) to work on /home/airflow/.local/lib/python3.8/site-packages/airflow/example_dags/example_complex.py
[2026-08-21T22:56:50.419+0000] {processor.py:830} INFO - Processing file /home/airflow/.local/lib/python3.8/site-packages/airflow/example_dags/example_complex.py for tasks to queue
[2026-08-21T22:56:50.422+0000] {logging_mixin.py:188} INFO - [2026-08-21T22:56:50.421+0000] {dagbag.py:540} INFO - Filling up the DagBag from /home/airflow/.local/lib/python3.8/site-packages/airflow/example_dags/example_complex.py
[2026-08-21T22:56:50.441+0000] {processor.py:840} INFO - DAG(s) 'example_complex' retrieved from /home/airflow/.local/lib/python3.8/site-packages/airflow/example_dags/example_complex.py
[2026-08-21T22:56:50.477+0000] {logging_mixin.py:188} INFO - [2026-08-21T22:56:50.477+0000] {dag.py:3047} INFO - Sync 1 DAGs
[2026-08-21T22:56:50.489+0000] {logging_mixin.py:188} INFO - [2026-08-21T22:56:50.489+0000] {dag.py:3834} INFO - Setting next_dagrun for example_complex to None, run_after=None
[2026-08-21T22:56:50.514+0000] {processor.py:183} INFO - Processing /home/airflow/.local/lib/python3.8/site-packages/airflow/example_dags/example_complex.py took 0.100 seconds
[2026-08-21T22:57:21.125+0000] {processor.py:161} INFO - Started process (PID=1262) to work on /home/airflow/.local/lib/python3.8/site-packages/airflow/example_dags/example_complex.py
[2026-08-21T22:57:21.127+0000] {processor.py:830} INFO - Processing file /home/airflow/.local/lib/python3.8/site-packages/airflow/example_dags/example_complex.py for tasks to queue
[2026-08-21T22:57:21.130+0000] {logging_mixin.py:188} INFO - [2026-08-21T22:57:21.130+0000] {dagbag.py:540} INFO - Filling up the DagBag from /home/airflow/.local/lib/python3.8/site-packages/airflow/example_dags/example_complex.py
[2026-08-21T22:57:21.145+0000] {processor.py:840} INFO - DAG(s) 'example_complex' retrieved from /home/airflow/.local/lib/python3.8/site-packages/airflow/example_dags/example_complex.py
[2026-08-21T22:57:21.183+0000] {logging_mixin.py:188} INFO - [2026-08-21T22:57:21.183+0000] {dag.py:3047} INFO - Sync 1 DAGs
[2026-08-21T22:57:21.201+0000] {logging_mixin.py:188} INFO - [2026-08-21T22:57:21.201+0000] {dag.py:3834} INFO - Setting next_dagrun for example_complex to None, run_after=None
[2026-08-21T22:57:21.228+0000] {processor.py:183} INFO - Processing /home/airflow/.local/lib/python3.8/site-packages/airflow/example_dags/example_complex.py took 0.107 seconds
[2026-08-21T22:57:51.688+0000] {processor.py:161} INFO - Started process (PID=1319) to work on /home/airflow/.local/lib/python3.8/site-packages/airflow/example_dags/example_complex.py
[2026-08-21T22:57:51.690+0000] {processor.py:830} INFO - Processing file /home/airflow/.local/lib/python3.8/site-packages/airflow/example_dags/example_complex.py for tasks to queue
[2026-08-21T22:57:51.693+0000] {logging_mixin.py:188} INFO - [2026-08-21T22:57:51.692+0000] {dagbag.py:540} INFO - Filling up the DagBag from /home/airflow/.local/lib/python3.8/site-packages/airflow/example_dags/example_complex.py
[2026-08-21T22:57:51.707+0000] {processor.py:840} INFO - DAG(s) 'example_complex' retrieved from /home/airflow/.local/lib/python3.8/site-packages/airflow/example_dags/example_complex.py
[2026-08-21T22:57:51.748+0000] {logging_mixin.py:188} INFO - [2026-08-21T22:57:51.748+0000] {dag.py:3047} INFO - Sync 1 DAGs
[2026-08-21T22:57:51.764+0000] {logging_mixin.py:188} INFO - [2026-08-21T22:57:51.763+0000] {dag.py:3834} INFO - Setting next_dagrun for example_complex to None, run_after=None
[2026-08-21T22:57:51.787+0000] {processor.py:183} INFO - Processing /home/airflow/.local/lib/python3.8/site-packages/airflow/example_dags/example_complex.py took 0.104 seconds
[2026-08-21T22:58:21.952+0000] {processor.py:161} INFO - Started process (PID=1376) to work on /home/airflow/.local/lib/python3.8/site-packages/airflow/example_dags/example_complex.py
[2026-08-21T22:58:21.954+0000] {processor.py:830} INFO - Processing file /home/airflow/.local/lib/python3.8/site-packages/airflow/example_dags/example_complex.py for tasks to queue
[2026-08-21T22:58:21.957+0000] {logging_mixin.py:188} INFO - [2026-08-21T22:58:21.957+0000] {dagbag.py:540} INFO - Filling up the DagBag from /home/airflow/.local/lib/python3.8/site-packages/airflow/example_dags/example_complex.py
[2026-08-21T22:58:21.970+0000] {processor.py:840} INFO - DAG(s) 'example_complex' retrieved from /home/airflow/.local/lib/python3.8/site-packages/airflow/example_dags/example_complex.py
[2026-08-21T22:58:22.018+0000] {logging_mixin.py:188} INFO - [2026-08-21T22:58:22.017+0000] {dag.py:3047} INFO - Sync 1 DAGs
[2026-08-21T22:58:22.035+0000] {logging_mixin.py:188} INFO - [2026-08-21T22:58:22.034+0000] {dag.py:3834} INFO - Setting next_dagrun for example_complex to None, run_after=None
[2026-08-21T22:58:22.066+0000] {processor.py:183} INFO - Processing /home/airflow/.local/lib/python3.8/site-packages/airflow/example_dags/example_complex.py took 0.118 seconds
[2026-08-21T22:58:52.232+0000] {processor.py:161} INFO - Started process (PID=1433) to work on /home/airflow/.local/lib/python3.8/site-packages/airflow/example_dags/example_complex.py
[2026-08-21T22:58:52.234+0000] {processor.py:830} INFO - Processing file /home/airflow/.local/lib/python3.8/site-packages/airflow/example_dags/example_complex.py for tasks to queue
[2026-08-21T22:58:52.237+0000] {logging_mixin.py:188} INFO - [2026-08-21T22:58:52.237+0000] {dagbag.py:540} INFO - Filling up the DagBag from /home/airflow/.local/lib/python3.8/site-packages/airflow/example_dags/example_complex.py
[2026-08-21T22:58:52.252+0000] {processor.py:840} INFO - DAG(s) 'example_complex' retrieved from /home/airflow/.local/lib/python3.8/site-packages/airflow/example_dags/example_complex.py
[2026-08-21T22:58:52.298+0000] {logging_mixin.py:188} INFO - [2026-08-21T22:58:52.297+0000] {dag.py:3047} INFO - Sync 1 DAGs
[2026-08-21T22:58:52.314+0000] {logging_mixin.py:188} INFO - [2026-08-21T22:58:52.313+0000] {dag.py:3834} INFO - Setting next_dagrun for example_complex to None, run_after=None
[2026-08-21T22:58:52.340+0000] {processor.py:183} INFO - Processing /home/airflow/.local/lib/python3.8/site-packages/airflow/example_dags/example_complex.py took 0.114 seconds
[2026-08-21T22:59:23.028+0000] {processor.py:161} INFO - Started process (PID=1490) to work on /home/airflow/.local/lib/python3.8/site-packages/airflow/example_dags/example_complex.py
[2026-08-21T22:59:23.031+0000] {processor.py:830} INFO - Processing file /home/airflow/.local/lib/python3.8/site-packages/airflow/example_dags/example_complex.py for tasks to queue
[2026-08-21T22:59:23.035+0000] {logging_mixin.py:188} INFO - [2026-08-21T22:59:23.035+0000] {dagbag.py:540} INFO - Filling up the DagBag from /home/airflow/.local/lib/python3.8/site-packages/airflow/example_dags/example_complex.py
[2026-08-21T22:59:23.047+0000] {processor.py:840} INFO - DAG(s) 'example_complex' retrieved from /home/airflow/.local/lib/python3.8/site-packages/airflow/example_dags/example_complex.py
[2026-08-21T22:59:23.088+0000] {logging_mixin.py:188} INFO - [2026-08-21T22:59:23.088+0000] {dag.py:3047} INFO - Sync 1 DAGs
[2026-08-21T22:59:23.108+0000] {logging_mixin.py:188} INFO - [2026-08-21T22:59:23.107+0000] {dag.py:3834} INFO - Setting next_dagrun for example_complex to None, run_after=None
[2026-08-21T22:59:23.132+0000] {processor.py:183} INFO - Processing /home/airflow/.local/lib/python3.8/site-packages/airflow/example_dags/example_complex.py took 0.107 seconds
[2026-08-21T22:59:53.486+0000] {processor.py:161} INFO - Started process (PID=1547) to work on /home/airflow/.local/lib/python3.8/site-packages/airflow/example_dags/example_complex.py
[2026-08-21T22:59:53.488+0000] {processor.py:830} INFO - Processing file /home/airflow/.local/lib/python3.8/site-packages/airflow/example_dags/example_complex.py for tasks to queue
[2026-08-21T22:59:53.491+0000] {logging_mixin.py:188} INFO - [2026-08-21T22:59:53.491+0000] {dagbag.py:540} INFO - Filling up the DagBag from /home/airflow/.local/lib/python3.8/site-packages/airflow/example_dags/example_complex.py
[2026-08-21T22:59:53.505+0000] {processor.py:840} INFO - DAG(s) 'example_complex' retrieved from /home/airflow/.local/lib/python3.8/site-packages/airflow/example_dags/example_complex.py
[2026-08-21T22:59:53.541+0000] {logging_mixin.py:188} INFO - [2026-08-21T22:59:53.541+0000] {dag.py:3047} INFO - Sync 1 DAGs
[2026-08-21T22:59:53.555+0000] {logging_mixin.py:188} INFO - [2026-08-21T22:59:53.555+0000] {dag.py:3834} INFO - Setting next_dagrun for example_complex to None, run_after=None
[2026-08-21T22:59:53.578+0000] {processor.py:183} INFO - Processing /home/airflow/.local/lib/python3.8/site-packages/airflow/example_dags/example_complex.py took 0.097 seconds
[2026-08-21T23:00:23.686+0000] {processor.py:161} INFO - Started process (PID=1604) to work on /home/airflow/.local/lib/python3.8/site-packages/airflow/example_dags/example_complex.py
[2026-08-21T23:00:23.688+0000] {processor.py:830} INFO - Processing file /home/airflow/.local/lib/python3.8/site-packages/airflow/example_dags/example_complex.py for tasks to queue
[2026-08-21T23:00:23.691+0000] {logging_mixin.py:188} INFO - [2026-08-21T23:00:23.691+0000] {dagbag.py:540} INFO - Filling up the DagBag from /home/airflow/.local/lib/python3.8/site-packages/airflow/example_dags/example_complex.py
[2026-08-21T23:00:23.705+0000] {processor.py:840} INFO - DAG(s) 'example_complex' retrieved from /home/airflow/.local/lib/python3.8/site-packages/airflow/example_dags/example_complex.py
[2026-08-21T23:00:23.746+0000] {logging_mixin.py:188} INFO - [2026-08-21T23:00:23.745+0000] {dag.py:3047} INFO - Sync 1 DAGs
[2026-08-21T23:00:23.762+0000] {logging_mixin.py:188} INFO - [2026-08-21T23:00:23.762+0000] {dag.py:3834} INFO - Setting next_dagrun for example_complex to None, run_after=None
[2026-08-21T23:00:23.787+0000] {processor.py:183} INFO - Processing /home/airflow/.local/lib/python3.8/site-packages/airflow/example_dags/example_complex.py took 0.104 seconds
[2026-08-21T23:00:53.869+0000] {processor.py:161} INFO - Started process (PID=1661) to work on /home/airflow/.local/lib/python3.8/site-packages/airflow/example_dags/example_complex.py
[2026-08-21T23:00:53.870+0000] {processor.py:830} INFO - Processing file /home/airflow/.local/lib/python3.8/site-packages/airflow/example_dags/example_complex.py for tasks to queue
[2026-08-21T23:00:53.873+0000] {logging_mixin.py:188} INFO - [2026-08-21T23:00:53.873+0000] {dagbag.py:540} INFO - Filling up the DagBag from /home/airflow/.local/lib/python3.8/site-packages/airflow/example_dags/example_complex.py
[2026-08-21T23:00:53.885+0000] {processor.py:840} INFO - DAG(s) 'example_complex' retrieved from /home/airflow/.local/lib/python3.8/site-packages/airflow/example_dags/example_complex.py
[2026-08-21T23:00:53.919+0000] {logging_mixin.py:188} INFO - [2026-08-21T23:00:53.918+0000] {dag.py:3047} INFO - Sync 1 DAGs
[2026-08-21T23:00:53.932+0000] {logging_mixin.py:188} INFO - [2026-08-21T23:00:53.932+0000] {dag.py:3834} INFO - Setting next_dagrun for example_complex to None, run_after=None
[2026-08-21T23:00:53.956+0000] {processor.py:183} INFO - Processing /home/airflow/.local/lib/python3.8/site-packages/airflow/example_dags/example_complex.py took 0.092 seconds
[2026-08-21T23:01:24.712+0000] {processor.py:161} INFO - Started process (PID=1718) to work on /home/airflow/.local/lib/python3.8/site-packages/airflow/example_dags/example_complex.py
[2026-08-21T23:01:24.714+0000] {processor.py:830} INFO - Processing file /home/airflow/.local/lib/python3.8/site-packages/airflow/example_dags/example_complex.py for tasks to queue
[2026-08-21T23:01:24.718+0000] {logging_mixin.py:188} INFO - [2026-08-21T23:01:24.717+0000] {dagbag.py:540} INFO - Filling up the DagBag from /home/airflow/.local/lib/python3.8/site-packages/airflow/example_dags/example_complex.py
[2026-08-21T23:01:24.730+0000] {processor.py:840} INFO - DAG(s) 'example_complex' retrieved from /home/airflow/.local/lib/python3.8/site-packages/airflow/example_dags/example_complex.py
[2026-08-21T23:01:24.767+0000] {logging_mixin.py:188} INFO - [2026-08-21T23:01:24.767+0000] {dag.py:3047} INFO - Sync 1 DAGs
[2026-08-21T23:01:24.782+0000] {logging_mixin.py:188} INFO - [2026-08-21T23:01:24.782+0000] {dag.py:3834} INFO - Setting next_dagrun for example_complex to None, run_after=None
[2026-08-21T23:01:24.802+0000] {processor.py:183} INFO - Processing /home/airflow/.local/lib/python3.8/site-packages/airflow/example_dags/example_complex.py took 0.097 seconds
[2026-08-21T23:01:55.221+0000] {processor.py:161} INFO - Started process (PID=1775) to work on /home/airflow/.local/lib/python3.8/site-packages/airflow/example_dags/example_complex.py
[2026-08-21T23:01:55.223+0000] {processor.py:830} INFO - Processing file /home/airflow/.local/lib/python3.8/site-packages/airflow/example_dags/example_complex.py for tasks to queue
[2026-08-21T23:01:55.226+0000] {logging_mixin.py:188} INFO - [2026-08-21T23:01:55.226+0000] {dagbag.py:540} INFO - Filling up the DagBag from /home/airflow/.local/lib/python3.8/site-packages/airflow/example_dags/example_complex.py
[2026-08-21T23:01:55.244+0000] {processor.py:840} INFO - DAG(s) 'example_complex' retrieved from /home/airflow/.local/lib/python3.8/site-packages/airflow/example_dags/example_complex.py
[2026-08-21T23:01:55.281+0000] {logging_mixin.py:188} INFO - [2026-08-21T23:01:55.280+0000] {dag.py:3047} INFO - Sync 1 DAGs
[2026-08-21T23:01:55.295+0000] {logging_mixin.py:188} INFO - [2026-08-21T23:01:55.294+0000] {dag.py:3834} INFO - Setting next_dagrun for example_complex to None, run_after=None
[2026-08-21T23:01:55.319+0000] {processor.py:183} INFO - Processing /home/airflow/.local/lib/python3.8/site-packages/airflow/example_dags/example_complex.py took 0.104 seconds
[2026-08-21T23:02:25.390+0000] {processor.py:161} INFO - Started process (PID=1832) to work on /home/airflow/.local/lib/python3.8/site-packages/airflow/example_dags/example_complex.py
[2026-08-21T23:02:25.391+0000] {processor.py:830} INFO - Processing file /home/airflow/.local/lib/python3.8/site-packages/airflow/example_dags/example_complex.py for tasks to queue
[2026-08-21T23:02:25.394+0000] {logging_mixin.py:188} INFO - [2026-08-21T23:02:25.394+0000] {dagbag.py:540} INFO - Filling up the DagBag from /home/airflow/.local/lib/python3.8/site-packages/airflow/example_dags/example_complex.py
[2026-08-21T23:02:25.408+0000] {processor.py:840} INFO - DAG(s) 'example_complex' retrieved from /home/airflow/.local/lib/python3.8/site-packages/airflow/example_dags/example_complex.py
[2026-08-21T23:02:25.463+0000] {logging_mixin.py:188} INFO - [2026-08-21T23:02:25.463+0000] {dag.py:3047} INFO - Sync 1 DAGs
[2026-08-21T23:02:25.481+0000] {logging_mixin.py:188} INFO - [2026-08-21T23:02:25.481+0000] {dag.py:3834} INFO - Setting next_dagrun for example_complex to None, run_after=None
[2026-08-21T23:02:25.506+0000] {processor.py:183} INFO - Processing /home/airflow/.local/lib/python3.8/site-packages/airflow/example_dags/example_complex.py took 0.123 seconds
[2026-08-21T23:02:55.784+0000] {processor.py:161} INFO - Started process (PID=1889) to work on /home/airflow/.local/lib/python3.8/site-packages/airflow/example_dags/example_complex.py
[2026-08-21T23:02:55.786+0000] {processor.py:830} INFO - Processing file /home/airflow/.local/lib/python3.8/site-packages/airflow/example_dags/example_complex.py for tasks to queue
[2026-08-21T23:02:55.789+0000] {logging_mixin.py:188} INFO - [2026-08-21T23:02:55.788+0000] {dagbag.py:540} INFO - Filling up the DagBag from /home/airflow/.local/lib/python3.8/site-packages/airflow/example_dags/example_complex.py
[2026-08-21T23:02:55.811+0000] {processor.py:840} INFO - DAG(s) 'example_complex' retrieved from /home/airflow/.local/lib/python3.8/site-packages/airflow/example_dags/example_complex.py
[2026-08-21T23:02:55.903+0000] {logging_mixin.py:188} INFO - [2026-08-21T23:02:55.902+0000] {dag.py:3047} INFO - Sync 1 DAGs
[2026-08-21T23:02:55.934+0000] {logging_mixin.py:188} INFO - [2026-08-21T23:02:55.933+0000] {dag.py:3834} INFO - Setting next_dagrun for example_complex to None, run_after=None
[2026-08-21T23:02:55.971+0000] {processor.py:183} INFO - Processing /home/airflow/.local/lib/python3.8/site-packages/airflow/example_dags/example_complex.py took 0.191 seconds
[2026-08-21T23:03:26.355+0000] {processor.py:161} INFO - Started process (PID=1946) to work on /home/airflow/.local/lib/python3.8/site-packages/airflow/example_dags/example_complex.py
[2026-08-21T23:03:26.357+0000] {processor.py:830} INFO - Processing file /home/airflow/.local/lib/python3.8/site-packages/airflow/example_dags/example_complex.py for tasks to queue
[2026-08-21T23:03:26.360+0000] {logging_mixin.py:188} INFO - [2026-08-21T23:03:26.359+0000] {dagbag.py:540} INFO - Filling up the DagBag from /home/airflow/.local/lib/python3.8/site-packages/airflow/example_dags/example_complex.py
[2026-08-21T23:03:26.373+0000] {processor.py:840} INFO - DAG(s) 'example_complex' retrieved from /home/airflow/.local/lib/python3.8/site-packages/airflow/example_dags/example_complex.py
[2026-08-21T23:03:26.415+0000] {logging_mixin.py:188} INFO - [2026-08-21T23:03:26.415+0000] {dag.py:3047} INFO - Sync 1 DAGs
[2026-08-21T23:03:26.430+0000] {logging_mixin.py:188} INFO - [2026-08-21T23:03:26.430+0000] {dag.py:3834} INFO - Setting next_dagrun for example_complex to None, run_after=None
[2026-08-21T23:03:26.458+0000] {processor.py:183} INFO - Processing /home/airflow/.local/lib/python3.8/site-packages/airflow/example_dags/example_complex.py took 0.108 seconds
[2026-08-21T23:03:56.999+0000] {processor.py:161} INFO - Started process (PID=2003) to work on /home/airflow/.local/lib/python3.8/site-packages/airflow/example_dags/example_complex.py
[2026-08-21T23:03:57.000+0000] {processor.py:830} INFO - Processing file /home/airflow/.local/lib/python3.8/site-packages/airflow/example_dags/example_complex.py for tasks to queue
[2026-08-21T23:03:57.003+0000] {logging_mixin.py:188} INFO - [2026-08-21T23:03:57.003+0000] {dagbag.py:540} INFO - Filling up the DagBag from /home/airflow/.local/lib/python3.8/site-packages/airflow/example_dags/example_complex.py
[2026-08-21T23:03:57.017+0000] {processor.py:840} INFO - DAG(s) 'example_complex' retrieved from /home/airflow/.local/lib/python3.8/site-packages/airflow/example_dags/example_complex.py
[2026-08-21T23:03:57.057+0000] {logging_mixin.py:188} INFO - [2026-08-21T23:03:57.057+0000] {dag.py:3047} INFO - Sync 1 DAGs
[2026-08-21T23:03:57.072+0000] {logging_mixin.py:188} INFO - [2026-08-21T23:03:57.071+0000] {dag.py:3834} INFO - Setting next_dagrun for example_complex to None, run_after=None
[2026-08-21T23:03:57.098+0000] {processor.py:183} INFO - Processing /home/airflow/.local/lib/python3.8/site-packages/airflow/example_dags/example_complex.py took 0.103 seconds
[2026-08-21T23:04:27.544+0000] {processor.py:161} INFO - Started process (PID=2060) to work on /home/airflow/.local/lib/python3.8/site-packages/airflow/example_dags/example_complex.py
[2026-08-21T23:04:27.546+0000] {processor.py:830} INFO - Processing file /home/airflow/.local/lib/python3.8/site-packages/airflow/example_dags/example_complex.py for tasks to queue
[2026-08-21T23:04:27.550+0000] {logging_mixin.py:188} INFO - [2026-08-21T23:04:27.549+0000] {dagbag.py:540} INFO - Filling up the DagBag from /home/airflow/.local/lib/python3.8/site-packages/airflow/example_dags/example_complex.py
[2026-08-21T23:04:27.565+0000] {processor.py:840} INFO - DAG(s) 'example_complex' retrieved from /home/airflow/.local/lib/python3.8/site-packages/airflow/example_dags/example_complex.py
[2026-08-21T23:04:27.606+0000] {logging_mixin.py:188} INFO - [2026-08-21T23:04:27.606+0000] {dag.py:3047} INFO - Sync 1 DAGs
[2026-08-21T23:04:27.622+0000] {logging_mixin.py:188} INFO - [2026-08-21T23:04:27.621+0000] {dag.py:3834} INFO - Setting next_dagrun for example_complex to None, run_after=None
[2026-08-21T23:04:27.644+0000] {processor.py:183} INFO - Processing /home/airflow/.local/lib/python3.8/site-packages/airflow/example_dags/example_complex.py took 0.107 seconds
[2026-08-21T23:04:58.122+0000] {processor.py:161} INFO - Started process (PID=2117) to work on /home/airflow/.local/lib/python3.8/site-packages/airflow/example_dags/example_complex.py
[2026-08-21T23:04:58.123+0000] {processor.py:830} INFO - Processing file /home/airflow/.local/lib/python3.8/site-packages/airflow/example_dags/example_complex.py for tasks to queue
[2026-08-21T23:04:58.127+0000] {logging_mixin.py:188} INFO - [2026-08-21T23:04:58.126+0000] {dagbag.py:540} INFO - Filling up the DagBag from /home/airflow/.local/lib/python3.8/site-packages/airflow/example_dags/example_complex.py
[2026-08-21T23:04:58.139+0000] {processor.py:840} INFO - DAG(s) 'example_complex' retrieved from /home/airflow/.local/lib/python3.8/site-packages/airflow/example_dags/example_complex.py
[2026-08-21T23:04:58.172+0000] {logging_mixin.py:188} INFO - [2026-08-21T23:04:58.172+0000] {dag.py:3047} INFO - Sync 1 DAGs
[2026-08-21T23:04:58.189+0000] {logging_mixin.py:188} INFO - [2026-08-21T23:04:58.188+0000] {dag.py:3834} INFO - Setting next_dagrun for example_complex to None, run_after=None
[2026-08-21T23:04:58.210+0000] {processor.py:183} INFO - Processing /home/airflow/.local/lib/python3.8/site-packages/airflow/example_dags/example_complex.py took 0.092 seconds
[2026-08-21T23:05:28.325+0000] {processor.py:161} INFO - Started process (PID=2174) to work on /home/airflow/.local/lib/python3.8/site-packages/airflow/example_dags/example_complex.py
[2026-08-21T23:05:28.327+0000] {processor.py:830} INFO - Processing file /home/airflow/.local/lib/python3.8/site-packages/airflow/example_dags/example_complex.py for tasks to queue
[2026-08-21T23:05:28.331+0000] {logging_mixin.py:188} INFO - [2026-08-21T23:05:28.330+0000] {dagbag.py:540} INFO - Filling up the DagBag from /home/airflow/.local/lib/python3.8/site-packages/airflow/example_dags/example_complex.py
[2026-08-21T23:05:28.346+0000] {processor.py:840} INFO - DAG(s) 'example_complex' retrieved from /home/airflow/.local/lib/python3.8/site-packages/airflow/example_dags/example_complex.py
[2026-08-21T23:05:28.388+0000] {logging_mixin.py:188} INFO - [2026-08-21T23:05:28.388+0000] {dag.py:3047} INFO - Sync 1 DAGs
[2026-08-21T23:05:28.407+0000] {logging_mixin.py:188} INFO - [2026-08-21T23:05:28.407+0000] {dag.py:3834} INFO - Setting next_dagrun for example_complex to None, run_after=None
[2026-08-21T23:05:28.430+0000] {processor.py:183} INFO - Processing /home/airflow/.local/lib/python3.8/site-packages/airflow/example_dags/example_complex.py took 0.112 seconds
[2026-08-21T23:05:58.691+0000] {processor.py:161} INFO - Started process (PID=2231) to work on /home/airflow/.local/lib/python3.8/site-packages/airflow/example_dags/example_complex.py
[2026-08-21T23:05:58.693+0000] {processor.py:830} INFO - Processing file /home/airflow/.local/lib/python3.8/site-packages/airflow/example_dags/example_complex.py for tasks to queue
[2026-08-21T23:05:58.696+0000] {logging_mixin.py:188} INFO - [2026-08-21T23:05:58.696+0000] {dagbag.py:540} INFO - Filling up the DagBag from /home/airflow/.local/lib/python3.8/site-packages/airflow/example_dags/example_complex.py
[2026-08-21T23:05:58.711+0000] {processor.py:840} INFO - DAG(s) 'example_complex' retrieved from /home/airflow/.local/lib/python3.8/site-packages/airflow/example_dags/example_complex.py
[2026-08-21T23:05:58.754+0000] {logging_mixin.py:188} INFO - [2026-08-21T23:05:58.754+0000] {dag.py:3047} INFO - Sync 1 DAGs
[2026-08-21T23:05:58.770+0000] {logging_mixin.py:188} INFO - [2026-08-21T23:05:58.770+0000] {dag.py:3834} INFO - Setting next_dagrun for example_complex to None, run_after=None
[2026-08-21T23:05:58.797+0000] {processor.py:183} INFO - Processing /home/airflow/.local/lib/python3.8/site-packages/airflow/example_dags/example_complex.py took 0.111 seconds
[2026-08-21T23:06:29.648+0000] {processor.py:161} INFO - Started process (PID=2288) to work on /home/airflow/.local/lib/python3.8/site-packages/airflow/example_dags/example_complex.py
[2026-08-21T23:06:29.650+0000] {processor.py:830} INFO - Processing file /home/airflow/.local/lib/python3.8/site-packages/airflow/example_dags/example_complex.py for tasks to queue
[2026-08-21T23:06:29.652+0000] {logging_mixin.py:188} INFO - [2026-08-21T23:06:29.652+0000] {dagbag.py:540} INFO - Filling up the DagBag from /home/airflow/.local/lib/python3.8/site-packages/airflow/example_dags/example_complex.py
[2026-08-21T23:06:29.665+0000] {processor.py:840} INFO - DAG(s) 'example_complex' retrieved from /home/airflow/.local/lib/python3.8/site-packages/airflow/example_dags/example_complex.py
[2026-08-21T23:06:29.704+0000] {logging_mixin.py:188} INFO - [2026-08-21T23:06:29.703+0000] {dag.py:3047} INFO - Sync 1 DAGs
[2026-08-21T23:06:29.718+0000] {logging_mixin.py:188} INFO - [2026-08-21T23:06:29.718+0000] {dag.py:3834} INFO - Setting next_dagrun for example_complex to None, run_after=None
[2026-08-21T23:06:29.744+0000] {processor.py:183} INFO - Processing /home/airflow/.local/lib/python3.8/site-packages/airflow/example_dags/example_complex.py took 0.099 seconds
[2026-08-21T23:06:59.883+0000] {processor.py:161} INFO - Started process (PID=2345) to work on /home/airflow/.local/lib/python3.8/site-packages/airflow/example_dags/example_complex.py
[2026-08-21T23:06:59.885+0000] {processor.py:830} INFO - Processing file /home/airflow/.local/lib/python3.8/site-packages/airflow/example_dags/example_complex.py for tasks to queue
[2026-08-21T23:06:59.889+0000] {logging_mixin.py:188} INFO - [2026-08-21T23:06:59.889+0000] {dagbag.py:540} INFO - Filling up the DagBag from /home/airflow/.local/lib/python3.8/site-packages/airflow/example_dags/example_complex.py
[2026-08-21T23:06:59.907+0000] {processor.py:840} INFO - DAG(s) 'example_complex' retrieved from /home/airflow/.local/lib/python3.8/site-packages/airflow/example_dags/example_complex.py
[2026-08-21T23:06:59.945+0000] {logging_mixin.py:188} INFO - [2026-08-21T23:06:59.945+0000] {dag.py:3047} INFO - Sync 1 DAGs
[2026-08-21T23:06:59.960+0000] {logging_mixin.py:188} INFO - [2026-08-21T23:06:59.959+0000] {dag.py:3834} INFO - Setting next_dagrun for example_complex to None, run_after=None
[2026-08-21T23:06:59.982+0000] {processor.py:183} INFO - Processing /home/airflow/.local/lib/python3.8/site-packages/airflow/example_dags/example_complex.py took 0.106 seconds
[2026-08-21T23:07:30.461+0000] {processor.py:161} INFO - Started process (PID=2402) to work on /home/airflow/.local/lib/python3.8/site-packages/airflow/example_dags/example_complex.py
[2026-08-21T23:07:30.463+0000] {processor.py:830} INFO - Processing file /home/airflow/.local/lib/python3.8/site-packages/airflow/example_dags/example_complex.py for tasks to queue
[2026-08-21T23:07:30.467+0000] {logging_mixin.py:188} INFO - [2026-08-21T23:07:30.466+0000] {dagbag.py:540} INFO - Filling up the DagBag from /home/airflow/.local/lib/python3.8/site-packages/airflow/example_dags/example_complex.py
[2026-08-21T23:07:30.481+0000] {processor.py:840} INFO - DAG(s) 'example_complex' retrieved from /home/airflow/.local/lib/python3.8/site-packages/airflow/example_dags/example_complex.py
[2026-08-21T23:07:30.517+0000] {logging_mixin.py:188} INFO - [2026-08-21T23:07:30.517+0000] {dag.py:3047} INFO - Sync 1 DAGs
[2026-08-21T23:07:30.533+0000] {logging_mixin.py:188} INFO - [2026-08-21T23:07:30.533+0000] {dag.py:3834} INFO - Setting next_dagrun for example_complex to None, run_after=None
[2026-08-21T23:07:30.561+0000] {processor.py:183} INFO - Processing /home/airflow/.local/lib/python3.8/site-packages/airflow/example_dags/example_complex.py took 0.106 seconds
[2026-08-21T23:08:01.041+0000] {processor.py:161} INFO - Started process (PID=2461) to work on /home/airflow/.local/lib/python3.8/site-packages/airflow/example_dags/example_complex.py
[2026-08-21T23:08:01.043+0000] {processor.py:830} INFO - Processing file /home/airflow/.local/lib/python3.8/site-packages/airflow/example_dags/example_complex.py for tasks to queue
[2026-08-21T23:08:01.046+0000] {logging_mixin.py:188} INFO - [2026-08-21T23:08:01.045+0000] {dagbag.py:540} INFO - Filling up the DagBag from /home/airflow/.local/lib/python3.8/site-packages/airflow/example_dags/example_complex.py
[2026-08-21T23:08:01.057+0000] {processor.py:840} INFO - DAG(s) 'example_complex' retrieved from /home/airflow/.local/lib/python3.8/site-packages/airflow/example_dags/example_complex.py
[2026-08-21T23:08:01.095+0000] {logging_mixin.py:188} INFO - [2026-08-21T23:08:01.095+0000] {dag.py:3047} INFO - Sync 1 DAGs
[2026-08-21T23:08:01.110+0000] {logging_mixin.py:188} INFO - [2026-08-21T23:08:01.110+0000] {dag.py:3834} INFO - Setting next_dagrun for example_complex to None, run_after=None
[2026-08-21T23:08:01.134+0000] {processor.py:183} INFO - Processing /home/airflow/.local/lib/python3.8/site-packages/airflow/example_dags/example_complex.py took 0.097 seconds
