[2026-08-21T22:46:44.969+0000] {processor.py:161} INFO - Started process (PID=89) to work on /home/airflow/.local/lib/python3.8/site-packages/airflow/example_dags/example_branch_day_of_week_operator.py
[2026-08-21T22:46:44.971+0000] {processor.py:830} INFO - Processing file /home/airflow/.local/lib/python3.8/site-packages/airflow/example_dags/example_branch_day_of_week_operator.py for tasks to queue
[2026-08-21T22:46:44.975+0000] {logging_mixin.py:188} INFO - [2026-08-21T22:46:44.975+0000] {dagbag.py:540} INFO - Filling up the DagBag from /home/airflow/.local/lib/python3.8/site-packages/airflow/example_dags/example_branch_day_of_week_operator.py
[2026-08-21T22:46:45.013+0000] {processor.py:840} INFO - DAG(s) 'example_weekday_branch_operator' retrieved from /home/airflow/.local/lib/python3.8/site-packages/airflow/example_dags/example_branch_day_of_week_operator.py
[2026-08-21T22:46:45.281+0000] {logging_mixin.py:188} INFO - [2026-08-21T22:46:45.280+0000] {dag.py:3047} INFO - Sync 1 DAGs
[2026-08-21T22:46:45.317+0000] {logging_mixin.py:188} INFO - [2026-08-21T22:46:45.317+0000] {dag.py:3834} INFO - Setting next_dagrun for example_weekday_branch_operator to 2026-08-20 00:00:00+00:00, run_after=2026-08-21 00:00:00+00:00
[2026-08-21T22:46:45.341+0000] {processor.py:183} INFO - Processing /home/airflow/.local/lib/python3.8/site-packages/airflow/example_dags/example_branch_day_of_week_operator.py took 0.377 seconds
[2026-08-21T22:47:15.786+0000] {processor.py:161} INFO - Started process (PID=146) to work on /home/airflow/.local/lib/python3.8/site-packages/airflow/example_dags/example_branch_day_of_week_operator.py
[2026-08-21T22:47:15.788+0000] {processor.py:830} INFO - Processing file /home/airflow/.local/lib/python3.8/site-packages/airflow/example_dags/example_branch_day_of_week_operator.py for tasks to queue
[2026-08-21T22:47:15.792+0000] {logging_mixin.py:188} INFO - [2026-08-21T22:47:15.792+0000] {dagbag.py:540} INFO - Filling up the DagBag from /home/airflow/.local/lib/python3.8/site-packages/airflow/example_dags/example_branch_day_of_week_operator.py
[2026-08-21T22:47:15.803+0000] {processor.py:840} INFO - DAG(s) 'example_weekday_branch_operator' retrieved from /home/airflow/.local/lib/python3.8/site-packages/airflow/example_dags/example_branch_day_of_week_operator.py
[2026-08-21T22:47:15.827+0000] {logging_mixin.py:188} INFO - [2026-08-21T22:47:15.827+0000] {dag.py:3047} INFO - Sync 1 DAGs
[2026-08-21T22:47:15.853+0000] {logging_mixin.py:188} INFO - [2026-08-21T22:47:15.853+0000] {dag.py:3834} INFO - Setting next_dagrun for example_weekday_branch_operator to 2026-08-20 00:00:00+00:00, run_after=2026-08-21 00:00:00+00:00
[2026-08-21T22:47:15.877+0000] {processor.py:183} INFO - Processing /home/airflow/.local/lib/python3.8/site-packages/airflow/example_dags/example_branch_day_of_week_operator.py took 0.096 seconds
[2026-08-21T22:47:46.427+0000] {processor.py:161} INFO - Started process (PID=203) to work on /home/airflow/.local/lib/python3.8/site-packages/airflow/example_dags/example_branch_day_of_week_operator.py
[2026-08-21T22:47:46.430+0000] {processor.py:830} INFO - Processing file /home/airflow/.local/lib/python3.8/site-packages/airflow/example_dags/example_branch_day_of_week_operator.py for tasks to queue
[2026-08-21T22:47:46.433+0000] {logging_mixin.py:188} INFO - [2026-08-21T22:47:46.432+0000] {dagbag.py:540} INFO - Filling up the DagBag from /home/airflow/.local/lib/python3.8/site-packages/airflow/example_dags/example_branch_day_of_week_operator.py
[2026-08-21T22:47:46.446+0000] {processor.py:840} INFO - DAG(s) 'example_weekday_branch_operator' retrieved from /home/airflow/.local/lib/python3.8/site-packages/airflow/example_dags/example_branch_day_of_week_operator.py
[2026-08-21T22:47:46.474+0000] {logging_mixin.py:188} INFO - [2026-08-21T22:47:46.474+0000] {dag.py:3047} INFO - Sync 1 DAGs
[2026-08-21T22:47:46.503+0000] {logging_mixin.py:188} INFO - [2026-08-21T22:47:46.503+0000] {dag.py:3834} INFO - Setting next_dagrun for example_weekday_branch_operator to 2026-08-20 00:00:00+00:00, run_after=2026-08-21 00:00:00+00:00
[2026-08-21T22:47:46.531+0000] {processor.py:183} INFO - Processing /home/airflow/.local/lib/python3.8/site-packages/airflow/example_dags/example_branch_day_of_week_operator.py took 0.110 seconds
[2026-08-21T22:48:17.143+0000] {processor.py:161} INFO - Started process (PID=260) to work on /home/airflow/.local/lib/python3.8/site-packages/airflow/example_dags/example_branch_day_of_week_operator.py
[2026-08-21T22:48:17.145+0000] {processor.py:830} INFO - Processing file /home/airflow/.local/lib/python3.8/site-packages/airflow/example_dags/example_branch_day_of_week_operator.py for tasks to queue
[2026-08-21T22:48:17.147+0000] {logging_mixin.py:188} INFO - [2026-08-21T22:48:17.147+0000] {dagbag.py:540} INFO - Filling up the DagBag from /home/airflow/.local/lib/python3.8/site-packages/airflow/example_dags/example_branch_day_of_week_operator.py
[2026-08-21T22:48:17.158+0000] {processor.py:840} INFO - DAG(s) 'example_weekday_branch_operator' retrieved from /home/airflow/.local/lib/python3.8/site-packages/airflow/example_dags/example_branch_day_of_week_operator.py
[2026-08-21T22:48:17.191+0000] {logging_mixin.py:188} INFO - [2026-08-21T22:48:17.191+0000] {dag.py:3047} INFO - Sync 1 DAGs
[2026-08-21T22:48:17.244+0000] {logging_mixin.py:188} INFO - [2026-08-21T22:48:17.244+0000] {dag.py:3834} INFO - Setting next_dagrun for example_weekday_branch_operator to 2026-08-20 00:00:00+00:00, run_after=2026-08-21 00:00:00+00:00
[2026-08-21T22:48:17.280+0000] {processor.py:183} INFO - Processing /home/airflow/.local/lib/python3.8/site-packages/airflow/example_dags/example_branch_day_of_week_operator.py took 0.142 seconds
[2026-08-21T22:48:48.085+0000] {processor.py:161} INFO - Started process (PID=317) to work on /home/airflow/.local/lib/python3.8/site-packages/airflow/example_dags/example_branch_day_of_week_operator.py
[2026-08-21T22:48:48.087+0000] {processor.py:830} INFO - Processing file /home/airflow/.local/lib/python3.8/site-packages/airflow/example_dags/example_branch_day_of_week_operator.py for tasks to queue
[2026-08-21T22:48:48.090+0000] {logging_mixin.py:188} INFO - [2026-08-21T22:48:48.090+0000] {dagbag.py:540} INFO - Filling up the DagBag from /home/airflow/.local/lib/python3.8/site-packages/airflow/example_dags/example_branch_day_of_week_operator.py
[2026-08-21T22:48:48.105+0000] {processor.py:840} INFO - DAG(s) 'example_weekday_branch_operator' retrieved from /home/airflow/.local/lib/python3.8/site-packages/airflow/example_dags/example_branch_day_of_week_operator.py
[2026-08-21T22:48:48.139+0000] {logging_mixin.py:188} INFO - [2026-08-21T22:48:48.139+0000] {dag.py:3047} INFO - Sync 1 DAGs
[2026-08-21T22:48:48.174+0000] {logging_mixin.py:188} INFO - [2026-08-21T22:48:48.174+0000] {dag.py:3834} INFO - Setting next_dagrun for example_weekday_branch_operator to 2026-08-20 00:00:00+00:00, run_after=2026-08-21 00:00:00+00:00
[2026-08-21T22:48:48.201+0000] {processor.py:183} INFO - Processing /home/airflow/.local/lib/python3.8/site-packages/airflow/example_dags/example_branch_day_of_week_operator.py took 0.121 seconds
[2026-08-21T22:49:18.552+0000] {processor.py:161} INFO - Started process (PID=374) to work on /home/airflow/.local/lib/python3.8/site-packages/airflow/example_dags/example_branch_day_of_week_operator.py
[2026-08-21T22:49:18.554+0000] {processor.py:830} INFO - Processing file /home/airflow/.local/lib/python3.8/site-packages/airflow/example_dags/example_branch_day_of_week_operator.py for tasks to queue
[2026-08-21T22:49:18.557+0000] {logging_mixin.py:188} INFO - [2026-08-21T22:49:18.556+0000] {dagbag.py:540} INFO - Filling up the DagBag from /home/airflow/.local/lib/python3.8/site-packages/airflow/example_dags/example_branch_day_of_week_operator.py
[2026-08-21T22:49:18.566+0000] {processor.py:840} INFO - DAG(s) 'example_weekday_branch_operator' retrieved from /home/airflow/.local/lib/python3.8/site-packages/airflow/example_dags/example_branch_day_of_week_operator.py
[2026-08-21T22:49:18.592+0000] {logging_mixin.py:188} INFO - [2026-08-21T22:49:18.591+0000] {dag.py:3047} INFO - Sync 1 DAGs
[2026-08-21T22:49:18.618+0000] {logging_mixin.py:188} INFO - [2026-08-21T22:49:18.617+0000] {dag.py:3834} INFO - Setting next_dagrun for example_weekday_branch_operator to 2026-08-20 00:00:00+00:00, run_after=2026-08-21 00:00:00+00:00
[2026-08-21T22:49:18.642+0000] {processor.py:183} INFO - Processing /home/airflow/.local/lib/python3.8/site-packages/airflow/example_dags/example_branch_day_of_week_operator.py took 0.094 seconds
[2026-08-21T22:49:48.812+0000] {processor.py:161} INFO - Started process (PID=431) to work on /home/airflow/.local/lib/python3.8/site-packages/airflow/example_dags/example_branch_day_of_week_operator.py
[2026-08-21T22:49:48.815+0000] {processor.py:830} INFO - Processing file /home/airflow/.local/lib/python3.8/site-packages/airflow/example_dags/example_branch_day_of_week_operator.py for tasks to queue
[2026-08-21T22:49:48.819+0000] {logging_mixin.py:188} INFO - [2026-08-21T22:49:48.819+0000] {dagbag.py:540} INFO - Filling up the DagBag from /home/airflow/.local/lib/python3.8/site-packages/airflow/example_dags/example_branch_day_of_week_operator.py
[2026-08-21T22:49:48.827+0000] {processor.py:840} INFO - DAG(s) 'example_weekday_branch_operator' retrieved from /home/airflow/.local/lib/python3.8/site-packages/airflow/example_dags/example_branch_day_of_week_operator.py
[2026-08-21T22:49:48.854+0000] {logging_mixin.py:188} INFO - [2026-08-21T22:49:48.854+0000] {dag.py:3047} INFO - Sync 1 DAGs
[2026-08-21T22:49:48.881+0000] {logging_mixin.py:188} INFO - [2026-08-21T22:49:48.880+0000] {dag.py:3834} INFO - Setting next_dagrun for example_weekday_branch_operator to 2026-08-20 00:00:00+00:00, run_after=2026-08-21 00:00:00+00:00
[2026-08-21T22:49:48.907+0000] {processor.py:183} INFO - Processing /home/airflow/.local/lib/python3.8/site-packages/airflow/example_dags/example_branch_day_of_week_operator.py took 0.098 seconds
[2026-08-21T22:50:19.070+0000] {processor.py:161} INFO - Started process (PID=486) to work on /home/airflow/.local/lib/python3.8/site-packages/airflow/example_dags/example_branch_day_of_week_operator.py
[2026-08-21T22:50:19.073+0000] {processor.py:830} INFO - Processing file /home/airflow/.local/lib/python3.8/site-packages/airflow/example_dags/example_branch_day_of_week_operator.py for tasks to queue
[2026-08-21T22:50:19.076+0000] {logging_mixin.py:188} INFO - [2026-08-21T22:50:19.076+0000] {dagbag.py:540} INFO - Filling up the DagBag from /home/airflow/.local/lib/python3.8/site-packages/airflow/example_dags/example_branch_day_of_week_operator.py
[2026-08-21T22:50:19.092+0000] {processor.py:840} INFO - DAG(s) 'example_weekday_branch_operator' retrieved from /home/airflow/.local/lib/python3.8/site-packages/airflow/example_dags/example_branch_day_of_week_operator.py
[2026-08-21T22:50:19.124+0000] {logging_mixin.py:188} INFO - [2026-08-21T22:50:19.123+0000] {dag.py:3047} INFO - Sync 1 DAGs
[2026-08-21T22:50:19.161+0000] {logging_mixin.py:188} INFO - [2026-08-21T22:50:19.161+0000] {dag.py:3834} INFO - Setting next_dagrun for example_weekday_branch_operator to 2026-08-20 00:00:00+00:00, run_after=2026-08-21 00:00:00+00:00
[2026-08-21T22:50:19.191+0000] {processor.py:183} INFO - Processing /home/airflow/.local/lib/python3.8/site-packages/airflow/example_dags/example_branch_day_of_week_operator.py took 0.128 seconds
[2026-08-21T22:50:49.248+0000] {processor.py:161} INFO - Started process (PID=543) to work on /home/airflow/.local/lib/python3.8/site-packages/airflow/example_dags/example_branch_day_of_week_operator.py
[2026-08-21T22:50:49.249+0000] {processor.py:830} INFO - Processing file /home/airflow/.local/lib/python3.8/site-packages/airflow/example_dags/example_branch_day_of_week_operator.py for tasks to queue
[2026-08-21T22:50:49.252+0000] {logging_mixin.py:188} INFO - [2026-08-21T22:50:49.251+0000] {dagbag.py:540} INFO - Filling up the DagBag from /home/airflow/.local/lib/python3.8/site-packages/airflow/example_dags/example_branch_day_of_week_operator.py
[2026-08-21T22:50:49.265+0000] {processor.py:840} INFO - DAG(s) 'example_weekday_branch_operator' retrieved from /home/airflow/.local/lib/python3.8/site-packages/airflow/example_dags/example_branch_day_of_week_operator.py
[2026-08-21T22:50:49.297+0000] {logging_mixin.py:188} INFO - [2026-08-21T22:50:49.297+0000] {dag.py:3047} INFO - Sync 1 DAGs
[2026-08-21T22:50:49.326+0000] {logging_mixin.py:188} INFO - [2026-08-21T22:50:49.325+0000] {dag.py:3834} INFO - Setting next_dagrun for example_weekday_branch_operator to 2026-08-20 00:00:00+00:00, run_after=2026-08-21 00:00:00+00:00
[2026-08-21T22:50:49.351+0000] {processor.py:183} INFO - Processing /home/airflow/.local/lib/python3.8/site-packages/airflow/example_dags/example_branch_day_of_week_operator.py took 0.109 seconds
[2026-08-21T22:51:19.573+0000] {processor.py:161} INFO - Started process (PID=600) to work on /home/airflow/.local/lib/python3.8/site-packages/airflow/example_dags/example_branch_day_of_week_operator.py
[2026-08-21T22:51:19.575+0000] {processor.py:830} INFO - Processing file /home/airflow/.local/lib/python3.8/site-packages/airflow/example_dags/example_branch_day_of_week_operator.py for tasks to queue
[2026-08-21T22:51:19.577+0000] {logging_mixin.py:188} INFO - [2026-08-21T22:51:19.577+0000] {dagbag.py:540} INFO - Filling up the DagBag from /home/airflow/.local/lib/python3.8/site-packages/airflow/example_dags/example_branch_day_of_week_operator.py
[2026-08-21T22:51:19.588+0000] {processor.py:840} INFO - DAG(s) 'example_weekday_branch_operator' retrieved from /home/airflow/.local/lib/python3.8/site-packages/airflow/example_dags/example_branch_day_of_week_operator.py
[2026-08-21T22:51:19.616+0000] {logging_mixin.py:188} INFO - [2026-08-21T22:51:19.615+0000] {dag.py:3047} INFO - Sync 1 DAGs
[2026-08-21T22:51:19.645+0000] {logging_mixin.py:188} INFO - [2026-08-21T22:51:19.644+0000] {dag.py:3834} INFO - Setting next_dagrun for example_weekday_branch_operator to 2026-08-20 00:00:00+00:00, run_after=2026-08-21 00:00:00+00:00
[2026-08-21T22:51:19.669+0000] {processor.py:183} INFO - Processing /home/airflow/.local/lib/python3.8/site-packages/airflow/example_dags/example_branch_day_of_week_operator.py took 0.101 seconds
[2026-08-21T22:51:49.890+0000] {processor.py:161} INFO - Started process (PID=657) to work on /home/airflow/.local/lib/python3.8/site-packages/airflow/example_dags/example_branch_day_of_week_operator.py
[2026-08-21T22:51:49.892+0000] {processor.py:830} INFO - Processing file /home/airflow/.local/lib/python3.8/site-packages/airflow/example_dags/example_branch_day_of_week_operator.py for tasks to queue
[2026-08-21T22:51:49.895+0000] {logging_mixin.py:188} INFO - [2026-08-21T22:51:49.894+0000] {dagbag.py:540} INFO - Filling up the DagBag from /home/airflow/.local/lib/python3.8/site-packages/airflow/example_dags/example_branch_day_of_week_operator.py
[2026-08-21T22:51:49.907+0000] {processor.py:840} INFO - DAG(s) 'example_weekday_branch_operator' retrieved from /home/airflow/.local/lib/python3.8/site-packages/airflow/example_dags/example_branch_day_of_week_operator.py
[2026-08-21T22:51:49.933+0000] {logging_mixin.py:188} INFO - [2026-08-21T22:51:49.933+0000] {dag.py:3047} INFO - Sync 1 DAGs
[2026-08-21T22:51:49.960+0000] {logging_mixin.py:188} INFO - [2026-08-21T22:51:49.960+0000] {dag.py:3834} INFO - Setting next_dagrun for example_weekday_branch_operator to 2026-08-20 00:00:00+00:00, run_after=2026-08-21 00:00:00+00:00
[2026-08-21T22:51:49.984+0000] {processor.py:183} INFO - Processing /home/airflow/.local/lib/python3.8/site-packages/airflow/example_dags/example_branch_day_of_week_operator.py took 0.099 seconds
[2026-08-21T22:52:20.291+0000] {processor.py:161} INFO - Started process (PID=714) to work on /home/airflow/.local/lib/python3.8/site-packages/airflow/example_dags/example_branch_day_of_week_operator.py
[2026-08-21T22:52:20.293+0000] {processor.py:830} INFO - Processing file /home/airflow/.local/lib/python3.8/site-packages/airflow/example_dags/example_branch_day_of_week_operator.py for tasks to queue
[2026-08-21T22:52:20.296+0000] {logging_mixin.py:188} INFO - [2026-08-21T22:52:20.295+0000] {dagbag.py:540} INFO - Filling up the DagBag from /home/airflow/.local/lib/python3.8/site-packages/airflow/example_dags/example_branch_day_of_week_operator.py
[2026-08-21T22:52:20.305+0000] {processor.py:840} INFO - DAG(s) 'example_weekday_branch_operator' retrieved from /home/airflow/.local/lib/python3.8/site-packages/airflow/example_dags/example_branch_day_of_week_operator.py
[2026-08-21T22:52:20.329+0000] {logging_mixin.py:188} INFO - [2026-08-21T22:52:20.329+0000] {dag.py:3047} INFO - Sync 1 DAGs
[2026-08-21T22:52:20.355+0000] {logging_mixin.py:188} INFO - [2026-08-21T22:52:20.354+0000] {dag.py:3834} INFO - Setting next_dagrun for example_weekday_branch_operator to 2026-08-20 00:00:00+00:00, run_after=2026-08-21 00:00:00+00:00
[2026-08-21T22:52:20.377+0000] {processor.py:183} INFO - Processing /home/airflow/.local/lib/python3.8/site-packages/airflow/example_dags/example_branch_day_of_week_operator.py took 0.090 seconds
[2026-08-21T22:52:50.559+0000] {processor.py:161} INFO - Started process (PID=771) to work on /home/airflow/.local/lib/python3.8/site-packages/airflow/example_dags/example_branch_day_of_week_operator.py
[2026-08-21T22:52:50.560+0000] {processor.py:830} INFO - Processing file /home/airflow/.local/lib/python3.8/site-packages/airflow/example_dags/example_branch_day_of_week_operator.py for tasks to queue
[2026-08-21T22:52:50.564+0000] {logging_mixin.py:188} INFO - [2026-08-21T22:52:50.563+0000] {dagbag.py:540} INFO - Filling up the DagBag from /home/airflow/.local/lib/python3.8/site-packages/airflow/example_dags/example_branch_day_of_week_operator.py
[2026-08-21T22:52:50.574+0000] {processor.py:840} INFO - DAG(s) 'example_weekday_branch_operator' retrieved from /home/airflow/.local/lib/python3.8/site-packages/airflow/example_dags/example_branch_day_of_week_operator.py
[2026-08-21T22:52:50.600+0000] {logging_mixin.py:188} INFO - [2026-08-21T22:52:50.599+0000] {dag.py:3047} INFO - Sync 1 DAGs
[2026-08-21T22:52:50.628+0000] {logging_mixin.py:188} INFO - [2026-08-21T22:52:50.628+0000] {dag.py:3834} INFO - Setting next_dagrun for example_weekday_branch_operator to 2026-08-20 00:00:00+00:00, run_after=2026-08-21 00:00:00+00:00
[2026-08-21T22:52:50.652+0000] {processor.py:183} INFO - Processing /home/airflow/.local/lib/python3.8/site-packages/airflow/example_dags/example_branch_day_of_week_operator.py took 0.097 seconds
[2026-08-21T22:53:21.454+0000] {processor.py:161} INFO - Started process (PID=828) to work on /home/airflow/.local/lib/python3.8/site-packages/airflow/example_dags/example_branch_day_of_week_operator.py
[2026-08-21T22:53:21.456+0000] {processor.py:830} INFO - Processing file /home/airflow/.local/lib/python3.8/site-packages/airflow/example_dags/example_branch_day_of_week_operator.py for tasks to queue
[2026-08-21T22:53:21.460+0000] {logging_mixin.py:188} INFO - [2026-08-21T22:53:21.459+0000] {dagbag.py:540} INFO - Filling up the DagBag from /home/airflow/.local/lib/python3.8/site-packages/airflow/example_dags/example_branch_day_of_week_operator.py
[2026-08-21T22:53:21.470+0000] {processor.py:840} INFO - DAG(s) 'example_weekday_branch_operator' retrieved from /home/airflow/.local/lib/python3.8/site-packages/airflow/example_dags/example_branch_day_of_week_operator.py
[2026-08-21T22:53:21.500+0000] {logging_mixin.py:188} INFO - [2026-08-21T22:53:21.500+0000] {dag.py:3047} INFO - Sync 1 DAGs
[2026-08-21T22:53:21.534+0000] {logging_mixin.py:188} INFO - [2026-08-21T22:53:21.534+0000] {dag.py:3834} INFO - Setting next_dagrun for example_weekday_branch_operator to 2026-08-20 00:00:00+00:00, run_after=2026-08-21 00:00:00+00:00
[2026-08-21T22:53:21.562+0000] {processor.py:183} INFO - Processing /home/airflow/.local/lib/python3.8/site-packages/airflow/example_dags/example_branch_day_of_week_operator.py took 0.112 seconds
[2026-08-21T22:53:51.877+0000] {processor.py:161} INFO - Started process (PID=885) to work on /home/airflow/.local/lib/python3.8/site-packages/airflow/example_dags/example_branch_day_of_week_operator.py
[2026-08-21T22:53:51.879+0000] {processor.py:830} INFO - Processing file /home/airflow/.local/lib/python3.8/site-packages/airflow/example_dags/example_branch_day_of_week_operator.py for tasks to queue
[2026-08-21T22:53:51.882+0000] {logging_mixin.py:188} INFO - [2026-08-21T22:53:51.882+0000] {dagbag.py:540} INFO - Filling up the DagBag from /home/airflow/.local/lib/python3.8/site-packages/airflow/example_dags/example_branch_day_of_week_operator.py
[2026-08-21T22:53:51.891+0000] {processor.py:840} INFO - DAG(s) 'example_weekday_branch_operator' retrieved from /home/airflow/.local/lib/python3.8/site-packages/airflow/example_dags/example_branch_day_of_week_operator.py
[2026-08-21T22:53:51.916+0000] {logging_mixin.py:188} INFO - [2026-08-21T22:53:51.916+0000] {dag.py:3047} INFO - Sync 1 DAGs
[2026-08-21T22:53:51.943+0000] {logging_mixin.py:188} INFO - [2026-08-21T22:53:51.942+0000] {dag.py:3834} INFO - Setting next_dagrun for example_weekday_branch_operator to 2026-08-20 00:00:00+00:00, run_after=2026-08-21 00:00:00+00:00
[2026-08-21T22:53:51.968+0000] {processor.py:183} INFO - Processing /home/airflow/.local/lib/python3.8/site-packages/airflow/example_dags/example_branch_day_of_week_operator.py took 0.095 seconds
[2026-08-21T22:54:22.217+0000] {processor.py:161} INFO - Started process (PID=942) to work on /home/airflow/.local/lib/python3.8/site-packages/airflow/example_dags/example_branch_day_of_week_operator.py
[2026-08-21T22:54:22.219+0000] {processor.py:830} INFO - Processing file /home/airflow/.local/lib/python3.8/site-packages/airflow/example_dags/example_branch_day_of_week_operator.py for tasks to queue
[2026-08-21T22:54:22.222+0000] {logging_mixin.py:188} INFO - [2026-08-21T22:54:22.222+0000] {dagbag.py:540} INFO - Filling up the DagBag from /home/airflow/.local/lib/python3.8/site-packages/airflow/example_dags/example_branch_day_of_week_operator.py
[2026-08-21T22:54:22.232+0000] {processor.py:840} INFO - DAG(s) 'example_weekday_branch_operator' retrieved from /home/airflow/.local/lib/python3.8/site-packages/airflow/example_dags/example_branch_day_of_week_operator.py
[2026-08-21T22:54:22.260+0000] {logging_mixin.py:188} INFO - [2026-08-21T22:54:22.259+0000] {dag.py:3047} INFO - Sync 1 DAGs
[2026-08-21T22:54:22.288+0000] {logging_mixin.py:188} INFO - [2026-08-21T22:54:22.288+0000] {dag.py:3834} INFO - Setting next_dagrun for example_weekday_branch_operator to 2026-08-20 00:00:00+00:00, run_after=2026-08-21 00:00:00+00:00
[2026-08-21T22:54:22.312+0000] {processor.py:183} INFO - Processing /home/airflow/.local/lib/python3.8/site-packages/airflow/example_dags/example_branch_day_of_week_operator.py took 0.100 seconds
[2026-08-21T22:54:52.783+0000] {processor.py:161} INFO - Started process (PID=999) to work on /home/airflow/.local/lib/python3.8/site-packages/airflow/example_dags/example_branch_day_of_week_operator.py
[2026-08-21T22:54:52.785+0000] {processor.py:830} INFO - Processing file /home/airflow/.local/lib/python3.8/site-packages/airflow/example_dags/example_branch_day_of_week_operator.py for tasks to queue
[2026-08-21T22:54:52.787+0000] {logging_mixin.py:188} INFO - [2026-08-21T22:54:52.787+0000] {dagbag.py:540} INFO - Filling up the DagBag from /home/airflow/.local/lib/python3.8/site-packages/airflow/example_dags/example_branch_day_of_week_operator.py
[2026-08-21T22:54:52.799+0000] {processor.py:840} INFO - DAG(s) 'example_weekday_branch_operator' retrieved from /home/airflow/.local/lib/python3.8/site-packages/airflow/example_dags/example_branch_day_of_week_operator.py
[2026-08-21T22:54:52.828+0000] {logging_mixin.py:188} INFO - [2026-08-21T22:54:52.828+0000] {dag.py:3047} INFO - Sync 1 DAGs
[2026-08-21T22:54:52.855+0000] {logging_mixin.py:188} INFO - [2026-08-21T22:54:52.854+0000] {dag.py:3834} INFO - Setting next_dagrun for example_weekday_branch_operator to 2026-08-20 00:00:00+00:00, run_after=2026-08-21 00:00:00+00:00
[2026-08-21T22:54:52.881+0000] {processor.py:183} INFO - Processing /home/airflow/.local/lib/python3.8/site-packages/airflow/example_dags/example_branch_day_of_week_operator.py took 0.102 seconds
[2026-08-21T22:55:23.362+0000] {processor.py:161} INFO - Started process (PID=1056) to work on /home/airflow/.local/lib/python3.8/site-packages/airflow/example_dags/example_branch_day_of_week_operator.py
[2026-08-21T22:55:23.364+0000] {processor.py:830} INFO - Processing file /home/airflow/.local/lib/python3.8/site-packages/airflow/example_dags/example_branch_day_of_week_operator.py for tasks to queue
[2026-08-21T22:55:23.366+0000] {logging_mixin.py:188} INFO - [2026-08-21T22:55:23.366+0000] {dagbag.py:540} INFO - Filling up the DagBag from /home/airflow/.local/lib/python3.8/site-packages/airflow/example_dags/example_branch_day_of_week_operator.py
[2026-08-21T22:55:23.376+0000] {processor.py:840} INFO - DAG(s) 'example_weekday_branch_operator' retrieved from /home/airflow/.local/lib/python3.8/site-packages/airflow/example_dags/example_branch_day_of_week_operator.py
[2026-08-21T22:55:23.402+0000] {logging_mixin.py:188} INFO - [2026-08-21T22:55:23.401+0000] {dag.py:3047} INFO - Sync 1 DAGs
[2026-08-21T22:55:23.426+0000] {logging_mixin.py:188} INFO - [2026-08-21T22:55:23.425+0000] {dag.py:3834} INFO - Setting next_dagrun for example_weekday_branch_operator to 2026-08-20 00:00:00+00:00, run_after=2026-08-21 00:00:00+00:00
[2026-08-21T22:55:23.446+0000] {processor.py:183} INFO - Processing /home/airflow/.local/lib/python3.8/site-packages/airflow/example_dags/example_branch_day_of_week_operator.py took 0.088 seconds
[2026-08-21T22:55:53.625+0000] {processor.py:161} INFO - Started process (PID=1113) to work on /home/airflow/.local/lib/python3.8/site-packages/airflow/example_dags/example_branch_day_of_week_operator.py
[2026-08-21T22:55:53.627+0000] {processor.py:830} INFO - Processing file /home/airflow/.local/lib/python3.8/site-packages/airflow/example_dags/example_branch_day_of_week_operator.py for tasks to queue
[2026-08-21T22:55:53.630+0000] {logging_mixin.py:188} INFO - [2026-08-21T22:55:53.629+0000] {dagbag.py:540} INFO - Filling up the DagBag from /home/airflow/.local/lib/python3.8/site-packages/airflow/example_dags/example_branch_day_of_week_operator.py
[2026-08-21T22:55:53.641+0000] {processor.py:840} INFO - DAG(s) 'example_weekday_branch_operator' retrieved from /home/airflow/.local/lib/python3.8/site-packages/airflow/example_dags/example_branch_day_of_week_operator.py
[2026-08-21T22:55:53.669+0000] {logging_mixin.py:188} INFO - [2026-08-21T22:55:53.668+0000] {dag.py:3047} INFO - Sync 1 DAGs
[2026-08-21T22:55:53.698+0000] {logging_mixin.py:188} INFO - [2026-08-21T22:55:53.698+0000] {dag.py:3834} INFO - Setting next_dagrun for example_weekday_branch_operator to 2026-08-20 00:00:00+00:00, run_after=2026-08-21 00:00:00+00:00
[2026-08-21T22:55:53.731+0000] {processor.py:183} INFO - Processing /home/airflow/.local/lib/python3.8/site-packages/airflow/example_dags/example_branch_day_of_week_operator.py took 0.111 seconds
[2026-08-21T22:56:24.616+0000] {processor.py:161} INFO - Started process (PID=1170) to work on /home/airflow/.local/lib/python3.8/site-packages/airflow/example_dags/example_branch_day_of_week_operator.py
[2026-08-21T22:56:24.618+0000] {processor.py:830} INFO - Processing file /home/airflow/.local/lib/python3.8/site-packages/airflow/example_dags/example_branch_day_of_week_operator.py for tasks to queue
[2026-08-21T22:56:24.620+0000] {logging_mixin.py:188} INFO - [2026-08-21T22:56:24.620+0000] {dagbag.py:540} INFO - Filling up the DagBag from /home/airflow/.local/lib/python3.8/site-packages/airflow/example_dags/example_branch_day_of_week_operator.py
[2026-08-21T22:56:24.629+0000] {processor.py:840} INFO - DAG(s) 'example_weekday_branch_operator' retrieved from /home/airflow/.local/lib/python3.8/site-packages/airflow/example_dags/example_branch_day_of_week_operator.py
[2026-08-21T22:56:24.653+0000] {logging_mixin.py:188} INFO - [2026-08-21T22:56:24.652+0000] {dag.py:3047} INFO - Sync 1 DAGs
[2026-08-21T22:56:24.678+0000] {logging_mixin.py:188} INFO - [2026-08-21T22:56:24.677+0000] {dag.py:3834} INFO - Setting next_dagrun for example_weekday_branch_operator to 2026-08-20 00:00:00+00:00, run_after=2026-08-21 00:00:00+00:00
[2026-08-21T22:56:24.699+0000] {processor.py:183} INFO - Processing /home/airflow/.local/lib/python3.8/site-packages/airflow/example_dags/example_branch_day_of_week_operator.py took 0.087 seconds
[2026-08-21T22:56:55.087+0000] {processor.py:161} INFO - Started process (PID=1227) to work on /home/airflow/.local/lib/python3.8/site-packages/airflow/example_dags/example_branch_day_of_week_operator.py
[2026-08-21T22:56:55.088+0000] {processor.py:830} INFO - Processing file /home/airflow/.local/lib/python3.8/site-packages/airflow/example_dags/example_branch_day_of_week_operator.py for tasks to queue
[2026-08-21T22:56:55.090+0000] {logging_mixin.py:188} INFO - [2026-08-21T22:56:55.090+0000] {dagbag.py:540} INFO - Filling up the DagBag from /home/airflow/.local/lib/python3.8/site-packages/airflow/example_dags/example_branch_day_of_week_operator.py
[2026-08-21T22:56:55.102+0000] {processor.py:840} INFO - DAG(s) 'example_weekday_branch_operator' retrieved from /home/airflow/.local/lib/python3.8/site-packages/airflow/example_dags/example_branch_day_of_week_operator.py
[2026-08-21T22:56:55.126+0000] {logging_mixin.py:188} INFO - [2026-08-21T22:56:55.126+0000] {dag.py:3047} INFO - Sync 1 DAGs
[2026-08-21T22:56:55.152+0000] {logging_mixin.py:188} INFO - [2026-08-21T22:56:55.151+0000] {dag.py:3834} INFO - Setting next_dagrun for example_weekday_branch_operator to 2026-08-20 00:00:00+00:00, run_after=2026-08-21 00:00:00+00:00
[2026-08-21T22:56:55.171+0000] {processor.py:183} INFO - Processing /home/airflow/.local/lib/python3.8/site-packages/airflow/example_dags/example_branch_day_of_week_operator.py took 0.088 seconds
[2026-08-21T22:57:25.852+0000] {processor.py:161} INFO - Started process (PID=1284) to work on /home/airflow/.local/lib/python3.8/site-packages/airflow/example_dags/example_branch_day_of_week_operator.py
[2026-08-21T22:57:25.853+0000] {processor.py:830} INFO - Processing file /home/airflow/.local/lib/python3.8/site-packages/airflow/example_dags/example_branch_day_of_week_operator.py for tasks to queue
[2026-08-21T22:57:25.856+0000] {logging_mixin.py:188} INFO - [2026-08-21T22:57:25.855+0000] {dagbag.py:540} INFO - Filling up the DagBag from /home/airflow/.local/lib/python3.8/site-packages/airflow/example_dags/example_branch_day_of_week_operator.py
[2026-08-21T22:57:25.867+0000] {processor.py:840} INFO - DAG(s) 'example_weekday_branch_operator' retrieved from /home/airflow/.local/lib/python3.8/site-packages/airflow/example_dags/example_branch_day_of_week_operator.py
[2026-08-21T22:57:25.899+0000] {logging_mixin.py:188} INFO - [2026-08-21T22:57:25.899+0000] {dag.py:3047} INFO - Sync 1 DAGs
[2026-08-21T22:57:25.928+0000] {logging_mixin.py:188} INFO - [2026-08-21T22:57:25.927+0000] {dag.py:3834} INFO - Setting next_dagrun for example_weekday_branch_operator to 2026-08-20 00:00:00+00:00, run_after=2026-08-21 00:00:00+00:00
[2026-08-21T22:57:25.949+0000] {processor.py:183} INFO - Processing /home/airflow/.local/lib/python3.8/site-packages/airflow/example_dags/example_branch_day_of_week_operator.py took 0.102 seconds
[2026-08-21T22:57:56.218+0000] {processor.py:161} INFO - Started process (PID=1341) to work on /home/airflow/.local/lib/python3.8/site-packages/airflow/example_dags/example_branch_day_of_week_operator.py
[2026-08-21T22:57:56.220+0000] {processor.py:830} INFO - Processing file /home/airflow/.local/lib/python3.8/site-packages/airflow/example_dags/example_branch_day_of_week_operator.py for tasks to queue
[2026-08-21T22:57:56.222+0000] {logging_mixin.py:188} INFO - [2026-08-21T22:57:56.222+0000] {dagbag.py:540} INFO - Filling up the DagBag from /home/airflow/.local/lib/python3.8/site-packages/airflow/example_dags/example_branch_day_of_week_operator.py
[2026-08-21T22:57:56.232+0000] {processor.py:840} INFO - DAG(s) 'example_weekday_branch_operator' retrieved from /home/airflow/.local/lib/python3.8/site-packages/airflow/example_dags/example_branch_day_of_week_operator.py
[2026-08-21T22:57:56.259+0000] {logging_mixin.py:188} INFO - [2026-08-21T22:57:56.258+0000] {dag.py:3047} INFO - Sync 1 DAGs
[2026-08-21T22:57:56.285+0000] {logging_mixin.py:188} INFO - [2026-08-21T22:57:56.284+0000] {dag.py:3834} INFO - Setting next_dagrun for example_weekday_branch_operator to 2026-08-20 00:00:00+00:00, run_after=2026-08-21 00:00:00+00:00
[2026-08-21T22:57:56.309+0000] {processor.py:183} INFO - Processing /home/airflow/.local/lib/python3.8/site-packages/airflow/example_dags/example_branch_day_of_week_operator.py took 0.095 seconds
[2026-08-21T22:58:26.736+0000] {processor.py:161} INFO - Started process (PID=1398) to work on /home/airflow/.local/lib/python3.8/site-packages/airflow/example_dags/example_branch_day_of_week_operator.py
[2026-08-21T22:58:26.738+0000] {processor.py:830} INFO - Processing file /home/airflow/.local/lib/python3.8/site-packages/airflow/example_dags/example_branch_day_of_week_operator.py for tasks to queue
[2026-08-21T22:58:26.742+0000] {logging_mixin.py:188} INFO - [2026-08-21T22:58:26.741+0000] {dagbag.py:540} INFO - Filling up the DagBag from /home/airflow/.local/lib/python3.8/site-packages/airflow/example_dags/example_branch_day_of_week_operator.py
[2026-08-21T22:58:26.751+0000] {processor.py:840} INFO - DAG(s) 'example_weekday_branch_operator' retrieved from /home/airflow/.local/lib/python3.8/site-packages/airflow/example_dags/example_branch_day_of_week_operator.py
[2026-08-21T22:58:26.778+0000] {logging_mixin.py:188} INFO - [2026-08-21T22:58:26.777+0000] {dag.py:3047} INFO - Sync 1 DAGs
[2026-08-21T22:58:26.802+0000] {logging_mixin.py:188} INFO - [2026-08-21T22:58:26.802+0000] {dag.py:3834} INFO - Setting next_dagrun for example_weekday_branch_operator to 2026-08-20 00:00:00+00:00, run_after=2026-08-21 00:00:00+00:00
[2026-08-21T22:58:26.831+0000] {processor.py:183} INFO - Processing /home/airflow/.local/lib/python3.8/site-packages/airflow/example_dags/example_branch_day_of_week_operator.py took 0.099 seconds
[2026-08-21T22:58:57.175+0000] {processor.py:161} INFO - Started process (PID=1455) to work on /home/airflow/.local/lib/python3.8/site-packages/airflow/example_dags/example_branch_day_of_week_operator.py
[2026-08-21T22:58:57.177+0000] {processor.py:830} INFO - Processing file /home/airflow/.local/lib/python3.8/site-packages/airflow/example_dags/example_branch_day_of_week_operator.py for tasks to queue
[2026-08-21T22:58:57.180+0000] {logging_mixin.py:188} INFO - [2026-08-21T22:58:57.179+0000] {dagbag.py:540} INFO - Filling up the DagBag from /home/airflow/.local/lib/python3.8/site-packages/airflow/example_dags/example_branch_day_of_week_operator.py
[2026-08-21T22:58:57.189+0000] {processor.py:840} INFO - DAG(s) 'example_weekday_branch_operator' retrieved from /home/airflow/.local/lib/python3.8/site-packages/airflow/example_dags/example_branch_day_of_week_operator.py
[2026-08-21T22:58:57.213+0000] {logging_mixin.py:188} INFO - [2026-08-21T22:58:57.212+0000] {dag.py:3047} INFO - Sync 1 DAGs
[2026-08-21T22:58:57.236+0000] {logging_mixin.py:188} INFO - [2026-08-21T22:58:57.236+0000] {dag.py:3834} INFO - Setting next_dagrun for example_weekday_branch_operator to 2026-08-20 00:00:00+00:00, run_after=2026-08-21 00:00:00+00:00
[2026-08-21T22:58:57.259+0000] {processor.py:183} INFO - Processing /home/airflow/.local/lib/python3.8/site-packages/airflow/example_dags/example_branch_day_of_week_operator.py took 0.088 seconds
[2026-08-21T22:59:27.617+0000] {processor.py:161} INFO - Started process (PID=1512) to work on /home/airflow/.local/lib/python3.8/site-packages/airflow/example_dags/example_branch_day_of_week_operator.py
[2026-08-21T22:59:27.619+0000] {processor.py:830} INFO - Processing file /home/airflow/.local/lib/python3.8/site-packages/airflow/example_dags/example_branch_day_of_week_operator.py for tasks to queue
[2026-08-21T22:59:27.622+0000] {logging_mixin.py:188} INFO - [2026-08-21T22:59:27.622+0000] {dagbag.py:540} INFO - Filling up the DagBag from /home/airflow/.local/lib/python3.8/site-packages/airflow/example_dags/example_branch_day_of_week_operator.py
[2026-08-21T22:59:27.635+0000] {processor.py:840} INFO - DAG(s) 'example_weekday_branch_operator' retrieved from /home/airflow/.local/lib/python3.8/site-packages/airflow/example_dags/example_branch_day_of_week_operator.py
[2026-08-21T22:59:27.661+0000] {logging_mixin.py:188} INFO - [2026-08-21T22:59:27.661+0000] {dag.py:3047} INFO - Sync 1 DAGs
[2026-08-21T22:59:27.693+0000] {logging_mixin.py:188} INFO - [2026-08-21T22:59:27.692+0000] {dag.py:3834} INFO - Setting next_dagrun for example_weekday_branch_operator to 2026-08-20 00:00:00+00:00, run_after=2026-08-21 00:00:00+00:00
[2026-08-21T22:59:27.716+0000] {processor.py:183} INFO - Processing /home/airflow/.local/lib/python3.8/site-packages/airflow/example_dags/example_branch_day_of_week_operator.py took 0.103 seconds
[2026-08-21T22:59:58.141+0000] {processor.py:161} INFO - Started process (PID=1569) to work on /home/airflow/.local/lib/python3.8/site-packages/airflow/example_dags/example_branch_day_of_week_operator.py
[2026-08-21T22:59:58.142+0000] {processor.py:830} INFO - Processing file /home/airflow/.local/lib/python3.8/site-packages/airflow/example_dags/example_branch_day_of_week_operator.py for tasks to queue
[2026-08-21T22:59:58.145+0000] {logging_mixin.py:188} INFO - [2026-08-21T22:59:58.144+0000] {dagbag.py:540} INFO - Filling up the DagBag from /home/airflow/.local/lib/python3.8/site-packages/airflow/example_dags/example_branch_day_of_week_operator.py
[2026-08-21T22:59:58.153+0000] {processor.py:840} INFO - DAG(s) 'example_weekday_branch_operator' retrieved from /home/airflow/.local/lib/python3.8/site-packages/airflow/example_dags/example_branch_day_of_week_operator.py
[2026-08-21T22:59:58.179+0000] {logging_mixin.py:188} INFO - [2026-08-21T22:59:58.179+0000] {dag.py:3047} INFO - Sync 1 DAGs
[2026-08-21T22:59:58.209+0000] {logging_mixin.py:188} INFO - [2026-08-21T22:59:58.209+0000] {dag.py:3834} INFO - Setting next_dagrun for example_weekday_branch_operator to 2026-08-20 00:00:00+00:00, run_after=2026-08-21 00:00:00+00:00
[2026-08-21T22:59:58.230+0000] {processor.py:183} INFO - Processing /home/airflow/.local/lib/python3.8/site-packages/airflow/example_dags/example_branch_day_of_week_operator.py took 0.094 seconds
[2026-08-21T23:00:28.443+0000] {processor.py:161} INFO - Started process (PID=1626) to work on /home/airflow/.local/lib/python3.8/site-packages/airflow/example_dags/example_branch_day_of_week_operator.py
[2026-08-21T23:00:28.445+0000] {processor.py:830} INFO - Processing file /home/airflow/.local/lib/python3.8/site-packages/airflow/example_dags/example_branch_day_of_week_operator.py for tasks to queue
[2026-08-21T23:00:28.448+0000] {logging_mixin.py:188} INFO - [2026-08-21T23:00:28.448+0000] {dagbag.py:540} INFO - Filling up the DagBag from /home/airflow/.local/lib/python3.8/site-packages/airflow/example_dags/example_branch_day_of_week_operator.py
[2026-08-21T23:00:28.457+0000] {processor.py:840} INFO - DAG(s) 'example_weekday_branch_operator' retrieved from /home/airflow/.local/lib/python3.8/site-packages/airflow/example_dags/example_branch_day_of_week_operator.py
[2026-08-21T23:00:28.488+0000] {logging_mixin.py:188} INFO - [2026-08-21T23:00:28.487+0000] {dag.py:3047} INFO - Sync 1 DAGs
[2026-08-21T23:00:28.522+0000] {logging_mixin.py:188} INFO - [2026-08-21T23:00:28.521+0000] {dag.py:3834} INFO - Setting next_dagrun for example_weekday_branch_operator to 2026-08-20 00:00:00+00:00, run_after=2026-08-21 00:00:00+00:00
[2026-08-21T23:00:28.552+0000] {processor.py:183} INFO - Processing /home/airflow/.local/lib/python3.8/site-packages/airflow/example_dags/example_branch_day_of_week_operator.py took 0.113 seconds
[2026-08-21T23:00:59.217+0000] {processor.py:161} INFO - Started process (PID=1683) to work on /home/airflow/.local/lib/python3.8/site-packages/airflow/example_dags/example_branch_day_of_week_operator.py
[2026-08-21T23:00:59.218+0000] {processor.py:830} INFO - Processing file /home/airflow/.local/lib/python3.8/site-packages/airflow/example_dags/example_branch_day_of_week_operator.py for tasks to queue
[2026-08-21T23:00:59.221+0000] {logging_mixin.py:188} INFO - [2026-08-21T23:00:59.221+0000] {dagbag.py:540} INFO - Filling up the DagBag from /home/airflow/.local/lib/python3.8/site-packages/airflow/example_dags/example_branch_day_of_week_operator.py
[2026-08-21T23:00:59.232+0000] {processor.py:840} INFO - DAG(s) 'example_weekday_branch_operator' retrieved from /home/airflow/.local/lib/python3.8/site-packages/airflow/example_dags/example_branch_day_of_week_operator.py
[2026-08-21T23:00:59.263+0000] {logging_mixin.py:188} INFO - [2026-08-21T23:00:59.262+0000] {dag.py:3047} INFO - Sync 1 DAGs
[2026-08-21T23:00:59.287+0000] {logging_mixin.py:188} INFO - [2026-08-21T23:00:59.287+0000] {dag.py:3834} INFO - Setting next_dagrun for example_weekday_branch_operator to 2026-08-20 00:00:00+00:00, run_after=2026-08-21 00:00:00+00:00
[2026-08-21T23:00:59.310+0000] {processor.py:183} INFO - Processing /home/airflow/.local/lib/python3.8/site-packages/airflow/example_dags/example_branch_day_of_week_operator.py took 0.096 seconds
[2026-08-21T23:01:30.410+0000] {processor.py:161} INFO - Started process (PID=1740) to work on /home/airflow/.local/lib/python3.8/site-packages/airflow/example_dags/example_branch_day_of_week_operator.py
[2026-08-21T23:01:30.413+0000] {processor.py:830} INFO - Processing file /home/airflow/.local/lib/python3.8/site-packages/airflow/example_dags/example_branch_day_of_week_operator.py for tasks to queue
[2026-08-21T23:01:30.415+0000] {logging_mixin.py:188} INFO - [2026-08-21T23:01:30.415+0000] {dagbag.py:540} INFO - Filling up the DagBag from /home/airflow/.local/lib/python3.8/site-packages/airflow/example_dags/example_branch_day_of_week_operator.py
[2026-08-21T23:01:30.424+0000] {processor.py:840} INFO - DAG(s) 'example_weekday_branch_operator' retrieved from /home/airflow/.local/lib/python3.8/site-packages/airflow/example_dags/example_branch_day_of_week_operator.py
[2026-08-21T23:01:30.456+0000] {logging_mixin.py:188} INFO - [2026-08-21T23:01:30.455+0000] {dag.py:3047} INFO - Sync 1 DAGs
[2026-08-21T23:01:30.485+0000] {logging_mixin.py:188} INFO - [2026-08-21T23:01:30.485+0000] {dag.py:3834} INFO - Setting next_dagrun for example_weekday_branch_operator to 2026-08-20 00:00:00+00:00, run_after=2026-08-21 00:00:00+00:00
[2026-08-21T23:01:30.509+0000] {processor.py:183} INFO - Processing /home/airflow/.local/lib/python3.8/site-packages/airflow/example_dags/example_branch_day_of_week_operator.py took 0.104 seconds
[2026-08-21T23:02:00.833+0000] {processor.py:161} INFO - Started process (PID=1797) to work on /home/airflow/.local/lib/python3.8/site-packages/airflow/example_dags/example_branch_day_of_week_operator.py
[2026-08-21T23:02:00.835+0000] {processor.py:830} INFO - Processing file /home/airflow/.local/lib/python3.8/site-packages/airflow/example_dags/example_branch_day_of_week_operator.py for tasks to queue
[2026-08-21T23:02:00.838+0000] {logging_mixin.py:188} INFO - [2026-08-21T23:02:00.838+0000] {dagbag.py:540} INFO - Filling up the DagBag from /home/airflow/.local/lib/python3.8/site-packages/airflow/example_dags/example_branch_day_of_week_operator.py
[2026-08-21T23:02:00.847+0000] {processor.py:840} INFO - DAG(s) 'example_weekday_branch_operator' retrieved from /home/airflow/.local/lib/python3.8/site-packages/airflow/example_dags/example_branch_day_of_week_operator.py
[2026-08-21T23:02:00.871+0000] {logging_mixin.py:188} INFO - [2026-08-21T23:02:00.871+0000] {dag.py:3047} INFO - Sync 1 DAGs
[2026-08-21T23:02:00.898+0000] {logging_mixin.py:188} INFO - [2026-08-21T23:02:00.898+0000] {dag.py:3834} INFO - Setting next_dagrun for example_weekday_branch_operator to 2026-08-20 00:00:00+00:00, run_after=2026-08-21 00:00:00+00:00
[2026-08-21T23:02:00.921+0000] {processor.py:183} INFO - Processing /home/airflow/.local/lib/python3.8/site-packages/airflow/example_dags/example_branch_day_of_week_operator.py took 0.093 seconds
[2026-08-21T23:02:31.061+0000] {processor.py:161} INFO - Started process (PID=1854) to work on /home/airflow/.local/lib/python3.8/site-packages/airflow/example_dags/example_branch_day_of_week_operator.py
[2026-08-21T23:02:31.063+0000] {processor.py:830} INFO - Processing file /home/airflow/.local/lib/python3.8/site-packages/airflow/example_dags/example_branch_day_of_week_operator.py for tasks to queue
[2026-08-21T23:02:31.066+0000] {logging_mixin.py:188} INFO - [2026-08-21T23:02:31.066+0000] {dagbag.py:540} INFO - Filling up the DagBag from /home/airflow/.local/lib/python3.8/site-packages/airflow/example_dags/example_branch_day_of_week_operator.py
[2026-08-21T23:02:31.080+0000] {processor.py:840} INFO - DAG(s) 'example_weekday_branch_operator' retrieved from /home/airflow/.local/lib/python3.8/site-packages/airflow/example_dags/example_branch_day_of_week_operator.py
[2026-08-21T23:02:31.108+0000] {logging_mixin.py:188} INFO - [2026-08-21T23:02:31.108+0000] {dag.py:3047} INFO - Sync 1 DAGs
[2026-08-21T23:02:31.139+0000] {logging_mixin.py:188} INFO - [2026-08-21T23:02:31.138+0000] {dag.py:3834} INFO - Setting next_dagrun for example_weekday_branch_operator to 2026-08-20 00:00:00+00:00, run_after=2026-08-21 00:00:00+00:00
[2026-08-21T23:02:31.164+0000] {processor.py:183} INFO - Processing /home/airflow/.local/lib/python3.8/site-packages/airflow/example_dags/example_branch_day_of_week_operator.py took 0.109 seconds
[2026-08-21T23:03:01.543+0000] {processor.py:161} INFO - Started process (PID=1911) to work on /home/airflow/.local/lib/python3.8/site-packages/airflow/example_dags/example_branch_day_of_week_operator.py
[2026-08-21T23:03:01.545+0000] {processor.py:830} INFO - Processing file /home/airflow/.local/lib/python3.8/site-packages/airflow/example_dags/example_branch_day_of_week_operator.py for tasks to queue
[2026-08-21T23:03:01.548+0000] {logging_mixin.py:188} INFO - [2026-08-21T23:03:01.547+0000] {dagbag.py:540} INFO - Filling up the DagBag from /home/airflow/.local/lib/python3.8/site-packages/airflow/example_dags/example_branch_day_of_week_operator.py
[2026-08-21T23:03:01.556+0000] {processor.py:840} INFO - DAG(s) 'example_weekday_branch_operator' retrieved from /home/airflow/.local/lib/python3.8/site-packages/airflow/example_dags/example_branch_day_of_week_operator.py
[2026-08-21T23:03:01.584+0000] {logging_mixin.py:188} INFO - [2026-08-21T23:03:01.583+0000] {dag.py:3047} INFO - Sync 1 DAGs
[2026-08-21T23:03:01.614+0000] {logging_mixin.py:188} INFO - [2026-08-21T23:03:01.614+0000] {dag.py:3834} INFO - Setting next_dagrun for example_weekday_branch_operator to 2026-08-20 00:00:00+00:00, run_after=2026-08-21 00:00:00+00:00
[2026-08-21T23:03:01.645+0000] {processor.py:183} INFO - Processing /home/airflow/.local/lib/python3.8/site-packages/airflow/example_dags/example_branch_day_of_week_operator.py took 0.105 seconds
[2026-08-21T23:03:32.569+0000] {processor.py:161} INFO - Started process (PID=1968) to work on /home/airflow/.local/lib/python3.8/site-packages/airflow/example_dags/example_branch_day_of_week_operator.py
[2026-08-21T23:03:32.571+0000] {processor.py:830} INFO - Processing file /home/airflow/.local/lib/python3.8/site-packages/airflow/example_dags/example_branch_day_of_week_operator.py for tasks to queue
[2026-08-21T23:03:32.574+0000] {logging_mixin.py:188} INFO - [2026-08-21T23:03:32.574+0000] {dagbag.py:540} INFO - Filling up the DagBag from /home/airflow/.local/lib/python3.8/site-packages/airflow/example_dags/example_branch_day_of_week_operator.py
[2026-08-21T23:03:32.587+0000] {processor.py:840} INFO - DAG(s) 'example_weekday_branch_operator' retrieved from /home/airflow/.local/lib/python3.8/site-packages/airflow/example_dags/example_branch_day_of_week_operator.py
[2026-08-21T23:03:32.618+0000] {logging_mixin.py:188} INFO - [2026-08-21T23:03:32.617+0000] {dag.py:3047} INFO - Sync 1 DAGs
[2026-08-21T23:03:32.650+0000] {logging_mixin.py:188} INFO - [2026-08-21T23:03:32.649+0000] {dag.py:3834} INFO - Setting next_dagrun for example_weekday_branch_operator to 2026-08-20 00:00:00+00:00, run_after=2026-08-21 00:00:00+00:00
[2026-08-21T23:03:32.675+0000] {processor.py:183} INFO - Processing /home/airflow/.local/lib/python3.8/site-packages/airflow/example_dags/example_branch_day_of_week_operator.py took 0.113 seconds
[2026-08-21T23:04:03.644+0000] {processor.py:161} INFO - Started process (PID=2025) to work on /home/airflow/.local/lib/python3.8/site-packages/airflow/example_dags/example_branch_day_of_week_operator.py
[2026-08-21T23:04:03.647+0000] {processor.py:830} INFO - Processing file /home/airflow/.local/lib/python3.8/site-packages/airflow/example_dags/example_branch_day_of_week_operator.py for tasks to queue
[2026-08-21T23:04:03.651+0000] {logging_mixin.py:188} INFO - [2026-08-21T23:04:03.650+0000] {dagbag.py:540} INFO - Filling up the DagBag from /home/airflow/.local/lib/python3.8/site-packages/airflow/example_dags/example_branch_day_of_week_operator.py
[2026-08-21T23:04:03.661+0000] {processor.py:840} INFO - DAG(s) 'example_weekday_branch_operator' retrieved from /home/airflow/.local/lib/python3.8/site-packages/airflow/example_dags/example_branch_day_of_week_operator.py
[2026-08-21T23:04:03.698+0000] {logging_mixin.py:188} INFO - [2026-08-21T23:04:03.697+0000] {dag.py:3047} INFO - Sync 1 DAGs
[2026-08-21T23:04:03.744+0000] {logging_mixin.py:188} INFO - [2026-08-21T23:04:03.744+0000] {dag.py:3834} INFO - Setting next_dagrun for example_weekday_branch_operator to 2026-08-20 00:00:00+00:00, run_after=2026-08-21 00:00:00+00:00
[2026-08-21T23:04:03.778+0000] {processor.py:183} INFO - Processing /home/airflow/.local/lib/python3.8/site-packages/airflow/example_dags/example_branch_day_of_week_operator.py took 0.142 seconds
[2026-08-21T23:04:34.238+0000] {processor.py:161} INFO - Started process (PID=2082) to work on /home/airflow/.local/lib/python3.8/site-packages/airflow/example_dags/example_branch_day_of_week_operator.py
[2026-08-21T23:04:34.240+0000] {processor.py:830} INFO - Processing file /home/airflow/.local/lib/python3.8/site-packages/airflow/example_dags/example_branch_day_of_week_operator.py for tasks to queue
[2026-08-21T23:04:34.243+0000] {logging_mixin.py:188} INFO - [2026-08-21T23:04:34.243+0000] {dagbag.py:540} INFO - Filling up the DagBag from /home/airflow/.local/lib/python3.8/site-packages/airflow/example_dags/example_branch_day_of_week_operator.py
[2026-08-21T23:04:34.257+0000] {processor.py:840} INFO - DAG(s) 'example_weekday_branch_operator' retrieved from /home/airflow/.local/lib/python3.8/site-packages/airflow/example_dags/example_branch_day_of_week_operator.py
[2026-08-21T23:04:34.288+0000] {logging_mixin.py:188} INFO - [2026-08-21T23:04:34.287+0000] {dag.py:3047} INFO - Sync 1 DAGs
[2026-08-21T23:04:34.316+0000] {logging_mixin.py:188} INFO - [2026-08-21T23:04:34.316+0000] {dag.py:3834} INFO - Setting next_dagrun for example_weekday_branch_operator to 2026-08-20 00:00:00+00:00, run_after=2026-08-21 00:00:00+00:00
[2026-08-21T23:04:34.340+0000] {processor.py:183} INFO - Processing /home/airflow/.local/lib/python3.8/site-packages/airflow/example_dags/example_branch_day_of_week_operator.py took 0.106 seconds
[2026-08-21T23:05:04.523+0000] {processor.py:161} INFO - Started process (PID=2139) to work on /home/airflow/.local/lib/python3.8/site-packages/airflow/example_dags/example_branch_day_of_week_operator.py
[2026-08-21T23:05:04.525+0000] {processor.py:830} INFO - Processing file /home/airflow/.local/lib/python3.8/site-packages/airflow/example_dags/example_branch_day_of_week_operator.py for tasks to queue
[2026-08-21T23:05:04.528+0000] {logging_mixin.py:188} INFO - [2026-08-21T23:05:04.528+0000] {dagbag.py:540} INFO - Filling up the DagBag from /home/airflow/.local/lib/python3.8/site-packages/airflow/example_dags/example_branch_day_of_week_operator.py
[2026-08-21T23:05:04.538+0000] {processor.py:840} INFO - DAG(s) 'example_weekday_branch_operator' retrieved from /home/airflow/.local/lib/python3.8/site-packages/airflow/example_dags/example_branch_day_of_week_operator.py
[2026-08-21T23:05:04.565+0000] {logging_mixin.py:188} INFO - [2026-08-21T23:05:04.565+0000] {dag.py:3047} INFO - Sync 1 DAGs
[2026-08-21T23:05:04.593+0000] {logging_mixin.py:188} INFO - [2026-08-21T23:05:04.592+0000] {dag.py:3834} INFO - Setting next_dagrun for example_weekday_branch_operator to 2026-08-20 00:00:00+00:00, run_after=2026-08-21 00:00:00+00:00
[2026-08-21T23:05:04.618+0000] {processor.py:183} INFO - Processing /home/airflow/.local/lib/python3.8/site-packages/airflow/example_dags/example_branch_day_of_week_operator.py took 0.098 seconds
[2026-08-21T23:05:34.799+0000] {processor.py:161} INFO - Started process (PID=2196) to work on /home/airflow/.local/lib/python3.8/site-packages/airflow/example_dags/example_branch_day_of_week_operator.py
[2026-08-21T23:05:34.802+0000] {processor.py:830} INFO - Processing file /home/airflow/.local/lib/python3.8/site-packages/airflow/example_dags/example_branch_day_of_week_operator.py for tasks to queue
[2026-08-21T23:05:34.806+0000] {logging_mixin.py:188} INFO - [2026-08-21T23:05:34.805+0000] {dagbag.py:540} INFO - Filling up the DagBag from /home/airflow/.local/lib/python3.8/site-packages/airflow/example_dags/example_branch_day_of_week_operator.py
[2026-08-21T23:05:34.817+0000] {processor.py:840} INFO - DAG(s) 'example_weekday_branch_operator' retrieved from /home/airflow/.local/lib/python3.8/site-packages/airflow/example_dags/example_branch_day_of_week_operator.py
[2026-08-21T23:05:34.849+0000] {logging_mixin.py:188} INFO - [2026-08-21T23:05:34.848+0000] {dag.py:3047} INFO - Sync 1 DAGs
[2026-08-21T23:05:34.881+0000] {logging_mixin.py:188} INFO - [2026-08-21T23:05:34.881+0000] {dag.py:3834} INFO - Setting next_dagrun for example_weekday_branch_operator to 2026-08-20 00:00:00+00:00, run_after=2026-08-21 00:00:00+00:00
[2026-08-21T23:05:34.910+0000] {processor.py:183} INFO - Processing /home/airflow/.local/lib/python3.8/site-packages/airflow/example_dags/example_branch_day_of_week_operator.py took 0.116 seconds
[2026-08-21T23:06:05.345+0000] {processor.py:161} INFO - Started process (PID=2253) to work on /home/airflow/.local/lib/python3.8/site-packages/airflow/example_dags/example_branch_day_of_week_operator.py
[2026-08-21T23:06:05.347+0000] {processor.py:830} INFO - Processing file /home/airflow/.local/lib/python3.8/site-packages/airflow/example_dags/example_branch_day_of_week_operator.py for tasks to queue
[2026-08-21T23:06:05.350+0000] {logging_mixin.py:188} INFO - [2026-08-21T23:06:05.350+0000] {dagbag.py:540} INFO - Filling up the DagBag from /home/airflow/.local/lib/python3.8/site-packages/airflow/example_dags/example_branch_day_of_week_operator.py
[2026-08-21T23:06:05.361+0000] {processor.py:840} INFO - DAG(s) 'example_weekday_branch_operator' retrieved from /home/airflow/.local/lib/python3.8/site-packages/airflow/example_dags/example_branch_day_of_week_operator.py
[2026-08-21T23:06:05.389+0000] {logging_mixin.py:188} INFO - [2026-08-21T23:06:05.388+0000] {dag.py:3047} INFO - Sync 1 DAGs
[2026-08-21T23:06:05.420+0000] {logging_mixin.py:188} INFO - [2026-08-21T23:06:05.419+0000] {dag.py:3834} INFO - Setting next_dagrun for example_weekday_branch_operator to 2026-08-20 00:00:00+00:00, run_after=2026-08-21 00:00:00+00:00
[2026-08-21T23:06:05.443+0000] {processor.py:183} INFO - Processing /home/airflow/.local/lib/python3.8/site-packages/airflow/example_dags/example_branch_day_of_week_operator.py took 0.103 seconds
[2026-08-21T23:06:36.211+0000] {processor.py:161} INFO - Started process (PID=2310) to work on /home/airflow/.local/lib/python3.8/site-packages/airflow/example_dags/example_branch_day_of_week_operator.py
[2026-08-21T23:06:36.213+0000] {processor.py:830} INFO - Processing file /home/airflow/.local/lib/python3.8/site-packages/airflow/example_dags/example_branch_day_of_week_operator.py for tasks to queue
[2026-08-21T23:06:36.215+0000] {logging_mixin.py:188} INFO - [2026-08-21T23:06:36.215+0000] {dagbag.py:540} INFO - Filling up the DagBag from /home/airflow/.local/lib/python3.8/site-packages/airflow/example_dags/example_branch_day_of_week_operator.py
[2026-08-21T23:06:36.225+0000] {processor.py:840} INFO - DAG(s) 'example_weekday_branch_operator' retrieved from /home/airflow/.local/lib/python3.8/site-packages/airflow/example_dags/example_branch_day_of_week_operator.py
[2026-08-21T23:06:36.260+0000] {logging_mixin.py:188} INFO - [2026-08-21T23:06:36.259+0000] {dag.py:3047} INFO - Sync 1 DAGs
[2026-08-21T23:06:36.289+0000] {logging_mixin.py:188} INFO - [2026-08-21T23:06:36.289+0000] {dag.py:3834} INFO - Setting next_dagrun for example_weekday_branch_operator to 2026-08-20 00:00:00+00:00, run_after=2026-08-21 00:00:00+00:00
[2026-08-21T23:06:36.312+0000] {processor.py:183} INFO - Processing /home/airflow/.local/lib/python3.8/site-packages/airflow/example_dags/example_branch_day_of_week_operator.py took 0.104 seconds
[2026-08-21T23:07:06.524+0000] {processor.py:161} INFO - Started process (PID=2367) to work on /home/airflow/.local/lib/python3.8/site-packages/airflow/example_dags/example_branch_day_of_week_operator.py
[2026-08-21T23:07:06.525+0000] {processor.py:830} INFO - Processing file /home/airflow/.local/lib/python3.8/site-packages/airflow/example_dags/example_branch_day_of_week_operator.py for tasks to queue
[2026-08-21T23:07:06.529+0000] {logging_mixin.py:188} INFO - [2026-08-21T23:07:06.528+0000] {dagbag.py:540} INFO - Filling up the DagBag from /home/airflow/.local/lib/python3.8/site-packages/airflow/example_dags/example_branch_day_of_week_operator.py
[2026-08-21T23:07:06.544+0000] {processor.py:840} INFO - DAG(s) 'example_weekday_branch_operator' retrieved from /home/airflow/.local/lib/python3.8/site-packages/airflow/example_dags/example_branch_day_of_week_operator.py
[2026-08-21T23:07:06.572+0000] {logging_mixin.py:188} INFO - [2026-08-21T23:07:06.571+0000] {dag.py:3047} INFO - Sync 1 DAGs
[2026-08-21T23:07:06.599+0000] {logging_mixin.py:188} INFO - [2026-08-21T23:07:06.599+0000] {dag.py:3834} INFO - Setting next_dagrun for example_weekday_branch_operator to 2026-08-20 00:00:00+00:00, run_after=2026-08-21 00:00:00+00:00
[2026-08-21T23:07:06.624+0000] {processor.py:183} INFO - Processing /home/airflow/.local/lib/python3.8/site-packages/airflow/example_dags/example_branch_day_of_week_operator.py took 0.104 seconds
[2026-08-21T23:07:37.300+0000] {processor.py:161} INFO - Started process (PID=2424) to work on /home/airflow/.local/lib/python3.8/site-packages/airflow/example_dags/example_branch_day_of_week_operator.py
[2026-08-21T23:07:37.302+0000] {processor.py:830} INFO - Processing file /home/airflow/.local/lib/python3.8/site-packages/airflow/example_dags/example_branch_day_of_week_operator.py for tasks to queue
[2026-08-21T23:07:37.305+0000] {logging_mixin.py:188} INFO - [2026-08-21T23:07:37.305+0000] {dagbag.py:540} INFO - Filling up the DagBag from /home/airflow/.local/lib/python3.8/site-packages/airflow/example_dags/example_branch_day_of_week_operator.py
[2026-08-21T23:07:37.317+0000] {processor.py:840} INFO - DAG(s) 'example_weekday_branch_operator' retrieved from /home/airflow/.local/lib/python3.8/site-packages/airflow/example_dags/example_branch_day_of_week_operator.py
[2026-08-21T23:07:37.352+0000] {logging_mixin.py:188} INFO - [2026-08-21T23:07:37.352+0000] {dag.py:3047} INFO - Sync 1 DAGs
[2026-08-21T23:07:37.384+0000] {logging_mixin.py:188} INFO - [2026-08-21T23:07:37.383+0000] {dag.py:3834} INFO - Setting next_dagrun for example_weekday_branch_operator to 2026-08-20 00:00:00+00:00, run_after=2026-08-21 00:00:00+00:00
[2026-08-21T23:07:37.409+0000] {processor.py:183} INFO - Processing /home/airflow/.local/lib/python3.8/site-packages/airflow/example_dags/example_branch_day_of_week_operator.py took 0.115 seconds
