[2026-08-21T22:46:44.093+0000] {processor.py:161} INFO - Started process (PID=83) to work on /home/airflow/.local/lib/python3.8/site-packages/airflow/example_dags/example_branch_python_dop_operator_3.py
[2026-08-21T22:46:44.096+0000] {processor.py:830} INFO - Processing file /home/airflow/.local/lib/python3.8/site-packages/airflow/example_dags/example_branch_python_dop_operator_3.py for tasks to queue
[2026-08-21T22:46:44.100+0000] {logging_mixin.py:188} INFO - [2026-08-21T22:46:44.100+0000] {dagbag.py:540} INFO - Filling up the DagBag from /home/airflow/.local/lib/python3.8/site-packages/airflow/example_dags/example_branch_python_dop_operator_3.py
[2026-08-21T22:46:44.116+0000] {processor.py:840} INFO - DAG(s) 'example_branch_dop_operator_v3' retrieved from /home/airflow/.local/lib/python3.8/site-packages/airflow/example_dags/example_branch_python_dop_operator_3.py
[2026-08-21T22:46:44.138+0000] {logging_mixin.py:188} INFO - [2026-08-21T22:46:44.137+0000] {dag.py:3047} INFO - Sync 1 DAGs
[2026-08-21T22:46:44.270+0000] {logging_mixin.py:188} INFO - [2026-08-21T22:46:44.269+0000] {dag.py:3834} INFO - Setting next_dagrun for example_branch_dop_operator_v3 to 2026-08-21 22:45:00+00:00, run_after=2026-08-21 22:46:00+00:00
[2026-08-21T22:46:44.321+0000] {processor.py:183} INFO - Processing /home/airflow/.local/lib/python3.8/site-packages/airflow/example_dags/example_branch_python_dop_operator_3.py took 0.233 seconds
[2026-08-21T22:47:14.753+0000] {processor.py:161} INFO - Started process (PID=140) to work on /home/airflow/.local/lib/python3.8/site-packages/airflow/example_dags/example_branch_python_dop_operator_3.py
[2026-08-21T22:47:14.756+0000] {processor.py:830} INFO - Processing file /home/airflow/.local/lib/python3.8/site-packages/airflow/example_dags/example_branch_python_dop_operator_3.py for tasks to queue
[2026-08-21T22:47:14.765+0000] {logging_mixin.py:188} INFO - [2026-08-21T22:47:14.765+0000] {dagbag.py:540} INFO - Filling up the DagBag from /home/airflow/.local/lib/python3.8/site-packages/airflow/example_dags/example_branch_python_dop_operator_3.py
[2026-08-21T22:47:14.789+0000] {processor.py:840} INFO - DAG(s) 'example_branch_dop_operator_v3' retrieved from /home/airflow/.local/lib/python3.8/site-packages/airflow/example_dags/example_branch_python_dop_operator_3.py
[2026-08-21T22:47:15.111+0000] {logging_mixin.py:188} INFO - [2026-08-21T22:47:15.110+0000] {dag.py:3047} INFO - Sync 1 DAGs
[2026-08-21T22:47:15.174+0000] {logging_mixin.py:188} INFO - [2026-08-21T22:47:15.174+0000] {dag.py:3834} INFO - Setting next_dagrun for example_branch_dop_operator_v3 to 2026-08-21 22:46:00+00:00, run_after=2026-08-21 22:47:00+00:00
[2026-08-21T22:47:15.220+0000] {processor.py:183} INFO - Processing /home/airflow/.local/lib/python3.8/site-packages/airflow/example_dags/example_branch_python_dop_operator_3.py took 0.474 seconds
[2026-08-21T22:47:45.883+0000] {processor.py:161} INFO - Started process (PID=197) to work on /home/airflow/.local/lib/python3.8/site-packages/airflow/example_dags/example_branch_python_dop_operator_3.py
[2026-08-21T22:47:45.885+0000] {processor.py:830} INFO - Processing file /home/airflow/.local/lib/python3.8/site-packages/airflow/example_dags/example_branch_python_dop_operator_3.py for tasks to queue
[2026-08-21T22:47:45.887+0000] {logging_mixin.py:188} INFO - [2026-08-21T22:47:45.887+0000] {dagbag.py:540} INFO - Filling up the DagBag from /home/airflow/.local/lib/python3.8/site-packages/airflow/example_dags/example_branch_python_dop_operator_3.py
[2026-08-21T22:47:45.899+0000] {processor.py:840} INFO - DAG(s) 'example_branch_dop_operator_v3' retrieved from /home/airflow/.local/lib/python3.8/site-packages/airflow/example_dags/example_branch_python_dop_operator_3.py
[2026-08-21T22:47:45.928+0000] {logging_mixin.py:188} INFO - [2026-08-21T22:47:45.928+0000] {dag.py:3047} INFO - Sync 1 DAGs
[2026-08-21T22:47:45.967+0000] {logging_mixin.py:188} INFO - [2026-08-21T22:47:45.967+0000] {dag.py:3834} INFO - Setting next_dagrun for example_branch_dop_operator_v3 to 2026-08-21 22:46:00+00:00, run_after=2026-08-21 22:47:00+00:00
[2026-08-21T22:47:45.993+0000] {processor.py:183} INFO - Processing /home/airflow/.local/lib/python3.8/site-packages/airflow/example_dags/example_branch_python_dop_operator_3.py took 0.114 seconds
[2026-08-21T22:48:16.398+0000] {processor.py:161} INFO - Started process (PID=254) to work on /home/airflow/.local/lib/python3.8/site-packages/airflow/example_dags/example_branch_python_dop_operator_3.py
[2026-08-21T22:48:16.399+0000] {processor.py:830} INFO - Processing file /home/airflow/.local/lib/python3.8/site-packages/airflow/example_dags/example_branch_python_dop_operator_3.py for tasks to queue
[2026-08-21T22:48:16.403+0000] {logging_mixin.py:188} INFO - [2026-08-21T22:48:16.403+0000] {dagbag.py:540} INFO - Filling up the DagBag from /home/airflow/.local/lib/python3.8/site-packages/airflow/example_dags/example_branch_python_dop_operator_3.py
[2026-08-21T22:48:16.416+0000] {processor.py:840} INFO - DAG(s) 'example_branch_dop_operator_v3' retrieved from /home/airflow/.local/lib/python3.8/site-packages/airflow/example_dags/example_branch_python_dop_operator_3.py
[2026-08-21T22:48:16.454+0000] {logging_mixin.py:188} INFO - [2026-08-21T22:48:16.453+0000] {dag.py:3047} INFO - Sync 1 DAGs
[2026-08-21T22:48:16.533+0000] {logging_mixin.py:188} INFO - [2026-08-21T22:48:16.533+0000] {dag.py:3834} INFO - Setting next_dagrun for example_branch_dop_operator_v3 to 2026-08-21 22:47:00+00:00, run_after=2026-08-21 22:48:00+00:00
[2026-08-21T22:48:16.578+0000] {processor.py:183} INFO - Processing /home/airflow/.local/lib/python3.8/site-packages/airflow/example_dags/example_branch_python_dop_operator_3.py took 0.184 seconds
[2026-08-21T22:48:47.564+0000] {processor.py:161} INFO - Started process (PID=311) to work on /home/airflow/.local/lib/python3.8/site-packages/airflow/example_dags/example_branch_python_dop_operator_3.py
[2026-08-21T22:48:47.566+0000] {processor.py:830} INFO - Processing file /home/airflow/.local/lib/python3.8/site-packages/airflow/example_dags/example_branch_python_dop_operator_3.py for tasks to queue
[2026-08-21T22:48:47.569+0000] {logging_mixin.py:188} INFO - [2026-08-21T22:48:47.568+0000] {dagbag.py:540} INFO - Filling up the DagBag from /home/airflow/.local/lib/python3.8/site-packages/airflow/example_dags/example_branch_python_dop_operator_3.py
[2026-08-21T22:48:47.580+0000] {processor.py:840} INFO - DAG(s) 'example_branch_dop_operator_v3' retrieved from /home/airflow/.local/lib/python3.8/site-packages/airflow/example_dags/example_branch_python_dop_operator_3.py
[2026-08-21T22:48:47.609+0000] {logging_mixin.py:188} INFO - [2026-08-21T22:48:47.608+0000] {dag.py:3047} INFO - Sync 1 DAGs
[2026-08-21T22:48:47.650+0000] {logging_mixin.py:188} INFO - [2026-08-21T22:48:47.650+0000] {dag.py:3834} INFO - Setting next_dagrun for example_branch_dop_operator_v3 to 2026-08-21 22:47:00+00:00, run_after=2026-08-21 22:48:00+00:00
[2026-08-21T22:48:47.680+0000] {processor.py:183} INFO - Processing /home/airflow/.local/lib/python3.8/site-packages/airflow/example_dags/example_branch_python_dop_operator_3.py took 0.121 seconds
[2026-08-21T22:49:17.798+0000] {processor.py:161} INFO - Started process (PID=366) to work on /home/airflow/.local/lib/python3.8/site-packages/airflow/example_dags/example_branch_python_dop_operator_3.py
[2026-08-21T22:49:17.800+0000] {processor.py:830} INFO - Processing file /home/airflow/.local/lib/python3.8/site-packages/airflow/example_dags/example_branch_python_dop_operator_3.py for tasks to queue
[2026-08-21T22:49:17.802+0000] {logging_mixin.py:188} INFO - [2026-08-21T22:49:17.802+0000] {dagbag.py:540} INFO - Filling up the DagBag from /home/airflow/.local/lib/python3.8/site-packages/airflow/example_dags/example_branch_python_dop_operator_3.py
[2026-08-21T22:49:17.812+0000] {processor.py:840} INFO - DAG(s) 'example_branch_dop_operator_v3' retrieved from /home/airflow/.local/lib/python3.8/site-packages/airflow/example_dags/example_branch_python_dop_operator_3.py
[2026-08-21T22:49:17.836+0000] {logging_mixin.py:188} INFO - [2026-08-21T22:49:17.835+0000] {dag.py:3047} INFO - Sync 1 DAGs
[2026-08-21T22:49:17.864+0000] {logging_mixin.py:188} INFO - [2026-08-21T22:49:17.864+0000] {dag.py:3834} INFO - Setting next_dagrun for example_branch_dop_operator_v3 to 2026-08-21 22:48:00+00:00, run_after=2026-08-21 22:49:00+00:00
[2026-08-21T22:49:17.886+0000] {processor.py:183} INFO - Processing /home/airflow/.local/lib/python3.8/site-packages/airflow/example_dags/example_branch_python_dop_operator_3.py took 0.091 seconds
[2026-08-21T22:49:48.018+0000] {processor.py:161} INFO - Started process (PID=423) to work on /home/airflow/.local/lib/python3.8/site-packages/airflow/example_dags/example_branch_python_dop_operator_3.py
[2026-08-21T22:49:48.019+0000] {processor.py:830} INFO - Processing file /home/airflow/.local/lib/python3.8/site-packages/airflow/example_dags/example_branch_python_dop_operator_3.py for tasks to queue
[2026-08-21T22:49:48.022+0000] {logging_mixin.py:188} INFO - [2026-08-21T22:49:48.021+0000] {dagbag.py:540} INFO - Filling up the DagBag from /home/airflow/.local/lib/python3.8/site-packages/airflow/example_dags/example_branch_python_dop_operator_3.py
[2026-08-21T22:49:48.034+0000] {processor.py:840} INFO - DAG(s) 'example_branch_dop_operator_v3' retrieved from /home/airflow/.local/lib/python3.8/site-packages/airflow/example_dags/example_branch_python_dop_operator_3.py
[2026-08-21T22:49:48.059+0000] {logging_mixin.py:188} INFO - [2026-08-21T22:49:48.059+0000] {dag.py:3047} INFO - Sync 1 DAGs
[2026-08-21T22:49:48.089+0000] {logging_mixin.py:188} INFO - [2026-08-21T22:49:48.088+0000] {dag.py:3834} INFO - Setting next_dagrun for example_branch_dop_operator_v3 to 2026-08-21 22:48:00+00:00, run_after=2026-08-21 22:49:00+00:00
[2026-08-21T22:49:48.111+0000] {processor.py:183} INFO - Processing /home/airflow/.local/lib/python3.8/site-packages/airflow/example_dags/example_branch_python_dop_operator_3.py took 0.098 seconds
[2026-08-21T22:50:18.614+0000] {processor.py:161} INFO - Started process (PID=480) to work on /home/airflow/.local/lib/python3.8/site-packages/airflow/example_dags/example_branch_python_dop_operator_3.py
[2026-08-21T22:50:18.616+0000] {processor.py:830} INFO - Processing file /home/airflow/.local/lib/python3.8/site-packages/airflow/example_dags/example_branch_python_dop_operator_3.py for tasks to queue
[2026-08-21T22:50:18.618+0000] {logging_mixin.py:188} INFO - [2026-08-21T22:50:18.618+0000] {dagbag.py:540} INFO - Filling up the DagBag from /home/airflow/.local/lib/python3.8/site-packages/airflow/example_dags/example_branch_python_dop_operator_3.py
[2026-08-21T22:50:18.630+0000] {processor.py:840} INFO - DAG(s) 'example_branch_dop_operator_v3' retrieved from /home/airflow/.local/lib/python3.8/site-packages/airflow/example_dags/example_branch_python_dop_operator_3.py
[2026-08-21T22:50:18.657+0000] {logging_mixin.py:188} INFO - [2026-08-21T22:50:18.657+0000] {dag.py:3047} INFO - Sync 1 DAGs
[2026-08-21T22:50:18.690+0000] {logging_mixin.py:188} INFO - [2026-08-21T22:50:18.689+0000] {dag.py:3834} INFO - Setting next_dagrun for example_branch_dop_operator_v3 to 2026-08-21 22:49:00+00:00, run_after=2026-08-21 22:50:00+00:00
[2026-08-21T22:50:18.719+0000] {processor.py:183} INFO - Processing /home/airflow/.local/lib/python3.8/site-packages/airflow/example_dags/example_branch_python_dop_operator_3.py took 0.110 seconds
[2026-08-21T22:50:48.826+0000] {processor.py:161} INFO - Started process (PID=537) to work on /home/airflow/.local/lib/python3.8/site-packages/airflow/example_dags/example_branch_python_dop_operator_3.py
[2026-08-21T22:50:48.828+0000] {processor.py:830} INFO - Processing file /home/airflow/.local/lib/python3.8/site-packages/airflow/example_dags/example_branch_python_dop_operator_3.py for tasks to queue
[2026-08-21T22:50:48.831+0000] {logging_mixin.py:188} INFO - [2026-08-21T22:50:48.831+0000] {dagbag.py:540} INFO - Filling up the DagBag from /home/airflow/.local/lib/python3.8/site-packages/airflow/example_dags/example_branch_python_dop_operator_3.py
[2026-08-21T22:50:48.843+0000] {processor.py:840} INFO - DAG(s) 'example_branch_dop_operator_v3' retrieved from /home/airflow/.local/lib/python3.8/site-packages/airflow/example_dags/example_branch_python_dop_operator_3.py
[2026-08-21T22:50:48.869+0000] {logging_mixin.py:188} INFO - [2026-08-21T22:50:48.868+0000] {dag.py:3047} INFO - Sync 1 DAGs
[2026-08-21T22:50:48.901+0000] {logging_mixin.py:188} INFO - [2026-08-21T22:50:48.901+0000] {dag.py:3834} INFO - Setting next_dagrun for example_branch_dop_operator_v3 to 2026-08-21 22:49:00+00:00, run_after=2026-08-21 22:50:00+00:00
[2026-08-21T22:50:48.933+0000] {processor.py:183} INFO - Processing /home/airflow/.local/lib/python3.8/site-packages/airflow/example_dags/example_branch_python_dop_operator_3.py took 0.113 seconds
[2026-08-21T22:51:19.180+0000] {processor.py:161} INFO - Started process (PID=594) to work on /home/airflow/.local/lib/python3.8/site-packages/airflow/example_dags/example_branch_python_dop_operator_3.py
[2026-08-21T22:51:19.181+0000] {processor.py:830} INFO - Processing file /home/airflow/.local/lib/python3.8/site-packages/airflow/example_dags/example_branch_python_dop_operator_3.py for tasks to queue
[2026-08-21T22:51:19.184+0000] {logging_mixin.py:188} INFO - [2026-08-21T22:51:19.183+0000] {dagbag.py:540} INFO - Filling up the DagBag from /home/airflow/.local/lib/python3.8/site-packages/airflow/example_dags/example_branch_python_dop_operator_3.py
[2026-08-21T22:51:19.194+0000] {processor.py:840} INFO - DAG(s) 'example_branch_dop_operator_v3' retrieved from /home/airflow/.local/lib/python3.8/site-packages/airflow/example_dags/example_branch_python_dop_operator_3.py
[2026-08-21T22:51:19.220+0000] {logging_mixin.py:188} INFO - [2026-08-21T22:51:19.219+0000] {dag.py:3047} INFO - Sync 1 DAGs
[2026-08-21T22:51:19.253+0000] {logging_mixin.py:188} INFO - [2026-08-21T22:51:19.253+0000] {dag.py:3834} INFO - Setting next_dagrun for example_branch_dop_operator_v3 to 2026-08-21 22:50:00+00:00, run_after=2026-08-21 22:51:00+00:00
[2026-08-21T22:51:19.279+0000] {processor.py:183} INFO - Processing /home/airflow/.local/lib/python3.8/site-packages/airflow/example_dags/example_branch_python_dop_operator_3.py took 0.103 seconds
[2026-08-21T22:51:49.374+0000] {processor.py:161} INFO - Started process (PID=651) to work on /home/airflow/.local/lib/python3.8/site-packages/airflow/example_dags/example_branch_python_dop_operator_3.py
[2026-08-21T22:51:49.377+0000] {processor.py:830} INFO - Processing file /home/airflow/.local/lib/python3.8/site-packages/airflow/example_dags/example_branch_python_dop_operator_3.py for tasks to queue
[2026-08-21T22:51:49.381+0000] {logging_mixin.py:188} INFO - [2026-08-21T22:51:49.380+0000] {dagbag.py:540} INFO - Filling up the DagBag from /home/airflow/.local/lib/python3.8/site-packages/airflow/example_dags/example_branch_python_dop_operator_3.py
[2026-08-21T22:51:49.393+0000] {processor.py:840} INFO - DAG(s) 'example_branch_dop_operator_v3' retrieved from /home/airflow/.local/lib/python3.8/site-packages/airflow/example_dags/example_branch_python_dop_operator_3.py
[2026-08-21T22:51:49.421+0000] {logging_mixin.py:188} INFO - [2026-08-21T22:51:49.421+0000] {dag.py:3047} INFO - Sync 1 DAGs
[2026-08-21T22:51:49.456+0000] {logging_mixin.py:188} INFO - [2026-08-21T22:51:49.456+0000] {dag.py:3834} INFO - Setting next_dagrun for example_branch_dop_operator_v3 to 2026-08-21 22:50:00+00:00, run_after=2026-08-21 22:51:00+00:00
[2026-08-21T22:51:49.480+0000] {processor.py:183} INFO - Processing /home/airflow/.local/lib/python3.8/site-packages/airflow/example_dags/example_branch_python_dop_operator_3.py took 0.113 seconds
[2026-08-21T22:52:19.787+0000] {processor.py:161} INFO - Started process (PID=708) to work on /home/airflow/.local/lib/python3.8/site-packages/airflow/example_dags/example_branch_python_dop_operator_3.py
[2026-08-21T22:52:19.789+0000] {processor.py:830} INFO - Processing file /home/airflow/.local/lib/python3.8/site-packages/airflow/example_dags/example_branch_python_dop_operator_3.py for tasks to queue
[2026-08-21T22:52:19.792+0000] {logging_mixin.py:188} INFO - [2026-08-21T22:52:19.791+0000] {dagbag.py:540} INFO - Filling up the DagBag from /home/airflow/.local/lib/python3.8/site-packages/airflow/example_dags/example_branch_python_dop_operator_3.py
[2026-08-21T22:52:19.804+0000] {processor.py:840} INFO - DAG(s) 'example_branch_dop_operator_v3' retrieved from /home/airflow/.local/lib/python3.8/site-packages/airflow/example_dags/example_branch_python_dop_operator_3.py
[2026-08-21T22:52:19.832+0000] {logging_mixin.py:188} INFO - [2026-08-21T22:52:19.831+0000] {dag.py:3047} INFO - Sync 1 DAGs
[2026-08-21T22:52:19.863+0000] {logging_mixin.py:188} INFO - [2026-08-21T22:52:19.862+0000] {dag.py:3834} INFO - Setting next_dagrun for example_branch_dop_operator_v3 to 2026-08-21 22:51:00+00:00, run_after=2026-08-21 22:52:00+00:00
[2026-08-21T22:52:19.891+0000] {processor.py:183} INFO - Processing /home/airflow/.local/lib/python3.8/site-packages/airflow/example_dags/example_branch_python_dop_operator_3.py took 0.110 seconds
[2026-08-21T22:52:50.133+0000] {processor.py:161} INFO - Started process (PID=765) to work on /home/airflow/.local/lib/python3.8/site-packages/airflow/example_dags/example_branch_python_dop_operator_3.py
[2026-08-21T22:52:50.136+0000] {processor.py:830} INFO - Processing file /home/airflow/.local/lib/python3.8/site-packages/airflow/example_dags/example_branch_python_dop_operator_3.py for tasks to queue
[2026-08-21T22:52:50.138+0000] {logging_mixin.py:188} INFO - [2026-08-21T22:52:50.138+0000] {dagbag.py:540} INFO - Filling up the DagBag from /home/airflow/.local/lib/python3.8/site-packages/airflow/example_dags/example_branch_python_dop_operator_3.py
[2026-08-21T22:52:50.150+0000] {processor.py:840} INFO - DAG(s) 'example_branch_dop_operator_v3' retrieved from /home/airflow/.local/lib/python3.8/site-packages/airflow/example_dags/example_branch_python_dop_operator_3.py
[2026-08-21T22:52:50.177+0000] {logging_mixin.py:188} INFO - [2026-08-21T22:52:50.177+0000] {dag.py:3047} INFO - Sync 1 DAGs
[2026-08-21T22:52:50.210+0000] {logging_mixin.py:188} INFO - [2026-08-21T22:52:50.210+0000] {dag.py:3834} INFO - Setting next_dagrun for example_branch_dop_operator_v3 to 2026-08-21 22:51:00+00:00, run_after=2026-08-21 22:52:00+00:00
[2026-08-21T22:52:50.240+0000] {processor.py:183} INFO - Processing /home/airflow/.local/lib/python3.8/site-packages/airflow/example_dags/example_branch_python_dop_operator_3.py took 0.112 seconds
[2026-08-21T22:53:21.037+0000] {processor.py:161} INFO - Started process (PID=822) to work on /home/airflow/.local/lib/python3.8/site-packages/airflow/example_dags/example_branch_python_dop_operator_3.py
[2026-08-21T22:53:21.039+0000] {processor.py:830} INFO - Processing file /home/airflow/.local/lib/python3.8/site-packages/airflow/example_dags/example_branch_python_dop_operator_3.py for tasks to queue
[2026-08-21T22:53:21.042+0000] {logging_mixin.py:188} INFO - [2026-08-21T22:53:21.041+0000] {dagbag.py:540} INFO - Filling up the DagBag from /home/airflow/.local/lib/python3.8/site-packages/airflow/example_dags/example_branch_python_dop_operator_3.py
[2026-08-21T22:53:21.053+0000] {processor.py:840} INFO - DAG(s) 'example_branch_dop_operator_v3' retrieved from /home/airflow/.local/lib/python3.8/site-packages/airflow/example_dags/example_branch_python_dop_operator_3.py
[2026-08-21T22:53:21.077+0000] {logging_mixin.py:188} INFO - [2026-08-21T22:53:21.077+0000] {dag.py:3047} INFO - Sync 1 DAGs
[2026-08-21T22:53:21.108+0000] {logging_mixin.py:188} INFO - [2026-08-21T22:53:21.107+0000] {dag.py:3834} INFO - Setting next_dagrun for example_branch_dop_operator_v3 to 2026-08-21 22:52:00+00:00, run_after=2026-08-21 22:53:00+00:00
[2026-08-21T22:53:21.134+0000] {processor.py:183} INFO - Processing /home/airflow/.local/lib/python3.8/site-packages/airflow/example_dags/example_branch_python_dop_operator_3.py took 0.101 seconds
[2026-08-21T22:53:51.404+0000] {processor.py:161} INFO - Started process (PID=879) to work on /home/airflow/.local/lib/python3.8/site-packages/airflow/example_dags/example_branch_python_dop_operator_3.py
[2026-08-21T22:53:51.405+0000] {processor.py:830} INFO - Processing file /home/airflow/.local/lib/python3.8/site-packages/airflow/example_dags/example_branch_python_dop_operator_3.py for tasks to queue
[2026-08-21T22:53:51.408+0000] {logging_mixin.py:188} INFO - [2026-08-21T22:53:51.407+0000] {dagbag.py:540} INFO - Filling up the DagBag from /home/airflow/.local/lib/python3.8/site-packages/airflow/example_dags/example_branch_python_dop_operator_3.py
[2026-08-21T22:53:51.421+0000] {processor.py:840} INFO - DAG(s) 'example_branch_dop_operator_v3' retrieved from /home/airflow/.local/lib/python3.8/site-packages/airflow/example_dags/example_branch_python_dop_operator_3.py
[2026-08-21T22:53:51.446+0000] {logging_mixin.py:188} INFO - [2026-08-21T22:53:51.446+0000] {dag.py:3047} INFO - Sync 1 DAGs
[2026-08-21T22:53:51.473+0000] {logging_mixin.py:188} INFO - [2026-08-21T22:53:51.473+0000] {dag.py:3834} INFO - Setting next_dagrun for example_branch_dop_operator_v3 to 2026-08-21 22:52:00+00:00, run_after=2026-08-21 22:53:00+00:00
[2026-08-21T22:53:51.494+0000] {processor.py:183} INFO - Processing /home/airflow/.local/lib/python3.8/site-packages/airflow/example_dags/example_branch_python_dop_operator_3.py took 0.093 seconds
[2026-08-21T22:54:21.548+0000] {processor.py:161} INFO - Started process (PID=936) to work on /home/airflow/.local/lib/python3.8/site-packages/airflow/example_dags/example_branch_python_dop_operator_3.py
[2026-08-21T22:54:21.550+0000] {processor.py:830} INFO - Processing file /home/airflow/.local/lib/python3.8/site-packages/airflow/example_dags/example_branch_python_dop_operator_3.py for tasks to queue
[2026-08-21T22:54:21.553+0000] {logging_mixin.py:188} INFO - [2026-08-21T22:54:21.552+0000] {dagbag.py:540} INFO - Filling up the DagBag from /home/airflow/.local/lib/python3.8/site-packages/airflow/example_dags/example_branch_python_dop_operator_3.py
[2026-08-21T22:54:21.563+0000] {processor.py:840} INFO - DAG(s) 'example_branch_dop_operator_v3' retrieved from /home/airflow/.local/lib/python3.8/site-packages/airflow/example_dags/example_branch_python_dop_operator_3.py
[2026-08-21T22:54:21.589+0000] {logging_mixin.py:188} INFO - [2026-08-21T22:54:21.589+0000] {dag.py:3047} INFO - Sync 1 DAGs
[2026-08-21T22:54:21.619+0000] {logging_mixin.py:188} INFO - [2026-08-21T22:54:21.619+0000] {dag.py:3834} INFO - Setting next_dagrun for example_branch_dop_operator_v3 to 2026-08-21 22:53:00+00:00, run_after=2026-08-21 22:54:00+00:00
[2026-08-21T22:54:21.645+0000] {processor.py:183} INFO - Processing /home/airflow/.local/lib/python3.8/site-packages/airflow/example_dags/example_branch_python_dop_operator_3.py took 0.102 seconds
[2026-08-21T22:54:52.339+0000] {processor.py:161} INFO - Started process (PID=993) to work on /home/airflow/.local/lib/python3.8/site-packages/airflow/example_dags/example_branch_python_dop_operator_3.py
[2026-08-21T22:54:52.341+0000] {processor.py:830} INFO - Processing file /home/airflow/.local/lib/python3.8/site-packages/airflow/example_dags/example_branch_python_dop_operator_3.py for tasks to queue
[2026-08-21T22:54:52.345+0000] {logging_mixin.py:188} INFO - [2026-08-21T22:54:52.345+0000] {dagbag.py:540} INFO - Filling up the DagBag from /home/airflow/.local/lib/python3.8/site-packages/airflow/example_dags/example_branch_python_dop_operator_3.py
[2026-08-21T22:54:52.359+0000] {processor.py:840} INFO - DAG(s) 'example_branch_dop_operator_v3' retrieved from /home/airflow/.local/lib/python3.8/site-packages/airflow/example_dags/example_branch_python_dop_operator_3.py
[2026-08-21T22:54:52.386+0000] {logging_mixin.py:188} INFO - [2026-08-21T22:54:52.386+0000] {dag.py:3047} INFO - Sync 1 DAGs
[2026-08-21T22:54:52.416+0000] {logging_mixin.py:188} INFO - [2026-08-21T22:54:52.416+0000] {dag.py:3834} INFO - Setting next_dagrun for example_branch_dop_operator_v3 to 2026-08-21 22:53:00+00:00, run_after=2026-08-21 22:54:00+00:00
[2026-08-21T22:54:52.448+0000] {processor.py:183} INFO - Processing /home/airflow/.local/lib/python3.8/site-packages/airflow/example_dags/example_branch_python_dop_operator_3.py took 0.115 seconds
[2026-08-21T22:55:22.828+0000] {processor.py:161} INFO - Started process (PID=1050) to work on /home/airflow/.local/lib/python3.8/site-packages/airflow/example_dags/example_branch_python_dop_operator_3.py
[2026-08-21T22:55:22.831+0000] {processor.py:830} INFO - Processing file /home/airflow/.local/lib/python3.8/site-packages/airflow/example_dags/example_branch_python_dop_operator_3.py for tasks to queue
[2026-08-21T22:55:22.839+0000] {logging_mixin.py:188} INFO - [2026-08-21T22:55:22.838+0000] {dagbag.py:540} INFO - Filling up the DagBag from /home/airflow/.local/lib/python3.8/site-packages/airflow/example_dags/example_branch_python_dop_operator_3.py
[2026-08-21T22:55:22.851+0000] {processor.py:840} INFO - DAG(s) 'example_branch_dop_operator_v3' retrieved from /home/airflow/.local/lib/python3.8/site-packages/airflow/example_dags/example_branch_python_dop_operator_3.py
[2026-08-21T22:55:22.881+0000] {logging_mixin.py:188} INFO - [2026-08-21T22:55:22.881+0000] {dag.py:3047} INFO - Sync 1 DAGs
[2026-08-21T22:55:22.921+0000] {logging_mixin.py:188} INFO - [2026-08-21T22:55:22.921+0000] {dag.py:3834} INFO - Setting next_dagrun for example_branch_dop_operator_v3 to 2026-08-21 22:54:00+00:00, run_after=2026-08-21 22:55:00+00:00
[2026-08-21T22:55:22.946+0000] {processor.py:183} INFO - Processing /home/airflow/.local/lib/python3.8/site-packages/airflow/example_dags/example_branch_python_dop_operator_3.py took 0.124 seconds
[2026-08-21T22:55:53.070+0000] {processor.py:161} INFO - Started process (PID=1107) to work on /home/airflow/.local/lib/python3.8/site-packages/airflow/example_dags/example_branch_python_dop_operator_3.py
[2026-08-21T22:55:53.072+0000] {processor.py:830} INFO - Processing file /home/airflow/.local/lib/python3.8/site-packages/airflow/example_dags/example_branch_python_dop_operator_3.py for tasks to queue
[2026-08-21T22:55:53.075+0000] {logging_mixin.py:188} INFO - [2026-08-21T22:55:53.075+0000] {dagbag.py:540} INFO - Filling up the DagBag from /home/airflow/.local/lib/python3.8/site-packages/airflow/example_dags/example_branch_python_dop_operator_3.py
[2026-08-21T22:55:53.088+0000] {processor.py:840} INFO - DAG(s) 'example_branch_dop_operator_v3' retrieved from /home/airflow/.local/lib/python3.8/site-packages/airflow/example_dags/example_branch_python_dop_operator_3.py
[2026-08-21T22:55:53.117+0000] {logging_mixin.py:188} INFO - [2026-08-21T22:55:53.117+0000] {dag.py:3047} INFO - Sync 1 DAGs
[2026-08-21T22:55:53.153+0000] {logging_mixin.py:188} INFO - [2026-08-21T22:55:53.153+0000] {dag.py:3834} INFO - Setting next_dagrun for example_branch_dop_operator_v3 to 2026-08-21 22:54:00+00:00, run_after=2026-08-21 22:55:00+00:00
[2026-08-21T22:55:53.178+0000] {processor.py:183} INFO - Processing /home/airflow/.local/lib/python3.8/site-packages/airflow/example_dags/example_branch_python_dop_operator_3.py took 0.112 seconds
[2026-08-21T22:56:24.088+0000] {processor.py:161} INFO - Started process (PID=1164) to work on /home/airflow/.local/lib/python3.8/site-packages/airflow/example_dags/example_branch_python_dop_operator_3.py
[2026-08-21T22:56:24.090+0000] {processor.py:830} INFO - Processing file /home/airflow/.local/lib/python3.8/site-packages/airflow/example_dags/example_branch_python_dop_operator_3.py for tasks to queue
[2026-08-21T22:56:24.093+0000] {logging_mixin.py:188} INFO - [2026-08-21T22:56:24.093+0000] {dagbag.py:540} INFO - Filling up the DagBag from /home/airflow/.local/lib/python3.8/site-packages/airflow/example_dags/example_branch_python_dop_operator_3.py
[2026-08-21T22:56:24.105+0000] {processor.py:840} INFO - DAG(s) 'example_branch_dop_operator_v3' retrieved from /home/airflow/.local/lib/python3.8/site-packages/airflow/example_dags/example_branch_python_dop_operator_3.py
[2026-08-21T22:56:24.129+0000] {logging_mixin.py:188} INFO - [2026-08-21T22:56:24.129+0000] {dag.py:3047} INFO - Sync 1 DAGs
[2026-08-21T22:56:24.160+0000] {logging_mixin.py:188} INFO - [2026-08-21T22:56:24.160+0000] {dag.py:3834} INFO - Setting next_dagrun for example_branch_dop_operator_v3 to 2026-08-21 22:55:00+00:00, run_after=2026-08-21 22:56:00+00:00
[2026-08-21T22:56:24.191+0000] {processor.py:183} INFO - Processing /home/airflow/.local/lib/python3.8/site-packages/airflow/example_dags/example_branch_python_dop_operator_3.py took 0.108 seconds
[2026-08-21T22:56:54.542+0000] {processor.py:161} INFO - Started process (PID=1221) to work on /home/airflow/.local/lib/python3.8/site-packages/airflow/example_dags/example_branch_python_dop_operator_3.py
[2026-08-21T22:56:54.544+0000] {processor.py:830} INFO - Processing file /home/airflow/.local/lib/python3.8/site-packages/airflow/example_dags/example_branch_python_dop_operator_3.py for tasks to queue
[2026-08-21T22:56:54.548+0000] {logging_mixin.py:188} INFO - [2026-08-21T22:56:54.548+0000] {dagbag.py:540} INFO - Filling up the DagBag from /home/airflow/.local/lib/python3.8/site-packages/airflow/example_dags/example_branch_python_dop_operator_3.py
[2026-08-21T22:56:54.561+0000] {processor.py:840} INFO - DAG(s) 'example_branch_dop_operator_v3' retrieved from /home/airflow/.local/lib/python3.8/site-packages/airflow/example_dags/example_branch_python_dop_operator_3.py
[2026-08-21T22:56:54.597+0000] {logging_mixin.py:188} INFO - [2026-08-21T22:56:54.597+0000] {dag.py:3047} INFO - Sync 1 DAGs
[2026-08-21T22:56:54.638+0000] {logging_mixin.py:188} INFO - [2026-08-21T22:56:54.637+0000] {dag.py:3834} INFO - Setting next_dagrun for example_branch_dop_operator_v3 to 2026-08-21 22:55:00+00:00, run_after=2026-08-21 22:56:00+00:00
[2026-08-21T22:56:54.670+0000] {processor.py:183} INFO - Processing /home/airflow/.local/lib/python3.8/site-packages/airflow/example_dags/example_branch_python_dop_operator_3.py took 0.132 seconds
[2026-08-21T22:57:25.427+0000] {processor.py:161} INFO - Started process (PID=1278) to work on /home/airflow/.local/lib/python3.8/site-packages/airflow/example_dags/example_branch_python_dop_operator_3.py
[2026-08-21T22:57:25.429+0000] {processor.py:830} INFO - Processing file /home/airflow/.local/lib/python3.8/site-packages/airflow/example_dags/example_branch_python_dop_operator_3.py for tasks to queue
[2026-08-21T22:57:25.433+0000] {logging_mixin.py:188} INFO - [2026-08-21T22:57:25.432+0000] {dagbag.py:540} INFO - Filling up the DagBag from /home/airflow/.local/lib/python3.8/site-packages/airflow/example_dags/example_branch_python_dop_operator_3.py
[2026-08-21T22:57:25.449+0000] {processor.py:840} INFO - DAG(s) 'example_branch_dop_operator_v3' retrieved from /home/airflow/.local/lib/python3.8/site-packages/airflow/example_dags/example_branch_python_dop_operator_3.py
[2026-08-21T22:57:25.479+0000] {logging_mixin.py:188} INFO - [2026-08-21T22:57:25.479+0000] {dag.py:3047} INFO - Sync 1 DAGs
[2026-08-21T22:57:25.524+0000] {logging_mixin.py:188} INFO - [2026-08-21T22:57:25.523+0000] {dag.py:3834} INFO - Setting next_dagrun for example_branch_dop_operator_v3 to 2026-08-21 22:56:00+00:00, run_after=2026-08-21 22:57:00+00:00
[2026-08-21T22:57:25.561+0000] {processor.py:183} INFO - Processing /home/airflow/.local/lib/python3.8/site-packages/airflow/example_dags/example_branch_python_dop_operator_3.py took 0.140 seconds
[2026-08-21T22:57:55.814+0000] {processor.py:161} INFO - Started process (PID=1335) to work on /home/airflow/.local/lib/python3.8/site-packages/airflow/example_dags/example_branch_python_dop_operator_3.py
[2026-08-21T22:57:55.816+0000] {processor.py:830} INFO - Processing file /home/airflow/.local/lib/python3.8/site-packages/airflow/example_dags/example_branch_python_dop_operator_3.py for tasks to queue
[2026-08-21T22:57:55.818+0000] {logging_mixin.py:188} INFO - [2026-08-21T22:57:55.818+0000] {dagbag.py:540} INFO - Filling up the DagBag from /home/airflow/.local/lib/python3.8/site-packages/airflow/example_dags/example_branch_python_dop_operator_3.py
[2026-08-21T22:57:55.831+0000] {processor.py:840} INFO - DAG(s) 'example_branch_dop_operator_v3' retrieved from /home/airflow/.local/lib/python3.8/site-packages/airflow/example_dags/example_branch_python_dop_operator_3.py
[2026-08-21T22:57:55.858+0000] {logging_mixin.py:188} INFO - [2026-08-21T22:57:55.857+0000] {dag.py:3047} INFO - Sync 1 DAGs
[2026-08-21T22:57:55.890+0000] {logging_mixin.py:188} INFO - [2026-08-21T22:57:55.890+0000] {dag.py:3834} INFO - Setting next_dagrun for example_branch_dop_operator_v3 to 2026-08-21 22:56:00+00:00, run_after=2026-08-21 22:57:00+00:00
[2026-08-21T22:57:55.915+0000] {processor.py:183} INFO - Processing /home/airflow/.local/lib/python3.8/site-packages/airflow/example_dags/example_branch_python_dop_operator_3.py took 0.105 seconds
[2026-08-21T22:58:26.191+0000] {processor.py:161} INFO - Started process (PID=1392) to work on /home/airflow/.local/lib/python3.8/site-packages/airflow/example_dags/example_branch_python_dop_operator_3.py
[2026-08-21T22:58:26.193+0000] {processor.py:830} INFO - Processing file /home/airflow/.local/lib/python3.8/site-packages/airflow/example_dags/example_branch_python_dop_operator_3.py for tasks to queue
[2026-08-21T22:58:26.196+0000] {logging_mixin.py:188} INFO - [2026-08-21T22:58:26.196+0000] {dagbag.py:540} INFO - Filling up the DagBag from /home/airflow/.local/lib/python3.8/site-packages/airflow/example_dags/example_branch_python_dop_operator_3.py
[2026-08-21T22:58:26.209+0000] {processor.py:840} INFO - DAG(s) 'example_branch_dop_operator_v3' retrieved from /home/airflow/.local/lib/python3.8/site-packages/airflow/example_dags/example_branch_python_dop_operator_3.py
[2026-08-21T22:58:26.239+0000] {logging_mixin.py:188} INFO - [2026-08-21T22:58:26.239+0000] {dag.py:3047} INFO - Sync 1 DAGs
[2026-08-21T22:58:26.279+0000] {logging_mixin.py:188} INFO - [2026-08-21T22:58:26.278+0000] {dag.py:3834} INFO - Setting next_dagrun for example_branch_dop_operator_v3 to 2026-08-21 22:57:00+00:00, run_after=2026-08-21 22:58:00+00:00
[2026-08-21T22:58:26.309+0000] {processor.py:183} INFO - Processing /home/airflow/.local/lib/python3.8/site-packages/airflow/example_dags/example_branch_python_dop_operator_3.py took 0.124 seconds
[2026-08-21T22:58:56.691+0000] {processor.py:161} INFO - Started process (PID=1449) to work on /home/airflow/.local/lib/python3.8/site-packages/airflow/example_dags/example_branch_python_dop_operator_3.py
[2026-08-21T22:58:56.693+0000] {processor.py:830} INFO - Processing file /home/airflow/.local/lib/python3.8/site-packages/airflow/example_dags/example_branch_python_dop_operator_3.py for tasks to queue
[2026-08-21T22:58:56.696+0000] {logging_mixin.py:188} INFO - [2026-08-21T22:58:56.696+0000] {dagbag.py:540} INFO - Filling up the DagBag from /home/airflow/.local/lib/python3.8/site-packages/airflow/example_dags/example_branch_python_dop_operator_3.py
[2026-08-21T22:58:56.709+0000] {processor.py:840} INFO - DAG(s) 'example_branch_dop_operator_v3' retrieved from /home/airflow/.local/lib/python3.8/site-packages/airflow/example_dags/example_branch_python_dop_operator_3.py
[2026-08-21T22:58:56.732+0000] {logging_mixin.py:188} INFO - [2026-08-21T22:58:56.732+0000] {dag.py:3047} INFO - Sync 1 DAGs
[2026-08-21T22:58:56.761+0000] {logging_mixin.py:188} INFO - [2026-08-21T22:58:56.761+0000] {dag.py:3834} INFO - Setting next_dagrun for example_branch_dop_operator_v3 to 2026-08-21 22:57:00+00:00, run_after=2026-08-21 22:58:00+00:00
[2026-08-21T22:58:56.787+0000] {processor.py:183} INFO - Processing /home/airflow/.local/lib/python3.8/site-packages/airflow/example_dags/example_branch_python_dop_operator_3.py took 0.102 seconds
[2026-08-21T22:59:27.202+0000] {processor.py:161} INFO - Started process (PID=1506) to work on /home/airflow/.local/lib/python3.8/site-packages/airflow/example_dags/example_branch_python_dop_operator_3.py
[2026-08-21T22:59:27.204+0000] {processor.py:830} INFO - Processing file /home/airflow/.local/lib/python3.8/site-packages/airflow/example_dags/example_branch_python_dop_operator_3.py for tasks to queue
[2026-08-21T22:59:27.207+0000] {logging_mixin.py:188} INFO - [2026-08-21T22:59:27.207+0000] {dagbag.py:540} INFO - Filling up the DagBag from /home/airflow/.local/lib/python3.8/site-packages/airflow/example_dags/example_branch_python_dop_operator_3.py
[2026-08-21T22:59:27.217+0000] {processor.py:840} INFO - DAG(s) 'example_branch_dop_operator_v3' retrieved from /home/airflow/.local/lib/python3.8/site-packages/airflow/example_dags/example_branch_python_dop_operator_3.py
[2026-08-21T22:59:27.240+0000] {logging_mixin.py:188} INFO - [2026-08-21T22:59:27.240+0000] {dag.py:3047} INFO - Sync 1 DAGs
[2026-08-21T22:59:27.269+0000] {logging_mixin.py:188} INFO - [2026-08-21T22:59:27.269+0000] {dag.py:3834} INFO - Setting next_dagrun for example_branch_dop_operator_v3 to 2026-08-21 22:58:00+00:00, run_after=2026-08-21 22:59:00+00:00
[2026-08-21T22:59:27.296+0000] {processor.py:183} INFO - Processing /home/airflow/.local/lib/python3.8/site-packages/airflow/example_dags/example_branch_python_dop_operator_3.py took 0.098 seconds
[2026-08-21T22:59:57.623+0000] {processor.py:161} INFO - Started process (PID=1563) to work on /home/airflow/.local/lib/python3.8/site-packages/airflow/example_dags/example_branch_python_dop_operator_3.py
[2026-08-21T22:59:57.625+0000] {processor.py:830} INFO - Processing file /home/airflow/.local/lib/python3.8/site-packages/airflow/example_dags/example_branch_python_dop_operator_3.py for tasks to queue
[2026-08-21T22:59:57.628+0000] {logging_mixin.py:188} INFO - [2026-08-21T22:59:57.627+0000] {dagbag.py:540} INFO - Filling up the DagBag from /home/airflow/.local/lib/python3.8/site-packages/airflow/example_dags/example_branch_python_dop_operator_3.py
[2026-08-21T22:59:57.642+0000] {processor.py:840} INFO - DAG(s) 'example_branch_dop_operator_v3' retrieved from /home/airflow/.local/lib/python3.8/site-packages/airflow/example_dags/example_branch_python_dop_operator_3.py
[2026-08-21T22:59:57.667+0000] {logging_mixin.py:188} INFO - [2026-08-21T22:59:57.667+0000] {dag.py:3047} INFO - Sync 1 DAGs
[2026-08-21T22:59:57.697+0000] {logging_mixin.py:188} INFO - [2026-08-21T22:59:57.697+0000] {dag.py:3834} INFO - Setting next_dagrun for example_branch_dop_operator_v3 to 2026-08-21 22:58:00+00:00, run_after=2026-08-21 22:59:00+00:00
[2026-08-21T22:59:57.719+0000] {processor.py:183} INFO - Processing /home/airflow/.local/lib/python3.8/site-packages/airflow/example_dags/example_branch_python_dop_operator_3.py took 0.100 seconds
[2026-08-21T23:00:27.987+0000] {processor.py:161} INFO - Started process (PID=1620) to work on /home/airflow/.local/lib/python3.8/site-packages/airflow/example_dags/example_branch_python_dop_operator_3.py
[2026-08-21T23:00:27.990+0000] {processor.py:830} INFO - Processing file /home/airflow/.local/lib/python3.8/site-packages/airflow/example_dags/example_branch_python_dop_operator_3.py for tasks to queue
[2026-08-21T23:00:27.994+0000] {logging_mixin.py:188} INFO - [2026-08-21T23:00:27.994+0000] {dagbag.py:540} INFO - Filling up the DagBag from /home/airflow/.local/lib/python3.8/site-packages/airflow/example_dags/example_branch_python_dop_operator_3.py
[2026-08-21T23:00:28.008+0000] {processor.py:840} INFO - DAG(s) 'example_branch_dop_operator_v3' retrieved from /home/airflow/.local/lib/python3.8/site-packages/airflow/example_dags/example_branch_python_dop_operator_3.py
[2026-08-21T23:00:28.058+0000] {logging_mixin.py:188} INFO - [2026-08-21T23:00:28.058+0000] {dag.py:3047} INFO - Sync 1 DAGs
[2026-08-21T23:00:28.105+0000] {logging_mixin.py:188} INFO - [2026-08-21T23:00:28.105+0000] {dag.py:3834} INFO - Setting next_dagrun for example_branch_dop_operator_v3 to 2026-08-21 22:59:00+00:00, run_after=2026-08-21 23:00:00+00:00
[2026-08-21T23:00:28.128+0000] {processor.py:183} INFO - Processing /home/airflow/.local/lib/python3.8/site-packages/airflow/example_dags/example_branch_python_dop_operator_3.py took 0.145 seconds
[2026-08-21T23:00:58.837+0000] {processor.py:161} INFO - Started process (PID=1677) to work on /home/airflow/.local/lib/python3.8/site-packages/airflow/example_dags/example_branch_python_dop_operator_3.py
[2026-08-21T23:00:58.839+0000] {processor.py:830} INFO - Processing file /home/airflow/.local/lib/python3.8/site-packages/airflow/example_dags/example_branch_python_dop_operator_3.py for tasks to queue
[2026-08-21T23:00:58.843+0000] {logging_mixin.py:188} INFO - [2026-08-21T23:00:58.843+0000] {dagbag.py:540} INFO - Filling up the DagBag from /home/airflow/.local/lib/python3.8/site-packages/airflow/example_dags/example_branch_python_dop_operator_3.py
[2026-08-21T23:00:58.855+0000] {processor.py:840} INFO - DAG(s) 'example_branch_dop_operator_v3' retrieved from /home/airflow/.local/lib/python3.8/site-packages/airflow/example_dags/example_branch_python_dop_operator_3.py
[2026-08-21T23:00:58.881+0000] {logging_mixin.py:188} INFO - [2026-08-21T23:00:58.881+0000] {dag.py:3047} INFO - Sync 1 DAGs
[2026-08-21T23:00:58.909+0000] {logging_mixin.py:188} INFO - [2026-08-21T23:00:58.909+0000] {dag.py:3834} INFO - Setting next_dagrun for example_branch_dop_operator_v3 to 2026-08-21 22:59:00+00:00, run_after=2026-08-21 23:00:00+00:00
[2026-08-21T23:00:58.933+0000] {processor.py:183} INFO - Processing /home/airflow/.local/lib/python3.8/site-packages/airflow/example_dags/example_branch_python_dop_operator_3.py took 0.101 seconds
[2026-08-21T23:01:30.063+0000] {processor.py:161} INFO - Started process (PID=1734) to work on /home/airflow/.local/lib/python3.8/site-packages/airflow/example_dags/example_branch_python_dop_operator_3.py
[2026-08-21T23:01:30.065+0000] {processor.py:830} INFO - Processing file /home/airflow/.local/lib/python3.8/site-packages/airflow/example_dags/example_branch_python_dop_operator_3.py for tasks to queue
[2026-08-21T23:01:30.067+0000] {logging_mixin.py:188} INFO - [2026-08-21T23:01:30.067+0000] {dagbag.py:540} INFO - Filling up the DagBag from /home/airflow/.local/lib/python3.8/site-packages/airflow/example_dags/example_branch_python_dop_operator_3.py
[2026-08-21T23:01:30.079+0000] {processor.py:840} INFO - DAG(s) 'example_branch_dop_operator_v3' retrieved from /home/airflow/.local/lib/python3.8/site-packages/airflow/example_dags/example_branch_python_dop_operator_3.py
[2026-08-21T23:01:30.104+0000] {logging_mixin.py:188} INFO - [2026-08-21T23:01:30.103+0000] {dag.py:3047} INFO - Sync 1 DAGs
[2026-08-21T23:01:30.131+0000] {logging_mixin.py:188} INFO - [2026-08-21T23:01:30.131+0000] {dag.py:3834} INFO - Setting next_dagrun for example_branch_dop_operator_v3 to 2026-08-21 23:00:00+00:00, run_after=2026-08-21 23:01:00+00:00
[2026-08-21T23:01:30.152+0000] {processor.py:183} INFO - Processing /home/airflow/.local/lib/python3.8/site-packages/airflow/example_dags/example_branch_python_dop_operator_3.py took 0.094 seconds
[2026-08-21T23:02:00.443+0000] {processor.py:161} INFO - Started process (PID=1791) to work on /home/airflow/.local/lib/python3.8/site-packages/airflow/example_dags/example_branch_python_dop_operator_3.py
[2026-08-21T23:02:00.444+0000] {processor.py:830} INFO - Processing file /home/airflow/.local/lib/python3.8/site-packages/airflow/example_dags/example_branch_python_dop_operator_3.py for tasks to queue
[2026-08-21T23:02:00.447+0000] {logging_mixin.py:188} INFO - [2026-08-21T23:02:00.446+0000] {dagbag.py:540} INFO - Filling up the DagBag from /home/airflow/.local/lib/python3.8/site-packages/airflow/example_dags/example_branch_python_dop_operator_3.py
[2026-08-21T23:02:00.457+0000] {processor.py:840} INFO - DAG(s) 'example_branch_dop_operator_v3' retrieved from /home/airflow/.local/lib/python3.8/site-packages/airflow/example_dags/example_branch_python_dop_operator_3.py
[2026-08-21T23:02:00.478+0000] {logging_mixin.py:188} INFO - [2026-08-21T23:02:00.478+0000] {dag.py:3047} INFO - Sync 1 DAGs
[2026-08-21T23:02:00.504+0000] {logging_mixin.py:188} INFO - [2026-08-21T23:02:00.504+0000] {dag.py:3834} INFO - Setting next_dagrun for example_branch_dop_operator_v3 to 2026-08-21 23:01:00+00:00, run_after=2026-08-21 23:02:00+00:00
[2026-08-21T23:02:00.530+0000] {processor.py:183} INFO - Processing /home/airflow/.local/lib/python3.8/site-packages/airflow/example_dags/example_branch_python_dop_operator_3.py took 0.093 seconds
[2026-08-21T23:02:30.677+0000] {processor.py:161} INFO - Started process (PID=1848) to work on /home/airflow/.local/lib/python3.8/site-packages/airflow/example_dags/example_branch_python_dop_operator_3.py
[2026-08-21T23:02:30.679+0000] {processor.py:830} INFO - Processing file /home/airflow/.local/lib/python3.8/site-packages/airflow/example_dags/example_branch_python_dop_operator_3.py for tasks to queue
[2026-08-21T23:02:30.682+0000] {logging_mixin.py:188} INFO - [2026-08-21T23:02:30.681+0000] {dagbag.py:540} INFO - Filling up the DagBag from /home/airflow/.local/lib/python3.8/site-packages/airflow/example_dags/example_branch_python_dop_operator_3.py
[2026-08-21T23:02:30.695+0000] {processor.py:840} INFO - DAG(s) 'example_branch_dop_operator_v3' retrieved from /home/airflow/.local/lib/python3.8/site-packages/airflow/example_dags/example_branch_python_dop_operator_3.py
[2026-08-21T23:02:30.720+0000] {logging_mixin.py:188} INFO - [2026-08-21T23:02:30.720+0000] {dag.py:3047} INFO - Sync 1 DAGs
[2026-08-21T23:02:30.750+0000] {logging_mixin.py:188} INFO - [2026-08-21T23:02:30.750+0000] {dag.py:3834} INFO - Setting next_dagrun for example_branch_dop_operator_v3 to 2026-08-21 23:01:00+00:00, run_after=2026-08-21 23:02:00+00:00
[2026-08-21T23:02:30.773+0000] {processor.py:183} INFO - Processing /home/airflow/.local/lib/python3.8/site-packages/airflow/example_dags/example_branch_python_dop_operator_3.py took 0.103 seconds
[2026-08-21T23:03:01.168+0000] {processor.py:161} INFO - Started process (PID=1905) to work on /home/airflow/.local/lib/python3.8/site-packages/airflow/example_dags/example_branch_python_dop_operator_3.py
[2026-08-21T23:03:01.169+0000] {processor.py:830} INFO - Processing file /home/airflow/.local/lib/python3.8/site-packages/airflow/example_dags/example_branch_python_dop_operator_3.py for tasks to queue
[2026-08-21T23:03:01.172+0000] {logging_mixin.py:188} INFO - [2026-08-21T23:03:01.172+0000] {dagbag.py:540} INFO - Filling up the DagBag from /home/airflow/.local/lib/python3.8/site-packages/airflow/example_dags/example_branch_python_dop_operator_3.py
[2026-08-21T23:03:01.181+0000] {processor.py:840} INFO - DAG(s) 'example_branch_dop_operator_v3' retrieved from /home/airflow/.local/lib/python3.8/site-packages/airflow/example_dags/example_branch_python_dop_operator_3.py
[2026-08-21T23:03:01.204+0000] {logging_mixin.py:188} INFO - [2026-08-21T23:03:01.204+0000] {dag.py:3047} INFO - Sync 1 DAGs
[2026-08-21T23:03:01.235+0000] {logging_mixin.py:188} INFO - [2026-08-21T23:03:01.235+0000] {dag.py:3834} INFO - Setting next_dagrun for example_branch_dop_operator_v3 to 2026-08-21 23:02:00+00:00, run_after=2026-08-21 23:03:00+00:00
[2026-08-21T23:03:01.260+0000] {processor.py:183} INFO - Processing /home/airflow/.local/lib/python3.8/site-packages/airflow/example_dags/example_branch_python_dop_operator_3.py took 0.096 seconds
[2026-08-21T23:03:31.880+0000] {processor.py:161} INFO - Started process (PID=1962) to work on /home/airflow/.local/lib/python3.8/site-packages/airflow/example_dags/example_branch_python_dop_operator_3.py
[2026-08-21T23:03:31.883+0000] {processor.py:830} INFO - Processing file /home/airflow/.local/lib/python3.8/site-packages/airflow/example_dags/example_branch_python_dop_operator_3.py for tasks to queue
[2026-08-21T23:03:31.887+0000] {logging_mixin.py:188} INFO - [2026-08-21T23:03:31.886+0000] {dagbag.py:540} INFO - Filling up the DagBag from /home/airflow/.local/lib/python3.8/site-packages/airflow/example_dags/example_branch_python_dop_operator_3.py
[2026-08-21T23:03:31.906+0000] {processor.py:840} INFO - DAG(s) 'example_branch_dop_operator_v3' retrieved from /home/airflow/.local/lib/python3.8/site-packages/airflow/example_dags/example_branch_python_dop_operator_3.py
[2026-08-21T23:03:31.948+0000] {logging_mixin.py:188} INFO - [2026-08-21T23:03:31.948+0000] {dag.py:3047} INFO - Sync 1 DAGs
[2026-08-21T23:03:32.014+0000] {logging_mixin.py:188} INFO - [2026-08-21T23:03:32.014+0000] {dag.py:3834} INFO - Setting next_dagrun for example_branch_dop_operator_v3 to 2026-08-21 23:02:00+00:00, run_after=2026-08-21 23:03:00+00:00
[2026-08-21T23:03:32.060+0000] {processor.py:183} INFO - Processing /home/airflow/.local/lib/python3.8/site-packages/airflow/example_dags/example_branch_python_dop_operator_3.py took 0.186 seconds
[2026-08-21T23:04:02.120+0000] {processor.py:161} INFO - Started process (PID=2019) to work on /home/airflow/.local/lib/python3.8/site-packages/airflow/example_dags/example_branch_python_dop_operator_3.py
[2026-08-21T23:04:02.123+0000] {processor.py:830} INFO - Processing file /home/airflow/.local/lib/python3.8/site-packages/airflow/example_dags/example_branch_python_dop_operator_3.py for tasks to queue
[2026-08-21T23:04:02.128+0000] {logging_mixin.py:188} INFO - [2026-08-21T23:04:02.127+0000] {dagbag.py:540} INFO - Filling up the DagBag from /home/airflow/.local/lib/python3.8/site-packages/airflow/example_dags/example_branch_python_dop_operator_3.py
[2026-08-21T23:04:02.148+0000] {processor.py:840} INFO - DAG(s) 'example_branch_dop_operator_v3' retrieved from /home/airflow/.local/lib/python3.8/site-packages/airflow/example_dags/example_branch_python_dop_operator_3.py
[2026-08-21T23:04:02.177+0000] {logging_mixin.py:188} INFO - [2026-08-21T23:04:02.176+0000] {dag.py:3047} INFO - Sync 1 DAGs
[2026-08-21T23:04:02.209+0000] {logging_mixin.py:188} INFO - [2026-08-21T23:04:02.209+0000] {dag.py:3834} INFO - Setting next_dagrun for example_branch_dop_operator_v3 to 2026-08-21 23:03:00+00:00, run_after=2026-08-21 23:04:00+00:00
[2026-08-21T23:04:02.231+0000] {processor.py:183} INFO - Processing /home/airflow/.local/lib/python3.8/site-packages/airflow/example_dags/example_branch_python_dop_operator_3.py took 0.115 seconds
[2026-08-21T23:04:32.822+0000] {processor.py:161} INFO - Started process (PID=2076) to work on /home/airflow/.local/lib/python3.8/site-packages/airflow/example_dags/example_branch_python_dop_operator_3.py
[2026-08-21T23:04:32.824+0000] {processor.py:830} INFO - Processing file /home/airflow/.local/lib/python3.8/site-packages/airflow/example_dags/example_branch_python_dop_operator_3.py for tasks to queue
[2026-08-21T23:04:32.827+0000] {logging_mixin.py:188} INFO - [2026-08-21T23:04:32.827+0000] {dagbag.py:540} INFO - Filling up the DagBag from /home/airflow/.local/lib/python3.8/site-packages/airflow/example_dags/example_branch_python_dop_operator_3.py
[2026-08-21T23:04:32.838+0000] {processor.py:840} INFO - DAG(s) 'example_branch_dop_operator_v3' retrieved from /home/airflow/.local/lib/python3.8/site-packages/airflow/example_dags/example_branch_python_dop_operator_3.py
[2026-08-21T23:04:32.866+0000] {logging_mixin.py:188} INFO - [2026-08-21T23:04:32.865+0000] {dag.py:3047} INFO - Sync 1 DAGs
[2026-08-21T23:04:32.895+0000] {logging_mixin.py:188} INFO - [2026-08-21T23:04:32.895+0000] {dag.py:3834} INFO - Setting next_dagrun for example_branch_dop_operator_v3 to 2026-08-21 23:03:00+00:00, run_after=2026-08-21 23:04:00+00:00
[2026-08-21T23:04:32.918+0000] {processor.py:183} INFO - Processing /home/airflow/.local/lib/python3.8/site-packages/airflow/example_dags/example_branch_python_dop_operator_3.py took 0.101 seconds
[2026-08-21T23:05:03.127+0000] {processor.py:161} INFO - Started process (PID=2133) to work on /home/airflow/.local/lib/python3.8/site-packages/airflow/example_dags/example_branch_python_dop_operator_3.py
[2026-08-21T23:05:03.129+0000] {processor.py:830} INFO - Processing file /home/airflow/.local/lib/python3.8/site-packages/airflow/example_dags/example_branch_python_dop_operator_3.py for tasks to queue
[2026-08-21T23:05:03.132+0000] {logging_mixin.py:188} INFO - [2026-08-21T23:05:03.131+0000] {dagbag.py:540} INFO - Filling up the DagBag from /home/airflow/.local/lib/python3.8/site-packages/airflow/example_dags/example_branch_python_dop_operator_3.py
[2026-08-21T23:05:03.146+0000] {processor.py:840} INFO - DAG(s) 'example_branch_dop_operator_v3' retrieved from /home/airflow/.local/lib/python3.8/site-packages/airflow/example_dags/example_branch_python_dop_operator_3.py
[2026-08-21T23:05:03.175+0000] {logging_mixin.py:188} INFO - [2026-08-21T23:05:03.174+0000] {dag.py:3047} INFO - Sync 1 DAGs
[2026-08-21T23:05:03.217+0000] {logging_mixin.py:188} INFO - [2026-08-21T23:05:03.217+0000] {dag.py:3834} INFO - Setting next_dagrun for example_branch_dop_operator_v3 to 2026-08-21 23:04:00+00:00, run_after=2026-08-21 23:05:00+00:00
[2026-08-21T23:05:03.239+0000] {processor.py:183} INFO - Processing /home/airflow/.local/lib/python3.8/site-packages/airflow/example_dags/example_branch_python_dop_operator_3.py took 0.118 seconds
[2026-08-21T23:05:33.372+0000] {processor.py:161} INFO - Started process (PID=2190) to work on /home/airflow/.local/lib/python3.8/site-packages/airflow/example_dags/example_branch_python_dop_operator_3.py
[2026-08-21T23:05:33.374+0000] {processor.py:830} INFO - Processing file /home/airflow/.local/lib/python3.8/site-packages/airflow/example_dags/example_branch_python_dop_operator_3.py for tasks to queue
[2026-08-21T23:05:33.377+0000] {logging_mixin.py:188} INFO - [2026-08-21T23:05:33.376+0000] {dagbag.py:540} INFO - Filling up the DagBag from /home/airflow/.local/lib/python3.8/site-packages/airflow/example_dags/example_branch_python_dop_operator_3.py
[2026-08-21T23:05:33.388+0000] {processor.py:840} INFO - DAG(s) 'example_branch_dop_operator_v3' retrieved from /home/airflow/.local/lib/python3.8/site-packages/airflow/example_dags/example_branch_python_dop_operator_3.py
[2026-08-21T23:05:33.417+0000] {logging_mixin.py:188} INFO - [2026-08-21T23:05:33.417+0000] {dag.py:3047} INFO - Sync 1 DAGs
[2026-08-21T23:05:33.451+0000] {logging_mixin.py:188} INFO - [2026-08-21T23:05:33.451+0000] {dag.py:3834} INFO - Setting next_dagrun for example_branch_dop_operator_v3 to 2026-08-21 23:04:00+00:00, run_after=2026-08-21 23:05:00+00:00
[2026-08-21T23:05:33.478+0000] {processor.py:183} INFO - Processing /home/airflow/.local/lib/python3.8/site-packages/airflow/example_dags/example_branch_python_dop_operator_3.py took 0.110 seconds
[2026-08-21T23:06:03.899+0000] {processor.py:161} INFO - Started process (PID=2247) to work on /home/airflow/.local/lib/python3.8/site-packages/airflow/example_dags/example_branch_python_dop_operator_3.py
[2026-08-21T23:06:03.901+0000] {processor.py:830} INFO - Processing file /home/airflow/.local/lib/python3.8/site-packages/airflow/example_dags/example_branch_python_dop_operator_3.py for tasks to queue
[2026-08-21T23:06:03.905+0000] {logging_mixin.py:188} INFO - [2026-08-21T23:06:03.905+0000] {dagbag.py:540} INFO - Filling up the DagBag from /home/airflow/.local/lib/python3.8/site-packages/airflow/example_dags/example_branch_python_dop_operator_3.py
[2026-08-21T23:06:03.920+0000] {processor.py:840} INFO - DAG(s) 'example_branch_dop_operator_v3' retrieved from /home/airflow/.local/lib/python3.8/site-packages/airflow/example_dags/example_branch_python_dop_operator_3.py
[2026-08-21T23:06:03.945+0000] {logging_mixin.py:188} INFO - [2026-08-21T23:06:03.945+0000] {dag.py:3047} INFO - Sync 1 DAGs
[2026-08-21T23:06:03.980+0000] {logging_mixin.py:188} INFO - [2026-08-21T23:06:03.980+0000] {dag.py:3834} INFO - Setting next_dagrun for example_branch_dop_operator_v3 to 2026-08-21 23:05:00+00:00, run_after=2026-08-21 23:06:00+00:00
[2026-08-21T23:06:04.010+0000] {processor.py:183} INFO - Processing /home/airflow/.local/lib/python3.8/site-packages/airflow/example_dags/example_branch_python_dop_operator_3.py took 0.116 seconds
[2026-08-21T23:06:34.710+0000] {processor.py:161} INFO - Started process (PID=2304) to work on /home/airflow/.local/lib/python3.8/site-packages/airflow/example_dags/example_branch_python_dop_operator_3.py
[2026-08-21T23:06:34.712+0000] {processor.py:830} INFO - Processing file /home/airflow/.local/lib/python3.8/site-packages/airflow/example_dags/example_branch_python_dop_operator_3.py for tasks to queue
[2026-08-21T23:06:34.716+0000] {logging_mixin.py:188} INFO - [2026-08-21T23:06:34.715+0000] {dagbag.py:540} INFO - Filling up the DagBag from /home/airflow/.local/lib/python3.8/site-packages/airflow/example_dags/example_branch_python_dop_operator_3.py
[2026-08-21T23:06:34.728+0000] {processor.py:840} INFO - DAG(s) 'example_branch_dop_operator_v3' retrieved from /home/airflow/.local/lib/python3.8/site-packages/airflow/example_dags/example_branch_python_dop_operator_3.py
[2026-08-21T23:06:34.755+0000] {logging_mixin.py:188} INFO - [2026-08-21T23:06:34.755+0000] {dag.py:3047} INFO - Sync 1 DAGs
[2026-08-21T23:06:34.791+0000] {logging_mixin.py:188} INFO - [2026-08-21T23:06:34.791+0000] {dag.py:3834} INFO - Setting next_dagrun for example_branch_dop_operator_v3 to 2026-08-21 23:05:00+00:00, run_after=2026-08-21 23:06:00+00:00
[2026-08-21T23:06:34.816+0000] {processor.py:183} INFO - Processing /home/airflow/.local/lib/python3.8/site-packages/airflow/example_dags/example_branch_python_dop_operator_3.py took 0.111 seconds
[2026-08-21T23:07:05.210+0000] {processor.py:161} INFO - Started process (PID=2361) to work on /home/airflow/.local/lib/python3.8/site-packages/airflow/example_dags/example_branch_python_dop_operator_3.py
[2026-08-21T23:07:05.211+0000] {processor.py:830} INFO - Processing file /home/airflow/.local/lib/python3.8/site-packages/airflow/example_dags/example_branch_python_dop_operator_3.py for tasks to queue
[2026-08-21T23:07:05.214+0000] {logging_mixin.py:188} INFO - [2026-08-21T23:07:05.213+0000] {dagbag.py:540} INFO - Filling up the DagBag from /home/airflow/.local/lib/python3.8/site-packages/airflow/example_dags/example_branch_python_dop_operator_3.py
[2026-08-21T23:07:05.225+0000] {processor.py:840} INFO - DAG(s) 'example_branch_dop_operator_v3' retrieved from /home/airflow/.local/lib/python3.8/site-packages/airflow/example_dags/example_branch_python_dop_operator_3.py
[2026-08-21T23:07:05.249+0000] {logging_mixin.py:188} INFO - [2026-08-21T23:07:05.249+0000] {dag.py:3047} INFO - Sync 1 DAGs
[2026-08-21T23:07:05.275+0000] {logging_mixin.py:188} INFO - [2026-08-21T23:07:05.275+0000] {dag.py:3834} INFO - Setting next_dagrun for example_branch_dop_operator_v3 to 2026-08-21 23:06:00+00:00, run_after=2026-08-21 23:07:00+00:00
[2026-08-21T23:07:05.296+0000] {processor.py:183} INFO - Processing /home/airflow/.local/lib/python3.8/site-packages/airflow/example_dags/example_branch_python_dop_operator_3.py took 0.090 seconds
[2026-08-21T23:07:35.859+0000] {processor.py:161} INFO - Started process (PID=2418) to work on /home/airflow/.local/lib/python3.8/site-packages/airflow/example_dags/example_branch_python_dop_operator_3.py
[2026-08-21T23:07:35.861+0000] {processor.py:830} INFO - Processing file /home/airflow/.local/lib/python3.8/site-packages/airflow/example_dags/example_branch_python_dop_operator_3.py for tasks to queue
[2026-08-21T23:07:35.864+0000] {logging_mixin.py:188} INFO - [2026-08-21T23:07:35.863+0000] {dagbag.py:540} INFO - Filling up the DagBag from /home/airflow/.local/lib/python3.8/site-packages/airflow/example_dags/example_branch_python_dop_operator_3.py
[2026-08-21T23:07:35.875+0000] {processor.py:840} INFO - DAG(s) 'example_branch_dop_operator_v3' retrieved from /home/airflow/.local/lib/python3.8/site-packages/airflow/example_dags/example_branch_python_dop_operator_3.py
[2026-08-21T23:07:35.901+0000] {logging_mixin.py:188} INFO - [2026-08-21T23:07:35.901+0000] {dag.py:3047} INFO - Sync 1 DAGs
[2026-08-21T23:07:35.929+0000] {logging_mixin.py:188} INFO - [2026-08-21T23:07:35.929+0000] {dag.py:3834} INFO - Setting next_dagrun for example_branch_dop_operator_v3 to 2026-08-21 23:06:00+00:00, run_after=2026-08-21 23:07:00+00:00
[2026-08-21T23:07:35.954+0000] {processor.py:183} INFO - Processing /home/airflow/.local/lib/python3.8/site-packages/airflow/example_dags/example_branch_python_dop_operator_3.py took 0.099 seconds
[2026-08-21T23:08:06.235+0000] {processor.py:161} INFO - Started process (PID=2477) to work on /home/airflow/.local/lib/python3.8/site-packages/airflow/example_dags/example_branch_python_dop_operator_3.py
[2026-08-21T23:08:06.239+0000] {processor.py:830} INFO - Processing file /home/airflow/.local/lib/python3.8/site-packages/airflow/example_dags/example_branch_python_dop_operator_3.py for tasks to queue
[2026-08-21T23:08:06.247+0000] {logging_mixin.py:188} INFO - [2026-08-21T23:08:06.246+0000] {dagbag.py:540} INFO - Filling up the DagBag from /home/airflow/.local/lib/python3.8/site-packages/airflow/example_dags/example_branch_python_dop_operator_3.py
[2026-08-21T23:08:06.294+0000] {processor.py:840} INFO - DAG(s) 'example_branch_dop_operator_v3' retrieved from /home/airflow/.local/lib/python3.8/site-packages/airflow/example_dags/example_branch_python_dop_operator_3.py
