[2026-08-21T22:46:45.377+0000] {processor.py:161} INFO - Started process (PID=91) to work on /home/airflow/.local/lib/python3.8/site-packages/airflow/example_dags/example_xcomargs.py
[2026-08-21T22:46:45.384+0000] {processor.py:830} INFO - Processing file /home/airflow/.local/lib/python3.8/site-packages/airflow/example_dags/example_xcomargs.py for tasks to queue
[2026-08-21T22:46:45.396+0000] {logging_mixin.py:188} INFO - [2026-08-21T22:46:45.394+0000] {dagbag.py:540} INFO - Filling up the DagBag from /home/airflow/.local/lib/python3.8/site-packages/airflow/example_dags/example_xcomargs.py
[2026-08-21T22:46:45.439+0000] {processor.py:840} INFO - DAG(s) 'example_xcom_args_with_operators', 'example_xcom_args' retrieved from /home/airflow/.local/lib/python3.8/site-packages/airflow/example_dags/example_xcomargs.py
[2026-08-21T22:46:45.714+0000] {logging_mixin.py:188} INFO - [2026-08-21T22:46:45.713+0000] {dag.py:3047} INFO - Sync 2 DAGs
[2026-08-21T22:46:45.728+0000] {logging_mixin.py:188} INFO - [2026-08-21T22:46:45.728+0000] {dag.py:3834} INFO - Setting next_dagrun for example_xcom_args to None, run_after=None
[2026-08-21T22:46:45.733+0000] {logging_mixin.py:188} INFO - [2026-08-21T22:46:45.733+0000] {dag.py:3834} INFO - Setting next_dagrun for example_xcom_args_with_operators to None, run_after=None
[2026-08-21T22:46:45.756+0000] {processor.py:183} INFO - Processing /home/airflow/.local/lib/python3.8/site-packages/airflow/example_dags/example_xcomargs.py took 0.383 seconds
[2026-08-21T22:47:15.916+0000] {processor.py:161} INFO - Started process (PID=148) to work on /home/airflow/.local/lib/python3.8/site-packages/airflow/example_dags/example_xcomargs.py
[2026-08-21T22:47:15.918+0000] {processor.py:830} INFO - Processing file /home/airflow/.local/lib/python3.8/site-packages/airflow/example_dags/example_xcomargs.py for tasks to queue
[2026-08-21T22:47:15.920+0000] {logging_mixin.py:188} INFO - [2026-08-21T22:47:15.920+0000] {dagbag.py:540} INFO - Filling up the DagBag from /home/airflow/.local/lib/python3.8/site-packages/airflow/example_dags/example_xcomargs.py
[2026-08-21T22:47:15.933+0000] {processor.py:840} INFO - DAG(s) 'example_xcom_args_with_operators', 'example_xcom_args' retrieved from /home/airflow/.local/lib/python3.8/site-packages/airflow/example_dags/example_xcomargs.py
[2026-08-21T22:47:15.961+0000] {logging_mixin.py:188} INFO - [2026-08-21T22:47:15.961+0000] {dag.py:3047} INFO - Sync 2 DAGs
[2026-08-21T22:47:15.977+0000] {logging_mixin.py:188} INFO - [2026-08-21T22:47:15.976+0000] {dag.py:3834} INFO - Setting next_dagrun for example_xcom_args to None, run_after=None
[2026-08-21T22:47:15.981+0000] {logging_mixin.py:188} INFO - [2026-08-21T22:47:15.981+0000] {dag.py:3834} INFO - Setting next_dagrun for example_xcom_args_with_operators to None, run_after=None
[2026-08-21T22:47:15.999+0000] {processor.py:183} INFO - Processing /home/airflow/.local/lib/python3.8/site-packages/airflow/example_dags/example_xcomargs.py took 0.087 seconds
[2026-08-21T22:47:46.587+0000] {processor.py:161} INFO - Started process (PID=205) to work on /home/airflow/.local/lib/python3.8/site-packages/airflow/example_dags/example_xcomargs.py
[2026-08-21T22:47:46.589+0000] {processor.py:830} INFO - Processing file /home/airflow/.local/lib/python3.8/site-packages/airflow/example_dags/example_xcomargs.py for tasks to queue
[2026-08-21T22:47:46.594+0000] {logging_mixin.py:188} INFO - [2026-08-21T22:47:46.594+0000] {dagbag.py:540} INFO - Filling up the DagBag from /home/airflow/.local/lib/python3.8/site-packages/airflow/example_dags/example_xcomargs.py
[2026-08-21T22:47:46.610+0000] {processor.py:840} INFO - DAG(s) 'example_xcom_args', 'example_xcom_args_with_operators' retrieved from /home/airflow/.local/lib/python3.8/site-packages/airflow/example_dags/example_xcomargs.py
[2026-08-21T22:47:46.653+0000] {logging_mixin.py:188} INFO - [2026-08-21T22:47:46.653+0000] {dag.py:3047} INFO - Sync 2 DAGs
[2026-08-21T22:47:46.674+0000] {logging_mixin.py:188} INFO - [2026-08-21T22:47:46.674+0000] {dag.py:3834} INFO - Setting next_dagrun for example_xcom_args to None, run_after=None
[2026-08-21T22:47:46.681+0000] {logging_mixin.py:188} INFO - [2026-08-21T22:47:46.681+0000] {dag.py:3834} INFO - Setting next_dagrun for example_xcom_args_with_operators to None, run_after=None
[2026-08-21T22:47:46.714+0000] {processor.py:183} INFO - Processing /home/airflow/.local/lib/python3.8/site-packages/airflow/example_dags/example_xcomargs.py took 0.131 seconds
[2026-08-21T22:48:17.345+0000] {processor.py:161} INFO - Started process (PID=262) to work on /home/airflow/.local/lib/python3.8/site-packages/airflow/example_dags/example_xcomargs.py
[2026-08-21T22:48:17.348+0000] {processor.py:830} INFO - Processing file /home/airflow/.local/lib/python3.8/site-packages/airflow/example_dags/example_xcomargs.py for tasks to queue
[2026-08-21T22:48:17.352+0000] {logging_mixin.py:188} INFO - [2026-08-21T22:48:17.352+0000] {dagbag.py:540} INFO - Filling up the DagBag from /home/airflow/.local/lib/python3.8/site-packages/airflow/example_dags/example_xcomargs.py
[2026-08-21T22:48:17.374+0000] {processor.py:840} INFO - DAG(s) 'example_xcom_args', 'example_xcom_args_with_operators' retrieved from /home/airflow/.local/lib/python3.8/site-packages/airflow/example_dags/example_xcomargs.py
[2026-08-21T22:48:17.416+0000] {logging_mixin.py:188} INFO - [2026-08-21T22:48:17.415+0000] {dag.py:3047} INFO - Sync 2 DAGs
[2026-08-21T22:48:17.442+0000] {logging_mixin.py:188} INFO - [2026-08-21T22:48:17.441+0000] {dag.py:3834} INFO - Setting next_dagrun for example_xcom_args to None, run_after=None
[2026-08-21T22:48:17.449+0000] {logging_mixin.py:188} INFO - [2026-08-21T22:48:17.448+0000] {dag.py:3834} INFO - Setting next_dagrun for example_xcom_args_with_operators to None, run_after=None
[2026-08-21T22:48:17.491+0000] {processor.py:183} INFO - Processing /home/airflow/.local/lib/python3.8/site-packages/airflow/example_dags/example_xcomargs.py took 0.157 seconds
[2026-08-21T22:48:48.240+0000] {processor.py:161} INFO - Started process (PID=319) to work on /home/airflow/.local/lib/python3.8/site-packages/airflow/example_dags/example_xcomargs.py
[2026-08-21T22:48:48.242+0000] {processor.py:830} INFO - Processing file /home/airflow/.local/lib/python3.8/site-packages/airflow/example_dags/example_xcomargs.py for tasks to queue
[2026-08-21T22:48:48.245+0000] {logging_mixin.py:188} INFO - [2026-08-21T22:48:48.244+0000] {dagbag.py:540} INFO - Filling up the DagBag from /home/airflow/.local/lib/python3.8/site-packages/airflow/example_dags/example_xcomargs.py
[2026-08-21T22:48:48.256+0000] {processor.py:840} INFO - DAG(s) 'example_xcom_args', 'example_xcom_args_with_operators' retrieved from /home/airflow/.local/lib/python3.8/site-packages/airflow/example_dags/example_xcomargs.py
[2026-08-21T22:48:48.291+0000] {logging_mixin.py:188} INFO - [2026-08-21T22:48:48.290+0000] {dag.py:3047} INFO - Sync 2 DAGs
[2026-08-21T22:48:48.307+0000] {logging_mixin.py:188} INFO - [2026-08-21T22:48:48.307+0000] {dag.py:3834} INFO - Setting next_dagrun for example_xcom_args to None, run_after=None
[2026-08-21T22:48:48.312+0000] {logging_mixin.py:188} INFO - [2026-08-21T22:48:48.312+0000] {dag.py:3834} INFO - Setting next_dagrun for example_xcom_args_with_operators to None, run_after=None
[2026-08-21T22:48:48.333+0000] {processor.py:183} INFO - Processing /home/airflow/.local/lib/python3.8/site-packages/airflow/example_dags/example_xcomargs.py took 0.100 seconds
[2026-08-21T22:49:18.677+0000] {processor.py:161} INFO - Started process (PID=376) to work on /home/airflow/.local/lib/python3.8/site-packages/airflow/example_dags/example_xcomargs.py
[2026-08-21T22:49:18.679+0000] {processor.py:830} INFO - Processing file /home/airflow/.local/lib/python3.8/site-packages/airflow/example_dags/example_xcomargs.py for tasks to queue
[2026-08-21T22:49:18.682+0000] {logging_mixin.py:188} INFO - [2026-08-21T22:49:18.681+0000] {dagbag.py:540} INFO - Filling up the DagBag from /home/airflow/.local/lib/python3.8/site-packages/airflow/example_dags/example_xcomargs.py
[2026-08-21T22:49:18.694+0000] {processor.py:840} INFO - DAG(s) 'example_xcom_args_with_operators', 'example_xcom_args' retrieved from /home/airflow/.local/lib/python3.8/site-packages/airflow/example_dags/example_xcomargs.py
[2026-08-21T22:49:18.728+0000] {logging_mixin.py:188} INFO - [2026-08-21T22:49:18.728+0000] {dag.py:3047} INFO - Sync 2 DAGs
[2026-08-21T22:49:18.748+0000] {logging_mixin.py:188} INFO - [2026-08-21T22:49:18.748+0000] {dag.py:3834} INFO - Setting next_dagrun for example_xcom_args to None, run_after=None
[2026-08-21T22:49:18.755+0000] {logging_mixin.py:188} INFO - [2026-08-21T22:49:18.755+0000] {dag.py:3834} INFO - Setting next_dagrun for example_xcom_args_with_operators to None, run_after=None
[2026-08-21T22:49:18.780+0000] {processor.py:183} INFO - Processing /home/airflow/.local/lib/python3.8/site-packages/airflow/example_dags/example_xcomargs.py took 0.107 seconds
[2026-08-21T22:49:49.070+0000] {processor.py:161} INFO - Started process (PID=433) to work on /home/airflow/.local/lib/python3.8/site-packages/airflow/example_dags/example_xcomargs.py
[2026-08-21T22:49:49.071+0000] {processor.py:830} INFO - Processing file /home/airflow/.local/lib/python3.8/site-packages/airflow/example_dags/example_xcomargs.py for tasks to queue
[2026-08-21T22:49:49.074+0000] {logging_mixin.py:188} INFO - [2026-08-21T22:49:49.073+0000] {dagbag.py:540} INFO - Filling up the DagBag from /home/airflow/.local/lib/python3.8/site-packages/airflow/example_dags/example_xcomargs.py
[2026-08-21T22:49:49.085+0000] {processor.py:840} INFO - DAG(s) 'example_xcom_args', 'example_xcom_args_with_operators' retrieved from /home/airflow/.local/lib/python3.8/site-packages/airflow/example_dags/example_xcomargs.py
[2026-08-21T22:49:49.142+0000] {logging_mixin.py:188} INFO - [2026-08-21T22:49:49.141+0000] {dag.py:3047} INFO - Sync 2 DAGs
[2026-08-21T22:49:49.165+0000] {logging_mixin.py:188} INFO - [2026-08-21T22:49:49.165+0000] {dag.py:3834} INFO - Setting next_dagrun for example_xcom_args to None, run_after=None
[2026-08-21T22:49:49.172+0000] {logging_mixin.py:188} INFO - [2026-08-21T22:49:49.171+0000] {dag.py:3834} INFO - Setting next_dagrun for example_xcom_args_with_operators to None, run_after=None
[2026-08-21T22:49:49.198+0000] {processor.py:183} INFO - Processing /home/airflow/.local/lib/python3.8/site-packages/airflow/example_dags/example_xcomargs.py took 0.132 seconds
[2026-08-21T22:50:19.251+0000] {processor.py:161} INFO - Started process (PID=488) to work on /home/airflow/.local/lib/python3.8/site-packages/airflow/example_dags/example_xcomargs.py
[2026-08-21T22:50:19.252+0000] {processor.py:830} INFO - Processing file /home/airflow/.local/lib/python3.8/site-packages/airflow/example_dags/example_xcomargs.py for tasks to queue
[2026-08-21T22:50:19.255+0000] {logging_mixin.py:188} INFO - [2026-08-21T22:50:19.254+0000] {dagbag.py:540} INFO - Filling up the DagBag from /home/airflow/.local/lib/python3.8/site-packages/airflow/example_dags/example_xcomargs.py
[2026-08-21T22:50:19.266+0000] {processor.py:840} INFO - DAG(s) 'example_xcom_args_with_operators', 'example_xcom_args' retrieved from /home/airflow/.local/lib/python3.8/site-packages/airflow/example_dags/example_xcomargs.py
[2026-08-21T22:50:19.297+0000] {logging_mixin.py:188} INFO - [2026-08-21T22:50:19.296+0000] {dag.py:3047} INFO - Sync 2 DAGs
[2026-08-21T22:50:19.311+0000] {logging_mixin.py:188} INFO - [2026-08-21T22:50:19.311+0000] {dag.py:3834} INFO - Setting next_dagrun for example_xcom_args to None, run_after=None
[2026-08-21T22:50:19.318+0000] {logging_mixin.py:188} INFO - [2026-08-21T22:50:19.317+0000] {dag.py:3834} INFO - Setting next_dagrun for example_xcom_args_with_operators to None, run_after=None
[2026-08-21T22:50:19.340+0000] {processor.py:183} INFO - Processing /home/airflow/.local/lib/python3.8/site-packages/airflow/example_dags/example_xcomargs.py took 0.096 seconds
[2026-08-21T22:50:49.385+0000] {processor.py:161} INFO - Started process (PID=545) to work on /home/airflow/.local/lib/python3.8/site-packages/airflow/example_dags/example_xcomargs.py
[2026-08-21T22:50:49.386+0000] {processor.py:830} INFO - Processing file /home/airflow/.local/lib/python3.8/site-packages/airflow/example_dags/example_xcomargs.py for tasks to queue
[2026-08-21T22:50:49.389+0000] {logging_mixin.py:188} INFO - [2026-08-21T22:50:49.388+0000] {dagbag.py:540} INFO - Filling up the DagBag from /home/airflow/.local/lib/python3.8/site-packages/airflow/example_dags/example_xcomargs.py
[2026-08-21T22:50:49.398+0000] {processor.py:840} INFO - DAG(s) 'example_xcom_args_with_operators', 'example_xcom_args' retrieved from /home/airflow/.local/lib/python3.8/site-packages/airflow/example_dags/example_xcomargs.py
[2026-08-21T22:50:49.424+0000] {logging_mixin.py:188} INFO - [2026-08-21T22:50:49.424+0000] {dag.py:3047} INFO - Sync 2 DAGs
[2026-08-21T22:50:49.438+0000] {logging_mixin.py:188} INFO - [2026-08-21T22:50:49.438+0000] {dag.py:3834} INFO - Setting next_dagrun for example_xcom_args to None, run_after=None
[2026-08-21T22:50:49.443+0000] {logging_mixin.py:188} INFO - [2026-08-21T22:50:49.443+0000] {dag.py:3834} INFO - Setting next_dagrun for example_xcom_args_with_operators to None, run_after=None
[2026-08-21T22:50:49.462+0000] {processor.py:183} INFO - Processing /home/airflow/.local/lib/python3.8/site-packages/airflow/example_dags/example_xcomargs.py took 0.081 seconds
[2026-08-21T22:51:19.712+0000] {processor.py:161} INFO - Started process (PID=602) to work on /home/airflow/.local/lib/python3.8/site-packages/airflow/example_dags/example_xcomargs.py
[2026-08-21T22:51:19.713+0000] {processor.py:830} INFO - Processing file /home/airflow/.local/lib/python3.8/site-packages/airflow/example_dags/example_xcomargs.py for tasks to queue
[2026-08-21T22:51:19.716+0000] {logging_mixin.py:188} INFO - [2026-08-21T22:51:19.715+0000] {dagbag.py:540} INFO - Filling up the DagBag from /home/airflow/.local/lib/python3.8/site-packages/airflow/example_dags/example_xcomargs.py
[2026-08-21T22:51:19.726+0000] {processor.py:840} INFO - DAG(s) 'example_xcom_args_with_operators', 'example_xcom_args' retrieved from /home/airflow/.local/lib/python3.8/site-packages/airflow/example_dags/example_xcomargs.py
[2026-08-21T22:51:19.760+0000] {logging_mixin.py:188} INFO - [2026-08-21T22:51:19.760+0000] {dag.py:3047} INFO - Sync 2 DAGs
[2026-08-21T22:51:19.778+0000] {logging_mixin.py:188} INFO - [2026-08-21T22:51:19.778+0000] {dag.py:3834} INFO - Setting next_dagrun for example_xcom_args to None, run_after=None
[2026-08-21T22:51:19.783+0000] {logging_mixin.py:188} INFO - [2026-08-21T22:51:19.783+0000] {dag.py:3834} INFO - Setting next_dagrun for example_xcom_args_with_operators to None, run_after=None
[2026-08-21T22:51:19.810+0000] {processor.py:183} INFO - Processing /home/airflow/.local/lib/python3.8/site-packages/airflow/example_dags/example_xcomargs.py took 0.101 seconds
[2026-08-21T22:51:50.138+0000] {processor.py:161} INFO - Started process (PID=659) to work on /home/airflow/.local/lib/python3.8/site-packages/airflow/example_dags/example_xcomargs.py
[2026-08-21T22:51:50.140+0000] {processor.py:830} INFO - Processing file /home/airflow/.local/lib/python3.8/site-packages/airflow/example_dags/example_xcomargs.py for tasks to queue
[2026-08-21T22:51:50.142+0000] {logging_mixin.py:188} INFO - [2026-08-21T22:51:50.142+0000] {dagbag.py:540} INFO - Filling up the DagBag from /home/airflow/.local/lib/python3.8/site-packages/airflow/example_dags/example_xcomargs.py
[2026-08-21T22:51:50.151+0000] {processor.py:840} INFO - DAG(s) 'example_xcom_args_with_operators', 'example_xcom_args' retrieved from /home/airflow/.local/lib/python3.8/site-packages/airflow/example_dags/example_xcomargs.py
[2026-08-21T22:51:50.177+0000] {logging_mixin.py:188} INFO - [2026-08-21T22:51:50.177+0000] {dag.py:3047} INFO - Sync 2 DAGs
[2026-08-21T22:51:50.190+0000] {logging_mixin.py:188} INFO - [2026-08-21T22:51:50.190+0000] {dag.py:3834} INFO - Setting next_dagrun for example_xcom_args to None, run_after=None
[2026-08-21T22:51:50.195+0000] {logging_mixin.py:188} INFO - [2026-08-21T22:51:50.194+0000] {dag.py:3834} INFO - Setting next_dagrun for example_xcom_args_with_operators to None, run_after=None
[2026-08-21T22:51:50.212+0000] {processor.py:183} INFO - Processing /home/airflow/.local/lib/python3.8/site-packages/airflow/example_dags/example_xcomargs.py took 0.078 seconds
[2026-08-21T22:52:20.425+0000] {processor.py:161} INFO - Started process (PID=716) to work on /home/airflow/.local/lib/python3.8/site-packages/airflow/example_dags/example_xcomargs.py
[2026-08-21T22:52:20.427+0000] {processor.py:830} INFO - Processing file /home/airflow/.local/lib/python3.8/site-packages/airflow/example_dags/example_xcomargs.py for tasks to queue
[2026-08-21T22:52:20.429+0000] {logging_mixin.py:188} INFO - [2026-08-21T22:52:20.429+0000] {dagbag.py:540} INFO - Filling up the DagBag from /home/airflow/.local/lib/python3.8/site-packages/airflow/example_dags/example_xcomargs.py
[2026-08-21T22:52:20.439+0000] {processor.py:840} INFO - DAG(s) 'example_xcom_args', 'example_xcom_args_with_operators' retrieved from /home/airflow/.local/lib/python3.8/site-packages/airflow/example_dags/example_xcomargs.py
[2026-08-21T22:52:20.473+0000] {logging_mixin.py:188} INFO - [2026-08-21T22:52:20.473+0000] {dag.py:3047} INFO - Sync 2 DAGs
[2026-08-21T22:52:20.489+0000] {logging_mixin.py:188} INFO - [2026-08-21T22:52:20.489+0000] {dag.py:3834} INFO - Setting next_dagrun for example_xcom_args to None, run_after=None
[2026-08-21T22:52:20.494+0000] {logging_mixin.py:188} INFO - [2026-08-21T22:52:20.493+0000] {dag.py:3834} INFO - Setting next_dagrun for example_xcom_args_with_operators to None, run_after=None
[2026-08-21T22:52:20.516+0000] {processor.py:183} INFO - Processing /home/airflow/.local/lib/python3.8/site-packages/airflow/example_dags/example_xcomargs.py took 0.095 seconds
[2026-08-21T22:52:50.687+0000] {processor.py:161} INFO - Started process (PID=773) to work on /home/airflow/.local/lib/python3.8/site-packages/airflow/example_dags/example_xcomargs.py
[2026-08-21T22:52:50.688+0000] {processor.py:830} INFO - Processing file /home/airflow/.local/lib/python3.8/site-packages/airflow/example_dags/example_xcomargs.py for tasks to queue
[2026-08-21T22:52:50.691+0000] {logging_mixin.py:188} INFO - [2026-08-21T22:52:50.691+0000] {dagbag.py:540} INFO - Filling up the DagBag from /home/airflow/.local/lib/python3.8/site-packages/airflow/example_dags/example_xcomargs.py
[2026-08-21T22:52:50.700+0000] {processor.py:840} INFO - DAG(s) 'example_xcom_args', 'example_xcom_args_with_operators' retrieved from /home/airflow/.local/lib/python3.8/site-packages/airflow/example_dags/example_xcomargs.py
[2026-08-21T22:52:50.727+0000] {logging_mixin.py:188} INFO - [2026-08-21T22:52:50.727+0000] {dag.py:3047} INFO - Sync 2 DAGs
[2026-08-21T22:52:50.745+0000] {logging_mixin.py:188} INFO - [2026-08-21T22:52:50.744+0000] {dag.py:3834} INFO - Setting next_dagrun for example_xcom_args to None, run_after=None
[2026-08-21T22:52:50.752+0000] {logging_mixin.py:188} INFO - [2026-08-21T22:52:50.751+0000] {dag.py:3834} INFO - Setting next_dagrun for example_xcom_args_with_operators to None, run_after=None
[2026-08-21T22:52:50.770+0000] {processor.py:183} INFO - Processing /home/airflow/.local/lib/python3.8/site-packages/airflow/example_dags/example_xcomargs.py took 0.088 seconds
[2026-08-21T22:53:21.595+0000] {processor.py:161} INFO - Started process (PID=830) to work on /home/airflow/.local/lib/python3.8/site-packages/airflow/example_dags/example_xcomargs.py
[2026-08-21T22:53:21.597+0000] {processor.py:830} INFO - Processing file /home/airflow/.local/lib/python3.8/site-packages/airflow/example_dags/example_xcomargs.py for tasks to queue
[2026-08-21T22:53:21.599+0000] {logging_mixin.py:188} INFO - [2026-08-21T22:53:21.599+0000] {dagbag.py:540} INFO - Filling up the DagBag from /home/airflow/.local/lib/python3.8/site-packages/airflow/example_dags/example_xcomargs.py
[2026-08-21T22:53:21.611+0000] {processor.py:840} INFO - DAG(s) 'example_xcom_args', 'example_xcom_args_with_operators' retrieved from /home/airflow/.local/lib/python3.8/site-packages/airflow/example_dags/example_xcomargs.py
[2026-08-21T22:53:21.642+0000] {logging_mixin.py:188} INFO - [2026-08-21T22:53:21.641+0000] {dag.py:3047} INFO - Sync 2 DAGs
[2026-08-21T22:53:21.659+0000] {logging_mixin.py:188} INFO - [2026-08-21T22:53:21.659+0000] {dag.py:3834} INFO - Setting next_dagrun for example_xcom_args to None, run_after=None
[2026-08-21T22:53:21.664+0000] {logging_mixin.py:188} INFO - [2026-08-21T22:53:21.664+0000] {dag.py:3834} INFO - Setting next_dagrun for example_xcom_args_with_operators to None, run_after=None
[2026-08-21T22:53:21.681+0000] {processor.py:183} INFO - Processing /home/airflow/.local/lib/python3.8/site-packages/airflow/example_dags/example_xcomargs.py took 0.089 seconds
[2026-08-21T22:53:52.001+0000] {processor.py:161} INFO - Started process (PID=887) to work on /home/airflow/.local/lib/python3.8/site-packages/airflow/example_dags/example_xcomargs.py
[2026-08-21T22:53:52.003+0000] {processor.py:830} INFO - Processing file /home/airflow/.local/lib/python3.8/site-packages/airflow/example_dags/example_xcomargs.py for tasks to queue
[2026-08-21T22:53:52.005+0000] {logging_mixin.py:188} INFO - [2026-08-21T22:53:52.005+0000] {dagbag.py:540} INFO - Filling up the DagBag from /home/airflow/.local/lib/python3.8/site-packages/airflow/example_dags/example_xcomargs.py
[2026-08-21T22:53:52.015+0000] {processor.py:840} INFO - DAG(s) 'example_xcom_args_with_operators', 'example_xcom_args' retrieved from /home/airflow/.local/lib/python3.8/site-packages/airflow/example_dags/example_xcomargs.py
[2026-08-21T22:53:52.041+0000] {logging_mixin.py:188} INFO - [2026-08-21T22:53:52.041+0000] {dag.py:3047} INFO - Sync 2 DAGs
[2026-08-21T22:53:52.062+0000] {logging_mixin.py:188} INFO - [2026-08-21T22:53:52.062+0000] {dag.py:3834} INFO - Setting next_dagrun for example_xcom_args to None, run_after=None
[2026-08-21T22:53:52.066+0000] {logging_mixin.py:188} INFO - [2026-08-21T22:53:52.066+0000] {dag.py:3834} INFO - Setting next_dagrun for example_xcom_args_with_operators to None, run_after=None
[2026-08-21T22:53:52.084+0000] {processor.py:183} INFO - Processing /home/airflow/.local/lib/python3.8/site-packages/airflow/example_dags/example_xcomargs.py took 0.086 seconds
[2026-08-21T22:54:22.331+0000] {processor.py:161} INFO - Started process (PID=944) to work on /home/airflow/.local/lib/python3.8/site-packages/airflow/example_dags/example_xcomargs.py
[2026-08-21T22:54:22.334+0000] {processor.py:830} INFO - Processing file /home/airflow/.local/lib/python3.8/site-packages/airflow/example_dags/example_xcomargs.py for tasks to queue
[2026-08-21T22:54:22.336+0000] {logging_mixin.py:188} INFO - [2026-08-21T22:54:22.336+0000] {dagbag.py:540} INFO - Filling up the DagBag from /home/airflow/.local/lib/python3.8/site-packages/airflow/example_dags/example_xcomargs.py
[2026-08-21T22:54:22.346+0000] {processor.py:840} INFO - DAG(s) 'example_xcom_args_with_operators', 'example_xcom_args' retrieved from /home/airflow/.local/lib/python3.8/site-packages/airflow/example_dags/example_xcomargs.py
[2026-08-21T22:54:22.372+0000] {logging_mixin.py:188} INFO - [2026-08-21T22:54:22.372+0000] {dag.py:3047} INFO - Sync 2 DAGs
[2026-08-21T22:54:22.385+0000] {logging_mixin.py:188} INFO - [2026-08-21T22:54:22.385+0000] {dag.py:3834} INFO - Setting next_dagrun for example_xcom_args to None, run_after=None
[2026-08-21T22:54:22.390+0000] {logging_mixin.py:188} INFO - [2026-08-21T22:54:22.389+0000] {dag.py:3834} INFO - Setting next_dagrun for example_xcom_args_with_operators to None, run_after=None
[2026-08-21T22:54:22.410+0000] {processor.py:183} INFO - Processing /home/airflow/.local/lib/python3.8/site-packages/airflow/example_dags/example_xcomargs.py took 0.083 seconds
[2026-08-21T22:54:52.917+0000] {processor.py:161} INFO - Started process (PID=1001) to work on /home/airflow/.local/lib/python3.8/site-packages/airflow/example_dags/example_xcomargs.py
[2026-08-21T22:54:52.919+0000] {processor.py:830} INFO - Processing file /home/airflow/.local/lib/python3.8/site-packages/airflow/example_dags/example_xcomargs.py for tasks to queue
[2026-08-21T22:54:52.922+0000] {logging_mixin.py:188} INFO - [2026-08-21T22:54:52.921+0000] {dagbag.py:540} INFO - Filling up the DagBag from /home/airflow/.local/lib/python3.8/site-packages/airflow/example_dags/example_xcomargs.py
[2026-08-21T22:54:52.932+0000] {processor.py:840} INFO - DAG(s) 'example_xcom_args', 'example_xcom_args_with_operators' retrieved from /home/airflow/.local/lib/python3.8/site-packages/airflow/example_dags/example_xcomargs.py
[2026-08-21T22:54:52.961+0000] {logging_mixin.py:188} INFO - [2026-08-21T22:54:52.961+0000] {dag.py:3047} INFO - Sync 2 DAGs
[2026-08-21T22:54:52.977+0000] {logging_mixin.py:188} INFO - [2026-08-21T22:54:52.977+0000] {dag.py:3834} INFO - Setting next_dagrun for example_xcom_args to None, run_after=None
[2026-08-21T22:54:52.982+0000] {logging_mixin.py:188} INFO - [2026-08-21T22:54:52.982+0000] {dag.py:3834} INFO - Setting next_dagrun for example_xcom_args_with_operators to None, run_after=None
[2026-08-21T22:54:53.001+0000] {processor.py:183} INFO - Processing /home/airflow/.local/lib/python3.8/site-packages/airflow/example_dags/example_xcomargs.py took 0.087 seconds
[2026-08-21T22:55:23.490+0000] {processor.py:161} INFO - Started process (PID=1058) to work on /home/airflow/.local/lib/python3.8/site-packages/airflow/example_dags/example_xcomargs.py
[2026-08-21T22:55:23.492+0000] {processor.py:830} INFO - Processing file /home/airflow/.local/lib/python3.8/site-packages/airflow/example_dags/example_xcomargs.py for tasks to queue
[2026-08-21T22:55:23.494+0000] {logging_mixin.py:188} INFO - [2026-08-21T22:55:23.494+0000] {dagbag.py:540} INFO - Filling up the DagBag from /home/airflow/.local/lib/python3.8/site-packages/airflow/example_dags/example_xcomargs.py
[2026-08-21T22:55:23.505+0000] {processor.py:840} INFO - DAG(s) 'example_xcom_args', 'example_xcom_args_with_operators' retrieved from /home/airflow/.local/lib/python3.8/site-packages/airflow/example_dags/example_xcomargs.py
[2026-08-21T22:55:23.540+0000] {logging_mixin.py:188} INFO - [2026-08-21T22:55:23.540+0000] {dag.py:3047} INFO - Sync 2 DAGs
[2026-08-21T22:55:23.556+0000] {logging_mixin.py:188} INFO - [2026-08-21T22:55:23.556+0000] {dag.py:3834} INFO - Setting next_dagrun for example_xcom_args to None, run_after=None
[2026-08-21T22:55:23.561+0000] {logging_mixin.py:188} INFO - [2026-08-21T22:55:23.561+0000] {dag.py:3834} INFO - Setting next_dagrun for example_xcom_args_with_operators to None, run_after=None
[2026-08-21T22:55:23.583+0000] {processor.py:183} INFO - Processing /home/airflow/.local/lib/python3.8/site-packages/airflow/example_dags/example_xcomargs.py took 0.098 seconds
[2026-08-21T22:55:53.780+0000] {processor.py:161} INFO - Started process (PID=1115) to work on /home/airflow/.local/lib/python3.8/site-packages/airflow/example_dags/example_xcomargs.py
[2026-08-21T22:55:53.782+0000] {processor.py:830} INFO - Processing file /home/airflow/.local/lib/python3.8/site-packages/airflow/example_dags/example_xcomargs.py for tasks to queue
[2026-08-21T22:55:53.785+0000] {logging_mixin.py:188} INFO - [2026-08-21T22:55:53.785+0000] {dagbag.py:540} INFO - Filling up the DagBag from /home/airflow/.local/lib/python3.8/site-packages/airflow/example_dags/example_xcomargs.py
[2026-08-21T22:55:53.802+0000] {processor.py:840} INFO - DAG(s) 'example_xcom_args_with_operators', 'example_xcom_args' retrieved from /home/airflow/.local/lib/python3.8/site-packages/airflow/example_dags/example_xcomargs.py
[2026-08-21T22:55:53.832+0000] {logging_mixin.py:188} INFO - [2026-08-21T22:55:53.831+0000] {dag.py:3047} INFO - Sync 2 DAGs
[2026-08-21T22:55:53.848+0000] {logging_mixin.py:188} INFO - [2026-08-21T22:55:53.848+0000] {dag.py:3834} INFO - Setting next_dagrun for example_xcom_args to None, run_after=None
[2026-08-21T22:55:53.853+0000] {logging_mixin.py:188} INFO - [2026-08-21T22:55:53.853+0000] {dag.py:3834} INFO - Setting next_dagrun for example_xcom_args_with_operators to None, run_after=None
[2026-08-21T22:55:53.877+0000] {processor.py:183} INFO - Processing /home/airflow/.local/lib/python3.8/site-packages/airflow/example_dags/example_xcomargs.py took 0.105 seconds
[2026-08-21T22:56:24.741+0000] {processor.py:161} INFO - Started process (PID=1172) to work on /home/airflow/.local/lib/python3.8/site-packages/airflow/example_dags/example_xcomargs.py
[2026-08-21T22:56:24.743+0000] {processor.py:830} INFO - Processing file /home/airflow/.local/lib/python3.8/site-packages/airflow/example_dags/example_xcomargs.py for tasks to queue
[2026-08-21T22:56:24.746+0000] {logging_mixin.py:188} INFO - [2026-08-21T22:56:24.745+0000] {dagbag.py:540} INFO - Filling up the DagBag from /home/airflow/.local/lib/python3.8/site-packages/airflow/example_dags/example_xcomargs.py
[2026-08-21T22:56:24.757+0000] {processor.py:840} INFO - DAG(s) 'example_xcom_args', 'example_xcom_args_with_operators' retrieved from /home/airflow/.local/lib/python3.8/site-packages/airflow/example_dags/example_xcomargs.py
[2026-08-21T22:56:24.786+0000] {logging_mixin.py:188} INFO - [2026-08-21T22:56:24.786+0000] {dag.py:3047} INFO - Sync 2 DAGs
[2026-08-21T22:56:24.800+0000] {logging_mixin.py:188} INFO - [2026-08-21T22:56:24.800+0000] {dag.py:3834} INFO - Setting next_dagrun for example_xcom_args to None, run_after=None
[2026-08-21T22:56:24.805+0000] {logging_mixin.py:188} INFO - [2026-08-21T22:56:24.805+0000] {dag.py:3834} INFO - Setting next_dagrun for example_xcom_args_with_operators to None, run_after=None
[2026-08-21T22:56:24.826+0000] {processor.py:183} INFO - Processing /home/airflow/.local/lib/python3.8/site-packages/airflow/example_dags/example_xcomargs.py took 0.089 seconds
[2026-08-21T22:56:55.214+0000] {processor.py:161} INFO - Started process (PID=1229) to work on /home/airflow/.local/lib/python3.8/site-packages/airflow/example_dags/example_xcomargs.py
[2026-08-21T22:56:55.216+0000] {processor.py:830} INFO - Processing file /home/airflow/.local/lib/python3.8/site-packages/airflow/example_dags/example_xcomargs.py for tasks to queue
[2026-08-21T22:56:55.219+0000] {logging_mixin.py:188} INFO - [2026-08-21T22:56:55.218+0000] {dagbag.py:540} INFO - Filling up the DagBag from /home/airflow/.local/lib/python3.8/site-packages/airflow/example_dags/example_xcomargs.py
[2026-08-21T22:56:55.228+0000] {processor.py:840} INFO - DAG(s) 'example_xcom_args_with_operators', 'example_xcom_args' retrieved from /home/airflow/.local/lib/python3.8/site-packages/airflow/example_dags/example_xcomargs.py
[2026-08-21T22:56:55.258+0000] {logging_mixin.py:188} INFO - [2026-08-21T22:56:55.258+0000] {dag.py:3047} INFO - Sync 2 DAGs
[2026-08-21T22:56:55.274+0000] {logging_mixin.py:188} INFO - [2026-08-21T22:56:55.274+0000] {dag.py:3834} INFO - Setting next_dagrun for example_xcom_args to None, run_after=None
[2026-08-21T22:56:55.280+0000] {logging_mixin.py:188} INFO - [2026-08-21T22:56:55.279+0000] {dag.py:3834} INFO - Setting next_dagrun for example_xcom_args_with_operators to None, run_after=None
[2026-08-21T22:56:55.302+0000] {processor.py:183} INFO - Processing /home/airflow/.local/lib/python3.8/site-packages/airflow/example_dags/example_xcomargs.py took 0.091 seconds
[2026-08-21T22:57:25.982+0000] {processor.py:161} INFO - Started process (PID=1286) to work on /home/airflow/.local/lib/python3.8/site-packages/airflow/example_dags/example_xcomargs.py
[2026-08-21T22:57:25.984+0000] {processor.py:830} INFO - Processing file /home/airflow/.local/lib/python3.8/site-packages/airflow/example_dags/example_xcomargs.py for tasks to queue
[2026-08-21T22:57:25.988+0000] {logging_mixin.py:188} INFO - [2026-08-21T22:57:25.987+0000] {dagbag.py:540} INFO - Filling up the DagBag from /home/airflow/.local/lib/python3.8/site-packages/airflow/example_dags/example_xcomargs.py
[2026-08-21T22:57:26.003+0000] {processor.py:840} INFO - DAG(s) 'example_xcom_args', 'example_xcom_args_with_operators' retrieved from /home/airflow/.local/lib/python3.8/site-packages/airflow/example_dags/example_xcomargs.py
[2026-08-21T22:57:26.028+0000] {logging_mixin.py:188} INFO - [2026-08-21T22:57:26.028+0000] {dag.py:3047} INFO - Sync 2 DAGs
[2026-08-21T22:57:26.042+0000] {logging_mixin.py:188} INFO - [2026-08-21T22:57:26.042+0000] {dag.py:3834} INFO - Setting next_dagrun for example_xcom_args to None, run_after=None
[2026-08-21T22:57:26.047+0000] {logging_mixin.py:188} INFO - [2026-08-21T22:57:26.047+0000] {dag.py:3834} INFO - Setting next_dagrun for example_xcom_args_with_operators to None, run_after=None
[2026-08-21T22:57:26.066+0000] {processor.py:183} INFO - Processing /home/airflow/.local/lib/python3.8/site-packages/airflow/example_dags/example_xcomargs.py took 0.088 seconds
[2026-08-21T22:57:56.349+0000] {processor.py:161} INFO - Started process (PID=1343) to work on /home/airflow/.local/lib/python3.8/site-packages/airflow/example_dags/example_xcomargs.py
[2026-08-21T22:57:56.351+0000] {processor.py:830} INFO - Processing file /home/airflow/.local/lib/python3.8/site-packages/airflow/example_dags/example_xcomargs.py for tasks to queue
[2026-08-21T22:57:56.354+0000] {logging_mixin.py:188} INFO - [2026-08-21T22:57:56.354+0000] {dagbag.py:540} INFO - Filling up the DagBag from /home/airflow/.local/lib/python3.8/site-packages/airflow/example_dags/example_xcomargs.py
[2026-08-21T22:57:56.369+0000] {processor.py:840} INFO - DAG(s) 'example_xcom_args', 'example_xcom_args_with_operators' retrieved from /home/airflow/.local/lib/python3.8/site-packages/airflow/example_dags/example_xcomargs.py
[2026-08-21T22:57:56.398+0000] {logging_mixin.py:188} INFO - [2026-08-21T22:57:56.398+0000] {dag.py:3047} INFO - Sync 2 DAGs
[2026-08-21T22:57:56.415+0000] {logging_mixin.py:188} INFO - [2026-08-21T22:57:56.415+0000] {dag.py:3834} INFO - Setting next_dagrun for example_xcom_args to None, run_after=None
[2026-08-21T22:57:56.420+0000] {logging_mixin.py:188} INFO - [2026-08-21T22:57:56.420+0000] {dag.py:3834} INFO - Setting next_dagrun for example_xcom_args_with_operators to None, run_after=None
[2026-08-21T22:57:56.439+0000] {processor.py:183} INFO - Processing /home/airflow/.local/lib/python3.8/site-packages/airflow/example_dags/example_xcomargs.py took 0.095 seconds
[2026-08-21T22:58:26.983+0000] {processor.py:161} INFO - Started process (PID=1400) to work on /home/airflow/.local/lib/python3.8/site-packages/airflow/example_dags/example_xcomargs.py
[2026-08-21T22:58:26.984+0000] {processor.py:830} INFO - Processing file /home/airflow/.local/lib/python3.8/site-packages/airflow/example_dags/example_xcomargs.py for tasks to queue
[2026-08-21T22:58:26.986+0000] {logging_mixin.py:188} INFO - [2026-08-21T22:58:26.986+0000] {dagbag.py:540} INFO - Filling up the DagBag from /home/airflow/.local/lib/python3.8/site-packages/airflow/example_dags/example_xcomargs.py
[2026-08-21T22:58:26.996+0000] {processor.py:840} INFO - DAG(s) 'example_xcom_args_with_operators', 'example_xcom_args' retrieved from /home/airflow/.local/lib/python3.8/site-packages/airflow/example_dags/example_xcomargs.py
[2026-08-21T22:58:27.022+0000] {logging_mixin.py:188} INFO - [2026-08-21T22:58:27.022+0000] {dag.py:3047} INFO - Sync 2 DAGs
[2026-08-21T22:58:27.036+0000] {logging_mixin.py:188} INFO - [2026-08-21T22:58:27.036+0000] {dag.py:3834} INFO - Setting next_dagrun for example_xcom_args to None, run_after=None
[2026-08-21T22:58:27.042+0000] {logging_mixin.py:188} INFO - [2026-08-21T22:58:27.041+0000] {dag.py:3834} INFO - Setting next_dagrun for example_xcom_args_with_operators to None, run_after=None
[2026-08-21T22:58:27.061+0000] {processor.py:183} INFO - Processing /home/airflow/.local/lib/python3.8/site-packages/airflow/example_dags/example_xcomargs.py took 0.082 seconds
[2026-08-21T22:58:57.294+0000] {processor.py:161} INFO - Started process (PID=1457) to work on /home/airflow/.local/lib/python3.8/site-packages/airflow/example_dags/example_xcomargs.py
[2026-08-21T22:58:57.296+0000] {processor.py:830} INFO - Processing file /home/airflow/.local/lib/python3.8/site-packages/airflow/example_dags/example_xcomargs.py for tasks to queue
[2026-08-21T22:58:57.298+0000] {logging_mixin.py:188} INFO - [2026-08-21T22:58:57.298+0000] {dagbag.py:540} INFO - Filling up the DagBag from /home/airflow/.local/lib/python3.8/site-packages/airflow/example_dags/example_xcomargs.py
[2026-08-21T22:58:57.307+0000] {processor.py:840} INFO - DAG(s) 'example_xcom_args', 'example_xcom_args_with_operators' retrieved from /home/airflow/.local/lib/python3.8/site-packages/airflow/example_dags/example_xcomargs.py
[2026-08-21T22:58:57.333+0000] {logging_mixin.py:188} INFO - [2026-08-21T22:58:57.333+0000] {dag.py:3047} INFO - Sync 2 DAGs
[2026-08-21T22:58:57.348+0000] {logging_mixin.py:188} INFO - [2026-08-21T22:58:57.347+0000] {dag.py:3834} INFO - Setting next_dagrun for example_xcom_args to None, run_after=None
[2026-08-21T22:58:57.353+0000] {logging_mixin.py:188} INFO - [2026-08-21T22:58:57.352+0000] {dag.py:3834} INFO - Setting next_dagrun for example_xcom_args_with_operators to None, run_after=None
[2026-08-21T22:58:57.373+0000] {processor.py:183} INFO - Processing /home/airflow/.local/lib/python3.8/site-packages/airflow/example_dags/example_xcomargs.py took 0.082 seconds
[2026-08-21T22:59:27.766+0000] {processor.py:161} INFO - Started process (PID=1514) to work on /home/airflow/.local/lib/python3.8/site-packages/airflow/example_dags/example_xcomargs.py
[2026-08-21T22:59:27.768+0000] {processor.py:830} INFO - Processing file /home/airflow/.local/lib/python3.8/site-packages/airflow/example_dags/example_xcomargs.py for tasks to queue
[2026-08-21T22:59:27.772+0000] {logging_mixin.py:188} INFO - [2026-08-21T22:59:27.771+0000] {dagbag.py:540} INFO - Filling up the DagBag from /home/airflow/.local/lib/python3.8/site-packages/airflow/example_dags/example_xcomargs.py
[2026-08-21T22:59:27.784+0000] {processor.py:840} INFO - DAG(s) 'example_xcom_args', 'example_xcom_args_with_operators' retrieved from /home/airflow/.local/lib/python3.8/site-packages/airflow/example_dags/example_xcomargs.py
[2026-08-21T22:59:27.822+0000] {logging_mixin.py:188} INFO - [2026-08-21T22:59:27.821+0000] {dag.py:3047} INFO - Sync 2 DAGs
[2026-08-21T22:59:27.841+0000] {logging_mixin.py:188} INFO - [2026-08-21T22:59:27.841+0000] {dag.py:3834} INFO - Setting next_dagrun for example_xcom_args to None, run_after=None
[2026-08-21T22:59:27.846+0000] {logging_mixin.py:188} INFO - [2026-08-21T22:59:27.846+0000] {dag.py:3834} INFO - Setting next_dagrun for example_xcom_args_with_operators to None, run_after=None
[2026-08-21T22:59:27.867+0000] {processor.py:183} INFO - Processing /home/airflow/.local/lib/python3.8/site-packages/airflow/example_dags/example_xcomargs.py took 0.107 seconds
[2026-08-21T22:59:58.273+0000] {processor.py:161} INFO - Started process (PID=1571) to work on /home/airflow/.local/lib/python3.8/site-packages/airflow/example_dags/example_xcomargs.py
[2026-08-21T22:59:58.275+0000] {processor.py:830} INFO - Processing file /home/airflow/.local/lib/python3.8/site-packages/airflow/example_dags/example_xcomargs.py for tasks to queue
[2026-08-21T22:59:58.278+0000] {logging_mixin.py:188} INFO - [2026-08-21T22:59:58.278+0000] {dagbag.py:540} INFO - Filling up the DagBag from /home/airflow/.local/lib/python3.8/site-packages/airflow/example_dags/example_xcomargs.py
[2026-08-21T22:59:58.289+0000] {processor.py:840} INFO - DAG(s) 'example_xcom_args_with_operators', 'example_xcom_args' retrieved from /home/airflow/.local/lib/python3.8/site-packages/airflow/example_dags/example_xcomargs.py
[2026-08-21T22:59:58.319+0000] {logging_mixin.py:188} INFO - [2026-08-21T22:59:58.319+0000] {dag.py:3047} INFO - Sync 2 DAGs
[2026-08-21T22:59:58.334+0000] {logging_mixin.py:188} INFO - [2026-08-21T22:59:58.334+0000] {dag.py:3834} INFO - Setting next_dagrun for example_xcom_args to None, run_after=None
[2026-08-21T22:59:58.339+0000] {logging_mixin.py:188} INFO - [2026-08-21T22:59:58.338+0000] {dag.py:3834} INFO - Setting next_dagrun for example_xcom_args_with_operators to None, run_after=None
[2026-08-21T22:59:58.360+0000] {processor.py:183} INFO - Processing /home/airflow/.local/lib/python3.8/site-packages/airflow/example_dags/example_xcomargs.py took 0.091 seconds
[2026-08-21T23:00:28.598+0000] {processor.py:161} INFO - Started process (PID=1628) to work on /home/airflow/.local/lib/python3.8/site-packages/airflow/example_dags/example_xcomargs.py
[2026-08-21T23:00:28.600+0000] {processor.py:830} INFO - Processing file /home/airflow/.local/lib/python3.8/site-packages/airflow/example_dags/example_xcomargs.py for tasks to queue
[2026-08-21T23:00:28.605+0000] {logging_mixin.py:188} INFO - [2026-08-21T23:00:28.604+0000] {dagbag.py:540} INFO - Filling up the DagBag from /home/airflow/.local/lib/python3.8/site-packages/airflow/example_dags/example_xcomargs.py
[2026-08-21T23:00:28.618+0000] {processor.py:840} INFO - DAG(s) 'example_xcom_args_with_operators', 'example_xcom_args' retrieved from /home/airflow/.local/lib/python3.8/site-packages/airflow/example_dags/example_xcomargs.py
[2026-08-21T23:00:28.655+0000] {logging_mixin.py:188} INFO - [2026-08-21T23:00:28.654+0000] {dag.py:3047} INFO - Sync 2 DAGs
[2026-08-21T23:00:28.673+0000] {logging_mixin.py:188} INFO - [2026-08-21T23:00:28.673+0000] {dag.py:3834} INFO - Setting next_dagrun for example_xcom_args to None, run_after=None
[2026-08-21T23:00:28.678+0000] {logging_mixin.py:188} INFO - [2026-08-21T23:00:28.677+0000] {dag.py:3834} INFO - Setting next_dagrun for example_xcom_args_with_operators to None, run_after=None
[2026-08-21T23:00:28.699+0000] {processor.py:183} INFO - Processing /home/airflow/.local/lib/python3.8/site-packages/airflow/example_dags/example_xcomargs.py took 0.107 seconds
[2026-08-21T23:00:59.441+0000] {processor.py:161} INFO - Started process (PID=1685) to work on /home/airflow/.local/lib/python3.8/site-packages/airflow/example_dags/example_xcomargs.py
[2026-08-21T23:00:59.442+0000] {processor.py:830} INFO - Processing file /home/airflow/.local/lib/python3.8/site-packages/airflow/example_dags/example_xcomargs.py for tasks to queue
[2026-08-21T23:00:59.446+0000] {logging_mixin.py:188} INFO - [2026-08-21T23:00:59.445+0000] {dagbag.py:540} INFO - Filling up the DagBag from /home/airflow/.local/lib/python3.8/site-packages/airflow/example_dags/example_xcomargs.py
[2026-08-21T23:00:59.455+0000] {processor.py:840} INFO - DAG(s) 'example_xcom_args', 'example_xcom_args_with_operators' retrieved from /home/airflow/.local/lib/python3.8/site-packages/airflow/example_dags/example_xcomargs.py
[2026-08-21T23:00:59.488+0000] {logging_mixin.py:188} INFO - [2026-08-21T23:00:59.488+0000] {dag.py:3047} INFO - Sync 2 DAGs
[2026-08-21T23:00:59.502+0000] {logging_mixin.py:188} INFO - [2026-08-21T23:00:59.502+0000] {dag.py:3834} INFO - Setting next_dagrun for example_xcom_args to None, run_after=None
[2026-08-21T23:00:59.507+0000] {logging_mixin.py:188} INFO - [2026-08-21T23:00:59.506+0000] {dag.py:3834} INFO - Setting next_dagrun for example_xcom_args_with_operators to None, run_after=None
[2026-08-21T23:00:59.525+0000] {processor.py:183} INFO - Processing /home/airflow/.local/lib/python3.8/site-packages/airflow/example_dags/example_xcomargs.py took 0.089 seconds
[2026-08-21T23:01:30.553+0000] {processor.py:161} INFO - Started process (PID=1742) to work on /home/airflow/.local/lib/python3.8/site-packages/airflow/example_dags/example_xcomargs.py
[2026-08-21T23:01:30.555+0000] {processor.py:830} INFO - Processing file /home/airflow/.local/lib/python3.8/site-packages/airflow/example_dags/example_xcomargs.py for tasks to queue
[2026-08-21T23:01:30.558+0000] {logging_mixin.py:188} INFO - [2026-08-21T23:01:30.558+0000] {dagbag.py:540} INFO - Filling up the DagBag from /home/airflow/.local/lib/python3.8/site-packages/airflow/example_dags/example_xcomargs.py
[2026-08-21T23:01:30.572+0000] {processor.py:840} INFO - DAG(s) 'example_xcom_args_with_operators', 'example_xcom_args' retrieved from /home/airflow/.local/lib/python3.8/site-packages/airflow/example_dags/example_xcomargs.py
[2026-08-21T23:01:30.610+0000] {logging_mixin.py:188} INFO - [2026-08-21T23:01:30.609+0000] {dag.py:3047} INFO - Sync 2 DAGs
[2026-08-21T23:01:30.628+0000] {logging_mixin.py:188} INFO - [2026-08-21T23:01:30.627+0000] {dag.py:3834} INFO - Setting next_dagrun for example_xcom_args to None, run_after=None
[2026-08-21T23:01:30.634+0000] {logging_mixin.py:188} INFO - [2026-08-21T23:01:30.634+0000] {dag.py:3834} INFO - Setting next_dagrun for example_xcom_args_with_operators to None, run_after=None
[2026-08-21T23:01:30.661+0000] {processor.py:183} INFO - Processing /home/airflow/.local/lib/python3.8/site-packages/airflow/example_dags/example_xcomargs.py took 0.114 seconds
[2026-08-21T23:02:00.960+0000] {processor.py:161} INFO - Started process (PID=1799) to work on /home/airflow/.local/lib/python3.8/site-packages/airflow/example_dags/example_xcomargs.py
[2026-08-21T23:02:00.962+0000] {processor.py:830} INFO - Processing file /home/airflow/.local/lib/python3.8/site-packages/airflow/example_dags/example_xcomargs.py for tasks to queue
[2026-08-21T23:02:00.966+0000] {logging_mixin.py:188} INFO - [2026-08-21T23:02:00.966+0000] {dagbag.py:540} INFO - Filling up the DagBag from /home/airflow/.local/lib/python3.8/site-packages/airflow/example_dags/example_xcomargs.py
[2026-08-21T23:02:00.977+0000] {processor.py:840} INFO - DAG(s) 'example_xcom_args_with_operators', 'example_xcom_args' retrieved from /home/airflow/.local/lib/python3.8/site-packages/airflow/example_dags/example_xcomargs.py
[2026-08-21T23:02:01.011+0000] {logging_mixin.py:188} INFO - [2026-08-21T23:02:01.011+0000] {dag.py:3047} INFO - Sync 2 DAGs
[2026-08-21T23:02:01.029+0000] {logging_mixin.py:188} INFO - [2026-08-21T23:02:01.029+0000] {dag.py:3834} INFO - Setting next_dagrun for example_xcom_args to None, run_after=None
[2026-08-21T23:02:01.034+0000] {logging_mixin.py:188} INFO - [2026-08-21T23:02:01.034+0000] {dag.py:3834} INFO - Setting next_dagrun for example_xcom_args_with_operators to None, run_after=None
[2026-08-21T23:02:01.063+0000] {processor.py:183} INFO - Processing /home/airflow/.local/lib/python3.8/site-packages/airflow/example_dags/example_xcomargs.py took 0.110 seconds
[2026-08-21T23:02:31.201+0000] {processor.py:161} INFO - Started process (PID=1856) to work on /home/airflow/.local/lib/python3.8/site-packages/airflow/example_dags/example_xcomargs.py
[2026-08-21T23:02:31.204+0000] {processor.py:830} INFO - Processing file /home/airflow/.local/lib/python3.8/site-packages/airflow/example_dags/example_xcomargs.py for tasks to queue
[2026-08-21T23:02:31.207+0000] {logging_mixin.py:188} INFO - [2026-08-21T23:02:31.206+0000] {dagbag.py:540} INFO - Filling up the DagBag from /home/airflow/.local/lib/python3.8/site-packages/airflow/example_dags/example_xcomargs.py
[2026-08-21T23:02:31.215+0000] {processor.py:840} INFO - DAG(s) 'example_xcom_args', 'example_xcom_args_with_operators' retrieved from /home/airflow/.local/lib/python3.8/site-packages/airflow/example_dags/example_xcomargs.py
[2026-08-21T23:02:31.244+0000] {logging_mixin.py:188} INFO - [2026-08-21T23:02:31.244+0000] {dag.py:3047} INFO - Sync 2 DAGs
[2026-08-21T23:02:31.262+0000] {logging_mixin.py:188} INFO - [2026-08-21T23:02:31.261+0000] {dag.py:3834} INFO - Setting next_dagrun for example_xcom_args to None, run_after=None
[2026-08-21T23:02:31.267+0000] {logging_mixin.py:188} INFO - [2026-08-21T23:02:31.267+0000] {dag.py:3834} INFO - Setting next_dagrun for example_xcom_args_with_operators to None, run_after=None
[2026-08-21T23:02:31.297+0000] {processor.py:183} INFO - Processing /home/airflow/.local/lib/python3.8/site-packages/airflow/example_dags/example_xcomargs.py took 0.099 seconds
[2026-08-21T23:03:01.747+0000] {processor.py:161} INFO - Started process (PID=1913) to work on /home/airflow/.local/lib/python3.8/site-packages/airflow/example_dags/example_xcomargs.py
[2026-08-21T23:03:01.750+0000] {processor.py:830} INFO - Processing file /home/airflow/.local/lib/python3.8/site-packages/airflow/example_dags/example_xcomargs.py for tasks to queue
[2026-08-21T23:03:01.757+0000] {logging_mixin.py:188} INFO - [2026-08-21T23:03:01.756+0000] {dagbag.py:540} INFO - Filling up the DagBag from /home/airflow/.local/lib/python3.8/site-packages/airflow/example_dags/example_xcomargs.py
[2026-08-21T23:03:01.773+0000] {processor.py:840} INFO - DAG(s) 'example_xcom_args_with_operators', 'example_xcom_args' retrieved from /home/airflow/.local/lib/python3.8/site-packages/airflow/example_dags/example_xcomargs.py
[2026-08-21T23:03:01.812+0000] {logging_mixin.py:188} INFO - [2026-08-21T23:03:01.812+0000] {dag.py:3047} INFO - Sync 2 DAGs
[2026-08-21T23:03:01.831+0000] {logging_mixin.py:188} INFO - [2026-08-21T23:03:01.831+0000] {dag.py:3834} INFO - Setting next_dagrun for example_xcom_args to None, run_after=None
[2026-08-21T23:03:01.839+0000] {logging_mixin.py:188} INFO - [2026-08-21T23:03:01.839+0000] {dag.py:3834} INFO - Setting next_dagrun for example_xcom_args_with_operators to None, run_after=None
[2026-08-21T23:03:01.862+0000] {processor.py:183} INFO - Processing /home/airflow/.local/lib/python3.8/site-packages/airflow/example_dags/example_xcomargs.py took 0.129 seconds
[2026-08-21T23:03:32.833+0000] {processor.py:161} INFO - Started process (PID=1970) to work on /home/airflow/.local/lib/python3.8/site-packages/airflow/example_dags/example_xcomargs.py
[2026-08-21T23:03:32.836+0000] {processor.py:830} INFO - Processing file /home/airflow/.local/lib/python3.8/site-packages/airflow/example_dags/example_xcomargs.py for tasks to queue
[2026-08-21T23:03:32.840+0000] {logging_mixin.py:188} INFO - [2026-08-21T23:03:32.839+0000] {dagbag.py:540} INFO - Filling up the DagBag from /home/airflow/.local/lib/python3.8/site-packages/airflow/example_dags/example_xcomargs.py
[2026-08-21T23:03:32.853+0000] {processor.py:840} INFO - DAG(s) 'example_xcom_args', 'example_xcom_args_with_operators' retrieved from /home/airflow/.local/lib/python3.8/site-packages/airflow/example_dags/example_xcomargs.py
[2026-08-21T23:03:32.889+0000] {logging_mixin.py:188} INFO - [2026-08-21T23:03:32.888+0000] {dag.py:3047} INFO - Sync 2 DAGs
[2026-08-21T23:03:32.911+0000] {logging_mixin.py:188} INFO - [2026-08-21T23:03:32.910+0000] {dag.py:3834} INFO - Setting next_dagrun for example_xcom_args to None, run_after=None
[2026-08-21T23:03:32.916+0000] {logging_mixin.py:188} INFO - [2026-08-21T23:03:32.915+0000] {dag.py:3834} INFO - Setting next_dagrun for example_xcom_args_with_operators to None, run_after=None
[2026-08-21T23:03:32.939+0000] {processor.py:183} INFO - Processing /home/airflow/.local/lib/python3.8/site-packages/airflow/example_dags/example_xcomargs.py took 0.113 seconds
[2026-08-21T23:04:03.833+0000] {processor.py:161} INFO - Started process (PID=2027) to work on /home/airflow/.local/lib/python3.8/site-packages/airflow/example_dags/example_xcomargs.py
[2026-08-21T23:04:03.835+0000] {processor.py:830} INFO - Processing file /home/airflow/.local/lib/python3.8/site-packages/airflow/example_dags/example_xcomargs.py for tasks to queue
[2026-08-21T23:04:03.838+0000] {logging_mixin.py:188} INFO - [2026-08-21T23:04:03.838+0000] {dagbag.py:540} INFO - Filling up the DagBag from /home/airflow/.local/lib/python3.8/site-packages/airflow/example_dags/example_xcomargs.py
[2026-08-21T23:04:03.853+0000] {processor.py:840} INFO - DAG(s) 'example_xcom_args_with_operators', 'example_xcom_args' retrieved from /home/airflow/.local/lib/python3.8/site-packages/airflow/example_dags/example_xcomargs.py
[2026-08-21T23:04:03.895+0000] {logging_mixin.py:188} INFO - [2026-08-21T23:04:03.895+0000] {dag.py:3047} INFO - Sync 2 DAGs
[2026-08-21T23:04:03.925+0000] {logging_mixin.py:188} INFO - [2026-08-21T23:04:03.924+0000] {dag.py:3834} INFO - Setting next_dagrun for example_xcom_args to None, run_after=None
[2026-08-21T23:04:03.933+0000] {logging_mixin.py:188} INFO - [2026-08-21T23:04:03.933+0000] {dag.py:3834} INFO - Setting next_dagrun for example_xcom_args_with_operators to None, run_after=None
[2026-08-21T23:04:04.025+0000] {processor.py:183} INFO - Processing /home/airflow/.local/lib/python3.8/site-packages/airflow/example_dags/example_xcomargs.py took 0.198 seconds
[2026-08-21T23:04:34.377+0000] {processor.py:161} INFO - Started process (PID=2084) to work on /home/airflow/.local/lib/python3.8/site-packages/airflow/example_dags/example_xcomargs.py
[2026-08-21T23:04:34.380+0000] {processor.py:830} INFO - Processing file /home/airflow/.local/lib/python3.8/site-packages/airflow/example_dags/example_xcomargs.py for tasks to queue
[2026-08-21T23:04:34.382+0000] {logging_mixin.py:188} INFO - [2026-08-21T23:04:34.382+0000] {dagbag.py:540} INFO - Filling up the DagBag from /home/airflow/.local/lib/python3.8/site-packages/airflow/example_dags/example_xcomargs.py
[2026-08-21T23:04:34.392+0000] {processor.py:840} INFO - DAG(s) 'example_xcom_args', 'example_xcom_args_with_operators' retrieved from /home/airflow/.local/lib/python3.8/site-packages/airflow/example_dags/example_xcomargs.py
[2026-08-21T23:04:34.429+0000] {logging_mixin.py:188} INFO - [2026-08-21T23:04:34.428+0000] {dag.py:3047} INFO - Sync 2 DAGs
[2026-08-21T23:04:34.449+0000] {logging_mixin.py:188} INFO - [2026-08-21T23:04:34.449+0000] {dag.py:3834} INFO - Setting next_dagrun for example_xcom_args to None, run_after=None
[2026-08-21T23:04:34.455+0000] {logging_mixin.py:188} INFO - [2026-08-21T23:04:34.455+0000] {dag.py:3834} INFO - Setting next_dagrun for example_xcom_args_with_operators to None, run_after=None
[2026-08-21T23:04:34.481+0000] {processor.py:183} INFO - Processing /home/airflow/.local/lib/python3.8/site-packages/airflow/example_dags/example_xcomargs.py took 0.108 seconds
[2026-08-21T23:05:04.657+0000] {processor.py:161} INFO - Started process (PID=2141) to work on /home/airflow/.local/lib/python3.8/site-packages/airflow/example_dags/example_xcomargs.py
[2026-08-21T23:05:04.660+0000] {processor.py:830} INFO - Processing file /home/airflow/.local/lib/python3.8/site-packages/airflow/example_dags/example_xcomargs.py for tasks to queue
[2026-08-21T23:05:04.663+0000] {logging_mixin.py:188} INFO - [2026-08-21T23:05:04.662+0000] {dagbag.py:540} INFO - Filling up the DagBag from /home/airflow/.local/lib/python3.8/site-packages/airflow/example_dags/example_xcomargs.py
[2026-08-21T23:05:04.677+0000] {processor.py:840} INFO - DAG(s) 'example_xcom_args_with_operators', 'example_xcom_args' retrieved from /home/airflow/.local/lib/python3.8/site-packages/airflow/example_dags/example_xcomargs.py
[2026-08-21T23:05:04.712+0000] {logging_mixin.py:188} INFO - [2026-08-21T23:05:04.712+0000] {dag.py:3047} INFO - Sync 2 DAGs
[2026-08-21T23:05:04.735+0000] {logging_mixin.py:188} INFO - [2026-08-21T23:05:04.734+0000] {dag.py:3834} INFO - Setting next_dagrun for example_xcom_args to None, run_after=None
[2026-08-21T23:05:04.740+0000] {logging_mixin.py:188} INFO - [2026-08-21T23:05:04.739+0000] {dag.py:3834} INFO - Setting next_dagrun for example_xcom_args_with_operators to None, run_after=None
[2026-08-21T23:05:04.768+0000] {processor.py:183} INFO - Processing /home/airflow/.local/lib/python3.8/site-packages/airflow/example_dags/example_xcomargs.py took 0.115 seconds
[2026-08-21T23:05:34.950+0000] {processor.py:161} INFO - Started process (PID=2198) to work on /home/airflow/.local/lib/python3.8/site-packages/airflow/example_dags/example_xcomargs.py
[2026-08-21T23:05:34.952+0000] {processor.py:830} INFO - Processing file /home/airflow/.local/lib/python3.8/site-packages/airflow/example_dags/example_xcomargs.py for tasks to queue
[2026-08-21T23:05:34.955+0000] {logging_mixin.py:188} INFO - [2026-08-21T23:05:34.954+0000] {dagbag.py:540} INFO - Filling up the DagBag from /home/airflow/.local/lib/python3.8/site-packages/airflow/example_dags/example_xcomargs.py
[2026-08-21T23:05:34.965+0000] {processor.py:840} INFO - DAG(s) 'example_xcom_args', 'example_xcom_args_with_operators' retrieved from /home/airflow/.local/lib/python3.8/site-packages/airflow/example_dags/example_xcomargs.py
[2026-08-21T23:05:34.995+0000] {logging_mixin.py:188} INFO - [2026-08-21T23:05:34.995+0000] {dag.py:3047} INFO - Sync 2 DAGs
[2026-08-21T23:05:35.027+0000] {logging_mixin.py:188} INFO - [2026-08-21T23:05:35.026+0000] {dag.py:3834} INFO - Setting next_dagrun for example_xcom_args to None, run_after=None
[2026-08-21T23:05:35.035+0000] {logging_mixin.py:188} INFO - [2026-08-21T23:05:35.035+0000] {dag.py:3834} INFO - Setting next_dagrun for example_xcom_args_with_operators to None, run_after=None
[2026-08-21T23:05:35.135+0000] {processor.py:183} INFO - Processing /home/airflow/.local/lib/python3.8/site-packages/airflow/example_dags/example_xcomargs.py took 0.189 seconds
[2026-08-21T23:06:05.484+0000] {processor.py:161} INFO - Started process (PID=2255) to work on /home/airflow/.local/lib/python3.8/site-packages/airflow/example_dags/example_xcomargs.py
[2026-08-21T23:06:05.486+0000] {processor.py:830} INFO - Processing file /home/airflow/.local/lib/python3.8/site-packages/airflow/example_dags/example_xcomargs.py for tasks to queue
[2026-08-21T23:06:05.489+0000] {logging_mixin.py:188} INFO - [2026-08-21T23:06:05.489+0000] {dagbag.py:540} INFO - Filling up the DagBag from /home/airflow/.local/lib/python3.8/site-packages/airflow/example_dags/example_xcomargs.py
[2026-08-21T23:06:05.499+0000] {processor.py:840} INFO - DAG(s) 'example_xcom_args', 'example_xcom_args_with_operators' retrieved from /home/airflow/.local/lib/python3.8/site-packages/airflow/example_dags/example_xcomargs.py
[2026-08-21T23:06:05.531+0000] {logging_mixin.py:188} INFO - [2026-08-21T23:06:05.530+0000] {dag.py:3047} INFO - Sync 2 DAGs
[2026-08-21T23:06:05.548+0000] {logging_mixin.py:188} INFO - [2026-08-21T23:06:05.548+0000] {dag.py:3834} INFO - Setting next_dagrun for example_xcom_args to None, run_after=None
[2026-08-21T23:06:05.559+0000] {logging_mixin.py:188} INFO - [2026-08-21T23:06:05.559+0000] {dag.py:3834} INFO - Setting next_dagrun for example_xcom_args_with_operators to None, run_after=None
[2026-08-21T23:06:05.582+0000] {processor.py:183} INFO - Processing /home/airflow/.local/lib/python3.8/site-packages/airflow/example_dags/example_xcomargs.py took 0.103 seconds
[2026-08-21T23:06:36.346+0000] {processor.py:161} INFO - Started process (PID=2312) to work on /home/airflow/.local/lib/python3.8/site-packages/airflow/example_dags/example_xcomargs.py
[2026-08-21T23:06:36.349+0000] {processor.py:830} INFO - Processing file /home/airflow/.local/lib/python3.8/site-packages/airflow/example_dags/example_xcomargs.py for tasks to queue
[2026-08-21T23:06:36.356+0000] {logging_mixin.py:188} INFO - [2026-08-21T23:06:36.355+0000] {dagbag.py:540} INFO - Filling up the DagBag from /home/airflow/.local/lib/python3.8/site-packages/airflow/example_dags/example_xcomargs.py
[2026-08-21T23:06:36.376+0000] {processor.py:840} INFO - DAG(s) 'example_xcom_args_with_operators', 'example_xcom_args' retrieved from /home/airflow/.local/lib/python3.8/site-packages/airflow/example_dags/example_xcomargs.py
[2026-08-21T23:06:36.422+0000] {logging_mixin.py:188} INFO - [2026-08-21T23:06:36.422+0000] {dag.py:3047} INFO - Sync 2 DAGs
[2026-08-21T23:06:36.450+0000] {logging_mixin.py:188} INFO - [2026-08-21T23:06:36.450+0000] {dag.py:3834} INFO - Setting next_dagrun for example_xcom_args to None, run_after=None
[2026-08-21T23:06:36.455+0000] {logging_mixin.py:188} INFO - [2026-08-21T23:06:36.455+0000] {dag.py:3834} INFO - Setting next_dagrun for example_xcom_args_with_operators to None, run_after=None
[2026-08-21T23:06:36.480+0000] {processor.py:183} INFO - Processing /home/airflow/.local/lib/python3.8/site-packages/airflow/example_dags/example_xcomargs.py took 0.139 seconds
[2026-08-21T23:07:06.662+0000] {processor.py:161} INFO - Started process (PID=2369) to work on /home/airflow/.local/lib/python3.8/site-packages/airflow/example_dags/example_xcomargs.py
[2026-08-21T23:07:06.663+0000] {processor.py:830} INFO - Processing file /home/airflow/.local/lib/python3.8/site-packages/airflow/example_dags/example_xcomargs.py for tasks to queue
[2026-08-21T23:07:06.667+0000] {logging_mixin.py:188} INFO - [2026-08-21T23:07:06.666+0000] {dagbag.py:540} INFO - Filling up the DagBag from /home/airflow/.local/lib/python3.8/site-packages/airflow/example_dags/example_xcomargs.py
[2026-08-21T23:07:06.677+0000] {processor.py:840} INFO - DAG(s) 'example_xcom_args', 'example_xcom_args_with_operators' retrieved from /home/airflow/.local/lib/python3.8/site-packages/airflow/example_dags/example_xcomargs.py
[2026-08-21T23:07:06.707+0000] {logging_mixin.py:188} INFO - [2026-08-21T23:07:06.706+0000] {dag.py:3047} INFO - Sync 2 DAGs
[2026-08-21T23:07:06.723+0000] {logging_mixin.py:188} INFO - [2026-08-21T23:07:06.723+0000] {dag.py:3834} INFO - Setting next_dagrun for example_xcom_args to None, run_after=None
[2026-08-21T23:07:06.729+0000] {logging_mixin.py:188} INFO - [2026-08-21T23:07:06.729+0000] {dag.py:3834} INFO - Setting next_dagrun for example_xcom_args_with_operators to None, run_after=None
[2026-08-21T23:07:06.752+0000] {processor.py:183} INFO - Processing /home/airflow/.local/lib/python3.8/site-packages/airflow/example_dags/example_xcomargs.py took 0.094 seconds
[2026-08-21T23:07:37.443+0000] {processor.py:161} INFO - Started process (PID=2426) to work on /home/airflow/.local/lib/python3.8/site-packages/airflow/example_dags/example_xcomargs.py
[2026-08-21T23:07:37.446+0000] {processor.py:830} INFO - Processing file /home/airflow/.local/lib/python3.8/site-packages/airflow/example_dags/example_xcomargs.py for tasks to queue
[2026-08-21T23:07:37.450+0000] {logging_mixin.py:188} INFO - [2026-08-21T23:07:37.449+0000] {dagbag.py:540} INFO - Filling up the DagBag from /home/airflow/.local/lib/python3.8/site-packages/airflow/example_dags/example_xcomargs.py
[2026-08-21T23:07:37.463+0000] {processor.py:840} INFO - DAG(s) 'example_xcom_args', 'example_xcom_args_with_operators' retrieved from /home/airflow/.local/lib/python3.8/site-packages/airflow/example_dags/example_xcomargs.py
[2026-08-21T23:07:37.499+0000] {logging_mixin.py:188} INFO - [2026-08-21T23:07:37.498+0000] {dag.py:3047} INFO - Sync 2 DAGs
[2026-08-21T23:07:37.520+0000] {logging_mixin.py:188} INFO - [2026-08-21T23:07:37.520+0000] {dag.py:3834} INFO - Setting next_dagrun for example_xcom_args to None, run_after=None
[2026-08-21T23:07:37.525+0000] {logging_mixin.py:188} INFO - [2026-08-21T23:07:37.525+0000] {dag.py:3834} INFO - Setting next_dagrun for example_xcom_args_with_operators to None, run_after=None
[2026-08-21T23:07:37.557+0000] {processor.py:183} INFO - Processing /home/airflow/.local/lib/python3.8/site-packages/airflow/example_dags/example_xcomargs.py took 0.119 seconds
