[2026-08-21T22:46:46.102+0000] {processor.py:161} INFO - Started process (PID=95) to work on /home/airflow/.local/lib/python3.8/site-packages/airflow/example_dags/example_time_delta_sensor_async.py
[2026-08-21T22:46:46.104+0000] {processor.py:830} INFO - Processing file /home/airflow/.local/lib/python3.8/site-packages/airflow/example_dags/example_time_delta_sensor_async.py for tasks to queue
[2026-08-21T22:46:46.106+0000] {logging_mixin.py:188} INFO - [2026-08-21T22:46:46.106+0000] {dagbag.py:540} INFO - Filling up the DagBag from /home/airflow/.local/lib/python3.8/site-packages/airflow/example_dags/example_time_delta_sensor_async.py
[2026-08-21T22:46:46.113+0000] {processor.py:840} INFO - DAG(s) 'example_time_delta_sensor_async' retrieved from /home/airflow/.local/lib/python3.8/site-packages/airflow/example_dags/example_time_delta_sensor_async.py
[2026-08-21T22:46:46.357+0000] {logging_mixin.py:188} INFO - [2026-08-21T22:46:46.356+0000] {dag.py:3047} INFO - Sync 1 DAGs
[2026-08-21T22:46:46.375+0000] {logging_mixin.py:188} INFO - [2026-08-21T22:46:46.374+0000] {dag.py:3834} INFO - Setting next_dagrun for example_time_delta_sensor_async to None, run_after=None
[2026-08-21T22:46:46.402+0000] {processor.py:183} INFO - Processing /home/airflow/.local/lib/python3.8/site-packages/airflow/example_dags/example_time_delta_sensor_async.py took 0.305 seconds
[2026-08-21T22:47:16.482+0000] {processor.py:161} INFO - Started process (PID=152) to work on /home/airflow/.local/lib/python3.8/site-packages/airflow/example_dags/example_time_delta_sensor_async.py
[2026-08-21T22:47:16.484+0000] {processor.py:830} INFO - Processing file /home/airflow/.local/lib/python3.8/site-packages/airflow/example_dags/example_time_delta_sensor_async.py for tasks to queue
[2026-08-21T22:47:16.487+0000] {logging_mixin.py:188} INFO - [2026-08-21T22:47:16.487+0000] {dagbag.py:540} INFO - Filling up the DagBag from /home/airflow/.local/lib/python3.8/site-packages/airflow/example_dags/example_time_delta_sensor_async.py
[2026-08-21T22:47:16.493+0000] {processor.py:840} INFO - DAG(s) 'example_time_delta_sensor_async' retrieved from /home/airflow/.local/lib/python3.8/site-packages/airflow/example_dags/example_time_delta_sensor_async.py
[2026-08-21T22:47:16.520+0000] {logging_mixin.py:188} INFO - [2026-08-21T22:47:16.520+0000] {dag.py:3047} INFO - Sync 1 DAGs
[2026-08-21T22:47:16.535+0000] {logging_mixin.py:188} INFO - [2026-08-21T22:47:16.535+0000] {dag.py:3834} INFO - Setting next_dagrun for example_time_delta_sensor_async to None, run_after=None
[2026-08-21T22:47:16.562+0000] {processor.py:183} INFO - Processing /home/airflow/.local/lib/python3.8/site-packages/airflow/example_dags/example_time_delta_sensor_async.py took 0.084 seconds
[2026-08-21T22:47:47.056+0000] {processor.py:161} INFO - Started process (PID=209) to work on /home/airflow/.local/lib/python3.8/site-packages/airflow/example_dags/example_time_delta_sensor_async.py
[2026-08-21T22:47:47.059+0000] {processor.py:830} INFO - Processing file /home/airflow/.local/lib/python3.8/site-packages/airflow/example_dags/example_time_delta_sensor_async.py for tasks to queue
[2026-08-21T22:47:47.062+0000] {logging_mixin.py:188} INFO - [2026-08-21T22:47:47.062+0000] {dagbag.py:540} INFO - Filling up the DagBag from /home/airflow/.local/lib/python3.8/site-packages/airflow/example_dags/example_time_delta_sensor_async.py
[2026-08-21T22:47:47.068+0000] {processor.py:840} INFO - DAG(s) 'example_time_delta_sensor_async' retrieved from /home/airflow/.local/lib/python3.8/site-packages/airflow/example_dags/example_time_delta_sensor_async.py
[2026-08-21T22:47:47.092+0000] {logging_mixin.py:188} INFO - [2026-08-21T22:47:47.091+0000] {dag.py:3047} INFO - Sync 1 DAGs
[2026-08-21T22:47:47.105+0000] {logging_mixin.py:188} INFO - [2026-08-21T22:47:47.104+0000] {dag.py:3834} INFO - Setting next_dagrun for example_time_delta_sensor_async to None, run_after=None
[2026-08-21T22:47:47.131+0000] {processor.py:183} INFO - Processing /home/airflow/.local/lib/python3.8/site-packages/airflow/example_dags/example_time_delta_sensor_async.py took 0.078 seconds
[2026-08-21T22:48:17.693+0000] {processor.py:161} INFO - Started process (PID=266) to work on /home/airflow/.local/lib/python3.8/site-packages/airflow/example_dags/example_time_delta_sensor_async.py
[2026-08-21T22:48:17.695+0000] {processor.py:830} INFO - Processing file /home/airflow/.local/lib/python3.8/site-packages/airflow/example_dags/example_time_delta_sensor_async.py for tasks to queue
[2026-08-21T22:48:17.697+0000] {logging_mixin.py:188} INFO - [2026-08-21T22:48:17.697+0000] {dagbag.py:540} INFO - Filling up the DagBag from /home/airflow/.local/lib/python3.8/site-packages/airflow/example_dags/example_time_delta_sensor_async.py
[2026-08-21T22:48:17.703+0000] {processor.py:840} INFO - DAG(s) 'example_time_delta_sensor_async' retrieved from /home/airflow/.local/lib/python3.8/site-packages/airflow/example_dags/example_time_delta_sensor_async.py
[2026-08-21T22:48:17.726+0000] {logging_mixin.py:188} INFO - [2026-08-21T22:48:17.726+0000] {dag.py:3047} INFO - Sync 1 DAGs
[2026-08-21T22:48:17.740+0000] {logging_mixin.py:188} INFO - [2026-08-21T22:48:17.740+0000] {dag.py:3834} INFO - Setting next_dagrun for example_time_delta_sensor_async to None, run_after=None
[2026-08-21T22:48:17.763+0000] {processor.py:183} INFO - Processing /home/airflow/.local/lib/python3.8/site-packages/airflow/example_dags/example_time_delta_sensor_async.py took 0.073 seconds
[2026-08-21T22:48:48.516+0000] {processor.py:161} INFO - Started process (PID=323) to work on /home/airflow/.local/lib/python3.8/site-packages/airflow/example_dags/example_time_delta_sensor_async.py
[2026-08-21T22:48:48.519+0000] {processor.py:830} INFO - Processing file /home/airflow/.local/lib/python3.8/site-packages/airflow/example_dags/example_time_delta_sensor_async.py for tasks to queue
[2026-08-21T22:48:48.524+0000] {logging_mixin.py:188} INFO - [2026-08-21T22:48:48.523+0000] {dagbag.py:540} INFO - Filling up the DagBag from /home/airflow/.local/lib/python3.8/site-packages/airflow/example_dags/example_time_delta_sensor_async.py
[2026-08-21T22:48:48.536+0000] {processor.py:840} INFO - DAG(s) 'example_time_delta_sensor_async' retrieved from /home/airflow/.local/lib/python3.8/site-packages/airflow/example_dags/example_time_delta_sensor_async.py
[2026-08-21T22:48:48.570+0000] {logging_mixin.py:188} INFO - [2026-08-21T22:48:48.569+0000] {dag.py:3047} INFO - Sync 1 DAGs
[2026-08-21T22:48:48.591+0000] {logging_mixin.py:188} INFO - [2026-08-21T22:48:48.591+0000] {dag.py:3834} INFO - Setting next_dagrun for example_time_delta_sensor_async to None, run_after=None
[2026-08-21T22:48:48.621+0000] {processor.py:183} INFO - Processing /home/airflow/.local/lib/python3.8/site-packages/airflow/example_dags/example_time_delta_sensor_async.py took 0.110 seconds
[2026-08-21T22:49:18.984+0000] {processor.py:161} INFO - Started process (PID=380) to work on /home/airflow/.local/lib/python3.8/site-packages/airflow/example_dags/example_time_delta_sensor_async.py
[2026-08-21T22:49:18.986+0000] {processor.py:830} INFO - Processing file /home/airflow/.local/lib/python3.8/site-packages/airflow/example_dags/example_time_delta_sensor_async.py for tasks to queue
[2026-08-21T22:49:18.988+0000] {logging_mixin.py:188} INFO - [2026-08-21T22:49:18.988+0000] {dagbag.py:540} INFO - Filling up the DagBag from /home/airflow/.local/lib/python3.8/site-packages/airflow/example_dags/example_time_delta_sensor_async.py
[2026-08-21T22:49:18.994+0000] {processor.py:840} INFO - DAG(s) 'example_time_delta_sensor_async' retrieved from /home/airflow/.local/lib/python3.8/site-packages/airflow/example_dags/example_time_delta_sensor_async.py
[2026-08-21T22:49:19.015+0000] {logging_mixin.py:188} INFO - [2026-08-21T22:49:19.015+0000] {dag.py:3047} INFO - Sync 1 DAGs
[2026-08-21T22:49:19.028+0000] {logging_mixin.py:188} INFO - [2026-08-21T22:49:19.027+0000] {dag.py:3834} INFO - Setting next_dagrun for example_time_delta_sensor_async to None, run_after=None
[2026-08-21T22:49:19.045+0000] {processor.py:183} INFO - Processing /home/airflow/.local/lib/python3.8/site-packages/airflow/example_dags/example_time_delta_sensor_async.py took 0.065 seconds
[2026-08-21T22:49:49.545+0000] {processor.py:161} INFO - Started process (PID=437) to work on /home/airflow/.local/lib/python3.8/site-packages/airflow/example_dags/example_time_delta_sensor_async.py
[2026-08-21T22:49:49.547+0000] {processor.py:830} INFO - Processing file /home/airflow/.local/lib/python3.8/site-packages/airflow/example_dags/example_time_delta_sensor_async.py for tasks to queue
[2026-08-21T22:49:49.551+0000] {logging_mixin.py:188} INFO - [2026-08-21T22:49:49.551+0000] {dagbag.py:540} INFO - Filling up the DagBag from /home/airflow/.local/lib/python3.8/site-packages/airflow/example_dags/example_time_delta_sensor_async.py
[2026-08-21T22:49:49.558+0000] {processor.py:840} INFO - DAG(s) 'example_time_delta_sensor_async' retrieved from /home/airflow/.local/lib/python3.8/site-packages/airflow/example_dags/example_time_delta_sensor_async.py
[2026-08-21T22:49:49.586+0000] {logging_mixin.py:188} INFO - [2026-08-21T22:49:49.586+0000] {dag.py:3047} INFO - Sync 1 DAGs
[2026-08-21T22:49:49.600+0000] {logging_mixin.py:188} INFO - [2026-08-21T22:49:49.600+0000] {dag.py:3834} INFO - Setting next_dagrun for example_time_delta_sensor_async to None, run_after=None
[2026-08-21T22:49:49.620+0000] {processor.py:183} INFO - Processing /home/airflow/.local/lib/python3.8/site-packages/airflow/example_dags/example_time_delta_sensor_async.py took 0.079 seconds
[2026-08-21T22:50:20.092+0000] {processor.py:161} INFO - Started process (PID=494) to work on /home/airflow/.local/lib/python3.8/site-packages/airflow/example_dags/example_time_delta_sensor_async.py
[2026-08-21T22:50:20.094+0000] {processor.py:830} INFO - Processing file /home/airflow/.local/lib/python3.8/site-packages/airflow/example_dags/example_time_delta_sensor_async.py for tasks to queue
[2026-08-21T22:50:20.096+0000] {logging_mixin.py:188} INFO - [2026-08-21T22:50:20.096+0000] {dagbag.py:540} INFO - Filling up the DagBag from /home/airflow/.local/lib/python3.8/site-packages/airflow/example_dags/example_time_delta_sensor_async.py
[2026-08-21T22:50:20.102+0000] {processor.py:840} INFO - DAG(s) 'example_time_delta_sensor_async' retrieved from /home/airflow/.local/lib/python3.8/site-packages/airflow/example_dags/example_time_delta_sensor_async.py
[2026-08-21T22:50:20.126+0000] {logging_mixin.py:188} INFO - [2026-08-21T22:50:20.126+0000] {dag.py:3047} INFO - Sync 1 DAGs
[2026-08-21T22:50:20.140+0000] {logging_mixin.py:188} INFO - [2026-08-21T22:50:20.140+0000] {dag.py:3834} INFO - Setting next_dagrun for example_time_delta_sensor_async to None, run_after=None
[2026-08-21T22:50:20.163+0000] {processor.py:183} INFO - Processing /home/airflow/.local/lib/python3.8/site-packages/airflow/example_dags/example_time_delta_sensor_async.py took 0.075 seconds
[2026-08-21T22:50:50.980+0000] {processor.py:161} INFO - Started process (PID=551) to work on /home/airflow/.local/lib/python3.8/site-packages/airflow/example_dags/example_time_delta_sensor_async.py
[2026-08-21T22:50:50.982+0000] {processor.py:830} INFO - Processing file /home/airflow/.local/lib/python3.8/site-packages/airflow/example_dags/example_time_delta_sensor_async.py for tasks to queue
[2026-08-21T22:50:50.985+0000] {logging_mixin.py:188} INFO - [2026-08-21T22:50:50.984+0000] {dagbag.py:540} INFO - Filling up the DagBag from /home/airflow/.local/lib/python3.8/site-packages/airflow/example_dags/example_time_delta_sensor_async.py
[2026-08-21T22:50:50.991+0000] {processor.py:840} INFO - DAG(s) 'example_time_delta_sensor_async' retrieved from /home/airflow/.local/lib/python3.8/site-packages/airflow/example_dags/example_time_delta_sensor_async.py
[2026-08-21T22:50:51.017+0000] {logging_mixin.py:188} INFO - [2026-08-21T22:50:51.017+0000] {dag.py:3047} INFO - Sync 1 DAGs
[2026-08-21T22:50:51.031+0000] {logging_mixin.py:188} INFO - [2026-08-21T22:50:51.031+0000] {dag.py:3834} INFO - Setting next_dagrun for example_time_delta_sensor_async to None, run_after=None
[2026-08-21T22:50:51.094+0000] {processor.py:183} INFO - Processing /home/airflow/.local/lib/python3.8/site-packages/airflow/example_dags/example_time_delta_sensor_async.py took 0.119 seconds
[2026-08-21T22:51:22.005+0000] {processor.py:161} INFO - Started process (PID=607) to work on /home/airflow/.local/lib/python3.8/site-packages/airflow/example_dags/example_time_delta_sensor_async.py
[2026-08-21T22:51:22.007+0000] {processor.py:830} INFO - Processing file /home/airflow/.local/lib/python3.8/site-packages/airflow/example_dags/example_time_delta_sensor_async.py for tasks to queue
[2026-08-21T22:51:22.011+0000] {logging_mixin.py:188} INFO - [2026-08-21T22:51:22.010+0000] {dagbag.py:540} INFO - Filling up the DagBag from /home/airflow/.local/lib/python3.8/site-packages/airflow/example_dags/example_time_delta_sensor_async.py
[2026-08-21T22:51:22.018+0000] {processor.py:840} INFO - DAG(s) 'example_time_delta_sensor_async' retrieved from /home/airflow/.local/lib/python3.8/site-packages/airflow/example_dags/example_time_delta_sensor_async.py
[2026-08-21T22:51:22.044+0000] {logging_mixin.py:188} INFO - [2026-08-21T22:51:22.043+0000] {dag.py:3047} INFO - Sync 1 DAGs
[2026-08-21T22:51:22.057+0000] {logging_mixin.py:188} INFO - [2026-08-21T22:51:22.057+0000] {dag.py:3834} INFO - Setting next_dagrun for example_time_delta_sensor_async to None, run_after=None
[2026-08-21T22:51:22.083+0000] {processor.py:183} INFO - Processing /home/airflow/.local/lib/python3.8/site-packages/airflow/example_dags/example_time_delta_sensor_async.py took 0.083 seconds
[2026-08-21T22:51:52.309+0000] {processor.py:161} INFO - Started process (PID=663) to work on /home/airflow/.local/lib/python3.8/site-packages/airflow/example_dags/example_time_delta_sensor_async.py
[2026-08-21T22:51:52.310+0000] {processor.py:830} INFO - Processing file /home/airflow/.local/lib/python3.8/site-packages/airflow/example_dags/example_time_delta_sensor_async.py for tasks to queue
[2026-08-21T22:51:52.313+0000] {logging_mixin.py:188} INFO - [2026-08-21T22:51:52.312+0000] {dagbag.py:540} INFO - Filling up the DagBag from /home/airflow/.local/lib/python3.8/site-packages/airflow/example_dags/example_time_delta_sensor_async.py
[2026-08-21T22:51:52.318+0000] {processor.py:840} INFO - DAG(s) 'example_time_delta_sensor_async' retrieved from /home/airflow/.local/lib/python3.8/site-packages/airflow/example_dags/example_time_delta_sensor_async.py
[2026-08-21T22:51:52.341+0000] {logging_mixin.py:188} INFO - [2026-08-21T22:51:52.341+0000] {dag.py:3047} INFO - Sync 1 DAGs
[2026-08-21T22:51:52.353+0000] {logging_mixin.py:188} INFO - [2026-08-21T22:51:52.353+0000] {dag.py:3834} INFO - Setting next_dagrun for example_time_delta_sensor_async to None, run_after=None
[2026-08-21T22:51:52.375+0000] {processor.py:183} INFO - Processing /home/airflow/.local/lib/python3.8/site-packages/airflow/example_dags/example_time_delta_sensor_async.py took 0.070 seconds
[2026-08-21T22:52:22.736+0000] {processor.py:161} INFO - Started process (PID=720) to work on /home/airflow/.local/lib/python3.8/site-packages/airflow/example_dags/example_time_delta_sensor_async.py
[2026-08-21T22:52:22.739+0000] {processor.py:830} INFO - Processing file /home/airflow/.local/lib/python3.8/site-packages/airflow/example_dags/example_time_delta_sensor_async.py for tasks to queue
[2026-08-21T22:52:22.742+0000] {logging_mixin.py:188} INFO - [2026-08-21T22:52:22.742+0000] {dagbag.py:540} INFO - Filling up the DagBag from /home/airflow/.local/lib/python3.8/site-packages/airflow/example_dags/example_time_delta_sensor_async.py
[2026-08-21T22:52:22.749+0000] {processor.py:840} INFO - DAG(s) 'example_time_delta_sensor_async' retrieved from /home/airflow/.local/lib/python3.8/site-packages/airflow/example_dags/example_time_delta_sensor_async.py
[2026-08-21T22:52:22.774+0000] {logging_mixin.py:188} INFO - [2026-08-21T22:52:22.774+0000] {dag.py:3047} INFO - Sync 1 DAGs
[2026-08-21T22:52:22.789+0000] {logging_mixin.py:188} INFO - [2026-08-21T22:52:22.789+0000] {dag.py:3834} INFO - Setting next_dagrun for example_time_delta_sensor_async to None, run_after=None
[2026-08-21T22:52:22.811+0000] {processor.py:183} INFO - Processing /home/airflow/.local/lib/python3.8/site-packages/airflow/example_dags/example_time_delta_sensor_async.py took 0.080 seconds
[2026-08-21T22:52:53.105+0000] {processor.py:161} INFO - Started process (PID=777) to work on /home/airflow/.local/lib/python3.8/site-packages/airflow/example_dags/example_time_delta_sensor_async.py
[2026-08-21T22:52:53.111+0000] {processor.py:830} INFO - Processing file /home/airflow/.local/lib/python3.8/site-packages/airflow/example_dags/example_time_delta_sensor_async.py for tasks to queue
[2026-08-21T22:52:53.118+0000] {logging_mixin.py:188} INFO - [2026-08-21T22:52:53.117+0000] {dagbag.py:540} INFO - Filling up the DagBag from /home/airflow/.local/lib/python3.8/site-packages/airflow/example_dags/example_time_delta_sensor_async.py
[2026-08-21T22:52:53.136+0000] {processor.py:840} INFO - DAG(s) 'example_time_delta_sensor_async' retrieved from /home/airflow/.local/lib/python3.8/site-packages/airflow/example_dags/example_time_delta_sensor_async.py
[2026-08-21T22:52:53.182+0000] {logging_mixin.py:188} INFO - [2026-08-21T22:52:53.182+0000] {dag.py:3047} INFO - Sync 1 DAGs
[2026-08-21T22:52:53.207+0000] {logging_mixin.py:188} INFO - [2026-08-21T22:52:53.207+0000] {dag.py:3834} INFO - Setting next_dagrun for example_time_delta_sensor_async to None, run_after=None
[2026-08-21T22:52:53.253+0000] {processor.py:183} INFO - Processing /home/airflow/.local/lib/python3.8/site-packages/airflow/example_dags/example_time_delta_sensor_async.py took 0.154 seconds
[2026-08-21T22:53:23.847+0000] {processor.py:161} INFO - Started process (PID=834) to work on /home/airflow/.local/lib/python3.8/site-packages/airflow/example_dags/example_time_delta_sensor_async.py
[2026-08-21T22:53:23.849+0000] {processor.py:830} INFO - Processing file /home/airflow/.local/lib/python3.8/site-packages/airflow/example_dags/example_time_delta_sensor_async.py for tasks to queue
[2026-08-21T22:53:23.852+0000] {logging_mixin.py:188} INFO - [2026-08-21T22:53:23.852+0000] {dagbag.py:540} INFO - Filling up the DagBag from /home/airflow/.local/lib/python3.8/site-packages/airflow/example_dags/example_time_delta_sensor_async.py
[2026-08-21T22:53:23.858+0000] {processor.py:840} INFO - DAG(s) 'example_time_delta_sensor_async' retrieved from /home/airflow/.local/lib/python3.8/site-packages/airflow/example_dags/example_time_delta_sensor_async.py
[2026-08-21T22:53:23.881+0000] {logging_mixin.py:188} INFO - [2026-08-21T22:53:23.881+0000] {dag.py:3047} INFO - Sync 1 DAGs
[2026-08-21T22:53:23.895+0000] {logging_mixin.py:188} INFO - [2026-08-21T22:53:23.894+0000] {dag.py:3834} INFO - Setting next_dagrun for example_time_delta_sensor_async to None, run_after=None
[2026-08-21T22:53:23.915+0000] {processor.py:183} INFO - Processing /home/airflow/.local/lib/python3.8/site-packages/airflow/example_dags/example_time_delta_sensor_async.py took 0.072 seconds
[2026-08-21T22:53:54.386+0000] {processor.py:161} INFO - Started process (PID=891) to work on /home/airflow/.local/lib/python3.8/site-packages/airflow/example_dags/example_time_delta_sensor_async.py
[2026-08-21T22:53:54.387+0000] {processor.py:830} INFO - Processing file /home/airflow/.local/lib/python3.8/site-packages/airflow/example_dags/example_time_delta_sensor_async.py for tasks to queue
[2026-08-21T22:53:54.390+0000] {logging_mixin.py:188} INFO - [2026-08-21T22:53:54.390+0000] {dagbag.py:540} INFO - Filling up the DagBag from /home/airflow/.local/lib/python3.8/site-packages/airflow/example_dags/example_time_delta_sensor_async.py
[2026-08-21T22:53:54.398+0000] {processor.py:840} INFO - DAG(s) 'example_time_delta_sensor_async' retrieved from /home/airflow/.local/lib/python3.8/site-packages/airflow/example_dags/example_time_delta_sensor_async.py
[2026-08-21T22:53:54.423+0000] {logging_mixin.py:188} INFO - [2026-08-21T22:53:54.423+0000] {dag.py:3047} INFO - Sync 1 DAGs
[2026-08-21T22:53:54.444+0000] {logging_mixin.py:188} INFO - [2026-08-21T22:53:54.444+0000] {dag.py:3834} INFO - Setting next_dagrun for example_time_delta_sensor_async to None, run_after=None
[2026-08-21T22:53:54.476+0000] {processor.py:183} INFO - Processing /home/airflow/.local/lib/python3.8/site-packages/airflow/example_dags/example_time_delta_sensor_async.py took 0.094 seconds
[2026-08-21T22:54:24.656+0000] {processor.py:161} INFO - Started process (PID=948) to work on /home/airflow/.local/lib/python3.8/site-packages/airflow/example_dags/example_time_delta_sensor_async.py
[2026-08-21T22:54:24.658+0000] {processor.py:830} INFO - Processing file /home/airflow/.local/lib/python3.8/site-packages/airflow/example_dags/example_time_delta_sensor_async.py for tasks to queue
[2026-08-21T22:54:24.661+0000] {logging_mixin.py:188} INFO - [2026-08-21T22:54:24.661+0000] {dagbag.py:540} INFO - Filling up the DagBag from /home/airflow/.local/lib/python3.8/site-packages/airflow/example_dags/example_time_delta_sensor_async.py
[2026-08-21T22:54:24.668+0000] {processor.py:840} INFO - DAG(s) 'example_time_delta_sensor_async' retrieved from /home/airflow/.local/lib/python3.8/site-packages/airflow/example_dags/example_time_delta_sensor_async.py
[2026-08-21T22:54:24.694+0000] {logging_mixin.py:188} INFO - [2026-08-21T22:54:24.694+0000] {dag.py:3047} INFO - Sync 1 DAGs
[2026-08-21T22:54:24.709+0000] {logging_mixin.py:188} INFO - [2026-08-21T22:54:24.709+0000] {dag.py:3834} INFO - Setting next_dagrun for example_time_delta_sensor_async to None, run_after=None
[2026-08-21T22:54:24.736+0000] {processor.py:183} INFO - Processing /home/airflow/.local/lib/python3.8/site-packages/airflow/example_dags/example_time_delta_sensor_async.py took 0.083 seconds
[2026-08-21T22:54:55.221+0000] {processor.py:161} INFO - Started process (PID=1005) to work on /home/airflow/.local/lib/python3.8/site-packages/airflow/example_dags/example_time_delta_sensor_async.py
[2026-08-21T22:54:55.223+0000] {processor.py:830} INFO - Processing file /home/airflow/.local/lib/python3.8/site-packages/airflow/example_dags/example_time_delta_sensor_async.py for tasks to queue
[2026-08-21T22:54:55.226+0000] {logging_mixin.py:188} INFO - [2026-08-21T22:54:55.226+0000] {dagbag.py:540} INFO - Filling up the DagBag from /home/airflow/.local/lib/python3.8/site-packages/airflow/example_dags/example_time_delta_sensor_async.py
[2026-08-21T22:54:55.232+0000] {processor.py:840} INFO - DAG(s) 'example_time_delta_sensor_async' retrieved from /home/airflow/.local/lib/python3.8/site-packages/airflow/example_dags/example_time_delta_sensor_async.py
[2026-08-21T22:54:55.254+0000] {logging_mixin.py:188} INFO - [2026-08-21T22:54:55.254+0000] {dag.py:3047} INFO - Sync 1 DAGs
[2026-08-21T22:54:55.268+0000] {logging_mixin.py:188} INFO - [2026-08-21T22:54:55.267+0000] {dag.py:3834} INFO - Setting next_dagrun for example_time_delta_sensor_async to None, run_after=None
[2026-08-21T22:54:55.289+0000] {processor.py:183} INFO - Processing /home/airflow/.local/lib/python3.8/site-packages/airflow/example_dags/example_time_delta_sensor_async.py took 0.071 seconds
[2026-08-21T22:55:25.834+0000] {processor.py:161} INFO - Started process (PID=1062) to work on /home/airflow/.local/lib/python3.8/site-packages/airflow/example_dags/example_time_delta_sensor_async.py
[2026-08-21T22:55:25.835+0000] {processor.py:830} INFO - Processing file /home/airflow/.local/lib/python3.8/site-packages/airflow/example_dags/example_time_delta_sensor_async.py for tasks to queue
[2026-08-21T22:55:25.839+0000] {logging_mixin.py:188} INFO - [2026-08-21T22:55:25.838+0000] {dagbag.py:540} INFO - Filling up the DagBag from /home/airflow/.local/lib/python3.8/site-packages/airflow/example_dags/example_time_delta_sensor_async.py
[2026-08-21T22:55:25.846+0000] {processor.py:840} INFO - DAG(s) 'example_time_delta_sensor_async' retrieved from /home/airflow/.local/lib/python3.8/site-packages/airflow/example_dags/example_time_delta_sensor_async.py
[2026-08-21T22:55:25.870+0000] {logging_mixin.py:188} INFO - [2026-08-21T22:55:25.869+0000] {dag.py:3047} INFO - Sync 1 DAGs
[2026-08-21T22:55:25.885+0000] {logging_mixin.py:188} INFO - [2026-08-21T22:55:25.885+0000] {dag.py:3834} INFO - Setting next_dagrun for example_time_delta_sensor_async to None, run_after=None
[2026-08-21T22:55:25.909+0000] {processor.py:183} INFO - Processing /home/airflow/.local/lib/python3.8/site-packages/airflow/example_dags/example_time_delta_sensor_async.py took 0.079 seconds
[2026-08-21T22:55:56.096+0000] {processor.py:161} INFO - Started process (PID=1119) to work on /home/airflow/.local/lib/python3.8/site-packages/airflow/example_dags/example_time_delta_sensor_async.py
[2026-08-21T22:55:56.098+0000] {processor.py:830} INFO - Processing file /home/airflow/.local/lib/python3.8/site-packages/airflow/example_dags/example_time_delta_sensor_async.py for tasks to queue
[2026-08-21T22:55:56.101+0000] {logging_mixin.py:188} INFO - [2026-08-21T22:55:56.101+0000] {dagbag.py:540} INFO - Filling up the DagBag from /home/airflow/.local/lib/python3.8/site-packages/airflow/example_dags/example_time_delta_sensor_async.py
[2026-08-21T22:55:56.107+0000] {processor.py:840} INFO - DAG(s) 'example_time_delta_sensor_async' retrieved from /home/airflow/.local/lib/python3.8/site-packages/airflow/example_dags/example_time_delta_sensor_async.py
[2026-08-21T22:55:56.132+0000] {logging_mixin.py:188} INFO - [2026-08-21T22:55:56.132+0000] {dag.py:3047} INFO - Sync 1 DAGs
[2026-08-21T22:55:56.146+0000] {logging_mixin.py:188} INFO - [2026-08-21T22:55:56.146+0000] {dag.py:3834} INFO - Setting next_dagrun for example_time_delta_sensor_async to None, run_after=None
[2026-08-21T22:55:56.171+0000] {processor.py:183} INFO - Processing /home/airflow/.local/lib/python3.8/site-packages/airflow/example_dags/example_time_delta_sensor_async.py took 0.078 seconds
[2026-08-21T22:56:27.024+0000] {processor.py:161} INFO - Started process (PID=1176) to work on /home/airflow/.local/lib/python3.8/site-packages/airflow/example_dags/example_time_delta_sensor_async.py
[2026-08-21T22:56:27.025+0000] {processor.py:830} INFO - Processing file /home/airflow/.local/lib/python3.8/site-packages/airflow/example_dags/example_time_delta_sensor_async.py for tasks to queue
[2026-08-21T22:56:27.028+0000] {logging_mixin.py:188} INFO - [2026-08-21T22:56:27.028+0000] {dagbag.py:540} INFO - Filling up the DagBag from /home/airflow/.local/lib/python3.8/site-packages/airflow/example_dags/example_time_delta_sensor_async.py
[2026-08-21T22:56:27.034+0000] {processor.py:840} INFO - DAG(s) 'example_time_delta_sensor_async' retrieved from /home/airflow/.local/lib/python3.8/site-packages/airflow/example_dags/example_time_delta_sensor_async.py
[2026-08-21T22:56:27.058+0000] {logging_mixin.py:188} INFO - [2026-08-21T22:56:27.058+0000] {dag.py:3047} INFO - Sync 1 DAGs
[2026-08-21T22:56:27.072+0000] {logging_mixin.py:188} INFO - [2026-08-21T22:56:27.072+0000] {dag.py:3834} INFO - Setting next_dagrun for example_time_delta_sensor_async to None, run_after=None
[2026-08-21T22:56:27.094+0000] {processor.py:183} INFO - Processing /home/airflow/.local/lib/python3.8/site-packages/airflow/example_dags/example_time_delta_sensor_async.py took 0.074 seconds
[2026-08-21T22:56:57.580+0000] {processor.py:161} INFO - Started process (PID=1233) to work on /home/airflow/.local/lib/python3.8/site-packages/airflow/example_dags/example_time_delta_sensor_async.py
[2026-08-21T22:56:57.582+0000] {processor.py:830} INFO - Processing file /home/airflow/.local/lib/python3.8/site-packages/airflow/example_dags/example_time_delta_sensor_async.py for tasks to queue
[2026-08-21T22:56:57.586+0000] {logging_mixin.py:188} INFO - [2026-08-21T22:56:57.586+0000] {dagbag.py:540} INFO - Filling up the DagBag from /home/airflow/.local/lib/python3.8/site-packages/airflow/example_dags/example_time_delta_sensor_async.py
[2026-08-21T22:56:57.593+0000] {processor.py:840} INFO - DAG(s) 'example_time_delta_sensor_async' retrieved from /home/airflow/.local/lib/python3.8/site-packages/airflow/example_dags/example_time_delta_sensor_async.py
[2026-08-21T22:56:57.629+0000] {logging_mixin.py:188} INFO - [2026-08-21T22:56:57.629+0000] {dag.py:3047} INFO - Sync 1 DAGs
[2026-08-21T22:56:57.650+0000] {logging_mixin.py:188} INFO - [2026-08-21T22:56:57.649+0000] {dag.py:3834} INFO - Setting next_dagrun for example_time_delta_sensor_async to None, run_after=None
[2026-08-21T22:56:57.671+0000] {processor.py:183} INFO - Processing /home/airflow/.local/lib/python3.8/site-packages/airflow/example_dags/example_time_delta_sensor_async.py took 0.095 seconds
[2026-08-21T22:57:28.261+0000] {processor.py:161} INFO - Started process (PID=1290) to work on /home/airflow/.local/lib/python3.8/site-packages/airflow/example_dags/example_time_delta_sensor_async.py
[2026-08-21T22:57:28.264+0000] {processor.py:830} INFO - Processing file /home/airflow/.local/lib/python3.8/site-packages/airflow/example_dags/example_time_delta_sensor_async.py for tasks to queue
[2026-08-21T22:57:28.267+0000] {logging_mixin.py:188} INFO - [2026-08-21T22:57:28.266+0000] {dagbag.py:540} INFO - Filling up the DagBag from /home/airflow/.local/lib/python3.8/site-packages/airflow/example_dags/example_time_delta_sensor_async.py
[2026-08-21T22:57:28.274+0000] {processor.py:840} INFO - DAG(s) 'example_time_delta_sensor_async' retrieved from /home/airflow/.local/lib/python3.8/site-packages/airflow/example_dags/example_time_delta_sensor_async.py
[2026-08-21T22:57:28.298+0000] {logging_mixin.py:188} INFO - [2026-08-21T22:57:28.298+0000] {dag.py:3047} INFO - Sync 1 DAGs
[2026-08-21T22:57:28.311+0000] {logging_mixin.py:188} INFO - [2026-08-21T22:57:28.311+0000] {dag.py:3834} INFO - Setting next_dagrun for example_time_delta_sensor_async to None, run_after=None
[2026-08-21T22:57:28.332+0000] {processor.py:183} INFO - Processing /home/airflow/.local/lib/python3.8/site-packages/airflow/example_dags/example_time_delta_sensor_async.py took 0.074 seconds
[2026-08-21T22:57:58.614+0000] {processor.py:161} INFO - Started process (PID=1347) to work on /home/airflow/.local/lib/python3.8/site-packages/airflow/example_dags/example_time_delta_sensor_async.py
[2026-08-21T22:57:58.616+0000] {processor.py:830} INFO - Processing file /home/airflow/.local/lib/python3.8/site-packages/airflow/example_dags/example_time_delta_sensor_async.py for tasks to queue
[2026-08-21T22:57:58.619+0000] {logging_mixin.py:188} INFO - [2026-08-21T22:57:58.619+0000] {dagbag.py:540} INFO - Filling up the DagBag from /home/airflow/.local/lib/python3.8/site-packages/airflow/example_dags/example_time_delta_sensor_async.py
[2026-08-21T22:57:58.626+0000] {processor.py:840} INFO - DAG(s) 'example_time_delta_sensor_async' retrieved from /home/airflow/.local/lib/python3.8/site-packages/airflow/example_dags/example_time_delta_sensor_async.py
[2026-08-21T22:57:58.653+0000] {logging_mixin.py:188} INFO - [2026-08-21T22:57:58.653+0000] {dag.py:3047} INFO - Sync 1 DAGs
[2026-08-21T22:57:58.670+0000] {logging_mixin.py:188} INFO - [2026-08-21T22:57:58.669+0000] {dag.py:3834} INFO - Setting next_dagrun for example_time_delta_sensor_async to None, run_after=None
[2026-08-21T22:57:58.691+0000] {processor.py:183} INFO - Processing /home/airflow/.local/lib/python3.8/site-packages/airflow/example_dags/example_time_delta_sensor_async.py took 0.082 seconds
[2026-08-21T22:58:29.223+0000] {processor.py:161} INFO - Started process (PID=1404) to work on /home/airflow/.local/lib/python3.8/site-packages/airflow/example_dags/example_time_delta_sensor_async.py
[2026-08-21T22:58:29.225+0000] {processor.py:830} INFO - Processing file /home/airflow/.local/lib/python3.8/site-packages/airflow/example_dags/example_time_delta_sensor_async.py for tasks to queue
[2026-08-21T22:58:29.229+0000] {logging_mixin.py:188} INFO - [2026-08-21T22:58:29.228+0000] {dagbag.py:540} INFO - Filling up the DagBag from /home/airflow/.local/lib/python3.8/site-packages/airflow/example_dags/example_time_delta_sensor_async.py
[2026-08-21T22:58:29.235+0000] {processor.py:840} INFO - DAG(s) 'example_time_delta_sensor_async' retrieved from /home/airflow/.local/lib/python3.8/site-packages/airflow/example_dags/example_time_delta_sensor_async.py
[2026-08-21T22:58:29.260+0000] {logging_mixin.py:188} INFO - [2026-08-21T22:58:29.260+0000] {dag.py:3047} INFO - Sync 1 DAGs
[2026-08-21T22:58:29.276+0000] {logging_mixin.py:188} INFO - [2026-08-21T22:58:29.276+0000] {dag.py:3834} INFO - Setting next_dagrun for example_time_delta_sensor_async to None, run_after=None
[2026-08-21T22:58:29.299+0000] {processor.py:183} INFO - Processing /home/airflow/.local/lib/python3.8/site-packages/airflow/example_dags/example_time_delta_sensor_async.py took 0.079 seconds
[2026-08-21T22:58:59.518+0000] {processor.py:161} INFO - Started process (PID=1461) to work on /home/airflow/.local/lib/python3.8/site-packages/airflow/example_dags/example_time_delta_sensor_async.py
[2026-08-21T22:58:59.520+0000] {processor.py:830} INFO - Processing file /home/airflow/.local/lib/python3.8/site-packages/airflow/example_dags/example_time_delta_sensor_async.py for tasks to queue
[2026-08-21T22:58:59.524+0000] {logging_mixin.py:188} INFO - [2026-08-21T22:58:59.523+0000] {dagbag.py:540} INFO - Filling up the DagBag from /home/airflow/.local/lib/python3.8/site-packages/airflow/example_dags/example_time_delta_sensor_async.py
[2026-08-21T22:58:59.531+0000] {processor.py:840} INFO - DAG(s) 'example_time_delta_sensor_async' retrieved from /home/airflow/.local/lib/python3.8/site-packages/airflow/example_dags/example_time_delta_sensor_async.py
[2026-08-21T22:58:59.556+0000] {logging_mixin.py:188} INFO - [2026-08-21T22:58:59.555+0000] {dag.py:3047} INFO - Sync 1 DAGs
[2026-08-21T22:58:59.572+0000] {logging_mixin.py:188} INFO - [2026-08-21T22:58:59.571+0000] {dag.py:3834} INFO - Setting next_dagrun for example_time_delta_sensor_async to None, run_after=None
[2026-08-21T22:58:59.595+0000] {processor.py:183} INFO - Processing /home/airflow/.local/lib/python3.8/site-packages/airflow/example_dags/example_time_delta_sensor_async.py took 0.082 seconds
[2026-08-21T22:59:30.056+0000] {processor.py:161} INFO - Started process (PID=1518) to work on /home/airflow/.local/lib/python3.8/site-packages/airflow/example_dags/example_time_delta_sensor_async.py
[2026-08-21T22:59:30.058+0000] {processor.py:830} INFO - Processing file /home/airflow/.local/lib/python3.8/site-packages/airflow/example_dags/example_time_delta_sensor_async.py for tasks to queue
[2026-08-21T22:59:30.060+0000] {logging_mixin.py:188} INFO - [2026-08-21T22:59:30.060+0000] {dagbag.py:540} INFO - Filling up the DagBag from /home/airflow/.local/lib/python3.8/site-packages/airflow/example_dags/example_time_delta_sensor_async.py
[2026-08-21T22:59:30.066+0000] {processor.py:840} INFO - DAG(s) 'example_time_delta_sensor_async' retrieved from /home/airflow/.local/lib/python3.8/site-packages/airflow/example_dags/example_time_delta_sensor_async.py
[2026-08-21T22:59:30.089+0000] {logging_mixin.py:188} INFO - [2026-08-21T22:59:30.089+0000] {dag.py:3047} INFO - Sync 1 DAGs
[2026-08-21T22:59:30.102+0000] {logging_mixin.py:188} INFO - [2026-08-21T22:59:30.101+0000] {dag.py:3834} INFO - Setting next_dagrun for example_time_delta_sensor_async to None, run_after=None
[2026-08-21T22:59:30.125+0000] {processor.py:183} INFO - Processing /home/airflow/.local/lib/python3.8/site-packages/airflow/example_dags/example_time_delta_sensor_async.py took 0.072 seconds
[2026-08-21T23:00:00.566+0000] {processor.py:161} INFO - Started process (PID=1575) to work on /home/airflow/.local/lib/python3.8/site-packages/airflow/example_dags/example_time_delta_sensor_async.py
[2026-08-21T23:00:00.569+0000] {processor.py:830} INFO - Processing file /home/airflow/.local/lib/python3.8/site-packages/airflow/example_dags/example_time_delta_sensor_async.py for tasks to queue
[2026-08-21T23:00:00.572+0000] {logging_mixin.py:188} INFO - [2026-08-21T23:00:00.572+0000] {dagbag.py:540} INFO - Filling up the DagBag from /home/airflow/.local/lib/python3.8/site-packages/airflow/example_dags/example_time_delta_sensor_async.py
[2026-08-21T23:00:00.580+0000] {processor.py:840} INFO - DAG(s) 'example_time_delta_sensor_async' retrieved from /home/airflow/.local/lib/python3.8/site-packages/airflow/example_dags/example_time_delta_sensor_async.py
[2026-08-21T23:00:00.613+0000] {logging_mixin.py:188} INFO - [2026-08-21T23:00:00.612+0000] {dag.py:3047} INFO - Sync 1 DAGs
[2026-08-21T23:00:00.632+0000] {logging_mixin.py:188} INFO - [2026-08-21T23:00:00.631+0000] {dag.py:3834} INFO - Setting next_dagrun for example_time_delta_sensor_async to None, run_after=None
[2026-08-21T23:00:00.660+0000] {processor.py:183} INFO - Processing /home/airflow/.local/lib/python3.8/site-packages/airflow/example_dags/example_time_delta_sensor_async.py took 0.098 seconds
[2026-08-21T23:00:30.872+0000] {processor.py:161} INFO - Started process (PID=1632) to work on /home/airflow/.local/lib/python3.8/site-packages/airflow/example_dags/example_time_delta_sensor_async.py
[2026-08-21T23:00:30.874+0000] {processor.py:830} INFO - Processing file /home/airflow/.local/lib/python3.8/site-packages/airflow/example_dags/example_time_delta_sensor_async.py for tasks to queue
[2026-08-21T23:00:30.877+0000] {logging_mixin.py:188} INFO - [2026-08-21T23:00:30.876+0000] {dagbag.py:540} INFO - Filling up the DagBag from /home/airflow/.local/lib/python3.8/site-packages/airflow/example_dags/example_time_delta_sensor_async.py
[2026-08-21T23:00:30.883+0000] {processor.py:840} INFO - DAG(s) 'example_time_delta_sensor_async' retrieved from /home/airflow/.local/lib/python3.8/site-packages/airflow/example_dags/example_time_delta_sensor_async.py
[2026-08-21T23:00:30.908+0000] {logging_mixin.py:188} INFO - [2026-08-21T23:00:30.908+0000] {dag.py:3047} INFO - Sync 1 DAGs
[2026-08-21T23:00:30.921+0000] {logging_mixin.py:188} INFO - [2026-08-21T23:00:30.921+0000] {dag.py:3834} INFO - Setting next_dagrun for example_time_delta_sensor_async to None, run_after=None
[2026-08-21T23:00:30.941+0000] {processor.py:183} INFO - Processing /home/airflow/.local/lib/python3.8/site-packages/airflow/example_dags/example_time_delta_sensor_async.py took 0.073 seconds
[2026-08-21T23:01:01.601+0000] {processor.py:161} INFO - Started process (PID=1689) to work on /home/airflow/.local/lib/python3.8/site-packages/airflow/example_dags/example_time_delta_sensor_async.py
[2026-08-21T23:01:01.603+0000] {processor.py:830} INFO - Processing file /home/airflow/.local/lib/python3.8/site-packages/airflow/example_dags/example_time_delta_sensor_async.py for tasks to queue
[2026-08-21T23:01:01.605+0000] {logging_mixin.py:188} INFO - [2026-08-21T23:01:01.605+0000] {dagbag.py:540} INFO - Filling up the DagBag from /home/airflow/.local/lib/python3.8/site-packages/airflow/example_dags/example_time_delta_sensor_async.py
[2026-08-21T23:01:01.611+0000] {processor.py:840} INFO - DAG(s) 'example_time_delta_sensor_async' retrieved from /home/airflow/.local/lib/python3.8/site-packages/airflow/example_dags/example_time_delta_sensor_async.py
[2026-08-21T23:01:01.634+0000] {logging_mixin.py:188} INFO - [2026-08-21T23:01:01.633+0000] {dag.py:3047} INFO - Sync 1 DAGs
[2026-08-21T23:01:01.647+0000] {logging_mixin.py:188} INFO - [2026-08-21T23:01:01.646+0000] {dag.py:3834} INFO - Setting next_dagrun for example_time_delta_sensor_async to None, run_after=None
[2026-08-21T23:01:01.667+0000] {processor.py:183} INFO - Processing /home/airflow/.local/lib/python3.8/site-packages/airflow/example_dags/example_time_delta_sensor_async.py took 0.069 seconds
[2026-08-21T23:01:31.897+0000] {processor.py:161} INFO - Started process (PID=1746) to work on /home/airflow/.local/lib/python3.8/site-packages/airflow/example_dags/example_time_delta_sensor_async.py
[2026-08-21T23:01:31.898+0000] {processor.py:830} INFO - Processing file /home/airflow/.local/lib/python3.8/site-packages/airflow/example_dags/example_time_delta_sensor_async.py for tasks to queue
[2026-08-21T23:01:31.901+0000] {logging_mixin.py:188} INFO - [2026-08-21T23:01:31.900+0000] {dagbag.py:540} INFO - Filling up the DagBag from /home/airflow/.local/lib/python3.8/site-packages/airflow/example_dags/example_time_delta_sensor_async.py
[2026-08-21T23:01:31.907+0000] {processor.py:840} INFO - DAG(s) 'example_time_delta_sensor_async' retrieved from /home/airflow/.local/lib/python3.8/site-packages/airflow/example_dags/example_time_delta_sensor_async.py
[2026-08-21T23:01:31.930+0000] {logging_mixin.py:188} INFO - [2026-08-21T23:01:31.930+0000] {dag.py:3047} INFO - Sync 1 DAGs
[2026-08-21T23:01:31.942+0000] {logging_mixin.py:188} INFO - [2026-08-21T23:01:31.942+0000] {dag.py:3834} INFO - Setting next_dagrun for example_time_delta_sensor_async to None, run_after=None
[2026-08-21T23:01:31.967+0000] {processor.py:183} INFO - Processing /home/airflow/.local/lib/python3.8/site-packages/airflow/example_dags/example_time_delta_sensor_async.py took 0.075 seconds
[2026-08-21T23:02:02.257+0000] {processor.py:161} INFO - Started process (PID=1803) to work on /home/airflow/.local/lib/python3.8/site-packages/airflow/example_dags/example_time_delta_sensor_async.py
[2026-08-21T23:02:02.261+0000] {processor.py:830} INFO - Processing file /home/airflow/.local/lib/python3.8/site-packages/airflow/example_dags/example_time_delta_sensor_async.py for tasks to queue
[2026-08-21T23:02:02.265+0000] {logging_mixin.py:188} INFO - [2026-08-21T23:02:02.264+0000] {dagbag.py:540} INFO - Filling up the DagBag from /home/airflow/.local/lib/python3.8/site-packages/airflow/example_dags/example_time_delta_sensor_async.py
[2026-08-21T23:02:02.271+0000] {processor.py:840} INFO - DAG(s) 'example_time_delta_sensor_async' retrieved from /home/airflow/.local/lib/python3.8/site-packages/airflow/example_dags/example_time_delta_sensor_async.py
[2026-08-21T23:02:02.296+0000] {logging_mixin.py:188} INFO - [2026-08-21T23:02:02.296+0000] {dag.py:3047} INFO - Sync 1 DAGs
[2026-08-21T23:02:02.309+0000] {logging_mixin.py:188} INFO - [2026-08-21T23:02:02.309+0000] {dag.py:3834} INFO - Setting next_dagrun for example_time_delta_sensor_async to None, run_after=None
[2026-08-21T23:02:02.332+0000] {processor.py:183} INFO - Processing /home/airflow/.local/lib/python3.8/site-packages/airflow/example_dags/example_time_delta_sensor_async.py took 0.078 seconds
[2026-08-21T23:02:32.493+0000] {processor.py:161} INFO - Started process (PID=1860) to work on /home/airflow/.local/lib/python3.8/site-packages/airflow/example_dags/example_time_delta_sensor_async.py
[2026-08-21T23:02:32.495+0000] {processor.py:830} INFO - Processing file /home/airflow/.local/lib/python3.8/site-packages/airflow/example_dags/example_time_delta_sensor_async.py for tasks to queue
[2026-08-21T23:02:32.498+0000] {logging_mixin.py:188} INFO - [2026-08-21T23:02:32.497+0000] {dagbag.py:540} INFO - Filling up the DagBag from /home/airflow/.local/lib/python3.8/site-packages/airflow/example_dags/example_time_delta_sensor_async.py
[2026-08-21T23:02:32.505+0000] {processor.py:840} INFO - DAG(s) 'example_time_delta_sensor_async' retrieved from /home/airflow/.local/lib/python3.8/site-packages/airflow/example_dags/example_time_delta_sensor_async.py
[2026-08-21T23:02:32.530+0000] {logging_mixin.py:188} INFO - [2026-08-21T23:02:32.529+0000] {dag.py:3047} INFO - Sync 1 DAGs
[2026-08-21T23:02:32.544+0000] {logging_mixin.py:188} INFO - [2026-08-21T23:02:32.543+0000] {dag.py:3834} INFO - Setting next_dagrun for example_time_delta_sensor_async to None, run_after=None
[2026-08-21T23:02:32.566+0000] {processor.py:183} INFO - Processing /home/airflow/.local/lib/python3.8/site-packages/airflow/example_dags/example_time_delta_sensor_async.py took 0.076 seconds
[2026-08-21T23:03:03.032+0000] {processor.py:161} INFO - Started process (PID=1917) to work on /home/airflow/.local/lib/python3.8/site-packages/airflow/example_dags/example_time_delta_sensor_async.py
[2026-08-21T23:03:03.034+0000] {processor.py:830} INFO - Processing file /home/airflow/.local/lib/python3.8/site-packages/airflow/example_dags/example_time_delta_sensor_async.py for tasks to queue
[2026-08-21T23:03:03.038+0000] {logging_mixin.py:188} INFO - [2026-08-21T23:03:03.037+0000] {dagbag.py:540} INFO - Filling up the DagBag from /home/airflow/.local/lib/python3.8/site-packages/airflow/example_dags/example_time_delta_sensor_async.py
[2026-08-21T23:03:03.046+0000] {processor.py:840} INFO - DAG(s) 'example_time_delta_sensor_async' retrieved from /home/airflow/.local/lib/python3.8/site-packages/airflow/example_dags/example_time_delta_sensor_async.py
[2026-08-21T23:03:03.073+0000] {logging_mixin.py:188} INFO - [2026-08-21T23:03:03.073+0000] {dag.py:3047} INFO - Sync 1 DAGs
[2026-08-21T23:03:03.088+0000] {logging_mixin.py:188} INFO - [2026-08-21T23:03:03.087+0000] {dag.py:3834} INFO - Setting next_dagrun for example_time_delta_sensor_async to None, run_after=None
[2026-08-21T23:03:03.111+0000] {processor.py:183} INFO - Processing /home/airflow/.local/lib/python3.8/site-packages/airflow/example_dags/example_time_delta_sensor_async.py took 0.083 seconds
[2026-08-21T23:03:33.167+0000] {processor.py:161} INFO - Started process (PID=1974) to work on /home/airflow/.local/lib/python3.8/site-packages/airflow/example_dags/example_time_delta_sensor_async.py
[2026-08-21T23:03:33.169+0000] {processor.py:830} INFO - Processing file /home/airflow/.local/lib/python3.8/site-packages/airflow/example_dags/example_time_delta_sensor_async.py for tasks to queue
[2026-08-21T23:03:33.172+0000] {logging_mixin.py:188} INFO - [2026-08-21T23:03:33.172+0000] {dagbag.py:540} INFO - Filling up the DagBag from /home/airflow/.local/lib/python3.8/site-packages/airflow/example_dags/example_time_delta_sensor_async.py
[2026-08-21T23:03:33.179+0000] {processor.py:840} INFO - DAG(s) 'example_time_delta_sensor_async' retrieved from /home/airflow/.local/lib/python3.8/site-packages/airflow/example_dags/example_time_delta_sensor_async.py
[2026-08-21T23:03:33.210+0000] {logging_mixin.py:188} INFO - [2026-08-21T23:03:33.210+0000] {dag.py:3047} INFO - Sync 1 DAGs
[2026-08-21T23:03:33.233+0000] {logging_mixin.py:188} INFO - [2026-08-21T23:03:33.232+0000] {dag.py:3834} INFO - Setting next_dagrun for example_time_delta_sensor_async to None, run_after=None
[2026-08-21T23:03:33.264+0000] {processor.py:183} INFO - Processing /home/airflow/.local/lib/python3.8/site-packages/airflow/example_dags/example_time_delta_sensor_async.py took 0.102 seconds
[2026-08-21T23:04:04.660+0000] {processor.py:161} INFO - Started process (PID=2031) to work on /home/airflow/.local/lib/python3.8/site-packages/airflow/example_dags/example_time_delta_sensor_async.py
[2026-08-21T23:04:04.663+0000] {processor.py:830} INFO - Processing file /home/airflow/.local/lib/python3.8/site-packages/airflow/example_dags/example_time_delta_sensor_async.py for tasks to queue
[2026-08-21T23:04:04.669+0000] {logging_mixin.py:188} INFO - [2026-08-21T23:04:04.668+0000] {dagbag.py:540} INFO - Filling up the DagBag from /home/airflow/.local/lib/python3.8/site-packages/airflow/example_dags/example_time_delta_sensor_async.py
[2026-08-21T23:04:04.678+0000] {processor.py:840} INFO - DAG(s) 'example_time_delta_sensor_async' retrieved from /home/airflow/.local/lib/python3.8/site-packages/airflow/example_dags/example_time_delta_sensor_async.py
[2026-08-21T23:04:04.721+0000] {logging_mixin.py:188} INFO - [2026-08-21T23:04:04.720+0000] {dag.py:3047} INFO - Sync 1 DAGs
[2026-08-21T23:04:04.747+0000] {logging_mixin.py:188} INFO - [2026-08-21T23:04:04.746+0000] {dag.py:3834} INFO - Setting next_dagrun for example_time_delta_sensor_async to None, run_after=None
[2026-08-21T23:04:04.780+0000] {processor.py:183} INFO - Processing /home/airflow/.local/lib/python3.8/site-packages/airflow/example_dags/example_time_delta_sensor_async.py took 0.127 seconds
[2026-08-21T23:04:34.948+0000] {processor.py:161} INFO - Started process (PID=2088) to work on /home/airflow/.local/lib/python3.8/site-packages/airflow/example_dags/example_time_delta_sensor_async.py
[2026-08-21T23:04:34.950+0000] {processor.py:830} INFO - Processing file /home/airflow/.local/lib/python3.8/site-packages/airflow/example_dags/example_time_delta_sensor_async.py for tasks to queue
[2026-08-21T23:04:34.953+0000] {logging_mixin.py:188} INFO - [2026-08-21T23:04:34.953+0000] {dagbag.py:540} INFO - Filling up the DagBag from /home/airflow/.local/lib/python3.8/site-packages/airflow/example_dags/example_time_delta_sensor_async.py
[2026-08-21T23:04:34.959+0000] {processor.py:840} INFO - DAG(s) 'example_time_delta_sensor_async' retrieved from /home/airflow/.local/lib/python3.8/site-packages/airflow/example_dags/example_time_delta_sensor_async.py
[2026-08-21T23:04:34.984+0000] {logging_mixin.py:188} INFO - [2026-08-21T23:04:34.984+0000] {dag.py:3047} INFO - Sync 1 DAGs
[2026-08-21T23:04:34.998+0000] {logging_mixin.py:188} INFO - [2026-08-21T23:04:34.997+0000] {dag.py:3834} INFO - Setting next_dagrun for example_time_delta_sensor_async to None, run_after=None
[2026-08-21T23:04:35.018+0000] {processor.py:183} INFO - Processing /home/airflow/.local/lib/python3.8/site-packages/airflow/example_dags/example_time_delta_sensor_async.py took 0.074 seconds
[2026-08-21T23:05:05.084+0000] {processor.py:161} INFO - Started process (PID=2145) to work on /home/airflow/.local/lib/python3.8/site-packages/airflow/example_dags/example_time_delta_sensor_async.py
[2026-08-21T23:05:05.086+0000] {processor.py:830} INFO - Processing file /home/airflow/.local/lib/python3.8/site-packages/airflow/example_dags/example_time_delta_sensor_async.py for tasks to queue
[2026-08-21T23:05:05.090+0000] {logging_mixin.py:188} INFO - [2026-08-21T23:05:05.089+0000] {dagbag.py:540} INFO - Filling up the DagBag from /home/airflow/.local/lib/python3.8/site-packages/airflow/example_dags/example_time_delta_sensor_async.py
[2026-08-21T23:05:05.098+0000] {processor.py:840} INFO - DAG(s) 'example_time_delta_sensor_async' retrieved from /home/airflow/.local/lib/python3.8/site-packages/airflow/example_dags/example_time_delta_sensor_async.py
[2026-08-21T23:05:05.129+0000] {logging_mixin.py:188} INFO - [2026-08-21T23:05:05.129+0000] {dag.py:3047} INFO - Sync 1 DAGs
[2026-08-21T23:05:05.145+0000] {logging_mixin.py:188} INFO - [2026-08-21T23:05:05.145+0000] {dag.py:3834} INFO - Setting next_dagrun for example_time_delta_sensor_async to None, run_after=None
[2026-08-21T23:05:05.171+0000] {processor.py:183} INFO - Processing /home/airflow/.local/lib/python3.8/site-packages/airflow/example_dags/example_time_delta_sensor_async.py took 0.092 seconds
[2026-08-21T23:05:35.490+0000] {processor.py:161} INFO - Started process (PID=2202) to work on /home/airflow/.local/lib/python3.8/site-packages/airflow/example_dags/example_time_delta_sensor_async.py
[2026-08-21T23:05:35.491+0000] {processor.py:830} INFO - Processing file /home/airflow/.local/lib/python3.8/site-packages/airflow/example_dags/example_time_delta_sensor_async.py for tasks to queue
[2026-08-21T23:05:35.493+0000] {logging_mixin.py:188} INFO - [2026-08-21T23:05:35.493+0000] {dagbag.py:540} INFO - Filling up the DagBag from /home/airflow/.local/lib/python3.8/site-packages/airflow/example_dags/example_time_delta_sensor_async.py
[2026-08-21T23:05:35.499+0000] {processor.py:840} INFO - DAG(s) 'example_time_delta_sensor_async' retrieved from /home/airflow/.local/lib/python3.8/site-packages/airflow/example_dags/example_time_delta_sensor_async.py
[2026-08-21T23:05:35.519+0000] {logging_mixin.py:188} INFO - [2026-08-21T23:05:35.519+0000] {dag.py:3047} INFO - Sync 1 DAGs
[2026-08-21T23:05:35.531+0000] {logging_mixin.py:188} INFO - [2026-08-21T23:05:35.531+0000] {dag.py:3834} INFO - Setting next_dagrun for example_time_delta_sensor_async to None, run_after=None
[2026-08-21T23:05:35.553+0000] {processor.py:183} INFO - Processing /home/airflow/.local/lib/python3.8/site-packages/airflow/example_dags/example_time_delta_sensor_async.py took 0.067 seconds
[2026-08-21T23:06:05.923+0000] {processor.py:161} INFO - Started process (PID=2259) to work on /home/airflow/.local/lib/python3.8/site-packages/airflow/example_dags/example_time_delta_sensor_async.py
[2026-08-21T23:06:05.927+0000] {processor.py:830} INFO - Processing file /home/airflow/.local/lib/python3.8/site-packages/airflow/example_dags/example_time_delta_sensor_async.py for tasks to queue
[2026-08-21T23:06:05.931+0000] {logging_mixin.py:188} INFO - [2026-08-21T23:06:05.930+0000] {dagbag.py:540} INFO - Filling up the DagBag from /home/airflow/.local/lib/python3.8/site-packages/airflow/example_dags/example_time_delta_sensor_async.py
[2026-08-21T23:06:05.944+0000] {processor.py:840} INFO - DAG(s) 'example_time_delta_sensor_async' retrieved from /home/airflow/.local/lib/python3.8/site-packages/airflow/example_dags/example_time_delta_sensor_async.py
[2026-08-21T23:06:05.986+0000] {logging_mixin.py:188} INFO - [2026-08-21T23:06:05.985+0000] {dag.py:3047} INFO - Sync 1 DAGs
[2026-08-21T23:06:06.013+0000] {logging_mixin.py:188} INFO - [2026-08-21T23:06:06.013+0000] {dag.py:3834} INFO - Setting next_dagrun for example_time_delta_sensor_async to None, run_after=None
[2026-08-21T23:06:06.055+0000] {processor.py:183} INFO - Processing /home/airflow/.local/lib/python3.8/site-packages/airflow/example_dags/example_time_delta_sensor_async.py took 0.139 seconds
[2026-08-21T23:06:36.649+0000] {processor.py:161} INFO - Started process (PID=2316) to work on /home/airflow/.local/lib/python3.8/site-packages/airflow/example_dags/example_time_delta_sensor_async.py
[2026-08-21T23:06:36.651+0000] {processor.py:830} INFO - Processing file /home/airflow/.local/lib/python3.8/site-packages/airflow/example_dags/example_time_delta_sensor_async.py for tasks to queue
[2026-08-21T23:06:36.655+0000] {logging_mixin.py:188} INFO - [2026-08-21T23:06:36.654+0000] {dagbag.py:540} INFO - Filling up the DagBag from /home/airflow/.local/lib/python3.8/site-packages/airflow/example_dags/example_time_delta_sensor_async.py
[2026-08-21T23:06:36.662+0000] {processor.py:840} INFO - DAG(s) 'example_time_delta_sensor_async' retrieved from /home/airflow/.local/lib/python3.8/site-packages/airflow/example_dags/example_time_delta_sensor_async.py
[2026-08-21T23:06:36.691+0000] {logging_mixin.py:188} INFO - [2026-08-21T23:06:36.691+0000] {dag.py:3047} INFO - Sync 1 DAGs
[2026-08-21T23:06:36.707+0000] {logging_mixin.py:188} INFO - [2026-08-21T23:06:36.707+0000] {dag.py:3834} INFO - Setting next_dagrun for example_time_delta_sensor_async to None, run_after=None
[2026-08-21T23:06:36.732+0000] {processor.py:183} INFO - Processing /home/airflow/.local/lib/python3.8/site-packages/airflow/example_dags/example_time_delta_sensor_async.py took 0.088 seconds
[2026-08-21T23:07:06.921+0000] {processor.py:161} INFO - Started process (PID=2373) to work on /home/airflow/.local/lib/python3.8/site-packages/airflow/example_dags/example_time_delta_sensor_async.py
[2026-08-21T23:07:06.922+0000] {processor.py:830} INFO - Processing file /home/airflow/.local/lib/python3.8/site-packages/airflow/example_dags/example_time_delta_sensor_async.py for tasks to queue
[2026-08-21T23:07:06.925+0000] {logging_mixin.py:188} INFO - [2026-08-21T23:07:06.925+0000] {dagbag.py:540} INFO - Filling up the DagBag from /home/airflow/.local/lib/python3.8/site-packages/airflow/example_dags/example_time_delta_sensor_async.py
[2026-08-21T23:07:06.931+0000] {processor.py:840} INFO - DAG(s) 'example_time_delta_sensor_async' retrieved from /home/airflow/.local/lib/python3.8/site-packages/airflow/example_dags/example_time_delta_sensor_async.py
[2026-08-21T23:07:06.958+0000] {logging_mixin.py:188} INFO - [2026-08-21T23:07:06.958+0000] {dag.py:3047} INFO - Sync 1 DAGs
[2026-08-21T23:07:06.973+0000] {logging_mixin.py:188} INFO - [2026-08-21T23:07:06.972+0000] {dag.py:3834} INFO - Setting next_dagrun for example_time_delta_sensor_async to None, run_after=None
[2026-08-21T23:07:06.997+0000] {processor.py:183} INFO - Processing /home/airflow/.local/lib/python3.8/site-packages/airflow/example_dags/example_time_delta_sensor_async.py took 0.081 seconds
[2026-08-21T23:07:37.745+0000] {processor.py:161} INFO - Started process (PID=2430) to work on /home/airflow/.local/lib/python3.8/site-packages/airflow/example_dags/example_time_delta_sensor_async.py
[2026-08-21T23:07:37.748+0000] {processor.py:830} INFO - Processing file /home/airflow/.local/lib/python3.8/site-packages/airflow/example_dags/example_time_delta_sensor_async.py for tasks to queue
[2026-08-21T23:07:37.752+0000] {logging_mixin.py:188} INFO - [2026-08-21T23:07:37.752+0000] {dagbag.py:540} INFO - Filling up the DagBag from /home/airflow/.local/lib/python3.8/site-packages/airflow/example_dags/example_time_delta_sensor_async.py
[2026-08-21T23:07:37.759+0000] {processor.py:840} INFO - DAG(s) 'example_time_delta_sensor_async' retrieved from /home/airflow/.local/lib/python3.8/site-packages/airflow/example_dags/example_time_delta_sensor_async.py
[2026-08-21T23:07:37.786+0000] {logging_mixin.py:188} INFO - [2026-08-21T23:07:37.786+0000] {dag.py:3047} INFO - Sync 1 DAGs
[2026-08-21T23:07:37.802+0000] {logging_mixin.py:188} INFO - [2026-08-21T23:07:37.801+0000] {dag.py:3834} INFO - Setting next_dagrun for example_time_delta_sensor_async to None, run_after=None
[2026-08-21T23:07:37.826+0000] {processor.py:183} INFO - Processing /home/airflow/.local/lib/python3.8/site-packages/airflow/example_dags/example_time_delta_sensor_async.py took 0.086 seconds
