[2026-08-21T22:46:42.686+0000] {processor.py:161} INFO - Started process (PID=76) to work on /home/airflow/.local/lib/python3.8/site-packages/airflow/example_dags/example_branch_operator.py
[2026-08-21T22:46:42.688+0000] {processor.py:830} INFO - Processing file /home/airflow/.local/lib/python3.8/site-packages/airflow/example_dags/example_branch_operator.py for tasks to queue
[2026-08-21T22:46:42.693+0000] {logging_mixin.py:188} INFO - [2026-08-21T22:46:42.692+0000] {dagbag.py:540} INFO - Filling up the DagBag from /home/airflow/.local/lib/python3.8/site-packages/airflow/example_dags/example_branch_operator.py
[2026-08-21T22:46:42.729+0000] {processor.py:840} INFO - DAG(s) 'example_branch_operator' retrieved from /home/airflow/.local/lib/python3.8/site-packages/airflow/example_dags/example_branch_operator.py
[2026-08-21T22:46:42.746+0000] {logging_mixin.py:188} INFO - [2026-08-21T22:46:42.746+0000] {dag.py:3047} INFO - Sync 1 DAGs
[2026-08-21T22:46:42.783+0000] {logging_mixin.py:188} INFO - [2026-08-21T22:46:42.782+0000] {dag.py:3834} INFO - Setting next_dagrun for example_branch_operator to 2026-08-20 00:00:00+00:00, run_after=2026-08-21 00:00:00+00:00
[2026-08-21T22:46:42.816+0000] {processor.py:183} INFO - Processing /home/airflow/.local/lib/python3.8/site-packages/airflow/example_dags/example_branch_operator.py took 0.156 seconds
[2026-08-21T22:47:13.314+0000] {processor.py:161} INFO - Started process (PID=132) to work on /home/airflow/.local/lib/python3.8/site-packages/airflow/example_dags/example_branch_operator.py
[2026-08-21T22:47:13.316+0000] {processor.py:830} INFO - Processing file /home/airflow/.local/lib/python3.8/site-packages/airflow/example_dags/example_branch_operator.py for tasks to queue
[2026-08-21T22:47:13.319+0000] {logging_mixin.py:188} INFO - [2026-08-21T22:47:13.318+0000] {dagbag.py:540} INFO - Filling up the DagBag from /home/airflow/.local/lib/python3.8/site-packages/airflow/example_dags/example_branch_operator.py
[2026-08-21T22:47:13.344+0000] {processor.py:840} INFO - DAG(s) 'example_branch_operator' retrieved from /home/airflow/.local/lib/python3.8/site-packages/airflow/example_dags/example_branch_operator.py
[2026-08-21T22:47:13.483+0000] {logging_mixin.py:188} INFO - [2026-08-21T22:47:13.482+0000] {dag.py:3047} INFO - Sync 1 DAGs
[2026-08-21T22:47:13.508+0000] {logging_mixin.py:188} INFO - [2026-08-21T22:47:13.508+0000] {dag.py:3834} INFO - Setting next_dagrun for example_branch_operator to 2026-08-20 00:00:00+00:00, run_after=2026-08-21 00:00:00+00:00
[2026-08-21T22:47:13.533+0000] {processor.py:183} INFO - Processing /home/airflow/.local/lib/python3.8/site-packages/airflow/example_dags/example_branch_operator.py took 0.222 seconds
[2026-08-21T22:47:44.401+0000] {processor.py:161} INFO - Started process (PID=189) to work on /home/airflow/.local/lib/python3.8/site-packages/airflow/example_dags/example_branch_operator.py
[2026-08-21T22:47:44.403+0000] {processor.py:830} INFO - Processing file /home/airflow/.local/lib/python3.8/site-packages/airflow/example_dags/example_branch_operator.py for tasks to queue
[2026-08-21T22:47:44.412+0000] {logging_mixin.py:188} INFO - [2026-08-21T22:47:44.411+0000] {dagbag.py:540} INFO - Filling up the DagBag from /home/airflow/.local/lib/python3.8/site-packages/airflow/example_dags/example_branch_operator.py
[2026-08-21T22:47:44.456+0000] {processor.py:840} INFO - DAG(s) 'example_branch_operator' retrieved from /home/airflow/.local/lib/python3.8/site-packages/airflow/example_dags/example_branch_operator.py
[2026-08-21T22:47:44.513+0000] {logging_mixin.py:188} INFO - [2026-08-21T22:47:44.512+0000] {dag.py:3047} INFO - Sync 1 DAGs
[2026-08-21T22:47:44.550+0000] {logging_mixin.py:188} INFO - [2026-08-21T22:47:44.549+0000] {dag.py:3834} INFO - Setting next_dagrun for example_branch_operator to 2026-08-20 00:00:00+00:00, run_after=2026-08-21 00:00:00+00:00
[2026-08-21T22:47:44.581+0000] {processor.py:183} INFO - Processing /home/airflow/.local/lib/python3.8/site-packages/airflow/example_dags/example_branch_operator.py took 0.186 seconds
[2026-08-21T22:48:15.416+0000] {processor.py:161} INFO - Started process (PID=245) to work on /home/airflow/.local/lib/python3.8/site-packages/airflow/example_dags/example_branch_operator.py
[2026-08-21T22:48:15.418+0000] {processor.py:830} INFO - Processing file /home/airflow/.local/lib/python3.8/site-packages/airflow/example_dags/example_branch_operator.py for tasks to queue
[2026-08-21T22:48:15.421+0000] {logging_mixin.py:188} INFO - [2026-08-21T22:48:15.420+0000] {dagbag.py:540} INFO - Filling up the DagBag from /home/airflow/.local/lib/python3.8/site-packages/airflow/example_dags/example_branch_operator.py
[2026-08-21T22:48:15.441+0000] {processor.py:840} INFO - DAG(s) 'example_branch_operator' retrieved from /home/airflow/.local/lib/python3.8/site-packages/airflow/example_dags/example_branch_operator.py
[2026-08-21T22:48:15.474+0000] {logging_mixin.py:188} INFO - [2026-08-21T22:48:15.473+0000] {dag.py:3047} INFO - Sync 1 DAGs
[2026-08-21T22:48:15.502+0000] {logging_mixin.py:188} INFO - [2026-08-21T22:48:15.501+0000] {dag.py:3834} INFO - Setting next_dagrun for example_branch_operator to 2026-08-20 00:00:00+00:00, run_after=2026-08-21 00:00:00+00:00
[2026-08-21T22:48:15.525+0000] {processor.py:183} INFO - Processing /home/airflow/.local/lib/python3.8/site-packages/airflow/example_dags/example_branch_operator.py took 0.114 seconds
[2026-08-21T22:48:45.874+0000] {processor.py:161} INFO - Started process (PID=302) to work on /home/airflow/.local/lib/python3.8/site-packages/airflow/example_dags/example_branch_operator.py
[2026-08-21T22:48:45.877+0000] {processor.py:830} INFO - Processing file /home/airflow/.local/lib/python3.8/site-packages/airflow/example_dags/example_branch_operator.py for tasks to queue
[2026-08-21T22:48:45.880+0000] {logging_mixin.py:188} INFO - [2026-08-21T22:48:45.880+0000] {dagbag.py:540} INFO - Filling up the DagBag from /home/airflow/.local/lib/python3.8/site-packages/airflow/example_dags/example_branch_operator.py
[2026-08-21T22:48:45.906+0000] {processor.py:840} INFO - DAG(s) 'example_branch_operator' retrieved from /home/airflow/.local/lib/python3.8/site-packages/airflow/example_dags/example_branch_operator.py
[2026-08-21T22:48:45.944+0000] {logging_mixin.py:188} INFO - [2026-08-21T22:48:45.944+0000] {dag.py:3047} INFO - Sync 1 DAGs
[2026-08-21T22:48:45.973+0000] {logging_mixin.py:188} INFO - [2026-08-21T22:48:45.972+0000] {dag.py:3834} INFO - Setting next_dagrun for example_branch_operator to 2026-08-20 00:00:00+00:00, run_after=2026-08-21 00:00:00+00:00
[2026-08-21T22:48:45.999+0000] {processor.py:183} INFO - Processing /home/airflow/.local/lib/python3.8/site-packages/airflow/example_dags/example_branch_operator.py took 0.133 seconds
[2026-08-21T22:49:16.278+0000] {processor.py:161} INFO - Started process (PID=359) to work on /home/airflow/.local/lib/python3.8/site-packages/airflow/example_dags/example_branch_operator.py
[2026-08-21T22:49:16.280+0000] {processor.py:830} INFO - Processing file /home/airflow/.local/lib/python3.8/site-packages/airflow/example_dags/example_branch_operator.py for tasks to queue
[2026-08-21T22:49:16.283+0000] {logging_mixin.py:188} INFO - [2026-08-21T22:49:16.283+0000] {dagbag.py:540} INFO - Filling up the DagBag from /home/airflow/.local/lib/python3.8/site-packages/airflow/example_dags/example_branch_operator.py
[2026-08-21T22:49:16.305+0000] {processor.py:840} INFO - DAG(s) 'example_branch_operator' retrieved from /home/airflow/.local/lib/python3.8/site-packages/airflow/example_dags/example_branch_operator.py
[2026-08-21T22:49:16.337+0000] {logging_mixin.py:188} INFO - [2026-08-21T22:49:16.337+0000] {dag.py:3047} INFO - Sync 1 DAGs
[2026-08-21T22:49:16.364+0000] {logging_mixin.py:188} INFO - [2026-08-21T22:49:16.364+0000] {dag.py:3834} INFO - Setting next_dagrun for example_branch_operator to 2026-08-20 00:00:00+00:00, run_after=2026-08-21 00:00:00+00:00
[2026-08-21T22:49:16.390+0000] {processor.py:183} INFO - Processing /home/airflow/.local/lib/python3.8/site-packages/airflow/example_dags/example_branch_operator.py took 0.115 seconds
[2026-08-21T22:49:46.597+0000] {processor.py:161} INFO - Started process (PID=416) to work on /home/airflow/.local/lib/python3.8/site-packages/airflow/example_dags/example_branch_operator.py
[2026-08-21T22:49:46.599+0000] {processor.py:830} INFO - Processing file /home/airflow/.local/lib/python3.8/site-packages/airflow/example_dags/example_branch_operator.py for tasks to queue
[2026-08-21T22:49:46.602+0000] {logging_mixin.py:188} INFO - [2026-08-21T22:49:46.602+0000] {dagbag.py:540} INFO - Filling up the DagBag from /home/airflow/.local/lib/python3.8/site-packages/airflow/example_dags/example_branch_operator.py
[2026-08-21T22:49:46.626+0000] {processor.py:840} INFO - DAG(s) 'example_branch_operator' retrieved from /home/airflow/.local/lib/python3.8/site-packages/airflow/example_dags/example_branch_operator.py
[2026-08-21T22:49:46.663+0000] {logging_mixin.py:188} INFO - [2026-08-21T22:49:46.663+0000] {dag.py:3047} INFO - Sync 1 DAGs
[2026-08-21T22:49:46.696+0000] {logging_mixin.py:188} INFO - [2026-08-21T22:49:46.695+0000] {dag.py:3834} INFO - Setting next_dagrun for example_branch_operator to 2026-08-20 00:00:00+00:00, run_after=2026-08-21 00:00:00+00:00
[2026-08-21T22:49:46.725+0000] {processor.py:183} INFO - Processing /home/airflow/.local/lib/python3.8/site-packages/airflow/example_dags/example_branch_operator.py took 0.132 seconds
[2026-08-21T22:50:17.094+0000] {processor.py:161} INFO - Started process (PID=473) to work on /home/airflow/.local/lib/python3.8/site-packages/airflow/example_dags/example_branch_operator.py
[2026-08-21T22:50:17.097+0000] {processor.py:830} INFO - Processing file /home/airflow/.local/lib/python3.8/site-packages/airflow/example_dags/example_branch_operator.py for tasks to queue
[2026-08-21T22:50:17.100+0000] {logging_mixin.py:188} INFO - [2026-08-21T22:50:17.099+0000] {dagbag.py:540} INFO - Filling up the DagBag from /home/airflow/.local/lib/python3.8/site-packages/airflow/example_dags/example_branch_operator.py
[2026-08-21T22:50:17.122+0000] {processor.py:840} INFO - DAG(s) 'example_branch_operator' retrieved from /home/airflow/.local/lib/python3.8/site-packages/airflow/example_dags/example_branch_operator.py
[2026-08-21T22:50:17.155+0000] {logging_mixin.py:188} INFO - [2026-08-21T22:50:17.155+0000] {dag.py:3047} INFO - Sync 1 DAGs
[2026-08-21T22:50:17.183+0000] {logging_mixin.py:188} INFO - [2026-08-21T22:50:17.183+0000] {dag.py:3834} INFO - Setting next_dagrun for example_branch_operator to 2026-08-20 00:00:00+00:00, run_after=2026-08-21 00:00:00+00:00
[2026-08-21T22:50:17.211+0000] {processor.py:183} INFO - Processing /home/airflow/.local/lib/python3.8/site-packages/airflow/example_dags/example_branch_operator.py took 0.122 seconds
[2026-08-21T22:50:47.306+0000] {processor.py:161} INFO - Started process (PID=530) to work on /home/airflow/.local/lib/python3.8/site-packages/airflow/example_dags/example_branch_operator.py
[2026-08-21T22:50:47.308+0000] {processor.py:830} INFO - Processing file /home/airflow/.local/lib/python3.8/site-packages/airflow/example_dags/example_branch_operator.py for tasks to queue
[2026-08-21T22:50:47.312+0000] {logging_mixin.py:188} INFO - [2026-08-21T22:50:47.311+0000] {dagbag.py:540} INFO - Filling up the DagBag from /home/airflow/.local/lib/python3.8/site-packages/airflow/example_dags/example_branch_operator.py
[2026-08-21T22:50:47.335+0000] {processor.py:840} INFO - DAG(s) 'example_branch_operator' retrieved from /home/airflow/.local/lib/python3.8/site-packages/airflow/example_dags/example_branch_operator.py
[2026-08-21T22:50:47.381+0000] {logging_mixin.py:188} INFO - [2026-08-21T22:50:47.381+0000] {dag.py:3047} INFO - Sync 1 DAGs
[2026-08-21T22:50:47.409+0000] {logging_mixin.py:188} INFO - [2026-08-21T22:50:47.409+0000] {dag.py:3834} INFO - Setting next_dagrun for example_branch_operator to 2026-08-20 00:00:00+00:00, run_after=2026-08-21 00:00:00+00:00
[2026-08-21T22:50:47.435+0000] {processor.py:183} INFO - Processing /home/airflow/.local/lib/python3.8/site-packages/airflow/example_dags/example_branch_operator.py took 0.135 seconds
[2026-08-21T22:51:17.674+0000] {processor.py:161} INFO - Started process (PID=587) to work on /home/airflow/.local/lib/python3.8/site-packages/airflow/example_dags/example_branch_operator.py
[2026-08-21T22:51:17.676+0000] {processor.py:830} INFO - Processing file /home/airflow/.local/lib/python3.8/site-packages/airflow/example_dags/example_branch_operator.py for tasks to queue
[2026-08-21T22:51:17.680+0000] {logging_mixin.py:188} INFO - [2026-08-21T22:51:17.679+0000] {dagbag.py:540} INFO - Filling up the DagBag from /home/airflow/.local/lib/python3.8/site-packages/airflow/example_dags/example_branch_operator.py
[2026-08-21T22:51:17.702+0000] {processor.py:840} INFO - DAG(s) 'example_branch_operator' retrieved from /home/airflow/.local/lib/python3.8/site-packages/airflow/example_dags/example_branch_operator.py
[2026-08-21T22:51:17.738+0000] {logging_mixin.py:188} INFO - [2026-08-21T22:51:17.737+0000] {dag.py:3047} INFO - Sync 1 DAGs
[2026-08-21T22:51:17.764+0000] {logging_mixin.py:188} INFO - [2026-08-21T22:51:17.764+0000] {dag.py:3834} INFO - Setting next_dagrun for example_branch_operator to 2026-08-20 00:00:00+00:00, run_after=2026-08-21 00:00:00+00:00
[2026-08-21T22:51:17.793+0000] {processor.py:183} INFO - Processing /home/airflow/.local/lib/python3.8/site-packages/airflow/example_dags/example_branch_operator.py took 0.122 seconds
[2026-08-21T22:51:47.884+0000] {processor.py:161} INFO - Started process (PID=644) to work on /home/airflow/.local/lib/python3.8/site-packages/airflow/example_dags/example_branch_operator.py
[2026-08-21T22:51:47.887+0000] {processor.py:830} INFO - Processing file /home/airflow/.local/lib/python3.8/site-packages/airflow/example_dags/example_branch_operator.py for tasks to queue
[2026-08-21T22:51:47.891+0000] {logging_mixin.py:188} INFO - [2026-08-21T22:51:47.891+0000] {dagbag.py:540} INFO - Filling up the DagBag from /home/airflow/.local/lib/python3.8/site-packages/airflow/example_dags/example_branch_operator.py
[2026-08-21T22:51:47.914+0000] {processor.py:840} INFO - DAG(s) 'example_branch_operator' retrieved from /home/airflow/.local/lib/python3.8/site-packages/airflow/example_dags/example_branch_operator.py
[2026-08-21T22:51:47.953+0000] {logging_mixin.py:188} INFO - [2026-08-21T22:51:47.952+0000] {dag.py:3047} INFO - Sync 1 DAGs
[2026-08-21T22:51:47.986+0000] {logging_mixin.py:188} INFO - [2026-08-21T22:51:47.986+0000] {dag.py:3834} INFO - Setting next_dagrun for example_branch_operator to 2026-08-20 00:00:00+00:00, run_after=2026-08-21 00:00:00+00:00
[2026-08-21T22:51:48.017+0000] {processor.py:183} INFO - Processing /home/airflow/.local/lib/python3.8/site-packages/airflow/example_dags/example_branch_operator.py took 0.138 seconds
[2026-08-21T22:52:18.366+0000] {processor.py:161} INFO - Started process (PID=701) to work on /home/airflow/.local/lib/python3.8/site-packages/airflow/example_dags/example_branch_operator.py
[2026-08-21T22:52:18.368+0000] {processor.py:830} INFO - Processing file /home/airflow/.local/lib/python3.8/site-packages/airflow/example_dags/example_branch_operator.py for tasks to queue
[2026-08-21T22:52:18.371+0000] {logging_mixin.py:188} INFO - [2026-08-21T22:52:18.371+0000] {dagbag.py:540} INFO - Filling up the DagBag from /home/airflow/.local/lib/python3.8/site-packages/airflow/example_dags/example_branch_operator.py
[2026-08-21T22:52:18.394+0000] {processor.py:840} INFO - DAG(s) 'example_branch_operator' retrieved from /home/airflow/.local/lib/python3.8/site-packages/airflow/example_dags/example_branch_operator.py
[2026-08-21T22:52:18.425+0000] {logging_mixin.py:188} INFO - [2026-08-21T22:52:18.425+0000] {dag.py:3047} INFO - Sync 1 DAGs
[2026-08-21T22:52:18.450+0000] {logging_mixin.py:188} INFO - [2026-08-21T22:52:18.450+0000] {dag.py:3834} INFO - Setting next_dagrun for example_branch_operator to 2026-08-20 00:00:00+00:00, run_after=2026-08-21 00:00:00+00:00
[2026-08-21T22:52:18.474+0000] {processor.py:183} INFO - Processing /home/airflow/.local/lib/python3.8/site-packages/airflow/example_dags/example_branch_operator.py took 0.112 seconds
[2026-08-21T22:52:48.575+0000] {processor.py:161} INFO - Started process (PID=758) to work on /home/airflow/.local/lib/python3.8/site-packages/airflow/example_dags/example_branch_operator.py
[2026-08-21T22:52:48.578+0000] {processor.py:830} INFO - Processing file /home/airflow/.local/lib/python3.8/site-packages/airflow/example_dags/example_branch_operator.py for tasks to queue
[2026-08-21T22:52:48.584+0000] {logging_mixin.py:188} INFO - [2026-08-21T22:52:48.583+0000] {dagbag.py:540} INFO - Filling up the DagBag from /home/airflow/.local/lib/python3.8/site-packages/airflow/example_dags/example_branch_operator.py
[2026-08-21T22:52:48.616+0000] {processor.py:840} INFO - DAG(s) 'example_branch_operator' retrieved from /home/airflow/.local/lib/python3.8/site-packages/airflow/example_dags/example_branch_operator.py
[2026-08-21T22:52:48.675+0000] {logging_mixin.py:188} INFO - [2026-08-21T22:52:48.675+0000] {dag.py:3047} INFO - Sync 1 DAGs
[2026-08-21T22:52:48.744+0000] {logging_mixin.py:188} INFO - [2026-08-21T22:52:48.744+0000] {dag.py:3834} INFO - Setting next_dagrun for example_branch_operator to 2026-08-20 00:00:00+00:00, run_after=2026-08-21 00:00:00+00:00
[2026-08-21T22:52:48.814+0000] {processor.py:183} INFO - Processing /home/airflow/.local/lib/python3.8/site-packages/airflow/example_dags/example_branch_operator.py took 0.244 seconds
[2026-08-21T22:53:19.612+0000] {processor.py:161} INFO - Started process (PID=815) to work on /home/airflow/.local/lib/python3.8/site-packages/airflow/example_dags/example_branch_operator.py
[2026-08-21T22:53:19.614+0000] {processor.py:830} INFO - Processing file /home/airflow/.local/lib/python3.8/site-packages/airflow/example_dags/example_branch_operator.py for tasks to queue
[2026-08-21T22:53:19.618+0000] {logging_mixin.py:188} INFO - [2026-08-21T22:53:19.618+0000] {dagbag.py:540} INFO - Filling up the DagBag from /home/airflow/.local/lib/python3.8/site-packages/airflow/example_dags/example_branch_operator.py
[2026-08-21T22:53:19.648+0000] {processor.py:840} INFO - DAG(s) 'example_branch_operator' retrieved from /home/airflow/.local/lib/python3.8/site-packages/airflow/example_dags/example_branch_operator.py
[2026-08-21T22:53:19.690+0000] {logging_mixin.py:188} INFO - [2026-08-21T22:53:19.689+0000] {dag.py:3047} INFO - Sync 1 DAGs
[2026-08-21T22:53:19.734+0000] {logging_mixin.py:188} INFO - [2026-08-21T22:53:19.734+0000] {dag.py:3834} INFO - Setting next_dagrun for example_branch_operator to 2026-08-20 00:00:00+00:00, run_after=2026-08-21 00:00:00+00:00
[2026-08-21T22:53:19.766+0000] {processor.py:183} INFO - Processing /home/airflow/.local/lib/python3.8/site-packages/airflow/example_dags/example_branch_operator.py took 0.160 seconds
[2026-08-21T22:53:49.846+0000] {processor.py:161} INFO - Started process (PID=872) to work on /home/airflow/.local/lib/python3.8/site-packages/airflow/example_dags/example_branch_operator.py
[2026-08-21T22:53:49.848+0000] {processor.py:830} INFO - Processing file /home/airflow/.local/lib/python3.8/site-packages/airflow/example_dags/example_branch_operator.py for tasks to queue
[2026-08-21T22:53:49.850+0000] {logging_mixin.py:188} INFO - [2026-08-21T22:53:49.850+0000] {dagbag.py:540} INFO - Filling up the DagBag from /home/airflow/.local/lib/python3.8/site-packages/airflow/example_dags/example_branch_operator.py
[2026-08-21T22:53:49.869+0000] {processor.py:840} INFO - DAG(s) 'example_branch_operator' retrieved from /home/airflow/.local/lib/python3.8/site-packages/airflow/example_dags/example_branch_operator.py
[2026-08-21T22:53:49.902+0000] {logging_mixin.py:188} INFO - [2026-08-21T22:53:49.902+0000] {dag.py:3047} INFO - Sync 1 DAGs
[2026-08-21T22:53:49.931+0000] {logging_mixin.py:188} INFO - [2026-08-21T22:53:49.931+0000] {dag.py:3834} INFO - Setting next_dagrun for example_branch_operator to 2026-08-20 00:00:00+00:00, run_after=2026-08-21 00:00:00+00:00
[2026-08-21T22:53:49.957+0000] {processor.py:183} INFO - Processing /home/airflow/.local/lib/python3.8/site-packages/airflow/example_dags/example_branch_operator.py took 0.114 seconds
[2026-08-21T22:54:20.140+0000] {processor.py:161} INFO - Started process (PID=929) to work on /home/airflow/.local/lib/python3.8/site-packages/airflow/example_dags/example_branch_operator.py
[2026-08-21T22:54:20.142+0000] {processor.py:830} INFO - Processing file /home/airflow/.local/lib/python3.8/site-packages/airflow/example_dags/example_branch_operator.py for tasks to queue
[2026-08-21T22:54:20.145+0000] {logging_mixin.py:188} INFO - [2026-08-21T22:54:20.144+0000] {dagbag.py:540} INFO - Filling up the DagBag from /home/airflow/.local/lib/python3.8/site-packages/airflow/example_dags/example_branch_operator.py
[2026-08-21T22:54:20.164+0000] {processor.py:840} INFO - DAG(s) 'example_branch_operator' retrieved from /home/airflow/.local/lib/python3.8/site-packages/airflow/example_dags/example_branch_operator.py
[2026-08-21T22:54:20.195+0000] {logging_mixin.py:188} INFO - [2026-08-21T22:54:20.195+0000] {dag.py:3047} INFO - Sync 1 DAGs
[2026-08-21T22:54:20.219+0000] {logging_mixin.py:188} INFO - [2026-08-21T22:54:20.219+0000] {dag.py:3834} INFO - Setting next_dagrun for example_branch_operator to 2026-08-20 00:00:00+00:00, run_after=2026-08-21 00:00:00+00:00
[2026-08-21T22:54:20.242+0000] {processor.py:183} INFO - Processing /home/airflow/.local/lib/python3.8/site-packages/airflow/example_dags/example_branch_operator.py took 0.107 seconds
[2026-08-21T22:54:50.915+0000] {processor.py:161} INFO - Started process (PID=986) to work on /home/airflow/.local/lib/python3.8/site-packages/airflow/example_dags/example_branch_operator.py
[2026-08-21T22:54:50.917+0000] {processor.py:830} INFO - Processing file /home/airflow/.local/lib/python3.8/site-packages/airflow/example_dags/example_branch_operator.py for tasks to queue
[2026-08-21T22:54:50.921+0000] {logging_mixin.py:188} INFO - [2026-08-21T22:54:50.920+0000] {dagbag.py:540} INFO - Filling up the DagBag from /home/airflow/.local/lib/python3.8/site-packages/airflow/example_dags/example_branch_operator.py
[2026-08-21T22:54:50.946+0000] {processor.py:840} INFO - DAG(s) 'example_branch_operator' retrieved from /home/airflow/.local/lib/python3.8/site-packages/airflow/example_dags/example_branch_operator.py
[2026-08-21T22:54:50.978+0000] {logging_mixin.py:188} INFO - [2026-08-21T22:54:50.978+0000] {dag.py:3047} INFO - Sync 1 DAGs
[2026-08-21T22:54:51.006+0000] {logging_mixin.py:188} INFO - [2026-08-21T22:54:51.006+0000] {dag.py:3834} INFO - Setting next_dagrun for example_branch_operator to 2026-08-20 00:00:00+00:00, run_after=2026-08-21 00:00:00+00:00
[2026-08-21T22:54:51.039+0000] {processor.py:183} INFO - Processing /home/airflow/.local/lib/python3.8/site-packages/airflow/example_dags/example_branch_operator.py took 0.129 seconds
[2026-08-21T22:55:21.335+0000] {processor.py:161} INFO - Started process (PID=1043) to work on /home/airflow/.local/lib/python3.8/site-packages/airflow/example_dags/example_branch_operator.py
[2026-08-21T22:55:21.337+0000] {processor.py:830} INFO - Processing file /home/airflow/.local/lib/python3.8/site-packages/airflow/example_dags/example_branch_operator.py for tasks to queue
[2026-08-21T22:55:21.341+0000] {logging_mixin.py:188} INFO - [2026-08-21T22:55:21.340+0000] {dagbag.py:540} INFO - Filling up the DagBag from /home/airflow/.local/lib/python3.8/site-packages/airflow/example_dags/example_branch_operator.py
[2026-08-21T22:55:21.370+0000] {processor.py:840} INFO - DAG(s) 'example_branch_operator' retrieved from /home/airflow/.local/lib/python3.8/site-packages/airflow/example_dags/example_branch_operator.py
[2026-08-21T22:55:21.405+0000] {logging_mixin.py:188} INFO - [2026-08-21T22:55:21.405+0000] {dag.py:3047} INFO - Sync 1 DAGs
[2026-08-21T22:55:21.438+0000] {logging_mixin.py:188} INFO - [2026-08-21T22:55:21.438+0000] {dag.py:3834} INFO - Setting next_dagrun for example_branch_operator to 2026-08-20 00:00:00+00:00, run_after=2026-08-21 00:00:00+00:00
[2026-08-21T22:55:21.467+0000] {processor.py:183} INFO - Processing /home/airflow/.local/lib/python3.8/site-packages/airflow/example_dags/example_branch_operator.py took 0.139 seconds
[2026-08-21T22:55:51.636+0000] {processor.py:161} INFO - Started process (PID=1100) to work on /home/airflow/.local/lib/python3.8/site-packages/airflow/example_dags/example_branch_operator.py
[2026-08-21T22:55:51.638+0000] {processor.py:830} INFO - Processing file /home/airflow/.local/lib/python3.8/site-packages/airflow/example_dags/example_branch_operator.py for tasks to queue
[2026-08-21T22:55:51.642+0000] {logging_mixin.py:188} INFO - [2026-08-21T22:55:51.641+0000] {dagbag.py:540} INFO - Filling up the DagBag from /home/airflow/.local/lib/python3.8/site-packages/airflow/example_dags/example_branch_operator.py
[2026-08-21T22:55:51.668+0000] {processor.py:840} INFO - DAG(s) 'example_branch_operator' retrieved from /home/airflow/.local/lib/python3.8/site-packages/airflow/example_dags/example_branch_operator.py
[2026-08-21T22:55:51.705+0000] {logging_mixin.py:188} INFO - [2026-08-21T22:55:51.705+0000] {dag.py:3047} INFO - Sync 1 DAGs
[2026-08-21T22:55:51.734+0000] {logging_mixin.py:188} INFO - [2026-08-21T22:55:51.733+0000] {dag.py:3834} INFO - Setting next_dagrun for example_branch_operator to 2026-08-20 00:00:00+00:00, run_after=2026-08-21 00:00:00+00:00
[2026-08-21T22:55:51.762+0000] {processor.py:183} INFO - Processing /home/airflow/.local/lib/python3.8/site-packages/airflow/example_dags/example_branch_operator.py took 0.131 seconds
[2026-08-21T22:56:22.655+0000] {processor.py:161} INFO - Started process (PID=1157) to work on /home/airflow/.local/lib/python3.8/site-packages/airflow/example_dags/example_branch_operator.py
[2026-08-21T22:56:22.657+0000] {processor.py:830} INFO - Processing file /home/airflow/.local/lib/python3.8/site-packages/airflow/example_dags/example_branch_operator.py for tasks to queue
[2026-08-21T22:56:22.662+0000] {logging_mixin.py:188} INFO - [2026-08-21T22:56:22.661+0000] {dagbag.py:540} INFO - Filling up the DagBag from /home/airflow/.local/lib/python3.8/site-packages/airflow/example_dags/example_branch_operator.py
[2026-08-21T22:56:22.694+0000] {processor.py:840} INFO - DAG(s) 'example_branch_operator' retrieved from /home/airflow/.local/lib/python3.8/site-packages/airflow/example_dags/example_branch_operator.py
[2026-08-21T22:56:22.738+0000] {logging_mixin.py:188} INFO - [2026-08-21T22:56:22.738+0000] {dag.py:3047} INFO - Sync 1 DAGs
[2026-08-21T22:56:22.776+0000] {logging_mixin.py:188} INFO - [2026-08-21T22:56:22.776+0000] {dag.py:3834} INFO - Setting next_dagrun for example_branch_operator to 2026-08-20 00:00:00+00:00, run_after=2026-08-21 00:00:00+00:00
[2026-08-21T22:56:22.809+0000] {processor.py:183} INFO - Processing /home/airflow/.local/lib/python3.8/site-packages/airflow/example_dags/example_branch_operator.py took 0.162 seconds
[2026-08-21T22:56:53.123+0000] {processor.py:161} INFO - Started process (PID=1214) to work on /home/airflow/.local/lib/python3.8/site-packages/airflow/example_dags/example_branch_operator.py
[2026-08-21T22:56:53.125+0000] {processor.py:830} INFO - Processing file /home/airflow/.local/lib/python3.8/site-packages/airflow/example_dags/example_branch_operator.py for tasks to queue
[2026-08-21T22:56:53.129+0000] {logging_mixin.py:188} INFO - [2026-08-21T22:56:53.129+0000] {dagbag.py:540} INFO - Filling up the DagBag from /home/airflow/.local/lib/python3.8/site-packages/airflow/example_dags/example_branch_operator.py
[2026-08-21T22:56:53.156+0000] {processor.py:840} INFO - DAG(s) 'example_branch_operator' retrieved from /home/airflow/.local/lib/python3.8/site-packages/airflow/example_dags/example_branch_operator.py
[2026-08-21T22:56:53.189+0000] {logging_mixin.py:188} INFO - [2026-08-21T22:56:53.189+0000] {dag.py:3047} INFO - Sync 1 DAGs
[2026-08-21T22:56:53.218+0000] {logging_mixin.py:188} INFO - [2026-08-21T22:56:53.217+0000] {dag.py:3834} INFO - Setting next_dagrun for example_branch_operator to 2026-08-20 00:00:00+00:00, run_after=2026-08-21 00:00:00+00:00
[2026-08-21T22:56:53.242+0000] {processor.py:183} INFO - Processing /home/airflow/.local/lib/python3.8/site-packages/airflow/example_dags/example_branch_operator.py took 0.124 seconds
[2026-08-21T22:57:23.834+0000] {processor.py:161} INFO - Started process (PID=1271) to work on /home/airflow/.local/lib/python3.8/site-packages/airflow/example_dags/example_branch_operator.py
[2026-08-21T22:57:23.836+0000] {processor.py:830} INFO - Processing file /home/airflow/.local/lib/python3.8/site-packages/airflow/example_dags/example_branch_operator.py for tasks to queue
[2026-08-21T22:57:23.839+0000] {logging_mixin.py:188} INFO - [2026-08-21T22:57:23.839+0000] {dagbag.py:540} INFO - Filling up the DagBag from /home/airflow/.local/lib/python3.8/site-packages/airflow/example_dags/example_branch_operator.py
[2026-08-21T22:57:23.865+0000] {processor.py:840} INFO - DAG(s) 'example_branch_operator' retrieved from /home/airflow/.local/lib/python3.8/site-packages/airflow/example_dags/example_branch_operator.py
[2026-08-21T22:57:23.904+0000] {logging_mixin.py:188} INFO - [2026-08-21T22:57:23.903+0000] {dag.py:3047} INFO - Sync 1 DAGs
[2026-08-21T22:57:23.948+0000] {logging_mixin.py:188} INFO - [2026-08-21T22:57:23.948+0000] {dag.py:3834} INFO - Setting next_dagrun for example_branch_operator to 2026-08-20 00:00:00+00:00, run_after=2026-08-21 00:00:00+00:00
[2026-08-21T22:57:24.002+0000] {processor.py:183} INFO - Processing /home/airflow/.local/lib/python3.8/site-packages/airflow/example_dags/example_branch_operator.py took 0.171 seconds
[2026-08-21T22:57:54.379+0000] {processor.py:161} INFO - Started process (PID=1328) to work on /home/airflow/.local/lib/python3.8/site-packages/airflow/example_dags/example_branch_operator.py
[2026-08-21T22:57:54.381+0000] {processor.py:830} INFO - Processing file /home/airflow/.local/lib/python3.8/site-packages/airflow/example_dags/example_branch_operator.py for tasks to queue
[2026-08-21T22:57:54.384+0000] {logging_mixin.py:188} INFO - [2026-08-21T22:57:54.384+0000] {dagbag.py:540} INFO - Filling up the DagBag from /home/airflow/.local/lib/python3.8/site-packages/airflow/example_dags/example_branch_operator.py
[2026-08-21T22:57:54.408+0000] {processor.py:840} INFO - DAG(s) 'example_branch_operator' retrieved from /home/airflow/.local/lib/python3.8/site-packages/airflow/example_dags/example_branch_operator.py
[2026-08-21T22:57:54.445+0000] {logging_mixin.py:188} INFO - [2026-08-21T22:57:54.445+0000] {dag.py:3047} INFO - Sync 1 DAGs
[2026-08-21T22:57:54.473+0000] {logging_mixin.py:188} INFO - [2026-08-21T22:57:54.472+0000] {dag.py:3834} INFO - Setting next_dagrun for example_branch_operator to 2026-08-20 00:00:00+00:00, run_after=2026-08-21 00:00:00+00:00
[2026-08-21T22:57:54.500+0000] {processor.py:183} INFO - Processing /home/airflow/.local/lib/python3.8/site-packages/airflow/example_dags/example_branch_operator.py took 0.125 seconds
[2026-08-21T22:58:24.729+0000] {processor.py:161} INFO - Started process (PID=1385) to work on /home/airflow/.local/lib/python3.8/site-packages/airflow/example_dags/example_branch_operator.py
[2026-08-21T22:58:24.730+0000] {processor.py:830} INFO - Processing file /home/airflow/.local/lib/python3.8/site-packages/airflow/example_dags/example_branch_operator.py for tasks to queue
[2026-08-21T22:58:24.733+0000] {logging_mixin.py:188} INFO - [2026-08-21T22:58:24.733+0000] {dagbag.py:540} INFO - Filling up the DagBag from /home/airflow/.local/lib/python3.8/site-packages/airflow/example_dags/example_branch_operator.py
[2026-08-21T22:58:24.757+0000] {processor.py:840} INFO - DAG(s) 'example_branch_operator' retrieved from /home/airflow/.local/lib/python3.8/site-packages/airflow/example_dags/example_branch_operator.py
[2026-08-21T22:58:24.796+0000] {logging_mixin.py:188} INFO - [2026-08-21T22:58:24.795+0000] {dag.py:3047} INFO - Sync 1 DAGs
[2026-08-21T22:58:24.831+0000] {logging_mixin.py:188} INFO - [2026-08-21T22:58:24.831+0000] {dag.py:3834} INFO - Setting next_dagrun for example_branch_operator to 2026-08-20 00:00:00+00:00, run_after=2026-08-21 00:00:00+00:00
[2026-08-21T22:58:24.861+0000] {processor.py:183} INFO - Processing /home/airflow/.local/lib/python3.8/site-packages/airflow/example_dags/example_branch_operator.py took 0.137 seconds
[2026-08-21T22:58:55.283+0000] {processor.py:161} INFO - Started process (PID=1442) to work on /home/airflow/.local/lib/python3.8/site-packages/airflow/example_dags/example_branch_operator.py
[2026-08-21T22:58:55.286+0000] {processor.py:830} INFO - Processing file /home/airflow/.local/lib/python3.8/site-packages/airflow/example_dags/example_branch_operator.py for tasks to queue
[2026-08-21T22:58:55.288+0000] {logging_mixin.py:188} INFO - [2026-08-21T22:58:55.288+0000] {dagbag.py:540} INFO - Filling up the DagBag from /home/airflow/.local/lib/python3.8/site-packages/airflow/example_dags/example_branch_operator.py
[2026-08-21T22:58:55.310+0000] {processor.py:840} INFO - DAG(s) 'example_branch_operator' retrieved from /home/airflow/.local/lib/python3.8/site-packages/airflow/example_dags/example_branch_operator.py
[2026-08-21T22:58:55.341+0000] {logging_mixin.py:188} INFO - [2026-08-21T22:58:55.341+0000] {dag.py:3047} INFO - Sync 1 DAGs
[2026-08-21T22:58:55.367+0000] {logging_mixin.py:188} INFO - [2026-08-21T22:58:55.367+0000] {dag.py:3834} INFO - Setting next_dagrun for example_branch_operator to 2026-08-20 00:00:00+00:00, run_after=2026-08-21 00:00:00+00:00
[2026-08-21T22:58:55.394+0000] {processor.py:183} INFO - Processing /home/airflow/.local/lib/python3.8/site-packages/airflow/example_dags/example_branch_operator.py took 0.115 seconds
[2026-08-21T22:59:25.735+0000] {processor.py:161} INFO - Started process (PID=1499) to work on /home/airflow/.local/lib/python3.8/site-packages/airflow/example_dags/example_branch_operator.py
[2026-08-21T22:59:25.736+0000] {processor.py:830} INFO - Processing file /home/airflow/.local/lib/python3.8/site-packages/airflow/example_dags/example_branch_operator.py for tasks to queue
[2026-08-21T22:59:25.739+0000] {logging_mixin.py:188} INFO - [2026-08-21T22:59:25.739+0000] {dagbag.py:540} INFO - Filling up the DagBag from /home/airflow/.local/lib/python3.8/site-packages/airflow/example_dags/example_branch_operator.py
[2026-08-21T22:59:25.765+0000] {processor.py:840} INFO - DAG(s) 'example_branch_operator' retrieved from /home/airflow/.local/lib/python3.8/site-packages/airflow/example_dags/example_branch_operator.py
[2026-08-21T22:59:25.797+0000] {logging_mixin.py:188} INFO - [2026-08-21T22:59:25.797+0000] {dag.py:3047} INFO - Sync 1 DAGs
[2026-08-21T22:59:25.825+0000] {logging_mixin.py:188} INFO - [2026-08-21T22:59:25.825+0000] {dag.py:3834} INFO - Setting next_dagrun for example_branch_operator to 2026-08-20 00:00:00+00:00, run_after=2026-08-21 00:00:00+00:00
[2026-08-21T22:59:25.847+0000] {processor.py:183} INFO - Processing /home/airflow/.local/lib/python3.8/site-packages/airflow/example_dags/example_branch_operator.py took 0.118 seconds
[2026-08-21T22:59:56.180+0000] {processor.py:161} INFO - Started process (PID=1556) to work on /home/airflow/.local/lib/python3.8/site-packages/airflow/example_dags/example_branch_operator.py
[2026-08-21T22:59:56.183+0000] {processor.py:830} INFO - Processing file /home/airflow/.local/lib/python3.8/site-packages/airflow/example_dags/example_branch_operator.py for tasks to queue
[2026-08-21T22:59:56.187+0000] {logging_mixin.py:188} INFO - [2026-08-21T22:59:56.186+0000] {dagbag.py:540} INFO - Filling up the DagBag from /home/airflow/.local/lib/python3.8/site-packages/airflow/example_dags/example_branch_operator.py
[2026-08-21T22:59:56.209+0000] {processor.py:840} INFO - DAG(s) 'example_branch_operator' retrieved from /home/airflow/.local/lib/python3.8/site-packages/airflow/example_dags/example_branch_operator.py
[2026-08-21T22:59:56.241+0000] {logging_mixin.py:188} INFO - [2026-08-21T22:59:56.241+0000] {dag.py:3047} INFO - Sync 1 DAGs
[2026-08-21T22:59:56.268+0000] {logging_mixin.py:188} INFO - [2026-08-21T22:59:56.268+0000] {dag.py:3834} INFO - Setting next_dagrun for example_branch_operator to 2026-08-20 00:00:00+00:00, run_after=2026-08-21 00:00:00+00:00
[2026-08-21T22:59:56.296+0000] {processor.py:183} INFO - Processing /home/airflow/.local/lib/python3.8/site-packages/airflow/example_dags/example_branch_operator.py took 0.121 seconds
[2026-08-21T23:00:26.555+0000] {processor.py:161} INFO - Started process (PID=1613) to work on /home/airflow/.local/lib/python3.8/site-packages/airflow/example_dags/example_branch_operator.py
[2026-08-21T23:00:26.557+0000] {processor.py:830} INFO - Processing file /home/airflow/.local/lib/python3.8/site-packages/airflow/example_dags/example_branch_operator.py for tasks to queue
[2026-08-21T23:00:26.559+0000] {logging_mixin.py:188} INFO - [2026-08-21T23:00:26.559+0000] {dagbag.py:540} INFO - Filling up the DagBag from /home/airflow/.local/lib/python3.8/site-packages/airflow/example_dags/example_branch_operator.py
[2026-08-21T23:00:26.582+0000] {processor.py:840} INFO - DAG(s) 'example_branch_operator' retrieved from /home/airflow/.local/lib/python3.8/site-packages/airflow/example_dags/example_branch_operator.py
[2026-08-21T23:00:26.621+0000] {logging_mixin.py:188} INFO - [2026-08-21T23:00:26.621+0000] {dag.py:3047} INFO - Sync 1 DAGs
[2026-08-21T23:00:26.652+0000] {logging_mixin.py:188} INFO - [2026-08-21T23:00:26.652+0000] {dag.py:3834} INFO - Setting next_dagrun for example_branch_operator to 2026-08-20 00:00:00+00:00, run_after=2026-08-21 00:00:00+00:00
[2026-08-21T23:00:26.681+0000] {processor.py:183} INFO - Processing /home/airflow/.local/lib/python3.8/site-packages/airflow/example_dags/example_branch_operator.py took 0.130 seconds
[2026-08-21T23:00:57.455+0000] {processor.py:161} INFO - Started process (PID=1670) to work on /home/airflow/.local/lib/python3.8/site-packages/airflow/example_dags/example_branch_operator.py
[2026-08-21T23:00:57.457+0000] {processor.py:830} INFO - Processing file /home/airflow/.local/lib/python3.8/site-packages/airflow/example_dags/example_branch_operator.py for tasks to queue
[2026-08-21T23:00:57.460+0000] {logging_mixin.py:188} INFO - [2026-08-21T23:00:57.460+0000] {dagbag.py:540} INFO - Filling up the DagBag from /home/airflow/.local/lib/python3.8/site-packages/airflow/example_dags/example_branch_operator.py
[2026-08-21T23:00:57.479+0000] {processor.py:840} INFO - DAG(s) 'example_branch_operator' retrieved from /home/airflow/.local/lib/python3.8/site-packages/airflow/example_dags/example_branch_operator.py
[2026-08-21T23:00:57.506+0000] {logging_mixin.py:188} INFO - [2026-08-21T23:00:57.506+0000] {dag.py:3047} INFO - Sync 1 DAGs
[2026-08-21T23:00:57.535+0000] {logging_mixin.py:188} INFO - [2026-08-21T23:00:57.535+0000] {dag.py:3834} INFO - Setting next_dagrun for example_branch_operator to 2026-08-20 00:00:00+00:00, run_after=2026-08-21 00:00:00+00:00
[2026-08-21T23:00:57.564+0000] {processor.py:183} INFO - Processing /home/airflow/.local/lib/python3.8/site-packages/airflow/example_dags/example_branch_operator.py took 0.112 seconds
[2026-08-21T23:01:28.438+0000] {processor.py:161} INFO - Started process (PID=1727) to work on /home/airflow/.local/lib/python3.8/site-packages/airflow/example_dags/example_branch_operator.py
[2026-08-21T23:01:28.441+0000] {processor.py:830} INFO - Processing file /home/airflow/.local/lib/python3.8/site-packages/airflow/example_dags/example_branch_operator.py for tasks to queue
[2026-08-21T23:01:28.445+0000] {logging_mixin.py:188} INFO - [2026-08-21T23:01:28.445+0000] {dagbag.py:540} INFO - Filling up the DagBag from /home/airflow/.local/lib/python3.8/site-packages/airflow/example_dags/example_branch_operator.py
[2026-08-21T23:01:28.478+0000] {processor.py:840} INFO - DAG(s) 'example_branch_operator' retrieved from /home/airflow/.local/lib/python3.8/site-packages/airflow/example_dags/example_branch_operator.py
[2026-08-21T23:01:28.531+0000] {logging_mixin.py:188} INFO - [2026-08-21T23:01:28.531+0000] {dag.py:3047} INFO - Sync 1 DAGs
[2026-08-21T23:01:28.566+0000] {logging_mixin.py:188} INFO - [2026-08-21T23:01:28.566+0000] {dag.py:3834} INFO - Setting next_dagrun for example_branch_operator to 2026-08-20 00:00:00+00:00, run_after=2026-08-21 00:00:00+00:00
[2026-08-21T23:01:28.596+0000] {processor.py:183} INFO - Processing /home/airflow/.local/lib/python3.8/site-packages/airflow/example_dags/example_branch_operator.py took 0.163 seconds
[2026-08-21T23:01:59.008+0000] {processor.py:161} INFO - Started process (PID=1784) to work on /home/airflow/.local/lib/python3.8/site-packages/airflow/example_dags/example_branch_operator.py
[2026-08-21T23:01:59.010+0000] {processor.py:830} INFO - Processing file /home/airflow/.local/lib/python3.8/site-packages/airflow/example_dags/example_branch_operator.py for tasks to queue
[2026-08-21T23:01:59.014+0000] {logging_mixin.py:188} INFO - [2026-08-21T23:01:59.013+0000] {dagbag.py:540} INFO - Filling up the DagBag from /home/airflow/.local/lib/python3.8/site-packages/airflow/example_dags/example_branch_operator.py
[2026-08-21T23:01:59.040+0000] {processor.py:840} INFO - DAG(s) 'example_branch_operator' retrieved from /home/airflow/.local/lib/python3.8/site-packages/airflow/example_dags/example_branch_operator.py
[2026-08-21T23:01:59.080+0000] {logging_mixin.py:188} INFO - [2026-08-21T23:01:59.080+0000] {dag.py:3047} INFO - Sync 1 DAGs
[2026-08-21T23:01:59.117+0000] {logging_mixin.py:188} INFO - [2026-08-21T23:01:59.117+0000] {dag.py:3834} INFO - Setting next_dagrun for example_branch_operator to 2026-08-20 00:00:00+00:00, run_after=2026-08-21 00:00:00+00:00
[2026-08-21T23:01:59.146+0000] {processor.py:183} INFO - Processing /home/airflow/.local/lib/python3.8/site-packages/airflow/example_dags/example_branch_operator.py took 0.145 seconds
[2026-08-21T23:02:29.203+0000] {processor.py:161} INFO - Started process (PID=1841) to work on /home/airflow/.local/lib/python3.8/site-packages/airflow/example_dags/example_branch_operator.py
[2026-08-21T23:02:29.206+0000] {processor.py:830} INFO - Processing file /home/airflow/.local/lib/python3.8/site-packages/airflow/example_dags/example_branch_operator.py for tasks to queue
[2026-08-21T23:02:29.209+0000] {logging_mixin.py:188} INFO - [2026-08-21T23:02:29.209+0000] {dagbag.py:540} INFO - Filling up the DagBag from /home/airflow/.local/lib/python3.8/site-packages/airflow/example_dags/example_branch_operator.py
[2026-08-21T23:02:29.232+0000] {processor.py:840} INFO - DAG(s) 'example_branch_operator' retrieved from /home/airflow/.local/lib/python3.8/site-packages/airflow/example_dags/example_branch_operator.py
[2026-08-21T23:02:29.263+0000] {logging_mixin.py:188} INFO - [2026-08-21T23:02:29.263+0000] {dag.py:3047} INFO - Sync 1 DAGs
[2026-08-21T23:02:29.301+0000] {logging_mixin.py:188} INFO - [2026-08-21T23:02:29.300+0000] {dag.py:3834} INFO - Setting next_dagrun for example_branch_operator to 2026-08-20 00:00:00+00:00, run_after=2026-08-21 00:00:00+00:00
[2026-08-21T23:02:29.338+0000] {processor.py:183} INFO - Processing /home/airflow/.local/lib/python3.8/site-packages/airflow/example_dags/example_branch_operator.py took 0.139 seconds
[2026-08-21T23:02:59.709+0000] {processor.py:161} INFO - Started process (PID=1898) to work on /home/airflow/.local/lib/python3.8/site-packages/airflow/example_dags/example_branch_operator.py
[2026-08-21T23:02:59.711+0000] {processor.py:830} INFO - Processing file /home/airflow/.local/lib/python3.8/site-packages/airflow/example_dags/example_branch_operator.py for tasks to queue
[2026-08-21T23:02:59.716+0000] {logging_mixin.py:188} INFO - [2026-08-21T23:02:59.714+0000] {dagbag.py:540} INFO - Filling up the DagBag from /home/airflow/.local/lib/python3.8/site-packages/airflow/example_dags/example_branch_operator.py
[2026-08-21T23:02:59.743+0000] {processor.py:840} INFO - DAG(s) 'example_branch_operator' retrieved from /home/airflow/.local/lib/python3.8/site-packages/airflow/example_dags/example_branch_operator.py
[2026-08-21T23:02:59.783+0000] {logging_mixin.py:188} INFO - [2026-08-21T23:02:59.783+0000] {dag.py:3047} INFO - Sync 1 DAGs
[2026-08-21T23:02:59.811+0000] {logging_mixin.py:188} INFO - [2026-08-21T23:02:59.811+0000] {dag.py:3834} INFO - Setting next_dagrun for example_branch_operator to 2026-08-20 00:00:00+00:00, run_after=2026-08-21 00:00:00+00:00
[2026-08-21T23:02:59.836+0000] {processor.py:183} INFO - Processing /home/airflow/.local/lib/python3.8/site-packages/airflow/example_dags/example_branch_operator.py took 0.133 seconds
[2026-08-21T23:03:30.242+0000] {processor.py:161} INFO - Started process (PID=1955) to work on /home/airflow/.local/lib/python3.8/site-packages/airflow/example_dags/example_branch_operator.py
[2026-08-21T23:03:30.244+0000] {processor.py:830} INFO - Processing file /home/airflow/.local/lib/python3.8/site-packages/airflow/example_dags/example_branch_operator.py for tasks to queue
[2026-08-21T23:03:30.249+0000] {logging_mixin.py:188} INFO - [2026-08-21T23:03:30.248+0000] {dagbag.py:540} INFO - Filling up the DagBag from /home/airflow/.local/lib/python3.8/site-packages/airflow/example_dags/example_branch_operator.py
[2026-08-21T23:03:30.282+0000] {processor.py:840} INFO - DAG(s) 'example_branch_operator' retrieved from /home/airflow/.local/lib/python3.8/site-packages/airflow/example_dags/example_branch_operator.py
[2026-08-21T23:03:30.321+0000] {logging_mixin.py:188} INFO - [2026-08-21T23:03:30.321+0000] {dag.py:3047} INFO - Sync 1 DAGs
[2026-08-21T23:03:30.352+0000] {logging_mixin.py:188} INFO - [2026-08-21T23:03:30.351+0000] {dag.py:3834} INFO - Setting next_dagrun for example_branch_operator to 2026-08-20 00:00:00+00:00, run_after=2026-08-21 00:00:00+00:00
[2026-08-21T23:03:30.394+0000] {processor.py:183} INFO - Processing /home/airflow/.local/lib/python3.8/site-packages/airflow/example_dags/example_branch_operator.py took 0.161 seconds
[2026-08-21T23:04:00.603+0000] {processor.py:161} INFO - Started process (PID=2012) to work on /home/airflow/.local/lib/python3.8/site-packages/airflow/example_dags/example_branch_operator.py
[2026-08-21T23:04:00.604+0000] {processor.py:830} INFO - Processing file /home/airflow/.local/lib/python3.8/site-packages/airflow/example_dags/example_branch_operator.py for tasks to queue
[2026-08-21T23:04:00.607+0000] {logging_mixin.py:188} INFO - [2026-08-21T23:04:00.607+0000] {dagbag.py:540} INFO - Filling up the DagBag from /home/airflow/.local/lib/python3.8/site-packages/airflow/example_dags/example_branch_operator.py
[2026-08-21T23:04:00.627+0000] {processor.py:840} INFO - DAG(s) 'example_branch_operator' retrieved from /home/airflow/.local/lib/python3.8/site-packages/airflow/example_dags/example_branch_operator.py
[2026-08-21T23:04:00.660+0000] {logging_mixin.py:188} INFO - [2026-08-21T23:04:00.660+0000] {dag.py:3047} INFO - Sync 1 DAGs
[2026-08-21T23:04:00.689+0000] {logging_mixin.py:188} INFO - [2026-08-21T23:04:00.689+0000] {dag.py:3834} INFO - Setting next_dagrun for example_branch_operator to 2026-08-20 00:00:00+00:00, run_after=2026-08-21 00:00:00+00:00
[2026-08-21T23:04:00.717+0000] {processor.py:183} INFO - Processing /home/airflow/.local/lib/python3.8/site-packages/airflow/example_dags/example_branch_operator.py took 0.120 seconds
[2026-08-21T23:04:31.402+0000] {processor.py:161} INFO - Started process (PID=2069) to work on /home/airflow/.local/lib/python3.8/site-packages/airflow/example_dags/example_branch_operator.py
[2026-08-21T23:04:31.404+0000] {processor.py:830} INFO - Processing file /home/airflow/.local/lib/python3.8/site-packages/airflow/example_dags/example_branch_operator.py for tasks to queue
[2026-08-21T23:04:31.407+0000] {logging_mixin.py:188} INFO - [2026-08-21T23:04:31.407+0000] {dagbag.py:540} INFO - Filling up the DagBag from /home/airflow/.local/lib/python3.8/site-packages/airflow/example_dags/example_branch_operator.py
[2026-08-21T23:04:31.433+0000] {processor.py:840} INFO - DAG(s) 'example_branch_operator' retrieved from /home/airflow/.local/lib/python3.8/site-packages/airflow/example_dags/example_branch_operator.py
[2026-08-21T23:04:31.471+0000] {logging_mixin.py:188} INFO - [2026-08-21T23:04:31.470+0000] {dag.py:3047} INFO - Sync 1 DAGs
[2026-08-21T23:04:31.498+0000] {logging_mixin.py:188} INFO - [2026-08-21T23:04:31.498+0000] {dag.py:3834} INFO - Setting next_dagrun for example_branch_operator to 2026-08-20 00:00:00+00:00, run_after=2026-08-21 00:00:00+00:00
[2026-08-21T23:04:31.527+0000] {processor.py:183} INFO - Processing /home/airflow/.local/lib/python3.8/site-packages/airflow/example_dags/example_branch_operator.py took 0.130 seconds
[2026-08-21T23:05:01.725+0000] {processor.py:161} INFO - Started process (PID=2126) to work on /home/airflow/.local/lib/python3.8/site-packages/airflow/example_dags/example_branch_operator.py
[2026-08-21T23:05:01.727+0000] {processor.py:830} INFO - Processing file /home/airflow/.local/lib/python3.8/site-packages/airflow/example_dags/example_branch_operator.py for tasks to queue
[2026-08-21T23:05:01.730+0000] {logging_mixin.py:188} INFO - [2026-08-21T23:05:01.729+0000] {dagbag.py:540} INFO - Filling up the DagBag from /home/airflow/.local/lib/python3.8/site-packages/airflow/example_dags/example_branch_operator.py
[2026-08-21T23:05:01.751+0000] {processor.py:840} INFO - DAG(s) 'example_branch_operator' retrieved from /home/airflow/.local/lib/python3.8/site-packages/airflow/example_dags/example_branch_operator.py
[2026-08-21T23:05:01.786+0000] {logging_mixin.py:188} INFO - [2026-08-21T23:05:01.786+0000] {dag.py:3047} INFO - Sync 1 DAGs
[2026-08-21T23:05:01.813+0000] {logging_mixin.py:188} INFO - [2026-08-21T23:05:01.813+0000] {dag.py:3834} INFO - Setting next_dagrun for example_branch_operator to 2026-08-20 00:00:00+00:00, run_after=2026-08-21 00:00:00+00:00
[2026-08-21T23:05:01.837+0000] {processor.py:183} INFO - Processing /home/airflow/.local/lib/python3.8/site-packages/airflow/example_dags/example_branch_operator.py took 0.117 seconds
[2026-08-21T23:05:31.974+0000] {processor.py:161} INFO - Started process (PID=2183) to work on /home/airflow/.local/lib/python3.8/site-packages/airflow/example_dags/example_branch_operator.py
[2026-08-21T23:05:31.976+0000] {processor.py:830} INFO - Processing file /home/airflow/.local/lib/python3.8/site-packages/airflow/example_dags/example_branch_operator.py for tasks to queue
[2026-08-21T23:05:31.979+0000] {logging_mixin.py:188} INFO - [2026-08-21T23:05:31.978+0000] {dagbag.py:540} INFO - Filling up the DagBag from /home/airflow/.local/lib/python3.8/site-packages/airflow/example_dags/example_branch_operator.py
[2026-08-21T23:05:32.005+0000] {processor.py:840} INFO - DAG(s) 'example_branch_operator' retrieved from /home/airflow/.local/lib/python3.8/site-packages/airflow/example_dags/example_branch_operator.py
[2026-08-21T23:05:32.038+0000] {logging_mixin.py:188} INFO - [2026-08-21T23:05:32.038+0000] {dag.py:3047} INFO - Sync 1 DAGs
[2026-08-21T23:05:32.068+0000] {logging_mixin.py:188} INFO - [2026-08-21T23:05:32.067+0000] {dag.py:3834} INFO - Setting next_dagrun for example_branch_operator to 2026-08-20 00:00:00+00:00, run_after=2026-08-21 00:00:00+00:00
[2026-08-21T23:05:32.095+0000] {processor.py:183} INFO - Processing /home/airflow/.local/lib/python3.8/site-packages/airflow/example_dags/example_branch_operator.py took 0.125 seconds
[2026-08-21T23:06:02.443+0000] {processor.py:161} INFO - Started process (PID=2240) to work on /home/airflow/.local/lib/python3.8/site-packages/airflow/example_dags/example_branch_operator.py
[2026-08-21T23:06:02.446+0000] {processor.py:830} INFO - Processing file /home/airflow/.local/lib/python3.8/site-packages/airflow/example_dags/example_branch_operator.py for tasks to queue
[2026-08-21T23:06:02.450+0000] {logging_mixin.py:188} INFO - [2026-08-21T23:06:02.449+0000] {dagbag.py:540} INFO - Filling up the DagBag from /home/airflow/.local/lib/python3.8/site-packages/airflow/example_dags/example_branch_operator.py
[2026-08-21T23:06:02.481+0000] {processor.py:840} INFO - DAG(s) 'example_branch_operator' retrieved from /home/airflow/.local/lib/python3.8/site-packages/airflow/example_dags/example_branch_operator.py
[2026-08-21T23:06:02.520+0000] {logging_mixin.py:188} INFO - [2026-08-21T23:06:02.520+0000] {dag.py:3047} INFO - Sync 1 DAGs
[2026-08-21T23:06:02.559+0000] {logging_mixin.py:188} INFO - [2026-08-21T23:06:02.558+0000] {dag.py:3834} INFO - Setting next_dagrun for example_branch_operator to 2026-08-20 00:00:00+00:00, run_after=2026-08-21 00:00:00+00:00
[2026-08-21T23:06:02.587+0000] {processor.py:183} INFO - Processing /home/airflow/.local/lib/python3.8/site-packages/airflow/example_dags/example_branch_operator.py took 0.149 seconds
[2026-08-21T23:06:33.274+0000] {processor.py:161} INFO - Started process (PID=2297) to work on /home/airflow/.local/lib/python3.8/site-packages/airflow/example_dags/example_branch_operator.py
[2026-08-21T23:06:33.276+0000] {processor.py:830} INFO - Processing file /home/airflow/.local/lib/python3.8/site-packages/airflow/example_dags/example_branch_operator.py for tasks to queue
[2026-08-21T23:06:33.280+0000] {logging_mixin.py:188} INFO - [2026-08-21T23:06:33.279+0000] {dagbag.py:540} INFO - Filling up the DagBag from /home/airflow/.local/lib/python3.8/site-packages/airflow/example_dags/example_branch_operator.py
[2026-08-21T23:06:33.304+0000] {processor.py:840} INFO - DAG(s) 'example_branch_operator' retrieved from /home/airflow/.local/lib/python3.8/site-packages/airflow/example_dags/example_branch_operator.py
[2026-08-21T23:06:33.336+0000] {logging_mixin.py:188} INFO - [2026-08-21T23:06:33.336+0000] {dag.py:3047} INFO - Sync 1 DAGs
[2026-08-21T23:06:33.363+0000] {logging_mixin.py:188} INFO - [2026-08-21T23:06:33.363+0000] {dag.py:3834} INFO - Setting next_dagrun for example_branch_operator to 2026-08-20 00:00:00+00:00, run_after=2026-08-21 00:00:00+00:00
[2026-08-21T23:06:33.392+0000] {processor.py:183} INFO - Processing /home/airflow/.local/lib/python3.8/site-packages/airflow/example_dags/example_branch_operator.py took 0.123 seconds
[2026-08-21T23:07:03.704+0000] {processor.py:161} INFO - Started process (PID=2354) to work on /home/airflow/.local/lib/python3.8/site-packages/airflow/example_dags/example_branch_operator.py
[2026-08-21T23:07:03.707+0000] {processor.py:830} INFO - Processing file /home/airflow/.local/lib/python3.8/site-packages/airflow/example_dags/example_branch_operator.py for tasks to queue
[2026-08-21T23:07:03.712+0000] {logging_mixin.py:188} INFO - [2026-08-21T23:07:03.711+0000] {dagbag.py:540} INFO - Filling up the DagBag from /home/airflow/.local/lib/python3.8/site-packages/airflow/example_dags/example_branch_operator.py
[2026-08-21T23:07:03.737+0000] {processor.py:840} INFO - DAG(s) 'example_branch_operator' retrieved from /home/airflow/.local/lib/python3.8/site-packages/airflow/example_dags/example_branch_operator.py
[2026-08-21T23:07:03.771+0000] {logging_mixin.py:188} INFO - [2026-08-21T23:07:03.771+0000] {dag.py:3047} INFO - Sync 1 DAGs
[2026-08-21T23:07:03.806+0000] {logging_mixin.py:188} INFO - [2026-08-21T23:07:03.805+0000] {dag.py:3834} INFO - Setting next_dagrun for example_branch_operator to 2026-08-20 00:00:00+00:00, run_after=2026-08-21 00:00:00+00:00
[2026-08-21T23:07:03.834+0000] {processor.py:183} INFO - Processing /home/airflow/.local/lib/python3.8/site-packages/airflow/example_dags/example_branch_operator.py took 0.135 seconds
[2026-08-21T23:07:34.263+0000] {processor.py:161} INFO - Started process (PID=2411) to work on /home/airflow/.local/lib/python3.8/site-packages/airflow/example_dags/example_branch_operator.py
[2026-08-21T23:07:34.265+0000] {processor.py:830} INFO - Processing file /home/airflow/.local/lib/python3.8/site-packages/airflow/example_dags/example_branch_operator.py for tasks to queue
[2026-08-21T23:07:34.268+0000] {logging_mixin.py:188} INFO - [2026-08-21T23:07:34.268+0000] {dagbag.py:540} INFO - Filling up the DagBag from /home/airflow/.local/lib/python3.8/site-packages/airflow/example_dags/example_branch_operator.py
[2026-08-21T23:07:34.294+0000] {processor.py:840} INFO - DAG(s) 'example_branch_operator' retrieved from /home/airflow/.local/lib/python3.8/site-packages/airflow/example_dags/example_branch_operator.py
[2026-08-21T23:07:34.325+0000] {logging_mixin.py:188} INFO - [2026-08-21T23:07:34.325+0000] {dag.py:3047} INFO - Sync 1 DAGs
[2026-08-21T23:07:34.354+0000] {logging_mixin.py:188} INFO - [2026-08-21T23:07:34.354+0000] {dag.py:3834} INFO - Setting next_dagrun for example_branch_operator to 2026-08-20 00:00:00+00:00, run_after=2026-08-21 00:00:00+00:00
[2026-08-21T23:07:34.380+0000] {processor.py:183} INFO - Processing /home/airflow/.local/lib/python3.8/site-packages/airflow/example_dags/example_branch_operator.py took 0.122 seconds
[2026-08-21T23:08:04.621+0000] {processor.py:161} INFO - Started process (PID=2470) to work on /home/airflow/.local/lib/python3.8/site-packages/airflow/example_dags/example_branch_operator.py
[2026-08-21T23:08:04.623+0000] {processor.py:830} INFO - Processing file /home/airflow/.local/lib/python3.8/site-packages/airflow/example_dags/example_branch_operator.py for tasks to queue
[2026-08-21T23:08:04.627+0000] {logging_mixin.py:188} INFO - [2026-08-21T23:08:04.627+0000] {dagbag.py:540} INFO - Filling up the DagBag from /home/airflow/.local/lib/python3.8/site-packages/airflow/example_dags/example_branch_operator.py
[2026-08-21T23:08:04.648+0000] {processor.py:840} INFO - DAG(s) 'example_branch_operator' retrieved from /home/airflow/.local/lib/python3.8/site-packages/airflow/example_dags/example_branch_operator.py
[2026-08-21T23:08:04.688+0000] {logging_mixin.py:188} INFO - [2026-08-21T23:08:04.688+0000] {dag.py:3047} INFO - Sync 1 DAGs
[2026-08-21T23:08:04.719+0000] {logging_mixin.py:188} INFO - [2026-08-21T23:08:04.719+0000] {dag.py:3834} INFO - Setting next_dagrun for example_branch_operator to 2026-08-20 00:00:00+00:00, run_after=2026-08-21 00:00:00+00:00
[2026-08-21T23:08:04.752+0000] {processor.py:183} INFO - Processing /home/airflow/.local/lib/python3.8/site-packages/airflow/example_dags/example_branch_operator.py took 0.135 seconds
