[2026-08-21T22:46:45.170+0000] {processor.py:161} INFO - Started process (PID=90) to work on /home/airflow/.local/lib/python3.8/site-packages/airflow/example_dags/tutorial_taskflow_api.py
[2026-08-21T22:46:45.175+0000] {processor.py:830} INFO - Processing file /home/airflow/.local/lib/python3.8/site-packages/airflow/example_dags/tutorial_taskflow_api.py for tasks to queue
[2026-08-21T22:46:45.182+0000] {logging_mixin.py:188} INFO - [2026-08-21T22:46:45.181+0000] {dagbag.py:540} INFO - Filling up the DagBag from /home/airflow/.local/lib/python3.8/site-packages/airflow/example_dags/tutorial_taskflow_api.py
[2026-08-21T22:46:45.219+0000] {processor.py:840} INFO - DAG(s) 'tutorial_taskflow_api' retrieved from /home/airflow/.local/lib/python3.8/site-packages/airflow/example_dags/tutorial_taskflow_api.py
[2026-08-21T22:46:45.553+0000] {logging_mixin.py:188} INFO - [2026-08-21T22:46:45.552+0000] {dag.py:3047} INFO - Sync 1 DAGs
[2026-08-21T22:46:45.581+0000] {logging_mixin.py:188} INFO - [2026-08-21T22:46:45.581+0000] {dag.py:3834} INFO - Setting next_dagrun for tutorial_taskflow_api to None, run_after=None
[2026-08-21T22:46:45.617+0000] {processor.py:183} INFO - Processing /home/airflow/.local/lib/python3.8/site-packages/airflow/example_dags/tutorial_taskflow_api.py took 0.476 seconds
[2026-08-21T22:47:15.807+0000] {processor.py:161} INFO - Started process (PID=147) to work on /home/airflow/.local/lib/python3.8/site-packages/airflow/example_dags/tutorial_taskflow_api.py
[2026-08-21T22:47:15.809+0000] {processor.py:830} INFO - Processing file /home/airflow/.local/lib/python3.8/site-packages/airflow/example_dags/tutorial_taskflow_api.py for tasks to queue
[2026-08-21T22:47:15.812+0000] {logging_mixin.py:188} INFO - [2026-08-21T22:47:15.811+0000] {dagbag.py:540} INFO - Filling up the DagBag from /home/airflow/.local/lib/python3.8/site-packages/airflow/example_dags/tutorial_taskflow_api.py
[2026-08-21T22:47:15.820+0000] {processor.py:840} INFO - DAG(s) 'tutorial_taskflow_api' retrieved from /home/airflow/.local/lib/python3.8/site-packages/airflow/example_dags/tutorial_taskflow_api.py
[2026-08-21T22:47:15.845+0000] {logging_mixin.py:188} INFO - [2026-08-21T22:47:15.845+0000] {dag.py:3047} INFO - Sync 1 DAGs
[2026-08-21T22:47:15.858+0000] {logging_mixin.py:188} INFO - [2026-08-21T22:47:15.858+0000] {dag.py:3834} INFO - Setting next_dagrun for tutorial_taskflow_api to None, run_after=None
[2026-08-21T22:47:15.883+0000] {processor.py:183} INFO - Processing /home/airflow/.local/lib/python3.8/site-packages/airflow/example_dags/tutorial_taskflow_api.py took 0.080 seconds
[2026-08-21T22:47:46.586+0000] {processor.py:161} INFO - Started process (PID=204) to work on /home/airflow/.local/lib/python3.8/site-packages/airflow/example_dags/tutorial_taskflow_api.py
[2026-08-21T22:47:46.588+0000] {processor.py:830} INFO - Processing file /home/airflow/.local/lib/python3.8/site-packages/airflow/example_dags/tutorial_taskflow_api.py for tasks to queue
[2026-08-21T22:47:46.594+0000] {logging_mixin.py:188} INFO - [2026-08-21T22:47:46.593+0000] {dagbag.py:540} INFO - Filling up the DagBag from /home/airflow/.local/lib/python3.8/site-packages/airflow/example_dags/tutorial_taskflow_api.py
[2026-08-21T22:47:46.612+0000] {processor.py:840} INFO - DAG(s) 'tutorial_taskflow_api' retrieved from /home/airflow/.local/lib/python3.8/site-packages/airflow/example_dags/tutorial_taskflow_api.py
[2026-08-21T22:47:46.649+0000] {logging_mixin.py:188} INFO - [2026-08-21T22:47:46.649+0000] {dag.py:3047} INFO - Sync 1 DAGs
[2026-08-21T22:47:46.671+0000] {logging_mixin.py:188} INFO - [2026-08-21T22:47:46.670+0000] {dag.py:3834} INFO - Setting next_dagrun for tutorial_taskflow_api to None, run_after=None
[2026-08-21T22:47:46.706+0000] {processor.py:183} INFO - Processing /home/airflow/.local/lib/python3.8/site-packages/airflow/example_dags/tutorial_taskflow_api.py took 0.125 seconds
[2026-08-21T22:48:17.342+0000] {processor.py:161} INFO - Started process (PID=261) to work on /home/airflow/.local/lib/python3.8/site-packages/airflow/example_dags/tutorial_taskflow_api.py
[2026-08-21T22:48:17.345+0000] {processor.py:830} INFO - Processing file /home/airflow/.local/lib/python3.8/site-packages/airflow/example_dags/tutorial_taskflow_api.py for tasks to queue
[2026-08-21T22:48:17.349+0000] {logging_mixin.py:188} INFO - [2026-08-21T22:48:17.348+0000] {dagbag.py:540} INFO - Filling up the DagBag from /home/airflow/.local/lib/python3.8/site-packages/airflow/example_dags/tutorial_taskflow_api.py
[2026-08-21T22:48:17.367+0000] {processor.py:840} INFO - DAG(s) 'tutorial_taskflow_api' retrieved from /home/airflow/.local/lib/python3.8/site-packages/airflow/example_dags/tutorial_taskflow_api.py
[2026-08-21T22:48:17.404+0000] {logging_mixin.py:188} INFO - [2026-08-21T22:48:17.404+0000] {dag.py:3047} INFO - Sync 1 DAGs
[2026-08-21T22:48:17.426+0000] {logging_mixin.py:188} INFO - [2026-08-21T22:48:17.426+0000] {dag.py:3834} INFO - Setting next_dagrun for tutorial_taskflow_api to None, run_after=None
[2026-08-21T22:48:17.459+0000] {processor.py:183} INFO - Processing /home/airflow/.local/lib/python3.8/site-packages/airflow/example_dags/tutorial_taskflow_api.py took 0.127 seconds
[2026-08-21T22:48:48.160+0000] {processor.py:161} INFO - Started process (PID=318) to work on /home/airflow/.local/lib/python3.8/site-packages/airflow/example_dags/tutorial_taskflow_api.py
[2026-08-21T22:48:48.162+0000] {processor.py:830} INFO - Processing file /home/airflow/.local/lib/python3.8/site-packages/airflow/example_dags/tutorial_taskflow_api.py for tasks to queue
[2026-08-21T22:48:48.164+0000] {logging_mixin.py:188} INFO - [2026-08-21T22:48:48.164+0000] {dagbag.py:540} INFO - Filling up the DagBag from /home/airflow/.local/lib/python3.8/site-packages/airflow/example_dags/tutorial_taskflow_api.py
[2026-08-21T22:48:48.173+0000] {processor.py:840} INFO - DAG(s) 'tutorial_taskflow_api' retrieved from /home/airflow/.local/lib/python3.8/site-packages/airflow/example_dags/tutorial_taskflow_api.py
[2026-08-21T22:48:48.201+0000] {logging_mixin.py:188} INFO - [2026-08-21T22:48:48.201+0000] {dag.py:3047} INFO - Sync 1 DAGs
[2026-08-21T22:48:48.221+0000] {logging_mixin.py:188} INFO - [2026-08-21T22:48:48.221+0000] {dag.py:3834} INFO - Setting next_dagrun for tutorial_taskflow_api to None, run_after=None
[2026-08-21T22:48:48.256+0000] {processor.py:183} INFO - Processing /home/airflow/.local/lib/python3.8/site-packages/airflow/example_dags/tutorial_taskflow_api.py took 0.099 seconds
[2026-08-21T22:49:18.596+0000] {processor.py:161} INFO - Started process (PID=375) to work on /home/airflow/.local/lib/python3.8/site-packages/airflow/example_dags/tutorial_taskflow_api.py
[2026-08-21T22:49:18.598+0000] {processor.py:830} INFO - Processing file /home/airflow/.local/lib/python3.8/site-packages/airflow/example_dags/tutorial_taskflow_api.py for tasks to queue
[2026-08-21T22:49:18.601+0000] {logging_mixin.py:188} INFO - [2026-08-21T22:49:18.601+0000] {dagbag.py:540} INFO - Filling up the DagBag from /home/airflow/.local/lib/python3.8/site-packages/airflow/example_dags/tutorial_taskflow_api.py
[2026-08-21T22:49:18.609+0000] {processor.py:840} INFO - DAG(s) 'tutorial_taskflow_api' retrieved from /home/airflow/.local/lib/python3.8/site-packages/airflow/example_dags/tutorial_taskflow_api.py
[2026-08-21T22:49:18.633+0000] {logging_mixin.py:188} INFO - [2026-08-21T22:49:18.632+0000] {dag.py:3047} INFO - Sync 1 DAGs
[2026-08-21T22:49:18.647+0000] {logging_mixin.py:188} INFO - [2026-08-21T22:49:18.647+0000] {dag.py:3834} INFO - Setting next_dagrun for tutorial_taskflow_api to None, run_after=None
[2026-08-21T22:49:18.673+0000] {processor.py:183} INFO - Processing /home/airflow/.local/lib/python3.8/site-packages/airflow/example_dags/tutorial_taskflow_api.py took 0.080 seconds
[2026-08-21T22:49:48.947+0000] {processor.py:161} INFO - Started process (PID=432) to work on /home/airflow/.local/lib/python3.8/site-packages/airflow/example_dags/tutorial_taskflow_api.py
[2026-08-21T22:49:48.948+0000] {processor.py:830} INFO - Processing file /home/airflow/.local/lib/python3.8/site-packages/airflow/example_dags/tutorial_taskflow_api.py for tasks to queue
[2026-08-21T22:49:48.951+0000] {logging_mixin.py:188} INFO - [2026-08-21T22:49:48.951+0000] {dagbag.py:540} INFO - Filling up the DagBag from /home/airflow/.local/lib/python3.8/site-packages/airflow/example_dags/tutorial_taskflow_api.py
[2026-08-21T22:49:48.961+0000] {processor.py:840} INFO - DAG(s) 'tutorial_taskflow_api' retrieved from /home/airflow/.local/lib/python3.8/site-packages/airflow/example_dags/tutorial_taskflow_api.py
[2026-08-21T22:49:48.987+0000] {logging_mixin.py:188} INFO - [2026-08-21T22:49:48.986+0000] {dag.py:3047} INFO - Sync 1 DAGs
[2026-08-21T22:49:49.002+0000] {logging_mixin.py:188} INFO - [2026-08-21T22:49:49.001+0000] {dag.py:3834} INFO - Setting next_dagrun for tutorial_taskflow_api to None, run_after=None
[2026-08-21T22:49:49.026+0000] {processor.py:183} INFO - Processing /home/airflow/.local/lib/python3.8/site-packages/airflow/example_dags/tutorial_taskflow_api.py took 0.082 seconds
[2026-08-21T22:50:19.102+0000] {processor.py:161} INFO - Started process (PID=487) to work on /home/airflow/.local/lib/python3.8/site-packages/airflow/example_dags/tutorial_taskflow_api.py
[2026-08-21T22:50:19.104+0000] {processor.py:830} INFO - Processing file /home/airflow/.local/lib/python3.8/site-packages/airflow/example_dags/tutorial_taskflow_api.py for tasks to queue
[2026-08-21T22:50:19.107+0000] {logging_mixin.py:188} INFO - [2026-08-21T22:50:19.107+0000] {dagbag.py:540} INFO - Filling up the DagBag from /home/airflow/.local/lib/python3.8/site-packages/airflow/example_dags/tutorial_taskflow_api.py
[2026-08-21T22:50:19.119+0000] {processor.py:840} INFO - DAG(s) 'tutorial_taskflow_api' retrieved from /home/airflow/.local/lib/python3.8/site-packages/airflow/example_dags/tutorial_taskflow_api.py
[2026-08-21T22:50:19.154+0000] {logging_mixin.py:188} INFO - [2026-08-21T22:50:19.153+0000] {dag.py:3047} INFO - Sync 1 DAGs
[2026-08-21T22:50:19.174+0000] {logging_mixin.py:188} INFO - [2026-08-21T22:50:19.173+0000] {dag.py:3834} INFO - Setting next_dagrun for tutorial_taskflow_api to None, run_after=None
[2026-08-21T22:50:19.204+0000] {processor.py:183} INFO - Processing /home/airflow/.local/lib/python3.8/site-packages/airflow/example_dags/tutorial_taskflow_api.py took 0.108 seconds
[2026-08-21T22:50:49.317+0000] {processor.py:161} INFO - Started process (PID=544) to work on /home/airflow/.local/lib/python3.8/site-packages/airflow/example_dags/tutorial_taskflow_api.py
[2026-08-21T22:50:49.318+0000] {processor.py:830} INFO - Processing file /home/airflow/.local/lib/python3.8/site-packages/airflow/example_dags/tutorial_taskflow_api.py for tasks to queue
[2026-08-21T22:50:49.320+0000] {logging_mixin.py:188} INFO - [2026-08-21T22:50:49.320+0000] {dagbag.py:540} INFO - Filling up the DagBag from /home/airflow/.local/lib/python3.8/site-packages/airflow/example_dags/tutorial_taskflow_api.py
[2026-08-21T22:50:49.330+0000] {processor.py:840} INFO - DAG(s) 'tutorial_taskflow_api' retrieved from /home/airflow/.local/lib/python3.8/site-packages/airflow/example_dags/tutorial_taskflow_api.py
[2026-08-21T22:50:49.355+0000] {logging_mixin.py:188} INFO - [2026-08-21T22:50:49.354+0000] {dag.py:3047} INFO - Sync 1 DAGs
[2026-08-21T22:50:49.370+0000] {logging_mixin.py:188} INFO - [2026-08-21T22:50:49.370+0000] {dag.py:3834} INFO - Setting next_dagrun for tutorial_taskflow_api to None, run_after=None
[2026-08-21T22:50:49.393+0000] {processor.py:183} INFO - Processing /home/airflow/.local/lib/python3.8/site-packages/airflow/example_dags/tutorial_taskflow_api.py took 0.079 seconds
[2026-08-21T22:51:19.609+0000] {processor.py:161} INFO - Started process (PID=601) to work on /home/airflow/.local/lib/python3.8/site-packages/airflow/example_dags/tutorial_taskflow_api.py
[2026-08-21T22:51:19.611+0000] {processor.py:830} INFO - Processing file /home/airflow/.local/lib/python3.8/site-packages/airflow/example_dags/tutorial_taskflow_api.py for tasks to queue
[2026-08-21T22:51:19.614+0000] {logging_mixin.py:188} INFO - [2026-08-21T22:51:19.613+0000] {dagbag.py:540} INFO - Filling up the DagBag from /home/airflow/.local/lib/python3.8/site-packages/airflow/example_dags/tutorial_taskflow_api.py
[2026-08-21T22:51:19.621+0000] {processor.py:840} INFO - DAG(s) 'tutorial_taskflow_api' retrieved from /home/airflow/.local/lib/python3.8/site-packages/airflow/example_dags/tutorial_taskflow_api.py
[2026-08-21T22:51:19.647+0000] {logging_mixin.py:188} INFO - [2026-08-21T22:51:19.646+0000] {dag.py:3047} INFO - Sync 1 DAGs
[2026-08-21T22:51:19.659+0000] {logging_mixin.py:188} INFO - [2026-08-21T22:51:19.659+0000] {dag.py:3834} INFO - Setting next_dagrun for tutorial_taskflow_api to None, run_after=None
[2026-08-21T22:51:19.683+0000] {processor.py:183} INFO - Processing /home/airflow/.local/lib/python3.8/site-packages/airflow/example_dags/tutorial_taskflow_api.py took 0.078 seconds
[2026-08-21T22:51:50.026+0000] {processor.py:161} INFO - Started process (PID=658) to work on /home/airflow/.local/lib/python3.8/site-packages/airflow/example_dags/tutorial_taskflow_api.py
[2026-08-21T22:51:50.028+0000] {processor.py:830} INFO - Processing file /home/airflow/.local/lib/python3.8/site-packages/airflow/example_dags/tutorial_taskflow_api.py for tasks to queue
[2026-08-21T22:51:50.030+0000] {logging_mixin.py:188} INFO - [2026-08-21T22:51:50.030+0000] {dagbag.py:540} INFO - Filling up the DagBag from /home/airflow/.local/lib/python3.8/site-packages/airflow/example_dags/tutorial_taskflow_api.py
[2026-08-21T22:51:50.039+0000] {processor.py:840} INFO - DAG(s) 'tutorial_taskflow_api' retrieved from /home/airflow/.local/lib/python3.8/site-packages/airflow/example_dags/tutorial_taskflow_api.py
[2026-08-21T22:51:50.064+0000] {logging_mixin.py:188} INFO - [2026-08-21T22:51:50.064+0000] {dag.py:3047} INFO - Sync 1 DAGs
[2026-08-21T22:51:50.077+0000] {logging_mixin.py:188} INFO - [2026-08-21T22:51:50.077+0000] {dag.py:3834} INFO - Setting next_dagrun for tutorial_taskflow_api to None, run_after=None
[2026-08-21T22:51:50.098+0000] {processor.py:183} INFO - Processing /home/airflow/.local/lib/python3.8/site-packages/airflow/example_dags/tutorial_taskflow_api.py took 0.076 seconds
[2026-08-21T22:52:20.423+0000] {processor.py:161} INFO - Started process (PID=715) to work on /home/airflow/.local/lib/python3.8/site-packages/airflow/example_dags/tutorial_taskflow_api.py
[2026-08-21T22:52:20.425+0000] {processor.py:830} INFO - Processing file /home/airflow/.local/lib/python3.8/site-packages/airflow/example_dags/tutorial_taskflow_api.py for tasks to queue
[2026-08-21T22:52:20.428+0000] {logging_mixin.py:188} INFO - [2026-08-21T22:52:20.427+0000] {dagbag.py:540} INFO - Filling up the DagBag from /home/airflow/.local/lib/python3.8/site-packages/airflow/example_dags/tutorial_taskflow_api.py
[2026-08-21T22:52:20.436+0000] {processor.py:840} INFO - DAG(s) 'tutorial_taskflow_api' retrieved from /home/airflow/.local/lib/python3.8/site-packages/airflow/example_dags/tutorial_taskflow_api.py
[2026-08-21T22:52:20.461+0000] {logging_mixin.py:188} INFO - [2026-08-21T22:52:20.461+0000] {dag.py:3047} INFO - Sync 1 DAGs
[2026-08-21T22:52:20.476+0000] {logging_mixin.py:188} INFO - [2026-08-21T22:52:20.476+0000] {dag.py:3834} INFO - Setting next_dagrun for tutorial_taskflow_api to None, run_after=None
[2026-08-21T22:52:20.498+0000] {processor.py:183} INFO - Processing /home/airflow/.local/lib/python3.8/site-packages/airflow/example_dags/tutorial_taskflow_api.py took 0.080 seconds
[2026-08-21T22:52:50.668+0000] {processor.py:161} INFO - Started process (PID=772) to work on /home/airflow/.local/lib/python3.8/site-packages/airflow/example_dags/tutorial_taskflow_api.py
[2026-08-21T22:52:50.670+0000] {processor.py:830} INFO - Processing file /home/airflow/.local/lib/python3.8/site-packages/airflow/example_dags/tutorial_taskflow_api.py for tasks to queue
[2026-08-21T22:52:50.672+0000] {logging_mixin.py:188} INFO - [2026-08-21T22:52:50.672+0000] {dagbag.py:540} INFO - Filling up the DagBag from /home/airflow/.local/lib/python3.8/site-packages/airflow/example_dags/tutorial_taskflow_api.py
[2026-08-21T22:52:50.682+0000] {processor.py:840} INFO - DAG(s) 'tutorial_taskflow_api' retrieved from /home/airflow/.local/lib/python3.8/site-packages/airflow/example_dags/tutorial_taskflow_api.py
[2026-08-21T22:52:50.705+0000] {logging_mixin.py:188} INFO - [2026-08-21T22:52:50.704+0000] {dag.py:3047} INFO - Sync 1 DAGs
[2026-08-21T22:52:50.718+0000] {logging_mixin.py:188} INFO - [2026-08-21T22:52:50.717+0000] {dag.py:3834} INFO - Setting next_dagrun for tutorial_taskflow_api to None, run_after=None
[2026-08-21T22:52:50.740+0000] {processor.py:183} INFO - Processing /home/airflow/.local/lib/python3.8/site-packages/airflow/example_dags/tutorial_taskflow_api.py took 0.078 seconds
[2026-08-21T22:53:21.557+0000] {processor.py:161} INFO - Started process (PID=829) to work on /home/airflow/.local/lib/python3.8/site-packages/airflow/example_dags/tutorial_taskflow_api.py
[2026-08-21T22:53:21.559+0000] {processor.py:830} INFO - Processing file /home/airflow/.local/lib/python3.8/site-packages/airflow/example_dags/tutorial_taskflow_api.py for tasks to queue
[2026-08-21T22:53:21.562+0000] {logging_mixin.py:188} INFO - [2026-08-21T22:53:21.561+0000] {dagbag.py:540} INFO - Filling up the DagBag from /home/airflow/.local/lib/python3.8/site-packages/airflow/example_dags/tutorial_taskflow_api.py
[2026-08-21T22:53:21.573+0000] {processor.py:840} INFO - DAG(s) 'tutorial_taskflow_api' retrieved from /home/airflow/.local/lib/python3.8/site-packages/airflow/example_dags/tutorial_taskflow_api.py
[2026-08-21T22:53:21.598+0000] {logging_mixin.py:188} INFO - [2026-08-21T22:53:21.598+0000] {dag.py:3047} INFO - Sync 1 DAGs
[2026-08-21T22:53:21.617+0000] {logging_mixin.py:188} INFO - [2026-08-21T22:53:21.617+0000] {dag.py:3834} INFO - Setting next_dagrun for tutorial_taskflow_api to None, run_after=None
[2026-08-21T22:53:21.643+0000] {processor.py:183} INFO - Processing /home/airflow/.local/lib/python3.8/site-packages/airflow/example_dags/tutorial_taskflow_api.py took 0.091 seconds
[2026-08-21T22:53:51.966+0000] {processor.py:161} INFO - Started process (PID=886) to work on /home/airflow/.local/lib/python3.8/site-packages/airflow/example_dags/tutorial_taskflow_api.py
[2026-08-21T22:53:51.967+0000] {processor.py:830} INFO - Processing file /home/airflow/.local/lib/python3.8/site-packages/airflow/example_dags/tutorial_taskflow_api.py for tasks to queue
[2026-08-21T22:53:51.970+0000] {logging_mixin.py:188} INFO - [2026-08-21T22:53:51.969+0000] {dagbag.py:540} INFO - Filling up the DagBag from /home/airflow/.local/lib/python3.8/site-packages/airflow/example_dags/tutorial_taskflow_api.py
[2026-08-21T22:53:51.979+0000] {processor.py:840} INFO - DAG(s) 'tutorial_taskflow_api' retrieved from /home/airflow/.local/lib/python3.8/site-packages/airflow/example_dags/tutorial_taskflow_api.py
[2026-08-21T22:53:52.005+0000] {logging_mixin.py:188} INFO - [2026-08-21T22:53:52.005+0000] {dag.py:3047} INFO - Sync 1 DAGs
[2026-08-21T22:53:52.021+0000] {logging_mixin.py:188} INFO - [2026-08-21T22:53:52.021+0000] {dag.py:3834} INFO - Setting next_dagrun for tutorial_taskflow_api to None, run_after=None
[2026-08-21T22:53:52.045+0000] {processor.py:183} INFO - Processing /home/airflow/.local/lib/python3.8/site-packages/airflow/example_dags/tutorial_taskflow_api.py took 0.084 seconds
[2026-08-21T22:54:22.217+0000] {processor.py:161} INFO - Started process (PID=943) to work on /home/airflow/.local/lib/python3.8/site-packages/airflow/example_dags/tutorial_taskflow_api.py
[2026-08-21T22:54:22.219+0000] {processor.py:830} INFO - Processing file /home/airflow/.local/lib/python3.8/site-packages/airflow/example_dags/tutorial_taskflow_api.py for tasks to queue
[2026-08-21T22:54:22.221+0000] {logging_mixin.py:188} INFO - [2026-08-21T22:54:22.221+0000] {dagbag.py:540} INFO - Filling up the DagBag from /home/airflow/.local/lib/python3.8/site-packages/airflow/example_dags/tutorial_taskflow_api.py
[2026-08-21T22:54:22.230+0000] {processor.py:840} INFO - DAG(s) 'tutorial_taskflow_api' retrieved from /home/airflow/.local/lib/python3.8/site-packages/airflow/example_dags/tutorial_taskflow_api.py
[2026-08-21T22:54:22.255+0000] {logging_mixin.py:188} INFO - [2026-08-21T22:54:22.254+0000] {dag.py:3047} INFO - Sync 1 DAGs
[2026-08-21T22:54:22.270+0000] {logging_mixin.py:188} INFO - [2026-08-21T22:54:22.270+0000] {dag.py:3834} INFO - Setting next_dagrun for tutorial_taskflow_api to None, run_after=None
[2026-08-21T22:54:22.294+0000] {processor.py:183} INFO - Processing /home/airflow/.local/lib/python3.8/site-packages/airflow/example_dags/tutorial_taskflow_api.py took 0.082 seconds
[2026-08-21T22:54:52.884+0000] {processor.py:161} INFO - Started process (PID=1000) to work on /home/airflow/.local/lib/python3.8/site-packages/airflow/example_dags/tutorial_taskflow_api.py
[2026-08-21T22:54:52.886+0000] {processor.py:830} INFO - Processing file /home/airflow/.local/lib/python3.8/site-packages/airflow/example_dags/tutorial_taskflow_api.py for tasks to queue
[2026-08-21T22:54:52.890+0000] {logging_mixin.py:188} INFO - [2026-08-21T22:54:52.889+0000] {dagbag.py:540} INFO - Filling up the DagBag from /home/airflow/.local/lib/python3.8/site-packages/airflow/example_dags/tutorial_taskflow_api.py
[2026-08-21T22:54:52.898+0000] {processor.py:840} INFO - DAG(s) 'tutorial_taskflow_api' retrieved from /home/airflow/.local/lib/python3.8/site-packages/airflow/example_dags/tutorial_taskflow_api.py
[2026-08-21T22:54:52.926+0000] {logging_mixin.py:188} INFO - [2026-08-21T22:54:52.926+0000] {dag.py:3047} INFO - Sync 1 DAGs
[2026-08-21T22:54:52.942+0000] {logging_mixin.py:188} INFO - [2026-08-21T22:54:52.942+0000] {dag.py:3834} INFO - Setting next_dagrun for tutorial_taskflow_api to None, run_after=None
[2026-08-21T22:54:52.965+0000] {processor.py:183} INFO - Processing /home/airflow/.local/lib/python3.8/site-packages/airflow/example_dags/tutorial_taskflow_api.py took 0.085 seconds
[2026-08-21T22:55:23.489+0000] {processor.py:161} INFO - Started process (PID=1057) to work on /home/airflow/.local/lib/python3.8/site-packages/airflow/example_dags/tutorial_taskflow_api.py
[2026-08-21T22:55:23.490+0000] {processor.py:830} INFO - Processing file /home/airflow/.local/lib/python3.8/site-packages/airflow/example_dags/tutorial_taskflow_api.py for tasks to queue
[2026-08-21T22:55:23.493+0000] {logging_mixin.py:188} INFO - [2026-08-21T22:55:23.493+0000] {dagbag.py:540} INFO - Filling up the DagBag from /home/airflow/.local/lib/python3.8/site-packages/airflow/example_dags/tutorial_taskflow_api.py
[2026-08-21T22:55:23.500+0000] {processor.py:840} INFO - DAG(s) 'tutorial_taskflow_api' retrieved from /home/airflow/.local/lib/python3.8/site-packages/airflow/example_dags/tutorial_taskflow_api.py
[2026-08-21T22:55:23.529+0000] {logging_mixin.py:188} INFO - [2026-08-21T22:55:23.529+0000] {dag.py:3047} INFO - Sync 1 DAGs
[2026-08-21T22:55:23.546+0000] {logging_mixin.py:188} INFO - [2026-08-21T22:55:23.546+0000] {dag.py:3834} INFO - Setting next_dagrun for tutorial_taskflow_api to None, run_after=None
[2026-08-21T22:55:23.573+0000] {processor.py:183} INFO - Processing /home/airflow/.local/lib/python3.8/site-packages/airflow/example_dags/tutorial_taskflow_api.py took 0.089 seconds
[2026-08-21T22:55:53.775+0000] {processor.py:161} INFO - Started process (PID=1114) to work on /home/airflow/.local/lib/python3.8/site-packages/airflow/example_dags/tutorial_taskflow_api.py
[2026-08-21T22:55:53.777+0000] {processor.py:830} INFO - Processing file /home/airflow/.local/lib/python3.8/site-packages/airflow/example_dags/tutorial_taskflow_api.py for tasks to queue
[2026-08-21T22:55:53.781+0000] {logging_mixin.py:188} INFO - [2026-08-21T22:55:53.781+0000] {dagbag.py:540} INFO - Filling up the DagBag from /home/airflow/.local/lib/python3.8/site-packages/airflow/example_dags/tutorial_taskflow_api.py
[2026-08-21T22:55:53.796+0000] {processor.py:840} INFO - DAG(s) 'tutorial_taskflow_api' retrieved from /home/airflow/.local/lib/python3.8/site-packages/airflow/example_dags/tutorial_taskflow_api.py
[2026-08-21T22:55:53.824+0000] {logging_mixin.py:188} INFO - [2026-08-21T22:55:53.824+0000] {dag.py:3047} INFO - Sync 1 DAGs
[2026-08-21T22:55:53.840+0000] {logging_mixin.py:188} INFO - [2026-08-21T22:55:53.840+0000] {dag.py:3834} INFO - Setting next_dagrun for tutorial_taskflow_api to None, run_after=None
[2026-08-21T22:55:53.869+0000] {processor.py:183} INFO - Processing /home/airflow/.local/lib/python3.8/site-packages/airflow/example_dags/tutorial_taskflow_api.py took 0.102 seconds
[2026-08-21T22:56:24.741+0000] {processor.py:161} INFO - Started process (PID=1171) to work on /home/airflow/.local/lib/python3.8/site-packages/airflow/example_dags/tutorial_taskflow_api.py
[2026-08-21T22:56:24.743+0000] {processor.py:830} INFO - Processing file /home/airflow/.local/lib/python3.8/site-packages/airflow/example_dags/tutorial_taskflow_api.py for tasks to queue
[2026-08-21T22:56:24.746+0000] {logging_mixin.py:188} INFO - [2026-08-21T22:56:24.746+0000] {dagbag.py:540} INFO - Filling up the DagBag from /home/airflow/.local/lib/python3.8/site-packages/airflow/example_dags/tutorial_taskflow_api.py
[2026-08-21T22:56:24.756+0000] {processor.py:840} INFO - DAG(s) 'tutorial_taskflow_api' retrieved from /home/airflow/.local/lib/python3.8/site-packages/airflow/example_dags/tutorial_taskflow_api.py
[2026-08-21T22:56:24.782+0000] {logging_mixin.py:188} INFO - [2026-08-21T22:56:24.782+0000] {dag.py:3047} INFO - Sync 1 DAGs
[2026-08-21T22:56:24.797+0000] {logging_mixin.py:188} INFO - [2026-08-21T22:56:24.796+0000] {dag.py:3834} INFO - Setting next_dagrun for tutorial_taskflow_api to None, run_after=None
[2026-08-21T22:56:24.820+0000] {processor.py:183} INFO - Processing /home/airflow/.local/lib/python3.8/site-packages/airflow/example_dags/tutorial_taskflow_api.py took 0.084 seconds
[2026-08-21T22:56:55.213+0000] {processor.py:161} INFO - Started process (PID=1228) to work on /home/airflow/.local/lib/python3.8/site-packages/airflow/example_dags/tutorial_taskflow_api.py
[2026-08-21T22:56:55.215+0000] {processor.py:830} INFO - Processing file /home/airflow/.local/lib/python3.8/site-packages/airflow/example_dags/tutorial_taskflow_api.py for tasks to queue
[2026-08-21T22:56:55.217+0000] {logging_mixin.py:188} INFO - [2026-08-21T22:56:55.217+0000] {dagbag.py:540} INFO - Filling up the DagBag from /home/airflow/.local/lib/python3.8/site-packages/airflow/example_dags/tutorial_taskflow_api.py
[2026-08-21T22:56:55.225+0000] {processor.py:840} INFO - DAG(s) 'tutorial_taskflow_api' retrieved from /home/airflow/.local/lib/python3.8/site-packages/airflow/example_dags/tutorial_taskflow_api.py
[2026-08-21T22:56:55.251+0000] {logging_mixin.py:188} INFO - [2026-08-21T22:56:55.251+0000] {dag.py:3047} INFO - Sync 1 DAGs
[2026-08-21T22:56:55.265+0000] {logging_mixin.py:188} INFO - [2026-08-21T22:56:55.265+0000] {dag.py:3834} INFO - Setting next_dagrun for tutorial_taskflow_api to None, run_after=None
[2026-08-21T22:56:55.289+0000] {processor.py:183} INFO - Processing /home/airflow/.local/lib/python3.8/site-packages/airflow/example_dags/tutorial_taskflow_api.py took 0.079 seconds
[2026-08-21T22:57:25.906+0000] {processor.py:161} INFO - Started process (PID=1285) to work on /home/airflow/.local/lib/python3.8/site-packages/airflow/example_dags/tutorial_taskflow_api.py
[2026-08-21T22:57:25.908+0000] {processor.py:830} INFO - Processing file /home/airflow/.local/lib/python3.8/site-packages/airflow/example_dags/tutorial_taskflow_api.py for tasks to queue
[2026-08-21T22:57:25.911+0000] {logging_mixin.py:188} INFO - [2026-08-21T22:57:25.911+0000] {dagbag.py:540} INFO - Filling up the DagBag from /home/airflow/.local/lib/python3.8/site-packages/airflow/example_dags/tutorial_taskflow_api.py
[2026-08-21T22:57:25.920+0000] {processor.py:840} INFO - DAG(s) 'tutorial_taskflow_api' retrieved from /home/airflow/.local/lib/python3.8/site-packages/airflow/example_dags/tutorial_taskflow_api.py
[2026-08-21T22:57:25.946+0000] {logging_mixin.py:188} INFO - [2026-08-21T22:57:25.946+0000] {dag.py:3047} INFO - Sync 1 DAGs
[2026-08-21T22:57:25.961+0000] {logging_mixin.py:188} INFO - [2026-08-21T22:57:25.960+0000] {dag.py:3834} INFO - Setting next_dagrun for tutorial_taskflow_api to None, run_after=None
[2026-08-21T22:57:25.983+0000] {processor.py:183} INFO - Processing /home/airflow/.local/lib/python3.8/site-packages/airflow/example_dags/tutorial_taskflow_api.py took 0.082 seconds
[2026-08-21T22:57:56.314+0000] {processor.py:161} INFO - Started process (PID=1342) to work on /home/airflow/.local/lib/python3.8/site-packages/airflow/example_dags/tutorial_taskflow_api.py
[2026-08-21T22:57:56.316+0000] {processor.py:830} INFO - Processing file /home/airflow/.local/lib/python3.8/site-packages/airflow/example_dags/tutorial_taskflow_api.py for tasks to queue
[2026-08-21T22:57:56.319+0000] {logging_mixin.py:188} INFO - [2026-08-21T22:57:56.319+0000] {dagbag.py:540} INFO - Filling up the DagBag from /home/airflow/.local/lib/python3.8/site-packages/airflow/example_dags/tutorial_taskflow_api.py
[2026-08-21T22:57:56.328+0000] {processor.py:840} INFO - DAG(s) 'tutorial_taskflow_api' retrieved from /home/airflow/.local/lib/python3.8/site-packages/airflow/example_dags/tutorial_taskflow_api.py
[2026-08-21T22:57:56.356+0000] {logging_mixin.py:188} INFO - [2026-08-21T22:57:56.356+0000] {dag.py:3047} INFO - Sync 1 DAGs
[2026-08-21T22:57:56.377+0000] {logging_mixin.py:188} INFO - [2026-08-21T22:57:56.377+0000] {dag.py:3834} INFO - Setting next_dagrun for tutorial_taskflow_api to None, run_after=None
[2026-08-21T22:57:56.398+0000] {processor.py:183} INFO - Processing /home/airflow/.local/lib/python3.8/site-packages/airflow/example_dags/tutorial_taskflow_api.py took 0.088 seconds
[2026-08-21T22:58:26.875+0000] {processor.py:161} INFO - Started process (PID=1399) to work on /home/airflow/.local/lib/python3.8/site-packages/airflow/example_dags/tutorial_taskflow_api.py
[2026-08-21T22:58:26.877+0000] {processor.py:830} INFO - Processing file /home/airflow/.local/lib/python3.8/site-packages/airflow/example_dags/tutorial_taskflow_api.py for tasks to queue
[2026-08-21T22:58:26.879+0000] {logging_mixin.py:188} INFO - [2026-08-21T22:58:26.879+0000] {dagbag.py:540} INFO - Filling up the DagBag from /home/airflow/.local/lib/python3.8/site-packages/airflow/example_dags/tutorial_taskflow_api.py
[2026-08-21T22:58:26.887+0000] {processor.py:840} INFO - DAG(s) 'tutorial_taskflow_api' retrieved from /home/airflow/.local/lib/python3.8/site-packages/airflow/example_dags/tutorial_taskflow_api.py
[2026-08-21T22:58:26.910+0000] {logging_mixin.py:188} INFO - [2026-08-21T22:58:26.910+0000] {dag.py:3047} INFO - Sync 1 DAGs
[2026-08-21T22:58:26.922+0000] {logging_mixin.py:188} INFO - [2026-08-21T22:58:26.922+0000] {dag.py:3834} INFO - Setting next_dagrun for tutorial_taskflow_api to None, run_after=None
[2026-08-21T22:58:26.944+0000] {processor.py:183} INFO - Processing /home/airflow/.local/lib/python3.8/site-packages/airflow/example_dags/tutorial_taskflow_api.py took 0.074 seconds
[2026-08-21T22:58:57.187+0000] {processor.py:161} INFO - Started process (PID=1456) to work on /home/airflow/.local/lib/python3.8/site-packages/airflow/example_dags/tutorial_taskflow_api.py
[2026-08-21T22:58:57.189+0000] {processor.py:830} INFO - Processing file /home/airflow/.local/lib/python3.8/site-packages/airflow/example_dags/tutorial_taskflow_api.py for tasks to queue
[2026-08-21T22:58:57.191+0000] {logging_mixin.py:188} INFO - [2026-08-21T22:58:57.191+0000] {dagbag.py:540} INFO - Filling up the DagBag from /home/airflow/.local/lib/python3.8/site-packages/airflow/example_dags/tutorial_taskflow_api.py
[2026-08-21T22:58:57.199+0000] {processor.py:840} INFO - DAG(s) 'tutorial_taskflow_api' retrieved from /home/airflow/.local/lib/python3.8/site-packages/airflow/example_dags/tutorial_taskflow_api.py
[2026-08-21T22:58:57.220+0000] {logging_mixin.py:188} INFO - [2026-08-21T22:58:57.220+0000] {dag.py:3047} INFO - Sync 1 DAGs
[2026-08-21T22:58:57.232+0000] {logging_mixin.py:188} INFO - [2026-08-21T22:58:57.232+0000] {dag.py:3834} INFO - Setting next_dagrun for tutorial_taskflow_api to None, run_after=None
[2026-08-21T22:58:57.254+0000] {processor.py:183} INFO - Processing /home/airflow/.local/lib/python3.8/site-packages/airflow/example_dags/tutorial_taskflow_api.py took 0.071 seconds
[2026-08-21T22:59:27.723+0000] {processor.py:161} INFO - Started process (PID=1513) to work on /home/airflow/.local/lib/python3.8/site-packages/airflow/example_dags/tutorial_taskflow_api.py
[2026-08-21T22:59:27.725+0000] {processor.py:830} INFO - Processing file /home/airflow/.local/lib/python3.8/site-packages/airflow/example_dags/tutorial_taskflow_api.py for tasks to queue
[2026-08-21T22:59:27.728+0000] {logging_mixin.py:188} INFO - [2026-08-21T22:59:27.728+0000] {dagbag.py:540} INFO - Filling up the DagBag from /home/airflow/.local/lib/python3.8/site-packages/airflow/example_dags/tutorial_taskflow_api.py
[2026-08-21T22:59:27.751+0000] {processor.py:840} INFO - DAG(s) 'tutorial_taskflow_api' retrieved from /home/airflow/.local/lib/python3.8/site-packages/airflow/example_dags/tutorial_taskflow_api.py
[2026-08-21T22:59:27.782+0000] {logging_mixin.py:188} INFO - [2026-08-21T22:59:27.782+0000] {dag.py:3047} INFO - Sync 1 DAGs
[2026-08-21T22:59:27.802+0000] {logging_mixin.py:188} INFO - [2026-08-21T22:59:27.802+0000] {dag.py:3834} INFO - Setting next_dagrun for tutorial_taskflow_api to None, run_after=None
[2026-08-21T22:59:27.835+0000] {processor.py:183} INFO - Processing /home/airflow/.local/lib/python3.8/site-packages/airflow/example_dags/tutorial_taskflow_api.py took 0.115 seconds
[2026-08-21T22:59:58.273+0000] {processor.py:161} INFO - Started process (PID=1570) to work on /home/airflow/.local/lib/python3.8/site-packages/airflow/example_dags/tutorial_taskflow_api.py
[2026-08-21T22:59:58.275+0000] {processor.py:830} INFO - Processing file /home/airflow/.local/lib/python3.8/site-packages/airflow/example_dags/tutorial_taskflow_api.py for tasks to queue
[2026-08-21T22:59:58.278+0000] {logging_mixin.py:188} INFO - [2026-08-21T22:59:58.278+0000] {dagbag.py:540} INFO - Filling up the DagBag from /home/airflow/.local/lib/python3.8/site-packages/airflow/example_dags/tutorial_taskflow_api.py
[2026-08-21T22:59:58.289+0000] {processor.py:840} INFO - DAG(s) 'tutorial_taskflow_api' retrieved from /home/airflow/.local/lib/python3.8/site-packages/airflow/example_dags/tutorial_taskflow_api.py
[2026-08-21T22:59:58.316+0000] {logging_mixin.py:188} INFO - [2026-08-21T22:59:58.316+0000] {dag.py:3047} INFO - Sync 1 DAGs
[2026-08-21T22:59:58.333+0000] {logging_mixin.py:188} INFO - [2026-08-21T22:59:58.333+0000] {dag.py:3834} INFO - Setting next_dagrun for tutorial_taskflow_api to None, run_after=None
[2026-08-21T22:59:58.357+0000] {processor.py:183} INFO - Processing /home/airflow/.local/lib/python3.8/site-packages/airflow/example_dags/tutorial_taskflow_api.py took 0.090 seconds
[2026-08-21T23:00:28.553+0000] {processor.py:161} INFO - Started process (PID=1627) to work on /home/airflow/.local/lib/python3.8/site-packages/airflow/example_dags/tutorial_taskflow_api.py
[2026-08-21T23:00:28.558+0000] {processor.py:830} INFO - Processing file /home/airflow/.local/lib/python3.8/site-packages/airflow/example_dags/tutorial_taskflow_api.py for tasks to queue
[2026-08-21T23:00:28.562+0000] {logging_mixin.py:188} INFO - [2026-08-21T23:00:28.561+0000] {dagbag.py:540} INFO - Filling up the DagBag from /home/airflow/.local/lib/python3.8/site-packages/airflow/example_dags/tutorial_taskflow_api.py
[2026-08-21T23:00:28.575+0000] {processor.py:840} INFO - DAG(s) 'tutorial_taskflow_api' retrieved from /home/airflow/.local/lib/python3.8/site-packages/airflow/example_dags/tutorial_taskflow_api.py
[2026-08-21T23:00:28.610+0000] {logging_mixin.py:188} INFO - [2026-08-21T23:00:28.610+0000] {dag.py:3047} INFO - Sync 1 DAGs
[2026-08-21T23:00:28.629+0000] {logging_mixin.py:188} INFO - [2026-08-21T23:00:28.629+0000] {dag.py:3834} INFO - Setting next_dagrun for tutorial_taskflow_api to None, run_after=None
[2026-08-21T23:00:28.658+0000] {processor.py:183} INFO - Processing /home/airflow/.local/lib/python3.8/site-packages/airflow/example_dags/tutorial_taskflow_api.py took 0.110 seconds
[2026-08-21T23:00:59.335+0000] {processor.py:161} INFO - Started process (PID=1684) to work on /home/airflow/.local/lib/python3.8/site-packages/airflow/example_dags/tutorial_taskflow_api.py
[2026-08-21T23:00:59.337+0000] {processor.py:830} INFO - Processing file /home/airflow/.local/lib/python3.8/site-packages/airflow/example_dags/tutorial_taskflow_api.py for tasks to queue
[2026-08-21T23:00:59.339+0000] {logging_mixin.py:188} INFO - [2026-08-21T23:00:59.339+0000] {dagbag.py:540} INFO - Filling up the DagBag from /home/airflow/.local/lib/python3.8/site-packages/airflow/example_dags/tutorial_taskflow_api.py
[2026-08-21T23:00:59.346+0000] {processor.py:840} INFO - DAG(s) 'tutorial_taskflow_api' retrieved from /home/airflow/.local/lib/python3.8/site-packages/airflow/example_dags/tutorial_taskflow_api.py
[2026-08-21T23:00:59.367+0000] {logging_mixin.py:188} INFO - [2026-08-21T23:00:59.367+0000] {dag.py:3047} INFO - Sync 1 DAGs
[2026-08-21T23:00:59.379+0000] {logging_mixin.py:188} INFO - [2026-08-21T23:00:59.379+0000] {dag.py:3834} INFO - Setting next_dagrun for tutorial_taskflow_api to None, run_after=None
[2026-08-21T23:00:59.399+0000] {processor.py:183} INFO - Processing /home/airflow/.local/lib/python3.8/site-packages/airflow/example_dags/tutorial_taskflow_api.py took 0.067 seconds
[2026-08-21T23:01:30.471+0000] {processor.py:161} INFO - Started process (PID=1741) to work on /home/airflow/.local/lib/python3.8/site-packages/airflow/example_dags/tutorial_taskflow_api.py
[2026-08-21T23:01:30.472+0000] {processor.py:830} INFO - Processing file /home/airflow/.local/lib/python3.8/site-packages/airflow/example_dags/tutorial_taskflow_api.py for tasks to queue
[2026-08-21T23:01:30.475+0000] {logging_mixin.py:188} INFO - [2026-08-21T23:01:30.474+0000] {dagbag.py:540} INFO - Filling up the DagBag from /home/airflow/.local/lib/python3.8/site-packages/airflow/example_dags/tutorial_taskflow_api.py
[2026-08-21T23:01:30.483+0000] {processor.py:840} INFO - DAG(s) 'tutorial_taskflow_api' retrieved from /home/airflow/.local/lib/python3.8/site-packages/airflow/example_dags/tutorial_taskflow_api.py
[2026-08-21T23:01:30.512+0000] {logging_mixin.py:188} INFO - [2026-08-21T23:01:30.512+0000] {dag.py:3047} INFO - Sync 1 DAGs
[2026-08-21T23:01:30.530+0000] {logging_mixin.py:188} INFO - [2026-08-21T23:01:30.529+0000] {dag.py:3834} INFO - Setting next_dagrun for tutorial_taskflow_api to None, run_after=None
[2026-08-21T23:01:30.568+0000] {processor.py:183} INFO - Processing /home/airflow/.local/lib/python3.8/site-packages/airflow/example_dags/tutorial_taskflow_api.py took 0.102 seconds
[2026-08-21T23:02:00.925+0000] {processor.py:161} INFO - Started process (PID=1798) to work on /home/airflow/.local/lib/python3.8/site-packages/airflow/example_dags/tutorial_taskflow_api.py
[2026-08-21T23:02:00.926+0000] {processor.py:830} INFO - Processing file /home/airflow/.local/lib/python3.8/site-packages/airflow/example_dags/tutorial_taskflow_api.py for tasks to queue
[2026-08-21T23:02:00.929+0000] {logging_mixin.py:188} INFO - [2026-08-21T23:02:00.928+0000] {dagbag.py:540} INFO - Filling up the DagBag from /home/airflow/.local/lib/python3.8/site-packages/airflow/example_dags/tutorial_taskflow_api.py
[2026-08-21T23:02:00.937+0000] {processor.py:840} INFO - DAG(s) 'tutorial_taskflow_api' retrieved from /home/airflow/.local/lib/python3.8/site-packages/airflow/example_dags/tutorial_taskflow_api.py
[2026-08-21T23:02:00.967+0000] {logging_mixin.py:188} INFO - [2026-08-21T23:02:00.967+0000] {dag.py:3047} INFO - Sync 1 DAGs
[2026-08-21T23:02:00.989+0000] {logging_mixin.py:188} INFO - [2026-08-21T23:02:00.988+0000] {dag.py:3834} INFO - Setting next_dagrun for tutorial_taskflow_api to None, run_after=None
[2026-08-21T23:02:01.016+0000] {processor.py:183} INFO - Processing /home/airflow/.local/lib/python3.8/site-packages/airflow/example_dags/tutorial_taskflow_api.py took 0.096 seconds
[2026-08-21T23:02:31.159+0000] {processor.py:161} INFO - Started process (PID=1855) to work on /home/airflow/.local/lib/python3.8/site-packages/airflow/example_dags/tutorial_taskflow_api.py
[2026-08-21T23:02:31.161+0000] {processor.py:830} INFO - Processing file /home/airflow/.local/lib/python3.8/site-packages/airflow/example_dags/tutorial_taskflow_api.py for tasks to queue
[2026-08-21T23:02:31.163+0000] {logging_mixin.py:188} INFO - [2026-08-21T23:02:31.163+0000] {dagbag.py:540} INFO - Filling up the DagBag from /home/airflow/.local/lib/python3.8/site-packages/airflow/example_dags/tutorial_taskflow_api.py
[2026-08-21T23:02:31.173+0000] {processor.py:840} INFO - DAG(s) 'tutorial_taskflow_api' retrieved from /home/airflow/.local/lib/python3.8/site-packages/airflow/example_dags/tutorial_taskflow_api.py
[2026-08-21T23:02:31.200+0000] {logging_mixin.py:188} INFO - [2026-08-21T23:02:31.200+0000] {dag.py:3047} INFO - Sync 1 DAGs
[2026-08-21T23:02:31.215+0000] {logging_mixin.py:188} INFO - [2026-08-21T23:02:31.215+0000] {dag.py:3834} INFO - Setting next_dagrun for tutorial_taskflow_api to None, run_after=None
[2026-08-21T23:02:31.243+0000] {processor.py:183} INFO - Processing /home/airflow/.local/lib/python3.8/site-packages/airflow/example_dags/tutorial_taskflow_api.py took 0.087 seconds
[2026-08-21T23:03:01.660+0000] {processor.py:161} INFO - Started process (PID=1912) to work on /home/airflow/.local/lib/python3.8/site-packages/airflow/example_dags/tutorial_taskflow_api.py
[2026-08-21T23:03:01.662+0000] {processor.py:830} INFO - Processing file /home/airflow/.local/lib/python3.8/site-packages/airflow/example_dags/tutorial_taskflow_api.py for tasks to queue
[2026-08-21T23:03:01.665+0000] {logging_mixin.py:188} INFO - [2026-08-21T23:03:01.664+0000] {dagbag.py:540} INFO - Filling up the DagBag from /home/airflow/.local/lib/python3.8/site-packages/airflow/example_dags/tutorial_taskflow_api.py
[2026-08-21T23:03:01.678+0000] {processor.py:840} INFO - DAG(s) 'tutorial_taskflow_api' retrieved from /home/airflow/.local/lib/python3.8/site-packages/airflow/example_dags/tutorial_taskflow_api.py
[2026-08-21T23:03:01.755+0000] {logging_mixin.py:188} INFO - [2026-08-21T23:03:01.755+0000] {dag.py:3047} INFO - Sync 1 DAGs
[2026-08-21T23:03:01.776+0000] {logging_mixin.py:188} INFO - [2026-08-21T23:03:01.775+0000] {dag.py:3834} INFO - Setting next_dagrun for tutorial_taskflow_api to None, run_after=None
[2026-08-21T23:03:01.800+0000] {processor.py:183} INFO - Processing /home/airflow/.local/lib/python3.8/site-packages/airflow/example_dags/tutorial_taskflow_api.py took 0.147 seconds
[2026-08-21T23:03:32.712+0000] {processor.py:161} INFO - Started process (PID=1969) to work on /home/airflow/.local/lib/python3.8/site-packages/airflow/example_dags/tutorial_taskflow_api.py
[2026-08-21T23:03:32.714+0000] {processor.py:830} INFO - Processing file /home/airflow/.local/lib/python3.8/site-packages/airflow/example_dags/tutorial_taskflow_api.py for tasks to queue
[2026-08-21T23:03:32.721+0000] {logging_mixin.py:188} INFO - [2026-08-21T23:03:32.720+0000] {dagbag.py:540} INFO - Filling up the DagBag from /home/airflow/.local/lib/python3.8/site-packages/airflow/example_dags/tutorial_taskflow_api.py
[2026-08-21T23:03:32.730+0000] {processor.py:840} INFO - DAG(s) 'tutorial_taskflow_api' retrieved from /home/airflow/.local/lib/python3.8/site-packages/airflow/example_dags/tutorial_taskflow_api.py
[2026-08-21T23:03:32.754+0000] {logging_mixin.py:188} INFO - [2026-08-21T23:03:32.754+0000] {dag.py:3047} INFO - Sync 1 DAGs
[2026-08-21T23:03:32.768+0000] {logging_mixin.py:188} INFO - [2026-08-21T23:03:32.768+0000] {dag.py:3834} INFO - Setting next_dagrun for tutorial_taskflow_api to None, run_after=None
[2026-08-21T23:03:32.789+0000] {processor.py:183} INFO - Processing /home/airflow/.local/lib/python3.8/site-packages/airflow/example_dags/tutorial_taskflow_api.py took 0.081 seconds
[2026-08-21T23:04:03.755+0000] {processor.py:161} INFO - Started process (PID=2026) to work on /home/airflow/.local/lib/python3.8/site-packages/airflow/example_dags/tutorial_taskflow_api.py
[2026-08-21T23:04:03.757+0000] {processor.py:830} INFO - Processing file /home/airflow/.local/lib/python3.8/site-packages/airflow/example_dags/tutorial_taskflow_api.py for tasks to queue
[2026-08-21T23:04:03.760+0000] {logging_mixin.py:188} INFO - [2026-08-21T23:04:03.760+0000] {dagbag.py:540} INFO - Filling up the DagBag from /home/airflow/.local/lib/python3.8/site-packages/airflow/example_dags/tutorial_taskflow_api.py
[2026-08-21T23:04:03.772+0000] {processor.py:840} INFO - DAG(s) 'tutorial_taskflow_api' retrieved from /home/airflow/.local/lib/python3.8/site-packages/airflow/example_dags/tutorial_taskflow_api.py
[2026-08-21T23:04:03.818+0000] {logging_mixin.py:188} INFO - [2026-08-21T23:04:03.818+0000] {dag.py:3047} INFO - Sync 1 DAGs
[2026-08-21T23:04:03.845+0000] {logging_mixin.py:188} INFO - [2026-08-21T23:04:03.845+0000] {dag.py:3834} INFO - Setting next_dagrun for tutorial_taskflow_api to None, run_after=None
[2026-08-21T23:04:03.883+0000] {processor.py:183} INFO - Processing /home/airflow/.local/lib/python3.8/site-packages/airflow/example_dags/tutorial_taskflow_api.py took 0.133 seconds
[2026-08-21T23:04:34.333+0000] {processor.py:161} INFO - Started process (PID=2083) to work on /home/airflow/.local/lib/python3.8/site-packages/airflow/example_dags/tutorial_taskflow_api.py
[2026-08-21T23:04:34.334+0000] {processor.py:830} INFO - Processing file /home/airflow/.local/lib/python3.8/site-packages/airflow/example_dags/tutorial_taskflow_api.py for tasks to queue
[2026-08-21T23:04:34.337+0000] {logging_mixin.py:188} INFO - [2026-08-21T23:04:34.337+0000] {dagbag.py:540} INFO - Filling up the DagBag from /home/airflow/.local/lib/python3.8/site-packages/airflow/example_dags/tutorial_taskflow_api.py
[2026-08-21T23:04:34.348+0000] {processor.py:840} INFO - DAG(s) 'tutorial_taskflow_api' retrieved from /home/airflow/.local/lib/python3.8/site-packages/airflow/example_dags/tutorial_taskflow_api.py
[2026-08-21T23:04:34.377+0000] {logging_mixin.py:188} INFO - [2026-08-21T23:04:34.377+0000] {dag.py:3047} INFO - Sync 1 DAGs
[2026-08-21T23:04:34.393+0000] {logging_mixin.py:188} INFO - [2026-08-21T23:04:34.392+0000] {dag.py:3834} INFO - Setting next_dagrun for tutorial_taskflow_api to None, run_after=None
[2026-08-21T23:04:34.422+0000] {processor.py:183} INFO - Processing /home/airflow/.local/lib/python3.8/site-packages/airflow/example_dags/tutorial_taskflow_api.py took 0.093 seconds
[2026-08-21T23:05:04.609+0000] {processor.py:161} INFO - Started process (PID=2140) to work on /home/airflow/.local/lib/python3.8/site-packages/airflow/example_dags/tutorial_taskflow_api.py
[2026-08-21T23:05:04.612+0000] {processor.py:830} INFO - Processing file /home/airflow/.local/lib/python3.8/site-packages/airflow/example_dags/tutorial_taskflow_api.py for tasks to queue
[2026-08-21T23:05:04.616+0000] {logging_mixin.py:188} INFO - [2026-08-21T23:05:04.615+0000] {dagbag.py:540} INFO - Filling up the DagBag from /home/airflow/.local/lib/python3.8/site-packages/airflow/example_dags/tutorial_taskflow_api.py
[2026-08-21T23:05:04.627+0000] {processor.py:840} INFO - DAG(s) 'tutorial_taskflow_api' retrieved from /home/airflow/.local/lib/python3.8/site-packages/airflow/example_dags/tutorial_taskflow_api.py
[2026-08-21T23:05:04.654+0000] {logging_mixin.py:188} INFO - [2026-08-21T23:05:04.654+0000] {dag.py:3047} INFO - Sync 1 DAGs
[2026-08-21T23:05:04.673+0000] {logging_mixin.py:188} INFO - [2026-08-21T23:05:04.672+0000] {dag.py:3834} INFO - Setting next_dagrun for tutorial_taskflow_api to None, run_after=None
[2026-08-21T23:05:04.702+0000] {processor.py:183} INFO - Processing /home/airflow/.local/lib/python3.8/site-packages/airflow/example_dags/tutorial_taskflow_api.py took 0.098 seconds
[2026-08-21T23:05:34.907+0000] {processor.py:161} INFO - Started process (PID=2197) to work on /home/airflow/.local/lib/python3.8/site-packages/airflow/example_dags/tutorial_taskflow_api.py
[2026-08-21T23:05:34.909+0000] {processor.py:830} INFO - Processing file /home/airflow/.local/lib/python3.8/site-packages/airflow/example_dags/tutorial_taskflow_api.py for tasks to queue
[2026-08-21T23:05:34.912+0000] {logging_mixin.py:188} INFO - [2026-08-21T23:05:34.912+0000] {dagbag.py:540} INFO - Filling up the DagBag from /home/airflow/.local/lib/python3.8/site-packages/airflow/example_dags/tutorial_taskflow_api.py
[2026-08-21T23:05:34.921+0000] {processor.py:840} INFO - DAG(s) 'tutorial_taskflow_api' retrieved from /home/airflow/.local/lib/python3.8/site-packages/airflow/example_dags/tutorial_taskflow_api.py
[2026-08-21T23:05:34.951+0000] {logging_mixin.py:188} INFO - [2026-08-21T23:05:34.951+0000] {dag.py:3047} INFO - Sync 1 DAGs
[2026-08-21T23:05:34.967+0000] {logging_mixin.py:188} INFO - [2026-08-21T23:05:34.967+0000] {dag.py:3834} INFO - Setting next_dagrun for tutorial_taskflow_api to None, run_after=None
[2026-08-21T23:05:34.992+0000] {processor.py:183} INFO - Processing /home/airflow/.local/lib/python3.8/site-packages/airflow/example_dags/tutorial_taskflow_api.py took 0.090 seconds
[2026-08-21T23:06:05.445+0000] {processor.py:161} INFO - Started process (PID=2254) to work on /home/airflow/.local/lib/python3.8/site-packages/airflow/example_dags/tutorial_taskflow_api.py
[2026-08-21T23:06:05.447+0000] {processor.py:830} INFO - Processing file /home/airflow/.local/lib/python3.8/site-packages/airflow/example_dags/tutorial_taskflow_api.py for tasks to queue
[2026-08-21T23:06:05.451+0000] {logging_mixin.py:188} INFO - [2026-08-21T23:06:05.450+0000] {dagbag.py:540} INFO - Filling up the DagBag from /home/airflow/.local/lib/python3.8/site-packages/airflow/example_dags/tutorial_taskflow_api.py
[2026-08-21T23:06:05.467+0000] {processor.py:840} INFO - DAG(s) 'tutorial_taskflow_api' retrieved from /home/airflow/.local/lib/python3.8/site-packages/airflow/example_dags/tutorial_taskflow_api.py
[2026-08-21T23:06:05.495+0000] {logging_mixin.py:188} INFO - [2026-08-21T23:06:05.495+0000] {dag.py:3047} INFO - Sync 1 DAGs
[2026-08-21T23:06:05.511+0000] {logging_mixin.py:188} INFO - [2026-08-21T23:06:05.511+0000] {dag.py:3834} INFO - Setting next_dagrun for tutorial_taskflow_api to None, run_after=None
[2026-08-21T23:06:05.535+0000] {processor.py:183} INFO - Processing /home/airflow/.local/lib/python3.8/site-packages/airflow/example_dags/tutorial_taskflow_api.py took 0.095 seconds
[2026-08-21T23:06:36.310+0000] {processor.py:161} INFO - Started process (PID=2311) to work on /home/airflow/.local/lib/python3.8/site-packages/airflow/example_dags/tutorial_taskflow_api.py
[2026-08-21T23:06:36.311+0000] {processor.py:830} INFO - Processing file /home/airflow/.local/lib/python3.8/site-packages/airflow/example_dags/tutorial_taskflow_api.py for tasks to queue
[2026-08-21T23:06:36.314+0000] {logging_mixin.py:188} INFO - [2026-08-21T23:06:36.313+0000] {dagbag.py:540} INFO - Filling up the DagBag from /home/airflow/.local/lib/python3.8/site-packages/airflow/example_dags/tutorial_taskflow_api.py
[2026-08-21T23:06:36.322+0000] {processor.py:840} INFO - DAG(s) 'tutorial_taskflow_api' retrieved from /home/airflow/.local/lib/python3.8/site-packages/airflow/example_dags/tutorial_taskflow_api.py
[2026-08-21T23:06:36.346+0000] {logging_mixin.py:188} INFO - [2026-08-21T23:06:36.345+0000] {dag.py:3047} INFO - Sync 1 DAGs
[2026-08-21T23:06:36.360+0000] {logging_mixin.py:188} INFO - [2026-08-21T23:06:36.359+0000] {dag.py:3834} INFO - Setting next_dagrun for tutorial_taskflow_api to None, run_after=None
[2026-08-21T23:06:36.379+0000] {processor.py:183} INFO - Processing /home/airflow/.local/lib/python3.8/site-packages/airflow/example_dags/tutorial_taskflow_api.py took 0.073 seconds
[2026-08-21T23:07:06.618+0000] {processor.py:161} INFO - Started process (PID=2368) to work on /home/airflow/.local/lib/python3.8/site-packages/airflow/example_dags/tutorial_taskflow_api.py
[2026-08-21T23:07:06.620+0000] {processor.py:830} INFO - Processing file /home/airflow/.local/lib/python3.8/site-packages/airflow/example_dags/tutorial_taskflow_api.py for tasks to queue
[2026-08-21T23:07:06.623+0000] {logging_mixin.py:188} INFO - [2026-08-21T23:07:06.622+0000] {dagbag.py:540} INFO - Filling up the DagBag from /home/airflow/.local/lib/python3.8/site-packages/airflow/example_dags/tutorial_taskflow_api.py
[2026-08-21T23:07:06.631+0000] {processor.py:840} INFO - DAG(s) 'tutorial_taskflow_api' retrieved from /home/airflow/.local/lib/python3.8/site-packages/airflow/example_dags/tutorial_taskflow_api.py
[2026-08-21T23:07:06.660+0000] {logging_mixin.py:188} INFO - [2026-08-21T23:07:06.659+0000] {dag.py:3047} INFO - Sync 1 DAGs
[2026-08-21T23:07:06.675+0000] {logging_mixin.py:188} INFO - [2026-08-21T23:07:06.675+0000] {dag.py:3834} INFO - Setting next_dagrun for tutorial_taskflow_api to None, run_after=None
[2026-08-21T23:07:06.700+0000] {processor.py:183} INFO - Processing /home/airflow/.local/lib/python3.8/site-packages/airflow/example_dags/tutorial_taskflow_api.py took 0.086 seconds
[2026-08-21T23:07:37.395+0000] {processor.py:161} INFO - Started process (PID=2425) to work on /home/airflow/.local/lib/python3.8/site-packages/airflow/example_dags/tutorial_taskflow_api.py
[2026-08-21T23:07:37.398+0000] {processor.py:830} INFO - Processing file /home/airflow/.local/lib/python3.8/site-packages/airflow/example_dags/tutorial_taskflow_api.py for tasks to queue
[2026-08-21T23:07:37.401+0000] {logging_mixin.py:188} INFO - [2026-08-21T23:07:37.400+0000] {dagbag.py:540} INFO - Filling up the DagBag from /home/airflow/.local/lib/python3.8/site-packages/airflow/example_dags/tutorial_taskflow_api.py
[2026-08-21T23:07:37.408+0000] {processor.py:840} INFO - DAG(s) 'tutorial_taskflow_api' retrieved from /home/airflow/.local/lib/python3.8/site-packages/airflow/example_dags/tutorial_taskflow_api.py
[2026-08-21T23:07:37.436+0000] {logging_mixin.py:188} INFO - [2026-08-21T23:07:37.436+0000] {dag.py:3047} INFO - Sync 1 DAGs
[2026-08-21T23:07:37.453+0000] {logging_mixin.py:188} INFO - [2026-08-21T23:07:37.453+0000] {dag.py:3834} INFO - Setting next_dagrun for tutorial_taskflow_api to None, run_after=None
[2026-08-21T23:07:37.479+0000] {processor.py:183} INFO - Processing /home/airflow/.local/lib/python3.8/site-packages/airflow/example_dags/tutorial_taskflow_api.py took 0.087 seconds
