[2026-08-21T22:46:43.197+0000] {processor.py:161} INFO - Started process (PID=78) to work on /home/airflow/.local/lib/python3.8/site-packages/airflow/example_dags/tutorial.py
[2026-08-21T22:46:43.199+0000] {processor.py:830} INFO - Processing file /home/airflow/.local/lib/python3.8/site-packages/airflow/example_dags/tutorial.py for tasks to queue
[2026-08-21T22:46:43.203+0000] {logging_mixin.py:188} INFO - [2026-08-21T22:46:43.203+0000] {dagbag.py:540} INFO - Filling up the DagBag from /home/airflow/.local/lib/python3.8/site-packages/airflow/example_dags/tutorial.py
[2026-08-21T22:46:43.215+0000] {processor.py:840} INFO - DAG(s) 'tutorial' retrieved from /home/airflow/.local/lib/python3.8/site-packages/airflow/example_dags/tutorial.py
[2026-08-21T22:46:43.234+0000] {logging_mixin.py:188} INFO - [2026-08-21T22:46:43.234+0000] {dag.py:3047} INFO - Sync 1 DAGs
[2026-08-21T22:46:43.272+0000] {logging_mixin.py:188} INFO - [2026-08-21T22:46:43.272+0000] {dag.py:3834} INFO - Setting next_dagrun for tutorial to 2026-08-20 00:00:00+00:00, run_after=2026-08-21 00:00:00+00:00
[2026-08-21T22:46:43.367+0000] {processor.py:183} INFO - Processing /home/airflow/.local/lib/python3.8/site-packages/airflow/example_dags/tutorial.py took 0.177 seconds
[2026-08-21T22:47:13.801+0000] {processor.py:161} INFO - Started process (PID=135) to work on /home/airflow/.local/lib/python3.8/site-packages/airflow/example_dags/tutorial.py
[2026-08-21T22:47:13.802+0000] {processor.py:830} INFO - Processing file /home/airflow/.local/lib/python3.8/site-packages/airflow/example_dags/tutorial.py for tasks to queue
[2026-08-21T22:47:13.805+0000] {logging_mixin.py:188} INFO - [2026-08-21T22:47:13.804+0000] {dagbag.py:540} INFO - Filling up the DagBag from /home/airflow/.local/lib/python3.8/site-packages/airflow/example_dags/tutorial.py
[2026-08-21T22:47:13.813+0000] {processor.py:840} INFO - DAG(s) 'tutorial' retrieved from /home/airflow/.local/lib/python3.8/site-packages/airflow/example_dags/tutorial.py
[2026-08-21T22:47:13.926+0000] {logging_mixin.py:188} INFO - [2026-08-21T22:47:13.926+0000] {dag.py:3047} INFO - Sync 1 DAGs
[2026-08-21T22:47:13.951+0000] {logging_mixin.py:188} INFO - [2026-08-21T22:47:13.950+0000] {dag.py:3834} INFO - Setting next_dagrun for tutorial to 2026-08-20 00:00:00+00:00, run_after=2026-08-21 00:00:00+00:00
[2026-08-21T22:47:13.971+0000] {processor.py:183} INFO - Processing /home/airflow/.local/lib/python3.8/site-packages/airflow/example_dags/tutorial.py took 0.174 seconds
[2026-08-21T22:47:44.877+0000] {processor.py:161} INFO - Started process (PID=192) to work on /home/airflow/.local/lib/python3.8/site-packages/airflow/example_dags/tutorial.py
[2026-08-21T22:47:44.880+0000] {processor.py:830} INFO - Processing file /home/airflow/.local/lib/python3.8/site-packages/airflow/example_dags/tutorial.py for tasks to queue
[2026-08-21T22:47:44.882+0000] {logging_mixin.py:188} INFO - [2026-08-21T22:47:44.882+0000] {dagbag.py:540} INFO - Filling up the DagBag from /home/airflow/.local/lib/python3.8/site-packages/airflow/example_dags/tutorial.py
[2026-08-21T22:47:44.891+0000] {processor.py:840} INFO - DAG(s) 'tutorial' retrieved from /home/airflow/.local/lib/python3.8/site-packages/airflow/example_dags/tutorial.py
[2026-08-21T22:47:44.931+0000] {logging_mixin.py:188} INFO - [2026-08-21T22:47:44.931+0000] {dag.py:3047} INFO - Sync 1 DAGs
[2026-08-21T22:47:44.965+0000] {logging_mixin.py:188} INFO - [2026-08-21T22:47:44.965+0000] {dag.py:3834} INFO - Setting next_dagrun for tutorial to 2026-08-20 00:00:00+00:00, run_after=2026-08-21 00:00:00+00:00
[2026-08-21T22:47:45.093+0000] {processor.py:183} INFO - Processing /home/airflow/.local/lib/python3.8/site-packages/airflow/example_dags/tutorial.py took 0.223 seconds
[2026-08-21T22:48:15.543+0000] {processor.py:161} INFO - Started process (PID=247) to work on /home/airflow/.local/lib/python3.8/site-packages/airflow/example_dags/tutorial.py
[2026-08-21T22:48:15.545+0000] {processor.py:830} INFO - Processing file /home/airflow/.local/lib/python3.8/site-packages/airflow/example_dags/tutorial.py for tasks to queue
[2026-08-21T22:48:15.548+0000] {logging_mixin.py:188} INFO - [2026-08-21T22:48:15.548+0000] {dagbag.py:540} INFO - Filling up the DagBag from /home/airflow/.local/lib/python3.8/site-packages/airflow/example_dags/tutorial.py
[2026-08-21T22:48:15.558+0000] {processor.py:840} INFO - DAG(s) 'tutorial' retrieved from /home/airflow/.local/lib/python3.8/site-packages/airflow/example_dags/tutorial.py
[2026-08-21T22:48:15.584+0000] {logging_mixin.py:188} INFO - [2026-08-21T22:48:15.584+0000] {dag.py:3047} INFO - Sync 1 DAGs
[2026-08-21T22:48:15.610+0000] {logging_mixin.py:188} INFO - [2026-08-21T22:48:15.610+0000] {dag.py:3834} INFO - Setting next_dagrun for tutorial to 2026-08-20 00:00:00+00:00, run_after=2026-08-21 00:00:00+00:00
[2026-08-21T22:48:15.634+0000] {processor.py:183} INFO - Processing /home/airflow/.local/lib/python3.8/site-packages/airflow/example_dags/tutorial.py took 0.094 seconds
[2026-08-21T22:48:46.005+0000] {processor.py:161} INFO - Started process (PID=304) to work on /home/airflow/.local/lib/python3.8/site-packages/airflow/example_dags/tutorial.py
[2026-08-21T22:48:46.007+0000] {processor.py:830} INFO - Processing file /home/airflow/.local/lib/python3.8/site-packages/airflow/example_dags/tutorial.py for tasks to queue
[2026-08-21T22:48:46.010+0000] {logging_mixin.py:188} INFO - [2026-08-21T22:48:46.010+0000] {dagbag.py:540} INFO - Filling up the DagBag from /home/airflow/.local/lib/python3.8/site-packages/airflow/example_dags/tutorial.py
[2026-08-21T22:48:46.019+0000] {processor.py:840} INFO - DAG(s) 'tutorial' retrieved from /home/airflow/.local/lib/python3.8/site-packages/airflow/example_dags/tutorial.py
[2026-08-21T22:48:46.046+0000] {logging_mixin.py:188} INFO - [2026-08-21T22:48:46.046+0000] {dag.py:3047} INFO - Sync 1 DAGs
[2026-08-21T22:48:46.075+0000] {logging_mixin.py:188} INFO - [2026-08-21T22:48:46.074+0000] {dag.py:3834} INFO - Setting next_dagrun for tutorial to 2026-08-20 00:00:00+00:00, run_after=2026-08-21 00:00:00+00:00
[2026-08-21T22:48:46.099+0000] {processor.py:183} INFO - Processing /home/airflow/.local/lib/python3.8/site-packages/airflow/example_dags/tutorial.py took 0.099 seconds
[2026-08-21T22:49:16.399+0000] {processor.py:161} INFO - Started process (PID=361) to work on /home/airflow/.local/lib/python3.8/site-packages/airflow/example_dags/tutorial.py
[2026-08-21T22:49:16.401+0000] {processor.py:830} INFO - Processing file /home/airflow/.local/lib/python3.8/site-packages/airflow/example_dags/tutorial.py for tasks to queue
[2026-08-21T22:49:16.404+0000] {logging_mixin.py:188} INFO - [2026-08-21T22:49:16.404+0000] {dagbag.py:540} INFO - Filling up the DagBag from /home/airflow/.local/lib/python3.8/site-packages/airflow/example_dags/tutorial.py
[2026-08-21T22:49:16.412+0000] {processor.py:840} INFO - DAG(s) 'tutorial' retrieved from /home/airflow/.local/lib/python3.8/site-packages/airflow/example_dags/tutorial.py
[2026-08-21T22:49:16.443+0000] {logging_mixin.py:188} INFO - [2026-08-21T22:49:16.443+0000] {dag.py:3047} INFO - Sync 1 DAGs
[2026-08-21T22:49:16.480+0000] {logging_mixin.py:188} INFO - [2026-08-21T22:49:16.479+0000] {dag.py:3834} INFO - Setting next_dagrun for tutorial to 2026-08-20 00:00:00+00:00, run_after=2026-08-21 00:00:00+00:00
[2026-08-21T22:49:16.504+0000] {processor.py:183} INFO - Processing /home/airflow/.local/lib/python3.8/site-packages/airflow/example_dags/tutorial.py took 0.111 seconds
[2026-08-21T22:49:46.723+0000] {processor.py:161} INFO - Started process (PID=418) to work on /home/airflow/.local/lib/python3.8/site-packages/airflow/example_dags/tutorial.py
[2026-08-21T22:49:46.725+0000] {processor.py:830} INFO - Processing file /home/airflow/.local/lib/python3.8/site-packages/airflow/example_dags/tutorial.py for tasks to queue
[2026-08-21T22:49:46.727+0000] {logging_mixin.py:188} INFO - [2026-08-21T22:49:46.727+0000] {dagbag.py:540} INFO - Filling up the DagBag from /home/airflow/.local/lib/python3.8/site-packages/airflow/example_dags/tutorial.py
[2026-08-21T22:49:46.736+0000] {processor.py:840} INFO - DAG(s) 'tutorial' retrieved from /home/airflow/.local/lib/python3.8/site-packages/airflow/example_dags/tutorial.py
[2026-08-21T22:49:46.764+0000] {logging_mixin.py:188} INFO - [2026-08-21T22:49:46.763+0000] {dag.py:3047} INFO - Sync 1 DAGs
[2026-08-21T22:49:46.789+0000] {logging_mixin.py:188} INFO - [2026-08-21T22:49:46.789+0000] {dag.py:3834} INFO - Setting next_dagrun for tutorial to 2026-08-20 00:00:00+00:00, run_after=2026-08-21 00:00:00+00:00
[2026-08-21T22:49:46.814+0000] {processor.py:183} INFO - Processing /home/airflow/.local/lib/python3.8/site-packages/airflow/example_dags/tutorial.py took 0.095 seconds
[2026-08-21T22:50:17.216+0000] {processor.py:161} INFO - Started process (PID=475) to work on /home/airflow/.local/lib/python3.8/site-packages/airflow/example_dags/tutorial.py
[2026-08-21T22:50:17.217+0000] {processor.py:830} INFO - Processing file /home/airflow/.local/lib/python3.8/site-packages/airflow/example_dags/tutorial.py for tasks to queue
[2026-08-21T22:50:17.220+0000] {logging_mixin.py:188} INFO - [2026-08-21T22:50:17.220+0000] {dagbag.py:540} INFO - Filling up the DagBag from /home/airflow/.local/lib/python3.8/site-packages/airflow/example_dags/tutorial.py
[2026-08-21T22:50:17.228+0000] {processor.py:840} INFO - DAG(s) 'tutorial' retrieved from /home/airflow/.local/lib/python3.8/site-packages/airflow/example_dags/tutorial.py
[2026-08-21T22:50:17.257+0000] {logging_mixin.py:188} INFO - [2026-08-21T22:50:17.256+0000] {dag.py:3047} INFO - Sync 1 DAGs
[2026-08-21T22:50:17.283+0000] {logging_mixin.py:188} INFO - [2026-08-21T22:50:17.283+0000] {dag.py:3834} INFO - Setting next_dagrun for tutorial to 2026-08-20 00:00:00+00:00, run_after=2026-08-21 00:00:00+00:00
[2026-08-21T22:50:17.316+0000] {processor.py:183} INFO - Processing /home/airflow/.local/lib/python3.8/site-packages/airflow/example_dags/tutorial.py took 0.105 seconds
[2026-08-21T22:50:47.438+0000] {processor.py:161} INFO - Started process (PID=532) to work on /home/airflow/.local/lib/python3.8/site-packages/airflow/example_dags/tutorial.py
[2026-08-21T22:50:47.440+0000] {processor.py:830} INFO - Processing file /home/airflow/.local/lib/python3.8/site-packages/airflow/example_dags/tutorial.py for tasks to queue
[2026-08-21T22:50:47.443+0000] {logging_mixin.py:188} INFO - [2026-08-21T22:50:47.442+0000] {dagbag.py:540} INFO - Filling up the DagBag from /home/airflow/.local/lib/python3.8/site-packages/airflow/example_dags/tutorial.py
[2026-08-21T22:50:47.451+0000] {processor.py:840} INFO - DAG(s) 'tutorial' retrieved from /home/airflow/.local/lib/python3.8/site-packages/airflow/example_dags/tutorial.py
[2026-08-21T22:50:47.477+0000] {logging_mixin.py:188} INFO - [2026-08-21T22:50:47.477+0000] {dag.py:3047} INFO - Sync 1 DAGs
[2026-08-21T22:50:47.504+0000] {logging_mixin.py:188} INFO - [2026-08-21T22:50:47.504+0000] {dag.py:3834} INFO - Setting next_dagrun for tutorial to 2026-08-20 00:00:00+00:00, run_after=2026-08-21 00:00:00+00:00
[2026-08-21T22:50:47.528+0000] {processor.py:183} INFO - Processing /home/airflow/.local/lib/python3.8/site-packages/airflow/example_dags/tutorial.py took 0.094 seconds
[2026-08-21T22:51:17.795+0000] {processor.py:161} INFO - Started process (PID=589) to work on /home/airflow/.local/lib/python3.8/site-packages/airflow/example_dags/tutorial.py
[2026-08-21T22:51:17.797+0000] {processor.py:830} INFO - Processing file /home/airflow/.local/lib/python3.8/site-packages/airflow/example_dags/tutorial.py for tasks to queue
[2026-08-21T22:51:17.800+0000] {logging_mixin.py:188} INFO - [2026-08-21T22:51:17.800+0000] {dagbag.py:540} INFO - Filling up the DagBag from /home/airflow/.local/lib/python3.8/site-packages/airflow/example_dags/tutorial.py
[2026-08-21T22:51:17.811+0000] {processor.py:840} INFO - DAG(s) 'tutorial' retrieved from /home/airflow/.local/lib/python3.8/site-packages/airflow/example_dags/tutorial.py
[2026-08-21T22:51:17.835+0000] {logging_mixin.py:188} INFO - [2026-08-21T22:51:17.835+0000] {dag.py:3047} INFO - Sync 1 DAGs
[2026-08-21T22:51:17.861+0000] {logging_mixin.py:188} INFO - [2026-08-21T22:51:17.861+0000] {dag.py:3834} INFO - Setting next_dagrun for tutorial to 2026-08-20 00:00:00+00:00, run_after=2026-08-21 00:00:00+00:00
[2026-08-21T22:51:17.883+0000] {processor.py:183} INFO - Processing /home/airflow/.local/lib/python3.8/site-packages/airflow/example_dags/tutorial.py took 0.092 seconds
[2026-08-21T22:51:48.048+0000] {processor.py:161} INFO - Started process (PID=646) to work on /home/airflow/.local/lib/python3.8/site-packages/airflow/example_dags/tutorial.py
[2026-08-21T22:51:48.056+0000] {processor.py:830} INFO - Processing file /home/airflow/.local/lib/python3.8/site-packages/airflow/example_dags/tutorial.py for tasks to queue
[2026-08-21T22:51:48.060+0000] {logging_mixin.py:188} INFO - [2026-08-21T22:51:48.060+0000] {dagbag.py:540} INFO - Filling up the DagBag from /home/airflow/.local/lib/python3.8/site-packages/airflow/example_dags/tutorial.py
[2026-08-21T22:51:48.074+0000] {processor.py:840} INFO - DAG(s) 'tutorial' retrieved from /home/airflow/.local/lib/python3.8/site-packages/airflow/example_dags/tutorial.py
[2026-08-21T22:51:48.107+0000] {logging_mixin.py:188} INFO - [2026-08-21T22:51:48.106+0000] {dag.py:3047} INFO - Sync 1 DAGs
[2026-08-21T22:51:48.140+0000] {logging_mixin.py:188} INFO - [2026-08-21T22:51:48.139+0000] {dag.py:3834} INFO - Setting next_dagrun for tutorial to 2026-08-20 00:00:00+00:00, run_after=2026-08-21 00:00:00+00:00
[2026-08-21T22:51:48.165+0000] {processor.py:183} INFO - Processing /home/airflow/.local/lib/python3.8/site-packages/airflow/example_dags/tutorial.py took 0.124 seconds
[2026-08-21T22:52:18.490+0000] {processor.py:161} INFO - Started process (PID=703) to work on /home/airflow/.local/lib/python3.8/site-packages/airflow/example_dags/tutorial.py
[2026-08-21T22:52:18.497+0000] {processor.py:830} INFO - Processing file /home/airflow/.local/lib/python3.8/site-packages/airflow/example_dags/tutorial.py for tasks to queue
[2026-08-21T22:52:18.502+0000] {logging_mixin.py:188} INFO - [2026-08-21T22:52:18.501+0000] {dagbag.py:540} INFO - Filling up the DagBag from /home/airflow/.local/lib/python3.8/site-packages/airflow/example_dags/tutorial.py
[2026-08-21T22:52:18.509+0000] {processor.py:840} INFO - DAG(s) 'tutorial' retrieved from /home/airflow/.local/lib/python3.8/site-packages/airflow/example_dags/tutorial.py
[2026-08-21T22:52:18.539+0000] {logging_mixin.py:188} INFO - [2026-08-21T22:52:18.538+0000] {dag.py:3047} INFO - Sync 1 DAGs
[2026-08-21T22:52:18.563+0000] {logging_mixin.py:188} INFO - [2026-08-21T22:52:18.563+0000] {dag.py:3834} INFO - Setting next_dagrun for tutorial to 2026-08-20 00:00:00+00:00, run_after=2026-08-21 00:00:00+00:00
[2026-08-21T22:52:18.588+0000] {processor.py:183} INFO - Processing /home/airflow/.local/lib/python3.8/site-packages/airflow/example_dags/tutorial.py took 0.104 seconds
[2026-08-21T22:52:48.807+0000] {processor.py:161} INFO - Started process (PID=760) to work on /home/airflow/.local/lib/python3.8/site-packages/airflow/example_dags/tutorial.py
[2026-08-21T22:52:48.810+0000] {processor.py:830} INFO - Processing file /home/airflow/.local/lib/python3.8/site-packages/airflow/example_dags/tutorial.py for tasks to queue
[2026-08-21T22:52:48.817+0000] {logging_mixin.py:188} INFO - [2026-08-21T22:52:48.817+0000] {dagbag.py:540} INFO - Filling up the DagBag from /home/airflow/.local/lib/python3.8/site-packages/airflow/example_dags/tutorial.py
[2026-08-21T22:52:48.832+0000] {processor.py:840} INFO - DAG(s) 'tutorial' retrieved from /home/airflow/.local/lib/python3.8/site-packages/airflow/example_dags/tutorial.py
[2026-08-21T22:52:48.867+0000] {logging_mixin.py:188} INFO - [2026-08-21T22:52:48.866+0000] {dag.py:3047} INFO - Sync 1 DAGs
[2026-08-21T22:52:48.900+0000] {logging_mixin.py:188} INFO - [2026-08-21T22:52:48.900+0000] {dag.py:3834} INFO - Setting next_dagrun for tutorial to 2026-08-20 00:00:00+00:00, run_after=2026-08-21 00:00:00+00:00
[2026-08-21T22:52:48.927+0000] {processor.py:183} INFO - Processing /home/airflow/.local/lib/python3.8/site-packages/airflow/example_dags/tutorial.py took 0.126 seconds
[2026-08-21T22:53:19.750+0000] {processor.py:161} INFO - Started process (PID=817) to work on /home/airflow/.local/lib/python3.8/site-packages/airflow/example_dags/tutorial.py
[2026-08-21T22:53:19.752+0000] {processor.py:830} INFO - Processing file /home/airflow/.local/lib/python3.8/site-packages/airflow/example_dags/tutorial.py for tasks to queue
[2026-08-21T22:53:19.755+0000] {logging_mixin.py:188} INFO - [2026-08-21T22:53:19.754+0000] {dagbag.py:540} INFO - Filling up the DagBag from /home/airflow/.local/lib/python3.8/site-packages/airflow/example_dags/tutorial.py
[2026-08-21T22:53:19.764+0000] {processor.py:840} INFO - DAG(s) 'tutorial' retrieved from /home/airflow/.local/lib/python3.8/site-packages/airflow/example_dags/tutorial.py
[2026-08-21T22:53:19.794+0000] {logging_mixin.py:188} INFO - [2026-08-21T22:53:19.794+0000] {dag.py:3047} INFO - Sync 1 DAGs
[2026-08-21T22:53:19.825+0000] {logging_mixin.py:188} INFO - [2026-08-21T22:53:19.825+0000] {dag.py:3834} INFO - Setting next_dagrun for tutorial to 2026-08-20 00:00:00+00:00, run_after=2026-08-21 00:00:00+00:00
[2026-08-21T22:53:19.849+0000] {processor.py:183} INFO - Processing /home/airflow/.local/lib/python3.8/site-packages/airflow/example_dags/tutorial.py took 0.106 seconds
[2026-08-21T22:53:49.983+0000] {processor.py:161} INFO - Started process (PID=874) to work on /home/airflow/.local/lib/python3.8/site-packages/airflow/example_dags/tutorial.py
[2026-08-21T22:53:49.985+0000] {processor.py:830} INFO - Processing file /home/airflow/.local/lib/python3.8/site-packages/airflow/example_dags/tutorial.py for tasks to queue
[2026-08-21T22:53:49.988+0000] {logging_mixin.py:188} INFO - [2026-08-21T22:53:49.988+0000] {dagbag.py:540} INFO - Filling up the DagBag from /home/airflow/.local/lib/python3.8/site-packages/airflow/example_dags/tutorial.py
[2026-08-21T22:53:49.997+0000] {processor.py:840} INFO - DAG(s) 'tutorial' retrieved from /home/airflow/.local/lib/python3.8/site-packages/airflow/example_dags/tutorial.py
[2026-08-21T22:53:50.023+0000] {logging_mixin.py:188} INFO - [2026-08-21T22:53:50.022+0000] {dag.py:3047} INFO - Sync 1 DAGs
[2026-08-21T22:53:50.050+0000] {logging_mixin.py:188} INFO - [2026-08-21T22:53:50.050+0000] {dag.py:3834} INFO - Setting next_dagrun for tutorial to 2026-08-20 00:00:00+00:00, run_after=2026-08-21 00:00:00+00:00
[2026-08-21T22:53:50.073+0000] {processor.py:183} INFO - Processing /home/airflow/.local/lib/python3.8/site-packages/airflow/example_dags/tutorial.py took 0.094 seconds
[2026-08-21T22:54:20.253+0000] {processor.py:161} INFO - Started process (PID=931) to work on /home/airflow/.local/lib/python3.8/site-packages/airflow/example_dags/tutorial.py
[2026-08-21T22:54:20.255+0000] {processor.py:830} INFO - Processing file /home/airflow/.local/lib/python3.8/site-packages/airflow/example_dags/tutorial.py for tasks to queue
[2026-08-21T22:54:20.259+0000] {logging_mixin.py:188} INFO - [2026-08-21T22:54:20.258+0000] {dagbag.py:540} INFO - Filling up the DagBag from /home/airflow/.local/lib/python3.8/site-packages/airflow/example_dags/tutorial.py
[2026-08-21T22:54:20.267+0000] {processor.py:840} INFO - DAG(s) 'tutorial' retrieved from /home/airflow/.local/lib/python3.8/site-packages/airflow/example_dags/tutorial.py
[2026-08-21T22:54:20.296+0000] {logging_mixin.py:188} INFO - [2026-08-21T22:54:20.295+0000] {dag.py:3047} INFO - Sync 1 DAGs
[2026-08-21T22:54:20.327+0000] {logging_mixin.py:188} INFO - [2026-08-21T22:54:20.326+0000] {dag.py:3834} INFO - Setting next_dagrun for tutorial to 2026-08-20 00:00:00+00:00, run_after=2026-08-21 00:00:00+00:00
[2026-08-21T22:54:20.354+0000] {processor.py:183} INFO - Processing /home/airflow/.local/lib/python3.8/site-packages/airflow/example_dags/tutorial.py took 0.106 seconds
[2026-08-21T22:54:51.040+0000] {processor.py:161} INFO - Started process (PID=988) to work on /home/airflow/.local/lib/python3.8/site-packages/airflow/example_dags/tutorial.py
[2026-08-21T22:54:51.041+0000] {processor.py:830} INFO - Processing file /home/airflow/.local/lib/python3.8/site-packages/airflow/example_dags/tutorial.py for tasks to queue
[2026-08-21T22:54:51.045+0000] {logging_mixin.py:188} INFO - [2026-08-21T22:54:51.045+0000] {dagbag.py:540} INFO - Filling up the DagBag from /home/airflow/.local/lib/python3.8/site-packages/airflow/example_dags/tutorial.py
[2026-08-21T22:54:51.057+0000] {processor.py:840} INFO - DAG(s) 'tutorial' retrieved from /home/airflow/.local/lib/python3.8/site-packages/airflow/example_dags/tutorial.py
[2026-08-21T22:54:51.089+0000] {logging_mixin.py:188} INFO - [2026-08-21T22:54:51.088+0000] {dag.py:3047} INFO - Sync 1 DAGs
[2026-08-21T22:54:51.118+0000] {logging_mixin.py:188} INFO - [2026-08-21T22:54:51.118+0000] {dag.py:3834} INFO - Setting next_dagrun for tutorial to 2026-08-20 00:00:00+00:00, run_after=2026-08-21 00:00:00+00:00
[2026-08-21T22:54:51.144+0000] {processor.py:183} INFO - Processing /home/airflow/.local/lib/python3.8/site-packages/airflow/example_dags/tutorial.py took 0.110 seconds
[2026-08-21T22:55:21.464+0000] {processor.py:161} INFO - Started process (PID=1045) to work on /home/airflow/.local/lib/python3.8/site-packages/airflow/example_dags/tutorial.py
[2026-08-21T22:55:21.466+0000] {processor.py:830} INFO - Processing file /home/airflow/.local/lib/python3.8/site-packages/airflow/example_dags/tutorial.py for tasks to queue
[2026-08-21T22:55:21.470+0000] {logging_mixin.py:188} INFO - [2026-08-21T22:55:21.469+0000] {dagbag.py:540} INFO - Filling up the DagBag from /home/airflow/.local/lib/python3.8/site-packages/airflow/example_dags/tutorial.py
[2026-08-21T22:55:21.478+0000] {processor.py:840} INFO - DAG(s) 'tutorial' retrieved from /home/airflow/.local/lib/python3.8/site-packages/airflow/example_dags/tutorial.py
[2026-08-21T22:55:21.507+0000] {logging_mixin.py:188} INFO - [2026-08-21T22:55:21.506+0000] {dag.py:3047} INFO - Sync 1 DAGs
[2026-08-21T22:55:21.566+0000] {logging_mixin.py:188} INFO - [2026-08-21T22:55:21.566+0000] {dag.py:3834} INFO - Setting next_dagrun for tutorial to 2026-08-20 00:00:00+00:00, run_after=2026-08-21 00:00:00+00:00
[2026-08-21T22:55:21.612+0000] {processor.py:183} INFO - Processing /home/airflow/.local/lib/python3.8/site-packages/airflow/example_dags/tutorial.py took 0.152 seconds
[2026-08-21T22:55:51.769+0000] {processor.py:161} INFO - Started process (PID=1102) to work on /home/airflow/.local/lib/python3.8/site-packages/airflow/example_dags/tutorial.py
[2026-08-21T22:55:51.771+0000] {processor.py:830} INFO - Processing file /home/airflow/.local/lib/python3.8/site-packages/airflow/example_dags/tutorial.py for tasks to queue
[2026-08-21T22:55:51.778+0000] {logging_mixin.py:188} INFO - [2026-08-21T22:55:51.777+0000] {dagbag.py:540} INFO - Filling up the DagBag from /home/airflow/.local/lib/python3.8/site-packages/airflow/example_dags/tutorial.py
[2026-08-21T22:55:51.787+0000] {processor.py:840} INFO - DAG(s) 'tutorial' retrieved from /home/airflow/.local/lib/python3.8/site-packages/airflow/example_dags/tutorial.py
[2026-08-21T22:55:51.815+0000] {logging_mixin.py:188} INFO - [2026-08-21T22:55:51.815+0000] {dag.py:3047} INFO - Sync 1 DAGs
[2026-08-21T22:55:51.841+0000] {logging_mixin.py:188} INFO - [2026-08-21T22:55:51.841+0000] {dag.py:3834} INFO - Setting next_dagrun for tutorial to 2026-08-20 00:00:00+00:00, run_after=2026-08-21 00:00:00+00:00
[2026-08-21T22:55:51.863+0000] {processor.py:183} INFO - Processing /home/airflow/.local/lib/python3.8/site-packages/airflow/example_dags/tutorial.py took 0.100 seconds
[2026-08-21T22:56:22.798+0000] {processor.py:161} INFO - Started process (PID=1159) to work on /home/airflow/.local/lib/python3.8/site-packages/airflow/example_dags/tutorial.py
[2026-08-21T22:56:22.800+0000] {processor.py:830} INFO - Processing file /home/airflow/.local/lib/python3.8/site-packages/airflow/example_dags/tutorial.py for tasks to queue
[2026-08-21T22:56:22.803+0000] {logging_mixin.py:188} INFO - [2026-08-21T22:56:22.803+0000] {dagbag.py:540} INFO - Filling up the DagBag from /home/airflow/.local/lib/python3.8/site-packages/airflow/example_dags/tutorial.py
[2026-08-21T22:56:22.811+0000] {processor.py:840} INFO - DAG(s) 'tutorial' retrieved from /home/airflow/.local/lib/python3.8/site-packages/airflow/example_dags/tutorial.py
[2026-08-21T22:56:22.839+0000] {logging_mixin.py:188} INFO - [2026-08-21T22:56:22.839+0000] {dag.py:3047} INFO - Sync 1 DAGs
[2026-08-21T22:56:22.871+0000] {logging_mixin.py:188} INFO - [2026-08-21T22:56:22.871+0000] {dag.py:3834} INFO - Setting next_dagrun for tutorial to 2026-08-20 00:00:00+00:00, run_after=2026-08-21 00:00:00+00:00
[2026-08-21T22:56:22.896+0000] {processor.py:183} INFO - Processing /home/airflow/.local/lib/python3.8/site-packages/airflow/example_dags/tutorial.py took 0.104 seconds
[2026-08-21T22:56:53.251+0000] {processor.py:161} INFO - Started process (PID=1216) to work on /home/airflow/.local/lib/python3.8/site-packages/airflow/example_dags/tutorial.py
[2026-08-21T22:56:53.254+0000] {processor.py:830} INFO - Processing file /home/airflow/.local/lib/python3.8/site-packages/airflow/example_dags/tutorial.py for tasks to queue
[2026-08-21T22:56:53.256+0000] {logging_mixin.py:188} INFO - [2026-08-21T22:56:53.256+0000] {dagbag.py:540} INFO - Filling up the DagBag from /home/airflow/.local/lib/python3.8/site-packages/airflow/example_dags/tutorial.py
[2026-08-21T22:56:53.267+0000] {processor.py:840} INFO - DAG(s) 'tutorial' retrieved from /home/airflow/.local/lib/python3.8/site-packages/airflow/example_dags/tutorial.py
[2026-08-21T22:56:53.297+0000] {logging_mixin.py:188} INFO - [2026-08-21T22:56:53.297+0000] {dag.py:3047} INFO - Sync 1 DAGs
[2026-08-21T22:56:53.324+0000] {logging_mixin.py:188} INFO - [2026-08-21T22:56:53.324+0000] {dag.py:3834} INFO - Setting next_dagrun for tutorial to 2026-08-20 00:00:00+00:00, run_after=2026-08-21 00:00:00+00:00
[2026-08-21T22:56:53.351+0000] {processor.py:183} INFO - Processing /home/airflow/.local/lib/python3.8/site-packages/airflow/example_dags/tutorial.py took 0.105 seconds
[2026-08-21T22:57:23.986+0000] {processor.py:161} INFO - Started process (PID=1273) to work on /home/airflow/.local/lib/python3.8/site-packages/airflow/example_dags/tutorial.py
[2026-08-21T22:57:23.990+0000] {processor.py:830} INFO - Processing file /home/airflow/.local/lib/python3.8/site-packages/airflow/example_dags/tutorial.py for tasks to queue
[2026-08-21T22:57:23.996+0000] {logging_mixin.py:188} INFO - [2026-08-21T22:57:23.995+0000] {dagbag.py:540} INFO - Filling up the DagBag from /home/airflow/.local/lib/python3.8/site-packages/airflow/example_dags/tutorial.py
[2026-08-21T22:57:24.013+0000] {processor.py:840} INFO - DAG(s) 'tutorial' retrieved from /home/airflow/.local/lib/python3.8/site-packages/airflow/example_dags/tutorial.py
[2026-08-21T22:57:24.056+0000] {logging_mixin.py:188} INFO - [2026-08-21T22:57:24.056+0000] {dag.py:3047} INFO - Sync 1 DAGs
[2026-08-21T22:57:24.102+0000] {logging_mixin.py:188} INFO - [2026-08-21T22:57:24.101+0000] {dag.py:3834} INFO - Setting next_dagrun for tutorial to 2026-08-20 00:00:00+00:00, run_after=2026-08-21 00:00:00+00:00
[2026-08-21T22:57:24.134+0000] {processor.py:183} INFO - Processing /home/airflow/.local/lib/python3.8/site-packages/airflow/example_dags/tutorial.py took 0.155 seconds
[2026-08-21T22:57:54.505+0000] {processor.py:161} INFO - Started process (PID=1330) to work on /home/airflow/.local/lib/python3.8/site-packages/airflow/example_dags/tutorial.py
[2026-08-21T22:57:54.507+0000] {processor.py:830} INFO - Processing file /home/airflow/.local/lib/python3.8/site-packages/airflow/example_dags/tutorial.py for tasks to queue
[2026-08-21T22:57:54.511+0000] {logging_mixin.py:188} INFO - [2026-08-21T22:57:54.511+0000] {dagbag.py:540} INFO - Filling up the DagBag from /home/airflow/.local/lib/python3.8/site-packages/airflow/example_dags/tutorial.py
[2026-08-21T22:57:54.519+0000] {processor.py:840} INFO - DAG(s) 'tutorial' retrieved from /home/airflow/.local/lib/python3.8/site-packages/airflow/example_dags/tutorial.py
[2026-08-21T22:57:54.545+0000] {logging_mixin.py:188} INFO - [2026-08-21T22:57:54.545+0000] {dag.py:3047} INFO - Sync 1 DAGs
[2026-08-21T22:57:54.583+0000] {logging_mixin.py:188} INFO - [2026-08-21T22:57:54.583+0000] {dag.py:3834} INFO - Setting next_dagrun for tutorial to 2026-08-20 00:00:00+00:00, run_after=2026-08-21 00:00:00+00:00
[2026-08-21T22:57:54.612+0000] {processor.py:183} INFO - Processing /home/airflow/.local/lib/python3.8/site-packages/airflow/example_dags/tutorial.py took 0.112 seconds
[2026-08-21T22:58:24.869+0000] {processor.py:161} INFO - Started process (PID=1387) to work on /home/airflow/.local/lib/python3.8/site-packages/airflow/example_dags/tutorial.py
[2026-08-21T22:58:24.871+0000] {processor.py:830} INFO - Processing file /home/airflow/.local/lib/python3.8/site-packages/airflow/example_dags/tutorial.py for tasks to queue
[2026-08-21T22:58:24.875+0000] {logging_mixin.py:188} INFO - [2026-08-21T22:58:24.875+0000] {dagbag.py:540} INFO - Filling up the DagBag from /home/airflow/.local/lib/python3.8/site-packages/airflow/example_dags/tutorial.py
[2026-08-21T22:58:24.884+0000] {processor.py:840} INFO - DAG(s) 'tutorial' retrieved from /home/airflow/.local/lib/python3.8/site-packages/airflow/example_dags/tutorial.py
[2026-08-21T22:58:24.915+0000] {logging_mixin.py:188} INFO - [2026-08-21T22:58:24.915+0000] {dag.py:3047} INFO - Sync 1 DAGs
[2026-08-21T22:58:24.948+0000] {logging_mixin.py:188} INFO - [2026-08-21T22:58:24.948+0000] {dag.py:3834} INFO - Setting next_dagrun for tutorial to 2026-08-20 00:00:00+00:00, run_after=2026-08-21 00:00:00+00:00
[2026-08-21T22:58:24.978+0000] {processor.py:183} INFO - Processing /home/airflow/.local/lib/python3.8/site-packages/airflow/example_dags/tutorial.py took 0.114 seconds
[2026-08-21T22:58:55.411+0000] {processor.py:161} INFO - Started process (PID=1444) to work on /home/airflow/.local/lib/python3.8/site-packages/airflow/example_dags/tutorial.py
[2026-08-21T22:58:55.413+0000] {processor.py:830} INFO - Processing file /home/airflow/.local/lib/python3.8/site-packages/airflow/example_dags/tutorial.py for tasks to queue
[2026-08-21T22:58:55.416+0000] {logging_mixin.py:188} INFO - [2026-08-21T22:58:55.415+0000] {dagbag.py:540} INFO - Filling up the DagBag from /home/airflow/.local/lib/python3.8/site-packages/airflow/example_dags/tutorial.py
[2026-08-21T22:58:55.428+0000] {processor.py:840} INFO - DAG(s) 'tutorial' retrieved from /home/airflow/.local/lib/python3.8/site-packages/airflow/example_dags/tutorial.py
[2026-08-21T22:58:55.456+0000] {logging_mixin.py:188} INFO - [2026-08-21T22:58:55.455+0000] {dag.py:3047} INFO - Sync 1 DAGs
[2026-08-21T22:58:55.487+0000] {logging_mixin.py:188} INFO - [2026-08-21T22:58:55.487+0000] {dag.py:3834} INFO - Setting next_dagrun for tutorial to 2026-08-20 00:00:00+00:00, run_after=2026-08-21 00:00:00+00:00
[2026-08-21T22:58:55.510+0000] {processor.py:183} INFO - Processing /home/airflow/.local/lib/python3.8/site-packages/airflow/example_dags/tutorial.py took 0.107 seconds
[2026-08-21T22:59:25.861+0000] {processor.py:161} INFO - Started process (PID=1501) to work on /home/airflow/.local/lib/python3.8/site-packages/airflow/example_dags/tutorial.py
[2026-08-21T22:59:25.863+0000] {processor.py:830} INFO - Processing file /home/airflow/.local/lib/python3.8/site-packages/airflow/example_dags/tutorial.py for tasks to queue
[2026-08-21T22:59:25.867+0000] {logging_mixin.py:188} INFO - [2026-08-21T22:59:25.867+0000] {dagbag.py:540} INFO - Filling up the DagBag from /home/airflow/.local/lib/python3.8/site-packages/airflow/example_dags/tutorial.py
[2026-08-21T22:59:25.876+0000] {processor.py:840} INFO - DAG(s) 'tutorial' retrieved from /home/airflow/.local/lib/python3.8/site-packages/airflow/example_dags/tutorial.py
[2026-08-21T22:59:25.906+0000] {logging_mixin.py:188} INFO - [2026-08-21T22:59:25.905+0000] {dag.py:3047} INFO - Sync 1 DAGs
[2026-08-21T22:59:25.945+0000] {logging_mixin.py:188} INFO - [2026-08-21T22:59:25.944+0000] {dag.py:3834} INFO - Setting next_dagrun for tutorial to 2026-08-20 00:00:00+00:00, run_after=2026-08-21 00:00:00+00:00
[2026-08-21T22:59:25.976+0000] {processor.py:183} INFO - Processing /home/airflow/.local/lib/python3.8/site-packages/airflow/example_dags/tutorial.py took 0.124 seconds
[2026-08-21T22:59:56.300+0000] {processor.py:161} INFO - Started process (PID=1558) to work on /home/airflow/.local/lib/python3.8/site-packages/airflow/example_dags/tutorial.py
[2026-08-21T22:59:56.301+0000] {processor.py:830} INFO - Processing file /home/airflow/.local/lib/python3.8/site-packages/airflow/example_dags/tutorial.py for tasks to queue
[2026-08-21T22:59:56.305+0000] {logging_mixin.py:188} INFO - [2026-08-21T22:59:56.305+0000] {dagbag.py:540} INFO - Filling up the DagBag from /home/airflow/.local/lib/python3.8/site-packages/airflow/example_dags/tutorial.py
[2026-08-21T22:59:56.315+0000] {processor.py:840} INFO - DAG(s) 'tutorial' retrieved from /home/airflow/.local/lib/python3.8/site-packages/airflow/example_dags/tutorial.py
[2026-08-21T22:59:56.343+0000] {logging_mixin.py:188} INFO - [2026-08-21T22:59:56.343+0000] {dag.py:3047} INFO - Sync 1 DAGs
[2026-08-21T22:59:56.375+0000] {logging_mixin.py:188} INFO - [2026-08-21T22:59:56.375+0000] {dag.py:3834} INFO - Setting next_dagrun for tutorial to 2026-08-20 00:00:00+00:00, run_after=2026-08-21 00:00:00+00:00
[2026-08-21T22:59:56.404+0000] {processor.py:183} INFO - Processing /home/airflow/.local/lib/python3.8/site-packages/airflow/example_dags/tutorial.py took 0.110 seconds
[2026-08-21T23:00:26.686+0000] {processor.py:161} INFO - Started process (PID=1615) to work on /home/airflow/.local/lib/python3.8/site-packages/airflow/example_dags/tutorial.py
[2026-08-21T23:00:26.688+0000] {processor.py:830} INFO - Processing file /home/airflow/.local/lib/python3.8/site-packages/airflow/example_dags/tutorial.py for tasks to queue
[2026-08-21T23:00:26.691+0000] {logging_mixin.py:188} INFO - [2026-08-21T23:00:26.691+0000] {dagbag.py:540} INFO - Filling up the DagBag from /home/airflow/.local/lib/python3.8/site-packages/airflow/example_dags/tutorial.py
[2026-08-21T23:00:26.702+0000] {processor.py:840} INFO - DAG(s) 'tutorial' retrieved from /home/airflow/.local/lib/python3.8/site-packages/airflow/example_dags/tutorial.py
[2026-08-21T23:00:26.732+0000] {logging_mixin.py:188} INFO - [2026-08-21T23:00:26.731+0000] {dag.py:3047} INFO - Sync 1 DAGs
[2026-08-21T23:00:26.765+0000] {logging_mixin.py:188} INFO - [2026-08-21T23:00:26.764+0000] {dag.py:3834} INFO - Setting next_dagrun for tutorial to 2026-08-20 00:00:00+00:00, run_after=2026-08-21 00:00:00+00:00
[2026-08-21T23:00:26.796+0000] {processor.py:183} INFO - Processing /home/airflow/.local/lib/python3.8/site-packages/airflow/example_dags/tutorial.py took 0.115 seconds
[2026-08-21T23:00:57.569+0000] {processor.py:161} INFO - Started process (PID=1672) to work on /home/airflow/.local/lib/python3.8/site-packages/airflow/example_dags/tutorial.py
[2026-08-21T23:00:57.571+0000] {processor.py:830} INFO - Processing file /home/airflow/.local/lib/python3.8/site-packages/airflow/example_dags/tutorial.py for tasks to queue
[2026-08-21T23:00:57.574+0000] {logging_mixin.py:188} INFO - [2026-08-21T23:00:57.574+0000] {dagbag.py:540} INFO - Filling up the DagBag from /home/airflow/.local/lib/python3.8/site-packages/airflow/example_dags/tutorial.py
[2026-08-21T23:00:57.584+0000] {processor.py:840} INFO - DAG(s) 'tutorial' retrieved from /home/airflow/.local/lib/python3.8/site-packages/airflow/example_dags/tutorial.py
[2026-08-21T23:00:57.608+0000] {logging_mixin.py:188} INFO - [2026-08-21T23:00:57.608+0000] {dag.py:3047} INFO - Sync 1 DAGs
[2026-08-21T23:00:57.633+0000] {logging_mixin.py:188} INFO - [2026-08-21T23:00:57.632+0000] {dag.py:3834} INFO - Setting next_dagrun for tutorial to 2026-08-20 00:00:00+00:00, run_after=2026-08-21 00:00:00+00:00
[2026-08-21T23:00:57.658+0000] {processor.py:183} INFO - Processing /home/airflow/.local/lib/python3.8/site-packages/airflow/example_dags/tutorial.py took 0.093 seconds
[2026-08-21T23:01:28.591+0000] {processor.py:161} INFO - Started process (PID=1729) to work on /home/airflow/.local/lib/python3.8/site-packages/airflow/example_dags/tutorial.py
[2026-08-21T23:01:28.593+0000] {processor.py:830} INFO - Processing file /home/airflow/.local/lib/python3.8/site-packages/airflow/example_dags/tutorial.py for tasks to queue
[2026-08-21T23:01:28.596+0000] {logging_mixin.py:188} INFO - [2026-08-21T23:01:28.596+0000] {dagbag.py:540} INFO - Filling up the DagBag from /home/airflow/.local/lib/python3.8/site-packages/airflow/example_dags/tutorial.py
[2026-08-21T23:01:28.603+0000] {processor.py:840} INFO - DAG(s) 'tutorial' retrieved from /home/airflow/.local/lib/python3.8/site-packages/airflow/example_dags/tutorial.py
[2026-08-21T23:01:28.630+0000] {logging_mixin.py:188} INFO - [2026-08-21T23:01:28.629+0000] {dag.py:3047} INFO - Sync 1 DAGs
[2026-08-21T23:01:28.653+0000] {logging_mixin.py:188} INFO - [2026-08-21T23:01:28.653+0000] {dag.py:3834} INFO - Setting next_dagrun for tutorial to 2026-08-20 00:00:00+00:00, run_after=2026-08-21 00:00:00+00:00
[2026-08-21T23:01:28.677+0000] {processor.py:183} INFO - Processing /home/airflow/.local/lib/python3.8/site-packages/airflow/example_dags/tutorial.py took 0.090 seconds
[2026-08-21T23:01:59.149+0000] {processor.py:161} INFO - Started process (PID=1786) to work on /home/airflow/.local/lib/python3.8/site-packages/airflow/example_dags/tutorial.py
[2026-08-21T23:01:59.151+0000] {processor.py:830} INFO - Processing file /home/airflow/.local/lib/python3.8/site-packages/airflow/example_dags/tutorial.py for tasks to queue
[2026-08-21T23:01:59.153+0000] {logging_mixin.py:188} INFO - [2026-08-21T23:01:59.153+0000] {dagbag.py:540} INFO - Filling up the DagBag from /home/airflow/.local/lib/python3.8/site-packages/airflow/example_dags/tutorial.py
[2026-08-21T23:01:59.162+0000] {processor.py:840} INFO - DAG(s) 'tutorial' retrieved from /home/airflow/.local/lib/python3.8/site-packages/airflow/example_dags/tutorial.py
[2026-08-21T23:01:59.190+0000] {logging_mixin.py:188} INFO - [2026-08-21T23:01:59.190+0000] {dag.py:3047} INFO - Sync 1 DAGs
[2026-08-21T23:01:59.217+0000] {logging_mixin.py:188} INFO - [2026-08-21T23:01:59.217+0000] {dag.py:3834} INFO - Setting next_dagrun for tutorial to 2026-08-20 00:00:00+00:00, run_after=2026-08-21 00:00:00+00:00
[2026-08-21T23:01:59.244+0000] {processor.py:183} INFO - Processing /home/airflow/.local/lib/python3.8/site-packages/airflow/example_dags/tutorial.py took 0.099 seconds
[2026-08-21T23:02:29.343+0000] {processor.py:161} INFO - Started process (PID=1843) to work on /home/airflow/.local/lib/python3.8/site-packages/airflow/example_dags/tutorial.py
[2026-08-21T23:02:29.345+0000] {processor.py:830} INFO - Processing file /home/airflow/.local/lib/python3.8/site-packages/airflow/example_dags/tutorial.py for tasks to queue
[2026-08-21T23:02:29.348+0000] {logging_mixin.py:188} INFO - [2026-08-21T23:02:29.348+0000] {dagbag.py:540} INFO - Filling up the DagBag from /home/airflow/.local/lib/python3.8/site-packages/airflow/example_dags/tutorial.py
[2026-08-21T23:02:29.358+0000] {processor.py:840} INFO - DAG(s) 'tutorial' retrieved from /home/airflow/.local/lib/python3.8/site-packages/airflow/example_dags/tutorial.py
[2026-08-21T23:02:29.388+0000] {logging_mixin.py:188} INFO - [2026-08-21T23:02:29.388+0000] {dag.py:3047} INFO - Sync 1 DAGs
[2026-08-21T23:02:29.419+0000] {logging_mixin.py:188} INFO - [2026-08-21T23:02:29.419+0000] {dag.py:3834} INFO - Setting next_dagrun for tutorial to 2026-08-20 00:00:00+00:00, run_after=2026-08-21 00:00:00+00:00
[2026-08-21T23:02:29.448+0000] {processor.py:183} INFO - Processing /home/airflow/.local/lib/python3.8/site-packages/airflow/example_dags/tutorial.py took 0.110 seconds
[2026-08-21T23:02:59.835+0000] {processor.py:161} INFO - Started process (PID=1900) to work on /home/airflow/.local/lib/python3.8/site-packages/airflow/example_dags/tutorial.py
[2026-08-21T23:02:59.836+0000] {processor.py:830} INFO - Processing file /home/airflow/.local/lib/python3.8/site-packages/airflow/example_dags/tutorial.py for tasks to queue
[2026-08-21T23:02:59.840+0000] {logging_mixin.py:188} INFO - [2026-08-21T23:02:59.839+0000] {dagbag.py:540} INFO - Filling up the DagBag from /home/airflow/.local/lib/python3.8/site-packages/airflow/example_dags/tutorial.py
[2026-08-21T23:02:59.849+0000] {processor.py:840} INFO - DAG(s) 'tutorial' retrieved from /home/airflow/.local/lib/python3.8/site-packages/airflow/example_dags/tutorial.py
[2026-08-21T23:02:59.887+0000] {logging_mixin.py:188} INFO - [2026-08-21T23:02:59.886+0000] {dag.py:3047} INFO - Sync 1 DAGs
[2026-08-21T23:02:59.927+0000] {logging_mixin.py:188} INFO - [2026-08-21T23:02:59.927+0000] {dag.py:3834} INFO - Setting next_dagrun for tutorial to 2026-08-20 00:00:00+00:00, run_after=2026-08-21 00:00:00+00:00
[2026-08-21T23:02:59.961+0000] {processor.py:183} INFO - Processing /home/airflow/.local/lib/python3.8/site-packages/airflow/example_dags/tutorial.py took 0.130 seconds
[2026-08-21T23:03:30.400+0000] {processor.py:161} INFO - Started process (PID=1957) to work on /home/airflow/.local/lib/python3.8/site-packages/airflow/example_dags/tutorial.py
[2026-08-21T23:03:30.402+0000] {processor.py:830} INFO - Processing file /home/airflow/.local/lib/python3.8/site-packages/airflow/example_dags/tutorial.py for tasks to queue
[2026-08-21T23:03:30.405+0000] {logging_mixin.py:188} INFO - [2026-08-21T23:03:30.405+0000] {dagbag.py:540} INFO - Filling up the DagBag from /home/airflow/.local/lib/python3.8/site-packages/airflow/example_dags/tutorial.py
[2026-08-21T23:03:30.417+0000] {processor.py:840} INFO - DAG(s) 'tutorial' retrieved from /home/airflow/.local/lib/python3.8/site-packages/airflow/example_dags/tutorial.py
[2026-08-21T23:03:30.487+0000] {logging_mixin.py:188} INFO - [2026-08-21T23:03:30.487+0000] {dag.py:3047} INFO - Sync 1 DAGs
[2026-08-21T23:03:30.543+0000] {logging_mixin.py:188} INFO - [2026-08-21T23:03:30.542+0000] {dag.py:3834} INFO - Setting next_dagrun for tutorial to 2026-08-20 00:00:00+00:00, run_after=2026-08-21 00:00:00+00:00
[2026-08-21T23:03:30.601+0000] {processor.py:183} INFO - Processing /home/airflow/.local/lib/python3.8/site-packages/airflow/example_dags/tutorial.py took 0.206 seconds
[2026-08-21T23:04:00.738+0000] {processor.py:161} INFO - Started process (PID=2014) to work on /home/airflow/.local/lib/python3.8/site-packages/airflow/example_dags/tutorial.py
[2026-08-21T23:04:00.740+0000] {processor.py:830} INFO - Processing file /home/airflow/.local/lib/python3.8/site-packages/airflow/example_dags/tutorial.py for tasks to queue
[2026-08-21T23:04:00.743+0000] {logging_mixin.py:188} INFO - [2026-08-21T23:04:00.742+0000] {dagbag.py:540} INFO - Filling up the DagBag from /home/airflow/.local/lib/python3.8/site-packages/airflow/example_dags/tutorial.py
[2026-08-21T23:04:00.754+0000] {processor.py:840} INFO - DAG(s) 'tutorial' retrieved from /home/airflow/.local/lib/python3.8/site-packages/airflow/example_dags/tutorial.py
[2026-08-21T23:04:00.785+0000] {logging_mixin.py:188} INFO - [2026-08-21T23:04:00.785+0000] {dag.py:3047} INFO - Sync 1 DAGs
[2026-08-21T23:04:00.817+0000] {logging_mixin.py:188} INFO - [2026-08-21T23:04:00.817+0000] {dag.py:3834} INFO - Setting next_dagrun for tutorial to 2026-08-20 00:00:00+00:00, run_after=2026-08-21 00:00:00+00:00
[2026-08-21T23:04:00.852+0000] {processor.py:183} INFO - Processing /home/airflow/.local/lib/python3.8/site-packages/airflow/example_dags/tutorial.py took 0.118 seconds
[2026-08-21T23:04:31.530+0000] {processor.py:161} INFO - Started process (PID=2071) to work on /home/airflow/.local/lib/python3.8/site-packages/airflow/example_dags/tutorial.py
[2026-08-21T23:04:31.532+0000] {processor.py:830} INFO - Processing file /home/airflow/.local/lib/python3.8/site-packages/airflow/example_dags/tutorial.py for tasks to queue
[2026-08-21T23:04:31.536+0000] {logging_mixin.py:188} INFO - [2026-08-21T23:04:31.536+0000] {dagbag.py:540} INFO - Filling up the DagBag from /home/airflow/.local/lib/python3.8/site-packages/airflow/example_dags/tutorial.py
[2026-08-21T23:04:31.546+0000] {processor.py:840} INFO - DAG(s) 'tutorial' retrieved from /home/airflow/.local/lib/python3.8/site-packages/airflow/example_dags/tutorial.py
[2026-08-21T23:04:31.572+0000] {logging_mixin.py:188} INFO - [2026-08-21T23:04:31.572+0000] {dag.py:3047} INFO - Sync 1 DAGs
[2026-08-21T23:04:31.599+0000] {logging_mixin.py:188} INFO - [2026-08-21T23:04:31.599+0000] {dag.py:3834} INFO - Setting next_dagrun for tutorial to 2026-08-20 00:00:00+00:00, run_after=2026-08-21 00:00:00+00:00
[2026-08-21T23:04:31.620+0000] {processor.py:183} INFO - Processing /home/airflow/.local/lib/python3.8/site-packages/airflow/example_dags/tutorial.py took 0.095 seconds
[2026-08-21T23:05:01.842+0000] {processor.py:161} INFO - Started process (PID=2128) to work on /home/airflow/.local/lib/python3.8/site-packages/airflow/example_dags/tutorial.py
[2026-08-21T23:05:01.844+0000] {processor.py:830} INFO - Processing file /home/airflow/.local/lib/python3.8/site-packages/airflow/example_dags/tutorial.py for tasks to queue
[2026-08-21T23:05:01.846+0000] {logging_mixin.py:188} INFO - [2026-08-21T23:05:01.846+0000] {dagbag.py:540} INFO - Filling up the DagBag from /home/airflow/.local/lib/python3.8/site-packages/airflow/example_dags/tutorial.py
[2026-08-21T23:05:01.854+0000] {processor.py:840} INFO - DAG(s) 'tutorial' retrieved from /home/airflow/.local/lib/python3.8/site-packages/airflow/example_dags/tutorial.py
[2026-08-21T23:05:01.883+0000] {logging_mixin.py:188} INFO - [2026-08-21T23:05:01.882+0000] {dag.py:3047} INFO - Sync 1 DAGs
[2026-08-21T23:05:01.912+0000] {logging_mixin.py:188} INFO - [2026-08-21T23:05:01.912+0000] {dag.py:3834} INFO - Setting next_dagrun for tutorial to 2026-08-20 00:00:00+00:00, run_after=2026-08-21 00:00:00+00:00
[2026-08-21T23:05:01.935+0000] {processor.py:183} INFO - Processing /home/airflow/.local/lib/python3.8/site-packages/airflow/example_dags/tutorial.py took 0.098 seconds
[2026-08-21T23:05:32.096+0000] {processor.py:161} INFO - Started process (PID=2185) to work on /home/airflow/.local/lib/python3.8/site-packages/airflow/example_dags/tutorial.py
[2026-08-21T23:05:32.098+0000] {processor.py:830} INFO - Processing file /home/airflow/.local/lib/python3.8/site-packages/airflow/example_dags/tutorial.py for tasks to queue
[2026-08-21T23:05:32.102+0000] {logging_mixin.py:188} INFO - [2026-08-21T23:05:32.101+0000] {dagbag.py:540} INFO - Filling up the DagBag from /home/airflow/.local/lib/python3.8/site-packages/airflow/example_dags/tutorial.py
[2026-08-21T23:05:32.110+0000] {processor.py:840} INFO - DAG(s) 'tutorial' retrieved from /home/airflow/.local/lib/python3.8/site-packages/airflow/example_dags/tutorial.py
[2026-08-21T23:05:32.138+0000] {logging_mixin.py:188} INFO - [2026-08-21T23:05:32.137+0000] {dag.py:3047} INFO - Sync 1 DAGs
[2026-08-21T23:05:32.170+0000] {logging_mixin.py:188} INFO - [2026-08-21T23:05:32.170+0000] {dag.py:3834} INFO - Setting next_dagrun for tutorial to 2026-08-20 00:00:00+00:00, run_after=2026-08-21 00:00:00+00:00
[2026-08-21T23:05:32.193+0000] {processor.py:183} INFO - Processing /home/airflow/.local/lib/python3.8/site-packages/airflow/example_dags/tutorial.py took 0.101 seconds
[2026-08-21T23:06:02.595+0000] {processor.py:161} INFO - Started process (PID=2242) to work on /home/airflow/.local/lib/python3.8/site-packages/airflow/example_dags/tutorial.py
[2026-08-21T23:06:02.598+0000] {processor.py:830} INFO - Processing file /home/airflow/.local/lib/python3.8/site-packages/airflow/example_dags/tutorial.py for tasks to queue
[2026-08-21T23:06:02.602+0000] {logging_mixin.py:188} INFO - [2026-08-21T23:06:02.601+0000] {dagbag.py:540} INFO - Filling up the DagBag from /home/airflow/.local/lib/python3.8/site-packages/airflow/example_dags/tutorial.py
[2026-08-21T23:06:02.611+0000] {processor.py:840} INFO - DAG(s) 'tutorial' retrieved from /home/airflow/.local/lib/python3.8/site-packages/airflow/example_dags/tutorial.py
[2026-08-21T23:06:02.642+0000] {logging_mixin.py:188} INFO - [2026-08-21T23:06:02.642+0000] {dag.py:3047} INFO - Sync 1 DAGs
[2026-08-21T23:06:02.672+0000] {logging_mixin.py:188} INFO - [2026-08-21T23:06:02.672+0000] {dag.py:3834} INFO - Setting next_dagrun for tutorial to 2026-08-20 00:00:00+00:00, run_after=2026-08-21 00:00:00+00:00
[2026-08-21T23:06:02.699+0000] {processor.py:183} INFO - Processing /home/airflow/.local/lib/python3.8/site-packages/airflow/example_dags/tutorial.py took 0.109 seconds
[2026-08-21T23:06:33.403+0000] {processor.py:161} INFO - Started process (PID=2299) to work on /home/airflow/.local/lib/python3.8/site-packages/airflow/example_dags/tutorial.py
[2026-08-21T23:06:33.405+0000] {processor.py:830} INFO - Processing file /home/airflow/.local/lib/python3.8/site-packages/airflow/example_dags/tutorial.py for tasks to queue
[2026-08-21T23:06:33.409+0000] {logging_mixin.py:188} INFO - [2026-08-21T23:06:33.408+0000] {dagbag.py:540} INFO - Filling up the DagBag from /home/airflow/.local/lib/python3.8/site-packages/airflow/example_dags/tutorial.py
[2026-08-21T23:06:33.418+0000] {processor.py:840} INFO - DAG(s) 'tutorial' retrieved from /home/airflow/.local/lib/python3.8/site-packages/airflow/example_dags/tutorial.py
[2026-08-21T23:06:33.447+0000] {logging_mixin.py:188} INFO - [2026-08-21T23:06:33.447+0000] {dag.py:3047} INFO - Sync 1 DAGs
[2026-08-21T23:06:33.481+0000] {logging_mixin.py:188} INFO - [2026-08-21T23:06:33.481+0000] {dag.py:3834} INFO - Setting next_dagrun for tutorial to 2026-08-20 00:00:00+00:00, run_after=2026-08-21 00:00:00+00:00
[2026-08-21T23:06:33.510+0000] {processor.py:183} INFO - Processing /home/airflow/.local/lib/python3.8/site-packages/airflow/example_dags/tutorial.py took 0.115 seconds
[2026-08-21T23:07:03.834+0000] {processor.py:161} INFO - Started process (PID=2356) to work on /home/airflow/.local/lib/python3.8/site-packages/airflow/example_dags/tutorial.py
[2026-08-21T23:07:03.836+0000] {processor.py:830} INFO - Processing file /home/airflow/.local/lib/python3.8/site-packages/airflow/example_dags/tutorial.py for tasks to queue
[2026-08-21T23:07:03.839+0000] {logging_mixin.py:188} INFO - [2026-08-21T23:07:03.839+0000] {dagbag.py:540} INFO - Filling up the DagBag from /home/airflow/.local/lib/python3.8/site-packages/airflow/example_dags/tutorial.py
[2026-08-21T23:07:03.848+0000] {processor.py:840} INFO - DAG(s) 'tutorial' retrieved from /home/airflow/.local/lib/python3.8/site-packages/airflow/example_dags/tutorial.py
[2026-08-21T23:07:03.873+0000] {logging_mixin.py:188} INFO - [2026-08-21T23:07:03.873+0000] {dag.py:3047} INFO - Sync 1 DAGs
[2026-08-21T23:07:03.899+0000] {logging_mixin.py:188} INFO - [2026-08-21T23:07:03.899+0000] {dag.py:3834} INFO - Setting next_dagrun for tutorial to 2026-08-20 00:00:00+00:00, run_after=2026-08-21 00:00:00+00:00
[2026-08-21T23:07:03.923+0000] {processor.py:183} INFO - Processing /home/airflow/.local/lib/python3.8/site-packages/airflow/example_dags/tutorial.py took 0.092 seconds
[2026-08-21T23:07:34.399+0000] {processor.py:161} INFO - Started process (PID=2413) to work on /home/airflow/.local/lib/python3.8/site-packages/airflow/example_dags/tutorial.py
[2026-08-21T23:07:34.402+0000] {processor.py:830} INFO - Processing file /home/airflow/.local/lib/python3.8/site-packages/airflow/example_dags/tutorial.py for tasks to queue
[2026-08-21T23:07:34.406+0000] {logging_mixin.py:188} INFO - [2026-08-21T23:07:34.405+0000] {dagbag.py:540} INFO - Filling up the DagBag from /home/airflow/.local/lib/python3.8/site-packages/airflow/example_dags/tutorial.py
[2026-08-21T23:07:34.415+0000] {processor.py:840} INFO - DAG(s) 'tutorial' retrieved from /home/airflow/.local/lib/python3.8/site-packages/airflow/example_dags/tutorial.py
[2026-08-21T23:07:34.442+0000] {logging_mixin.py:188} INFO - [2026-08-21T23:07:34.441+0000] {dag.py:3047} INFO - Sync 1 DAGs
[2026-08-21T23:07:34.474+0000] {logging_mixin.py:188} INFO - [2026-08-21T23:07:34.473+0000] {dag.py:3834} INFO - Setting next_dagrun for tutorial to 2026-08-20 00:00:00+00:00, run_after=2026-08-21 00:00:00+00:00
[2026-08-21T23:07:34.502+0000] {processor.py:183} INFO - Processing /home/airflow/.local/lib/python3.8/site-packages/airflow/example_dags/tutorial.py took 0.109 seconds
[2026-08-21T23:08:04.757+0000] {processor.py:161} INFO - Started process (PID=2472) to work on /home/airflow/.local/lib/python3.8/site-packages/airflow/example_dags/tutorial.py
[2026-08-21T23:08:04.760+0000] {processor.py:830} INFO - Processing file /home/airflow/.local/lib/python3.8/site-packages/airflow/example_dags/tutorial.py for tasks to queue
[2026-08-21T23:08:04.767+0000] {logging_mixin.py:188} INFO - [2026-08-21T23:08:04.766+0000] {dagbag.py:540} INFO - Filling up the DagBag from /home/airflow/.local/lib/python3.8/site-packages/airflow/example_dags/tutorial.py
[2026-08-21T23:08:04.777+0000] {processor.py:840} INFO - DAG(s) 'tutorial' retrieved from /home/airflow/.local/lib/python3.8/site-packages/airflow/example_dags/tutorial.py
[2026-08-21T23:08:04.804+0000] {logging_mixin.py:188} INFO - [2026-08-21T23:08:04.804+0000] {dag.py:3047} INFO - Sync 1 DAGs
[2026-08-21T23:08:04.833+0000] {logging_mixin.py:188} INFO - [2026-08-21T23:08:04.833+0000] {dag.py:3834} INFO - Setting next_dagrun for tutorial to 2026-08-20 00:00:00+00:00, run_after=2026-08-21 00:00:00+00:00
[2026-08-21T23:08:04.865+0000] {processor.py:183} INFO - Processing /home/airflow/.local/lib/python3.8/site-packages/airflow/example_dags/tutorial.py took 0.113 seconds
