[2026-08-21T22:46:47.024+0000] {processor.py:161} INFO - Started process (PID=100) to work on /home/airflow/.local/lib/python3.8/site-packages/airflow/example_dags/tutorial_objectstorage.py
[2026-08-21T22:46:47.026+0000] {processor.py:830} INFO - Processing file /home/airflow/.local/lib/python3.8/site-packages/airflow/example_dags/tutorial_objectstorage.py for tasks to queue
[2026-08-21T22:46:47.029+0000] {logging_mixin.py:188} INFO - [2026-08-21T22:46:47.029+0000] {dagbag.py:540} INFO - Filling up the DagBag from /home/airflow/.local/lib/python3.8/site-packages/airflow/example_dags/tutorial_objectstorage.py
[2026-08-21T22:46:47.040+0000] {processor.py:840} INFO - DAG(s) 'tutorial_objectstorage' retrieved from /home/airflow/.local/lib/python3.8/site-packages/airflow/example_dags/tutorial_objectstorage.py
[2026-08-21T22:46:47.164+0000] {logging_mixin.py:188} INFO - [2026-08-21T22:46:47.164+0000] {dag.py:3047} INFO - Sync 1 DAGs
[2026-08-21T22:46:47.199+0000] {logging_mixin.py:188} INFO - [2026-08-21T22:46:47.199+0000] {dag.py:3834} INFO - Setting next_dagrun for tutorial_objectstorage to None, run_after=None
[2026-08-21T22:46:47.232+0000] {processor.py:183} INFO - Processing /home/airflow/.local/lib/python3.8/site-packages/airflow/example_dags/tutorial_objectstorage.py took 0.212 seconds
[2026-08-21T22:47:17.899+0000] {processor.py:161} INFO - Started process (PID=157) to work on /home/airflow/.local/lib/python3.8/site-packages/airflow/example_dags/tutorial_objectstorage.py
[2026-08-21T22:47:17.901+0000] {processor.py:830} INFO - Processing file /home/airflow/.local/lib/python3.8/site-packages/airflow/example_dags/tutorial_objectstorage.py for tasks to queue
[2026-08-21T22:47:17.904+0000] {logging_mixin.py:188} INFO - [2026-08-21T22:47:17.904+0000] {dagbag.py:540} INFO - Filling up the DagBag from /home/airflow/.local/lib/python3.8/site-packages/airflow/example_dags/tutorial_objectstorage.py
[2026-08-21T22:47:17.917+0000] {processor.py:840} INFO - DAG(s) 'tutorial_objectstorage' retrieved from /home/airflow/.local/lib/python3.8/site-packages/airflow/example_dags/tutorial_objectstorage.py
[2026-08-21T22:47:17.950+0000] {logging_mixin.py:188} INFO - [2026-08-21T22:47:17.949+0000] {dag.py:3047} INFO - Sync 1 DAGs
[2026-08-21T22:47:17.967+0000] {logging_mixin.py:188} INFO - [2026-08-21T22:47:17.967+0000] {dag.py:3834} INFO - Setting next_dagrun for tutorial_objectstorage to None, run_after=None
[2026-08-21T22:47:17.989+0000] {processor.py:183} INFO - Processing /home/airflow/.local/lib/python3.8/site-packages/airflow/example_dags/tutorial_objectstorage.py took 0.097 seconds
[2026-08-21T22:47:48.567+0000] {processor.py:161} INFO - Started process (PID=214) to work on /home/airflow/.local/lib/python3.8/site-packages/airflow/example_dags/tutorial_objectstorage.py
[2026-08-21T22:47:48.582+0000] {processor.py:830} INFO - Processing file /home/airflow/.local/lib/python3.8/site-packages/airflow/example_dags/tutorial_objectstorage.py for tasks to queue
[2026-08-21T22:47:48.586+0000] {logging_mixin.py:188} INFO - [2026-08-21T22:47:48.585+0000] {dagbag.py:540} INFO - Filling up the DagBag from /home/airflow/.local/lib/python3.8/site-packages/airflow/example_dags/tutorial_objectstorage.py
[2026-08-21T22:47:48.594+0000] {processor.py:840} INFO - DAG(s) 'tutorial_objectstorage' retrieved from /home/airflow/.local/lib/python3.8/site-packages/airflow/example_dags/tutorial_objectstorage.py
[2026-08-21T22:47:48.617+0000] {logging_mixin.py:188} INFO - [2026-08-21T22:47:48.617+0000] {dag.py:3047} INFO - Sync 1 DAGs
[2026-08-21T22:47:48.631+0000] {logging_mixin.py:188} INFO - [2026-08-21T22:47:48.631+0000] {dag.py:3834} INFO - Setting next_dagrun for tutorial_objectstorage to None, run_after=None
[2026-08-21T22:47:48.655+0000] {processor.py:183} INFO - Processing /home/airflow/.local/lib/python3.8/site-packages/airflow/example_dags/tutorial_objectstorage.py took 0.092 seconds
[2026-08-21T22:48:19.062+0000] {processor.py:161} INFO - Started process (PID=271) to work on /home/airflow/.local/lib/python3.8/site-packages/airflow/example_dags/tutorial_objectstorage.py
[2026-08-21T22:48:19.063+0000] {processor.py:830} INFO - Processing file /home/airflow/.local/lib/python3.8/site-packages/airflow/example_dags/tutorial_objectstorage.py for tasks to queue
[2026-08-21T22:48:19.066+0000] {logging_mixin.py:188} INFO - [2026-08-21T22:48:19.066+0000] {dagbag.py:540} INFO - Filling up the DagBag from /home/airflow/.local/lib/python3.8/site-packages/airflow/example_dags/tutorial_objectstorage.py
[2026-08-21T22:48:19.075+0000] {processor.py:840} INFO - DAG(s) 'tutorial_objectstorage' retrieved from /home/airflow/.local/lib/python3.8/site-packages/airflow/example_dags/tutorial_objectstorage.py
[2026-08-21T22:48:19.101+0000] {logging_mixin.py:188} INFO - [2026-08-21T22:48:19.101+0000] {dag.py:3047} INFO - Sync 1 DAGs
[2026-08-21T22:48:19.115+0000] {logging_mixin.py:188} INFO - [2026-08-21T22:48:19.115+0000] {dag.py:3834} INFO - Setting next_dagrun for tutorial_objectstorage to None, run_after=None
[2026-08-21T22:48:19.136+0000] {processor.py:183} INFO - Processing /home/airflow/.local/lib/python3.8/site-packages/airflow/example_dags/tutorial_objectstorage.py took 0.078 seconds
[2026-08-21T22:48:49.921+0000] {processor.py:161} INFO - Started process (PID=328) to work on /home/airflow/.local/lib/python3.8/site-packages/airflow/example_dags/tutorial_objectstorage.py
[2026-08-21T22:48:49.923+0000] {processor.py:830} INFO - Processing file /home/airflow/.local/lib/python3.8/site-packages/airflow/example_dags/tutorial_objectstorage.py for tasks to queue
[2026-08-21T22:48:49.928+0000] {logging_mixin.py:188} INFO - [2026-08-21T22:48:49.928+0000] {dagbag.py:540} INFO - Filling up the DagBag from /home/airflow/.local/lib/python3.8/site-packages/airflow/example_dags/tutorial_objectstorage.py
[2026-08-21T22:48:49.938+0000] {processor.py:840} INFO - DAG(s) 'tutorial_objectstorage' retrieved from /home/airflow/.local/lib/python3.8/site-packages/airflow/example_dags/tutorial_objectstorage.py
[2026-08-21T22:48:49.971+0000] {logging_mixin.py:188} INFO - [2026-08-21T22:48:49.970+0000] {dag.py:3047} INFO - Sync 1 DAGs
[2026-08-21T22:48:49.986+0000] {logging_mixin.py:188} INFO - [2026-08-21T22:48:49.986+0000] {dag.py:3834} INFO - Setting next_dagrun for tutorial_objectstorage to None, run_after=None
[2026-08-21T22:48:50.011+0000] {processor.py:183} INFO - Processing /home/airflow/.local/lib/python3.8/site-packages/airflow/example_dags/tutorial_objectstorage.py took 0.095 seconds
[2026-08-21T22:49:20.323+0000] {processor.py:161} INFO - Started process (PID=385) to work on /home/airflow/.local/lib/python3.8/site-packages/airflow/example_dags/tutorial_objectstorage.py
[2026-08-21T22:49:20.324+0000] {processor.py:830} INFO - Processing file /home/airflow/.local/lib/python3.8/site-packages/airflow/example_dags/tutorial_objectstorage.py for tasks to queue
[2026-08-21T22:49:20.327+0000] {logging_mixin.py:188} INFO - [2026-08-21T22:49:20.327+0000] {dagbag.py:540} INFO - Filling up the DagBag from /home/airflow/.local/lib/python3.8/site-packages/airflow/example_dags/tutorial_objectstorage.py
[2026-08-21T22:49:20.336+0000] {processor.py:840} INFO - DAG(s) 'tutorial_objectstorage' retrieved from /home/airflow/.local/lib/python3.8/site-packages/airflow/example_dags/tutorial_objectstorage.py
[2026-08-21T22:49:20.360+0000] {logging_mixin.py:188} INFO - [2026-08-21T22:49:20.359+0000] {dag.py:3047} INFO - Sync 1 DAGs
[2026-08-21T22:49:20.373+0000] {logging_mixin.py:188} INFO - [2026-08-21T22:49:20.373+0000] {dag.py:3834} INFO - Setting next_dagrun for tutorial_objectstorage to None, run_after=None
[2026-08-21T22:49:20.394+0000] {processor.py:183} INFO - Processing /home/airflow/.local/lib/python3.8/site-packages/airflow/example_dags/tutorial_objectstorage.py took 0.076 seconds
[2026-08-21T22:49:50.880+0000] {processor.py:161} INFO - Started process (PID=442) to work on /home/airflow/.local/lib/python3.8/site-packages/airflow/example_dags/tutorial_objectstorage.py
[2026-08-21T22:49:50.883+0000] {processor.py:830} INFO - Processing file /home/airflow/.local/lib/python3.8/site-packages/airflow/example_dags/tutorial_objectstorage.py for tasks to queue
[2026-08-21T22:49:50.886+0000] {logging_mixin.py:188} INFO - [2026-08-21T22:49:50.886+0000] {dagbag.py:540} INFO - Filling up the DagBag from /home/airflow/.local/lib/python3.8/site-packages/airflow/example_dags/tutorial_objectstorage.py
[2026-08-21T22:49:50.896+0000] {processor.py:840} INFO - DAG(s) 'tutorial_objectstorage' retrieved from /home/airflow/.local/lib/python3.8/site-packages/airflow/example_dags/tutorial_objectstorage.py
[2026-08-21T22:49:50.924+0000] {logging_mixin.py:188} INFO - [2026-08-21T22:49:50.924+0000] {dag.py:3047} INFO - Sync 1 DAGs
[2026-08-21T22:49:50.939+0000] {logging_mixin.py:188} INFO - [2026-08-21T22:49:50.939+0000] {dag.py:3834} INFO - Setting next_dagrun for tutorial_objectstorage to None, run_after=None
[2026-08-21T22:49:50.967+0000] {processor.py:183} INFO - Processing /home/airflow/.local/lib/python3.8/site-packages/airflow/example_dags/tutorial_objectstorage.py took 0.092 seconds
[2026-08-21T22:50:21.376+0000] {processor.py:161} INFO - Started process (PID=499) to work on /home/airflow/.local/lib/python3.8/site-packages/airflow/example_dags/tutorial_objectstorage.py
[2026-08-21T22:50:21.378+0000] {processor.py:830} INFO - Processing file /home/airflow/.local/lib/python3.8/site-packages/airflow/example_dags/tutorial_objectstorage.py for tasks to queue
[2026-08-21T22:50:21.380+0000] {logging_mixin.py:188} INFO - [2026-08-21T22:50:21.380+0000] {dagbag.py:540} INFO - Filling up the DagBag from /home/airflow/.local/lib/python3.8/site-packages/airflow/example_dags/tutorial_objectstorage.py
[2026-08-21T22:50:21.388+0000] {processor.py:840} INFO - DAG(s) 'tutorial_objectstorage' retrieved from /home/airflow/.local/lib/python3.8/site-packages/airflow/example_dags/tutorial_objectstorage.py
[2026-08-21T22:50:21.411+0000] {logging_mixin.py:188} INFO - [2026-08-21T22:50:21.411+0000] {dag.py:3047} INFO - Sync 1 DAGs
[2026-08-21T22:50:21.424+0000] {logging_mixin.py:188} INFO - [2026-08-21T22:50:21.424+0000] {dag.py:3834} INFO - Setting next_dagrun for tutorial_objectstorage to None, run_after=None
[2026-08-21T22:50:21.450+0000] {processor.py:183} INFO - Processing /home/airflow/.local/lib/python3.8/site-packages/airflow/example_dags/tutorial_objectstorage.py took 0.078 seconds
[2026-08-21T22:50:52.433+0000] {processor.py:161} INFO - Started process (PID=556) to work on /home/airflow/.local/lib/python3.8/site-packages/airflow/example_dags/tutorial_objectstorage.py
[2026-08-21T22:50:52.434+0000] {processor.py:830} INFO - Processing file /home/airflow/.local/lib/python3.8/site-packages/airflow/example_dags/tutorial_objectstorage.py for tasks to queue
[2026-08-21T22:50:52.437+0000] {logging_mixin.py:188} INFO - [2026-08-21T22:50:52.436+0000] {dagbag.py:540} INFO - Filling up the DagBag from /home/airflow/.local/lib/python3.8/site-packages/airflow/example_dags/tutorial_objectstorage.py
[2026-08-21T22:50:52.444+0000] {processor.py:840} INFO - DAG(s) 'tutorial_objectstorage' retrieved from /home/airflow/.local/lib/python3.8/site-packages/airflow/example_dags/tutorial_objectstorage.py
[2026-08-21T22:50:52.474+0000] {logging_mixin.py:188} INFO - [2026-08-21T22:50:52.473+0000] {dag.py:3047} INFO - Sync 1 DAGs
[2026-08-21T22:50:52.491+0000] {logging_mixin.py:188} INFO - [2026-08-21T22:50:52.491+0000] {dag.py:3834} INFO - Setting next_dagrun for tutorial_objectstorage to None, run_after=None
[2026-08-21T22:50:52.527+0000] {processor.py:183} INFO - Processing /home/airflow/.local/lib/python3.8/site-packages/airflow/example_dags/tutorial_objectstorage.py took 0.098 seconds
[2026-08-21T22:51:22.822+0000] {processor.py:161} INFO - Started process (PID=613) to work on /home/airflow/.local/lib/python3.8/site-packages/airflow/example_dags/tutorial_objectstorage.py
[2026-08-21T22:51:22.824+0000] {processor.py:830} INFO - Processing file /home/airflow/.local/lib/python3.8/site-packages/airflow/example_dags/tutorial_objectstorage.py for tasks to queue
[2026-08-21T22:51:22.827+0000] {logging_mixin.py:188} INFO - [2026-08-21T22:51:22.826+0000] {dagbag.py:540} INFO - Filling up the DagBag from /home/airflow/.local/lib/python3.8/site-packages/airflow/example_dags/tutorial_objectstorage.py
[2026-08-21T22:51:22.836+0000] {processor.py:840} INFO - DAG(s) 'tutorial_objectstorage' retrieved from /home/airflow/.local/lib/python3.8/site-packages/airflow/example_dags/tutorial_objectstorage.py
[2026-08-21T22:51:22.861+0000] {logging_mixin.py:188} INFO - [2026-08-21T22:51:22.861+0000] {dag.py:3047} INFO - Sync 1 DAGs
[2026-08-21T22:51:22.884+0000] {logging_mixin.py:188} INFO - [2026-08-21T22:51:22.884+0000] {dag.py:3834} INFO - Setting next_dagrun for tutorial_objectstorage to None, run_after=None
[2026-08-21T22:51:22.911+0000] {processor.py:183} INFO - Processing /home/airflow/.local/lib/python3.8/site-packages/airflow/example_dags/tutorial_objectstorage.py took 0.094 seconds
[2026-08-21T22:51:54.009+0000] {processor.py:161} INFO - Started process (PID=670) to work on /home/airflow/.local/lib/python3.8/site-packages/airflow/example_dags/tutorial_objectstorage.py
[2026-08-21T22:51:54.011+0000] {processor.py:830} INFO - Processing file /home/airflow/.local/lib/python3.8/site-packages/airflow/example_dags/tutorial_objectstorage.py for tasks to queue
[2026-08-21T22:51:54.014+0000] {logging_mixin.py:188} INFO - [2026-08-21T22:51:54.013+0000] {dagbag.py:540} INFO - Filling up the DagBag from /home/airflow/.local/lib/python3.8/site-packages/airflow/example_dags/tutorial_objectstorage.py
[2026-08-21T22:51:54.021+0000] {processor.py:840} INFO - DAG(s) 'tutorial_objectstorage' retrieved from /home/airflow/.local/lib/python3.8/site-packages/airflow/example_dags/tutorial_objectstorage.py
[2026-08-21T22:51:54.050+0000] {logging_mixin.py:188} INFO - [2026-08-21T22:51:54.050+0000] {dag.py:3047} INFO - Sync 1 DAGs
[2026-08-21T22:51:54.066+0000] {logging_mixin.py:188} INFO - [2026-08-21T22:51:54.066+0000] {dag.py:3834} INFO - Setting next_dagrun for tutorial_objectstorage to None, run_after=None
[2026-08-21T22:51:54.089+0000] {processor.py:183} INFO - Processing /home/airflow/.local/lib/python3.8/site-packages/airflow/example_dags/tutorial_objectstorage.py took 0.084 seconds
[2026-08-21T22:52:24.162+0000] {processor.py:161} INFO - Started process (PID=726) to work on /home/airflow/.local/lib/python3.8/site-packages/airflow/example_dags/tutorial_objectstorage.py
[2026-08-21T22:52:24.164+0000] {processor.py:830} INFO - Processing file /home/airflow/.local/lib/python3.8/site-packages/airflow/example_dags/tutorial_objectstorage.py for tasks to queue
[2026-08-21T22:52:24.167+0000] {logging_mixin.py:188} INFO - [2026-08-21T22:52:24.166+0000] {dagbag.py:540} INFO - Filling up the DagBag from /home/airflow/.local/lib/python3.8/site-packages/airflow/example_dags/tutorial_objectstorage.py
[2026-08-21T22:52:24.178+0000] {processor.py:840} INFO - DAG(s) 'tutorial_objectstorage' retrieved from /home/airflow/.local/lib/python3.8/site-packages/airflow/example_dags/tutorial_objectstorage.py
[2026-08-21T22:52:24.201+0000] {logging_mixin.py:188} INFO - [2026-08-21T22:52:24.201+0000] {dag.py:3047} INFO - Sync 1 DAGs
[2026-08-21T22:52:24.216+0000] {logging_mixin.py:188} INFO - [2026-08-21T22:52:24.216+0000] {dag.py:3834} INFO - Setting next_dagrun for tutorial_objectstorage to None, run_after=None
[2026-08-21T22:52:24.238+0000] {processor.py:183} INFO - Processing /home/airflow/.local/lib/python3.8/site-packages/airflow/example_dags/tutorial_objectstorage.py took 0.082 seconds
[2026-08-21T22:52:54.693+0000] {processor.py:161} INFO - Started process (PID=782) to work on /home/airflow/.local/lib/python3.8/site-packages/airflow/example_dags/tutorial_objectstorage.py
[2026-08-21T22:52:54.695+0000] {processor.py:830} INFO - Processing file /home/airflow/.local/lib/python3.8/site-packages/airflow/example_dags/tutorial_objectstorage.py for tasks to queue
[2026-08-21T22:52:54.698+0000] {logging_mixin.py:188} INFO - [2026-08-21T22:52:54.698+0000] {dagbag.py:540} INFO - Filling up the DagBag from /home/airflow/.local/lib/python3.8/site-packages/airflow/example_dags/tutorial_objectstorage.py
[2026-08-21T22:52:54.707+0000] {processor.py:840} INFO - DAG(s) 'tutorial_objectstorage' retrieved from /home/airflow/.local/lib/python3.8/site-packages/airflow/example_dags/tutorial_objectstorage.py
[2026-08-21T22:52:54.734+0000] {logging_mixin.py:188} INFO - [2026-08-21T22:52:54.734+0000] {dag.py:3047} INFO - Sync 1 DAGs
[2026-08-21T22:52:54.753+0000] {logging_mixin.py:188} INFO - [2026-08-21T22:52:54.753+0000] {dag.py:3834} INFO - Setting next_dagrun for tutorial_objectstorage to None, run_after=None
[2026-08-21T22:52:54.783+0000] {processor.py:183} INFO - Processing /home/airflow/.local/lib/python3.8/site-packages/airflow/example_dags/tutorial_objectstorage.py took 0.094 seconds
[2026-08-21T22:53:25.115+0000] {processor.py:161} INFO - Started process (PID=839) to work on /home/airflow/.local/lib/python3.8/site-packages/airflow/example_dags/tutorial_objectstorage.py
[2026-08-21T22:53:25.117+0000] {processor.py:830} INFO - Processing file /home/airflow/.local/lib/python3.8/site-packages/airflow/example_dags/tutorial_objectstorage.py for tasks to queue
[2026-08-21T22:53:25.120+0000] {logging_mixin.py:188} INFO - [2026-08-21T22:53:25.120+0000] {dagbag.py:540} INFO - Filling up the DagBag from /home/airflow/.local/lib/python3.8/site-packages/airflow/example_dags/tutorial_objectstorage.py
[2026-08-21T22:53:25.131+0000] {processor.py:840} INFO - DAG(s) 'tutorial_objectstorage' retrieved from /home/airflow/.local/lib/python3.8/site-packages/airflow/example_dags/tutorial_objectstorage.py
[2026-08-21T22:53:25.157+0000] {logging_mixin.py:188} INFO - [2026-08-21T22:53:25.157+0000] {dag.py:3047} INFO - Sync 1 DAGs
[2026-08-21T22:53:25.172+0000] {logging_mixin.py:188} INFO - [2026-08-21T22:53:25.172+0000] {dag.py:3834} INFO - Setting next_dagrun for tutorial_objectstorage to None, run_after=None
[2026-08-21T22:53:25.195+0000] {processor.py:183} INFO - Processing /home/airflow/.local/lib/python3.8/site-packages/airflow/example_dags/tutorial_objectstorage.py took 0.086 seconds
[2026-08-21T22:53:55.714+0000] {processor.py:161} INFO - Started process (PID=896) to work on /home/airflow/.local/lib/python3.8/site-packages/airflow/example_dags/tutorial_objectstorage.py
[2026-08-21T22:53:55.716+0000] {processor.py:830} INFO - Processing file /home/airflow/.local/lib/python3.8/site-packages/airflow/example_dags/tutorial_objectstorage.py for tasks to queue
[2026-08-21T22:53:55.719+0000] {logging_mixin.py:188} INFO - [2026-08-21T22:53:55.719+0000] {dagbag.py:540} INFO - Filling up the DagBag from /home/airflow/.local/lib/python3.8/site-packages/airflow/example_dags/tutorial_objectstorage.py
[2026-08-21T22:53:55.727+0000] {processor.py:840} INFO - DAG(s) 'tutorial_objectstorage' retrieved from /home/airflow/.local/lib/python3.8/site-packages/airflow/example_dags/tutorial_objectstorage.py
[2026-08-21T22:53:55.751+0000] {logging_mixin.py:188} INFO - [2026-08-21T22:53:55.751+0000] {dag.py:3047} INFO - Sync 1 DAGs
[2026-08-21T22:53:55.766+0000] {logging_mixin.py:188} INFO - [2026-08-21T22:53:55.766+0000] {dag.py:3834} INFO - Setting next_dagrun for tutorial_objectstorage to None, run_after=None
[2026-08-21T22:53:55.789+0000] {processor.py:183} INFO - Processing /home/airflow/.local/lib/python3.8/site-packages/airflow/example_dags/tutorial_objectstorage.py took 0.079 seconds
[2026-08-21T22:54:25.983+0000] {processor.py:161} INFO - Started process (PID=953) to work on /home/airflow/.local/lib/python3.8/site-packages/airflow/example_dags/tutorial_objectstorage.py
[2026-08-21T22:54:25.985+0000] {processor.py:830} INFO - Processing file /home/airflow/.local/lib/python3.8/site-packages/airflow/example_dags/tutorial_objectstorage.py for tasks to queue
[2026-08-21T22:54:25.988+0000] {logging_mixin.py:188} INFO - [2026-08-21T22:54:25.987+0000] {dagbag.py:540} INFO - Filling up the DagBag from /home/airflow/.local/lib/python3.8/site-packages/airflow/example_dags/tutorial_objectstorage.py
[2026-08-21T22:54:25.999+0000] {processor.py:840} INFO - DAG(s) 'tutorial_objectstorage' retrieved from /home/airflow/.local/lib/python3.8/site-packages/airflow/example_dags/tutorial_objectstorage.py
[2026-08-21T22:54:26.024+0000] {logging_mixin.py:188} INFO - [2026-08-21T22:54:26.023+0000] {dag.py:3047} INFO - Sync 1 DAGs
[2026-08-21T22:54:26.043+0000] {logging_mixin.py:188} INFO - [2026-08-21T22:54:26.042+0000] {dag.py:3834} INFO - Setting next_dagrun for tutorial_objectstorage to None, run_after=None
[2026-08-21T22:54:26.071+0000] {processor.py:183} INFO - Processing /home/airflow/.local/lib/python3.8/site-packages/airflow/example_dags/tutorial_objectstorage.py took 0.093 seconds
[2026-08-21T22:54:56.518+0000] {processor.py:161} INFO - Started process (PID=1010) to work on /home/airflow/.local/lib/python3.8/site-packages/airflow/example_dags/tutorial_objectstorage.py
[2026-08-21T22:54:56.521+0000] {processor.py:830} INFO - Processing file /home/airflow/.local/lib/python3.8/site-packages/airflow/example_dags/tutorial_objectstorage.py for tasks to queue
[2026-08-21T22:54:56.527+0000] {logging_mixin.py:188} INFO - [2026-08-21T22:54:56.526+0000] {dagbag.py:540} INFO - Filling up the DagBag from /home/airflow/.local/lib/python3.8/site-packages/airflow/example_dags/tutorial_objectstorage.py
[2026-08-21T22:54:56.540+0000] {processor.py:840} INFO - DAG(s) 'tutorial_objectstorage' retrieved from /home/airflow/.local/lib/python3.8/site-packages/airflow/example_dags/tutorial_objectstorage.py
[2026-08-21T22:54:56.569+0000] {logging_mixin.py:188} INFO - [2026-08-21T22:54:56.569+0000] {dag.py:3047} INFO - Sync 1 DAGs
[2026-08-21T22:54:56.588+0000] {logging_mixin.py:188} INFO - [2026-08-21T22:54:56.588+0000] {dag.py:3834} INFO - Setting next_dagrun for tutorial_objectstorage to None, run_after=None
[2026-08-21T22:54:56.615+0000] {processor.py:183} INFO - Processing /home/airflow/.local/lib/python3.8/site-packages/airflow/example_dags/tutorial_objectstorage.py took 0.103 seconds
[2026-08-21T22:55:27.211+0000] {processor.py:161} INFO - Started process (PID=1067) to work on /home/airflow/.local/lib/python3.8/site-packages/airflow/example_dags/tutorial_objectstorage.py
[2026-08-21T22:55:27.212+0000] {processor.py:830} INFO - Processing file /home/airflow/.local/lib/python3.8/site-packages/airflow/example_dags/tutorial_objectstorage.py for tasks to queue
[2026-08-21T22:55:27.215+0000] {logging_mixin.py:188} INFO - [2026-08-21T22:55:27.215+0000] {dagbag.py:540} INFO - Filling up the DagBag from /home/airflow/.local/lib/python3.8/site-packages/airflow/example_dags/tutorial_objectstorage.py
[2026-08-21T22:55:27.227+0000] {processor.py:840} INFO - DAG(s) 'tutorial_objectstorage' retrieved from /home/airflow/.local/lib/python3.8/site-packages/airflow/example_dags/tutorial_objectstorage.py
[2026-08-21T22:55:27.252+0000] {logging_mixin.py:188} INFO - [2026-08-21T22:55:27.252+0000] {dag.py:3047} INFO - Sync 1 DAGs
[2026-08-21T22:55:27.268+0000] {logging_mixin.py:188} INFO - [2026-08-21T22:55:27.267+0000] {dag.py:3834} INFO - Setting next_dagrun for tutorial_objectstorage to None, run_after=None
[2026-08-21T22:55:27.292+0000] {processor.py:183} INFO - Processing /home/airflow/.local/lib/python3.8/site-packages/airflow/example_dags/tutorial_objectstorage.py took 0.086 seconds
[2026-08-21T22:55:57.477+0000] {processor.py:161} INFO - Started process (PID=1124) to work on /home/airflow/.local/lib/python3.8/site-packages/airflow/example_dags/tutorial_objectstorage.py
[2026-08-21T22:55:57.479+0000] {processor.py:830} INFO - Processing file /home/airflow/.local/lib/python3.8/site-packages/airflow/example_dags/tutorial_objectstorage.py for tasks to queue
[2026-08-21T22:55:57.482+0000] {logging_mixin.py:188} INFO - [2026-08-21T22:55:57.481+0000] {dagbag.py:540} INFO - Filling up the DagBag from /home/airflow/.local/lib/python3.8/site-packages/airflow/example_dags/tutorial_objectstorage.py
[2026-08-21T22:55:57.492+0000] {processor.py:840} INFO - DAG(s) 'tutorial_objectstorage' retrieved from /home/airflow/.local/lib/python3.8/site-packages/airflow/example_dags/tutorial_objectstorage.py
[2026-08-21T22:55:57.521+0000] {logging_mixin.py:188} INFO - [2026-08-21T22:55:57.521+0000] {dag.py:3047} INFO - Sync 1 DAGs
[2026-08-21T22:55:57.545+0000] {logging_mixin.py:188} INFO - [2026-08-21T22:55:57.544+0000] {dag.py:3834} INFO - Setting next_dagrun for tutorial_objectstorage to None, run_after=None
[2026-08-21T22:55:57.574+0000] {processor.py:183} INFO - Processing /home/airflow/.local/lib/python3.8/site-packages/airflow/example_dags/tutorial_objectstorage.py took 0.101 seconds
[2026-08-21T22:56:28.317+0000] {processor.py:161} INFO - Started process (PID=1181) to work on /home/airflow/.local/lib/python3.8/site-packages/airflow/example_dags/tutorial_objectstorage.py
[2026-08-21T22:56:28.319+0000] {processor.py:830} INFO - Processing file /home/airflow/.local/lib/python3.8/site-packages/airflow/example_dags/tutorial_objectstorage.py for tasks to queue
[2026-08-21T22:56:28.324+0000] {logging_mixin.py:188} INFO - [2026-08-21T22:56:28.324+0000] {dagbag.py:540} INFO - Filling up the DagBag from /home/airflow/.local/lib/python3.8/site-packages/airflow/example_dags/tutorial_objectstorage.py
[2026-08-21T22:56:28.332+0000] {processor.py:840} INFO - DAG(s) 'tutorial_objectstorage' retrieved from /home/airflow/.local/lib/python3.8/site-packages/airflow/example_dags/tutorial_objectstorage.py
[2026-08-21T22:56:28.355+0000] {logging_mixin.py:188} INFO - [2026-08-21T22:56:28.355+0000] {dag.py:3047} INFO - Sync 1 DAGs
[2026-08-21T22:56:28.368+0000] {logging_mixin.py:188} INFO - [2026-08-21T22:56:28.368+0000] {dag.py:3834} INFO - Setting next_dagrun for tutorial_objectstorage to None, run_after=None
[2026-08-21T22:56:28.390+0000] {processor.py:183} INFO - Processing /home/airflow/.local/lib/python3.8/site-packages/airflow/example_dags/tutorial_objectstorage.py took 0.077 seconds
[2026-08-21T22:56:58.993+0000] {processor.py:161} INFO - Started process (PID=1238) to work on /home/airflow/.local/lib/python3.8/site-packages/airflow/example_dags/tutorial_objectstorage.py
[2026-08-21T22:56:58.995+0000] {processor.py:830} INFO - Processing file /home/airflow/.local/lib/python3.8/site-packages/airflow/example_dags/tutorial_objectstorage.py for tasks to queue
[2026-08-21T22:56:58.998+0000] {logging_mixin.py:188} INFO - [2026-08-21T22:56:58.998+0000] {dagbag.py:540} INFO - Filling up the DagBag from /home/airflow/.local/lib/python3.8/site-packages/airflow/example_dags/tutorial_objectstorage.py
[2026-08-21T22:56:59.010+0000] {processor.py:840} INFO - DAG(s) 'tutorial_objectstorage' retrieved from /home/airflow/.local/lib/python3.8/site-packages/airflow/example_dags/tutorial_objectstorage.py
[2026-08-21T22:56:59.036+0000] {logging_mixin.py:188} INFO - [2026-08-21T22:56:59.036+0000] {dag.py:3047} INFO - Sync 1 DAGs
[2026-08-21T22:56:59.055+0000] {logging_mixin.py:188} INFO - [2026-08-21T22:56:59.055+0000] {dag.py:3834} INFO - Setting next_dagrun for tutorial_objectstorage to None, run_after=None
[2026-08-21T22:56:59.081+0000] {processor.py:183} INFO - Processing /home/airflow/.local/lib/python3.8/site-packages/airflow/example_dags/tutorial_objectstorage.py took 0.094 seconds
[2026-08-21T22:57:29.554+0000] {processor.py:161} INFO - Started process (PID=1295) to work on /home/airflow/.local/lib/python3.8/site-packages/airflow/example_dags/tutorial_objectstorage.py
[2026-08-21T22:57:29.557+0000] {processor.py:830} INFO - Processing file /home/airflow/.local/lib/python3.8/site-packages/airflow/example_dags/tutorial_objectstorage.py for tasks to queue
[2026-08-21T22:57:29.562+0000] {logging_mixin.py:188} INFO - [2026-08-21T22:57:29.561+0000] {dagbag.py:540} INFO - Filling up the DagBag from /home/airflow/.local/lib/python3.8/site-packages/airflow/example_dags/tutorial_objectstorage.py
[2026-08-21T22:57:29.571+0000] {processor.py:840} INFO - DAG(s) 'tutorial_objectstorage' retrieved from /home/airflow/.local/lib/python3.8/site-packages/airflow/example_dags/tutorial_objectstorage.py
[2026-08-21T22:57:29.595+0000] {logging_mixin.py:188} INFO - [2026-08-21T22:57:29.595+0000] {dag.py:3047} INFO - Sync 1 DAGs
[2026-08-21T22:57:29.610+0000] {logging_mixin.py:188} INFO - [2026-08-21T22:57:29.610+0000] {dag.py:3834} INFO - Setting next_dagrun for tutorial_objectstorage to None, run_after=None
[2026-08-21T22:57:29.635+0000] {processor.py:183} INFO - Processing /home/airflow/.local/lib/python3.8/site-packages/airflow/example_dags/tutorial_objectstorage.py took 0.086 seconds
[2026-08-21T22:57:59.888+0000] {processor.py:161} INFO - Started process (PID=1352) to work on /home/airflow/.local/lib/python3.8/site-packages/airflow/example_dags/tutorial_objectstorage.py
[2026-08-21T22:57:59.890+0000] {processor.py:830} INFO - Processing file /home/airflow/.local/lib/python3.8/site-packages/airflow/example_dags/tutorial_objectstorage.py for tasks to queue
[2026-08-21T22:57:59.893+0000] {logging_mixin.py:188} INFO - [2026-08-21T22:57:59.893+0000] {dagbag.py:540} INFO - Filling up the DagBag from /home/airflow/.local/lib/python3.8/site-packages/airflow/example_dags/tutorial_objectstorage.py
[2026-08-21T22:57:59.905+0000] {processor.py:840} INFO - DAG(s) 'tutorial_objectstorage' retrieved from /home/airflow/.local/lib/python3.8/site-packages/airflow/example_dags/tutorial_objectstorage.py
[2026-08-21T22:57:59.934+0000] {logging_mixin.py:188} INFO - [2026-08-21T22:57:59.934+0000] {dag.py:3047} INFO - Sync 1 DAGs
[2026-08-21T22:57:59.950+0000] {logging_mixin.py:188} INFO - [2026-08-21T22:57:59.950+0000] {dag.py:3834} INFO - Setting next_dagrun for tutorial_objectstorage to None, run_after=None
[2026-08-21T22:57:59.974+0000] {processor.py:183} INFO - Processing /home/airflow/.local/lib/python3.8/site-packages/airflow/example_dags/tutorial_objectstorage.py took 0.091 seconds
[2026-08-21T22:58:30.603+0000] {processor.py:161} INFO - Started process (PID=1409) to work on /home/airflow/.local/lib/python3.8/site-packages/airflow/example_dags/tutorial_objectstorage.py
[2026-08-21T22:58:30.605+0000] {processor.py:830} INFO - Processing file /home/airflow/.local/lib/python3.8/site-packages/airflow/example_dags/tutorial_objectstorage.py for tasks to queue
[2026-08-21T22:58:30.609+0000] {logging_mixin.py:188} INFO - [2026-08-21T22:58:30.608+0000] {dagbag.py:540} INFO - Filling up the DagBag from /home/airflow/.local/lib/python3.8/site-packages/airflow/example_dags/tutorial_objectstorage.py
[2026-08-21T22:58:30.620+0000] {processor.py:840} INFO - DAG(s) 'tutorial_objectstorage' retrieved from /home/airflow/.local/lib/python3.8/site-packages/airflow/example_dags/tutorial_objectstorage.py
[2026-08-21T22:58:30.647+0000] {logging_mixin.py:188} INFO - [2026-08-21T22:58:30.646+0000] {dag.py:3047} INFO - Sync 1 DAGs
[2026-08-21T22:58:30.665+0000] {logging_mixin.py:188} INFO - [2026-08-21T22:58:30.665+0000] {dag.py:3834} INFO - Setting next_dagrun for tutorial_objectstorage to None, run_after=None
[2026-08-21T22:58:30.688+0000] {processor.py:183} INFO - Processing /home/airflow/.local/lib/python3.8/site-packages/airflow/example_dags/tutorial_objectstorage.py took 0.091 seconds
[2026-08-21T22:59:00.917+0000] {processor.py:161} INFO - Started process (PID=1466) to work on /home/airflow/.local/lib/python3.8/site-packages/airflow/example_dags/tutorial_objectstorage.py
[2026-08-21T22:59:00.918+0000] {processor.py:830} INFO - Processing file /home/airflow/.local/lib/python3.8/site-packages/airflow/example_dags/tutorial_objectstorage.py for tasks to queue
[2026-08-21T22:59:00.920+0000] {logging_mixin.py:188} INFO - [2026-08-21T22:59:00.920+0000] {dagbag.py:540} INFO - Filling up the DagBag from /home/airflow/.local/lib/python3.8/site-packages/airflow/example_dags/tutorial_objectstorage.py
[2026-08-21T22:59:00.930+0000] {processor.py:840} INFO - DAG(s) 'tutorial_objectstorage' retrieved from /home/airflow/.local/lib/python3.8/site-packages/airflow/example_dags/tutorial_objectstorage.py
[2026-08-21T22:59:00.950+0000] {logging_mixin.py:188} INFO - [2026-08-21T22:59:00.950+0000] {dag.py:3047} INFO - Sync 1 DAGs
[2026-08-21T22:59:00.964+0000] {logging_mixin.py:188} INFO - [2026-08-21T22:59:00.964+0000] {dag.py:3834} INFO - Setting next_dagrun for tutorial_objectstorage to None, run_after=None
[2026-08-21T22:59:00.985+0000] {processor.py:183} INFO - Processing /home/airflow/.local/lib/python3.8/site-packages/airflow/example_dags/tutorial_objectstorage.py took 0.072 seconds
[2026-08-21T22:59:31.314+0000] {processor.py:161} INFO - Started process (PID=1523) to work on /home/airflow/.local/lib/python3.8/site-packages/airflow/example_dags/tutorial_objectstorage.py
[2026-08-21T22:59:31.316+0000] {processor.py:830} INFO - Processing file /home/airflow/.local/lib/python3.8/site-packages/airflow/example_dags/tutorial_objectstorage.py for tasks to queue
[2026-08-21T22:59:31.318+0000] {logging_mixin.py:188} INFO - [2026-08-21T22:59:31.318+0000] {dagbag.py:540} INFO - Filling up the DagBag from /home/airflow/.local/lib/python3.8/site-packages/airflow/example_dags/tutorial_objectstorage.py
[2026-08-21T22:59:31.327+0000] {processor.py:840} INFO - DAG(s) 'tutorial_objectstorage' retrieved from /home/airflow/.local/lib/python3.8/site-packages/airflow/example_dags/tutorial_objectstorage.py
[2026-08-21T22:59:31.355+0000] {logging_mixin.py:188} INFO - [2026-08-21T22:59:31.354+0000] {dag.py:3047} INFO - Sync 1 DAGs
[2026-08-21T22:59:31.370+0000] {logging_mixin.py:188} INFO - [2026-08-21T22:59:31.370+0000] {dag.py:3834} INFO - Setting next_dagrun for tutorial_objectstorage to None, run_after=None
[2026-08-21T22:59:31.394+0000] {processor.py:183} INFO - Processing /home/airflow/.local/lib/python3.8/site-packages/airflow/example_dags/tutorial_objectstorage.py took 0.084 seconds
[2026-08-21T23:00:01.965+0000] {processor.py:161} INFO - Started process (PID=1580) to work on /home/airflow/.local/lib/python3.8/site-packages/airflow/example_dags/tutorial_objectstorage.py
[2026-08-21T23:00:01.969+0000] {processor.py:830} INFO - Processing file /home/airflow/.local/lib/python3.8/site-packages/airflow/example_dags/tutorial_objectstorage.py for tasks to queue
[2026-08-21T23:00:01.973+0000] {logging_mixin.py:188} INFO - [2026-08-21T23:00:01.972+0000] {dagbag.py:540} INFO - Filling up the DagBag from /home/airflow/.local/lib/python3.8/site-packages/airflow/example_dags/tutorial_objectstorage.py
[2026-08-21T23:00:01.982+0000] {processor.py:840} INFO - DAG(s) 'tutorial_objectstorage' retrieved from /home/airflow/.local/lib/python3.8/site-packages/airflow/example_dags/tutorial_objectstorage.py
[2026-08-21T23:00:02.011+0000] {logging_mixin.py:188} INFO - [2026-08-21T23:00:02.011+0000] {dag.py:3047} INFO - Sync 1 DAGs
[2026-08-21T23:00:02.028+0000] {logging_mixin.py:188} INFO - [2026-08-21T23:00:02.027+0000] {dag.py:3834} INFO - Setting next_dagrun for tutorial_objectstorage to None, run_after=None
[2026-08-21T23:00:02.060+0000] {processor.py:183} INFO - Processing /home/airflow/.local/lib/python3.8/site-packages/airflow/example_dags/tutorial_objectstorage.py took 0.101 seconds
[2026-08-21T23:00:32.282+0000] {processor.py:161} INFO - Started process (PID=1637) to work on /home/airflow/.local/lib/python3.8/site-packages/airflow/example_dags/tutorial_objectstorage.py
[2026-08-21T23:00:32.284+0000] {processor.py:830} INFO - Processing file /home/airflow/.local/lib/python3.8/site-packages/airflow/example_dags/tutorial_objectstorage.py for tasks to queue
[2026-08-21T23:00:32.287+0000] {logging_mixin.py:188} INFO - [2026-08-21T23:00:32.287+0000] {dagbag.py:540} INFO - Filling up the DagBag from /home/airflow/.local/lib/python3.8/site-packages/airflow/example_dags/tutorial_objectstorage.py
[2026-08-21T23:00:32.297+0000] {processor.py:840} INFO - DAG(s) 'tutorial_objectstorage' retrieved from /home/airflow/.local/lib/python3.8/site-packages/airflow/example_dags/tutorial_objectstorage.py
[2026-08-21T23:00:32.324+0000] {logging_mixin.py:188} INFO - [2026-08-21T23:00:32.323+0000] {dag.py:3047} INFO - Sync 1 DAGs
[2026-08-21T23:00:32.338+0000] {logging_mixin.py:188} INFO - [2026-08-21T23:00:32.338+0000] {dag.py:3834} INFO - Setting next_dagrun for tutorial_objectstorage to None, run_after=None
[2026-08-21T23:00:32.360+0000] {processor.py:183} INFO - Processing /home/airflow/.local/lib/python3.8/site-packages/airflow/example_dags/tutorial_objectstorage.py took 0.083 seconds
[2026-08-21T23:01:03.091+0000] {processor.py:161} INFO - Started process (PID=1694) to work on /home/airflow/.local/lib/python3.8/site-packages/airflow/example_dags/tutorial_objectstorage.py
[2026-08-21T23:01:03.093+0000] {processor.py:830} INFO - Processing file /home/airflow/.local/lib/python3.8/site-packages/airflow/example_dags/tutorial_objectstorage.py for tasks to queue
[2026-08-21T23:01:03.099+0000] {logging_mixin.py:188} INFO - [2026-08-21T23:01:03.098+0000] {dagbag.py:540} INFO - Filling up the DagBag from /home/airflow/.local/lib/python3.8/site-packages/airflow/example_dags/tutorial_objectstorage.py
[2026-08-21T23:01:03.113+0000] {processor.py:840} INFO - DAG(s) 'tutorial_objectstorage' retrieved from /home/airflow/.local/lib/python3.8/site-packages/airflow/example_dags/tutorial_objectstorage.py
[2026-08-21T23:01:03.146+0000] {logging_mixin.py:188} INFO - [2026-08-21T23:01:03.145+0000] {dag.py:3047} INFO - Sync 1 DAGs
[2026-08-21T23:01:03.164+0000] {logging_mixin.py:188} INFO - [2026-08-21T23:01:03.163+0000] {dag.py:3834} INFO - Setting next_dagrun for tutorial_objectstorage to None, run_after=None
[2026-08-21T23:01:03.194+0000] {processor.py:183} INFO - Processing /home/airflow/.local/lib/python3.8/site-packages/airflow/example_dags/tutorial_objectstorage.py took 0.108 seconds
[2026-08-21T23:01:33.269+0000] {processor.py:161} INFO - Started process (PID=1751) to work on /home/airflow/.local/lib/python3.8/site-packages/airflow/example_dags/tutorial_objectstorage.py
[2026-08-21T23:01:33.271+0000] {processor.py:830} INFO - Processing file /home/airflow/.local/lib/python3.8/site-packages/airflow/example_dags/tutorial_objectstorage.py for tasks to queue
[2026-08-21T23:01:33.275+0000] {logging_mixin.py:188} INFO - [2026-08-21T23:01:33.274+0000] {dagbag.py:540} INFO - Filling up the DagBag from /home/airflow/.local/lib/python3.8/site-packages/airflow/example_dags/tutorial_objectstorage.py
[2026-08-21T23:01:33.288+0000] {processor.py:840} INFO - DAG(s) 'tutorial_objectstorage' retrieved from /home/airflow/.local/lib/python3.8/site-packages/airflow/example_dags/tutorial_objectstorage.py
[2026-08-21T23:01:33.317+0000] {logging_mixin.py:188} INFO - [2026-08-21T23:01:33.317+0000] {dag.py:3047} INFO - Sync 1 DAGs
[2026-08-21T23:01:33.334+0000] {logging_mixin.py:188} INFO - [2026-08-21T23:01:33.333+0000] {dag.py:3834} INFO - Setting next_dagrun for tutorial_objectstorage to None, run_after=None
[2026-08-21T23:01:33.362+0000] {processor.py:183} INFO - Processing /home/airflow/.local/lib/python3.8/site-packages/airflow/example_dags/tutorial_objectstorage.py took 0.098 seconds
[2026-08-21T23:02:03.647+0000] {processor.py:161} INFO - Started process (PID=1808) to work on /home/airflow/.local/lib/python3.8/site-packages/airflow/example_dags/tutorial_objectstorage.py
[2026-08-21T23:02:03.649+0000] {processor.py:830} INFO - Processing file /home/airflow/.local/lib/python3.8/site-packages/airflow/example_dags/tutorial_objectstorage.py for tasks to queue
[2026-08-21T23:02:03.653+0000] {logging_mixin.py:188} INFO - [2026-08-21T23:02:03.652+0000] {dagbag.py:540} INFO - Filling up the DagBag from /home/airflow/.local/lib/python3.8/site-packages/airflow/example_dags/tutorial_objectstorage.py
[2026-08-21T23:02:03.687+0000] {processor.py:840} INFO - DAG(s) 'tutorial_objectstorage' retrieved from /home/airflow/.local/lib/python3.8/site-packages/airflow/example_dags/tutorial_objectstorage.py
[2026-08-21T23:02:03.764+0000] {logging_mixin.py:188} INFO - [2026-08-21T23:02:03.764+0000] {dag.py:3047} INFO - Sync 1 DAGs
[2026-08-21T23:02:03.780+0000] {logging_mixin.py:188} INFO - [2026-08-21T23:02:03.780+0000] {dag.py:3834} INFO - Setting next_dagrun for tutorial_objectstorage to None, run_after=None
[2026-08-21T23:02:03.802+0000] {processor.py:183} INFO - Processing /home/airflow/.local/lib/python3.8/site-packages/airflow/example_dags/tutorial_objectstorage.py took 0.161 seconds
[2026-08-21T23:02:33.946+0000] {processor.py:161} INFO - Started process (PID=1865) to work on /home/airflow/.local/lib/python3.8/site-packages/airflow/example_dags/tutorial_objectstorage.py
[2026-08-21T23:02:33.948+0000] {processor.py:830} INFO - Processing file /home/airflow/.local/lib/python3.8/site-packages/airflow/example_dags/tutorial_objectstorage.py for tasks to queue
[2026-08-21T23:02:33.951+0000] {logging_mixin.py:188} INFO - [2026-08-21T23:02:33.951+0000] {dagbag.py:540} INFO - Filling up the DagBag from /home/airflow/.local/lib/python3.8/site-packages/airflow/example_dags/tutorial_objectstorage.py
[2026-08-21T23:02:33.964+0000] {processor.py:840} INFO - DAG(s) 'tutorial_objectstorage' retrieved from /home/airflow/.local/lib/python3.8/site-packages/airflow/example_dags/tutorial_objectstorage.py
[2026-08-21T23:02:33.997+0000] {logging_mixin.py:188} INFO - [2026-08-21T23:02:33.996+0000] {dag.py:3047} INFO - Sync 1 DAGs
[2026-08-21T23:02:34.019+0000] {logging_mixin.py:188} INFO - [2026-08-21T23:02:34.019+0000] {dag.py:3834} INFO - Setting next_dagrun for tutorial_objectstorage to None, run_after=None
[2026-08-21T23:02:34.045+0000] {processor.py:183} INFO - Processing /home/airflow/.local/lib/python3.8/site-packages/airflow/example_dags/tutorial_objectstorage.py took 0.105 seconds
[2026-08-21T23:03:04.406+0000] {processor.py:161} INFO - Started process (PID=1922) to work on /home/airflow/.local/lib/python3.8/site-packages/airflow/example_dags/tutorial_objectstorage.py
[2026-08-21T23:03:04.408+0000] {processor.py:830} INFO - Processing file /home/airflow/.local/lib/python3.8/site-packages/airflow/example_dags/tutorial_objectstorage.py for tasks to queue
[2026-08-21T23:03:04.411+0000] {logging_mixin.py:188} INFO - [2026-08-21T23:03:04.411+0000] {dagbag.py:540} INFO - Filling up the DagBag from /home/airflow/.local/lib/python3.8/site-packages/airflow/example_dags/tutorial_objectstorage.py
[2026-08-21T23:03:04.426+0000] {processor.py:840} INFO - DAG(s) 'tutorial_objectstorage' retrieved from /home/airflow/.local/lib/python3.8/site-packages/airflow/example_dags/tutorial_objectstorage.py
[2026-08-21T23:03:04.458+0000] {logging_mixin.py:188} INFO - [2026-08-21T23:03:04.458+0000] {dag.py:3047} INFO - Sync 1 DAGs
[2026-08-21T23:03:04.480+0000] {logging_mixin.py:188} INFO - [2026-08-21T23:03:04.479+0000] {dag.py:3834} INFO - Setting next_dagrun for tutorial_objectstorage to None, run_after=None
[2026-08-21T23:03:04.554+0000] {processor.py:183} INFO - Processing /home/airflow/.local/lib/python3.8/site-packages/airflow/example_dags/tutorial_objectstorage.py took 0.152 seconds
[2026-08-21T23:03:34.653+0000] {processor.py:161} INFO - Started process (PID=1979) to work on /home/airflow/.local/lib/python3.8/site-packages/airflow/example_dags/tutorial_objectstorage.py
[2026-08-21T23:03:34.654+0000] {processor.py:830} INFO - Processing file /home/airflow/.local/lib/python3.8/site-packages/airflow/example_dags/tutorial_objectstorage.py for tasks to queue
[2026-08-21T23:03:34.656+0000] {logging_mixin.py:188} INFO - [2026-08-21T23:03:34.656+0000] {dagbag.py:540} INFO - Filling up the DagBag from /home/airflow/.local/lib/python3.8/site-packages/airflow/example_dags/tutorial_objectstorage.py
[2026-08-21T23:03:34.664+0000] {processor.py:840} INFO - DAG(s) 'tutorial_objectstorage' retrieved from /home/airflow/.local/lib/python3.8/site-packages/airflow/example_dags/tutorial_objectstorage.py
[2026-08-21T23:03:34.695+0000] {logging_mixin.py:188} INFO - [2026-08-21T23:03:34.694+0000] {dag.py:3047} INFO - Sync 1 DAGs
[2026-08-21T23:03:34.713+0000] {logging_mixin.py:188} INFO - [2026-08-21T23:03:34.713+0000] {dag.py:3834} INFO - Setting next_dagrun for tutorial_objectstorage to None, run_after=None
[2026-08-21T23:03:34.843+0000] {processor.py:183} INFO - Processing /home/airflow/.local/lib/python3.8/site-packages/airflow/example_dags/tutorial_objectstorage.py took 0.196 seconds
[2026-08-21T23:04:05.258+0000] {processor.py:161} INFO - Started process (PID=2036) to work on /home/airflow/.local/lib/python3.8/site-packages/airflow/example_dags/tutorial_objectstorage.py
[2026-08-21T23:04:05.260+0000] {processor.py:830} INFO - Processing file /home/airflow/.local/lib/python3.8/site-packages/airflow/example_dags/tutorial_objectstorage.py for tasks to queue
[2026-08-21T23:04:05.264+0000] {logging_mixin.py:188} INFO - [2026-08-21T23:04:05.263+0000] {dagbag.py:540} INFO - Filling up the DagBag from /home/airflow/.local/lib/python3.8/site-packages/airflow/example_dags/tutorial_objectstorage.py
[2026-08-21T23:04:05.274+0000] {processor.py:840} INFO - DAG(s) 'tutorial_objectstorage' retrieved from /home/airflow/.local/lib/python3.8/site-packages/airflow/example_dags/tutorial_objectstorage.py
[2026-08-21T23:04:05.304+0000] {logging_mixin.py:188} INFO - [2026-08-21T23:04:05.304+0000] {dag.py:3047} INFO - Sync 1 DAGs
[2026-08-21T23:04:05.321+0000] {logging_mixin.py:188} INFO - [2026-08-21T23:04:05.320+0000] {dag.py:3834} INFO - Setting next_dagrun for tutorial_objectstorage to None, run_after=None
[2026-08-21T23:04:05.352+0000] {processor.py:183} INFO - Processing /home/airflow/.local/lib/python3.8/site-packages/airflow/example_dags/tutorial_objectstorage.py took 0.100 seconds
[2026-08-21T23:04:36.325+0000] {processor.py:161} INFO - Started process (PID=2093) to work on /home/airflow/.local/lib/python3.8/site-packages/airflow/example_dags/tutorial_objectstorage.py
[2026-08-21T23:04:36.327+0000] {processor.py:830} INFO - Processing file /home/airflow/.local/lib/python3.8/site-packages/airflow/example_dags/tutorial_objectstorage.py for tasks to queue
[2026-08-21T23:04:36.330+0000] {logging_mixin.py:188} INFO - [2026-08-21T23:04:36.329+0000] {dagbag.py:540} INFO - Filling up the DagBag from /home/airflow/.local/lib/python3.8/site-packages/airflow/example_dags/tutorial_objectstorage.py
[2026-08-21T23:04:36.341+0000] {processor.py:840} INFO - DAG(s) 'tutorial_objectstorage' retrieved from /home/airflow/.local/lib/python3.8/site-packages/airflow/example_dags/tutorial_objectstorage.py
[2026-08-21T23:04:36.367+0000] {logging_mixin.py:188} INFO - [2026-08-21T23:04:36.367+0000] {dag.py:3047} INFO - Sync 1 DAGs
[2026-08-21T23:04:36.383+0000] {logging_mixin.py:188} INFO - [2026-08-21T23:04:36.383+0000] {dag.py:3834} INFO - Setting next_dagrun for tutorial_objectstorage to None, run_after=None
[2026-08-21T23:04:36.407+0000] {processor.py:183} INFO - Processing /home/airflow/.local/lib/python3.8/site-packages/airflow/example_dags/tutorial_objectstorage.py took 0.086 seconds
[2026-08-21T23:05:06.606+0000] {processor.py:161} INFO - Started process (PID=2150) to work on /home/airflow/.local/lib/python3.8/site-packages/airflow/example_dags/tutorial_objectstorage.py
[2026-08-21T23:05:06.608+0000] {processor.py:830} INFO - Processing file /home/airflow/.local/lib/python3.8/site-packages/airflow/example_dags/tutorial_objectstorage.py for tasks to queue
[2026-08-21T23:05:06.610+0000] {logging_mixin.py:188} INFO - [2026-08-21T23:05:06.610+0000] {dagbag.py:540} INFO - Filling up the DagBag from /home/airflow/.local/lib/python3.8/site-packages/airflow/example_dags/tutorial_objectstorage.py
[2026-08-21T23:05:06.619+0000] {processor.py:840} INFO - DAG(s) 'tutorial_objectstorage' retrieved from /home/airflow/.local/lib/python3.8/site-packages/airflow/example_dags/tutorial_objectstorage.py
[2026-08-21T23:05:06.646+0000] {logging_mixin.py:188} INFO - [2026-08-21T23:05:06.646+0000] {dag.py:3047} INFO - Sync 1 DAGs
[2026-08-21T23:05:06.663+0000] {logging_mixin.py:188} INFO - [2026-08-21T23:05:06.663+0000] {dag.py:3834} INFO - Setting next_dagrun for tutorial_objectstorage to None, run_after=None
[2026-08-21T23:05:06.688+0000] {processor.py:183} INFO - Processing /home/airflow/.local/lib/python3.8/site-packages/airflow/example_dags/tutorial_objectstorage.py took 0.086 seconds
[2026-08-21T23:05:36.846+0000] {processor.py:161} INFO - Started process (PID=2207) to work on /home/airflow/.local/lib/python3.8/site-packages/airflow/example_dags/tutorial_objectstorage.py
[2026-08-21T23:05:36.847+0000] {processor.py:830} INFO - Processing file /home/airflow/.local/lib/python3.8/site-packages/airflow/example_dags/tutorial_objectstorage.py for tasks to queue
[2026-08-21T23:05:36.850+0000] {logging_mixin.py:188} INFO - [2026-08-21T23:05:36.850+0000] {dagbag.py:540} INFO - Filling up the DagBag from /home/airflow/.local/lib/python3.8/site-packages/airflow/example_dags/tutorial_objectstorage.py
[2026-08-21T23:05:36.859+0000] {processor.py:840} INFO - DAG(s) 'tutorial_objectstorage' retrieved from /home/airflow/.local/lib/python3.8/site-packages/airflow/example_dags/tutorial_objectstorage.py
[2026-08-21T23:05:36.883+0000] {logging_mixin.py:188} INFO - [2026-08-21T23:05:36.883+0000] {dag.py:3047} INFO - Sync 1 DAGs
[2026-08-21T23:05:36.898+0000] {logging_mixin.py:188} INFO - [2026-08-21T23:05:36.898+0000] {dag.py:3834} INFO - Setting next_dagrun for tutorial_objectstorage to None, run_after=None
[2026-08-21T23:05:36.921+0000] {processor.py:183} INFO - Processing /home/airflow/.local/lib/python3.8/site-packages/airflow/example_dags/tutorial_objectstorage.py took 0.079 seconds
[2026-08-21T23:06:07.382+0000] {processor.py:161} INFO - Started process (PID=2264) to work on /home/airflow/.local/lib/python3.8/site-packages/airflow/example_dags/tutorial_objectstorage.py
[2026-08-21T23:06:07.384+0000] {processor.py:830} INFO - Processing file /home/airflow/.local/lib/python3.8/site-packages/airflow/example_dags/tutorial_objectstorage.py for tasks to queue
[2026-08-21T23:06:07.387+0000] {logging_mixin.py:188} INFO - [2026-08-21T23:06:07.386+0000] {dagbag.py:540} INFO - Filling up the DagBag from /home/airflow/.local/lib/python3.8/site-packages/airflow/example_dags/tutorial_objectstorage.py
[2026-08-21T23:06:07.395+0000] {processor.py:840} INFO - DAG(s) 'tutorial_objectstorage' retrieved from /home/airflow/.local/lib/python3.8/site-packages/airflow/example_dags/tutorial_objectstorage.py
[2026-08-21T23:06:07.419+0000] {logging_mixin.py:188} INFO - [2026-08-21T23:06:07.419+0000] {dag.py:3047} INFO - Sync 1 DAGs
[2026-08-21T23:06:07.434+0000] {logging_mixin.py:188} INFO - [2026-08-21T23:06:07.433+0000] {dag.py:3834} INFO - Setting next_dagrun for tutorial_objectstorage to None, run_after=None
[2026-08-21T23:06:07.459+0000] {processor.py:183} INFO - Processing /home/airflow/.local/lib/python3.8/site-packages/airflow/example_dags/tutorial_objectstorage.py took 0.080 seconds
[2026-08-21T23:06:38.007+0000] {processor.py:161} INFO - Started process (PID=2321) to work on /home/airflow/.local/lib/python3.8/site-packages/airflow/example_dags/tutorial_objectstorage.py
[2026-08-21T23:06:38.009+0000] {processor.py:830} INFO - Processing file /home/airflow/.local/lib/python3.8/site-packages/airflow/example_dags/tutorial_objectstorage.py for tasks to queue
[2026-08-21T23:06:38.012+0000] {logging_mixin.py:188} INFO - [2026-08-21T23:06:38.012+0000] {dagbag.py:540} INFO - Filling up the DagBag from /home/airflow/.local/lib/python3.8/site-packages/airflow/example_dags/tutorial_objectstorage.py
[2026-08-21T23:06:38.023+0000] {processor.py:840} INFO - DAG(s) 'tutorial_objectstorage' retrieved from /home/airflow/.local/lib/python3.8/site-packages/airflow/example_dags/tutorial_objectstorage.py
[2026-08-21T23:06:38.048+0000] {logging_mixin.py:188} INFO - [2026-08-21T23:06:38.048+0000] {dag.py:3047} INFO - Sync 1 DAGs
[2026-08-21T23:06:38.064+0000] {logging_mixin.py:188} INFO - [2026-08-21T23:06:38.064+0000] {dag.py:3834} INFO - Setting next_dagrun for tutorial_objectstorage to None, run_after=None
[2026-08-21T23:06:38.088+0000] {processor.py:183} INFO - Processing /home/airflow/.local/lib/python3.8/site-packages/airflow/example_dags/tutorial_objectstorage.py took 0.085 seconds
[2026-08-21T23:07:08.300+0000] {processor.py:161} INFO - Started process (PID=2378) to work on /home/airflow/.local/lib/python3.8/site-packages/airflow/example_dags/tutorial_objectstorage.py
[2026-08-21T23:07:08.302+0000] {processor.py:830} INFO - Processing file /home/airflow/.local/lib/python3.8/site-packages/airflow/example_dags/tutorial_objectstorage.py for tasks to queue
[2026-08-21T23:07:08.305+0000] {logging_mixin.py:188} INFO - [2026-08-21T23:07:08.304+0000] {dagbag.py:540} INFO - Filling up the DagBag from /home/airflow/.local/lib/python3.8/site-packages/airflow/example_dags/tutorial_objectstorage.py
[2026-08-21T23:07:08.314+0000] {processor.py:840} INFO - DAG(s) 'tutorial_objectstorage' retrieved from /home/airflow/.local/lib/python3.8/site-packages/airflow/example_dags/tutorial_objectstorage.py
[2026-08-21T23:07:08.339+0000] {logging_mixin.py:188} INFO - [2026-08-21T23:07:08.339+0000] {dag.py:3047} INFO - Sync 1 DAGs
[2026-08-21T23:07:08.352+0000] {logging_mixin.py:188} INFO - [2026-08-21T23:07:08.352+0000] {dag.py:3834} INFO - Setting next_dagrun for tutorial_objectstorage to None, run_after=None
[2026-08-21T23:07:08.373+0000] {processor.py:183} INFO - Processing /home/airflow/.local/lib/python3.8/site-packages/airflow/example_dags/tutorial_objectstorage.py took 0.077 seconds
[2026-08-21T23:07:39.306+0000] {processor.py:161} INFO - Started process (PID=2435) to work on /home/airflow/.local/lib/python3.8/site-packages/airflow/example_dags/tutorial_objectstorage.py
[2026-08-21T23:07:39.308+0000] {processor.py:830} INFO - Processing file /home/airflow/.local/lib/python3.8/site-packages/airflow/example_dags/tutorial_objectstorage.py for tasks to queue
[2026-08-21T23:07:39.313+0000] {logging_mixin.py:188} INFO - [2026-08-21T23:07:39.312+0000] {dagbag.py:540} INFO - Filling up the DagBag from /home/airflow/.local/lib/python3.8/site-packages/airflow/example_dags/tutorial_objectstorage.py
[2026-08-21T23:07:39.329+0000] {processor.py:840} INFO - DAG(s) 'tutorial_objectstorage' retrieved from /home/airflow/.local/lib/python3.8/site-packages/airflow/example_dags/tutorial_objectstorage.py
[2026-08-21T23:07:39.369+0000] {logging_mixin.py:188} INFO - [2026-08-21T23:07:39.369+0000] {dag.py:3047} INFO - Sync 1 DAGs
[2026-08-21T23:07:39.404+0000] {logging_mixin.py:188} INFO - [2026-08-21T23:07:39.404+0000] {dag.py:3834} INFO - Setting next_dagrun for tutorial_objectstorage to None, run_after=None
[2026-08-21T23:07:39.444+0000] {processor.py:183} INFO - Processing /home/airflow/.local/lib/python3.8/site-packages/airflow/example_dags/tutorial_objectstorage.py took 0.148 seconds
