[2026-08-21T22:46:40.383+0000] {processor.py:161} INFO - Started process (PID=58) to work on /home/airflow/.local/lib/python3.8/site-packages/airflow/example_dags/tutorial_dag.py
[2026-08-21T22:46:40.395+0000] {processor.py:830} INFO - Processing file /home/airflow/.local/lib/python3.8/site-packages/airflow/example_dags/tutorial_dag.py for tasks to queue
[2026-08-21T22:46:40.398+0000] {logging_mixin.py:188} INFO - [2026-08-21T22:46:40.398+0000] {dagbag.py:540} INFO - Filling up the DagBag from /home/airflow/.local/lib/python3.8/site-packages/airflow/example_dags/tutorial_dag.py
[2026-08-21T22:46:40.415+0000] {processor.py:840} INFO - DAG(s) 'tutorial_dag' retrieved from /home/airflow/.local/lib/python3.8/site-packages/airflow/example_dags/tutorial_dag.py
[2026-08-21T22:46:40.437+0000] {logging_mixin.py:188} INFO - [2026-08-21T22:46:40.437+0000] {dag.py:3047} INFO - Sync 1 DAGs
[2026-08-21T22:46:40.455+0000] {logging_mixin.py:188} INFO - [2026-08-21T22:46:40.455+0000] {dag.py:3834} INFO - Setting next_dagrun for tutorial_dag to None, run_after=None
[2026-08-21T22:46:40.485+0000] {processor.py:183} INFO - Processing /home/airflow/.local/lib/python3.8/site-packages/airflow/example_dags/tutorial_dag.py took 0.109 seconds
[2026-08-21T22:47:10.901+0000] {processor.py:161} INFO - Started process (PID=114) to work on /home/airflow/.local/lib/python3.8/site-packages/airflow/example_dags/tutorial_dag.py
[2026-08-21T22:47:10.904+0000] {processor.py:830} INFO - Processing file /home/airflow/.local/lib/python3.8/site-packages/airflow/example_dags/tutorial_dag.py for tasks to queue
[2026-08-21T22:47:10.909+0000] {logging_mixin.py:188} INFO - [2026-08-21T22:47:10.908+0000] {dagbag.py:540} INFO - Filling up the DagBag from /home/airflow/.local/lib/python3.8/site-packages/airflow/example_dags/tutorial_dag.py
[2026-08-21T22:47:10.920+0000] {processor.py:840} INFO - DAG(s) 'tutorial_dag' retrieved from /home/airflow/.local/lib/python3.8/site-packages/airflow/example_dags/tutorial_dag.py
[2026-08-21T22:47:11.133+0000] {logging_mixin.py:188} INFO - [2026-08-21T22:47:11.132+0000] {dag.py:3047} INFO - Sync 1 DAGs
[2026-08-21T22:47:11.152+0000] {logging_mixin.py:188} INFO - [2026-08-21T22:47:11.151+0000] {dag.py:3834} INFO - Setting next_dagrun for tutorial_dag to None, run_after=None
[2026-08-21T22:47:11.190+0000] {processor.py:183} INFO - Processing /home/airflow/.local/lib/python3.8/site-packages/airflow/example_dags/tutorial_dag.py took 0.296 seconds
[2026-08-21T22:47:41.249+0000] {processor.py:161} INFO - Started process (PID=171) to work on /home/airflow/.local/lib/python3.8/site-packages/airflow/example_dags/tutorial_dag.py
[2026-08-21T22:47:41.254+0000] {processor.py:830} INFO - Processing file /home/airflow/.local/lib/python3.8/site-packages/airflow/example_dags/tutorial_dag.py for tasks to queue
[2026-08-21T22:47:41.260+0000] {logging_mixin.py:188} INFO - [2026-08-21T22:47:41.259+0000] {dagbag.py:540} INFO - Filling up the DagBag from /home/airflow/.local/lib/python3.8/site-packages/airflow/example_dags/tutorial_dag.py
[2026-08-21T22:47:41.275+0000] {processor.py:840} INFO - DAG(s) 'tutorial_dag' retrieved from /home/airflow/.local/lib/python3.8/site-packages/airflow/example_dags/tutorial_dag.py
[2026-08-21T22:47:41.327+0000] {logging_mixin.py:188} INFO - [2026-08-21T22:47:41.326+0000] {dag.py:3047} INFO - Sync 1 DAGs
[2026-08-21T22:47:41.359+0000] {logging_mixin.py:188} INFO - [2026-08-21T22:47:41.358+0000] {dag.py:3834} INFO - Setting next_dagrun for tutorial_dag to None, run_after=None
[2026-08-21T22:47:41.399+0000] {processor.py:183} INFO - Processing /home/airflow/.local/lib/python3.8/site-packages/airflow/example_dags/tutorial_dag.py took 0.158 seconds
[2026-08-21T22:48:11.559+0000] {processor.py:161} INFO - Started process (PID=228) to work on /home/airflow/.local/lib/python3.8/site-packages/airflow/example_dags/tutorial_dag.py
[2026-08-21T22:48:11.560+0000] {processor.py:830} INFO - Processing file /home/airflow/.local/lib/python3.8/site-packages/airflow/example_dags/tutorial_dag.py for tasks to queue
[2026-08-21T22:48:11.563+0000] {logging_mixin.py:188} INFO - [2026-08-21T22:48:11.563+0000] {dagbag.py:540} INFO - Filling up the DagBag from /home/airflow/.local/lib/python3.8/site-packages/airflow/example_dags/tutorial_dag.py
[2026-08-21T22:48:11.570+0000] {processor.py:840} INFO - DAG(s) 'tutorial_dag' retrieved from /home/airflow/.local/lib/python3.8/site-packages/airflow/example_dags/tutorial_dag.py
[2026-08-21T22:48:11.594+0000] {logging_mixin.py:188} INFO - [2026-08-21T22:48:11.594+0000] {dag.py:3047} INFO - Sync 1 DAGs
[2026-08-21T22:48:11.608+0000] {logging_mixin.py:188} INFO - [2026-08-21T22:48:11.608+0000] {dag.py:3834} INFO - Setting next_dagrun for tutorial_dag to None, run_after=None
[2026-08-21T22:48:11.626+0000] {processor.py:183} INFO - Processing /home/airflow/.local/lib/python3.8/site-packages/airflow/example_dags/tutorial_dag.py took 0.071 seconds
[2026-08-21T22:48:42.166+0000] {processor.py:161} INFO - Started process (PID=285) to work on /home/airflow/.local/lib/python3.8/site-packages/airflow/example_dags/tutorial_dag.py
[2026-08-21T22:48:42.168+0000] {processor.py:830} INFO - Processing file /home/airflow/.local/lib/python3.8/site-packages/airflow/example_dags/tutorial_dag.py for tasks to queue
[2026-08-21T22:48:42.171+0000] {logging_mixin.py:188} INFO - [2026-08-21T22:48:42.171+0000] {dagbag.py:540} INFO - Filling up the DagBag from /home/airflow/.local/lib/python3.8/site-packages/airflow/example_dags/tutorial_dag.py
[2026-08-21T22:48:42.178+0000] {processor.py:840} INFO - DAG(s) 'tutorial_dag' retrieved from /home/airflow/.local/lib/python3.8/site-packages/airflow/example_dags/tutorial_dag.py
[2026-08-21T22:48:42.199+0000] {logging_mixin.py:188} INFO - [2026-08-21T22:48:42.199+0000] {dag.py:3047} INFO - Sync 1 DAGs
[2026-08-21T22:48:42.211+0000] {logging_mixin.py:188} INFO - [2026-08-21T22:48:42.211+0000] {dag.py:3834} INFO - Setting next_dagrun for tutorial_dag to None, run_after=None
[2026-08-21T22:48:42.231+0000] {processor.py:183} INFO - Processing /home/airflow/.local/lib/python3.8/site-packages/airflow/example_dags/tutorial_dag.py took 0.072 seconds
[2026-08-21T22:49:12.525+0000] {processor.py:161} INFO - Started process (PID=348) to work on /home/airflow/.local/lib/python3.8/site-packages/airflow/example_dags/tutorial_dag.py
[2026-08-21T22:49:12.530+0000] {processor.py:830} INFO - Processing file /home/airflow/.local/lib/python3.8/site-packages/airflow/example_dags/tutorial_dag.py for tasks to queue
[2026-08-21T22:49:12.537+0000] {logging_mixin.py:188} INFO - [2026-08-21T22:49:12.535+0000] {dagbag.py:540} INFO - Filling up the DagBag from /home/airflow/.local/lib/python3.8/site-packages/airflow/example_dags/tutorial_dag.py
[2026-08-21T22:49:12.551+0000] {processor.py:840} INFO - DAG(s) 'tutorial_dag' retrieved from /home/airflow/.local/lib/python3.8/site-packages/airflow/example_dags/tutorial_dag.py
[2026-08-21T22:49:12.583+0000] {logging_mixin.py:188} INFO - [2026-08-21T22:49:12.582+0000] {dag.py:3047} INFO - Sync 1 DAGs
[2026-08-21T22:49:12.601+0000] {logging_mixin.py:188} INFO - [2026-08-21T22:49:12.601+0000] {dag.py:3834} INFO - Setting next_dagrun for tutorial_dag to None, run_after=None
[2026-08-21T22:49:12.630+0000] {processor.py:183} INFO - Processing /home/airflow/.local/lib/python3.8/site-packages/airflow/example_dags/tutorial_dag.py took 0.113 seconds
[2026-08-21T22:49:42.824+0000] {processor.py:161} INFO - Started process (PID=405) to work on /home/airflow/.local/lib/python3.8/site-packages/airflow/example_dags/tutorial_dag.py
[2026-08-21T22:49:42.826+0000] {processor.py:830} INFO - Processing file /home/airflow/.local/lib/python3.8/site-packages/airflow/example_dags/tutorial_dag.py for tasks to queue
[2026-08-21T22:49:42.829+0000] {logging_mixin.py:188} INFO - [2026-08-21T22:49:42.829+0000] {dagbag.py:540} INFO - Filling up the DagBag from /home/airflow/.local/lib/python3.8/site-packages/airflow/example_dags/tutorial_dag.py
[2026-08-21T22:49:42.835+0000] {processor.py:840} INFO - DAG(s) 'tutorial_dag' retrieved from /home/airflow/.local/lib/python3.8/site-packages/airflow/example_dags/tutorial_dag.py
[2026-08-21T22:49:42.856+0000] {logging_mixin.py:188} INFO - [2026-08-21T22:49:42.856+0000] {dag.py:3047} INFO - Sync 1 DAGs
[2026-08-21T22:49:42.880+0000] {logging_mixin.py:188} INFO - [2026-08-21T22:49:42.880+0000] {dag.py:3834} INFO - Setting next_dagrun for tutorial_dag to None, run_after=None
[2026-08-21T22:49:42.900+0000] {processor.py:183} INFO - Processing /home/airflow/.local/lib/python3.8/site-packages/airflow/example_dags/tutorial_dag.py took 0.082 seconds
[2026-08-21T22:50:13.233+0000] {processor.py:161} INFO - Started process (PID=462) to work on /home/airflow/.local/lib/python3.8/site-packages/airflow/example_dags/tutorial_dag.py
[2026-08-21T22:50:13.236+0000] {processor.py:830} INFO - Processing file /home/airflow/.local/lib/python3.8/site-packages/airflow/example_dags/tutorial_dag.py for tasks to queue
[2026-08-21T22:50:13.239+0000] {logging_mixin.py:188} INFO - [2026-08-21T22:50:13.238+0000] {dagbag.py:540} INFO - Filling up the DagBag from /home/airflow/.local/lib/python3.8/site-packages/airflow/example_dags/tutorial_dag.py
[2026-08-21T22:50:13.245+0000] {processor.py:840} INFO - DAG(s) 'tutorial_dag' retrieved from /home/airflow/.local/lib/python3.8/site-packages/airflow/example_dags/tutorial_dag.py
[2026-08-21T22:50:13.268+0000] {logging_mixin.py:188} INFO - [2026-08-21T22:50:13.268+0000] {dag.py:3047} INFO - Sync 1 DAGs
[2026-08-21T22:50:13.282+0000] {logging_mixin.py:188} INFO - [2026-08-21T22:50:13.282+0000] {dag.py:3834} INFO - Setting next_dagrun for tutorial_dag to None, run_after=None
[2026-08-21T22:50:13.304+0000] {processor.py:183} INFO - Processing /home/airflow/.local/lib/python3.8/site-packages/airflow/example_dags/tutorial_dag.py took 0.077 seconds
[2026-08-21T22:50:43.465+0000] {processor.py:161} INFO - Started process (PID=519) to work on /home/airflow/.local/lib/python3.8/site-packages/airflow/example_dags/tutorial_dag.py
[2026-08-21T22:50:43.467+0000] {processor.py:830} INFO - Processing file /home/airflow/.local/lib/python3.8/site-packages/airflow/example_dags/tutorial_dag.py for tasks to queue
[2026-08-21T22:50:43.469+0000] {logging_mixin.py:188} INFO - [2026-08-21T22:50:43.469+0000] {dagbag.py:540} INFO - Filling up the DagBag from /home/airflow/.local/lib/python3.8/site-packages/airflow/example_dags/tutorial_dag.py
[2026-08-21T22:50:43.477+0000] {processor.py:840} INFO - DAG(s) 'tutorial_dag' retrieved from /home/airflow/.local/lib/python3.8/site-packages/airflow/example_dags/tutorial_dag.py
[2026-08-21T22:50:43.499+0000] {logging_mixin.py:188} INFO - [2026-08-21T22:50:43.499+0000] {dag.py:3047} INFO - Sync 1 DAGs
[2026-08-21T22:50:43.512+0000] {logging_mixin.py:188} INFO - [2026-08-21T22:50:43.512+0000] {dag.py:3834} INFO - Setting next_dagrun for tutorial_dag to None, run_after=None
[2026-08-21T22:50:43.532+0000] {processor.py:183} INFO - Processing /home/airflow/.local/lib/python3.8/site-packages/airflow/example_dags/tutorial_dag.py took 0.071 seconds
[2026-08-21T22:51:13.675+0000] {processor.py:161} INFO - Started process (PID=576) to work on /home/airflow/.local/lib/python3.8/site-packages/airflow/example_dags/tutorial_dag.py
[2026-08-21T22:51:13.677+0000] {processor.py:830} INFO - Processing file /home/airflow/.local/lib/python3.8/site-packages/airflow/example_dags/tutorial_dag.py for tasks to queue
[2026-08-21T22:51:13.679+0000] {logging_mixin.py:188} INFO - [2026-08-21T22:51:13.679+0000] {dagbag.py:540} INFO - Filling up the DagBag from /home/airflow/.local/lib/python3.8/site-packages/airflow/example_dags/tutorial_dag.py
[2026-08-21T22:51:13.686+0000] {processor.py:840} INFO - DAG(s) 'tutorial_dag' retrieved from /home/airflow/.local/lib/python3.8/site-packages/airflow/example_dags/tutorial_dag.py
[2026-08-21T22:51:13.708+0000] {logging_mixin.py:188} INFO - [2026-08-21T22:51:13.708+0000] {dag.py:3047} INFO - Sync 1 DAGs
[2026-08-21T22:51:13.722+0000] {logging_mixin.py:188} INFO - [2026-08-21T22:51:13.722+0000] {dag.py:3834} INFO - Setting next_dagrun for tutorial_dag to None, run_after=None
[2026-08-21T22:51:13.744+0000] {processor.py:183} INFO - Processing /home/airflow/.local/lib/python3.8/site-packages/airflow/example_dags/tutorial_dag.py took 0.073 seconds
[2026-08-21T22:51:43.915+0000] {processor.py:161} INFO - Started process (PID=633) to work on /home/airflow/.local/lib/python3.8/site-packages/airflow/example_dags/tutorial_dag.py
[2026-08-21T22:51:43.917+0000] {processor.py:830} INFO - Processing file /home/airflow/.local/lib/python3.8/site-packages/airflow/example_dags/tutorial_dag.py for tasks to queue
[2026-08-21T22:51:43.919+0000] {logging_mixin.py:188} INFO - [2026-08-21T22:51:43.919+0000] {dagbag.py:540} INFO - Filling up the DagBag from /home/airflow/.local/lib/python3.8/site-packages/airflow/example_dags/tutorial_dag.py
[2026-08-21T22:51:43.925+0000] {processor.py:840} INFO - DAG(s) 'tutorial_dag' retrieved from /home/airflow/.local/lib/python3.8/site-packages/airflow/example_dags/tutorial_dag.py
[2026-08-21T22:51:43.945+0000] {logging_mixin.py:188} INFO - [2026-08-21T22:51:43.945+0000] {dag.py:3047} INFO - Sync 1 DAGs
[2026-08-21T22:51:43.958+0000] {logging_mixin.py:188} INFO - [2026-08-21T22:51:43.958+0000] {dag.py:3834} INFO - Setting next_dagrun for tutorial_dag to None, run_after=None
[2026-08-21T22:51:43.978+0000] {processor.py:183} INFO - Processing /home/airflow/.local/lib/python3.8/site-packages/airflow/example_dags/tutorial_dag.py took 0.069 seconds
[2026-08-21T22:52:14.464+0000] {processor.py:161} INFO - Started process (PID=690) to work on /home/airflow/.local/lib/python3.8/site-packages/airflow/example_dags/tutorial_dag.py
[2026-08-21T22:52:14.466+0000] {processor.py:830} INFO - Processing file /home/airflow/.local/lib/python3.8/site-packages/airflow/example_dags/tutorial_dag.py for tasks to queue
[2026-08-21T22:52:14.469+0000] {logging_mixin.py:188} INFO - [2026-08-21T22:52:14.469+0000] {dagbag.py:540} INFO - Filling up the DagBag from /home/airflow/.local/lib/python3.8/site-packages/airflow/example_dags/tutorial_dag.py
[2026-08-21T22:52:14.479+0000] {processor.py:840} INFO - DAG(s) 'tutorial_dag' retrieved from /home/airflow/.local/lib/python3.8/site-packages/airflow/example_dags/tutorial_dag.py
[2026-08-21T22:52:14.523+0000] {logging_mixin.py:188} INFO - [2026-08-21T22:52:14.522+0000] {dag.py:3047} INFO - Sync 1 DAGs
[2026-08-21T22:52:14.554+0000] {logging_mixin.py:188} INFO - [2026-08-21T22:52:14.554+0000] {dag.py:3834} INFO - Setting next_dagrun for tutorial_dag to None, run_after=None
[2026-08-21T22:52:14.587+0000] {processor.py:183} INFO - Processing /home/airflow/.local/lib/python3.8/site-packages/airflow/example_dags/tutorial_dag.py took 0.128 seconds
[2026-08-21T22:52:45.267+0000] {processor.py:161} INFO - Started process (PID=747) to work on /home/airflow/.local/lib/python3.8/site-packages/airflow/example_dags/tutorial_dag.py
[2026-08-21T22:52:45.269+0000] {processor.py:830} INFO - Processing file /home/airflow/.local/lib/python3.8/site-packages/airflow/example_dags/tutorial_dag.py for tasks to queue
[2026-08-21T22:52:45.279+0000] {logging_mixin.py:188} INFO - [2026-08-21T22:52:45.278+0000] {dagbag.py:540} INFO - Filling up the DagBag from /home/airflow/.local/lib/python3.8/site-packages/airflow/example_dags/tutorial_dag.py
[2026-08-21T22:52:45.300+0000] {processor.py:840} INFO - DAG(s) 'tutorial_dag' retrieved from /home/airflow/.local/lib/python3.8/site-packages/airflow/example_dags/tutorial_dag.py
[2026-08-21T22:52:45.335+0000] {logging_mixin.py:188} INFO - [2026-08-21T22:52:45.335+0000] {dag.py:3047} INFO - Sync 1 DAGs
[2026-08-21T22:52:45.355+0000] {logging_mixin.py:188} INFO - [2026-08-21T22:52:45.355+0000] {dag.py:3834} INFO - Setting next_dagrun for tutorial_dag to None, run_after=None
[2026-08-21T22:52:45.402+0000] {processor.py:183} INFO - Processing /home/airflow/.local/lib/python3.8/site-packages/airflow/example_dags/tutorial_dag.py took 0.145 seconds
[2026-08-21T22:53:15.520+0000] {processor.py:161} INFO - Started process (PID=804) to work on /home/airflow/.local/lib/python3.8/site-packages/airflow/example_dags/tutorial_dag.py
[2026-08-21T22:53:15.521+0000] {processor.py:830} INFO - Processing file /home/airflow/.local/lib/python3.8/site-packages/airflow/example_dags/tutorial_dag.py for tasks to queue
[2026-08-21T22:53:15.524+0000] {logging_mixin.py:188} INFO - [2026-08-21T22:53:15.524+0000] {dagbag.py:540} INFO - Filling up the DagBag from /home/airflow/.local/lib/python3.8/site-packages/airflow/example_dags/tutorial_dag.py
[2026-08-21T22:53:15.530+0000] {processor.py:840} INFO - DAG(s) 'tutorial_dag' retrieved from /home/airflow/.local/lib/python3.8/site-packages/airflow/example_dags/tutorial_dag.py
[2026-08-21T22:53:15.551+0000] {logging_mixin.py:188} INFO - [2026-08-21T22:53:15.551+0000] {dag.py:3047} INFO - Sync 1 DAGs
[2026-08-21T22:53:15.563+0000] {logging_mixin.py:188} INFO - [2026-08-21T22:53:15.563+0000] {dag.py:3834} INFO - Setting next_dagrun for tutorial_dag to None, run_after=None
[2026-08-21T22:53:15.582+0000] {processor.py:183} INFO - Processing /home/airflow/.local/lib/python3.8/site-packages/airflow/example_dags/tutorial_dag.py took 0.066 seconds
[2026-08-21T22:53:45.834+0000] {processor.py:161} INFO - Started process (PID=861) to work on /home/airflow/.local/lib/python3.8/site-packages/airflow/example_dags/tutorial_dag.py
[2026-08-21T22:53:45.836+0000] {processor.py:830} INFO - Processing file /home/airflow/.local/lib/python3.8/site-packages/airflow/example_dags/tutorial_dag.py for tasks to queue
[2026-08-21T22:53:45.841+0000] {logging_mixin.py:188} INFO - [2026-08-21T22:53:45.840+0000] {dagbag.py:540} INFO - Filling up the DagBag from /home/airflow/.local/lib/python3.8/site-packages/airflow/example_dags/tutorial_dag.py
[2026-08-21T22:53:45.849+0000] {processor.py:840} INFO - DAG(s) 'tutorial_dag' retrieved from /home/airflow/.local/lib/python3.8/site-packages/airflow/example_dags/tutorial_dag.py
[2026-08-21T22:53:45.874+0000] {logging_mixin.py:188} INFO - [2026-08-21T22:53:45.873+0000] {dag.py:3047} INFO - Sync 1 DAGs
[2026-08-21T22:53:45.888+0000] {logging_mixin.py:188} INFO - [2026-08-21T22:53:45.888+0000] {dag.py:3834} INFO - Setting next_dagrun for tutorial_dag to None, run_after=None
[2026-08-21T22:53:45.910+0000] {processor.py:183} INFO - Processing /home/airflow/.local/lib/python3.8/site-packages/airflow/example_dags/tutorial_dag.py took 0.080 seconds
[2026-08-21T22:54:16.065+0000] {processor.py:161} INFO - Started process (PID=918) to work on /home/airflow/.local/lib/python3.8/site-packages/airflow/example_dags/tutorial_dag.py
[2026-08-21T22:54:16.066+0000] {processor.py:830} INFO - Processing file /home/airflow/.local/lib/python3.8/site-packages/airflow/example_dags/tutorial_dag.py for tasks to queue
[2026-08-21T22:54:16.070+0000] {logging_mixin.py:188} INFO - [2026-08-21T22:54:16.069+0000] {dagbag.py:540} INFO - Filling up the DagBag from /home/airflow/.local/lib/python3.8/site-packages/airflow/example_dags/tutorial_dag.py
[2026-08-21T22:54:16.080+0000] {processor.py:840} INFO - DAG(s) 'tutorial_dag' retrieved from /home/airflow/.local/lib/python3.8/site-packages/airflow/example_dags/tutorial_dag.py
[2026-08-21T22:54:16.105+0000] {logging_mixin.py:188} INFO - [2026-08-21T22:54:16.105+0000] {dag.py:3047} INFO - Sync 1 DAGs
[2026-08-21T22:54:16.117+0000] {logging_mixin.py:188} INFO - [2026-08-21T22:54:16.117+0000] {dag.py:3834} INFO - Setting next_dagrun for tutorial_dag to None, run_after=None
[2026-08-21T22:54:16.142+0000] {processor.py:183} INFO - Processing /home/airflow/.local/lib/python3.8/site-packages/airflow/example_dags/tutorial_dag.py took 0.086 seconds
[2026-08-21T22:54:47.123+0000] {processor.py:161} INFO - Started process (PID=975) to work on /home/airflow/.local/lib/python3.8/site-packages/airflow/example_dags/tutorial_dag.py
[2026-08-21T22:54:47.125+0000] {processor.py:830} INFO - Processing file /home/airflow/.local/lib/python3.8/site-packages/airflow/example_dags/tutorial_dag.py for tasks to queue
[2026-08-21T22:54:47.128+0000] {logging_mixin.py:188} INFO - [2026-08-21T22:54:47.127+0000] {dagbag.py:540} INFO - Filling up the DagBag from /home/airflow/.local/lib/python3.8/site-packages/airflow/example_dags/tutorial_dag.py
[2026-08-21T22:54:47.138+0000] {processor.py:840} INFO - DAG(s) 'tutorial_dag' retrieved from /home/airflow/.local/lib/python3.8/site-packages/airflow/example_dags/tutorial_dag.py
[2026-08-21T22:54:47.160+0000] {logging_mixin.py:188} INFO - [2026-08-21T22:54:47.160+0000] {dag.py:3047} INFO - Sync 1 DAGs
[2026-08-21T22:54:47.178+0000] {logging_mixin.py:188} INFO - [2026-08-21T22:54:47.178+0000] {dag.py:3834} INFO - Setting next_dagrun for tutorial_dag to None, run_after=None
[2026-08-21T22:54:47.201+0000] {processor.py:183} INFO - Processing /home/airflow/.local/lib/python3.8/site-packages/airflow/example_dags/tutorial_dag.py took 0.082 seconds
[2026-08-21T22:55:17.571+0000] {processor.py:161} INFO - Started process (PID=1032) to work on /home/airflow/.local/lib/python3.8/site-packages/airflow/example_dags/tutorial_dag.py
[2026-08-21T22:55:17.573+0000] {processor.py:830} INFO - Processing file /home/airflow/.local/lib/python3.8/site-packages/airflow/example_dags/tutorial_dag.py for tasks to queue
[2026-08-21T22:55:17.576+0000] {logging_mixin.py:188} INFO - [2026-08-21T22:55:17.576+0000] {dagbag.py:540} INFO - Filling up the DagBag from /home/airflow/.local/lib/python3.8/site-packages/airflow/example_dags/tutorial_dag.py
[2026-08-21T22:55:17.587+0000] {processor.py:840} INFO - DAG(s) 'tutorial_dag' retrieved from /home/airflow/.local/lib/python3.8/site-packages/airflow/example_dags/tutorial_dag.py
[2026-08-21T22:55:17.610+0000] {logging_mixin.py:188} INFO - [2026-08-21T22:55:17.610+0000] {dag.py:3047} INFO - Sync 1 DAGs
[2026-08-21T22:55:17.625+0000] {logging_mixin.py:188} INFO - [2026-08-21T22:55:17.625+0000] {dag.py:3834} INFO - Setting next_dagrun for tutorial_dag to None, run_after=None
[2026-08-21T22:55:17.650+0000] {processor.py:183} INFO - Processing /home/airflow/.local/lib/python3.8/site-packages/airflow/example_dags/tutorial_dag.py took 0.087 seconds
[2026-08-21T22:55:47.876+0000] {processor.py:161} INFO - Started process (PID=1089) to work on /home/airflow/.local/lib/python3.8/site-packages/airflow/example_dags/tutorial_dag.py
[2026-08-21T22:55:47.879+0000] {processor.py:830} INFO - Processing file /home/airflow/.local/lib/python3.8/site-packages/airflow/example_dags/tutorial_dag.py for tasks to queue
[2026-08-21T22:55:47.882+0000] {logging_mixin.py:188} INFO - [2026-08-21T22:55:47.882+0000] {dagbag.py:540} INFO - Filling up the DagBag from /home/airflow/.local/lib/python3.8/site-packages/airflow/example_dags/tutorial_dag.py
[2026-08-21T22:55:47.888+0000] {processor.py:840} INFO - DAG(s) 'tutorial_dag' retrieved from /home/airflow/.local/lib/python3.8/site-packages/airflow/example_dags/tutorial_dag.py
[2026-08-21T22:55:47.914+0000] {logging_mixin.py:188} INFO - [2026-08-21T22:55:47.914+0000] {dag.py:3047} INFO - Sync 1 DAGs
[2026-08-21T22:55:47.930+0000] {logging_mixin.py:188} INFO - [2026-08-21T22:55:47.929+0000] {dag.py:3834} INFO - Setting next_dagrun for tutorial_dag to None, run_after=None
[2026-08-21T22:55:47.952+0000] {processor.py:183} INFO - Processing /home/airflow/.local/lib/python3.8/site-packages/airflow/example_dags/tutorial_dag.py took 0.081 seconds
[2026-08-21T22:56:18.708+0000] {processor.py:161} INFO - Started process (PID=1146) to work on /home/airflow/.local/lib/python3.8/site-packages/airflow/example_dags/tutorial_dag.py
[2026-08-21T22:56:18.710+0000] {processor.py:830} INFO - Processing file /home/airflow/.local/lib/python3.8/site-packages/airflow/example_dags/tutorial_dag.py for tasks to queue
[2026-08-21T22:56:18.713+0000] {logging_mixin.py:188} INFO - [2026-08-21T22:56:18.713+0000] {dagbag.py:540} INFO - Filling up the DagBag from /home/airflow/.local/lib/python3.8/site-packages/airflow/example_dags/tutorial_dag.py
[2026-08-21T22:56:18.721+0000] {processor.py:840} INFO - DAG(s) 'tutorial_dag' retrieved from /home/airflow/.local/lib/python3.8/site-packages/airflow/example_dags/tutorial_dag.py
[2026-08-21T22:56:18.743+0000] {logging_mixin.py:188} INFO - [2026-08-21T22:56:18.743+0000] {dag.py:3047} INFO - Sync 1 DAGs
[2026-08-21T22:56:18.755+0000] {logging_mixin.py:188} INFO - [2026-08-21T22:56:18.755+0000] {dag.py:3834} INFO - Setting next_dagrun for tutorial_dag to None, run_after=None
[2026-08-21T22:56:18.776+0000] {processor.py:183} INFO - Processing /home/airflow/.local/lib/python3.8/site-packages/airflow/example_dags/tutorial_dag.py took 0.072 seconds
[2026-08-21T22:56:49.366+0000] {processor.py:161} INFO - Started process (PID=1203) to work on /home/airflow/.local/lib/python3.8/site-packages/airflow/example_dags/tutorial_dag.py
[2026-08-21T22:56:49.368+0000] {processor.py:830} INFO - Processing file /home/airflow/.local/lib/python3.8/site-packages/airflow/example_dags/tutorial_dag.py for tasks to queue
[2026-08-21T22:56:49.371+0000] {logging_mixin.py:188} INFO - [2026-08-21T22:56:49.370+0000] {dagbag.py:540} INFO - Filling up the DagBag from /home/airflow/.local/lib/python3.8/site-packages/airflow/example_dags/tutorial_dag.py
[2026-08-21T22:56:49.380+0000] {processor.py:840} INFO - DAG(s) 'tutorial_dag' retrieved from /home/airflow/.local/lib/python3.8/site-packages/airflow/example_dags/tutorial_dag.py
[2026-08-21T22:56:49.402+0000] {logging_mixin.py:188} INFO - [2026-08-21T22:56:49.401+0000] {dag.py:3047} INFO - Sync 1 DAGs
[2026-08-21T22:56:49.416+0000] {logging_mixin.py:188} INFO - [2026-08-21T22:56:49.415+0000] {dag.py:3834} INFO - Setting next_dagrun for tutorial_dag to None, run_after=None
[2026-08-21T22:56:49.436+0000] {processor.py:183} INFO - Processing /home/airflow/.local/lib/python3.8/site-packages/airflow/example_dags/tutorial_dag.py took 0.075 seconds
[2026-08-21T22:57:20.069+0000] {processor.py:161} INFO - Started process (PID=1260) to work on /home/airflow/.local/lib/python3.8/site-packages/airflow/example_dags/tutorial_dag.py
[2026-08-21T22:57:20.071+0000] {processor.py:830} INFO - Processing file /home/airflow/.local/lib/python3.8/site-packages/airflow/example_dags/tutorial_dag.py for tasks to queue
[2026-08-21T22:57:20.076+0000] {logging_mixin.py:188} INFO - [2026-08-21T22:57:20.075+0000] {dagbag.py:540} INFO - Filling up the DagBag from /home/airflow/.local/lib/python3.8/site-packages/airflow/example_dags/tutorial_dag.py
[2026-08-21T22:57:20.083+0000] {processor.py:840} INFO - DAG(s) 'tutorial_dag' retrieved from /home/airflow/.local/lib/python3.8/site-packages/airflow/example_dags/tutorial_dag.py
[2026-08-21T22:57:20.110+0000] {logging_mixin.py:188} INFO - [2026-08-21T22:57:20.109+0000] {dag.py:3047} INFO - Sync 1 DAGs
[2026-08-21T22:57:20.125+0000] {logging_mixin.py:188} INFO - [2026-08-21T22:57:20.125+0000] {dag.py:3834} INFO - Setting next_dagrun for tutorial_dag to None, run_after=None
[2026-08-21T22:57:20.149+0000] {processor.py:183} INFO - Processing /home/airflow/.local/lib/python3.8/site-packages/airflow/example_dags/tutorial_dag.py took 0.084 seconds
[2026-08-21T22:57:50.636+0000] {processor.py:161} INFO - Started process (PID=1317) to work on /home/airflow/.local/lib/python3.8/site-packages/airflow/example_dags/tutorial_dag.py
[2026-08-21T22:57:50.639+0000] {processor.py:830} INFO - Processing file /home/airflow/.local/lib/python3.8/site-packages/airflow/example_dags/tutorial_dag.py for tasks to queue
[2026-08-21T22:57:50.644+0000] {logging_mixin.py:188} INFO - [2026-08-21T22:57:50.643+0000] {dagbag.py:540} INFO - Filling up the DagBag from /home/airflow/.local/lib/python3.8/site-packages/airflow/example_dags/tutorial_dag.py
[2026-08-21T22:57:50.651+0000] {processor.py:840} INFO - DAG(s) 'tutorial_dag' retrieved from /home/airflow/.local/lib/python3.8/site-packages/airflow/example_dags/tutorial_dag.py
[2026-08-21T22:57:50.675+0000] {logging_mixin.py:188} INFO - [2026-08-21T22:57:50.675+0000] {dag.py:3047} INFO - Sync 1 DAGs
[2026-08-21T22:57:50.689+0000] {logging_mixin.py:188} INFO - [2026-08-21T22:57:50.689+0000] {dag.py:3834} INFO - Setting next_dagrun for tutorial_dag to None, run_after=None
[2026-08-21T22:57:50.712+0000] {processor.py:183} INFO - Processing /home/airflow/.local/lib/python3.8/site-packages/airflow/example_dags/tutorial_dag.py took 0.081 seconds
[2026-08-21T22:58:20.903+0000] {processor.py:161} INFO - Started process (PID=1374) to work on /home/airflow/.local/lib/python3.8/site-packages/airflow/example_dags/tutorial_dag.py
[2026-08-21T22:58:20.905+0000] {processor.py:830} INFO - Processing file /home/airflow/.local/lib/python3.8/site-packages/airflow/example_dags/tutorial_dag.py for tasks to queue
[2026-08-21T22:58:20.911+0000] {logging_mixin.py:188} INFO - [2026-08-21T22:58:20.910+0000] {dagbag.py:540} INFO - Filling up the DagBag from /home/airflow/.local/lib/python3.8/site-packages/airflow/example_dags/tutorial_dag.py
[2026-08-21T22:58:20.918+0000] {processor.py:840} INFO - DAG(s) 'tutorial_dag' retrieved from /home/airflow/.local/lib/python3.8/site-packages/airflow/example_dags/tutorial_dag.py
[2026-08-21T22:58:20.942+0000] {logging_mixin.py:188} INFO - [2026-08-21T22:58:20.941+0000] {dag.py:3047} INFO - Sync 1 DAGs
[2026-08-21T22:58:20.955+0000] {logging_mixin.py:188} INFO - [2026-08-21T22:58:20.955+0000] {dag.py:3834} INFO - Setting next_dagrun for tutorial_dag to None, run_after=None
[2026-08-21T22:58:20.976+0000] {processor.py:183} INFO - Processing /home/airflow/.local/lib/python3.8/site-packages/airflow/example_dags/tutorial_dag.py took 0.079 seconds
[2026-08-21T22:58:51.186+0000] {processor.py:161} INFO - Started process (PID=1431) to work on /home/airflow/.local/lib/python3.8/site-packages/airflow/example_dags/tutorial_dag.py
[2026-08-21T22:58:51.188+0000] {processor.py:830} INFO - Processing file /home/airflow/.local/lib/python3.8/site-packages/airflow/example_dags/tutorial_dag.py for tasks to queue
[2026-08-21T22:58:51.191+0000] {logging_mixin.py:188} INFO - [2026-08-21T22:58:51.190+0000] {dagbag.py:540} INFO - Filling up the DagBag from /home/airflow/.local/lib/python3.8/site-packages/airflow/example_dags/tutorial_dag.py
[2026-08-21T22:58:51.197+0000] {processor.py:840} INFO - DAG(s) 'tutorial_dag' retrieved from /home/airflow/.local/lib/python3.8/site-packages/airflow/example_dags/tutorial_dag.py
[2026-08-21T22:58:51.220+0000] {logging_mixin.py:188} INFO - [2026-08-21T22:58:51.220+0000] {dag.py:3047} INFO - Sync 1 DAGs
[2026-08-21T22:58:51.233+0000] {logging_mixin.py:188} INFO - [2026-08-21T22:58:51.232+0000] {dag.py:3834} INFO - Setting next_dagrun for tutorial_dag to None, run_after=None
[2026-08-21T22:58:51.253+0000] {processor.py:183} INFO - Processing /home/airflow/.local/lib/python3.8/site-packages/airflow/example_dags/tutorial_dag.py took 0.071 seconds
[2026-08-21T22:59:21.982+0000] {processor.py:161} INFO - Started process (PID=1488) to work on /home/airflow/.local/lib/python3.8/site-packages/airflow/example_dags/tutorial_dag.py
[2026-08-21T22:59:21.984+0000] {processor.py:830} INFO - Processing file /home/airflow/.local/lib/python3.8/site-packages/airflow/example_dags/tutorial_dag.py for tasks to queue
[2026-08-21T22:59:21.989+0000] {logging_mixin.py:188} INFO - [2026-08-21T22:59:21.989+0000] {dagbag.py:540} INFO - Filling up the DagBag from /home/airflow/.local/lib/python3.8/site-packages/airflow/example_dags/tutorial_dag.py
[2026-08-21T22:59:21.996+0000] {processor.py:840} INFO - DAG(s) 'tutorial_dag' retrieved from /home/airflow/.local/lib/python3.8/site-packages/airflow/example_dags/tutorial_dag.py
[2026-08-21T22:59:22.026+0000] {logging_mixin.py:188} INFO - [2026-08-21T22:59:22.025+0000] {dag.py:3047} INFO - Sync 1 DAGs
[2026-08-21T22:59:22.041+0000] {logging_mixin.py:188} INFO - [2026-08-21T22:59:22.040+0000] {dag.py:3834} INFO - Setting next_dagrun for tutorial_dag to None, run_after=None
[2026-08-21T22:59:22.063+0000] {processor.py:183} INFO - Processing /home/airflow/.local/lib/python3.8/site-packages/airflow/example_dags/tutorial_dag.py took 0.087 seconds
[2026-08-21T22:59:52.421+0000] {processor.py:161} INFO - Started process (PID=1545) to work on /home/airflow/.local/lib/python3.8/site-packages/airflow/example_dags/tutorial_dag.py
[2026-08-21T22:59:52.423+0000] {processor.py:830} INFO - Processing file /home/airflow/.local/lib/python3.8/site-packages/airflow/example_dags/tutorial_dag.py for tasks to queue
[2026-08-21T22:59:52.428+0000] {logging_mixin.py:188} INFO - [2026-08-21T22:59:52.428+0000] {dagbag.py:540} INFO - Filling up the DagBag from /home/airflow/.local/lib/python3.8/site-packages/airflow/example_dags/tutorial_dag.py
[2026-08-21T22:59:52.436+0000] {processor.py:840} INFO - DAG(s) 'tutorial_dag' retrieved from /home/airflow/.local/lib/python3.8/site-packages/airflow/example_dags/tutorial_dag.py
[2026-08-21T22:59:52.461+0000] {logging_mixin.py:188} INFO - [2026-08-21T22:59:52.461+0000] {dag.py:3047} INFO - Sync 1 DAGs
[2026-08-21T22:59:52.474+0000] {logging_mixin.py:188} INFO - [2026-08-21T22:59:52.474+0000] {dag.py:3834} INFO - Setting next_dagrun for tutorial_dag to None, run_after=None
[2026-08-21T22:59:52.496+0000] {processor.py:183} INFO - Processing /home/airflow/.local/lib/python3.8/site-packages/airflow/example_dags/tutorial_dag.py took 0.079 seconds
[2026-08-21T23:00:23.564+0000] {processor.py:161} INFO - Started process (PID=1602) to work on /home/airflow/.local/lib/python3.8/site-packages/airflow/example_dags/tutorial_dag.py
[2026-08-21T23:00:23.565+0000] {processor.py:830} INFO - Processing file /home/airflow/.local/lib/python3.8/site-packages/airflow/example_dags/tutorial_dag.py for tasks to queue
[2026-08-21T23:00:23.569+0000] {logging_mixin.py:188} INFO - [2026-08-21T23:00:23.568+0000] {dagbag.py:540} INFO - Filling up the DagBag from /home/airflow/.local/lib/python3.8/site-packages/airflow/example_dags/tutorial_dag.py
[2026-08-21T23:00:23.577+0000] {processor.py:840} INFO - DAG(s) 'tutorial_dag' retrieved from /home/airflow/.local/lib/python3.8/site-packages/airflow/example_dags/tutorial_dag.py
[2026-08-21T23:00:23.600+0000] {logging_mixin.py:188} INFO - [2026-08-21T23:00:23.600+0000] {dag.py:3047} INFO - Sync 1 DAGs
[2026-08-21T23:00:23.615+0000] {logging_mixin.py:188} INFO - [2026-08-21T23:00:23.615+0000] {dag.py:3834} INFO - Setting next_dagrun for tutorial_dag to None, run_after=None
[2026-08-21T23:00:23.639+0000] {processor.py:183} INFO - Processing /home/airflow/.local/lib/python3.8/site-packages/airflow/example_dags/tutorial_dag.py took 0.082 seconds
[2026-08-21T23:00:53.759+0000] {processor.py:161} INFO - Started process (PID=1659) to work on /home/airflow/.local/lib/python3.8/site-packages/airflow/example_dags/tutorial_dag.py
[2026-08-21T23:00:53.760+0000] {processor.py:830} INFO - Processing file /home/airflow/.local/lib/python3.8/site-packages/airflow/example_dags/tutorial_dag.py for tasks to queue
[2026-08-21T23:00:53.763+0000] {logging_mixin.py:188} INFO - [2026-08-21T23:00:53.763+0000] {dagbag.py:540} INFO - Filling up the DagBag from /home/airflow/.local/lib/python3.8/site-packages/airflow/example_dags/tutorial_dag.py
[2026-08-21T23:00:53.770+0000] {processor.py:840} INFO - DAG(s) 'tutorial_dag' retrieved from /home/airflow/.local/lib/python3.8/site-packages/airflow/example_dags/tutorial_dag.py
[2026-08-21T23:00:53.794+0000] {logging_mixin.py:188} INFO - [2026-08-21T23:00:53.794+0000] {dag.py:3047} INFO - Sync 1 DAGs
[2026-08-21T23:00:53.807+0000] {logging_mixin.py:188} INFO - [2026-08-21T23:00:53.807+0000] {dag.py:3834} INFO - Setting next_dagrun for tutorial_dag to None, run_after=None
[2026-08-21T23:00:53.827+0000] {processor.py:183} INFO - Processing /home/airflow/.local/lib/python3.8/site-packages/airflow/example_dags/tutorial_dag.py took 0.073 seconds
[2026-08-21T23:01:24.593+0000] {processor.py:161} INFO - Started process (PID=1716) to work on /home/airflow/.local/lib/python3.8/site-packages/airflow/example_dags/tutorial_dag.py
[2026-08-21T23:01:24.595+0000] {processor.py:830} INFO - Processing file /home/airflow/.local/lib/python3.8/site-packages/airflow/example_dags/tutorial_dag.py for tasks to queue
[2026-08-21T23:01:24.598+0000] {logging_mixin.py:188} INFO - [2026-08-21T23:01:24.597+0000] {dagbag.py:540} INFO - Filling up the DagBag from /home/airflow/.local/lib/python3.8/site-packages/airflow/example_dags/tutorial_dag.py
[2026-08-21T23:01:24.607+0000] {processor.py:840} INFO - DAG(s) 'tutorial_dag' retrieved from /home/airflow/.local/lib/python3.8/site-packages/airflow/example_dags/tutorial_dag.py
[2026-08-21T23:01:24.632+0000] {logging_mixin.py:188} INFO - [2026-08-21T23:01:24.632+0000] {dag.py:3047} INFO - Sync 1 DAGs
[2026-08-21T23:01:24.647+0000] {logging_mixin.py:188} INFO - [2026-08-21T23:01:24.647+0000] {dag.py:3834} INFO - Setting next_dagrun for tutorial_dag to None, run_after=None
[2026-08-21T23:01:24.674+0000] {processor.py:183} INFO - Processing /home/airflow/.local/lib/python3.8/site-packages/airflow/example_dags/tutorial_dag.py took 0.085 seconds
[2026-08-21T23:01:55.086+0000] {processor.py:161} INFO - Started process (PID=1773) to work on /home/airflow/.local/lib/python3.8/site-packages/airflow/example_dags/tutorial_dag.py
[2026-08-21T23:01:55.088+0000] {processor.py:830} INFO - Processing file /home/airflow/.local/lib/python3.8/site-packages/airflow/example_dags/tutorial_dag.py for tasks to queue
[2026-08-21T23:01:55.094+0000] {logging_mixin.py:188} INFO - [2026-08-21T23:01:55.094+0000] {dagbag.py:540} INFO - Filling up the DagBag from /home/airflow/.local/lib/python3.8/site-packages/airflow/example_dags/tutorial_dag.py
[2026-08-21T23:01:55.104+0000] {processor.py:840} INFO - DAG(s) 'tutorial_dag' retrieved from /home/airflow/.local/lib/python3.8/site-packages/airflow/example_dags/tutorial_dag.py
[2026-08-21T23:01:55.130+0000] {logging_mixin.py:188} INFO - [2026-08-21T23:01:55.129+0000] {dag.py:3047} INFO - Sync 1 DAGs
[2026-08-21T23:01:55.148+0000] {logging_mixin.py:188} INFO - [2026-08-21T23:01:55.147+0000] {dag.py:3834} INFO - Setting next_dagrun for tutorial_dag to None, run_after=None
[2026-08-21T23:01:55.181+0000] {processor.py:183} INFO - Processing /home/airflow/.local/lib/python3.8/site-packages/airflow/example_dags/tutorial_dag.py took 0.102 seconds
[2026-08-21T23:02:25.269+0000] {processor.py:161} INFO - Started process (PID=1830) to work on /home/airflow/.local/lib/python3.8/site-packages/airflow/example_dags/tutorial_dag.py
[2026-08-21T23:02:25.271+0000] {processor.py:830} INFO - Processing file /home/airflow/.local/lib/python3.8/site-packages/airflow/example_dags/tutorial_dag.py for tasks to queue
[2026-08-21T23:02:25.273+0000] {logging_mixin.py:188} INFO - [2026-08-21T23:02:25.273+0000] {dagbag.py:540} INFO - Filling up the DagBag from /home/airflow/.local/lib/python3.8/site-packages/airflow/example_dags/tutorial_dag.py
[2026-08-21T23:02:25.279+0000] {processor.py:840} INFO - DAG(s) 'tutorial_dag' retrieved from /home/airflow/.local/lib/python3.8/site-packages/airflow/example_dags/tutorial_dag.py
[2026-08-21T23:02:25.305+0000] {logging_mixin.py:188} INFO - [2026-08-21T23:02:25.305+0000] {dag.py:3047} INFO - Sync 1 DAGs
[2026-08-21T23:02:25.322+0000] {logging_mixin.py:188} INFO - [2026-08-21T23:02:25.321+0000] {dag.py:3834} INFO - Setting next_dagrun for tutorial_dag to None, run_after=None
[2026-08-21T23:02:25.343+0000] {processor.py:183} INFO - Processing /home/airflow/.local/lib/python3.8/site-packages/airflow/example_dags/tutorial_dag.py took 0.077 seconds
[2026-08-21T23:02:55.654+0000] {processor.py:161} INFO - Started process (PID=1887) to work on /home/airflow/.local/lib/python3.8/site-packages/airflow/example_dags/tutorial_dag.py
[2026-08-21T23:02:55.656+0000] {processor.py:830} INFO - Processing file /home/airflow/.local/lib/python3.8/site-packages/airflow/example_dags/tutorial_dag.py for tasks to queue
[2026-08-21T23:02:55.660+0000] {logging_mixin.py:188} INFO - [2026-08-21T23:02:55.659+0000] {dagbag.py:540} INFO - Filling up the DagBag from /home/airflow/.local/lib/python3.8/site-packages/airflow/example_dags/tutorial_dag.py
[2026-08-21T23:02:55.671+0000] {processor.py:840} INFO - DAG(s) 'tutorial_dag' retrieved from /home/airflow/.local/lib/python3.8/site-packages/airflow/example_dags/tutorial_dag.py
[2026-08-21T23:02:55.703+0000] {logging_mixin.py:188} INFO - [2026-08-21T23:02:55.703+0000] {dag.py:3047} INFO - Sync 1 DAGs
[2026-08-21T23:02:55.718+0000] {logging_mixin.py:188} INFO - [2026-08-21T23:02:55.718+0000] {dag.py:3834} INFO - Setting next_dagrun for tutorial_dag to None, run_after=None
[2026-08-21T23:02:55.746+0000] {processor.py:183} INFO - Processing /home/airflow/.local/lib/python3.8/site-packages/airflow/example_dags/tutorial_dag.py took 0.096 seconds
[2026-08-21T23:03:26.237+0000] {processor.py:161} INFO - Started process (PID=1944) to work on /home/airflow/.local/lib/python3.8/site-packages/airflow/example_dags/tutorial_dag.py
[2026-08-21T23:03:26.239+0000] {processor.py:830} INFO - Processing file /home/airflow/.local/lib/python3.8/site-packages/airflow/example_dags/tutorial_dag.py for tasks to queue
[2026-08-21T23:03:26.242+0000] {logging_mixin.py:188} INFO - [2026-08-21T23:03:26.241+0000] {dagbag.py:540} INFO - Filling up the DagBag from /home/airflow/.local/lib/python3.8/site-packages/airflow/example_dags/tutorial_dag.py
[2026-08-21T23:03:26.248+0000] {processor.py:840} INFO - DAG(s) 'tutorial_dag' retrieved from /home/airflow/.local/lib/python3.8/site-packages/airflow/example_dags/tutorial_dag.py
[2026-08-21T23:03:26.276+0000] {logging_mixin.py:188} INFO - [2026-08-21T23:03:26.276+0000] {dag.py:3047} INFO - Sync 1 DAGs
[2026-08-21T23:03:26.292+0000] {logging_mixin.py:188} INFO - [2026-08-21T23:03:26.292+0000] {dag.py:3834} INFO - Setting next_dagrun for tutorial_dag to None, run_after=None
[2026-08-21T23:03:26.315+0000] {processor.py:183} INFO - Processing /home/airflow/.local/lib/python3.8/site-packages/airflow/example_dags/tutorial_dag.py took 0.083 seconds
[2026-08-21T23:03:56.879+0000] {processor.py:161} INFO - Started process (PID=2001) to work on /home/airflow/.local/lib/python3.8/site-packages/airflow/example_dags/tutorial_dag.py
[2026-08-21T23:03:56.881+0000] {processor.py:830} INFO - Processing file /home/airflow/.local/lib/python3.8/site-packages/airflow/example_dags/tutorial_dag.py for tasks to queue
[2026-08-21T23:03:56.884+0000] {logging_mixin.py:188} INFO - [2026-08-21T23:03:56.883+0000] {dagbag.py:540} INFO - Filling up the DagBag from /home/airflow/.local/lib/python3.8/site-packages/airflow/example_dags/tutorial_dag.py
[2026-08-21T23:03:56.892+0000] {processor.py:840} INFO - DAG(s) 'tutorial_dag' retrieved from /home/airflow/.local/lib/python3.8/site-packages/airflow/example_dags/tutorial_dag.py
[2026-08-21T23:03:56.921+0000] {logging_mixin.py:188} INFO - [2026-08-21T23:03:56.921+0000] {dag.py:3047} INFO - Sync 1 DAGs
[2026-08-21T23:03:56.942+0000] {logging_mixin.py:188} INFO - [2026-08-21T23:03:56.942+0000] {dag.py:3834} INFO - Setting next_dagrun for tutorial_dag to None, run_after=None
[2026-08-21T23:03:56.965+0000] {processor.py:183} INFO - Processing /home/airflow/.local/lib/python3.8/site-packages/airflow/example_dags/tutorial_dag.py took 0.089 seconds
[2026-08-21T23:04:27.402+0000] {processor.py:161} INFO - Started process (PID=2058) to work on /home/airflow/.local/lib/python3.8/site-packages/airflow/example_dags/tutorial_dag.py
[2026-08-21T23:04:27.404+0000] {processor.py:830} INFO - Processing file /home/airflow/.local/lib/python3.8/site-packages/airflow/example_dags/tutorial_dag.py for tasks to queue
[2026-08-21T23:04:27.408+0000] {logging_mixin.py:188} INFO - [2026-08-21T23:04:27.407+0000] {dagbag.py:540} INFO - Filling up the DagBag from /home/airflow/.local/lib/python3.8/site-packages/airflow/example_dags/tutorial_dag.py
[2026-08-21T23:04:27.417+0000] {processor.py:840} INFO - DAG(s) 'tutorial_dag' retrieved from /home/airflow/.local/lib/python3.8/site-packages/airflow/example_dags/tutorial_dag.py
[2026-08-21T23:04:27.452+0000] {logging_mixin.py:188} INFO - [2026-08-21T23:04:27.452+0000] {dag.py:3047} INFO - Sync 1 DAGs
[2026-08-21T23:04:27.469+0000] {logging_mixin.py:188} INFO - [2026-08-21T23:04:27.469+0000] {dag.py:3834} INFO - Setting next_dagrun for tutorial_dag to None, run_after=None
[2026-08-21T23:04:27.500+0000] {processor.py:183} INFO - Processing /home/airflow/.local/lib/python3.8/site-packages/airflow/example_dags/tutorial_dag.py took 0.101 seconds
[2026-08-21T23:04:57.984+0000] {processor.py:161} INFO - Started process (PID=2115) to work on /home/airflow/.local/lib/python3.8/site-packages/airflow/example_dags/tutorial_dag.py
[2026-08-21T23:04:57.990+0000] {processor.py:830} INFO - Processing file /home/airflow/.local/lib/python3.8/site-packages/airflow/example_dags/tutorial_dag.py for tasks to queue
[2026-08-21T23:04:57.998+0000] {logging_mixin.py:188} INFO - [2026-08-21T23:04:57.996+0000] {dagbag.py:540} INFO - Filling up the DagBag from /home/airflow/.local/lib/python3.8/site-packages/airflow/example_dags/tutorial_dag.py
[2026-08-21T23:04:58.016+0000] {processor.py:840} INFO - DAG(s) 'tutorial_dag' retrieved from /home/airflow/.local/lib/python3.8/site-packages/airflow/example_dags/tutorial_dag.py
[2026-08-21T23:04:58.048+0000] {logging_mixin.py:188} INFO - [2026-08-21T23:04:58.047+0000] {dag.py:3047} INFO - Sync 1 DAGs
[2026-08-21T23:04:58.064+0000] {logging_mixin.py:188} INFO - [2026-08-21T23:04:58.064+0000] {dag.py:3834} INFO - Setting next_dagrun for tutorial_dag to None, run_after=None
[2026-08-21T23:04:58.090+0000] {processor.py:183} INFO - Processing /home/airflow/.local/lib/python3.8/site-packages/airflow/example_dags/tutorial_dag.py took 0.113 seconds
[2026-08-21T23:05:28.190+0000] {processor.py:161} INFO - Started process (PID=2172) to work on /home/airflow/.local/lib/python3.8/site-packages/airflow/example_dags/tutorial_dag.py
[2026-08-21T23:05:28.192+0000] {processor.py:830} INFO - Processing file /home/airflow/.local/lib/python3.8/site-packages/airflow/example_dags/tutorial_dag.py for tasks to queue
[2026-08-21T23:05:28.196+0000] {logging_mixin.py:188} INFO - [2026-08-21T23:05:28.195+0000] {dagbag.py:540} INFO - Filling up the DagBag from /home/airflow/.local/lib/python3.8/site-packages/airflow/example_dags/tutorial_dag.py
[2026-08-21T23:05:28.207+0000] {processor.py:840} INFO - DAG(s) 'tutorial_dag' retrieved from /home/airflow/.local/lib/python3.8/site-packages/airflow/example_dags/tutorial_dag.py
[2026-08-21T23:05:28.232+0000] {logging_mixin.py:188} INFO - [2026-08-21T23:05:28.231+0000] {dag.py:3047} INFO - Sync 1 DAGs
[2026-08-21T23:05:28.248+0000] {logging_mixin.py:188} INFO - [2026-08-21T23:05:28.248+0000] {dag.py:3834} INFO - Setting next_dagrun for tutorial_dag to None, run_after=None
[2026-08-21T23:05:28.281+0000] {processor.py:183} INFO - Processing /home/airflow/.local/lib/python3.8/site-packages/airflow/example_dags/tutorial_dag.py took 0.095 seconds
[2026-08-21T23:05:58.562+0000] {processor.py:161} INFO - Started process (PID=2229) to work on /home/airflow/.local/lib/python3.8/site-packages/airflow/example_dags/tutorial_dag.py
[2026-08-21T23:05:58.564+0000] {processor.py:830} INFO - Processing file /home/airflow/.local/lib/python3.8/site-packages/airflow/example_dags/tutorial_dag.py for tasks to queue
[2026-08-21T23:05:58.569+0000] {logging_mixin.py:188} INFO - [2026-08-21T23:05:58.568+0000] {dagbag.py:540} INFO - Filling up the DagBag from /home/airflow/.local/lib/python3.8/site-packages/airflow/example_dags/tutorial_dag.py
[2026-08-21T23:05:58.580+0000] {processor.py:840} INFO - DAG(s) 'tutorial_dag' retrieved from /home/airflow/.local/lib/python3.8/site-packages/airflow/example_dags/tutorial_dag.py
[2026-08-21T23:05:58.609+0000] {logging_mixin.py:188} INFO - [2026-08-21T23:05:58.609+0000] {dag.py:3047} INFO - Sync 1 DAGs
[2026-08-21T23:05:58.626+0000] {logging_mixin.py:188} INFO - [2026-08-21T23:05:58.625+0000] {dag.py:3834} INFO - Setting next_dagrun for tutorial_dag to None, run_after=None
[2026-08-21T23:05:58.653+0000] {processor.py:183} INFO - Processing /home/airflow/.local/lib/python3.8/site-packages/airflow/example_dags/tutorial_dag.py took 0.099 seconds
[2026-08-21T23:06:29.514+0000] {processor.py:161} INFO - Started process (PID=2286) to work on /home/airflow/.local/lib/python3.8/site-packages/airflow/example_dags/tutorial_dag.py
[2026-08-21T23:06:29.516+0000] {processor.py:830} INFO - Processing file /home/airflow/.local/lib/python3.8/site-packages/airflow/example_dags/tutorial_dag.py for tasks to queue
[2026-08-21T23:06:29.518+0000] {logging_mixin.py:188} INFO - [2026-08-21T23:06:29.518+0000] {dagbag.py:540} INFO - Filling up the DagBag from /home/airflow/.local/lib/python3.8/site-packages/airflow/example_dags/tutorial_dag.py
[2026-08-21T23:06:29.525+0000] {processor.py:840} INFO - DAG(s) 'tutorial_dag' retrieved from /home/airflow/.local/lib/python3.8/site-packages/airflow/example_dags/tutorial_dag.py
[2026-08-21T23:06:29.567+0000] {logging_mixin.py:188} INFO - [2026-08-21T23:06:29.566+0000] {dag.py:3047} INFO - Sync 1 DAGs
[2026-08-21T23:06:29.586+0000] {logging_mixin.py:188} INFO - [2026-08-21T23:06:29.585+0000] {dag.py:3834} INFO - Setting next_dagrun for tutorial_dag to None, run_after=None
[2026-08-21T23:06:29.617+0000] {processor.py:183} INFO - Processing /home/airflow/.local/lib/python3.8/site-packages/airflow/example_dags/tutorial_dag.py took 0.115 seconds
[2026-08-21T23:06:59.760+0000] {processor.py:161} INFO - Started process (PID=2343) to work on /home/airflow/.local/lib/python3.8/site-packages/airflow/example_dags/tutorial_dag.py
[2026-08-21T23:06:59.762+0000] {processor.py:830} INFO - Processing file /home/airflow/.local/lib/python3.8/site-packages/airflow/example_dags/tutorial_dag.py for tasks to queue
[2026-08-21T23:06:59.765+0000] {logging_mixin.py:188} INFO - [2026-08-21T23:06:59.765+0000] {dagbag.py:540} INFO - Filling up the DagBag from /home/airflow/.local/lib/python3.8/site-packages/airflow/example_dags/tutorial_dag.py
[2026-08-21T23:06:59.773+0000] {processor.py:840} INFO - DAG(s) 'tutorial_dag' retrieved from /home/airflow/.local/lib/python3.8/site-packages/airflow/example_dags/tutorial_dag.py
[2026-08-21T23:06:59.802+0000] {logging_mixin.py:188} INFO - [2026-08-21T23:06:59.802+0000] {dag.py:3047} INFO - Sync 1 DAGs
[2026-08-21T23:06:59.818+0000] {logging_mixin.py:188} INFO - [2026-08-21T23:06:59.818+0000] {dag.py:3834} INFO - Setting next_dagrun for tutorial_dag to None, run_after=None
[2026-08-21T23:06:59.843+0000] {processor.py:183} INFO - Processing /home/airflow/.local/lib/python3.8/site-packages/airflow/example_dags/tutorial_dag.py took 0.088 seconds
[2026-08-21T23:07:30.334+0000] {processor.py:161} INFO - Started process (PID=2400) to work on /home/airflow/.local/lib/python3.8/site-packages/airflow/example_dags/tutorial_dag.py
[2026-08-21T23:07:30.336+0000] {processor.py:830} INFO - Processing file /home/airflow/.local/lib/python3.8/site-packages/airflow/example_dags/tutorial_dag.py for tasks to queue
[2026-08-21T23:07:30.338+0000] {logging_mixin.py:188} INFO - [2026-08-21T23:07:30.338+0000] {dagbag.py:540} INFO - Filling up the DagBag from /home/airflow/.local/lib/python3.8/site-packages/airflow/example_dags/tutorial_dag.py
[2026-08-21T23:07:30.347+0000] {processor.py:840} INFO - DAG(s) 'tutorial_dag' retrieved from /home/airflow/.local/lib/python3.8/site-packages/airflow/example_dags/tutorial_dag.py
[2026-08-21T23:07:30.372+0000] {logging_mixin.py:188} INFO - [2026-08-21T23:07:30.371+0000] {dag.py:3047} INFO - Sync 1 DAGs
[2026-08-21T23:07:30.388+0000] {logging_mixin.py:188} INFO - [2026-08-21T23:07:30.388+0000] {dag.py:3834} INFO - Setting next_dagrun for tutorial_dag to None, run_after=None
[2026-08-21T23:07:30.416+0000] {processor.py:183} INFO - Processing /home/airflow/.local/lib/python3.8/site-packages/airflow/example_dags/tutorial_dag.py took 0.088 seconds
[2026-08-21T23:08:00.782+0000] {processor.py:161} INFO - Started process (PID=2459) to work on /home/airflow/.local/lib/python3.8/site-packages/airflow/example_dags/tutorial_dag.py
[2026-08-21T23:08:00.784+0000] {processor.py:830} INFO - Processing file /home/airflow/.local/lib/python3.8/site-packages/airflow/example_dags/tutorial_dag.py for tasks to queue
[2026-08-21T23:08:00.786+0000] {logging_mixin.py:188} INFO - [2026-08-21T23:08:00.786+0000] {dagbag.py:540} INFO - Filling up the DagBag from /home/airflow/.local/lib/python3.8/site-packages/airflow/example_dags/tutorial_dag.py
[2026-08-21T23:08:00.794+0000] {processor.py:840} INFO - DAG(s) 'tutorial_dag' retrieved from /home/airflow/.local/lib/python3.8/site-packages/airflow/example_dags/tutorial_dag.py
[2026-08-21T23:08:00.818+0000] {logging_mixin.py:188} INFO - [2026-08-21T23:08:00.818+0000] {dag.py:3047} INFO - Sync 1 DAGs
[2026-08-21T23:08:00.832+0000] {logging_mixin.py:188} INFO - [2026-08-21T23:08:00.832+0000] {dag.py:3834} INFO - Setting next_dagrun for tutorial_dag to None, run_after=None
[2026-08-21T23:08:00.856+0000] {processor.py:183} INFO - Processing /home/airflow/.local/lib/python3.8/site-packages/airflow/example_dags/tutorial_dag.py took 0.078 seconds
