[2026-09-08T13:46:09.098+0000] {taskinstance.py:1979} INFO - Dependencies all met for dep_context=non-requeueable deps ti=<TaskInstance: pipeline_vertex_etl.indice_final_subutilizacao manual__2026-09-08T13:45:55.386511+00:00 [queued]>
[2026-09-08T13:46:09.107+0000] {taskinstance.py:1979} INFO - Dependencies all met for dep_context=requeueable deps ti=<TaskInstance: pipeline_vertex_etl.indice_final_subutilizacao manual__2026-09-08T13:45:55.386511+00:00 [queued]>
[2026-09-08T13:46:09.108+0000] {taskinstance.py:2193} INFO - Starting attempt 1 of 1
[2026-09-08T13:46:09.122+0000] {taskinstance.py:2214} INFO - Executing <Task(PythonOperator): indice_final_subutilizacao> on 2026-09-08 13:45:55.386511+00:00
[2026-09-08T13:46:09.132+0000] {standard_task_runner.py:60} INFO - Started process 99 to run task
[2026-09-08T13:46:09.136+0000] {standard_task_runner.py:87} INFO - Running: ['***', 'tasks', 'run', 'pipeline_vertex_etl', 'indice_final_subutilizacao', 'manual__2026-09-08T13:45:55.386511+00:00', '--job-id', '30', '--raw', '--subdir', 'DAGS_FOLDER/dag_vertex_pipeline.py', '--cfg-path', '/tmp/tmpj6ofoued']
[2026-09-08T13:46:09.138+0000] {standard_task_runner.py:88} INFO - Job 30: Subtask indice_final_subutilizacao
[2026-09-08T13:46:09.195+0000] {task_command.py:423} INFO - Running <TaskInstance: pipeline_vertex_etl.indice_final_subutilizacao manual__2026-09-08T13:45:55.386511+00:00 [running]> on host f08f15b314aa
[2026-09-08T13:46:09.284+0000] {taskinstance.py:2510} INFO - Exporting env vars: AIRFLOW_CTX_DAG_OWNER='equipe_vertex' AIRFLOW_CTX_DAG_ID='pipeline_vertex_etl' AIRFLOW_CTX_TASK_ID='indice_final_subutilizacao' AIRFLOW_CTX_EXECUTION_DATE='2026-09-08T13:45:55.386511+00:00' AIRFLOW_CTX_TRY_NUMBER='1' AIRFLOW_CTX_DAG_RUN_ID='manual__2026-09-08T13:45:55.386511+00:00'
[2026-09-08T13:46:09.287+0000] {logging_mixin.py:188} INFO - Iniciando cálculo do Índice Final de Subutilização (Camada Serving)...
[2026-09-08T13:46:09.327+0000] {logging_mixin.py:188} INFO -   Índice final calculado para 643 municípios.
[2026-09-08T13:46:09.328+0000] {logging_mixin.py:188} INFO -   Top 5 municípios com maior indício de subutilização:
[2026-09-08T13:46:09.335+0000] {logging_mixin.py:188} INFO - nome_municipio  indice_subutilizacao
          LINS              0.580105
       POMPEIA              0.495616
 FERNANDOPOLIS              0.480847
     ITUVERAVA              0.444492
      ORLANDIA              0.425763
[2026-09-08T13:46:09.336+0000] {logging_mixin.py:188} INFO - Cálculo do índice final concluído. Pronto para consumo pelo Dashboard VERTEX.
[2026-09-08T13:46:09.337+0000] {python.py:202} INFO - Done. Returned value was: None
[2026-09-08T13:46:09.346+0000] {taskinstance.py:1149} INFO - Marking task as SUCCESS. dag_id=pipeline_vertex_etl, task_id=indice_final_subutilizacao, execution_date=20260908T134555, start_date=20260908T134609, end_date=20260908T134609
[2026-09-08T13:46:09.391+0000] {local_task_job_runner.py:234} INFO - Task exited with return code 0
[2026-09-08T13:46:09.411+0000] {taskinstance.py:3309} INFO - 0 downstream tasks scheduled from follow-on schedule check
